[
  {
    "matrix": "27I-9A+J",
    "result": {
      "psd": false,
      "rank": null,
      "rank_null_reason": "A negative-direction certificate already falsifies PSD; full rank was not needed.",
      "reason": "NEGATIVE_DIAGONAL_CONGRUENCE_PIVOT",
      "integer_negative_vector": [
        4208779992,
        2198809485,
        398467679,
        1945383217,
        6187662152,
        196265982,
        651893947,
        1209971054,
        0,
        544018980,
        1402346940,
        3417860290,
        2743460580,
        2425426230,
        3375649880,
        -343500300,
        -899015900,
        173991370,
        0,
        1580363000,
        894292830,
        3043675220,
        3308008330,
        4206008410,
        2641333750,
        1414964680,
        1025681060,
        306681860,
        0,
        327184910,
        -1372458310,
        -28432450,
        -1460556830,
        0,
        0,
        0,
        0,
        0,
        0,
        0,
        0,
        0,
        0,
        0,
        0,
        0,
        0,
        0,
        0,
        0,
        0,
        0,
        0,
        2951853760,
        0,
        0,
        0,
        0,
        0
      ],
      "support": [
        0,
        1,
        2,
        3,
        4,
        5,
        6,
        7,
        9,
        10,
        11,
        12,
        13,
        14,
        15,
        16,
        17,
        19,
        20,
        21,
        22,
        23,
        24,
        25,
        26,
        27,
        29,
        30,
        31,
        32,
        53
      ],
      "quadratic_value": -9848219700989013120
    }
  },
  {
    "matrix": "A+4I",
    "result": {
      "psd": false,
      "rank": null,
      "rank_null_reason": "A negative-direction certificate already falsifies PSD; full rank was not needed.",
      "reason": "NEGATIVE_DIAGONAL_CONGRUENCE_PIVOT",
      "integer_negative_vector": [
        14727737249617509,
        2420793699256992,
        -7330039449129495,
        -6448812669817716,
        -1812614714286258,
        11340561223994400,
        1539566919945213,
        -15268257883229724,
        831065623649079,
        -2032245486803267,
        -9108547138226471,
        -15247623670537541,
        2665824977376949,
        -13484676346092005,
        3735040855974587,
        -10258198485042873,
        1411360801461429,
        1306343095716555,
        -8079736102552393,
        4321118029976482,
        7466859093289292,
        754366743045822,
        95833670653372,
        8820257806370728,
        -7714429625877710,
        -388907626425696,
        5526429887845296,
        -3675353491936506,
        0,
        -3058180397208218,
        -6580038503486632,
        4379493588214732,
        -5955716483711258,
        1106026495326580,
        -2495895259046628,
        -3900544747513762,
        -3582387903418236,
        -10514600475549788,
        0,
        1949972103350274,
        -1589938490099168,
        14349130802776976,
        10115588469111998,
        8888540642046916,
        9687589199396978,
        -2282507830552500,
        4653232881051470,
        12322612227270926,
        0,
        0,
        0,
        0,
        0,
        0,
        6393906693823290,
        0,
        0,
        0,
        0
      ],
      "support": [
        0,
        1,
        2,
        3,
        4,
        5,
        6,
        7,
        8,
        9,
        10,
        11,
        12,
        13,
        14,
        15,
        16,
        17,
        18,
        19,
        20,
        21,
        22,
        23,
        24,
        25,
        26,
        27,
        29,
        30,
        31,
        32,
        33,
        34,
        35,
        36,
        37,
        39,
        40,
        41,
        42,
        43,
        44,
        45,
        46,
        47,
        54
      ],
      "quadratic_value": -56489416331670428356400765656470
    }
  }
]
