c --- [ banner ] -------------------------------------------------------------
c 
c CaDiCaL SAT Solver
c Copyright (c) 2016-2023 A. Biere, M. Fleury, N. Froleyks, K. Fazekas, F. Pollitt
c 
c Version 1.9.5 146207318796f094dcded87349a64f0c6927309e
c g++ (Ubuntu 13.3.0-6ubuntu2~24.04.1) 13.3.0 -Wall -Wextra -O3 -DNDEBUG
c Wed Sep 30 06:02:32 JST 2026 Linux ikutoPC 6.6.87.2-microsoft-standard-WSL2 x86_64
c 
c --- [ limit ] --------------------------------------------------------------
c 
c setting conflict limit to 1000000 conflicts (due to '1000000')
c 
c --- [ proof tracing ] ------------------------------------------------------
c 
c opening file to write '/tmp/conway99-seven-profile-rank5_67_profile_0002-Ahq1lf/proof.drat'
c writing non-binary proof trace to '/tmp/conway99-seven-profile-rank5_67_profile_0002-Ahq1lf/proof.drat'
c 
c --- [ parsing input ] ------------------------------------------------------
c 
c reading DIMACS file from '/mnt/c/Users/ikuto/projects/conway-99-graph/acceleration/results/20260930_hadamard_seven_remaining_cnfs/run02/rank5_67_profile_0002/instance.cnf'
c opening file to read '/mnt/c/Users/ikuto/projects/conway-99-graph/acceleration/results/20260930_hadamard_seven_remaining_cnfs/run02/rank5_67_profile_0002/instance.cnf'
c found 'p cnf 9872 170454' header
c parsed 170454 clauses in 0.06 seconds process time
c 
c --- [ options ] ------------------------------------------------------------
c 
c   --binary=false                 (different from default 'true')
c 
c --- [ solving ] ------------------------------------------------------------
c 
c time measured in process time since initialization
c 
c  seconds  reductions  redundant  irredundant
c         MB    restarts       trail      variables
c          level   conflicts       glue        remaining
c 
c *  0.06 17  0 0   0    0    0  0% 0 120522 6945 70%
c {  0.07 18  0 0   0    0    0  0% 0 120522 6945 70%
c i  0.07 19 48 0   3   80   58 57% 5 120522 6944 70%
c i  0.07 19 50 0   3  116   88 57% 4 120522 6943 70%
c i  0.07 19 49 0   3  118   89 57% 4 120522 6942 70%
c i  0.08 19 49 0   5  198  157 56% 5 120522 6941 70%
c i  0.08 19 43 0  10  227  177 56% 5 120522 6940 70%
c i  0.08 19 43 0  10  228  177 56% 5 120522 6939 70%
c i  0.08 19 41 0  10  240  188 55% 4 120522 6938 70%
c -  0.08 19 42 1  13  301  209 55% 5 120134 6938 70%
c i  0.09 19 35 1  35  414  300 56% 5 120134 6936 70%
c i  0.09 19 31 1  35  468  342 56% 5 120134 6935 70%
c i  0.09 19 31 1  35  484  355 56% 5 120134 6934 70%
c i  0.10 19 30 1  36  514  373 56% 5 120134 6933 70%
c i  0.10 19 29 1  41  560  414 56% 5 120134 6932 70%
c i  0.11 19 28 1  53  710  511 57% 5 120134 6931 70%
c i  0.12 19 27 1  60  948  701 56% 5 120134 6930 70%
c -  0.12 24 27 2  60  948  535 56% 5 119838 6930 70%
c i  0.12 24 26 2  61  956  542 56% 5 119838 6929 70%
c i  0.12 24 26 2  61  958  543 56% 5 119838 6928 70%
c 
c  seconds  reductions  redundant  irredundant
c         MB    restarts       trail      variables
c          level   conflicts       glue        remaining
c 
c i  0.12 24 26 2  61  959  543 56% 5 119838 6927 70%
c i  0.12 24 26 2  61  963  546 56% 5 119838 6926 70%
c }  0.13 24 26 2  63 1001  568 56% 5 119838 6926 70%
c [  0.13 24  0 2  63 1001  568  0% 0 119838 6926 70%
c O  0.13 24  1 2  63 1002  568 54% 0 119838 6926 70%
c i  0.13 24  1 2  63 1002  568 54% 0 119838 6925 70%
c i  0.13 24 36 2  63 1105  653 61% 5 119838 6924 70%
c i  0.13 24 29 2  63 1183  721 61% 5 119838 6923 70%
c i  0.13 24 29 2  63 1184  721 61% 5 119838 6922 70%
c i  0.14 24 26 2  63 1225  739 62% 5 119838 6920 70%
c i  0.14 24 25 2  63 1325  824 61% 7 119838 6919 70%
c i  0.14 24 25 2  63 1330  825 61% 6 119838 6918 70%
c i  0.14 24 25 2  63 1331  825 61% 6 119838 6917 70%
c i  0.14 24 25 2  63 1332  825 60% 6 119838 6916 70%
c i  0.14 24 25 2  63 1334  826 60% 6 119838 6915 70%
c i  0.14 24 25 2  63 1338  828 60% 6 119838 6914 70%
c i  0.14 24 24 2  63 1341  829 60% 6 119838 6913 70%
c i  0.18 24 40 2  63 1878 1291 59% 11 119838 6912 70%
c i  0.18 24 39 2  63 1892 1301 58% 11 119838 6911 70%
c -  0.18 25 39 3  63 1921 1109 58% 11 119002 6911 70%
c 
c  seconds  reductions  redundant   irredundant
c         MB    restarts       trail       variables
c          level   conflicts       glue         remaining
c 
c i  0.18 25 39 3  63 1923 1110 58% 11 119002 6910 70%
c i  0.18 25 39 3  63 1924 1110 58% 11 119002 6909 70%
c i  0.18 25 39 3  63 1926 1111 58% 11 119002 6908 70%
c i  0.19 25 36 3  63 2047 1199 58% 10 119002 5833 59%
c ]  0.21 22 35 3  63 2084  589 27% 10 80965 3123 32%
c 0  0.21 22 35 3  63 2084  589 27% 10 80965 3123 32%
c 
c --- [ closing proof ] ------------------------------------------------------
c 
c DRAT proof file '/tmp/conway99-seven-profile-rank5_67_profile_0002-Ahq1lf/proof.drat' closed
c DRAT 13677 added clauses 12.49%
c DRAT 95827 deleted clauses 87.51%
c DRAT 3409763 bytes (3.25 MB)
c 
c --- [ result ] -------------------------------------------------------------
c 
s UNSATISFIABLE
c 
c --- [ run-time profiling ] -------------------------------------------------
c 
c process time taken by individual solving procedures
c (percentage relative to process time for solving)
c 
c         0.14   99.61% search
c         0.08   55.47% stable
c         0.06   45.41% parse
c         0.06   43.27% unstable
c         0.00    0.83% lucky
c         0.00    0.00% simplify
c   =================================
c         0.14   68.51% solve
c 
c last line shows process time for solving
c (percentage relative to total process time)
c 
c --- [ statistics ] ---------------------------------------------------------
c 
c chronological:              1064        51.06 %  of conflicts
c conflicts:                  2084     14797.04    per second
c decisions:                  7084     50298.57    per second
c fixed:                      6749        68.37 %  of all variables
c learned:                    1907        91.51 %  per conflict
c learned_lits:             135605       100.00 %  learned literals
c minimized:                     0         0.00 %  learned literals
c shrunken:                  61489        45.34 %  learned literals
c minishrunken:              15976        11.78 %  learned literals
c otfs:                         17         0.82 %  of conflict
c propagations:            1179667         8.38 M  per second
c reduced:                     144         6.91 %  per conflict
c rephased:                      1      2084.00    interval
c restarts:                     63        33.08    interval
c stabilizing:                   1        51.97 %  of conflicts
c subsumed:                    230         0.19 %  of all clauses
c strengthened:                 17         0.01 %  of all clauses
c trail reuses:                  0         0.00 %  of incremental calls
c 
c seconds are measured in process time for solving
c 
c --- [ resources ] ----------------------------------------------------------
c 
c total process time since initialization:         0.21    seconds
c total real time since initialization:            0.79    seconds
c maximum resident set size of process:           28.75    MB
c 
c --- [ shutting down ] ------------------------------------------------------
c 
c exit 20
