c --- [ banner ] -------------------------------------------------------------
c 
c CaDiCaL SAT Solver
c Copyright (c) 2016-2023 A. Biere, M. Fleury, N. Froleyks, K. Fazekas, F. Pollitt
c 
c Version 1.9.5 146207318796f094dcded87349a64f0c6927309e
c g++ (Ubuntu 13.3.0-6ubuntu2~24.04.1) 13.3.0 -Wall -Wextra -O3 -DNDEBUG
c Wed Sep 30 06:02:32 JST 2026 Linux ikutoPC 6.6.87.2-microsoft-standard-WSL2 x86_64
c 
c --- [ limit ] --------------------------------------------------------------
c 
c setting conflict limit to 1000000 conflicts (due to '1000000')
c 
c --- [ proof tracing ] ------------------------------------------------------
c 
c opening file to write '/tmp/conway99-seven-profile-rank5_153_profile_0007-a1WNwL/proof.drat'
c writing non-binary proof trace to '/tmp/conway99-seven-profile-rank5_153_profile_0007-a1WNwL/proof.drat'
c 
c --- [ parsing input ] ------------------------------------------------------
c 
c reading DIMACS file from '/mnt/c/Users/ikuto/projects/conway-99-graph/acceleration/results/20260930_hadamard_seven_remaining_cnfs/run01/rank5_153_profile_0007/instance.cnf'
c opening file to read '/mnt/c/Users/ikuto/projects/conway-99-graph/acceleration/results/20260930_hadamard_seven_remaining_cnfs/run01/rank5_153_profile_0007/instance.cnf'
c found 'p cnf 9898 171091' header
c parsed 171091 clauses in 0.07 seconds process time
c 
c --- [ options ] ------------------------------------------------------------
c 
c   --binary=false                 (different from default 'true')
c 
c --- [ solving ] ------------------------------------------------------------
c 
c time measured in process time since initialization
c 
c  seconds  reductions  redundant  irredundant
c         MB    restarts       trail      variables
c          level   conflicts       glue        remaining
c 
c *  0.07 18  0 0   0    0    0  0% 0 121274 6983 71%
c {  0.07 18  0 0   0    0    0  0% 0 121274 6983 71%
c i  0.08 19 15 0  10  252  205 54% 5 121274 6982 71%
c i  0.08 19 15 0  10  253  205 54% 5 121274 6981 71%
c -  0.09 19 14 1  10  302  229 54% 5 120970 6981 71%
c i  0.09 19 14 1  13  402  304 55% 5 120970 6980 71%
c i  0.09 19 14 1  14  403  304 55% 5 120970 6979 71%
c i  0.09 19 14 1  14  404  304 55% 5 120970 6978 70%
c i  0.09 19 14 1  14  405  304 55% 5 120970 6977 70%
c i  0.11 19 14 1  38  711  523 55% 5 120970 6976 70%
c i  0.11 19 14 1  40  732  530 54% 5 120970 6975 70%
c i  0.12 19 15 1  55  890  640 55% 5 120970 6974 70%
c i  0.12 19 15 1  55  896  645 55% 5 120970 6973 70%
c -  0.13 24 15 2  55  951  455 55% 5 120597 6973 70%
c i  0.13 24 16 2  65  994  493 54% 5 120597 6972 70%
c }  0.14 24 16 2  67 1001  494 54% 5 120597 6972 70%
c [  0.14 24  0 2  67 1001  494  0% 0 120597 6972 70%
c F  0.14 24  3 2  67 1002  495 64% 3 120597 6972 70%
c i  0.14 24 35 2  67 1043  527 58% 12 120597 6971 70%
c i  0.17 24 38 2  67 1484  874 55% 16 120597 6961 70%
c 
c  seconds  reductions  redundant   irredundant
c         MB    restarts       trail       variables
c          level   conflicts       glue         remaining
c 
c i  0.17 24 38 2  67 1485  874 55% 16 120597 6956 70%
c i  0.17 24 41 2  67 1516  896 55% 17 120597 6955 70%
c -  0.20 26 45 3  67 1927 1129 55% 18 120058 6955 70%
c i  0.21 26 42 3  68 2109 1249 55% 18 120058 6954 70%
c i  0.24 25 46 3  68 2321 1118 35% 19 120012 6953 70%
c ]  0.28 25 66 3  68 3004 1679 32% 28 120012 6953 70%
c {  0.28 25 16 3  68 3004 1679 77% 5 120012 6953 70%
c #  0.28 25 16 3  68 3005 1680 77% 5 120012 6953 70%
c i  0.29 25 18 3  73 3179 1807 71% 5 120012 6952 70%
c i  0.29 25 18 3  73 3185 1812 71% 5 120012 6951 70%
c -  0.30 26 18 4  77 3223 1501 70% 6 119872 6951 70%
c i  0.30 26 18 4  88 3286 1551 68% 6 119872 6950 70%
c i  0.30 26 18 4  89 3347 1597 67% 6 119872 6947 70%
c i  0.31 26 18 4  99 3416 1646 65% 6 119872 6946 70%
c i  0.31 26 20 4 111 3506 1725 63% 6 119872 6911 70%
c i  0.31 26 20 4 129 3622 1780 60% 6 119872 6910 70%
c i  0.31 26 20 4 129 3623 1780 60% 6 119872 6909 70%
c i  0.31 26 20 4 129 3624 1780 60% 6 119872 6897 70%
c i  0.32 26 20 4 139 3714 1855 59% 6 119872 6895 70%
c i  0.33 26 21 4 150 3951 2052 56% 6 119872 6894 70%
c 
c  seconds  reductions  redundant  irredundant
c         MB    restarts       trail      variables
c          level   conflicts       glue        remaining
c 
c i  0.33 26 21 4 157 4040 2121 55% 6 119872 6893 70%
c i  0.34 26 21 4 171 4231 2248 54% 6 119872 6892 70%
c i  0.35 26 21 4 186 4401 2375 53% 6 119872 6891 70%
c i  0.36 26 21 4 190 4544 2463 52% 6 119872 6890 70%
c i  0.36 26 21 4 198 4638 2535 51% 6 119872 6889 70%
c i  0.36 26 21 4 200 4649 2544 51% 6 119872 6888 70%
c i  0.37 26 20 4 204 4753 2605 50% 6 119872 6885 70%
c i  0.37 26 20 4 204 4759 2608 50% 6 119872 6884 70%
c i  0.37 26 20 4 204 4777 2622 50% 6 119872 6883 70%
c -  0.38 24 20 5 204 4841 1703 50% 6 117444 6883 70%
c d  0.39 24 20 5 222 5001 1830 49% 6 117242 6782 69%
c 2  0.40 24 20 5 222 5001 1842 49% 6 117242 6781 69%
c p  0.46 27 20 5 222 5001 95710 49% 6 117242 6721 68%
c d  0.47 28 20 5 222 5001 82183 49% 6 114336 6691 68%
c d  0.48 28 20 5 222 5001 82183 49% 6 114208 6627 67%
c i  0.48 28 20 5 225 5070 82235 49% 6 114208 6626 67%
c i  0.49 28 19 5 241 5267 82381 48% 6 114208 6625 67%
c i  0.50 28 20 5 256 5382 82466 47% 6 114208 6624 67%
c i  0.50 28 20 5 256 5383 82466 47% 6 114208 6619 67%
c i  0.50 28 20 5 256 5384 82466 47% 6 114208 6618 67%
c 
c  seconds  reductions   redundant  irredundant
c         MB    restarts        trail      variables
c          level   conflicts        glue        remaining
c 
c i  0.50 28 19 5 261 5400 82476 47% 6 114208 6613 67%
c i  0.50 28 19 5 267 5455 82505 47% 6 114208 6608 67%
c i  0.50 28 19 5 267 5496 82516 47% 6 114208 6504 66%
c i  0.51 28 19 5 267 5563 82564 46% 6 114208 6503 66%
c i  0.51 28 19 5 267 5570 82568 46% 6 114208 6502 66%
c }  0.51 28 19 5 267 5619 82599 46% 6 114208 5137 52%
c 0  0.51 28 19 5 267 5619 82599 46% 6 114208 5137 52%
c 
c --- [ closing proof ] ------------------------------------------------------
c 
c DRAT proof file '/tmp/conway99-seven-profile-rank5_153_profile_0007-a1WNwL/proof.drat' closed
c DRAT 110088 added clauses 64.15%
c DRAT 61521 deleted clauses 35.85%
c DRAT 5539703 bytes (5.28 MB)
c 
c --- [ result ] -------------------------------------------------------------
c 
s UNSATISFIABLE
c 
c --- [ run-time profiling ] -------------------------------------------------
c 
c process time taken by individual solving procedures
c (percentage relative to process time for solving)
c 
c         0.35   79.22% search
c         0.21   46.91% unstable
c         0.14   31.99% stable
c         0.09   20.51% simplify
c         0.07   15.07% probe
c         0.07   14.97% parse
c         0.01    1.56% ternary
c         0.00    0.30% lucky
c   =================================
c         0.44   86.84% solve
c 
c last line shows process time for solving
c (percentage relative to total process time)
c 
c --- [ statistics ] ---------------------------------------------------------
c 
c chronological:              2434        43.32 %  of conflicts
c conflicts:                  5619     12641.06    per second
c decisions:                 18793     42278.58    per second
c fixed:                      4566        46.13 %  of all variables
c learned:                    5192        92.40 %  per conflict
c learned_lits:             400222       100.00 %  learned literals
c minimized:                     0         0.00 %  learned literals
c shrunken:                 163521        40.86 %  learned literals
c minishrunken:              54085        13.51 %  learned literals
c otfs:                         28         0.50 %  of conflict
c propagations:            4652883        10.47 M  per second
c reduced:                     875        15.57 %  per conflict
c rephased:                      2      2809.50    interval
c restarts:                    267        21.04    interval
c stabilizing:                   1        35.65 %  of conflicts
c substituted:                 195         1.97 %  of all variables
c subsumed:                    927         0.42 %  of all clauses
c strengthened:                 27         0.01 %  of all clauses
c ternary:                      14         0.21 %  of resolved
c trail reuses:                  0         0.00 %  of incremental calls
c weakened:                    390         2.00    average size
c 
c seconds are measured in process time for solving
c 
c --- [ resources ] ----------------------------------------------------------
c 
c total process time since initialization:         0.51    seconds
c total real time since initialization:            1.23    seconds
c maximum resident set size of process:           29.83    MB
c 
c --- [ shutting down ] ------------------------------------------------------
c 
c exit 20
