c --- [ banner ] -------------------------------------------------------------
c 
c CaDiCaL SAT Solver
c Copyright (c) 2016-2023 A. Biere, M. Fleury, N. Froleyks, K. Fazekas, F. Pollitt
c 
c Version 1.9.5 146207318796f094dcded87349a64f0c6927309e
c g++ (Ubuntu 13.3.0-6ubuntu2~24.04.1) 13.3.0 -Wall -Wextra -O3 -DNDEBUG
c Wed Sep 30 06:02:32 JST 2026 Linux ikutoPC 6.6.87.2-microsoft-standard-WSL2 x86_64
c 
c --- [ limit ] --------------------------------------------------------------
c 
c setting conflict limit to 1000000 conflicts (due to '1000000')
c 
c --- [ proof tracing ] ------------------------------------------------------
c 
c opening file to write '/tmp/conway99-exact-eight-0099-c0x9lh/proof.drat'
c writing non-binary proof trace to '/tmp/conway99-exact-eight-0099-c0x9lh/proof.drat'
c 
c --- [ parsing input ] ------------------------------------------------------
c 
c reading DIMACS file from '/mnt/c/Users/ikuto/projects/conway-99-graph/acceleration/results/20260930_exact_eight_next64_cnfs_part03/case_0099/instance.cnf'
c opening file to read '/mnt/c/Users/ikuto/projects/conway-99-graph/acceleration/results/20260930_exact_eight_next64_cnfs_part03/case_0099/instance.cnf'
c found 'p cnf 9748 167416' header
c parsed 167416 clauses in 0.06 seconds process time
c 
c --- [ options ] ------------------------------------------------------------
c 
c   --binary=false                 (different from default 'true')
c 
c --- [ solving ] ------------------------------------------------------------
c 
c time measured in process time since initialization
c 
c  seconds  reductions  redundant  irredundant
c         MB    restarts       trail      variables
c          level   conflicts       glue        remaining
c 
c *  0.06 17  0 0   0    0    0  0% 0 117490 6820 70%
c {  0.06 17  0 0   0    0    0  0% 0 117490 6820 70%
c i  0.06 17 24 0   0   10    6 40% 4 117490 6819 70%
c -  0.07 18 35 1   8  303  211 55% 5 117313 6819 70%
c i  0.08 18 28 1  11  470  343 55% 5 117313 6818 70%
c i  0.08 18 28 1  11  471  343 55% 5 117313 6817 70%
c i  0.09 18 24 1  25  652  459 54% 5 117313 6814 70%
c i  0.09 18 22 1  25  783  572 54% 5 117313 6813 70%
c -  0.11 23 20 2  31  944  494 53% 5 117080 6813 70%
c i  0.11 23 20 2  34  959  505 53% 5 117080 6812 70%
c }  0.11 23 20 2  44 1000  542 53% 5 117080 6812 70%
c [  0.11 23  0 2  44 1000  542  0% 0 117080 6812 70%
c O  0.11 23 19 2  44 1002  544 53% 2 117080 6812 70%
c i  0.11 23 11 2  44 1070  601 58% 5 117080 6811 70%
c i  0.14 23 27 2  44 1618  979 53% 9 117080 5452 56%
c ]  0.14 23 27 2  44 1620  979 53% 9 117080 4736 49%
c 0  0.14 23 27 2  44 1620  979 53% 9 117080 4736 49%
c 
c --- [ closing proof ] ------------------------------------------------------
c 
c DRAT proof file '/tmp/conway99-exact-eight-0099-c0x9lh/proof.drat' closed
c DRAT 7526 added clauses 12.67%
c DRAT 51870 deleted clauses 87.33%
c DRAT 1532191 bytes (1.46 MB)
c 
c --- [ result ] -------------------------------------------------------------
c 
s UNSATISFIABLE
c 
c --- [ run-time profiling ] -------------------------------------------------
c 
c process time taken by individual solving procedures
c (percentage relative to process time for solving)
c 
c         0.08   99.15% search
c         0.06   65.69% parse
c         0.05   62.61% unstable
c         0.03   34.88% stable
c         0.00    1.62% lucky
c         0.00    0.00% simplify
c   =================================
c         0.08   60.08% solve
c 
c last line shows process time for solving
c (percentage relative to total process time)
c 
c --- [ statistics ] ---------------------------------------------------------
c 
c chronological:               752        46.42 %  of conflicts
c conflicts:                  1620     19135.14    per second
c decisions:                  5209     61527.74    per second
c fixed:                      5012        51.42 %  of all variables
c learned:                    1475        91.05 %  per conflict
c learned_lits:              94418       100.00 %  learned literals
c minimized:                     0         0.00 %  learned literals
c shrunken:                  48879        51.77 %  learned literals
c minishrunken:              12669        13.42 %  learned literals
c otfs:                          9         0.56 %  of conflict
c propagations:             840532         9.93 M  per second
c reduced:                      32         1.98 %  per conflict
c rephased:                      1      1620.00    interval
c restarts:                     44        36.82    interval
c stabilizing:                   1        38.27 %  of conflicts
c subsumed:                    298         0.25 %  of all clauses
c strengthened:                  9         0.01 %  of all clauses
c trail reuses:                  0         0.00 %  of incremental calls
c 
c seconds are measured in process time for solving
c 
c --- [ resources ] ----------------------------------------------------------
c 
c total process time since initialization:         0.14    seconds
c total real time since initialization:            0.78    seconds
c maximum resident set size of process:           23.16    MB
c 
c --- [ shutting down ] ------------------------------------------------------
c 
c exit 20
