c --- [ banner ] -------------------------------------------------------------
c 
c CaDiCaL SAT Solver
c Copyright (c) 2016-2023 A. Biere, M. Fleury, N. Froleyks, K. Fazekas, F. Pollitt
c 
c Version 1.9.5 146207318796f094dcded87349a64f0c6927309e
c g++ (Ubuntu 13.3.0-6ubuntu2~24.04.1) 13.3.0 -Wall -Wextra -O3 -DNDEBUG
c Wed Sep 30 06:02:32 JST 2026 Linux ikutoPC 6.6.87.2-microsoft-standard-WSL2 x86_64
c 
c --- [ limit ] --------------------------------------------------------------
c 
c setting conflict limit to 1000000 conflicts (due to '1000000')
c 
c --- [ proof tracing ] ------------------------------------------------------
c 
c opening file to write '/tmp/conway99-seven-profile-rank5_153_profile_0016-CUkqCm/proof.drat'
c writing non-binary proof trace to '/tmp/conway99-seven-profile-rank5_153_profile_0016-CUkqCm/proof.drat'
c 
c --- [ parsing input ] ------------------------------------------------------
c 
c reading DIMACS file from '/mnt/c/Users/ikuto/projects/conway-99-graph/acceleration/results/20260930_hadamard_seven_remaining_cnfs/run01/rank5_153_profile_0016/instance.cnf'
c opening file to read '/mnt/c/Users/ikuto/projects/conway-99-graph/acceleration/results/20260930_hadamard_seven_remaining_cnfs/run01/rank5_153_profile_0016/instance.cnf'
c found 'p cnf 9898 171091' header
c parsed 171091 clauses in 0.06 seconds process time
c 
c --- [ options ] ------------------------------------------------------------
c 
c   --binary=false                 (different from default 'true')
c 
c --- [ solving ] ------------------------------------------------------------
c 
c time measured in process time since initialization
c 
c  seconds  reductions  redundant  irredundant
c         MB    restarts       trail      variables
c          level   conflicts       glue        remaining
c 
c *  0.07 18  0 0   0    0    0  0% 0 121278 6983 71%
c {  0.07 18  0 0   0    0    0  0% 0 121278 6983 71%
c -  0.09 19 26 1   3  300  242 55% 9 121074 6983 71%
c i  0.09 19 24 1   9  406  315 54% 9 121074 6982 71%
c i  0.10 19 21 1   9  501  380 54% 8 121074 6981 71%
c -  0.12 24 24 2  33  952  524 54% 8 120999 6981 71%
c }  0.13 24 23 2  33 1000  565 54% 8 120999 6981 71%
c [  0.13 24  0 2  33 1000  565  0% 0 120999 6981 71%
c O  0.13 24 102 2  33 1005  570 63% 3 120999 6981 71%
c i  0.13 24 27 2  33 1020  576 59% 2 120999 6979 71%
c i  0.15 24 58 2  33 1426  922 53% 17 120999 6978 70%
c i  0.15 24 57 2  33 1517 1002 53% 18 120999 6977 70%
c i  0.16 24 56 2  33 1525 1008 53% 18 120999 6976 70%
c i  0.16 24 56 2  33 1654 1126 53% 17 120999 6975 70%
c -  0.19 25 58 3  33 1928 1191 53% 19 120755 6975 70%
c i  0.19 25 57 3  33 1974 1235 53% 18 120755 6974 70%
c i  0.19 25 56 3  33 1989 1241 53% 18 120755 6973 70%
c ]  0.24 25 40 3  34 3001 2031 51% 15 120755 6973 70%
c {  0.24 25 23 3  34 3001 2031 54% 8 120755 6973 70%
c F  0.25 24 23 3  34 3008 2036 33% 8 120661 6973 70%
c 
c  seconds  reductions  redundant  irredundant
c         MB    restarts       trail      variables
c          level   conflicts       glue        remaining
c 
c i  0.26 24 21 3  34 3154 2158 22% 8 120661 6972 70%
c -  0.27 24 23 4  43 3226 1784 21% 8 120637 6972 70%
c i  0.27 24 22 4  43 3228 1785 21% 8 120637 6971 70%
c i  0.27 24 22 4  59 3314 1843 22% 8 120637 6970 70%
c i  0.28 24 22 4  72 3392 1911 24% 8 120637 6969 70%
c i  0.28 24 21 4  73 3410 1928 24% 8 120637 6968 70%
c i  0.28 24 21 4  73 3444 1946 24% 8 120637 6966 70%
c i  0.28 24 20 4  73 3523 1982 26% 8 120637 6959 70%
c i  0.29 24 21 4  76 3656 2061 27% 8 120637 6958 70%
c i  0.29 24 21 4  84 3685 2089 27% 8 120637 6957 70%
c i  0.29 24 21 4  90 3731 2132 27% 8 120637 6956 70%
c i  0.30 24 22 4  92 3841 2220 28% 8 120637 6930 70%
c i  0.30 24 22 4  92 3850 2228 28% 8 120637 6929 70%
c i  0.30 24 22 4  92 3867 2242 29% 8 120637 6918 70%
c i  0.30 24 22 4  92 3987 2337 29% 8 120637 6847 69%
c i  0.30 24 22 4  93 3996 2344 29% 8 120637 6846 69%
c i  0.30 24 22 4  93 3997 2344 29% 8 120637 6845 69%
c i  0.30 24 22 4  93 3998 2344 29% 8 120637 6816 69%
c i  0.30 24 22 4  93 3999 2344 29% 8 120637 6797 69%
c i  0.31 24 21 4  93 4050 2371 29% 8 120637 5514 56%
c 
c  seconds  reductions  redundant  irredundant
c         MB    restarts       trail      variables
c          level   conflicts       glue        remaining
c 
c i  0.31 24 21 4  93 4061 2379 29% 8 120637 5513 56%
c i  0.31 24 21 4  93 4073 2388 29% 8 120637 5511 56%
c i  0.31 24 21 4  93 4080 2393 29% 8 120637 5463 55%
c i  0.31 24 21 4  93 4081 2393 29% 8 120637 5462 55%
c i  0.31 24 21 4  93 4082 2393 29% 8 120637 5461 55%
c i  0.31 24 21 4  93 4083 2393 29% 8 120637 5460 55%
c i  0.31 24 21 4  93 4084 2393 29% 8 120637 5459 55%
c i  0.31 24 21 4  93 4085 2393 29% 8 120637 5458 55%
c i  0.31 24 21 4  93 4086 2393 29% 8 120637 5457 55%
c i  0.31 24 21 4  93 4087 2393 29% 8 120637 5456 55%
c i  0.31 24 21 4  93 4088 2393 29% 8 120637 5455 55%
c }  0.31 24 21 4  93 4093 2393 30% 8 120637 4382 44%
c 0  0.31 24 21 4  93 4093 2393 30% 8 120637 4382 44%
c 
c --- [ closing proof ] ------------------------------------------------------
c 
c DRAT proof file '/tmp/conway99-seven-profile-rank5_153_profile_0016-CUkqCm/proof.drat' closed
c DRAT 10414 added clauses 16.43%
c DRAT 52958 deleted clauses 83.57%
c DRAT 2282211 bytes (2.18 MB)
c 
c --- [ result ] -------------------------------------------------------------
c 
s UNSATISFIABLE
c 
c --- [ run-time profiling ] -------------------------------------------------
c 
c process time taken by individual solving procedures
c (percentage relative to process time for solving)
c 
c         0.24   99.68% search
c         0.12   51.43% unstable
c         0.12   47.78% stable
c         0.06   26.77% parse
c         0.00    0.45% lucky
c         0.00    0.00% simplify
c   =================================
c         0.24   78.67% solve
c 
c last line shows process time for solving
c (percentage relative to total process time)
c 
c --- [ statistics ] ---------------------------------------------------------
c 
c chronological:              1833        44.78 %  of conflicts
c conflicts:                  4093     16906.10    per second
c decisions:                 13427     55460.10    per second
c fixed:                      5516        55.73 %  of all variables
c learned:                    3743        91.45 %  per conflict
c learned_lits:             275994       100.00 %  learned literals
c minimized:                     0         0.00 %  learned literals
c shrunken:                  99077        35.90 %  learned literals
c minishrunken:              43728        15.84 %  learned literals
c otfs:                         23         0.56 %  of conflict
c propagations:            2509721        10.37 M  per second
c reduced:                     660        16.13 %  per conflict
c rephased:                      2      2046.50    interval
c restarts:                     93        44.01    interval
c stabilizing:                   1        48.89 %  of conflicts
c subsumed:                    556         0.44 %  of all clauses
c strengthened:                 23         0.02 %  of all clauses
c trail reuses:                  0         0.00 %  of incremental calls
c 
c seconds are measured in process time for solving
c 
c --- [ resources ] ----------------------------------------------------------
c 
c total process time since initialization:         0.31    seconds
c total real time since initialization:            0.96    seconds
c maximum resident set size of process:           29.18    MB
c 
c --- [ shutting down ] ------------------------------------------------------
c 
c exit 20
