c --- [ banner ] -------------------------------------------------------------
c 
c CaDiCaL SAT Solver
c Copyright (c) 2016-2023 A. Biere, M. Fleury, N. Froleyks, K. Fazekas, F. Pollitt
c 
c Version 1.9.5 146207318796f094dcded87349a64f0c6927309e
c g++ (Ubuntu 13.3.0-6ubuntu2~24.04.1) 13.3.0 -Wall -Wextra -O3 -DNDEBUG
c Wed Sep 30 06:02:32 JST 2026 Linux ikutoPC 6.6.87.2-microsoft-standard-WSL2 x86_64
c 
c --- [ limit ] --------------------------------------------------------------
c 
c setting conflict limit to 1000000 conflicts (due to '1000000')
c 
c --- [ proof tracing ] ------------------------------------------------------
c 
c opening file to write '/tmp/conway99-exact-eight-0012-KFGvvJ/proof.drat'
c writing non-binary proof trace to '/tmp/conway99-exact-eight-0012-KFGvvJ/proof.drat'
c 
c --- [ parsing input ] ------------------------------------------------------
c 
c reading DIMACS file from '/mnt/c/Users/ikuto/projects/conway-99-graph/acceleration/results/20260930_exact_eight_next32_cnfs/case_0012/instance.cnf'
c opening file to read '/mnt/c/Users/ikuto/projects/conway-99-graph/acceleration/results/20260930_exact_eight_next32_cnfs/case_0012/instance.cnf'
c found 'p cnf 9748 167416' header
c parsed 167416 clauses in 0.06 seconds process time
c 
c --- [ options ] ------------------------------------------------------------
c 
c   --binary=false                 (different from default 'true')
c 
c --- [ solving ] ------------------------------------------------------------
c 
c time measured in process time since initialization
c 
c  seconds  reductions  redundant  irredundant
c         MB    restarts       trail      variables
c          level   conflicts       glue        remaining
c 
c *  0.06 17  0 0   0    0    0  0% 0 117460 6820 70%
c {  0.06 17  0 0   0    0    0  0% 0 117460 6820 70%
c -  0.08 18 26 1  18  300  188 54% 6 117340 6820 70%
c i  0.08 18 24 1  18  338  202 54% 6 117340 6819 70%
c i  0.08 18 23 1  22  453  289 55% 6 117340 6818 70%
c i  0.08 18 22 1  22  507  338 55% 6 117340 6817 70%
c i  0.09 18 22 1  31  632  408 54% 6 117340 6816 70%
c i  0.10 18 20 1  42  922  588 55% 6 117340 6815 70%
c -  0.11 23 20 2  42  943  245 55% 6 117099 6815 70%
c }  0.11 23 20 2  44 1000  294 54% 6 117099 6815 70%
c [  0.11 23  0 2  44 1000  294  0% 0 117099 6815 70%
c O  0.11 23  8 2  44 1012  300 50% 4 117099 6815 70%
c i  0.11 23  8 2  44 1012  300 50% 4 117099 6814 70%
c i  0.11 23 11 2  44 1015  302 49% 5 117099 6732 69%
c i  0.11 23 13 2  44 1023  307 46% 8 117099 6680 69%
c i  0.12 23 15 2  44 1113  385 54% 7 117099 6649 68%
c -  0.16 23 36 3  44 1911  996 54% 13 109857 6637 68%
c i  0.16 23 34 3  44 2051 1107 54% 12 109857 5776 59%
c ]  0.18 22 33 3  44 2063  233 21% 12 84562 4418 45%
c 0  0.18 22 33 3  44 2063  233 21% 12 84562 4418 45%
c 
c --- [ closing proof ] ------------------------------------------------------
c 
c DRAT proof file '/tmp/conway99-exact-eight-0012-KFGvvJ/proof.drat' closed
c DRAT 11558 added clauses 11.51%
c DRAT 88848 deleted clauses 88.49%
c DRAT 2966395 bytes (2.83 MB)
c 
c --- [ result ] -------------------------------------------------------------
c 
s UNSATISFIABLE
c 
c --- [ run-time profiling ] -------------------------------------------------
c 
c process time taken by individual solving procedures
c (percentage relative to process time for solving)
c 
c         0.12   99.49% search
c         0.06   52.86% stable
c         0.06   49.85% parse
c         0.05   45.96% unstable
c         0.00    0.61% lucky
c         0.00    0.00% simplify
c   =================================
c         0.12   66.48% solve
c 
c last line shows process time for solving
c (percentage relative to total process time)
c 
c --- [ statistics ] ---------------------------------------------------------
c 
c chronological:              1001        48.52 %  of conflicts
c conflicts:                  2063     17584.38    per second
c decisions:                  6017     51287.08    per second
c fixed:                      5330        54.68 %  of all variables
c learned:                    1870        90.64 %  per conflict
c learned_lits:             116407       100.00 %  learned literals
c minimized:                     0         0.00 %  learned literals
c shrunken:                  43193        37.11 %  learned literals
c minishrunken:              19176        16.47 %  learned literals
c otfs:                         10         0.48 %  of conflict
c propagations:             981760         8.37 M  per second
c reduced:                     110         5.33 %  per conflict
c rephased:                      1      2063.00    interval
c restarts:                     44        46.89    interval
c stabilizing:                   1        51.53 %  of conflicts
c subsumed:                    304         0.25 %  of all clauses
c strengthened:                 10         0.01 %  of all clauses
c trail reuses:                  0         0.00 %  of incremental calls
c 
c seconds are measured in process time for solving
c 
c --- [ resources ] ----------------------------------------------------------
c 
c total process time since initialization:         0.18    seconds
c total real time since initialization:            0.90    seconds
c maximum resident set size of process:           27.28    MB
c 
c --- [ shutting down ] ------------------------------------------------------
c 
c exit 20
