c --- [ banner ] -------------------------------------------------------------
c 
c CaDiCaL SAT Solver
c Copyright (c) 2016-2023 A. Biere, M. Fleury, N. Froleyks, K. Fazekas, F. Pollitt
c 
c Version 1.9.5 146207318796f094dcded87349a64f0c6927309e
c g++ (Ubuntu 13.3.0-6ubuntu2~24.04.1) 13.3.0 -Wall -Wextra -O3 -DNDEBUG
c Wed Sep 30 06:02:32 JST 2026 Linux ikutoPC 6.6.87.2-microsoft-standard-WSL2 x86_64
c 
c --- [ limit ] --------------------------------------------------------------
c 
c setting conflict limit to 1000000 conflicts (due to '1000000')
c 
c --- [ proof tracing ] ------------------------------------------------------
c 
c opening file to write '/tmp/conway99-exact-eight-0017-8DapVK/proof.drat'
c writing non-binary proof trace to '/tmp/conway99-exact-eight-0017-8DapVK/proof.drat'
c 
c --- [ parsing input ] ------------------------------------------------------
c 
c reading DIMACS file from '/mnt/c/Users/ikuto/projects/conway-99-graph/acceleration/results/20260930_exact_eight_next32_cnfs/case_0017/instance.cnf'
c opening file to read '/mnt/c/Users/ikuto/projects/conway-99-graph/acceleration/results/20260930_exact_eight_next32_cnfs/case_0017/instance.cnf'
c found 'p cnf 9748 167416' header
c parsed 167416 clauses in 0.06 seconds process time
c 
c --- [ options ] ------------------------------------------------------------
c 
c   --binary=false                 (different from default 'true')
c 
c --- [ solving ] ------------------------------------------------------------
c 
c time measured in process time since initialization
c 
c  seconds  reductions  redundant  irredundant
c         MB    restarts       trail      variables
c          level   conflicts       glue        remaining
c 
c *  0.06 17  0 0   0    0    0  0% 0 117492 6820 70%
c {  0.06 18  0 0   0    0    0  0% 0 117492 6820 70%
c -  0.08 19 21 1  11  300  218 54% 5 117414 6820 70%
c i  0.08 19 20 1  11  314  222 54% 5 117414 6819 70%
c i  0.08 19 17 1  13  453  301 54% 5 117414 6818 70%
c i  0.08 19 17 1  15  461  307 54% 5 117414 6746 69%
c i  0.09 19 17 1  15  469  314 54% 5 117414 6745 69%
c i  0.09 19 18 1  15  470  314 54% 5 117414 6744 69%
c i  0.09 19 18 1  15  471  314 54% 5 117414 6743 69%
c i  0.09 19 18 1  15  472  314 54% 5 117414 6742 69%
c i  0.09 19 18 1  15  473  314 54% 5 117414 6741 69%
c i  0.09 19 18 1  15  474  314 54% 5 117414 6740 69%
c i  0.09 19 18 1  15  475  314 54% 5 117414 6739 69%
c i  0.09 19 18 1  15  476  314 54% 5 117414 6738 69%
c i  0.09 19 18 1  15  477  314 54% 5 117414 6736 69%
c i  0.09 19 18 1  15  495  324 54% 5 117414 6735 69%
c i  0.09 19 18 1  15  497  325 54% 5 117414 6734 69%
c i  0.09 19 18 1  15  498  325 54% 5 117414 6733 69%
c i  0.09 19 19 1  15  506  330 54% 5 117414 6732 69%
c i  0.09 19 19 1  15  507  330 54% 5 117414 6731 69%
c 
c  seconds  reductions  redundant  irredundant
c         MB    restarts       trail      variables
c          level   conflicts       glue        remaining
c 
c i  0.09 19 19 1  15  510  332 54% 5 117414 6730 69%
c i  0.09 19 22 1  16  574  386 54% 5 117414 6729 69%
c i  0.09 19 23 1  17  593  387 54% 5 117414 6727 69%
c i  0.09 19 22 1  30  638  417 54% 5 117414 6726 69%
c i  0.09 19 22 1  30  639  417 54% 5 117414 6725 69%
c i  0.09 19 22 1  30  642  419 54% 5 117414 6723 69%
c i  0.10 19 20 1  45  793  544 54% 5 117414 6721 69%
c i  0.10 19 20 1  45  794  544 54% 5 117414 6651 68%
c i  0.10 19 20 1  50  828  573 54% 5 117414 6585 68%
c i  0.11 19 20 1  74  940  657 54% 5 117414 6584 68%
c i  0.11 19 20 1  74  941  657 54% 5 117414 6583 68%
c -  0.12 23 20 2  74  941  398 54% 5 107530 6583 68%
c }  0.12 23 20 2  74 1000  442 54% 5 107530 6583 68%
c [  0.12 23  0 2  74 1000  442  0% 0 107530 6583 68%
c O  0.12 23 11 2  74 1003  445 69% 3 107530 6583 68%
c i  0.12 23 10 2  74 1007  447 61% 5 107530 6582 68%
c i  0.12 23  8 2  74 1010  447 58% 5 107530 6539 67%
c i  0.12 23  5 2  74 1018  453 60% 3 107530 6526 67%
c i  0.12 23  5 2  74 1031  458 60% 3 107530 6524 67%
c i  0.13 23  7 2  74 1121  520 56% 4 107530 6111 63%
c 
c  seconds  reductions  redundant  irredundant
c         MB    restarts       trail      variables
c          level   conflicts       glue        remaining
c 
c i  0.13 23  7 2  74 1125  522 55% 4 107530 6110 63%
c i  0.13 23  7 2  74 1126  522 55% 4 107530 6109 63%
c i  0.13 23  7 2  74 1127  522 55% 4 107530 6108 63%
c i  0.13 23  7 2  74 1132  526 55% 4 107530 6104 63%
c i  0.13 23  7 2  74 1134  526 55% 4 107530 4944 51%
c ]  0.13 23  7 2  74 1154  541 57% 4 107530 4917 50%
c 0  0.13 23  7 2  74 1154  541 57% 4 107530 4917 50%
c 
c --- [ closing proof ] ------------------------------------------------------
c 
c DRAT proof file '/tmp/conway99-exact-eight-0017-8DapVK/proof.drat' closed
c DRAT 7907 added clauses 11.24%
c DRAT 62420 deleted clauses 88.76%
c DRAT 1861787 bytes (1.78 MB)
c 
c --- [ result ] -------------------------------------------------------------
c 
s UNSATISFIABLE
c 
c --- [ run-time profiling ] -------------------------------------------------
c 
c process time taken by individual solving procedures
c (percentage relative to process time for solving)
c 
c         0.07   99.05% search
c         0.06   88.31% unstable
c         0.06   87.29% parse
c         0.01    9.99% stable
c         0.00    0.70% lucky
c         0.00    0.00% simplify
c   =================================
c         0.07   53.16% solve
c 
c last line shows process time for solving
c (percentage relative to total process time)
c 
c --- [ statistics ] ---------------------------------------------------------
c 
c chronological:               549        47.57 %  of conflicts
c conflicts:                  1154     16882.45    per second
c decisions:                  4685     68539.24    per second
c fixed:                      4831        49.56 %  of all variables
c learned:                    1015        87.95 %  per conflict
c learned_lits:              61971       100.00 %  learned literals
c minimized:                     0         0.00 %  learned literals
c shrunken:                  35496        57.28 %  learned literals
c minishrunken:               5397         8.71 %  learned literals
c otfs:                          7         0.61 %  of conflict
c propagations:             627182         9.18 M  per second
c reduced:                      12         1.04 %  per conflict
c rephased:                      1      1154.00    interval
c restarts:                     74        15.59    interval
c stabilizing:                   1        13.34 %  of conflicts
c subsumed:                    175         0.15 %  of all clauses
c strengthened:                  7         0.01 %  of all clauses
c trail reuses:                  0         0.00 %  of incremental calls
c 
c seconds are measured in process time for solving
c 
c --- [ resources ] ----------------------------------------------------------
c 
c total process time since initialization:         0.13    seconds
c total real time since initialization:            0.84    seconds
c maximum resident set size of process:           23.48    MB
c 
c --- [ shutting down ] ------------------------------------------------------
c 
c exit 20
