c --- [ banner ] -------------------------------------------------------------
c 
c CaDiCaL SAT Solver
c Copyright (c) 2016-2023 A. Biere, M. Fleury, N. Froleyks, K. Fazekas, F. Pollitt
c 
c Version 1.9.5 146207318796f094dcded87349a64f0c6927309e
c g++ (Ubuntu 13.3.0-6ubuntu2~24.04.1) 13.3.0 -Wall -Wextra -O3 -DNDEBUG
c Wed Sep 30 06:02:32 JST 2026 Linux ikutoPC 6.6.87.2-microsoft-standard-WSL2 x86_64
c 
c --- [ limit ] --------------------------------------------------------------
c 
c setting conflict limit to 1000000 conflicts (due to '1000000')
c 
c --- [ proof tracing ] ------------------------------------------------------
c 
c opening file to write '/tmp/conway99-seven-profile-rank5_64_profile_0007-ChbPZO/proof.drat'
c writing non-binary proof trace to '/tmp/conway99-seven-profile-rank5_64_profile_0007-ChbPZO/proof.drat'
c 
c --- [ parsing input ] ------------------------------------------------------
c 
c reading DIMACS file from '/mnt/c/Users/ikuto/projects/conway-99-graph/acceleration/results/20260930_hadamard_seven_remaining_cnfs/run02/rank5_64_profile_0007/instance.cnf'
c opening file to read '/mnt/c/Users/ikuto/projects/conway-99-graph/acceleration/results/20260930_hadamard_seven_remaining_cnfs/run02/rank5_64_profile_0007/instance.cnf'
c found 'p cnf 9872 170454' header
c parsed 170454 clauses in 0.06 seconds process time
c 
c --- [ options ] ------------------------------------------------------------
c 
c   --binary=false                 (different from default 'true')
c 
c --- [ solving ] ------------------------------------------------------------
c 
c time measured in process time since initialization
c 
c  seconds  reductions  redundant  irredundant
c         MB    restarts       trail      variables
c          level   conflicts       glue        remaining
c 
c *  0.06 17  0 0   0    0    0  0% 0 120550 6945 70%
c {  0.07 18  0 0   0    0    0  0% 0 120550 6945 70%
c i  0.07 18  3 0   0    9    6 35% 2 120550 6944 70%
c i  0.07 18  3 0   0   10    6 35% 2 120550 6943 70%
c i  0.07 18 12 0   1   19   14 43% 4 120550 6871 70%
c i  0.07 18 16 0   5   73   60 51% 5 120550 6870 70%
c i  0.07 18 19 0  13  144  119 54% 6 120550 6773 69%
c -  0.09 19 16 1  24  300  232 55% 6 112827 6773 69%
c i  0.09 19 18 1  29  465  356 54% 5 112827 6772 69%
c i  0.10 19 16 1  29  595  427 54% 5 112827 6771 69%
c i  0.10 19 16 1  33  727  517 54% 5 112827 6770 69%
c i  0.11 19 16 1  34  796  571 54% 5 112827 6769 69%
c i  0.11 19 16 1  35  804  573 54% 5 112827 6696 68%
c i  0.11 19 17 1  37  840  603 54% 5 112827 6695 68%
c i  0.11 19 17 1  37  846  608 54% 5 112827 6622 67%
c i  0.11 19 17 1  37  848  609 54% 5 112827 6621 67%
c i  0.11 19 17 1  37  851  611 54% 5 112827 6620 67%
c i  0.11 19 17 1  37  855  614 54% 5 112827 6619 67%
c i  0.11 19 16 1  37  860  618 54% 5 112827 6618 67%
c i  0.11 19 16 1  37  885  634 54% 5 112827 6576 67%
c 
c  seconds  reductions  redundant  irredundant
c         MB    restarts       trail      variables
c          level   conflicts       glue        remaining
c 
c -  0.12 23 17 2  39  932  416 53% 5 104322 6563 66%
c i  0.12 23 17 2  42  966  438 54% 5 104322 6562 66%
c i  0.12 23 16 2  42  989  457 54% 5 104322 6560 66%
c i  0.12 23 16 2  42  990  457 54% 5 104322 6525 66%
c }  0.12 23 17 2  42 1000  464 54% 5 104322 6525 66%
c [  0.12 23  0 2  42 1000  464  0% 0 104322 6525 66%
c O  0.12 23 67 2  42 1002  466 62% 5 104322 6525 66%
c i  0.13 23 11 2  42 1048  499 57% 5 104322 6524 66%
c i  0.13 23 11 2  42 1091  526 57% 6 104322 6523 66%
c i  0.13 23 10 2  42 1182  573 57% 5 104322 6522 66%
c i  0.14 23 45 2  42 1401  747 55% 17 104322 6521 66%
c -  0.17 23 39 3  42 1848  886 54% 14 103528 6521 66%
c i  0.17 23 37 3  42 1904  926 55% 13 103528 5243 53%
c ]  0.17 23 37 3  42 1906  926 54% 13 103528 5234 53%
c 0  0.17 23 37 3  42 1906  926 54% 13 103528 5234 53%
c 
c --- [ closing proof ] ------------------------------------------------------
c 
c DRAT proof file '/tmp/conway99-seven-profile-rank5_64_profile_0007-ChbPZO/proof.drat' closed
c DRAT 9605 added clauses 11.92%
c DRAT 70966 deleted clauses 88.08%
c DRAT 2459917 bytes (2.35 MB)
c 
c --- [ result ] -------------------------------------------------------------
c 
s UNSATISFIABLE
c 
c --- [ run-time profiling ] -------------------------------------------------
c 
c process time taken by individual solving procedures
c (percentage relative to process time for solving)
c 
c         0.11   99.30% search
c         0.06   58.97% parse
c         0.06   52.90% unstable
c         0.05   45.27% stable
c         0.00    1.12% lucky
c         0.00    0.00% simplify
c   =================================
c         0.11   62.62% solve
c 
c last line shows process time for solving
c (percentage relative to total process time)
c 
c --- [ statistics ] ---------------------------------------------------------
c 
c chronological:               864        45.33 %  of conflicts
c conflicts:                  1906     17584.81    per second
c decisions:                  6598     60873.34    per second
c fixed:                      4638        46.98 %  of all variables
c learned:                    1764        92.55 %  per conflict
c learned_lits:             100420       100.00 %  learned literals
c minimized:                     0         0.00 %  learned literals
c shrunken:                  43567        43.38 %  learned literals
c minishrunken:              10877        10.83 %  learned literals
c otfs:                         14         0.73 %  of conflict
c propagations:            1017409         9.39 M  per second
c reduced:                     128         6.72 %  per conflict
c rephased:                      1      1906.00    interval
c restarts:                     42        45.38    interval
c stabilizing:                   1        47.53 %  of conflicts
c subsumed:                    325         0.27 %  of all clauses
c strengthened:                 14         0.01 %  of all clauses
c trail reuses:                  0         0.00 %  of incremental calls
c 
c seconds are measured in process time for solving
c 
c --- [ resources ] ----------------------------------------------------------
c 
c total process time since initialization:         0.17    seconds
c total real time since initialization:            0.83    seconds
c maximum resident set size of process:           26.48    MB
c 
c --- [ shutting down ] ------------------------------------------------------
c 
c exit 20
