c --- [ banner ] -------------------------------------------------------------
c 
c CaDiCaL SAT Solver
c Copyright (c) 2016-2023 A. Biere, M. Fleury, N. Froleyks, K. Fazekas, F. Pollitt
c 
c Version 1.9.5 146207318796f094dcded87349a64f0c6927309e
c g++ (Ubuntu 13.3.0-6ubuntu2~24.04.1) 13.3.0 -Wall -Wextra -O3 -DNDEBUG
c Wed Sep 30 06:02:32 JST 2026 Linux ikutoPC 6.6.87.2-microsoft-standard-WSL2 x86_64
c 
c --- [ limit ] --------------------------------------------------------------
c 
c setting conflict limit to 1000000 conflicts (due to '1000000')
c 
c --- [ proof tracing ] ------------------------------------------------------
c 
c opening file to write '/tmp/conway99-exact-eight-0140-2pImP1/proof.drat'
c writing non-binary proof trace to '/tmp/conway99-exact-eight-0140-2pImP1/proof.drat'
c 
c --- [ parsing input ] ------------------------------------------------------
c 
c reading DIMACS file from '/mnt/c/Users/ikuto/projects/conway-99-graph/acceleration/results/20261001_exact_eight_prefix64_batch02_cnfs_part01/case_0140/instance.cnf'
c opening file to read '/mnt/c/Users/ikuto/projects/conway-99-graph/acceleration/results/20261001_exact_eight_prefix64_batch02_cnfs_part01/case_0140/instance.cnf'
c found 'p cnf 9748 167416' header
c parsed 167416 clauses in 0.06 seconds process time
c 
c --- [ options ] ------------------------------------------------------------
c 
c   --binary=false                 (different from default 'true')
c 
c --- [ solving ] ------------------------------------------------------------
c 
c time measured in process time since initialization
c 
c  seconds  reductions  redundant  irredundant
c         MB    restarts       trail      variables
c          level   conflicts       glue        remaining
c 
c *  0.06 17  0 0   0    0    0  0% 0 117460 6820 70%
c {  0.06 18  0 0   0    0    0  0% 0 117460 6820 70%
c i  0.06 19 49 0   7  134  113 52% 8 117460 6819 70%
c i  0.06 19 49 0   7  135  113 52% 8 117460 6818 70%
c -  0.07 19 33 1  15  307  252 54% 8 117236 6818 70%
c i  0.08 19 32 1  17  381  311 54% 8 117236 6817 70%
c i  0.08 19 31 1  17  411  330 54% 8 117236 6816 70%
c i  0.09 19 26 1  17  534  428 54% 7 117236 6815 70%
c i  0.09 19 24 1  26  709  557 54% 8 117236 6814 70%
c -  0.11 24 25 2  35  950  699 55% 7 117048 6814 70%
c }  0.12 24 25 2  35 1001  743 55% 7 117048 6814 70%
c [  0.12 24  0 2  35 1001  743  0% 0 117048 6814 70%
c O  0.12 24  2 2  35 1002  744 68% 2 117048 6814 70%
c i  0.12 24 40 2  35 1015  747 56% 2 117048 6812 70%
c i  0.13 24 152 2  35 1140  850 60% 51 117048 6811 70%
c i  0.13 24 153 2  35 1216  913 60% 50 117048 6809 70%
c i  0.14 24 145 2  35 1361 1025 59% 60 117048 6808 70%
c -  0.17 24 145 3  35 1912 1284 58% 55 116856 6808 70%
c i  0.20 24 138 3  36 2443 1719 58% 55 116856 6807 70%
c ]  0.23 24 131 3  36 3003 2167 58% 52 116856 6807 70%
c 
c  seconds  reductions  redundant  irredundant
c         MB    restarts       trail      variables
c          level   conflicts       glue        remaining
c 
c {  0.23 24 25 3  36 3003 2167 55% 7 116856 6807 70%
c F  0.24 24 25 3  36 3004 2168 47% 7 116809 6807 70%
c i  0.24 24 24 3  36 3096 2221 38% 7 116809 6806 70%
c i  0.25 24 24 3  46 3168 2279 36% 7 116809 6716 69%
c -  0.25 23 23 4  52 3194 1576 37% 7 112992 6716 69%
c i  0.27 23 26 4  77 3466 1801 37% 7 112992 6715 69%
c i  0.28 23 25 4  81 3751 2030 37% 7 112992 6714 69%
c i  0.28 23 25 4  86 3788 2050 37% 7 112992 6713 69%
c i  0.28 23 25 4  87 3790 2051 37% 7 112992 6712 69%
c i  0.28 23 25 4  87 3799 2048 37% 7 112992 6711 69%
c i  0.28 23 25 4  87 3815 2063 37% 7 112992 6710 69%
c i  0.28 23 25 4  92 3855 2089 36% 7 112992 6709 69%
c i  0.28 23 25 4  94 3865 2096 36% 7 112992 6708 69%
c i  0.28 23 25 4  94 3866 2096 36% 7 112992 6706 69%
c i  0.28 23 25 4  94 3882 2107 36% 7 112992 6704 69%
c i  0.28 23 25 4  94 3884 2108 36% 7 112992 6703 69%
c i  0.29 23 24 4  94 4001 2169 36% 7 112992 6702 69%
c i  0.29 23 24 4  94 4053 2212 36% 7 112992 6701 69%
c i  0.29 23 24 4  97 4083 2237 35% 7 112992 6698 69%
c i  0.30 23 24 4 119 4209 2341 35% 7 112992 6697 69%
c 
c  seconds  reductions  redundant  irredundant
c         MB    restarts       trail      variables
c          level   conflicts       glue        remaining
c 
c i  0.30 23 24 4 119 4243 2363 35% 7 112992 6696 69%
c i  0.30 23 24 4 120 4285 2388 35% 7 112992 6695 69%
c i  0.31 23 23 4 125 4454 2491 35% 7 112992 6694 69%
c i  0.31 23 23 4 125 4459 2494 35% 7 112992 6693 69%
c i  0.31 23 23 4 125 4461 2495 35% 7 112992 6686 69%
c i  0.31 23 23 4 125 4529 2536 35% 7 112992 6685 69%
c i  0.31 23 23 4 125 4530 2536 35% 7 112992 6684 69%
c i  0.31 23 23 4 125 4533 2538 35% 7 112992 6683 69%
c i  0.31 23 23 4 125 4537 2541 34% 7 112992 6682 69%
c i  0.31 23 23 4 125 4541 2543 34% 7 112992 6681 69%
c i  0.31 23 23 4 125 4548 2547 34% 7 112992 6680 69%
c i  0.31 23 23 4 126 4550 2548 34% 7 112992 6679 69%
c i  0.31 23 23 4 126 4551 2548 34% 7 112992 6678 69%
c i  0.31 23 23 4 127 4552 2548 34% 7 112992 6677 68%
c i  0.31 23 23 4 128 4560 2554 34% 7 112992 6676 68%
c i  0.31 23 23 4 128 4564 2554 34% 7 112992 6675 68%
c i  0.31 23 23 4 128 4565 2554 34% 7 112992 6674 68%
c -  0.33 27 23 5 143 4776 1634 35% 7 111195 6674 68%
c d  0.34 27 23 5 160 5001 1767 34% 7 110879 6516 67%
c 2  0.35 27 23 5 160 5001 1768 34% 7 110879 6514 67%
c 
c  seconds  reductions   redundant  irredundant
c         MB    restarts        trail      variables
c          level   conflicts        glue        remaining
c 
c p  0.41 28 23 5 160 5001 84806 34% 7 110879 6333 65%
c d  0.42 28 23 5 160 5001 75571 34% 7 102861 6315 65%
c d  0.42 28 23 5 160 5001 75568 34% 7 102525 6147 63%
c i  0.43 28 23 5 192 5192 75707 34% 7 102525 6146 63%
c i  0.44 28 23 5 217 5331 75819 34% 7 102525 6145 63%
c i  0.45 28 23 5 243 5540 75993 34% 7 102525 6144 63%
c i  0.45 28 23 5 244 5544 75996 34% 7 102525 6117 63%
c i  0.45 28 23 5 246 5578 76015 34% 7 102525 6087 62%
c i  0.46 28 23 5 262 5734 76110 34% 7 102525 6086 62%
c #  0.48 28 23 5 274 6006 76320 35% 7 102525 6086 62%
c i  0.48 28 23 5 282 6095 76380 35% 7 102525 6084 62%
c i  0.48 28 23 5 282 6096 76380 35% 7 102525 6083 62%
c i  0.48 28 23 5 282 6097 76380 35% 7 102525 6082 62%
c i  0.49 28 22 5 317 6336 76561 34% 7 102525 6078 62%
c i  0.49 28 22 5 317 6339 76563 34% 7 102525 6077 62%
c i  0.50 28 23 5 338 6588 76703 34% 8 102525 6075 62%
c i  0.50 28 22 5 338 6589 76703 34% 8 102525 6074 62%
c i  0.50 28 23 5 338 6596 76709 34% 8 102525 6073 62%
c i  0.50 28 23 5 338 6603 76713 34% 8 102525 6072 62%
c i  0.50 28 23 5 338 6604 76713 34% 8 102525 6071 62%
c 
c  seconds  reductions   redundant  irredundant
c         MB    restarts        trail      variables
c          level   conflicts        glue        remaining
c 
c i  0.50 28 23 5 338 6605 76713 34% 8 102525 6070 62%
c -  0.52 32 23 6 346 6658 8396 34% 8 99586 6070 62%
c i  0.52 32 22 6 346 6675 8404 34% 8 99586 6037 62%
c i  0.52 32 22 6 346 6676 8404 34% 8 99586 6036 62%
c i  0.52 32 22 6 346 6680 8407 34% 8 99586 6035 62%
c i  0.52 32 22 6 347 6690 8412 34% 8 99586 6034 62%
c i  0.52 32 22 6 348 6691 8412 34% 8 99586 6033 62%
c i  0.52 32 22 6 348 6692 8412 34% 8 99586 6032 62%
c i  0.52 32 22 6 348 6693 8412 34% 8 99586 6031 62%
c i  0.52 32 22 6 349 6694 8412 34% 8 99586 6030 62%
c i  0.52 32 22 6 349 6695 8412 34% 8 99586 6029 62%
c i  0.52 32 22 6 349 6696 8412 34% 8 99586 6028 62%
c i  0.52 32 22 6 349 6699 8413 34% 8 99586 6027 62%
c i  0.52 32 22 6 349 6700 8413 34% 8 99586 6026 62%
c i  0.52 32 22 6 349 6703 8415 34% 8 99586 6025 62%
c i  0.52 32 22 6 349 6704 8415 34% 8 99586 6024 62%
c i  0.52 32 22 6 349 6708 8412 34% 8 99586 6023 62%
c i  0.52 32 22 6 349 6709 8412 34% 8 99586 6022 62%
c i  0.52 32 22 6 349 6710 8412 34% 8 99586 6021 62%
c i  0.52 32 22 6 349 6711 8412 34% 8 99586 6020 62%
c 
c  seconds  reductions  redundant  irredundant
c         MB    restarts       trail     variables
c          level   conflicts       glue       remaining
c 
c i  0.52 32 22 6 349 6712 8412 34% 8 99586 6019 62%
c i  0.52 32 22 6 349 6715 8413 34% 8 99586 6018 62%
c i  0.52 32 22 6 349 6716 8413 34% 8 99586 6017 62%
c i  0.52 32 22 6 349 6717 8413 34% 8 99586 6016 62%
c i  0.52 32 22 6 349 6718 8413 34% 8 99586 6014 62%
c i  0.52 32 22 6 349 6719 8413 34% 8 99586 6013 62%
c i  0.52 32 22 6 349 6720 8413 34% 8 99586 6012 62%
c i  0.52 32 22 6 349 6722 8414 34% 8 99586 6011 62%
c i  0.52 32 22 6 349 6726 8416 34% 8 99586 6010 62%
c i  0.52 32 22 6 349 6727 8416 34% 8 99586 6009 62%
c i  0.52 32 22 6 349 6728 8416 34% 8 99586 6008 62%
c i  0.52 32 22 6 349 6729 8416 34% 8 99586 6007 62%
c i  0.52 32 22 6 349 6732 8416 34% 8 99586 6006 62%
c i  0.52 32 22 6 349 6740 8420 34% 8 99586 6003 62%
c }  0.53 32 22 6 349 6829 8461 34% 8 99586 4586 47%
c 0  0.53 32 22 6 349 6829 8461 34% 8 99586 4586 47%
c 
c --- [ closing proof ] ------------------------------------------------------
c 
c DRAT proof file '/tmp/conway99-exact-eight-0140-2pImP1/proof.drat' closed
c DRAT 102667 added clauses 39.50%
c DRAT 157217 deleted clauses 60.50%
c DRAT 7167271 bytes (6.84 MB)
c 
c --- [ result ] -------------------------------------------------------------
c 
s UNSATISFIABLE
c 
c --- [ run-time profiling ] -------------------------------------------------
c 
c process time taken by individual solving procedures
c (percentage relative to process time for solving)
c 
c         0.38   81.54% search
c         0.27   57.89% unstable
c         0.11   23.32% stable
c         0.09   18.32% simplify
c         0.06   13.42% probe
c         0.06   11.90% parse
c         0.01    1.43% ternary
c         0.00    0.32% lucky
c   =================================
c         0.47   89.25% solve
c 
c last line shows process time for solving
c (percentage relative to total process time)
c 
c --- [ statistics ] ---------------------------------------------------------
c 
c chronological:              3031        44.38 %  of conflicts
c conflicts:                  6829     14541.64    per second
c decisions:                 24381     51916.77    per second
c fixed:                      4818        49.43 %  of all variables
c learned:                    6371        93.29 %  per conflict
c learned_lits:             493364       100.00 %  learned literals
c minimized:                     0         0.00 %  learned literals
c shrunken:                 250545        50.78 %  learned literals
c minishrunken:              28645         5.81 %  learned literals
c otfs:                         25         0.37 %  of conflict
c propagations:            4597299         9.79 M  per second
c reduced:                    2018        29.55 %  per conflict
c rephased:                      3      2276.33    interval
c restarts:                    349        19.57    interval
c stabilizing:                   1        29.32 %  of conflicts
c substituted:                 344         3.53 %  of all variables
c subsumed:                   1193         0.57 %  of all clauses
c strengthened:                 24         0.01 %  of all clauses
c ternary:                       1         0.01 %  of resolved
c trail reuses:                  0         0.00 %  of incremental calls
c weakened:                    688         2.00    average size
c 
c seconds are measured in process time for solving
c 
c --- [ resources ] ----------------------------------------------------------
c 
c total process time since initialization:         0.53    seconds
c total real time since initialization:            1.13    seconds
c maximum resident set size of process:           31.99    MB
c 
c --- [ shutting down ] ------------------------------------------------------
c 
c exit 20
