c --- [ banner ] -------------------------------------------------------------
c 
c CaDiCaL SAT Solver
c Copyright (c) 2016-2023 A. Biere, M. Fleury, N. Froleyks, K. Fazekas, F. Pollitt
c 
c Version 1.9.5 146207318796f094dcded87349a64f0c6927309e
c g++ (Ubuntu 13.3.0-6ubuntu2~24.04.1) 13.3.0 -Wall -Wextra -O3 -DNDEBUG
c Wed Sep 30 06:02:32 JST 2026 Linux ikutoPC 6.6.87.2-microsoft-standard-WSL2 x86_64
c 
c --- [ limit ] --------------------------------------------------------------
c 
c setting conflict limit to 1000000 conflicts (due to '1000000')
c 
c --- [ proof tracing ] ------------------------------------------------------
c 
c opening file to write '/tmp/conway99-exact-eight-0123-dnFKaO/proof.drat'
c writing non-binary proof trace to '/tmp/conway99-exact-eight-0123-dnFKaO/proof.drat'
c 
c --- [ parsing input ] ------------------------------------------------------
c 
c reading DIMACS file from '/mnt/c/Users/ikuto/projects/conway-99-graph/acceleration/results/20261001_exact_eight_prefix64_batch02_cnfs_part00/case_0123/instance.cnf'
c opening file to read '/mnt/c/Users/ikuto/projects/conway-99-graph/acceleration/results/20261001_exact_eight_prefix64_batch02_cnfs_part00/case_0123/instance.cnf'
c found 'p cnf 9748 167416' header
c parsed 167416 clauses in 0.06 seconds process time
c 
c --- [ options ] ------------------------------------------------------------
c 
c   --binary=false                 (different from default 'true')
c 
c --- [ solving ] ------------------------------------------------------------
c 
c time measured in process time since initialization
c 
c  seconds  reductions  redundant  irredundant
c         MB    restarts       trail      variables
c          level   conflicts       glue        remaining
c 
c *  0.06 17  0 0   0    0    0  0% 0 117492 6820 70%
c {  0.06 18  0 0   0    0    0  0% 0 117492 6820 70%
c i  0.07 18 31 0   0   19   11 48% 2 117492 6786 70%
c -  0.08 19 19 1  18  302  248 59% 5 115224 6770 69%
c i  0.09 19 16 1  22  386  298 58% 4 115224 6769 69%
c i  0.09 19 15 1  31  491  388 57% 5 115224 6768 69%
c i  0.09 19 15 1  31  492  388 57% 5 115224 6767 69%
c i  0.09 19 15 1  40  550  425 57% 5 115224 6766 69%
c i  0.09 19 15 1  40  551  425 57% 5 115224 6765 69%
c i  0.09 19 15 1  40  552  425 57% 5 115224 6764 69%
c i  0.10 19 15 1  41  583  448 57% 5 115224 6763 69%
c i  0.10 19 15 1  49  617  476 57% 5 115224 6762 69%
c i  0.10 19 15 1  54  655  498 57% 5 115224 6761 69%
c i  0.10 19 17 1  57  702  541 57% 5 115224 6760 69%
c i  0.10 19 17 1  57  707  544 57% 5 115224 6759 69%
c i  0.10 19 17 1  57  708  544 57% 5 115224 6758 69%
c i  0.10 19 17 1  59  745  572 57% 5 115224 6757 69%
c i  0.10 19 17 1  59  752  575 56% 5 115224 6756 69%
c i  0.11 19 17 1  73  934  707 56% 5 115224 6755 69%
c i  0.11 19 17 1  73  935  707 56% 5 115224 6754 69%
c 
c  seconds  reductions  redundant  irredundant
c         MB    restarts       trail      variables
c          level   conflicts       glue        remaining
c 
c i  0.11 19 17 1  74  938  709 56% 5 115224 6751 69%
c -  0.12 24 17 2  74  938  471 56% 5 114401 6751 69%
c i  0.12 24 17 2  75  944  476 56% 5 114401 6750 69%
c i  0.12 24 17 2  76  947  478 56% 5 114401 6749 69%
c }  0.13 24 19 2  77 1000  522 56% 5 114401 6749 69%
c [  0.13 24  0 2  77 1000  522  0% 0 114401 6749 69%
c O  0.13 24 27 2  77 1002  523 45% 1 114401 6749 69%
c i  0.13 24 27 2  77 1002  523 45% 1 114401 6748 69%
c ]  0.16 24 44 2  77 1600 1002 58% 15 114401 6129 63%
c 0  0.16 24 44 2  77 1600 1002 58% 15 114401 6129 63%
c 
c --- [ closing proof ] ------------------------------------------------------
c 
c DRAT proof file '/tmp/conway99-exact-eight-0123-dnFKaO/proof.drat' closed
c DRAT 6669 added clauses 10.80%
c DRAT 55062 deleted clauses 89.20%
c DRAT 1919677 bytes (1.83 MB)
c 
c --- [ result ] -------------------------------------------------------------
c 
s UNSATISFIABLE
c 
c --- [ run-time profiling ] -------------------------------------------------
c 
c process time taken by individual solving procedures
c (percentage relative to process time for solving)
c 
c         0.10   99.20% search
c         0.06   64.47% parse
c         0.06   63.18% unstable
c         0.03   34.92% stable
c         0.00    1.05% lucky
c         0.00    0.00% simplify
c   =================================
c         0.10   60.55% solve
c 
c last line shows process time for solving
c (percentage relative to total process time)
c 
c --- [ statistics ] ---------------------------------------------------------
c 
c chronological:               701        43.81 %  of conflicts
c conflicts:                  1600     16508.46    per second
c decisions:                  5607     57851.84    per second
c fixed:                      3619        37.13 %  of all variables
c learned:                    1455        90.94 %  per conflict
c learned_lits:             124496       100.00 %  learned literals
c minimized:                     0         0.00 %  learned literals
c shrunken:                  38995        31.32 %  learned literals
c minishrunken:              18481        14.84 %  learned literals
c otfs:                         10         0.62 %  of conflict
c propagations:             899912         9.29 M  per second
c reduced:                      39         2.44 %  per conflict
c rephased:                      1      1600.00    interval
c restarts:                     77        20.78    interval
c stabilizing:                   1        37.50 %  of conflicts
c subsumed:                    192         0.16 %  of all clauses
c strengthened:                 10         0.01 %  of all clauses
c trail reuses:                  0         0.00 %  of incremental calls
c 
c seconds are measured in process time for solving
c 
c --- [ resources ] ----------------------------------------------------------
c 
c total process time since initialization:         0.16    seconds
c total real time since initialization:            0.97    seconds
c maximum resident set size of process:           23.66    MB
c 
c --- [ shutting down ] ------------------------------------------------------
c 
c exit 20
