c --- [ banner ] -------------------------------------------------------------
c 
c CaDiCaL SAT Solver
c Copyright (c) 2016-2023 A. Biere, M. Fleury, N. Froleyks, K. Fazekas, F. Pollitt
c 
c Version 1.9.5 146207318796f094dcded87349a64f0c6927309e
c g++ (Ubuntu 13.3.0-6ubuntu2~24.04.1) 13.3.0 -Wall -Wextra -O3 -DNDEBUG
c Wed Sep 30 06:02:32 JST 2026 Linux ikutoPC 6.6.87.2-microsoft-standard-WSL2 x86_64
c 
c --- [ limit ] --------------------------------------------------------------
c 
c setting conflict limit to 1000000 conflicts (due to '1000000')
c 
c --- [ proof tracing ] ------------------------------------------------------
c 
c opening file to write '/tmp/conway99-seven-profile-rank5_136_profile_0002-J69sJz/proof.drat'
c writing non-binary proof trace to '/tmp/conway99-seven-profile-rank5_136_profile_0002-J69sJz/proof.drat'
c 
c --- [ parsing input ] ------------------------------------------------------
c 
c reading DIMACS file from '/mnt/c/Users/ikuto/projects/conway-99-graph/acceleration/results/20260930_hadamard_seven_remaining_cnfs/run01/rank5_136_profile_0002/instance.cnf'
c opening file to read '/mnt/c/Users/ikuto/projects/conway-99-graph/acceleration/results/20260930_hadamard_seven_remaining_cnfs/run01/rank5_136_profile_0002/instance.cnf'
c found 'p cnf 9872 170454' header
c parsed 170454 clauses in 0.08 seconds process time
c 
c --- [ options ] ------------------------------------------------------------
c 
c   --binary=false                 (different from default 'true')
c 
c --- [ solving ] ------------------------------------------------------------
c 
c time measured in process time since initialization
c 
c  seconds  reductions  redundant  irredundant
c         MB    restarts       trail      variables
c          level   conflicts       glue        remaining
c 
c *  0.08 17  0 0   0    0    0  0% 0 120522 6945 70%
c {  0.08 18  0 0   0    0    0  0% 0 120522 6945 70%
c i  0.08 18 29 0   0   12    9 44% 3 120522 6944 70%
c i  0.08 18 32 0   0   13    9 44% 3 120522 6943 70%
c i  0.08 18 56 0   0   21   16 48% 8 120522 6942 70%
c i  0.08 18 53 0   1   22   16 48% 7 120522 6940 70%
c i  0.08 18 51 0   1   23   16 48% 7 120522 6938 70%
c i  0.08 18 39 0   2   49   37 49% 7 120522 6937 70%
c i  0.08 18 38 0   2   50   37 49% 7 120522 6936 70%
c i  0.09 18 21 0   8  207  129 51% 6 120522 6935 70%
c i  0.09 18 27 0  13  296  181 51% 7 120522 6934 70%
c i  0.09 18 27 0  13  298  182 51% 7 120522 6933 70%
c -  0.10 19 26 1  14  300   75 51% 7 119961 6933 70%
c i  0.10 19 26 1  16  306   80 51% 6 119961 6932 70%
c i  0.10 19 25 1  17  312   85 51% 6 119961 6871 70%
c i  0.10 19 25 1  18  337  106 51% 7 119961 6870 70%
c i  0.10 19 21 1  21  457  194 52% 6 119961 6869 70%
c i  0.11 19 20 1  21  465  200 52% 6 119961 6868 70%
c i  0.11 19 19 1  25  635  306 54% 6 119961 6867 70%
c i  0.11 19 19 1  28  645  314 54% 6 119961 6866 70%
c 
c  seconds  reductions  redundant  irredundant
c         MB    restarts       trail      variables
c          level   conflicts       glue        remaining
c 
c i  0.11 19 19 1  28  647  315 54% 6 119961 6865 70%
c i  0.11 19 19 1  29  648  315 54% 6 119961 6864 70%
c i  0.11 19 19 1  29  649  315 54% 6 119961 6863 70%
c i  0.11 19 18 1  29  650  315 54% 6 119961 6862 70%
c i  0.11 19 18 1  30  651  315 54% 6 119961 6861 69%
c i  0.11 19 18 1  30  652  315 54% 6 119961 6860 69%
c i  0.11 19 18 1  30  653  315 54% 6 119961 6859 69%
c i  0.11 19 18 1  31  654  315 54% 6 119961 6858 69%
c i  0.11 19 18 1  31  655  315 54% 6 119961 6857 69%
c i  0.11 19 18 1  31  656  315 54% 6 119961 6856 69%
c i  0.11 19 18 1  32  657  315 54% 6 119961 6855 69%
c i  0.11 19 18 1  32  658  315 53% 6 119961 6854 69%
c i  0.11 19 18 1  32  660  315 53% 6 119961 6852 69%
c i  0.11 19 18 1  32  661  315 53% 6 119961 6851 69%
c i  0.11 19 18 1  33  668  321 53% 6 119961 6850 69%
c i  0.12 19 19 1  37  687  333 53% 6 119961 6849 69%
c i  0.12 19 19 1  37  688  333 53% 6 119961 6846 69%
c i  0.12 19 19 1  37  693  337 53% 6 119961 6845 69%
c i  0.12 19 18 1  37  701  342 53% 6 119961 6844 69%
c i  0.12 19 18 1  37  705  343 53% 6 119961 5536 56%
c 
c  seconds  reductions  redundant  irredundant
c         MB    restarts       trail      variables
c          level   conflicts       glue        remaining
c 
c i  0.12 19 18 1  37  706  343 53% 6 119961 5535 56%
c i  0.12 19 18 1  37  710  346 53% 6 119961 5533 56%
c }  0.12 19 18 1  37  720  348 53% 6 119961 3838 39%
c 0  0.12 19 18 1  37  720  348 53% 6 119961 3838 39%
c 
c --- [ closing proof ] ------------------------------------------------------
c 
c DRAT proof file '/tmp/conway99-seven-profile-rank5_136_profile_0002-J69sJz/proof.drat' closed
c DRAT 7711 added clauses 12.95%
c DRAT 51821 deleted clauses 87.05%
c DRAT 1445575 bytes (1.38 MB)
c 
c --- [ result ] -------------------------------------------------------------
c 
s UNSATISFIABLE
c 
c --- [ run-time profiling ] -------------------------------------------------
c 
c process time taken by individual solving procedures
c (percentage relative to process time for solving)
c 
c         0.08  200.43% parse
c         0.04   97.77% search
c         0.04   94.69% unstable
c         0.00    3.00% lucky
c         0.00    0.00% simplify
c   =================================
c         0.04   33.07% solve
c 
c last line shows process time for solving
c (percentage relative to total process time)
c 
c --- [ statistics ] ---------------------------------------------------------
c 
c chronological:               378        52.50 %  of conflicts
c conflicts:                   720     18533.77    per second
c decisions:                  3353     86310.75    per second
c fixed:                      6034        61.12 %  of all variables
c learned:                     635        88.19 %  per conflict
c learned_lits:              28268       100.00 %  learned literals
c minimized:                     0         0.00 %  learned literals
c shrunken:                  16066        56.83 %  learned literals
c minishrunken:               1769         6.26 %  learned literals
c otfs:                          9         1.25 %  of conflict
c propagations:             413437        10.64 M  per second
c restarts:                     37        19.46    interval
c subsumed:                    132         0.11 %  of all clauses
c strengthened:                  9         0.01 %  of all clauses
c trail reuses:                  0         0.00 %  of incremental calls
c 
c seconds are measured in process time for solving
c 
c --- [ resources ] ----------------------------------------------------------
c 
c total process time since initialization:         0.12    seconds
c total real time since initialization:            0.73    seconds
c maximum resident set size of process:           19.49    MB
c 
c --- [ shutting down ] ------------------------------------------------------
c 
c exit 20
