c --- [ banner ] -------------------------------------------------------------
c 
c CaDiCaL SAT Solver
c Copyright (c) 2016-2023 A. Biere, M. Fleury, N. Froleyks, K. Fazekas, F. Pollitt
c 
c Version 1.9.5 146207318796f094dcded87349a64f0c6927309e
c g++ (Ubuntu 13.3.0-6ubuntu2~24.04.1) 13.3.0 -Wall -Wextra -O3 -DNDEBUG
c Wed Sep 30 06:02:32 JST 2026 Linux ikutoPC 6.6.87.2-microsoft-standard-WSL2 x86_64
c 
c --- [ limit ] --------------------------------------------------------------
c 
c setting conflict limit to 1000000 conflicts (due to '1000000')
c 
c --- [ proof tracing ] ------------------------------------------------------
c 
c opening file to write '/tmp/conway99-seven-profile-rank5_122_profile_0001-Z96F5G/proof.drat'
c writing non-binary proof trace to '/tmp/conway99-seven-profile-rank5_122_profile_0001-Z96F5G/proof.drat'
c 
c --- [ parsing input ] ------------------------------------------------------
c 
c reading DIMACS file from '/mnt/c/Users/ikuto/projects/conway-99-graph/acceleration/results/20260930_hadamard_seven_remaining_cnfs/run01/rank5_122_profile_0001/instance.cnf'
c opening file to read '/mnt/c/Users/ikuto/projects/conway-99-graph/acceleration/results/20260930_hadamard_seven_remaining_cnfs/run01/rank5_122_profile_0001/instance.cnf'
c found 'p cnf 9872 170454' header
c parsed 170454 clauses in 0.08 seconds process time
c 
c --- [ options ] ------------------------------------------------------------
c 
c   --binary=false                 (different from default 'true')
c 
c --- [ solving ] ------------------------------------------------------------
c 
c time measured in process time since initialization
c 
c  seconds  reductions  redundant  irredundant
c         MB    restarts       trail      variables
c          level   conflicts       glue        remaining
c 
c *  0.08 18  0 0   0    0    0  0% 0 120522 6945 70%
c {  0.08 18  0 0   0    0    0  0% 0 120522 6945 70%
c i  0.08 18  3 0   0   26   21 39% 1 120522 6929 70%
c i  0.08 18  3 0   0   28   22 39% 1 120522 6928 70%
c i  0.08 18  3 0   0   29   22 40% 1 120522 6927 70%
c i  0.08 18  3 0   1   32   24 40% 2 120522 6926 70%
c i  0.08 18  3 0   1   33   24 40% 1 120522 6925 70%
c i  0.08 18  3 0   2   34   24 40% 1 120522 6924 70%
c i  0.08 18  3 0   2   35   24 40% 1 120522 6923 70%
c i  0.08 18  3 0   3   38   26 40% 2 120522 6922 70%
c i  0.08 18  3 0   3   39   26 40% 2 120522 6921 70%
c i  0.08 18  3 0   4   41   27 40% 2 120522 6920 70%
c i  0.08 18  3 0   4   42   27 40% 2 120522 6919 70%
c i  0.08 18  3 0   4   43   27 40% 2 120522 6857 69%
c i  0.08 18  3 0   5   46   29 40% 2 120522 6856 69%
c i  0.08 18  3 0   5   47   29 40% 2 120522 6855 69%
c i  0.08 18  3 0   6   50   31 40% 2 120522 6854 69%
c i  0.08 18  3 0   7   51   31 40% 2 120522 6853 69%
c i  0.09 19 12 0  26  171  104 51% 5 120522 6852 69%
c -  0.11 19 15 1  34  300  185 55% 5 116348 6852 69%
c 
c  seconds  reductions  redundant  irredundant
c         MB    restarts       trail      variables
c          level   conflicts       glue        remaining
c 
c i  0.11 19 15 1  37  327  198 54% 5 116348 6849 69%
c i  0.11 19 14 1  45  398  248 54% 5 116348 6847 69%
c i  0.12 19 15 1  47  503  343 54% 5 116348 6846 69%
c i  0.12 19 16 1  53  542  361 54% 5 116348 6832 69%
c i  0.12 19 15 1  53  567  373 54% 5 116348 6809 69%
c i  0.13 19 15 1  65  687  429 54% 5 116348 6808 69%
c i  0.13 19 16 1  65  734  467 55% 5 116348 6807 69%
c i  0.14 19 16 1  68  780  509 54% 5 116348 6806 69%
c -  0.16 24 17 2  96  944  350 54% 6 114701 6806 69%
c i  0.16 24 17 2 103  979  377 54% 6 114701 6774 69%
c }  0.16 24 17 2 108 1000  394 54% 6 114701 6757 68%
c [  0.16 24  0 2 108 1000  394  0% 0 114701 6757 68%
c O  0.17 24 92 2 108 1011  405 58% 2 114701 6757 68%
c i  0.17 24 23 2 108 1087  441 60% 6 114701 6754 68%
c i  0.20 24 21 2 108 1517  795 53% 8 114701 6001 61%
c i  0.20 24 20 2 108 1534  805 53% 8 114701 5305 54%
c ]  0.20 24 20 2 108 1536  805 53% 8 114701 4618 47%
c 0  0.21 24 20 2 108 1536  805 53% 8 114701 4618 47%
c 
c --- [ closing proof ] ------------------------------------------------------
c 
c DRAT proof file '/tmp/conway99-seven-profile-rank5_122_profile_0001-Z96F5G/proof.drat' closed
c DRAT 8522 added clauses 12.77%
c DRAT 58215 deleted clauses 87.23%
c DRAT 1836451 bytes (1.75 MB)
c 
c --- [ result ] -------------------------------------------------------------
c 
s UNSATISFIABLE
c 
c --- [ run-time profiling ] -------------------------------------------------
c 
c process time taken by individual solving procedures
c (percentage relative to process time for solving)
c 
c         0.13   99.17% search
c         0.09   65.76% unstable
c         0.08   58.25% parse
c         0.04   30.73% stable
c         0.00    2.66% lucky
c         0.00    0.00% simplify
c   =================================
c         0.13   62.92% solve
c 
c last line shows process time for solving
c (percentage relative to total process time)
c 
c --- [ statistics ] ---------------------------------------------------------
c 
c chronological:               724        47.14 %  of conflicts
c conflicts:                  1536     11877.79    per second
c decisions:                  5954     46041.90    per second
c fixed:                      5254        53.22 %  of all variables
c learned:                    1422        92.58 %  per conflict
c learned_lits:              82015       100.00 %  learned literals
c minimized:                     0         0.00 %  learned literals
c shrunken:                  45372        55.32 %  learned literals
c minishrunken:               7196         8.77 %  learned literals
c otfs:                          8         0.52 %  of conflict
c propagations:             971639         7.51 M  per second
c reduced:                      15         0.98 %  per conflict
c rephased:                      1      1536.00    interval
c restarts:                    108        14.22    interval
c stabilizing:                   1        34.90 %  of conflicts
c subsumed:                    293         0.24 %  of all clauses
c strengthened:                  8         0.01 %  of all clauses
c trail reuses:                  0         0.00 %  of incremental calls
c 
c seconds are measured in process time for solving
c 
c --- [ resources ] ----------------------------------------------------------
c 
c total process time since initialization:         0.21    seconds
c total real time since initialization:            0.84    seconds
c maximum resident set size of process:           23.96    MB
c 
c --- [ shutting down ] ------------------------------------------------------
c 
c exit 20
