c --- [ banner ] -------------------------------------------------------------
c 
c CaDiCaL SAT Solver
c Copyright (c) 2016-2023 A. Biere, M. Fleury, N. Froleyks, K. Fazekas, F. Pollitt
c 
c Version 1.9.5 146207318796f094dcded87349a64f0c6927309e
c g++ (Ubuntu 13.3.0-6ubuntu2~24.04.1) 13.3.0 -Wall -Wextra -O3 -DNDEBUG
c Wed Sep 30 06:02:32 JST 2026 Linux ikutoPC 6.6.87.2-microsoft-standard-WSL2 x86_64
c 
c --- [ limit ] --------------------------------------------------------------
c 
c setting conflict limit to 1000000 conflicts (due to '1000000')
c 
c --- [ proof tracing ] ------------------------------------------------------
c 
c opening file to write '/tmp/conway99-seven-profile-rank5_67_profile_0003-yDsRFm/proof.drat'
c writing non-binary proof trace to '/tmp/conway99-seven-profile-rank5_67_profile_0003-yDsRFm/proof.drat'
c 
c --- [ parsing input ] ------------------------------------------------------
c 
c reading DIMACS file from '/mnt/c/Users/ikuto/projects/conway-99-graph/acceleration/results/20260930_hadamard_seven_remaining_cnfs/run02/rank5_67_profile_0003/instance.cnf'
c opening file to read '/mnt/c/Users/ikuto/projects/conway-99-graph/acceleration/results/20260930_hadamard_seven_remaining_cnfs/run02/rank5_67_profile_0003/instance.cnf'
c found 'p cnf 9872 170454' header
c parsed 170454 clauses in 0.06 seconds process time
c 
c --- [ options ] ------------------------------------------------------------
c 
c   --binary=false                 (different from default 'true')
c 
c --- [ solving ] ------------------------------------------------------------
c 
c time measured in process time since initialization
c 
c  seconds  reductions  redundant  irredundant
c         MB    restarts       trail      variables
c          level   conflicts       glue        remaining
c 
c *  0.07 17  0 0   0    0    0  0% 0 120522 6945 70%
c {  0.07 18  0 0   0    0    0  0% 0 120522 6945 70%
c i  0.08 19 29 0   8  182  132 55% 5 120522 6944 70%
c i  0.08 19 30 0  18  285  215 55% 5 120522 6943 70%
c -  0.08 19 29 1  18  300   90 55% 5 120308 6943 70%
c i  0.09 19 26 1  23  445  209 55% 5 120308 6942 70%
c i  0.11 19 22 1  52  749  462 57% 5 120308 6941 70%
c i  0.11 19 23 1  55  760  472 57% 6 120308 6940 70%
c i  0.11 19 23 1  55  761  472 57% 6 120308 6877 70%
c -  0.13 24 22 2  74  950  579 56% 6 117379 6877 70%
c i  0.13 24 22 2  74 1004  620 56% 6 117379 6876 70%
c F  0.13 24 22 2  74 1005  621 56% 6 117379 6876 70%
c }  0.13 24 22 2  74 1005  621 56% 6 117379 6876 70%
c [  0.13 24  0 2  74 1005  621  0% 0 117379 6876 70%
c i  0.13 24  3 2  74 1006  621 57% 0 117379 6875 70%
c i  0.13 24  7 2  74 1017  625 59% 2 117379 6874 70%
c i  0.14 24 25 2  74 1082  667 51% 6 117379 6824 69%
c i  0.15 24 22 2  74 1337  868 57% 8 117379 6823 69%
c i  0.15 24 22 2  74 1338  868 57% 8 117379 6822 69%
c i  0.15 24 22 2  74 1352  878 57% 8 117379 6821 69%
c 
c  seconds  reductions  redundant  irredundant
c         MB    restarts       trail      variables
c          level   conflicts       glue        remaining
c 
c i  0.15 24 21 2  74 1369  891 57% 8 117379 5103 52%
c i  0.15 24 21 2  74 1377  893 57% 8 117379 5102 52%
c ]  0.15 24 20 2  74 1383  895 57% 7 117379 3941 40%
c 0  0.16 24 20 2  74 1383  895 57% 7 117379 3941 40%
c 
c --- [ closing proof ] ------------------------------------------------------
c 
c DRAT proof file '/tmp/conway99-seven-profile-rank5_67_profile_0003-yDsRFm/proof.drat' closed
c DRAT 8555 added clauses 13.50%
c DRAT 54803 deleted clauses 86.50%
c DRAT 1778040 bytes (1.70 MB)
c 
c --- [ result ] -------------------------------------------------------------
c 
s UNSATISFIABLE
c 
c --- [ run-time profiling ] -------------------------------------------------
c 
c process time taken by individual solving procedures
c (percentage relative to process time for solving)
c 
c         0.09   99.22% search
c         0.07   73.60% unstable
c         0.06   71.99% parse
c         0.02   24.31% stable
c         0.00    1.26% lucky
c         0.00    0.00% simplify
c   =================================
c         0.09   57.78% solve
c 
c last line shows process time for solving
c (percentage relative to total process time)
c 
c --- [ statistics ] ---------------------------------------------------------
c 
c chronological:               685        49.53 %  of conflicts
c conflicts:                  1383     15378.63    per second
c decisions:                  5054     56199.27    per second
c fixed:                      5931        60.08 %  of all variables
c learned:                    1254        90.67 %  per conflict
c learned_lits:              96376       100.00 %  learned literals
c minimized:                     0         0.00 %  learned literals
c shrunken:                  46726        48.48 %  learned literals
c minishrunken:               9504         9.86 %  learned literals
c otfs:                         16         1.16 %  of conflict
c propagations:             799217         8.89 M  per second
c reduced:                       6         0.43 %  per conflict
c rephased:                      1      1383.00    interval
c restarts:                     74        18.69    interval
c stabilizing:                   1        27.26 %  of conflicts
c subsumed:                    170         0.14 %  of all clauses
c strengthened:                 15         0.01 %  of all clauses
c trail reuses:                  0         0.00 %  of incremental calls
c 
c seconds are measured in process time for solving
c 
c --- [ resources ] ----------------------------------------------------------
c 
c total process time since initialization:         0.16    seconds
c total real time since initialization:            0.75    seconds
c maximum resident set size of process:           24.26    MB
c 
c --- [ shutting down ] ------------------------------------------------------
c 
c exit 20
