c --- [ banner ] -------------------------------------------------------------
c 
c CaDiCaL SAT Solver
c Copyright (c) 2016-2023 A. Biere, M. Fleury, N. Froleyks, K. Fazekas, F. Pollitt
c 
c Version 1.9.5 146207318796f094dcded87349a64f0c6927309e
c g++ (Ubuntu 13.3.0-6ubuntu2~24.04.1) 13.3.0 -Wall -Wextra -O3 -DNDEBUG
c Wed Sep 30 06:02:32 JST 2026 Linux ikutoPC 6.6.87.2-microsoft-standard-WSL2 x86_64
c 
c --- [ limit ] --------------------------------------------------------------
c 
c setting conflict limit to 1000000 conflicts (due to '1000000')
c 
c --- [ proof tracing ] ------------------------------------------------------
c 
c opening file to write '/tmp/conway99-seven-profile-rank5_64_profile_0008-FVvLmE/proof.drat'
c writing non-binary proof trace to '/tmp/conway99-seven-profile-rank5_64_profile_0008-FVvLmE/proof.drat'
c 
c --- [ parsing input ] ------------------------------------------------------
c 
c reading DIMACS file from '/mnt/c/Users/ikuto/projects/conway-99-graph/acceleration/results/20260930_hadamard_seven_remaining_cnfs/run02/rank5_64_profile_0008/instance.cnf'
c opening file to read '/mnt/c/Users/ikuto/projects/conway-99-graph/acceleration/results/20260930_hadamard_seven_remaining_cnfs/run02/rank5_64_profile_0008/instance.cnf'
c found 'p cnf 9872 170454' header
c parsed 170454 clauses in 0.07 seconds process time
c 
c --- [ options ] ------------------------------------------------------------
c 
c   --binary=false                 (different from default 'true')
c 
c --- [ solving ] ------------------------------------------------------------
c 
c time measured in process time since initialization
c 
c  seconds  reductions  redundant  irredundant
c         MB    restarts       trail      variables
c          level   conflicts       glue        remaining
c 
c *  0.07 17  0 0   0    0    0  0% 0 120550 6945 70%
c {  0.07 18  0 0   0    0    0  0% 0 120550 6945 70%
c i  0.07 18  0 0   0    1    0 31% 0 120550 6880 70%
c i  0.07 18  1 0   0    2    0 31% 0 120550 6879 70%
c i  0.07 18 19 0   4   68   51 51% 4 120550 6878 70%
c i  0.07 18 18 0   6  122   87 52% 4 120550 6877 70%
c i  0.08 19 20 0  16  228  158 52% 5 120550 6876 70%
c -  0.09 19 23 1  26  300  101 52% 6 117442 6876 70%
c i  0.09 19 20 1  26  386  154 52% 5 117442 6875 70%
c i  0.09 19 21 1  39  483  218 50% 6 117442 6850 69%
c i  0.10 19 21 1  57  586  300 50% 7 117442 6849 69%
c i  0.10 19 25 1  61  684  385 51% 7 117442 6848 69%
c i  0.11 19 25 1  64  719  415 51% 6 117442 6847 69%
c i  0.11 19 26 1  64  831  513 52% 6 117442 6846 69%
c -  0.13 24 27 2  73  943  420 53% 6 116081 6846 69%
c }  0.13 24 26 2  73 1000  475 53% 6 116081 6846 69%
c [  0.13 24  0 2  73 1000  475  0% 0 116081 6846 69%
c O  0.13 24  4 2  73 1005  476 65% 2 116081 6846 69%
c i  0.13 24  9 2  73 1045  492 57% 4 116081 6845 69%
c i  0.16 24 59 2  73 1490  860 57% 19 116081 6844 69%
c 
c  seconds  reductions  redundant   irredundant
c         MB    restarts       trail       variables
c          level   conflicts       glue         remaining
c 
c -  0.18 25 40 3  73 1903 1116 57% 13 115987 6844 69%
c i  0.18 25 40 3  73 1915 1123 57% 13 115987 6843 69%
c i  0.19 25 36 3  74 2113 1283 56% 13 115987 6842 69%
c i  0.20 25 36 3  74 2141 1295 56% 13 115987 6742 68%
c i  0.21 24 33 3  74 2344 1028 30% 12 112300 5629 57%
c i  0.21 24 33 3  74 2345 1028 30% 12 112300 5628 57%
c i  0.21 24 33 3  74 2346 1028 30% 12 112300 4392 44%
c i  0.21 24 33 3  74 2349 1026 30% 12 112300 4388 44%
c ]  0.21 24 33 3  74 2351 1026 30% 12 112300 4072 41%
c 0  0.21 24 33 3  74 2351 1026 30% 12 112300 4072 41%
c 
c --- [ closing proof ] ------------------------------------------------------
c 
c DRAT proof file '/tmp/conway99-seven-profile-rank5_64_profile_0008-FVvLmE/proof.drat' closed
c DRAT 10415 added clauses 14.43%
c DRAT 61742 deleted clauses 85.57%
c DRAT 2524472 bytes (2.41 MB)
c 
c --- [ result ] -------------------------------------------------------------
c 
s UNSATISFIABLE
c 
c --- [ run-time profiling ] -------------------------------------------------
c 
c process time taken by individual solving procedures
c (percentage relative to process time for solving)
c 
c         0.15   99.53% search
c         0.08   57.28% stable
c         0.07   44.44% parse
c         0.06   41.36% unstable
c         0.00    0.87% lucky
c         0.00    0.00% simplify
c   =================================
c         0.15   68.96% solve
c 
c last line shows process time for solving
c (percentage relative to total process time)
c 
c --- [ statistics ] ---------------------------------------------------------
c 
c chronological:              1123        47.77 %  of conflicts
c conflicts:                  2351     15889.00    per second
c decisions:                  9342     63136.98    per second
c fixed:                      5800        58.75 %  of all variables
c learned:                    2199        93.53 %  per conflict
c learned_lits:             170590       100.00 %  learned literals
c minimized:                     0         0.00 %  learned literals
c shrunken:                  62293        36.52 %  learned literals
c minishrunken:              31232        18.31 %  learned literals
c otfs:                         21         0.89 %  of conflict
c propagations:            1307554         8.84 M  per second
c reduced:                     101         4.30 %  per conflict
c rephased:                      1      2351.00    interval
c restarts:                     74        31.77    interval
c stabilizing:                   1        57.42 %  of conflicts
c subsumed:                    352         0.29 %  of all clauses
c strengthened:                 20         0.02 %  of all clauses
c trail reuses:                  0         0.00 %  of incremental calls
c 
c seconds are measured in process time for solving
c 
c --- [ resources ] ----------------------------------------------------------
c 
c total process time since initialization:         0.21    seconds
c total real time since initialization:            0.82    seconds
c maximum resident set size of process:           28.95    MB
c 
c --- [ shutting down ] ------------------------------------------------------
c 
c exit 20
