c --- [ banner ] -------------------------------------------------------------
c 
c CaDiCaL SAT Solver
c Copyright (c) 2016-2023 A. Biere, M. Fleury, N. Froleyks, K. Fazekas, F. Pollitt
c 
c Version 1.9.5 146207318796f094dcded87349a64f0c6927309e
c g++ (Ubuntu 13.3.0-6ubuntu2~24.04.1) 13.3.0 -Wall -Wextra -O3 -DNDEBUG
c Wed Sep 30 06:02:32 JST 2026 Linux ikutoPC 6.6.87.2-microsoft-standard-WSL2 x86_64
c 
c --- [ limit ] --------------------------------------------------------------
c 
c setting conflict limit to 1000000 conflicts (due to '1000000')
c 
c --- [ proof tracing ] ------------------------------------------------------
c 
c opening file to write '/tmp/conway99-exact-eight-0049-NcNRph/proof.drat'
c writing non-binary proof trace to '/tmp/conway99-exact-eight-0049-NcNRph/proof.drat'
c 
c --- [ parsing input ] ------------------------------------------------------
c 
c reading DIMACS file from '/mnt/c/Users/ikuto/projects/conway-99-graph/acceleration/results/20260930_exact_eight_next64_cnfs_part00/case_0049/instance.cnf'
c opening file to read '/mnt/c/Users/ikuto/projects/conway-99-graph/acceleration/results/20260930_exact_eight_next64_cnfs_part00/case_0049/instance.cnf'
c found 'p cnf 9748 167416' header
c parsed 167416 clauses in 0.06 seconds process time
c 
c --- [ options ] ------------------------------------------------------------
c 
c   --binary=false                 (different from default 'true')
c 
c --- [ solving ] ------------------------------------------------------------
c 
c time measured in process time since initialization
c 
c  seconds  reductions  redundant  irredundant
c         MB    restarts       trail      variables
c          level   conflicts       glue        remaining
c 
c *  0.06 17  0 0   0    0    0  0% 0 117490 6820 70%
c {  0.06 18  0 0   0    0    0  0% 0 117490 6820 70%
c i  0.06 18  6 0   0    9    6 37% 2 117490 6819 70%
c i  0.06 18 17 0   7   62   47 49% 5 117490 6818 70%
c -  0.07 19 24 1  30  300  224 50% 8 117267 6818 70%
c i  0.07 19 24 1  30  303  226 50% 8 117267 6739 69%
c i  0.08 19 22 1  30  449  294 50% 7 117267 6728 69%
c i  0.08 19 21 1  31  567  394 51% 7 117267 6727 69%
c i  0.09 19 21 1  47  853  640 52% 6 117267 6726 69%
c -  0.11 24 22 2  49  941  387 52% 6 113179 6726 69%
c i  0.11 24 21 2  49  966  404 52% 6 113179 6725 69%
c i  0.11 24 21 2  49  967  404 52% 6 113179 6724 69%
c }  0.11 24 22 2  49 1010  434 52% 6 113179 6724 69%
c [  0.11 24  0 2  49 1010  434  0% 0 113179 6724 69%
c O  0.11 24  2 2  49 1011  435 59% 2 113179 6724 69%
c i  0.12 24 18 2  49 1136  521 55% 7 113179 6722 69%
c i  0.12 24 27 2  49 1397  726 50% 9 113179 6721 69%
c i  0.13 24 26 2  49 1433  756 50% 9 113179 6508 67%
c i  0.13 24 24 2  49 1612  888 49% 9 113179 6507 67%
c i  0.13 24 24 2  49 1615  889 49% 9 113179 6506 67%
c 
c  seconds  reductions  redundant  irredundant
c         MB    restarts       trail      variables
c          level   conflicts       glue        remaining
c 
c i  0.14 24 24 2  49 1656  923 50% 9 113179 6505 67%
c i  0.14 24 23 2  49 1703  948 50% 9 113179 6504 67%
c i  0.14 24 22 2  49 1709  952 50% 9 113179 5774 59%
c ]  0.14 24 22 2  49 1740  978 50% 8 113179 4502 46%
c 0  0.14 24 22 2  49 1740  978 50% 8 113179 4502 46%
c 
c --- [ closing proof ] ------------------------------------------------------
c 
c DRAT proof file '/tmp/conway99-exact-eight-0049-NcNRph/proof.drat' closed
c DRAT 8311 added clauses 12.86%
c DRAT 56323 deleted clauses 87.14%
c DRAT 1688207 bytes (1.61 MB)
c 
c --- [ result ] -------------------------------------------------------------
c 
s UNSATISFIABLE
c 
c --- [ run-time profiling ] -------------------------------------------------
c 
c process time taken by individual solving procedures
c (percentage relative to process time for solving)
c 
c         0.08   99.19% search
c         0.06   65.57% parse
c         0.05   62.95% unstable
c         0.03   34.74% stable
c         0.00    1.46% lucky
c         0.00    0.00% simplify
c   =================================
c         0.08   60.14% solve
c 
c last line shows process time for solving
c (percentage relative to total process time)
c 
c --- [ statistics ] ---------------------------------------------------------
c 
c chronological:               825        47.41 %  of conflicts
c conflicts:                  1740     20631.27    per second
c decisions:                  5722     67846.05    per second
c fixed:                      5246        53.82 %  of all variables
c learned:                    1574        90.46 %  per conflict
c learned_lits:              75674       100.00 %  learned literals
c minimized:                     0         0.00 %  learned literals
c shrunken:                  36390        48.09 %  learned literals
c minishrunken:               7493         9.90 %  learned literals
c otfs:                         20         1.15 %  of conflict
c propagations:             864192        10.25 M  per second
c reduced:                      33         1.90 %  per conflict
c rephased:                      1      1740.00    interval
c restarts:                     49        35.51    interval
c stabilizing:                   1        41.95 %  of conflicts
c subsumed:                    257         0.22 %  of all clauses
c strengthened:                 20         0.02 %  of all clauses
c trail reuses:                  0         0.00 %  of incremental calls
c 
c seconds are measured in process time for solving
c 
c --- [ resources ] ----------------------------------------------------------
c 
c total process time since initialization:         0.14    seconds
c total real time since initialization:            0.77    seconds
c maximum resident set size of process:           23.75    MB
c 
c --- [ shutting down ] ------------------------------------------------------
c 
c exit 20
