c --- [ banner ] -------------------------------------------------------------
c 
c CaDiCaL SAT Solver
c Copyright (c) 2016-2023 A. Biere, M. Fleury, N. Froleyks, K. Fazekas, F. Pollitt
c 
c Version 1.9.5 146207318796f094dcded87349a64f0c6927309e
c g++ (Ubuntu 13.3.0-6ubuntu2~24.04.1) 13.3.0 -Wall -Wextra -O3 -DNDEBUG
c Wed Sep 30 06:02:32 JST 2026 Linux ikutoPC 6.6.87.2-microsoft-standard-WSL2 x86_64
c 
c --- [ limit ] --------------------------------------------------------------
c 
c setting conflict limit to 1000000 conflicts (due to '1000000')
c 
c --- [ proof tracing ] ------------------------------------------------------
c 
c opening file to write '/tmp/conway99-exact-eight-0029-6Kq0XH/proof.drat'
c writing non-binary proof trace to '/tmp/conway99-exact-eight-0029-6Kq0XH/proof.drat'
c 
c --- [ parsing input ] ------------------------------------------------------
c 
c reading DIMACS file from '/mnt/c/Users/ikuto/projects/conway-99-graph/acceleration/results/20260930_exact_eight_next32_continuation_cnfs/case_0029/instance.cnf'
c opening file to read '/mnt/c/Users/ikuto/projects/conway-99-graph/acceleration/results/20260930_exact_eight_next32_continuation_cnfs/case_0029/instance.cnf'
c found 'p cnf 9748 167416' header
c parsed 167416 clauses in 0.06 seconds process time
c 
c --- [ options ] ------------------------------------------------------------
c 
c   --binary=false                 (different from default 'true')
c 
c --- [ solving ] ------------------------------------------------------------
c 
c time measured in process time since initialization
c 
c  seconds  reductions  redundant  irredundant
c         MB    restarts       trail      variables
c          level   conflicts       glue        remaining
c 
c *  0.06 17  0 0   0    0    0  0% 0 117492 6820 70%
c {  0.06 18  0 0   0    0    0  0% 0 117492 6820 70%
c i  0.06 18 20 0   0   61   15 40% 5 117492 6819 70%
c i  0.06 18 16 0   0  119   33 41% 3 117492 6783 70%
c i  0.07 18 16 0  18  294  157 51% 5 117492 6782 70%
c -  0.07 19 18 1  18  300   87 51% 5 115670 6782 70%
c i  0.08 19 21 1  20  310   96 50% 5 115670 6781 70%
c i  0.08 19 21 1  20  311   96 50% 5 115670 6780 70%
c i  0.08 19 21 1  22  318  101 50% 5 115670 6779 70%
c i  0.08 19 23 1  29  363  137 51% 6 115670 6742 69%
c i  0.08 19 22 1  32  378  146 51% 6 115670 6741 69%
c i  0.08 19 22 1  34  395  146 50% 6 115670 6740 69%
c i  0.08 19 21 1  35  404  150 51% 6 115670 6739 69%
c i  0.08 19 21 1  35  406  151 51% 6 115670 6709 69%
c i  0.08 19 19 1  35  445  172 51% 6 115670 6636 68%
c i  0.10 19 16 1  39  832  451 53% 5 115670 6634 68%
c -  0.12 23 16 2  41  942  275 54% 5 110057 6634 68%
c }  0.12 23 15 2  41 1000  319 54% 5 110057 6634 68%
c [  0.12 23  0 2  41 1000  319  0% 0 110057 6634 68%
c O  0.12 23  8 2  41 1002  320 56% 2 110057 6634 68%
c 
c  seconds  reductions  redundant  irredundant
c         MB    restarts       trail      variables
c          level   conflicts       glue        remaining
c 
c i  0.12 23  8 2  41 1002  320 56% 2 110057 6613 68%
c i  0.13 23 15 2  41 1340  550 53% 6 110057 6598 68%
c i  0.14 23 21 2  41 1524  708 53% 9 110057 6597 68%
c i  0.14 23 22 2  41 1591  756 53% 9 110057 6596 68%
c -  0.16 24 21 3  41 1879  687 52% 9 108680 6596 68%
c i  0.21 24 25 3  42 2985 1550 53% 12 108680 6540 67%
c ]  0.22 24 25 3  42 3000  880 23% 12 106618 6540 67%
c {  0.22 24 15 3  42 3000  880 81% 5 106618 6540 67%
c F  0.22 24 15 3  42 3003  883 81% 5 106618 6540 67%
c i  0.22 24 15 3  44 3070  930 78% 5 106618 6537 67%
c -  0.23 28 15 4  45 3126  839 75% 5 106523 6537 67%
c i  0.23 28 15 4  45 3127  839 75% 5 106523 6536 67%
c i  0.23 28 16 4  73 3348  978 68% 5 106523 6535 67%
c i  0.23 28 16 4  74 3350  979 68% 5 106523 6534 67%
c i  0.23 28 16 4  74 3351  979 68% 5 106523 6481 66%
c i  0.25 28 17 4 129 3769 1276 60% 6 106523 6480 66%
c i  0.25 28 17 4 134 3802 1306 60% 6 106523 6479 66%
c i  0.26 28 16 4 143 4037 1453 57% 6 106523 6478 66%
c i  0.26 28 16 4 143 4084 1483 56% 6 106523 6477 66%
c i  0.26 28 16 4 144 4095 1493 56% 6 106523 6476 66%
c 
c  seconds  reductions  redundant  irredundant
c         MB    restarts       trail      variables
c          level   conflicts       glue        remaining
c 
c i  0.26 28 16 4 145 4096 1493 56% 6 106523 6475 66%
c i  0.26 28 16 4 145 4097 1493 56% 6 106523 6474 66%
c i  0.26 28 16 4 145 4098 1493 56% 6 106523 6473 66%
c i  0.26 28 16 4 145 4099 1493 56% 6 106523 6472 66%
c i  0.26 28 16 4 145 4100 1493 56% 6 106523 6471 66%
c i  0.26 28 16 4 145 4101 1493 56% 6 106523 6470 66%
c i  0.26 28 16 4 145 4102 1493 56% 6 106523 6469 66%
c i  0.26 28 16 4 145 4104 1494 56% 6 106523 6468 66%
c i  0.26 28 16 4 145 4107 1496 56% 6 106523 6467 66%
c i  0.26 28 16 4 145 4108 1496 56% 6 106523 6466 66%
c i  0.26 28 16 4 145 4109 1496 56% 6 106523 6465 66%
c i  0.26 28 16 4 145 4110 1496 56% 6 106523 6464 66%
c i  0.26 28 16 4 145 4111 1496 56% 6 106523 6463 66%
c i  0.26 28 16 4 145 4112 1496 56% 6 106523 6462 66%
c i  0.26 28 16 4 145 4113 1496 56% 6 106523 6461 66%
c i  0.26 28 16 4 145 4114 1496 56% 6 106523 6460 66%
c i  0.26 28 16 4 145 4115 1496 56% 6 106523 6459 66%
c i  0.26 28 16 4 145 4116 1496 56% 6 106523 6458 66%
c i  0.26 28 16 4 145 4118 1496 56% 6 106523 6457 66%
c i  0.26 28 16 4 145 4119 1496 56% 6 106523 6456 66%
c 
c  seconds  reductions  redundant  irredundant
c         MB    restarts       trail      variables
c          level   conflicts       glue        remaining
c 
c i  0.26 28 16 4 145 4120 1496 56% 6 106523 6455 66%
c i  0.27 28 16 4 147 4220 1587 55% 6 106523 6454 66%
c i  0.27 28 16 4 147 4223 1589 55% 6 106523 6453 66%
c i  0.29 28 16 4 198 4653 1890 51% 6 106523 6452 66%
c i  0.29 28 16 4 198 4661 1896 51% 6 106523 6451 66%
c -  0.29 28 16 5 199 4670 1274 51% 6 104023 6451 66%
c i  0.30 28 16 5 225 4902 1453 50% 6 104023 6450 66%
c d  0.31 28 16 5 235 5003 1512 49% 6 103450 6187 63%
c d  0.31 28 16 5 235 5003 1512 49% 6 103448 6186 63%
c 2  0.32 28 16 5 235 5003 1533 49% 6 103448 6186 63%
c p  0.38 29 16 5 235 5003 92554 49% 6 103448 6062 62%
c d  0.39 29 16 5 235 5003 85908 49% 6 97930 6036 62%
c d  0.39 29 16 5 235 5003 85906 49% 6 97698 5920 61%
c i  0.39 29 16 5 236 5023 85913 49% 6 97698 5919 61%
c i  0.40 29 16 5 250 5116 85974 49% 6 97698 5918 61%
c i  0.40 29 16 5 250 5180 86016 48% 6 97698 5917 61%
c i  0.40 29 16 5 250 5225 86041 48% 6 97698 5916 61%
c i  0.41 29 16 5 265 5489 86244 47% 6 97698 5915 61%
c i  0.42 29 16 5 308 5750 86401 45% 6 97698 5901 61%
c #  0.43 29 16 5 357 6004 86595 44% 6 97698 5901 61%
c 
c  seconds  reductions   redundant  irredundant
c         MB    restarts        trail     variables
c          level   conflicts        glue       remaining
c 
c i  0.43 29 16 5 357 6004 86595 44% 6 97698 5864 60%
c i  0.45 29 16 5 376 6319 86795 44% 6 97698 5753 59%
c i  0.45 29 16 5 376 6361 86827 43% 6 97698 5752 59%
c i  0.45 29 16 5 376 6363 86828 43% 6 97698 5751 59%
c i  0.45 29 16 5 376 6366 86828 43% 6 97698 5749 59%
c i  0.45 29 16 5 380 6402 86853 43% 6 97698 5748 59%
c i  0.45 29 16 5 380 6403 86853 43% 6 97698 5747 59%
c i  0.45 29 16 5 395 6473 86909 43% 6 97698 5746 59%
c i  0.45 29 16 5 397 6483 86918 43% 6 97698 5745 59%
c -  0.47 30 16 6 398 6503 4914 43% 6 90227 5745 59%
c i  0.47 30 16 6 398 6538 4928 43% 6 90227 5743 59%
c i  0.47 30 16 6 398 6573 4942 43% 6 90227 5742 59%
c i  0.47 30 16 6 400 6683 5003 43% 6 90227 5740 59%
c i  0.47 30 16 6 400 6690 5008 43% 6 90227 5739 59%
c i  0.48 30 16 6 400 6700 5015 43% 6 90227 5738 59%
c i  0.48 30 16 6 400 6701 5015 43% 6 90227 5737 59%
c i  0.48 30 16 6 400 6713 5026 43% 6 90227 5736 59%
c i  0.48 30 16 6 400 6720 5032 43% 6 90227 5735 59%
c i  0.48 30 16 6 400 6721 5032 43% 6 90227 5734 59%
c i  0.48 30 16 6 400 6724 5033 43% 6 90227 5733 59%
c 
c  seconds  reductions  redundant  irredundant
c         MB    restarts       trail     variables
c          level   conflicts       glue       remaining
c 
c i  0.48 30 16 6 400 6727 5035 43% 6 90227 5732 59%
c i  0.48 30 16 6 400 6729 5036 43% 6 90227 5731 59%
c i  0.48 30 16 6 400 6730 5036 43% 6 90227 5730 59%
c i  0.48 30 16 6 400 6731 5036 43% 6 90227 5729 59%
c i  0.48 30 16 6 400 6732 5036 43% 6 90227 5728 59%
c i  0.48 30 16 6 400 6733 5036 43% 6 90227 5727 59%
c i  0.48 30 16 6 400 6734 5036 43% 6 90227 5726 59%
c i  0.48 30 16 6 400 6753 5044 43% 6 90227 5719 59%
c i  0.48 30 16 6 400 6760 5046 42% 6 90227 5714 59%
c i  0.48 30 16 6 400 6768 5052 42% 6 90227 5712 59%
c i  0.48 30 16 6 400 6774 5055 42% 6 90227 5711 59%
c i  0.48 30 16 6 400 6784 5055 42% 6 90227 5703 59%
c i  0.48 30 16 6 400 6789 5057 42% 6 90227 5700 58%
c i  0.48 30 16 6 400 6808 5065 42% 6 90227 5699 58%
c i  0.48 30 16 6 400 6851 5102 42% 6 90227 5698 58%
c i  0.49 30 16 6 409 6968 5182 42% 6 90227 5697 58%
c i  0.49 30 16 6 409 6970 5177 42% 6 90227 4970 51%
c }  0.49 30 16 6 409 7000 5201 42% 6 90227 4970 51%
c [  0.49 30 25 6 409 7000 5201 23% 12 90227 4970 51%
c i  0.49 30 25 6 409 7018 5210 26% 12 90227 4859 50%
c 
c  seconds  reductions  redundant   irredundant
c         MB    restarts       trail      variables
c          level   conflicts       glue        remaining
c 
c i  0.50 30 25 6 409 7040 3311 14% 12 61238 4858 50%
c i  0.50 30 25 6 409 7042 3312 13% 12 61238 4857 50%
c i  0.50 30 25 6 409 7055 3315 14% 12 61238 4856 50%
c i  0.50 30 25 6 409 7061 3320 15% 11 61238 4855 50%
c i  0.50 30 25 6 409 7063 3319 15% 11 61238 4854 50%
c i  0.50 30 25 6 409 7077 3326 15% 11 61238 4853 50%
c i  0.50 30 25 6 409 7083 3329 15% 11 61238 4852 50%
c ]  0.50 30 24 6 409 7093 3330 14% 11 61238 4750 49%
c 0  0.50 30 24 6 409 7093 3330 14% 11 61238 4750 49%
c 
c --- [ closing proof ] ------------------------------------------------------
c 
c DRAT proof file '/tmp/conway99-exact-eight-0029-6Kq0XH/proof.drat' closed
c DRAT 114687 added clauses 35.01%
c DRAT 212942 deleted clauses 64.99%
c DRAT 8137820 bytes (7.76 MB)
c 
c --- [ result ] -------------------------------------------------------------
c 
s UNSATISFIABLE
c 
c --- [ run-time profiling ] -------------------------------------------------
c 
c process time taken by individual solving procedures
c (percentage relative to process time for solving)
c 
c         0.35   80.74% search
c         0.24   55.25% unstable
c         0.11   25.25% stable
c         0.08   19.15% simplify
c         0.06   14.24% probe
c         0.06   13.54% parse
c         0.01    1.45% ternary
c         0.00    0.22% lucky
c   =================================
c         0.44   87.97% solve
c 
c last line shows process time for solving
c (percentage relative to total process time)
c 
c --- [ statistics ] ---------------------------------------------------------
c 
c chronological:              3128        44.10 %  of conflicts
c conflicts:                  7093     16210.76    per second
c decisions:                 23339     53340.31    per second
c fixed:                      4592        47.11 %  of all variables
c learned:                    6573        92.67 %  per conflict
c learned_lits:             371074       100.00 %  learned literals
c minimized:                     0         0.00 %  learned literals
c shrunken:                 207287        55.86 %  learned literals
c minishrunken:              32217         8.68 %  learned literals
c otfs:                         51         0.72 %  of conflict
c propagations:            4548698        10.40 M  per second
c reduced:                     559         7.88 %  per conflict
c rephased:                      3      2364.33    interval
c restarts:                    409        17.34    interval
c stabilizing:                   2        29.51 %  of conflicts
c substituted:                 406         4.16 %  of all variables
c subsumed:                   1519         0.70 %  of all clauses
c strengthened:                 50         0.02 %  of all clauses
c ternary:                      25         0.31 %  of resolved
c trail reuses:                  0         0.00 %  of incremental calls
c weakened:                    812         2.00    average size
c 
c seconds are measured in process time for solving
c 
c --- [ resources ] ----------------------------------------------------------
c 
c total process time since initialization:         0.50    seconds
c total real time since initialization:            1.23    seconds
c maximum resident set size of process:           29.50    MB
c 
c --- [ shutting down ] ------------------------------------------------------
c 
c exit 20
