c --- [ banner ] -------------------------------------------------------------
c 
c CaDiCaL SAT Solver
c Copyright (c) 2016-2023 A. Biere, M. Fleury, N. Froleyks, K. Fazekas, F. Pollitt
c 
c Version 1.9.5 146207318796f094dcded87349a64f0c6927309e
c g++ (Ubuntu 13.3.0-6ubuntu2~24.04.1) 13.3.0 -Wall -Wextra -O3 -DNDEBUG
c Wed Sep 30 06:02:32 JST 2026 Linux ikutoPC 6.6.87.2-microsoft-standard-WSL2 x86_64
c 
c --- [ limit ] --------------------------------------------------------------
c 
c setting conflict limit to 2000000 conflicts (due to '2000000')
c 
c --- [ proof tracing ] ------------------------------------------------------
c 
c opening file to write '/tmp/conway99-connected-core-01-EoKT4m/proof.drat'
c writing non-binary proof trace to '/tmp/conway99-connected-core-01-EoKT4m/proof.drat'
c 
c --- [ parsing input ] ------------------------------------------------------
c 
c reading DIMACS file from '/mnt/c/Users/ikuto/projects/conway-99-graph/acceleration/results/20260930_connected_fixed_core_cnf/core_01/instance.cnf'
c opening file to read '/mnt/c/Users/ikuto/projects/conway-99-graph/acceleration/results/20260930_connected_fixed_core_cnf/core_01/instance.cnf'
c found 'p cnf 110904 518184' header
c parsed 518184 clauses in 0.25 seconds process time
c 
c --- [ options ] ------------------------------------------------------------
c 
c   --binary=false                 (different from default 'true')
c 
c --- [ solving ] ------------------------------------------------------------
c 
c time measured in process time since initialization
c 
c  seconds  reductions  redundant  irredundant
c         MB    restarts       trail       variables
c          level   conflicts       glue         remaining
c 
c *  0.25 77  0 0   0    0    0  0% 0 514968 58290 53%
c {  0.25 78  0 0   0    0    0  0% 0 514968 58290 53%
c i  0.25 78  1 0   0    1    0 49% 0 514968 58289 53%
c i  0.25 78  1 0   0    2    0 49% 0 514968 58288 53%
c i  0.25 78  1 0   0    3    0 49% 0 514968 58287 53%
c i  0.25 78  1 0   1    4    0 49% 0 514968 58286 53%
c i  0.25 78  4 0   1    6    1 49% 0 514968 58285 53%
c i  0.25 78  6 0   1    8    2 50% 0 514968 58284 53%
c i  0.26 79 42 0  22   93   79 55% 7 514968 58283 53%
c i  0.26 79 42 0  22   94   79 55% 7 514968 58282 53%
c i  0.26 79 42 0  23   95   79 55% 7 514968 58281 53%
c -  0.34 77 48 1  70  301  279 56% 9 221876 58281 53%
c }  0.40 79 48 1 144 1002  951 57% 10 221876 58281 53%
c [  0.40 79  0 1 144 1002  951  0% 0 221876 58281 53%
c O  0.41 79  6 1 144 1003  952 49% 1 221876 58281 53%
c -  0.44 88 38 2 144 1109  930 59% 9 221876 58281 53%
c -  0.63 76 57 3 145 2320 1615 27% 23 221876 58281 53%
c ]  0.70 76 58 3 145 3002 2238 26% 25 221876 58281 53%
c {  0.70 76 48 3 145 3002 2238 109% 10 221876 58281 53%
c F  0.70 76 48 3 145 3005 2241 108% 10 221876 58281 53%
c 
c  seconds  reductions  redundant    irredundant
c         MB    restarts       trail         variables
c          level   conflicts        glue          remaining
c 
c i  0.70 76 48 3 145 3009 2244 108% 10 221876 58279 53%
c i  0.72 76 51 3 160 3192 2417 95% 10 221876 58278 53%
c i  0.81 76 58 3 270 3871 3059 69% 11 221876 58275 53%
c -  0.83 74 58 4 280 3935 2193 67% 11 221854 58275 53%
c i  0.84 74 58 4 281 3960 2216 67% 11 221854 58272 53%
c i  0.86 74 60 4 310 4168 2415 63% 11 221854 58271 53%
c i  0.87 74 60 4 314 4194 2438 62% 11 221854 58268 53%
c i  0.87 74 60 4 314 4197 2440 62% 11 221854 58265 53%
c i  0.87 74 60 4 319 4255 2496 61% 11 221854 58264 53%
c i  0.88 74 61 4 320 4270 2510 61% 11 221854 58263 53%
c i  0.89 74 61 4 334 4352 2590 60% 11 221854 58262 53%
c i  0.89 74 61 4 338 4382 2618 59% 11 221854 58261 53%
c i  0.91 74 63 4 356 4600 2822 57% 11 221854 58260 53%
c i  0.92 74 63 4 360 4621 2841 56% 11 221854 58258 53%
c i  0.92 74 63 4 366 4647 2864 56% 11 221854 58253 53%
c i  0.93 74 63 4 369 4687 2902 56% 11 221854 58252 53%
c i  0.94 74 64 4 392 4822 3029 54% 11 221854 58251 53%
c i  0.95 74 65 4 399 4897 3102 53% 11 221854 58250 53%
c d  0.99 80 65 4 409 5001 3195 52% 12 181380 40588 37%
c 2  1.03 80 65 4 409 5001 3247 52% 12 181334 40588 37%
c 
c  seconds  reductions   redundant   irredundant
c         MB    restarts        trail        variables
c          level   conflicts        glue          remaining
c 
c p  1.07 80 65 4 409 5001 14140 52% 12 181334 39659 36%
c i  1.09 80 66 4 424 5108 14234 51% 12 181334 39658 36%
c i  1.09 80 66 4 424 5128 14252 51% 12 181334 39657 36%
c i  1.11 80 66 4 447 5312 14425 49% 12 181334 39656 36%
c i  1.12 80 66 4 460 5421 14524 48% 12 181334 39655 36%
c i  1.12 80 66 4 463 5453 14554 48% 12 181334 39654 36%
c i  1.13 80 67 4 473 5541 14635 47% 12 181334 39653 36%
c i  1.13 80 67 4 473 5553 14646 47% 12 181334 39652 36%
c i  1.14 80 67 4 485 5616 14705 47% 12 181334 39651 36%
c i  1.14 80 67 4 488 5649 14734 46% 12 181334 39650 36%
c i  1.16 80 67 4 499 5838 14911 45% 12 181334 39649 36%
c i  1.17 80 67 4 509 5921 14990 45% 12 181334 39648 36%
c -  1.19 87 67 5 511 5955 2909 44% 12 177574 39648 36%
c #  1.20 87 68 5 515 6006 2959 44% 12 177574 39648 36%
c s  1.28 88 68 5 545 6287 3220 28% 12 172734 39648 36%
c v  1.32 88 68 5 545 6287 3220 28% 12 172677 39648 36%
c w  1.33 88 68 5 545 6287 3220 28% 12 172677 39648 36%
c t  1.34 88 68 5 545 6287 3220 28% 12 172466 39646 36%
c e  1.43 89 68 5 545 6287  233 28% 12 136302 17662 16%
c s  1.45 89 68 5 545 6287  219 28% 12 133201 17662 16%
c 
c  seconds  reductions  redundant   irredundant
c         MB    restarts       trail        variables
c          level   conflicts       glue          remaining
c 
c e  1.47 89 68 5 545 6287  218 28% 12 133125 17571 16%
c }  1.51 89 72 5 617 7003  890 15% 12 133125 17571 16%
c [  1.51 89 58 5 617 7003  890 38% 25 133125 17571 16%
c -  1.59 89 68 6 618 8203 1967 23% 27 133125 17571 16%
c I  1.68 89 73 6 619 10010 3698 18% 28 133125 17571 16%
c -  1.72 89 77 7 620 10565 3190 17% 29 133125 17571 16%
c -  1.87 89 82 8 621 13264 3816 15% 32 133125 17571 16%
c ]  1.99 89 84 8 622 15004 5489 15% 33 133125 17571 16%
c {  1.99 89 72 8 622 15004 5489 15% 12 133125 17571 16%
c 3  2.01 89 72 8 622 15004 8646 15% 12 133125 17571 16%
c 2  2.02 89 72 8 622 15004 8646 15% 12 132334 17571 16%
c p  2.09 89 72 8 622 15004 31114 15% 12 132334 16667 15%
c d  2.10 89 72 8 622 15004 21622 15% 12 127097 16643 15%
c d  2.11 89 72 8 622 15004 21622 15% 12 127019 16617 15%
c B  2.13 89 72 8 623 15011 21629 17% 12 127019 16617 15%
c -  2.20 89 72 9 794 16300 5695 24% 12 127019 16617 15%
c s  2.31 89 71 9 1001 17975 7250 24% 13 126500 16617 15%
c v  2.34 89 71 9 1001 17975 7250 24% 13 126495 16617 15%
c w  2.35 89 71 9 1001 17975 7250 24% 13 126495 16617 15%
c t  2.36 89 71 9 1001 17975 7077 24% 13 126389 16599 15%
c 
c  seconds  reductions    redundant   irredundant
c         MB    restarts         trail        variables
c          level     conflicts       glue          remaining
c 
c e  2.37 89 71 9 1001 17975 6919 24% 13 125616 15837 14%
c s  2.39 89 71 9 1001 17975 6880 24% 13 125428 15837 14%
c e  2.40 89 71 9 1001 17975 6873 24% 13 125401 15802 14%
c -  2.49 89 71 10 1200 19614 5430 23% 13 125401 15802 14%
c W  2.59 89 71 10 1375 21012 6746 23% 13 125401 15802 14%
c -  2.70 89 71 11 1632 23239 6172 22% 13 125401 15802 14%
c -  2.90 89 71 12 2081 27193 6927 23% 14 125401 15802 14%
c F  2.94 89 71 12 2181 28013 7714 23% 14 125401 15802 14%
c 3  3.04 89 71 12 2356 30004 12278 23% 14 125379 15802 14%
c 3  3.04 89 71 12 2356 30004 13660 23% 14 125379 15802 14%
c 2  3.05 89 71 12 2356 30004 13659 23% 14 125379 15802 14%
c p  3.13 89 71 12 2356 30004 32904 23% 14 125379 15085 14%
c d  3.14 89 71 12 2356 30004 26354 23% 14 121110 15066 14%
c d  3.15 89 71 12 2356 30004 26354 23% 14 121108 15065 14%
c }  3.19 89 71 12 2461 31004 27312 23% 14 121108 15065 14%
c [  3.19 89 84 12 2461 31004 27312 35% 33 121108 15065 14%
c -  3.23 89 84 13 2461 31476 8154 35% 33 121108 15065 14%
c s  3.45 89 84 13 2464 35908 12400 34% 32 120647 15065 14%
c v  3.49 89 84 13 2464 35908 12400 34% 32 120629 15065 14%
c w  3.49 89 84 13 2464 35908 12399 34% 32 120629 15065 14%
c 
c  seconds  reductions      redundant   irredundant
c         MB     restarts          trail        variables
c          level      conflicts        glue          remaining
c 
c t  3.50 89 84 13 2464 35908 12342 34% 32 120484 15057 14%
c e  3.51 89 84 13 2464 35908 12307 34% 32 119744 14379 13%
c s  3.52 89 84 13 2464 35908 12277 34% 32 119640 14379 13%
c e  3.53 89 84 13 2464 35908 12277 34% 32 119637 14373 13%
c B  3.55 89 84 13 2464 36015 12322 31% 32 119637 14373 13%
c -  3.56 89 84 14 2464 36025 8485 32% 32 119637 14373 13%
c -  3.79 89 80 15 2467 40876 8658 30% 30 119637 14373 13%
c W  4.05 89 77 15 2468 45017 12595 29% 30 119637 14373 13%
c -  4.11 89 77 16 2469 46049 9339 29% 30 119637 14373 13%
c 3  4.31 89 75 16 2469 50005 16661 29% 29 119637 14373 13%
c 2  4.32 89 75 16 2469 50005 16661 29% 29 119631 14373 13%
c p  4.40 89 75 16 2469 50005 31337 29% 29 119631 14280 13%
c d  4.41 89 75 16 2469 50005 27742 29% 29 118998 14278 13%
c -  4.52 89 75 17 2469 51546 10013 29% 30 118998 14278 13%
c O  4.70 89 75 17 2470 55018 13277 28% 30 118998 14278 13%
c -  4.84 89 73 18 2472 57355 10745 28% 30 118998 14278 13%
c s  5.02 89 72 18 2474 60367 13630 28% 30 118891 14278 13%
c v  5.06 89 72 18 2474 60367 13630 28% 30 118872 14278 13%
c w  5.06 89 72 18 2474 60367 13629 28% 30 118872 14278 13%
c t  5.07 89 72 18 2474 60367 13623 28% 30 118858 14278 13%
c 
c  seconds  reductions      redundant   irredundant
c         MB     restarts          trail        variables
c          level      conflicts        glue          remaining
c 
c e  5.08 89 72 18 2474 60367 13623 28% 30 118762 14182 13%
c s  5.08 89 72 18 2474 60367 13608 28% 30 118733 14182 13%
c e  5.09 89 72 18 2474 60367 13608 28% 30 118728 14179 13%
c ]  5.23 89 71 18 2476 63006 16099 28% 30 118728 14179 13%
c {  5.23 89 71 18 2476 63006 16099 26% 14 118728 14179 13%
c -  5.27 89 71 19 2541 63485 11094 26% 14 118728 14179 13%
c B  5.43 89 71 19 2860 66021 13519 26% 14 118728 14179 13%
c -  5.66 89 72 20 3314 69934 11673 26% 14 118728 14179 13%
c p  6.04 89 72 20 3916 75005 29449 26% 15 118728 14161 13%
c -  6.15 89 72 21 4104 76708 12857 25% 15 118628 14161 13%
c W  6.25 89 71 21 4121 78022 14097 25% 15 118628 14161 13%
c -  6.57 89 71 22 4671 83797 13803 25% 15 118628 14161 13%
c #  6.97 89 71 22 5415 91024 20763 25% 15 118628 14161 13%
c s  6.99 89 71 22 5415 91026 20727 25% 15 118621 14161 13%
c v  7.03 89 71 22 5415 91026 20727 25% 15 118354 14161 13%
c w  7.03 89 71 22 5415 91026 20726 25% 15 118354 14161 13%
c t  7.04 89 71 22 5415 91026 20726 25% 15 118353 14161 13%
c e  7.04 89 71 22 5415 91026 20726 25% 15 118340 14147 13%
c s  7.05 89 71 22 5415 91026 20690 25% 15 118332 14147 13%
c -  7.08 89 71 23 5425 91210 14736 25% 15 118332 14147 13%
c 
c  seconds  reductions      redundant   irredundant
c         MB     restarts          trail        variables
c          level      conflicts        glue          remaining
c 
c -  7.51 89 71 24 6175 98936 15788 25% 15 118332 14147 13%
c p  7.88 89 71 24 6724 105007 34512 25% 15 118332 14146 13%
c B  7.89 89 71 24 6727 105026 34530 25% 16 118332 14146 13%
c -  8.02 89 72 25 6901 106984 16869 25% 16 118325 14146 13%
c -  8.46 89 72 26 7610 115353 17793 25% 16 118325 14146 13%
c W  8.78 89 72 26 7997 120029 22274 25% 16 118325 14146 13%
c -  9.00 89 72 27 8306 124046 18727 25% 16 118325 14146 13%
c }  9.16 89 72 27 8565 127006 21579 25% 16 118325 14146 13%
c [  9.16 89 71 27 8565 127006 21579 28% 30 118325 14146 13%
c s  9.22 89 71 27 8565 127798 22302 28% 30 118317 14146 13%
c v  9.27 89 71 27 8565 127798 22302 28% 30 116788 14146 13%
c w  9.28 89 71 27 8565 127798 22302 28% 30 116788 14146 13%
c t  9.28 89 71 27 8565 127798 22302 28% 30 116787 14146 13%
c e  9.29 89 71 27 8565 127798 22302 28% 30 116786 14143 13%
c s  9.30 89 71 27 8565 127798 22279 28% 30 116786 14143 13%
c -  9.60 89 75 28 8568 133059 19443 29% 31 116786 14143 13%
c B  9.76 89 74 28 8570 136033 22330 29% 31 116786 14143 13%
c p 10.03 89 73 28 8572 140007 37304 30% 31 116786 14143 13%
c - 10.22 89 72 29 8572 142346 19574 30% 31 116786 14143 13%
c - 10.88 89 68 30 8574 151952 19541 30% 30 116786 14143 13%
c 
c  seconds  reductions       redundant   irredundant
c         MB     restarts           trail        variables
c          level      conflicts         glue          remaining
c 
c W 11.07 89 68 30 8574 153034 20534 30% 30 116786 14143 13%
c - 11.66 89 66 31 8574 161881 20068 30% 31 116786 14143 13%
c s 12.29 89 64 31 8577 170443 28037 29% 31 116784 14143 13%
c v 12.34 89 64 31 8577 170443 28037 29% 31 115501 14143 13%
c w 12.36 89 64 31 8577 170443 28037 29% 31 115501 14143 13%
c s 12.37 89 64 31 8577 170443 28034 29% 31 115501 14143 13%
c I 12.42 89 64 31 8577 171037 28587 29% 31 115501 14143 13%
c - 12.49 89 65 32 8577 172127 21429 29% 31 115501 14143 13%
c p 12.94 89 68 32 8581 180008 40459 30% 31 115501 14143 13%
c - 13.11 89 68 33 8583 182647 21484 30% 31 115501 14143 13%
c B 13.55 89 68 33 8588 190038 28374 29% 31 115501 14143 13%
c - 13.75 89 69 34 8589 193487 21885 29% 31 115501 14143 13%
c - 14.51 89 72 35 8592 204646 22636 29% 32 115501 14143 13%
c W 15.07 89 72 35 8596 210040 27885 29% 32 115501 14143 13%
c - 15.50 89 71 36 8599 216122 23239 29% 32 115501 14143 13%
c s 15.77 89 70 36 8601 219988 26876 29% 32 115500 14143 13%
c v 15.83 89 70 36 8601 219988 26876 29% 32 114293 14143 13%
c w 15.84 89 70 36 8601 219988 26876 29% 32 114293 14143 13%
c s 15.85 89 70 36 8601 219988 26868 29% 32 114293 14143 13%
c p 16.19 89 69 36 8603 225008 42407 29% 31 114293 14143 13%
c 
c  seconds  reductions       redundant   irredundant
c         MB     restarts           trail        variables
c          level      conflicts         glue          remaining
c 
c - 16.38 89 69 37 8604 227916 24763 30% 31 114293 14143 13%
c O 16.58 89 68 37 8604 231042 27786 30% 31 114293 14143 13%
c - 17.15 89 66 38 8605 239978 25150 30% 31 114293 14143 13%
c - 17.94 89 63 39 8606 252356 25727 30% 30 114293 14143 13%
c B 17.99 89 63 39 8606 253043 26393 30% 30 114293 14143 13%
c ] 18.10 89 63 39 8606 255007 28287 30% 30 114293 14143 13%
c { 18.10 89 72 39 8606 255007 28287 25% 16 114293 14143 13%
c - 18.69 89 72 40 9475 265054 26827 25% 16 114293 14143 13%
c s 19.25 89 72 40 10248 274251 35526 25% 16 114288 14143 13%
c v 19.30 89 72 40 10248 274251 35526 25% 16 112946 14143 13%
c w 19.32 89 72 40 10248 274251 35524 25% 16 112946 14143 13%
c t 19.32 89 72 40 10248 274251 35524 25% 16 112946 14142 13%
c e 19.33 89 72 40 10248 274251 35510 25% 16 112939 14140 13%
c s 19.35 89 72 40 10248 274251 35495 25% 16 112938 14140 13%
c p 19.45 89 72 40 10317 275008 47427 25% 16 112938 14138 13%
c F 19.52 89 72 40 10389 276045 48412 25% 16 112938 14138 13%
c - 19.67 89 72 41 10543 278068 28049 25% 16 112923 14138 13%
c - 20.49 89 72 42 11685 291334 29497 25% 16 112923 14138 13%
c B 21.02 89 72 42 12392 300046 37859 26% 16 112923 14138 13%
c - 21.37 89 72 43 12800 304914 30978 26% 17 112923 14138 13%
c 
c  seconds  reductions        redundant   irredundant
c         MB      restarts           trail        variables
c          level       conflicts         glue          remaining
c 
c - 22.24 89 72 44 13835 318810 32402 26% 17 112923 14138 13%
c W 22.82 89 72 44 14314 325050 38375 26% 17 112923 14138 13%
c p 23.20 89 72 44 14695 330008 54894 26% 17 112923 14138 13%
c - 23.43 89 72 45 14902 333022 33902 26% 17 112923 14138 13%
c s 23.53 89 72 45 14988 334206 34949 26% 17 112920 14138 13%
c v 23.60 89 72 45 14988 334206 34949 26% 17 111134 14138 13%
c w 23.61 89 72 45 14988 334206 34946 26% 17 111134 14138 13%
c e 23.62 89 72 45 14988 334206 34944 26% 17 111133 14137 13%
c s 23.63 89 72 45 14988 334206 34916 26% 17 111133 14137 13%
c - 24.55 89 73 46 15994 347550 35111 26% 17 111133 14137 13%
c # 24.77 89 73 46 16258 351051 38462 26% 17 111133 14137 13%
c - 25.51 89 72 47 17099 362297 36312 26% 17 111133 14137 13%
c - 26.54 89 73 48 18295 377357 37666 26% 17 111133 14137 13%
c B 26.59 89 73 48 18335 378052 38337 26% 17 111133 14137 13%
c 3 27.40 89 72 48 19164 390011 51337 26% 17 111133 14137 13%
c p 27.44 89 72 48 19164 390011 61783 26% 17 111133 14137 13%
c - 27.69 89 72 49 19333 392734 39038 26% 17 111133 14137 13%
c W 28.89 89 73 49 20345 406054 51822 26% 18 111133 14137 13%
c - 29.09 89 73 50 20573 408421 40283 26% 18 111133 14137 13%
c - 30.13 89 73 51 21700 424423 41602 26% 18 111133 14137 13%
c 
c  seconds  reductions        redundant   irredundant
c         MB      restarts           trail        variables
c          level       conflicts         glue          remaining
c 
c s 30.28 89 73 51 21849 426446 43422 26% 18 111126 14137 13%
c v 30.36 89 73 51 21849 426446 43422 26% 18 108264 14137 13%
c w 30.38 89 73 51 21849 426446 43421 26% 18 108264 14137 13%
c e 30.39 89 73 51 21849 426446 43421 26% 18 108263 14136 13%
c s 30.40 89 73 51 21849 426446 43396 26% 18 108262 14136 13%
c F 30.97 89 72 51 22476 435057 51709 26% 18 108262 14136 13%
c - 31.35 89 72 52 22853 440739 42716 26% 18 108262 14136 13%
c 3 32.34 89 72 52 23961 455013 57699 26% 18 108262 14136 13%
c p 32.39 89 72 52 23961 455013 68186 26% 18 108262 14136 13%
c - 32.61 89 72 53 24166 457189 44012 26% 18 108262 14136 13%
c B 33.12 89 72 53 24742 465058 51579 26% 18 108262 14136 13%
c - 33.71 89 72 54 25306 473947 45014 26% 18 108262 14136 13%
c - 34.85 89 72 55 26519 491016 46296 26% 18 108262 14136 13%
c W 35.43 89 72 55 26821 496060 51104 26% 18 108262 14136 13%
c - 36.29 89 72 56 27706 508395 47589 26% 18 108262 14136 13%
c } 36.46 89 72 56 27873 511007 50099 26% 18 108262 14136 13%
c [ 36.46 89 63 56 27873 511007 50099 30% 30 108262 14136 13%
c p 37.43 89 62 56 27873 525015 75123 30% 29 108262 14136 13%
c s 37.48 89 62 56 27873 525015 74665 30% 29 108238 14136 13%
c v 37.57 89 62 56 27873 525015 74665 30% 29 107824 14136 13%
c 
c  seconds  reductions        redundant   irredundant
c         MB      restarts           trail        variables
c          level       conflicts         glue          remaining
c 
c w 37.60 89 62 56 27873 525015 74647 30% 29 107824 14136 13%
c t 37.60 89 62 56 27873 525015 74647 30% 29 107820 14136 13%
c e 37.61 89 62 56 27873 525015 74366 30% 29 107765 14097 13%
c s 37.65 89 62 56 27873 525015 74283 30% 29 107689 14097 13%
c - 37.76 89 62 57 27873 526084 47711 30% 29 107689 14097 13%
c W 38.21 89 62 57 27873 528061 49611 30% 29 107689 14097 13%
c - 39.27 89 61 58 27876 544043 46532 31% 29 107689 14097 13%
c I 40.32 89 62 58 27886 561062 62889 31% 29 107689 14097 13%
c - 40.42 89 62 59 27887 562314 46452 31% 29 107689 14097 13%
c - 41.48 89 65 60 27894 580898 46706 32% 30 107689 14097 13%
c B 42.46 89 65 60 27902 595063 60330 31% 30 107689 14097 13%
c - 42.76 89 67 61 27903 599786 47521 31% 30 107689 14097 13%
c p 42.83 89 67 61 27903 600017 60923 31% 30 107689 14094 13%
c s 42.95 89 67 61 27903 601284 61809 31% 30 107661 14094 13%
c v 43.00 89 67 61 27903 601284 61809 31% 30 107486 14094 13%
c w 43.02 89 67 61 27903 601284 61807 31% 30 107486 14094 13%
c e 43.03 89 67 61 27903 601284 61624 31% 30 107425 14075 13%
c s 43.04 89 67 61 27903 601284 61582 31% 30 107420 14075 13%
c - 44.37 89 66 62 27904 618984 47931 31% 31 107420 14075 13%
c W 45.55 89 65 62 27910 630066 58384 31% 31 107420 14075 13%
c 
c  seconds   reductions        redundant   irredundant
c          MB      restarts           trail        variables
c           level       conflicts         glue          remaining
c 
c - 46.16 100 64 63 27914 638472 49362 31% 31 107420 14075 13%
c - 47.67 89 63 64 27921 658268 49949 32% 31 107420 14075 13%
c O 48.32 89 63 64 27926 666069 57294 32% 31 107420 14075 13%
c - 49.23 101 61 65 27933 678376 51116 32% 30 107420 14075 13%
c p 49.39 101 61 65 27933 680017 63027 32% 30 107420 14075 13%
c s 49.67 101 60 65 27934 683384 66166 32% 30 107419 14075 13%
c v 49.73 101 60 65 27934 683384 66166 32% 30 107144 14075 13%
c w 49.75 101 60 65 27934 683384 66161 32% 30 107144 14075 13%
c e 49.76 101 60 65 27934 683384 65557 32% 30 107122 14027 13%
c s 49.78 101 60 65 27934 683384 65504 32% 30 107103 14027 13%
c e 49.79 101 60 65 27934 683384 65504 32% 30 107101 14026 13%
c - 50.97 89 60 66 27935 698791 51750 32% 30 107101 14026 13%
c B 51.34 89 60 66 27935 703070 55800 32% 30 107101 14026 13%
c - 52.55 101 61 67 27936 719491 52988 32% 31 107101 14026 13%
c - 54.12 89 63 68 27937 740498 54259 32% 31 107101 14026 13%
c W 54.52 89 63 68 27937 741071 54818 32% 31 107101 14026 13%
c - 56.15 90 63 69 27937 761816 53894 32% 31 107101 14026 13%
c p 56.59 90 63 69 27937 765017 69759 32% 31 107101 13988 13%
c s 57.16 90 63 69 27937 771368 75656 32% 31 107096 13988 13%
c v 57.23 90 63 69 27937 771368 75656 32% 31 106831 13988 13%
c 
c  seconds  reductions        redundant   irredundant
c         MB      restarts           trail        variables
c          level       conflicts         glue          remaining
c 
c w 57.25 90 63 69 27937 771368 75644 32% 31 106831 13988 13%
c t 57.26 90 63 69 27937 771368 75644 32% 31 106828 13988 13%
c e 57.27 90 63 69 27937 771368 74819 32% 31 106554 13916 13%
c s 57.29 90 63 69 27937 771368 74790 32% 31 106487 13916 13%
c I 58.05 90 62 69 27937 780076 83118 32% 31 106487 13916 13%
c - 58.31 90 64 70 27937 783441 55328 32% 31 106487 13916 13%
c - 60.05 103 73 71 27937 805322 55612 32% 33 106487 13916 13%
c B 61.32 103 76 71 27946 820078 69899 31% 34 106487 13916 13%
c - 61.85 90 76 72 27951 827511 57541 31% 34 106487 13916 13%
c - 63.57 91 75 73 27959 850010 57624 31% 34 106487 13916 13%
c p 64.08 91 74 73 27962 855017 73736 31% 33 106487 13857 12%
c W 65.00 91 74 73 27966 861079 79214 31% 34 106157 13857 12%
c s 65.35 91 74 73 27967 865318 83024 31% 33 106143 13857 12%
c v 65.43 91 74 73 27967 865318 83024 31% 33 105633 13857 12%
c w 65.46 91 74 73 27967 865318 83023 31% 33 105633 13857 12%
c t 65.46 91 74 73 27967 865318 83023 31% 33 105632 13857 12%
c e 65.47 91 74 73 27967 865318 82888 31% 33 105584 13810 12%
c s 65.51 91 74 73 27967 865318 82860 31% 33 104346 13810 12%
c - 66.12 91 72 74 27968 872816 58134 31% 33 104346 13810 12%
c - 67.89 91 69 75 27974 895733 58844 31% 33 104346 13810 12%
c 
c  seconds  reductions        redundant   irredundant
c         MB      restarts           trail        variables
c          level       conflicts         glue          remaining
c 
c O 68.45 91 68 75 27977 903080 65847 31% 33 104346 13810 12%
c - 69.61 91 65 76 27983 918954 59669 31% 32 104346 13810 12%
c - 71.69 91 62 77 27996 942480 59725 31% 31 104346 13810 12%
c B 71.99 91 62 77 27997 946082 63141 31% 31 104346 13810 12%
c p 72.40 91 62 77 27998 950019 77153 31% 31 104346 13795 12%
c s 73.60 91 63 77 27999 964520 90947 32% 31 104343 13795 12%
c v 73.68 91 63 77 27999 964520 90947 32% 31 103738 13795 12%
c w 73.72 91 63 77 27999 964520 90943 32% 31 103738 13795 12%
c t 73.72 91 63 77 27999 964520 90943 32% 31 103734 13795 12%
c e 73.73 91 63 77 27999 964520 90532 32% 31 103645 13783 12%
c s 73.75 91 63 77 27999 964520 90524 32% 31 103634 13783 12%
c - 73.96 91 63 78 27999 966314 60527 31% 31 103634 13783 12%
c W 76.62 91 62 78 28000 990083 82280 31% 32 103634 13783 12%
c - 76.68 91 62 79 28000 990381 60383 31% 32 103634 13783 12%
c - 78.59 91 61 80 28007 1014756 60915 31% 31 103634 13783 12%
c ] 79.26 91 60 80 28011 1023008 68743 31% 31 103634 13783 12%
c { 79.26 91 72 80 28011 1023008 68743 26% 18 103634 13783 12%
c # 80.11 91 72 80 28765 1035084 80366 26% 18 103634 13783 12%
c - 80.48 91 72 81 29045 1039435 63938 26% 18 103634 13783 12%
c p 81.29 91 72 81 29694 1050019 83506 26% 18 103634 13783 12%
c 
c  seconds  reductions         redundant   irredundant
c         MB      restarts            trail        variables
c          level        conflicts         glue          remaining
c 
c - 82.51 91 72 82 30637 1064416 66205 26% 19 103634 13783 12%
c s 82.91 91 72 82 30922 1069300 70813 26% 19 103634 13783 12%
c v 82.99 91 72 82 30922 1069300 70813 26% 19 102966 13783 12%
c w 83.02 91 72 82 30922 1069300 70810 26% 19 102966 13783 12%
c t 83.03 91 72 82 30922 1069300 70810 26% 19 102965 13783 12%
c e 83.04 91 72 82 30922 1069300 70810 26% 19 102965 13779 12%
c s 83.08 91 72 82 30922 1069300 70790 26% 19 102964 13779 12%
c B 83.98 91 72 82 31681 1081085 82167 26% 19 102964 13779 12%
c - 84.72 91 72 83 32274 1089705 68063 26% 19 102964 13779 12%
c - 86.77 91 72 84 33972 1115225 69990 26% 19 102964 13779 12%
c W 88.17 91 72 84 34694 1128088 82375 27% 19 102964 13779 12%
c - 89.26 91 72 85 35490 1141053 71689 27% 19 102964 13779 12%
c p 90.35 91 72 85 36309 1155019 94819 27% 19 102964 13779 12%
c - 91.31 91 72 86 36918 1167180 73670 27% 19 102964 13779 12%
c F 92.00 91 72 86 37489 1176089 82255 27% 19 102964 13779 12%
c s 92.34 91 72 86 37722 1179562 85490 27% 19 102962 13779 12%
c v 92.43 91 72 86 37722 1179562 85490 27% 19 102123 13779 12%
c w 92.46 91 72 86 37722 1179562 85486 27% 19 102123 13779 12%
c e 92.48 91 72 86 37722 1179562 85486 27% 19 102123 13776 12%
c s 92.51 91 72 86 37722 1179562 85472 27% 19 102122 13776 12%
c 
c  seconds  reductions         redundant   irredundant
c         MB      restarts            trail        variables
c          level        conflicts         glue          remaining
c 
c - 93.79 91 72 87 38681 1193611 75222 27% 19 102122 13776 12%
c - 96.10 91 72 88 40282 1220253 76824 27% 19 102122 13776 12%
c B 96.49 91 72 88 40556 1225093 81481 27% 19 102122 13776 12%
c - 98.47 91 72 89 41921 1247197 78515 27% 19 102122 13776 12%
c p 99.96 91 72 89 42878 1265020 105683 27% 19 102122 13776 12%
c - 100.87 91 71 90 43454 1274448 80211 27% 20 102122 13776 12%
c W 101.40 91 71 90 43526 1275095 80823 27% 20 102122 13776 12%
c - 103.67 91 72 91 45124 1301998 81756 27% 20 102122 13776 12%
c # 105.70 91 72 91 46612 1326097 104966 27% 20 102122 13776 12%
c - 106.08 91 72 92 46779 1329849 83316 27% 20 102122 13776 12%
c - 108.59 91 72 93 48300 1358006 84798 27% 20 102122 13776 12%
c B 110.48 91 71 93 49472 1378098 104150 27% 20 102122 13776 12%
c p 110.72 91 72 93 49561 1380021 115708 27% 20 102122 13776 12%
c - 111.49 91 72 94 49976 1386463 86760 27% 20 102122 13776 12%
c - 114.31 91 72 95 51645 1415222 88190 27% 20 102122 13776 12%
c W 116.17 91 71 95 52509 1431100 103502 27% 20 102122 13776 12%
c - 117.48 91 72 96 53278 1444284 89676 27% 20 102122 13776 12%
c - 120.17 91 72 97 55027 1473649 91493 27% 20 102122 13776 12%
c F 121.11 91 72 97 55599 1485101 102502 27% 20 102122 13776 12%
c p 122.56 91 72 97 56449 1500023 126836 27% 20 102122 13776 12%
c 
c  seconds   reductions         redundant   irredundant
c          MB      restarts            trail        variables
c           level        conflicts         glue          remaining
c 
c - 122.92 92 72 98 56587 1503317 93100 27% 20 102122 13776 12%
c - 124.61 92 68 99 57303 1533288 93287 26% 20 102122 13776 12%
c s 124.76 92 67 99 57328 1535095 94727 26% 20 102122 13776 12%
c v 124.97 92 67 99 57328 1535095 94727 26% 20 101305 13776 12%
c w 125.04 92 67 99 57328 1535095 94713 26% 20 101305 13776 12%
c e 125.05 92 67 99 57328 1535095 94386 26% 20 101289 13734 12%
c s 125.11 92 67 99 57328 1535095 94300 26% 20 100776 13734 12%
c e 125.11 92 67 99 57328 1535095 94300 26% 20 100776 13733 12%
c B 125.52 92 68 99 57637 1540102 99138 26% 20 100776 13733 12%
c - 127.11 92 67 100 58469 1563561 93514 26% 20 100776 13733 12%
c - 129.74 92 68 101 60232 1593962 95395 26% 20 100776 13733 12%
c W 130.40 92 68 101 60357 1596103 97453 26% 20 100776 13733 12%
c - 133.12 92 69 102 62096 1624664 97399 26% 20 100776 13733 12%
c 3 133.17 92 69 102 62124 1625027 99245 26% 20 100776 13733 12%
c 3 133.18 92 69 102 62124 1625027 99755 26% 20 100776 13733 12%
c p 133.22 92 69 102 62124 1625027 107967 26% 20 100776 13733 12%
c # 135.85 92 69 102 63696 1653106 135090 27% 20 100776 13733 12%
c - 136.16 92 69 103 63848 1655669 99705 27% 20 100776 13733 12%
c s 136.26 92 69 103 63860 1655864 99749 27% 20 100772 13733 12%
c v 136.33 92 69 103 63860 1655864 99749 27% 20 100740 13733 12%
c 
c  seconds    reductions         redundant   irredundant
c          MB       restarts            trail        variables
c           level         conflicts         glue          remaining
c 
c w 136.38 92 69 103 63860 1655864 99741 27% 20 100740 13733 12%
c e 136.39 92 69 103 63860 1655864 99741 27% 20 100738 13732 12%
c s 136.44 92 69 103 63860 1655864 99714 27% 20 100736 13732 12%
c - 139.46 105 70 104 65695 1686973 101068 27% 20 100736 13732 12%
c B 141.63 105 70 104 66942 1711108 124374 27% 20 100736 13732 12%
c - 142.41 92 70 105 67350 1718573 102516 27% 20 100736 13732 12%
c - 145.59 105 71 106 69249 1750474 104181 27% 21 100736 13732 12%
c p 146.09 105 71 106 69534 1755028 117518 27% 21 100736 13730 12%
c W 147.97 92 71 106 70267 1770111 132040 27% 21 100728 13730 12%
c s 149.31 92 71 106 70968 1782363 143653 27% 21 100717 13730 12%
c v 149.40 92 71 106 70968 1782363 143653 27% 21 100658 13730 12%
c w 149.46 92 71 106 70968 1782363 143649 27% 21 100658 13730 12%
c e 149.47 92 71 106 70968 1782363 143614 27% 21 100642 13716 12%
c s 149.54 92 71 106 70968 1782363 143594 27% 21 100626 13716 12%
c e 149.55 92 71 106 70968 1782363 143593 27% 21 100623 13715 12%
c - 149.63 106 71 107 70976 1782676 105616 27% 21 100623 13715 12%
c - 152.77 92 71 108 72650 1815163 107112 27% 21 100623 13715 12%
c F 154.23 92 71 108 73543 1830112 121518 27% 21 100623 13715 12%
c - 156.06 106 71 109 74404 1847951 108589 27% 21 100623 13715 12%
c - 159.40 92 71 110 76168 1881041 110091 27% 21 100623 13715 12%
c 
c  seconds    reductions         redundant    irredundant
c          MB       restarts             trail        variables
c           level         conflicts          glue          remaining
c 
c p 160.22 92 71 110 76565 1890030 127830 27% 21 100623 13715 12%
c B 160.34 92 71 110 76623 1891115 128891 27% 21 100623 13715 12%
c - 162.71 106 71 111 77756 1914430 111815 27% 21 100623 13715 12%
c s 162.83 106 71 111 77762 1914622 111870 27% 21 100623 13715 12%
c v 162.93 106 71 111 77762 1914622 111870 27% 21 100615 13715 12%
c w 162.99 106 71 111 77762 1914622 111870 27% 21 100615 13715 12%
c e 163.00 106 71 111 77762 1914622 111870 27% 21 100615 13713 12%
c s 163.08 106 71 111 77762 1914622 111852 27% 21 100615 13713 12%
c ^ 163.08 106 71 111 77762 1914622 111852 27% 21 100615 13713 12%
c - 166.59 92 71 112 79466 1948123 113062 28% 21 100615 13713 12%
c W 167.55 92 71 112 79734 1953121 117910 28% 21 100615 13713 12%
c - 170.49 107 71 113 81323 1982115 114594 27% 21 100615 13713 12%
c } 172.16 107 71 113 82152 2000000 131864 27% 21 100615 13713 12%
c ? 172.17 107 71 113 82152 2000000 131864 27% 21 100615 13713 12%
c 
c --- [ closing proof ] ------------------------------------------------------
c 
c DRAT proof file '/tmp/conway99-connected-core-01-EoKT4m/proof.drat' closed
c DRAT 2591555 added clauses 47.87%
c DRAT 2821785 deleted clauses 52.13%
c DRAT 1026174428 bytes (978.64 MB)
c 
c --- [ result ] -------------------------------------------------------------
c 
c UNKNOWN
c 
c --- [ run-time profiling ] -------------------------------------------------
c 
c process time taken by individual solving procedures
c (percentage relative to process time for solving)
c 
c       165.66   96.36% search
c       109.84   63.89% unstable
c        50.00   29.08% stable
c         6.26    3.64% simplify
c         5.81    3.38% walk
c         2.06    1.20% vivify
c         1.46    0.85% subsume
c         1.38    0.80% probe
c         0.47    0.27% elim
c         0.40    0.23% ternary
c         0.25    0.14% parse
c         0.00    0.00% lucky
c   =================================
c       171.92   99.86% solve
c 
c last line shows process time for solving
c (percentage relative to total process time)
c 
c --- [ statistics ] ---------------------------------------------------------
c 
c chronological:            473947        23.70 %  of conflicts
c conflicts:               2000000     11633.23    per second
c decisions:               8346552     48548.66    per second
c eliminated:                23982        21.62 %  of all variables
c fixed:                     55475        50.02 %  of all variables
c learned:                 1950615        97.53 %  per conflict
c learned_lits:          133890863       100.00 %  learned literals
c minimized:                     0         0.00 %  learned literals
c shrunken:               15484653        11.57 %  learned literals
c minishrunken:           14304391        10.68 %  learned literals
c otfs:                       2307         0.12 %  of conflict
c propagations:         1125311818         6.55 M  per second
c reduced:                 1783351        89.17 %  per conflict
c rephased:                     62     32258.06    interval
c restarts:                  82152        24.35    interval
c stabilizing:                   5        34.10 %  of conflicts
c substituted:               17734        15.99 %  of all variables
c subsumed:                  60433         2.05 %  of all clauses
c strengthened:              29823         1.01 %  of all clauses
c ternary:                   43241         0.60 %  of resolved
c trail reuses:                  0         0.00 %  of incremental calls
c vivified:                  18465         0.63 %  of all clauses
c walked:                       20    100000.00    interval
c weakened:                 121241         2.35    average size
c 
c seconds are measured in process time for solving
c 
c --- [ resources ] ----------------------------------------------------------
c 
c total process time since initialization:       172.17    seconds
c total real time since initialization:          174.21    seconds
c maximum resident set size of process:          106.59    MB
c 
c --- [ shutting down ] ------------------------------------------------------
c 
c exit 0
