c --- [ banner ] -------------------------------------------------------------
c 
c CaDiCaL SAT Solver
c Copyright (c) 2016-2023 A. Biere, M. Fleury, N. Froleyks, K. Fazekas, F. Pollitt
c 
c Version 1.9.5 146207318796f094dcded87349a64f0c6927309e
c g++ (Ubuntu 13.3.0-6ubuntu2~24.04.1) 13.3.0 -Wall -Wextra -O3 -DNDEBUG
c Wed Sep 30 06:02:32 JST 2026 Linux ikutoPC 6.6.87.2-microsoft-standard-WSL2 x86_64
c 
c --- [ limit ] --------------------------------------------------------------
c 
c setting conflict limit to 1000000 conflicts (due to '1000000')
c 
c --- [ proof tracing ] ------------------------------------------------------
c 
c opening file to write '/tmp/conway99-exact-eight-0056-6IESXf/proof.drat'
c writing non-binary proof trace to '/tmp/conway99-exact-eight-0056-6IESXf/proof.drat'
c 
c --- [ parsing input ] ------------------------------------------------------
c 
c reading DIMACS file from '/mnt/c/Users/ikuto/projects/conway-99-graph/acceleration/results/20260930_exact_eight_next64_cnfs_part00/case_0056/instance.cnf'
c opening file to read '/mnt/c/Users/ikuto/projects/conway-99-graph/acceleration/results/20260930_exact_eight_next64_cnfs_part00/case_0056/instance.cnf'
c found 'p cnf 9748 167416' header
c parsed 167416 clauses in 0.06 seconds process time
c 
c --- [ options ] ------------------------------------------------------------
c 
c   --binary=false                 (different from default 'true')
c 
c --- [ solving ] ------------------------------------------------------------
c 
c time measured in process time since initialization
c 
c  seconds  reductions  redundant  irredundant
c         MB    restarts       trail      variables
c          level   conflicts       glue        remaining
c 
c *  0.06 17  0 0   0    0    0  0% 0 117488 6820 70%
c {  0.06 18  0 0   0    0    0  0% 0 117488 6820 70%
c i  0.07 18 13 0   1  127   81 50% 4 117488 6819 70%
c -  0.08 19 15 1   4  300  215 52% 4 117311 6819 70%
c i  0.08 19 14 1   6  374  254 52% 4 117311 6818 70%
c i  0.09 19 13 1  10  405  266 52% 4 117311 6817 70%
c i  0.09 19 13 1  13  459  303 52% 4 117311 6816 70%
c i  0.09 19 14 1  18  489  325 52% 4 117311 6815 70%
c i  0.09 19 15 1  39  584  392 51% 4 117311 6766 69%
c i  0.10 19 14 1  51  705  462 51% 4 117311 6744 69%
c i  0.10 19 14 1  51  743  488 51% 4 117311 6743 69%
c i  0.10 19 13 1  58  791  523 51% 4 117311 6742 69%
c i  0.10 19 14 1  75  903  612 50% 5 117311 6741 69%
c -  0.11 23 14 2  76  946  356 50% 5 114646 6741 69%
c }  0.12 23 14 2  76 1000  392 50% 5 114646 6741 69%
c [  0.12 23  0 2  76 1000  392  0% 0 114646 6741 69%
c O  0.12 23  7 2  76 1002  394 52% 1 114646 6741 69%
c i  0.12 23 16 2  76 1088  453 52% 6 114646 6739 69%
c i  0.13 23 23 2  76 1295  624 51% 6 114646 5875 60%
c i  0.13 23 21 2  76 1338  658 51% 6 114646 5873 60%
c 
c  seconds  reductions  redundant  irredundant
c         MB    restarts       trail      variables
c          level   conflicts       glue        remaining
c 
c i  0.13 23 21 2  76 1339  658 51% 6 114646 5872 60%
c i  0.13 23 21 2  76 1346  660 51% 6 114646 5871 60%
c ]  0.13 23 21 2  76 1350  662 51% 6 114646 4246 44%
c 0  0.13 23 21 2  76 1350  662 51% 6 114646 4246 44%
c 
c --- [ closing proof ] ------------------------------------------------------
c 
c DRAT proof file '/tmp/conway99-exact-eight-0056-6IESXf/proof.drat' closed
c DRAT 8204 added clauses 13.02%
c DRAT 54809 deleted clauses 86.98%
c DRAT 1573933 bytes (1.50 MB)
c 
c --- [ result ] -------------------------------------------------------------
c 
s UNSATISFIABLE
c 
c --- [ run-time profiling ] -------------------------------------------------
c 
c process time taken by individual solving procedures
c (percentage relative to process time for solving)
c 
c         0.07   98.89% search
c         0.06   90.13% parse
c         0.05   74.10% unstable
c         0.02   22.94% stable
c         0.00    1.79% lucky
c         0.00    0.00% simplify
c   =================================
c         0.07   52.34% solve
c 
c last line shows process time for solving
c (percentage relative to total process time)
c 
c --- [ statistics ] ---------------------------------------------------------
c 
c chronological:               627        46.44 %  of conflicts
c conflicts:                  1350     19363.44    per second
c decisions:                  4152     59553.35    per second
c fixed:                      5502        56.44 %  of all variables
c learned:                    1193        88.37 %  per conflict
c learned_lits:              48660       100.00 %  learned literals
c minimized:                     0         0.00 %  learned literals
c shrunken:                  28291        58.14 %  learned literals
c minishrunken:               3011         6.19 %  learned literals
c otfs:                         20         1.48 %  of conflict
c propagations:             676317         9.70 M  per second
c reduced:                       6         0.44 %  per conflict
c rephased:                      1      1350.00    interval
c restarts:                     76        17.76    interval
c stabilizing:                   1        25.85 %  of conflicts
c subsumed:                    237         0.20 %  of all clauses
c strengthened:                 19         0.02 %  of all clauses
c trail reuses:                  0         0.00 %  of incremental calls
c 
c seconds are measured in process time for solving
c 
c --- [ resources ] ----------------------------------------------------------
c 
c total process time since initialization:         0.13    seconds
c total real time since initialization:            0.80    seconds
c maximum resident set size of process:           23.28    MB
c 
c --- [ shutting down ] ------------------------------------------------------
c 
c exit 20
