c --- [ banner ] -------------------------------------------------------------
c 
c CaDiCaL SAT Solver
c Copyright (c) 2016-2023 A. Biere, M. Fleury, N. Froleyks, K. Fazekas, F. Pollitt
c 
c Version 1.9.5 146207318796f094dcded87349a64f0c6927309e
c g++ (Ubuntu 13.3.0-6ubuntu2~24.04.1) 13.3.0 -Wall -Wextra -O3 -DNDEBUG
c Wed Sep 30 06:02:32 JST 2026 Linux ikutoPC 6.6.87.2-microsoft-standard-WSL2 x86_64
c 
c --- [ limit ] --------------------------------------------------------------
c 
c setting conflict limit to 1000000 conflicts (due to '1000000')
c 
c --- [ proof tracing ] ------------------------------------------------------
c 
c opening file to write '/tmp/conway99-seven-profile-rank5_153_profile_0044-47Ev0K/proof.drat'
c writing non-binary proof trace to '/tmp/conway99-seven-profile-rank5_153_profile_0044-47Ev0K/proof.drat'
c 
c --- [ parsing input ] ------------------------------------------------------
c 
c reading DIMACS file from '/mnt/c/Users/ikuto/projects/conway-99-graph/acceleration/results/20260930_hadamard_seven_remaining_cnfs/run01/rank5_153_profile_0044/instance.cnf'
c opening file to read '/mnt/c/Users/ikuto/projects/conway-99-graph/acceleration/results/20260930_hadamard_seven_remaining_cnfs/run01/rank5_153_profile_0044/instance.cnf'
c found 'p cnf 9872 170454' header
c parsed 170454 clauses in 0.07 seconds process time
c 
c --- [ options ] ------------------------------------------------------------
c 
c   --binary=false                 (different from default 'true')
c 
c --- [ solving ] ------------------------------------------------------------
c 
c time measured in process time since initialization
c 
c  seconds  reductions  redundant  irredundant
c         MB    restarts       trail      variables
c          level   conflicts       glue        remaining
c 
c *  0.07 18  0 0   0    0    0  0% 0 120532 6939 70%
c {  0.07 18  0 0   0    0    0  0% 0 120532 6939 70%
c i  0.07 18  1 0   0    3    2 34% 1 120532 6938 70%
c i  0.07 18  1 0   0    4    2 35% 0 120532 6937 70%
c i  0.08 19 21 0  26  269  177 52% 8 120532 6936 70%
c i  0.08 19 21 0  27  270  177 52% 8 120532 6935 70%
c i  0.08 19 21 0  27  271  177 52% 8 120532 6934 70%
c i  0.08 19 21 0  29  278  183 52% 8 120532 6933 70%
c i  0.08 19 21 0  29  279  183 52% 8 120532 6932 70%
c i  0.09 19 20 0  29  301  200 53% 8 120532 6930 70%
c -  0.09 19 20 1  29  301  200 53% 8 119879 6930 70%
c i  0.09 19 18 1  29  353  237 53% 7 119879 6929 70%
c i  0.09 19 18 1  29  354  237 53% 7 119879 6928 70%
c i  0.09 19 18 1  29  374  241 52% 7 119879 6927 70%
c i  0.09 19 18 1  29  375  241 52% 7 119879 6926 70%
c i  0.09 19 18 1  29  376  241 52% 7 119879 6925 70%
c i  0.09 19 17 1  29  378  242 52% 7 119879 6924 70%
c i  0.09 19 17 1  29  379  242 52% 7 119879 6923 70%
c i  0.09 19 17 1  29  394  250 53% 7 119879 6922 70%
c i  0.09 19 17 1  29  396  250 52% 7 119879 6921 70%
c 
c  seconds  reductions  redundant  irredundant
c         MB    restarts       trail      variables
c          level   conflicts       glue        remaining
c 
c i  0.09 19 17 1  29  402  253 52% 7 119879 6920 70%
c i  0.09 19 17 1  29  413  263 52% 7 119879 6919 70%
c i  0.09 19 17 1  29  441  287 53% 7 119879 6918 70%
c i  0.09 19 17 1  29  442  287 52% 7 119879 6917 70%
c i  0.09 19 17 1  29  443  287 52% 7 119879 6916 70%
c i  0.09 19 17 1  29  444  287 52% 7 119879 6915 70%
c i  0.09 19 17 1  29  445  287 52% 7 119879 6914 70%
c i  0.09 19 16 1  29  469  304 53% 6 119879 6913 70%
c i  0.09 19 16 1  29  471  305 52% 6 119879 6883 70%
c i  0.10 19 16 1  29  472  305 52% 6 119879 6882 70%
c i  0.10 19 15 1  29  545  356 52% 6 119879 6881 70%
c i  0.10 19 15 1  29  547  357 52% 6 119879 6880 70%
c i  0.11 19 16 1  48  884  610 53% 6 119879 6792 69%
c i  0.11 19 17 1  48  906  624 53% 6 119879 6742 68%
c i  0.11 19 17 1  48  919  629 52% 6 119879 6668 68%
c -  0.13 24 17 2  48  951  486 52% 6 108050 6656 67%
c i  0.13 24 17 2  48  952  486 52% 6 108050 6655 67%
c i  0.13 24 17 2  48  953  486 52% 6 108050 6652 67%
c }  0.13 24 18 2  56 1000  527 52% 6 108050 6652 67%
c [  0.13 24  0 2  56 1000  527  0% 0 108050 6652 67%
c 
c  seconds   reductions  redundant   irredundant
c         MB     restarts       trail       variables
c           level   conflicts       glue         remaining
c 
c O  0.13 24 136 2  56 1005  532 63% 12 108050 6652 67%
c i  0.13 24 28 2  56 1028  548 59% 5 108050 6651 67%
c i  0.13 24 45 2  56 1047  565 56% 9 108050 6650 67%
c i  0.13 24 45 2  56 1067  581 54% 11 108050 6649 67%
c i  0.13 24 44 2  56 1068  581 54% 11 108050 6648 67%
c i  0.13 24 43 2  56 1070  581 54% 11 108050 6647 67%
c i  0.13 24 42 2  56 1077  587 54% 11 108050 6641 67%
c i  0.13 24 41 2  56 1086  592 53% 11 108050 6640 67%
c i  0.13 24 40 2  56 1089  594 53% 10 108050 6639 67%
c i  0.13 24 40 2  56 1090  594 53% 10 108050 6638 67%
c i  0.14 24 38 2  56 1103  604 52% 11 108050 6637 67%
c i  0.14 24 37 2  56 1112  609 52% 10 108050 6570 67%
c i  0.14 24 35 2  56 1128  623 52% 10 108050 6569 67%
c i  0.14 24 33 2  56 1140  632 52% 9 108050 6568 67%
c i  0.14 24 30 2  56 1168  653 52% 9 108050 6567 67%
c i  0.14 24 29 2  56 1172  656 52% 9 108050 6566 67%
c i  0.14 24 26 2  56 1229  703 53% 8 108050 6565 67%
c i  0.15 24 25 2  56 1268  736 53% 8 108050 6564 66%
c i  0.15 24 26 2  56 1287  751 54% 9 108050 6470 66%
c i  0.15 24 27 2  56 1376  823 53% 10 108050 6469 66%
c 
c  seconds  reductions  redundant   irredundant
c         MB    restarts       trail       variables
c          level   conflicts       glue         remaining
c 
c i  0.15 24 30 2  56 1423  866 53% 12 108050 6468 66%
c i  0.15 24 31 2  56 1439  879 53% 12 108050 6465 65%
c i  0.16 24 35 2  56 1497  923 53% 14 108050 6464 65%
c i  0.16 24 35 2  56 1505  928 53% 14 108050 6458 65%
c i  0.17 24 37 2  56 1721 1111 54% 14 108050 6457 65%
c i  0.17 24 37 2  56 1728 1117 54% 14 108050 6456 65%
c -  0.19 24 34 3  56 1882 1088 54% 14 99759 6456 65%
c i  0.19 24 33 3  56 1935 1130 53% 14 99759 6455 65%
c i  0.19 24 33 3  56 1936 1130 53% 14 99759 5067 51%
c ]  0.19 24 33 3  56 1947 1136 54% 14 99759 4656 47%
c 0  0.19 24 33 3  56 1947 1136 54% 14 99759 4656 47%
c 
c --- [ closing proof ] ------------------------------------------------------
c 
c DRAT proof file '/tmp/conway99-seven-profile-rank5_153_profile_0044-47Ev0K/proof.drat' closed
c DRAT 10586 added clauses 12.38%
c DRAT 74928 deleted clauses 87.62%
c DRAT 2751047 bytes (2.62 MB)
c 
c --- [ result ] -------------------------------------------------------------
c 
s UNSATISFIABLE
c 
c --- [ run-time profiling ] -------------------------------------------------
c 
c process time taken by individual solving procedures
c (percentage relative to process time for solving)
c 
c         0.12   99.43% search
c         0.07   56.75% parse
c         0.06   50.98% stable
c         0.06   47.45% unstable
c         0.00    0.97% lucky
c         0.00    0.00% simplify
c   =================================
c         0.12   63.54% solve
c 
c last line shows process time for solving
c (percentage relative to total process time)
c 
c --- [ statistics ] ---------------------------------------------------------
c 
c chronological:               816        41.91 %  of conflicts
c conflicts:                  1947     15905.17    per second
c decisions:                  6044     49373.84    per second
c fixed:                      5216        52.84 %  of all variables
c learned:                    1783        91.58 %  per conflict
c learned_lits:             116603       100.00 %  learned literals
c minimized:                     0         0.00 %  learned literals
c shrunken:                  48548        41.64 %  learned literals
c minishrunken:              12714        10.90 %  learned literals
c otfs:                         15         0.77 %  of conflict
c propagations:            1157320         9.45 M  per second
c reduced:                     144         7.40 %  per conflict
c rephased:                      1      1947.00    interval
c restarts:                     56        34.77    interval
c stabilizing:                   1        48.59 %  of conflicts
c subsumed:                    280         0.23 %  of all clauses
c strengthened:                 14         0.01 %  of all clauses
c trail reuses:                  0         0.00 %  of incremental calls
c 
c seconds are measured in process time for solving
c 
c --- [ resources ] ----------------------------------------------------------
c 
c total process time since initialization:         0.19    seconds
c total real time since initialization:            0.93    seconds
c maximum resident set size of process:           27.05    MB
c 
c --- [ shutting down ] ------------------------------------------------------
c 
c exit 20
