c --- [ banner ] -------------------------------------------------------------
c 
c CaDiCaL SAT Solver
c Copyright (c) 2016-2023 A. Biere, M. Fleury, N. Froleyks, K. Fazekas, F. Pollitt
c 
c Version 1.9.5 146207318796f094dcded87349a64f0c6927309e
c g++ (Ubuntu 13.3.0-6ubuntu2~24.04.1) 13.3.0 -Wall -Wextra -O3 -DNDEBUG
c Wed Sep 30 06:02:32 JST 2026 Linux ikutoPC 6.6.87.2-microsoft-standard-WSL2 x86_64
c 
c --- [ limit ] --------------------------------------------------------------
c 
c setting conflict limit to 1000000 conflicts (due to '1000000')
c 
c --- [ proof tracing ] ------------------------------------------------------
c 
c opening file to write '/tmp/conway99-seven-profile-rank5_153_profile_0003-j8faXz/proof.drat'
c writing non-binary proof trace to '/tmp/conway99-seven-profile-rank5_153_profile_0003-j8faXz/proof.drat'
c 
c --- [ parsing input ] ------------------------------------------------------
c 
c reading DIMACS file from '/mnt/c/Users/ikuto/projects/conway-99-graph/acceleration/results/20260930_hadamard_seven_remaining_cnfs/run01/rank5_153_profile_0003/instance.cnf'
c opening file to read '/mnt/c/Users/ikuto/projects/conway-99-graph/acceleration/results/20260930_hadamard_seven_remaining_cnfs/run01/rank5_153_profile_0003/instance.cnf'
c found 'p cnf 9952 172414' header
c parsed 172414 clauses in 0.07 seconds process time
c 
c --- [ options ] ------------------------------------------------------------
c 
c   --binary=false                 (different from default 'true')
c 
c --- [ solving ] ------------------------------------------------------------
c 
c time measured in process time since initialization
c 
c  seconds  reductions  redundant  irredundant
c         MB    restarts       trail      variables
c          level   conflicts       glue        remaining
c 
c *  0.07 18  0 0   0    0    0  0% 0 122684 7052 71%
c {  0.07 18  0 0   0    0    0  0% 0 122684 7052 71%
c i  0.08 19 29 0   6  211  166 54% 6 122684 7051 71%
c -  0.09 19 34 1   6  302  105 55% 5 122541 7051 71%
c -  0.12 24 29 2  51  955  544 53% 7 122541 7051 71%
c }  0.12 24 28 2  51 1000  586 54% 7 122541 7051 71%
c [  0.12 24  0 2  51 1000  586  0% 0 122541 7051 71%
c O  0.12 24 27 2  51 1002  588 60% 2 122541 7051 71%
c i  0.13 24 23 2  51 1157  710 54% 6 122541 7050 71%
c i  0.13 24 26 2  51 1203  746 54% 9 122541 7049 71%
c i  0.13 24 26 2  51 1208  750 54% 9 122541 7048 71%
c i  0.14 24 26 2  51 1250  777 54% 9 122541 7047 71%
c i  0.14 24 26 2  51 1253  779 54% 9 122541 7046 71%
c i  0.14 24 25 2  51 1258  782 54% 9 122541 7045 71%
c i  0.14 24 27 2  51 1367  873 56% 9 122541 7044 71%
c i  0.14 24 26 2  51 1369  874 56% 9 122541 7040 71%
c -  0.18 25 46 3  51 1936 1142 56% 14 122165 7040 71%
c ]  0.24 25 41 3  52 3001 2031 55% 15 122165 7040 71%
c {  0.24 25 28 3  52 3001 2031 54% 7 122165 7040 71%
c F  0.25 24 28 3  52 3003 2033 31% 7 122165 7040 71%
c 
c  seconds  reductions  redundant  irredundant
c         MB    restarts       trail      variables
c          level   conflicts       glue        remaining
c 
c -  0.27 24 28 4  70 3240 1786 37% 7 122165 7040 71%
c i  0.28 24 26 4  73 3462 1919 37% 7 122165 7039 71%
c i  0.29 24 26 4  78 3712 2119 38% 7 122165 7038 71%
c i  0.30 24 24 4  78 3866 2216 39% 6 122165 7037 71%
c i  0.34 24 25 4 108 4777 2892 39% 6 122165 7036 71%
c -  0.35 24 24 5 108 4873 1520 38% 6 121978 7036 71%
c d  0.36 24 26 5 108 5001 1625 38% 6 121878 6985 70%
c 2  0.37 24 26 5 108 5001 1632 38% 6 121842 6985 70%
c p  0.43 26 26 5 108 5001 85970 38% 6 121842 6894 69%
c d  0.43 27 26 5 108 5001 84027 38% 6 118522 6882 69%
c d  0.44 27 26 5 108 5001 84027 38% 6 118412 6827 69%
c i  0.44 27 25 5 114 5105 84106 37% 6 118412 6826 69%
c i  0.48 27 24 5 180 5761 84555 37% 6 118412 6825 69%
c i  0.48 27 24 5 180 5818 84585 37% 6 118412 6812 68%
c i  0.48 27 23 5 180 5841 84603 37% 6 118412 6788 68%
c #  0.49 27 24 5 196 6004 84726 37% 6 118412 6788 68%
c i  0.50 27 23 5 252 6296 84948 36% 7 118412 6787 68%
c i  0.51 27 23 5 261 6409 85031 36% 7 118412 6786 68%
c i  0.51 27 23 5 261 6410 85031 36% 7 118412 6785 68%
c i  0.53 27 23 5 287 6732 85233 36% 7 118412 6784 68%
c 
c  seconds  reductions   redundant  irredundant
c         MB    restarts        trail      variables
c          level   conflicts        glue        remaining
c 
c i  0.53 27 22 5 287 6813 85294 36% 7 118412 6783 68%
c -  0.55 32 22 6 287 6828 7300 36% 7 116891 6783 68%
c i  0.55 32 22 6 287 6839 7307 36% 7 116891 6782 68%
c }  0.56 32 22 6 292 7001 7446 36% 7 116891 6782 68%
c [  0.56 32 41 6 292 7001 7446 77% 15 116891 6782 68%
c i  0.57 32 39 6 293 7220 7592 73% 14 116891 6781 68%
c s  0.64 33 44 6 293 8247 8387 59% 18 115001 6781 68%
c v  0.65 33 44 6 293 8247 8387 59% 18 114975 6781 68%
c w  0.65 33 44 6 293 8247 8385 59% 18 114975 6781 68%
c e  0.68 33 44 6 293 8247 7403 59% 18 113686 5649 57%
c s  0.69 33 44 6 293 8247 7394 59% 18 113686 5649 57%
c -  0.75 32 47 7 293 9072 4149 36% 20 113686 5649 57%
c I  0.80 32 45 7 294 10005 4877 37% 20 113686 5649 57%
c i  0.82 32 44 7 294 10216 5044 37% 19 113686 4898 49%
c ]  0.82 32 44 7 294 10232 5057 37% 19 113686 4853 49%
c 0  0.82 32 44 7 294 10232 5057 37% 19 113686 4853 49%
c 
c --- [ closing proof ] ------------------------------------------------------
c 
c DRAT proof file '/tmp/conway99-seven-profile-rank5_153_profile_0003-j8faXz/proof.drat' closed
c DRAT 108608 added clauses 40.67%
c DRAT 158429 deleted clauses 59.33%
c DRAT 7625756 bytes (7.27 MB)
c 
c --- [ result ] -------------------------------------------------------------
c 
s UNSATISFIABLE
c 
c --- [ run-time profiling ] -------------------------------------------------
c 
c process time taken by individual solving procedures
c (percentage relative to process time for solving)
c 
c         0.60   80.21% search
c         0.31   41.37% stable
c         0.29   38.65% unstable
c         0.15   19.67% simplify
c         0.07    9.10% parse
c         0.06    7.89% probe
c         0.03    3.72% elim
c         0.02    2.31% subsume
c         0.01    1.56% vivify
c         0.01    0.96% ternary
c         0.00    0.17% lucky
c   =================================
c         0.75   91.57% solve
c 
c last line shows process time for solving
c (percentage relative to total process time)
c 
c --- [ statistics ] ---------------------------------------------------------
c 
c chronological:              4102        40.09 %  of conflicts
c conflicts:                 10232     13672.13    per second
c decisions:                 29416     39306.02    per second
c eliminated:                 1132        11.37 %  of all variables
c fixed:                      3849        38.68 %  of all variables
c learned:                    9492        92.77 %  per conflict
c learned_lits:             755657       100.00 %  learned literals
c minimized:                     0         0.00 %  learned literals
c shrunken:                 302318        40.01 %  learned literals
c minishrunken:             104132        13.78 %  learned literals
c otfs:                         57         0.56 %  of conflict
c propagations:            7788074        10.41 M  per second
c reduced:                    1951        19.07 %  per conflict
c rephased:                      4      2558.00    interval
c restarts:                    294        34.80    interval
c stabilizing:                   2        51.12 %  of conflicts
c substituted:                 118         1.19 %  of all variables
c subsumed:                   3616         1.62 %  of all clauses
c strengthened:                374         0.17 %  of all clauses
c ternary:                       7         0.11 %  of resolved
c trail reuses:                  0         0.00 %  of incremental calls
c vivified:                     33         0.01 %  of all clauses
c weakened:                   3604         2.31    average size
c 
c seconds are measured in process time for solving
c 
c --- [ resources ] ----------------------------------------------------------
c 
c total process time since initialization:         0.82    seconds
c total real time since initialization:            1.49    seconds
c maximum resident set size of process:           32.84    MB
c 
c --- [ shutting down ] ------------------------------------------------------
c 
c exit 20
