c --- [ banner ] -------------------------------------------------------------
c 
c CaDiCaL SAT Solver
c Copyright (c) 2016-2023 A. Biere, M. Fleury, N. Froleyks, K. Fazekas, F. Pollitt
c 
c Version 1.9.5 146207318796f094dcded87349a64f0c6927309e
c g++ (Ubuntu 13.3.0-6ubuntu2~24.04.1) 13.3.0 -Wall -Wextra -O3 -DNDEBUG
c Wed Sep 30 06:02:32 JST 2026 Linux ikutoPC 6.6.87.2-microsoft-standard-WSL2 x86_64
c 
c --- [ limit ] --------------------------------------------------------------
c 
c setting conflict limit to 1000000 conflicts (due to '1000000')
c 
c --- [ proof tracing ] ------------------------------------------------------
c 
c opening file to write '/tmp/conway99-six-profile-rank4_01_profile_0045-0g351n/proof.drat'
c writing non-binary proof trace to '/tmp/conway99-six-profile-rank4_01_profile_0045-0g351n/proof.drat'
c 
c --- [ parsing input ] ------------------------------------------------------
c 
c reading DIMACS file from '/mnt/c/Users/ikuto/projects/conway-99-graph/acceleration/results/20260930_hadamard_six_remaining_cnfs/run01/rank4_01_profile_0045/instance.cnf'
c opening file to read '/mnt/c/Users/ikuto/projects/conway-99-graph/acceleration/results/20260930_hadamard_six_remaining_cnfs/run01/rank4_01_profile_0045/instance.cnf'
c found 'p cnf 10048 174766' header
c parsed 174766 clauses in 0.08 seconds process time
c 
c --- [ options ] ------------------------------------------------------------
c 
c   --binary=false                 (different from default 'true')
c 
c --- [ solving ] ------------------------------------------------------------
c 
c time measured in process time since initialization
c 
c  seconds  reductions  redundant  irredundant
c         MB    restarts       trail      variables
c          level   conflicts       glue        remaining
c 
c *  0.08 18  0 0   0    0    0  0% 0 125023 7152 71%
c {  0.08 19  0 0   0    0    0  0% 0 125023 7152 71%
c i  0.08 19  1 0   0    3    2 31% 1 125023 7119 71%
c i  0.08 19  1 0   0    4    2 33% 0 125023 7118 71%
c i  0.08 19  1 0   0    5    2 35% 0 125023 7117 71%
c i  0.09 19 24 0  12  177  126 54% 5 125023 7116 71%
c i  0.10 19 26 0  20  266  202 54% 5 125023 7108 71%
c -  0.10 20 24 1  23  301  225 54% 5 122927 7108 71%
c i  0.11 20 20 1  27  434  312 54% 5 122927 7106 71%
c i  0.12 20 19 1  27  519  371 54% 5 122927 7105 71%
c i  0.12 20 18 1  27  522  373 54% 5 122927 7103 71%
c i  0.12 20 18 1  27  526  376 54% 5 122927 7098 71%
c i  0.12 20 18 1  28  565  398 54% 5 122927 7097 71%
c i  0.13 20 18 1  43  824  620 55% 5 122927 7095 71%
c -  0.15 25 18 2  61  954  476 54% 5 122621 7095 71%
c }  0.15 25 18 2  67 1001  510 54% 5 122621 7095 71%
c [  0.15 25  0 2  67 1001  510  0% 0 122621 7095 71%
c O  0.15 25  2 2  67 1002  511 59% 2 122621 7095 71%
c i  0.15 25  5 2  67 1041  528 59% 3 122621 7093 71%
c i  0.17 25 32 2  67 1287  745 57% 6 122621 7092 71%
c 
c  seconds  reductions  redundant  irredundant
c         MB    restarts       trail      variables
c          level   conflicts       glue        remaining
c 
c i  0.17 25 31 2  67 1289  746 57% 6 122621 7090 71%
c i  0.19 25 46 2  67 1697 1102 56% 11 122621 7089 71%
c i  0.19 25 46 2  67 1720 1122 55% 11 122621 7085 71%
c i  0.19 25 45 2  67 1798 1185 55% 11 122621 7084 71%
c i  0.19 25 45 2  67 1799 1185 55% 11 122621 7083 70%
c i  0.19 25 45 2  67 1801 1185 55% 11 122621 7081 70%
c i  0.20 25 43 2  67 1925 1279 55% 11 122621 7080 70%
c -  0.21 26 43 3  67 1933 1177 55% 11 122011 7080 70%
c i  0.23 26 41 3  68 2237 1414 54% 12 122011 7076 70%
c i  0.24 26 37 3  68 2507 1632 54% 11 122011 7075 70%
c i  0.25 26 34 3  68 2701 1790 54% 11 122011 6032 60%
c i  0.27 23 34 3  68 2709  387 21% 10 88207 6008 60%
c i  0.27 23 34 3  68 2712  389 21% 10 88207 6002 60%
c i  0.27 23 34 3  68 2715  390 21% 10 88207 5999 60%
c ]  0.27 23 33 3  68 2732  395 21% 10 88207 5751 57%
c 0  0.27 23 33 3  68 2732  395 21% 10 88207 5751 57%
c 
c --- [ closing proof ] ------------------------------------------------------
c 
c DRAT proof file '/tmp/conway99-six-profile-rank4_01_profile_0045-0g351n/proof.drat' closed
c DRAT 11785 added clauses 11.18%
c DRAT 93651 deleted clauses 88.82%
c DRAT 3532100 bytes (3.37 MB)
c 
c --- [ result ] -------------------------------------------------------------
c 
s UNSATISFIABLE
c 
c --- [ run-time profiling ] -------------------------------------------------
c 
c process time taken by individual solving procedures
c (percentage relative to process time for solving)
c 
c         0.19   99.64% search
c         0.12   62.16% stable
c         0.08   43.29% parse
c         0.07   36.86% unstable
c         0.00    0.59% lucky
c         0.00    0.00% simplify
c   =================================
c         0.19   69.56% solve
c 
c last line shows process time for solving
c (percentage relative to total process time)
c 
c --- [ statistics ] ---------------------------------------------------------
c 
c chronological:              1143        41.84 %  of conflicts
c conflicts:                  2732     14685.49    per second
c decisions:                  7392     39734.67    per second
c fixed:                      4297        42.76 %  of all variables
c learned:                    2566        93.92 %  per conflict
c learned_lits:             188029       100.00 %  learned literals
c minimized:                     0         0.00 %  learned literals
c shrunken:                  68776        36.58 %  learned literals
c minishrunken:              33506        17.82 %  learned literals
c otfs:                         38         1.39 %  of conflict
c propagations:            1569723         8.44 M  per second
c reduced:                     120         4.39 %  per conflict
c rephased:                      1      2732.00    interval
c restarts:                     68        40.18    interval
c stabilizing:                   1        63.32 %  of conflicts
c subsumed:                    379         0.30 %  of all clauses
c strengthened:                 37         0.03 %  of all clauses
c trail reuses:                  0         0.00 %  of incremental calls
c 
c seconds are measured in process time for solving
c 
c --- [ resources ] ----------------------------------------------------------
c 
c total process time since initialization:         0.27    seconds
c total real time since initialization:            0.98    seconds
c maximum resident set size of process:           30.15    MB
c 
c --- [ shutting down ] ------------------------------------------------------
c 
c exit 20
