c --- [ banner ] -------------------------------------------------------------
c 
c CaDiCaL SAT Solver
c Copyright (c) 2016-2023 A. Biere, M. Fleury, N. Froleyks, K. Fazekas, F. Pollitt
c 
c Version 1.9.5 146207318796f094dcded87349a64f0c6927309e
c g++ (Ubuntu 13.3.0-6ubuntu2~24.04.1) 13.3.0 -Wall -Wextra -O3 -DNDEBUG
c Wed Sep 30 06:02:32 JST 2026 Linux ikutoPC 6.6.87.2-microsoft-standard-WSL2 x86_64
c 
c --- [ limit ] --------------------------------------------------------------
c 
c setting conflict limit to 1000000 conflicts (due to '1000000')
c 
c --- [ proof tracing ] ------------------------------------------------------
c 
c opening file to write '/tmp/conway99-exact-eight-0142-A0MxkA/proof.drat'
c writing non-binary proof trace to '/tmp/conway99-exact-eight-0142-A0MxkA/proof.drat'
c 
c --- [ parsing input ] ------------------------------------------------------
c 
c reading DIMACS file from '/mnt/c/Users/ikuto/projects/conway-99-graph/acceleration/results/20261001_exact_eight_prefix64_batch02_cnfs_part02/case_0142/instance.cnf'
c opening file to read '/mnt/c/Users/ikuto/projects/conway-99-graph/acceleration/results/20261001_exact_eight_prefix64_batch02_cnfs_part02/case_0142/instance.cnf'
c found 'p cnf 9748 167416' header
c parsed 167416 clauses in 0.05 seconds process time
c 
c --- [ options ] ------------------------------------------------------------
c 
c   --binary=false                 (different from default 'true')
c 
c --- [ solving ] ------------------------------------------------------------
c 
c time measured in process time since initialization
c 
c  seconds  reductions  redundant  irredundant
c         MB    restarts       trail      variables
c          level   conflicts       glue        remaining
c 
c *  0.06 17  0 0   0    0    0  0% 0 117460 6820 70%
c {  0.06 17  0 0   0    0    0  0% 0 117460 6820 70%
c i  0.06 18 22 0   4   58   37 46% 6 117460 6819 70%
c i  0.06 18 22 0   4   63   41 46% 6 117460 6818 70%
c i  0.06 18 21 0  20  169  112 51% 8 117460 6817 70%
c i  0.07 18 24 0  25  228  164 52% 8 117460 6816 70%
c i  0.07 18 24 0  25  229  164 52% 8 117460 6815 70%
c i  0.07 18 23 0  25  230  164 52% 8 117460 6814 70%
c -  0.07 19 27 1  25  301  194 51% 7 117048 6814 70%
c i  0.08 19 24 1  31  517  320 50% 6 117048 6813 70%
c i  0.09 19 24 1  35  633  391 51% 6 117048 6811 70%
c i  0.09 19 23 1  35  634  391 51% 6 117048 6810 70%
c i  0.09 19 22 1  35  736  472 52% 6 117048 6809 70%
c i  0.09 19 22 1  44  788  513 51% 7 117048 6794 70%
c i  0.09 19 22 1  45  792  516 51% 7 117048 6705 69%
c i  0.09 19 22 1  46  806  528 51% 7 117048 6701 69%
c i  0.09 19 22 1  47  813  534 51% 7 117048 6700 69%
c i  0.09 19 22 1  48  814  534 51% 7 117048 6699 69%
c i  0.09 19 22 1  50  835  548 51% 7 117048 6698 69%
c i  0.10 19 22 1  51  944  633 51% 6 117048 6697 69%
c 
c  seconds  reductions  redundant  irredundant
c         MB    restarts       trail      variables
c          level   conflicts       glue        remaining
c 
c -  0.11 23 22 2  51  944  353 51% 6 112122 6697 69%
c }  0.11 23 21 2  54 1004  394 51% 6 112122 6697 69%
c [  0.11 23  0 2  54 1004  394  0% 0 112122 6697 69%
c O  0.11 23  0 2  54 1005  394 41% 0 112122 6697 69%
c i  0.11 23  0 2  54 1005  394 41% 0 112122 6695 69%
c i  0.11 23 53 2  54 1074  453 52% 6 112122 6694 69%
c i  0.12 23 42 2  54 1184  548 53% 6 112122 6693 69%
c i  0.12 23 39 2  54 1218  575 54% 6 112122 6692 69%
c i  0.12 23 38 2  54 1221  577 53% 6 112122 6691 69%
c i  0.12 23 38 2  54 1225  579 53% 6 112122 6690 69%
c i  0.13 23 30 2  54 1331  667 54% 5 112122 6689 69%
c ]  0.13 23 29 2  54 1351  679 54% 5 112122 6011 62%
c 0  0.13 23 29 2  54 1351  679 54% 5 112122 6011 62%
c 
c --- [ closing proof ] ------------------------------------------------------
c 
c DRAT proof file '/tmp/conway99-exact-eight-0142-A0MxkA/proof.drat' closed
c DRAT 6724 added clauses 10.45%
c DRAT 57601 deleted clauses 89.55%
c DRAT 1720676 bytes (1.64 MB)
c 
c --- [ result ] -------------------------------------------------------------
c 
s UNSATISFIABLE
c 
c --- [ run-time profiling ] -------------------------------------------------
c 
c process time taken by individual solving procedures
c (percentage relative to process time for solving)
c 
c         0.07   99.09% search
c         0.05   74.44% parse
c         0.05   73.79% unstable
c         0.02   23.96% stable
c         0.00    1.28% lucky
c         0.00    0.00% simplify
c   =================================
c         0.07   57.05% solve
c 
c last line shows process time for solving
c (percentage relative to total process time)
c 
c --- [ statistics ] ---------------------------------------------------------
c 
c chronological:               692        51.22 %  of conflicts
c conflicts:                  1351     18403.99    per second
c decisions:                  4746     64652.35    per second
c fixed:                      3737        38.34 %  of all variables
c learned:                    1207        89.34 %  per conflict
c learned_lits:              64387       100.00 %  learned literals
c minimized:                     0         0.00 %  learned literals
c shrunken:                  30373        47.17 %  learned literals
c minishrunken:               9424        14.64 %  learned literals
c otfs:                         21         1.55 %  of conflict
c propagations:             722987         9.85 M  per second
c reduced:                      51         3.77 %  per conflict
c rephased:                      1      1351.00    interval
c restarts:                     54        25.02    interval
c stabilizing:                   1        25.61 %  of conflicts
c subsumed:                    190         0.16 %  of all clauses
c strengthened:                 20         0.02 %  of all clauses
c trail reuses:                  0         0.00 %  of incremental calls
c 
c seconds are measured in process time for solving
c 
c --- [ resources ] ----------------------------------------------------------
c 
c total process time since initialization:         0.13    seconds
c total real time since initialization:            0.74    seconds
c maximum resident set size of process:           23.27    MB
c 
c --- [ shutting down ] ------------------------------------------------------
c 
c exit 20
