c --- [ banner ] -------------------------------------------------------------
c 
c CaDiCaL SAT Solver
c Copyright (c) 2016-2023 A. Biere, M. Fleury, N. Froleyks, K. Fazekas, F. Pollitt
c 
c Version 1.9.5 146207318796f094dcded87349a64f0c6927309e
c g++ (Ubuntu 13.3.0-6ubuntu2~24.04.1) 13.3.0 -Wall -Wextra -O3 -DNDEBUG
c Wed Sep 30 06:02:32 JST 2026 Linux ikutoPC 6.6.87.2-microsoft-standard-WSL2 x86_64
c 
c --- [ limit ] --------------------------------------------------------------
c 
c setting conflict limit to 1000000 conflicts (due to '1000000')
c 
c --- [ proof tracing ] ------------------------------------------------------
c 
c opening file to write '/tmp/conway99-seven-profile-rank5_27_profile_0003-wqCzSm/proof.drat'
c writing non-binary proof trace to '/tmp/conway99-seven-profile-rank5_27_profile_0003-wqCzSm/proof.drat'
c 
c --- [ parsing input ] ------------------------------------------------------
c 
c reading DIMACS file from '/mnt/c/Users/ikuto/projects/conway-99-graph/acceleration/results/20260930_hadamard_seven_remaining_cnfs/run02/rank5_27_profile_0003/instance.cnf'
c opening file to read '/mnt/c/Users/ikuto/projects/conway-99-graph/acceleration/results/20260930_hadamard_seven_remaining_cnfs/run02/rank5_27_profile_0003/instance.cnf'
c found 'p cnf 9952 172414' header
c parsed 172414 clauses in 0.06 seconds process time
c 
c --- [ options ] ------------------------------------------------------------
c 
c   --binary=false                 (different from default 'true')
c 
c --- [ solving ] ------------------------------------------------------------
c 
c time measured in process time since initialization
c 
c  seconds  reductions  redundant  irredundant
c         MB    restarts       trail      variables
c          level   conflicts       glue        remaining
c 
c *  0.07 18  0 0   0    0    0  0% 0 122670 7052 71%
c {  0.07 18  0 0   0    0    0  0% 0 122670 7052 71%
c i  0.08 19 26 0  13  175  145 53% 8 122670 7051 71%
c i  0.08 19 26 0  13  176  145 53% 8 122670 7050 71%
c i  0.08 19 26 0  14  177  145 52% 8 122670 7049 71%
c i  0.08 19 23 0  20  274  198 55% 7 122670 7048 71%
c -  0.09 19 23 1  20  300  222 55% 7 122376 7048 71%
c i  0.10 19 22 1  22  638  480 57% 6 122376 7046 71%
c i  0.11 19 23 1  37  822  619 57% 6 122376 7045 71%
c i  0.11 19 23 1  37  824  619 57% 6 122376 7044 71%
c i  0.12 19 22 1  37  845  624 57% 6 122376 7043 71%
c i  0.12 19 21 1  37  929  691 57% 6 122376 7042 71%
c i  0.12 19 21 1  37  951  712 57% 6 122376 7037 71%
c i  0.12 19 21 1  37  952  712 57% 6 122376 7036 71%
c -  0.13 25 21 2  37  952  555 57% 6 121892 7036 71%
c }  0.13 25 23 2  41 1000  600 57% 6 121892 7036 71%
c [  0.13 25  0 2  41 1000  600  0% 0 121892 7036 71%
c O  0.13 25 20 2  41 1013  612 61% 6 121892 7036 71%
c i  0.15 25 17 2  41 1331  838 56% 8 121892 7035 71%
c i  0.15 25 17 2  41 1414  895 55% 8 121892 7033 71%
c 
c  seconds  reductions  redundant  irredundant
c         MB    restarts       trail      variables
c          level   conflicts       glue        remaining
c 
c i  0.16 25 18 2  41 1531  989 55% 8 121892 7005 70%
c i  0.17 25 21 2  41 1650 1095 55% 8 121892 7004 70%
c i  0.17 25 22 2  41 1762 1196 55% 8 121892 7003 70%
c -  0.19 25 25 3  41 1931  923 54% 10 120728 7003 70%
c i  0.22 25 25 3  42 2443 1314 54% 10 120728 7002 70%
c i  0.23 25 23 3  42 2709 1507 54% 10 120728 6323 64%
c i  0.25 23 23 3  42 2731  540 19% 10 96675 6322 64%
c i  0.25 23 23 3  42 2739  536 22% 10 96675 6321 64%
c ]  0.25 23 23 3  42 2744  537 22% 10 96675 4079 41%
c 0  0.25 23 23 3  42 2744  537 22% 10 96675 4079 41%
c 
c --- [ closing proof ] ------------------------------------------------------
c 
c DRAT proof file '/tmp/conway99-seven-profile-rank5_27_profile_0003-wqCzSm/proof.drat' closed
c DRAT 12341 added clauses 13.13%
c DRAT 81669 deleted clauses 86.87%
c DRAT 2926394 bytes (2.79 MB)
c 
c --- [ result ] -------------------------------------------------------------
c 
s UNSATISFIABLE
c 
c --- [ run-time profiling ] -------------------------------------------------
c 
c process time taken by individual solving procedures
c (percentage relative to process time for solving)
c 
c         0.18   99.66% search
c         0.11   62.45% stable
c         0.07   36.72% unstable
c         0.06   35.19% parse
c         0.00    0.47% lucky
c         0.00    0.00% simplify
c   =================================
c         0.18   73.75% solve
c 
c last line shows process time for solving
c (percentage relative to total process time)
c 
c --- [ statistics ] ---------------------------------------------------------
c 
c chronological:              1128        41.11 %  of conflicts
c conflicts:                  2744     14918.80    per second
c decisions:                  6974     37916.80    per second
c fixed:                      5873        59.01 %  of all variables
c learned:                    2634        95.99 %  per conflict
c learned_lits:             198222       100.00 %  learned literals
c minimized:                     0         0.00 %  learned literals
c shrunken:                  89966        45.39 %  learned literals
c minishrunken:              28373        14.31 %  learned literals
c otfs:                         26         0.95 %  of conflict
c propagations:            1615143         8.78 M  per second
c reduced:                     200         7.29 %  per conflict
c rephased:                      1      2744.00    interval
c restarts:                     42        65.33    interval
c stabilizing:                   1        63.52 %  of conflicts
c subsumed:                    516         0.41 %  of all clauses
c strengthened:                 24         0.02 %  of all clauses
c trail reuses:                  0         0.00 %  of incremental calls
c 
c seconds are measured in process time for solving
c 
c --- [ resources ] ----------------------------------------------------------
c 
c total process time since initialization:         0.25    seconds
c total real time since initialization:            0.92    seconds
c maximum resident set size of process:           28.88    MB
c 
c --- [ shutting down ] ------------------------------------------------------
c 
c exit 20
