c --- [ banner ] -------------------------------------------------------------
c 
c CaDiCaL SAT Solver
c Copyright (c) 2016-2023 A. Biere, M. Fleury, N. Froleyks, K. Fazekas, F. Pollitt
c 
c Version 1.9.5 146207318796f094dcded87349a64f0c6927309e
c g++ (Ubuntu 13.3.0-6ubuntu2~24.04.1) 13.3.0 -Wall -Wextra -O3 -DNDEBUG
c Wed Sep 30 06:02:32 JST 2026 Linux ikutoPC 6.6.87.2-microsoft-standard-WSL2 x86_64
c 
c --- [ limit ] --------------------------------------------------------------
c 
c setting conflict limit to 1000000 conflicts (due to '1000000')
c 
c --- [ proof tracing ] ------------------------------------------------------
c 
c opening file to write '/tmp/conway99-seven-profile-rank5_49_profile_0004-5bwCwe/proof.drat'
c writing non-binary proof trace to '/tmp/conway99-seven-profile-rank5_49_profile_0004-5bwCwe/proof.drat'
c 
c --- [ parsing input ] ------------------------------------------------------
c 
c reading DIMACS file from '/mnt/c/Users/ikuto/projects/conway-99-graph/acceleration/results/20260930_hadamard_seven_remaining_cnfs/run02/rank5_49_profile_0004/instance.cnf'
c opening file to read '/mnt/c/Users/ikuto/projects/conway-99-graph/acceleration/results/20260930_hadamard_seven_remaining_cnfs/run02/rank5_49_profile_0004/instance.cnf'
c found 'p cnf 9872 170454' header
c parsed 170454 clauses in 0.07 seconds process time
c 
c --- [ options ] ------------------------------------------------------------
c 
c   --binary=false                 (different from default 'true')
c 
c --- [ solving ] ------------------------------------------------------------
c 
c time measured in process time since initialization
c 
c  seconds  reductions  redundant  irredundant
c         MB    restarts       trail      variables
c          level   conflicts       glue        remaining
c 
c *  0.07 18  0 0   0    0    0  0% 0 120522 6945 70%
c {  0.07 18  0 0   0    0    0  0% 0 120522 6945 70%
c i  0.07 18  2 0   0    5    2 34% 1 120522 6864 70%
c i  0.07 19 13 0   7   97   68 52% 4 120522 6824 69%
c i  0.07 19 13 0   7  100   70 52% 3 120522 6791 69%
c i  0.07 19 15 0   8  119   88 53% 4 120522 6736 68%
c i  0.07 19 14 0   8  130   94 52% 3 120522 6735 68%
c i  0.07 19 14 0   8  131   94 52% 3 120522 6734 68%
c i  0.08 19 19 0   9  163  115 52% 4 120522 6733 68%
c i  0.08 19 19 0   9  164  115 52% 4 120522 6732 68%
c i  0.08 19 19 0  11  178  126 52% 4 120522 6731 68%
c -  0.09 19 16 1  28  300  170 52% 5 112134 6731 68%
c i  0.09 19 16 1  28  306  175 52% 5 112134 6730 68%
c i  0.09 19 18 1  28  389  222 51% 5 112134 6667 68%
c i  0.09 19 18 1  28  391  222 51% 5 112134 6661 67%
c i  0.09 19 19 1  37  441  261 50% 6 112134 6646 67%
c i  0.09 19 19 1  48  479  290 51% 6 112134 6645 67%
c i  0.09 19 19 1  48  480  290 51% 6 112134 6644 67%
c i  0.10 19 17 1  51  592  370 52% 6 112134 6643 67%
c i  0.10 19 17 1  51  593  370 51% 6 112134 6642 67%
c 
c  seconds  reductions  redundant  irredundant
c         MB    restarts       trail      variables
c          level   conflicts       glue        remaining
c 
c i  0.10 19 19 1  65  673  415 51% 6 112134 6641 67%
c i  0.10 19 19 1  66  677  418 51% 6 112134 6640 67%
c i  0.10 19 18 1  74  716  446 51% 6 112134 6575 67%
c i  0.10 19 18 1  75  718  447 51% 6 112134 6574 67%
c i  0.11 19 18 1  76  788  505 51% 6 112134 6547 66%
c i  0.11 19 18 1  87  863  550 52% 6 112134 6546 66%
c i  0.11 19 17 1  87  889  569 52% 6 112134 6545 66%
c i  0.11 19 17 1  87  890  569 52% 6 112134 6544 66%
c -  0.12 23 18 2  88  936  425 52% 6 105861 6544 66%
c F  0.13 23 17 2  93 1003  469 51% 6 105861 6544 66%
c i  0.13 23 17 2  93 1003  469 51% 6 105861 6351 64%
c }  0.13 23 17 2  93 1003  469 51% 6 105861 6351 64%
c [  0.13 23  0 2  93 1003  469  0% 0 105861 6351 64%
c i  0.13 23  2 2  93 1008  473 56% 1 105861 6350 64%
c i  0.13 23  2 2  93 1016  478 56% 1 105861 5521 56%
c i  0.13 23  2 2  93 1017  478 56% 1 105861 5519 56%
c i  0.13 23  3 2  93 1019  479 55% 2 105861 5518 56%
c i  0.13 23  2 2  93 1020  479 55% 2 105861 5517 56%
c i  0.13 23  3 2  93 1022  479 54% 2 105861 5516 56%
c i  0.13 23  3 2  93 1023  479 54% 1 105861 5515 56%
c 
c  seconds  reductions  redundant  irredundant
c         MB    restarts       trail      variables
c          level   conflicts       glue        remaining
c 
c i  0.13 23  3 2  93 1025  479 54% 1 105861 5514 56%
c i  0.13 23  3 2  93 1026  479 54% 1 105861 5512 56%
c i  0.13 23  2 2  93 1027  479 53% 1 105861 5511 56%
c ]  0.13 23  2 2  93 1030  479 53% 1 105861 4845 49%
c 0  0.13 23  2 2  93 1030  479 53% 1 105861 4845 49%
c 
c --- [ closing proof ] ------------------------------------------------------
c 
c DRAT proof file '/tmp/conway99-seven-profile-rank5_49_profile_0004-5bwCwe/proof.drat' closed
c DRAT 8678 added clauses 11.35%
c DRAT 67764 deleted clauses 88.65%
c DRAT 2138070 bytes (2.04 MB)
c 
c --- [ result ] -------------------------------------------------------------
c 
s UNSATISFIABLE
c 
c --- [ run-time profiling ] -------------------------------------------------
c 
c process time taken by individual solving procedures
c (percentage relative to process time for solving)
c 
c         0.07  104.58% parse
c         0.06   98.88% search
c         0.06   95.92% unstable
c         0.00    1.82% stable
c         0.00    1.11% lucky
c         0.00    0.00% simplify
c   =================================
c         0.06   48.58% solve
c 
c last line shows process time for solving
c (percentage relative to total process time)
c 
c --- [ statistics ] ---------------------------------------------------------
c 
c chronological:               501        48.64 %  of conflicts
c conflicts:                  1030     16487.39    per second
c decisions:                  4029     64492.89    per second
c fixed:                      5027        50.92 %  of all variables
c learned:                     888        86.21 %  per conflict
c learned_lits:              41626       100.00 %  learned literals
c minimized:                     0         0.00 %  learned literals
c shrunken:                  23589        56.67 %  learned literals
c minishrunken:               2929         7.04 %  learned literals
c otfs:                          8         0.78 %  of conflict
c propagations:             543904         8.71 M  per second
c reduced:                      28         2.72 %  per conflict
c rephased:                      1      1030.00    interval
c restarts:                     93        11.08    interval
c stabilizing:                   1         2.62 %  of conflicts
c subsumed:                    168         0.14 %  of all clauses
c strengthened:                  8         0.01 %  of all clauses
c trail reuses:                  0         0.00 %  of incremental calls
c 
c seconds are measured in process time for solving
c 
c --- [ resources ] ----------------------------------------------------------
c 
c total process time since initialization:         0.13    seconds
c total real time since initialization:            0.73    seconds
c maximum resident set size of process:           23.51    MB
c 
c --- [ shutting down ] ------------------------------------------------------
c 
c exit 20
