c --- [ banner ] -------------------------------------------------------------
c 
c CaDiCaL SAT Solver
c Copyright (c) 2016-2023 A. Biere, M. Fleury, N. Froleyks, K. Fazekas, F. Pollitt
c 
c Version 1.9.5 146207318796f094dcded87349a64f0c6927309e
c g++ (Ubuntu 13.3.0-6ubuntu2~24.04.1) 13.3.0 -Wall -Wextra -O3 -DNDEBUG
c Wed Sep 30 06:02:32 JST 2026 Linux ikutoPC 6.6.87.2-microsoft-standard-WSL2 x86_64
c 
c --- [ limit ] --------------------------------------------------------------
c 
c setting conflict limit to 1000000 conflicts (due to '1000000')
c 
c --- [ proof tracing ] ------------------------------------------------------
c 
c opening file to write '/tmp/conway99-exact-eight-0061-0hpDzh/proof.drat'
c writing non-binary proof trace to '/tmp/conway99-exact-eight-0061-0hpDzh/proof.drat'
c 
c --- [ parsing input ] ------------------------------------------------------
c 
c reading DIMACS file from '/mnt/c/Users/ikuto/projects/conway-99-graph/acceleration/results/20260930_exact_eight_next64_cnfs_part01/case_0061/instance.cnf'
c opening file to read '/mnt/c/Users/ikuto/projects/conway-99-graph/acceleration/results/20260930_exact_eight_next64_cnfs_part01/case_0061/instance.cnf'
c found 'p cnf 9748 167416' header
c parsed 167416 clauses in 0.06 seconds process time
c 
c --- [ options ] ------------------------------------------------------------
c 
c   --binary=false                 (different from default 'true')
c 
c --- [ solving ] ------------------------------------------------------------
c 
c time measured in process time since initialization
c 
c  seconds  reductions  redundant  irredundant
c         MB    restarts       trail      variables
c          level   conflicts       glue        remaining
c 
c *  0.06 17  0 0   0    0    0  0% 0 117500 6820 70%
c {  0.06 18  0 0   0    0    0  0% 0 117500 6820 70%
c i  0.07 18 25 0   1   87   67 45% 5 117500 6819 70%
c i  0.07 19 23 0   7  182  142 52% 5 117500 6818 70%
c i  0.07 19 28 0  11  210  162 52% 6 117500 6817 70%
c i  0.07 19 27 0  12  211  162 52% 5 117500 6816 70%
c i  0.07 19 27 0  12  212  162 52% 5 117500 6815 70%
c i  0.07 19 27 0  13  215  164 52% 5 117500 6814 70%
c i  0.08 19 27 0  17  273  203 52% 5 117500 6813 70%
c -  0.08 19 26 1  17  303  127 52% 5 117041 6813 70%
c i  0.09 19 22 1  22  431  216 54% 5 117041 6812 70%
c i  0.09 19 22 1  22  444  224 54% 5 117041 6810 70%
c i  0.09 19 22 1  28  478  252 54% 5 117041 6809 70%
c i  0.09 19 21 1  28  505  264 53% 5 117041 6807 70%
c i  0.10 19 22 1  48  614  354 54% 6 117041 6806 70%
c i  0.10 19 22 1  57  742  467 54% 6 117041 6805 70%
c i  0.10 19 22 1  57  743  467 54% 6 117041 6804 70%
c i  0.10 19 22 1  62  807  501 54% 6 117041 6803 70%
c i  0.10 19 22 1  63  813  505 53% 6 117041 6802 70%
c i  0.11 19 22 1  69  846  521 53% 6 117041 6801 70%
c 
c  seconds  reductions  redundant  irredundant
c         MB    restarts       trail      variables
c          level   conflicts       glue        remaining
c 
c i  0.11 19 22 1  69  849  523 53% 6 117041 6800 70%
c -  0.12 24 24 2  74  950  380 54% 6 116475 6800 70%
c i  0.12 24 23 2  82 1001  415 54% 6 116475 6799 70%
c }  0.12 24 23 2  82 1001  415 54% 6 116475 6799 70%
c [  0.12 24  0 2  82 1001  415  0% 0 116475 6799 70%
c F  0.12 24  3 2  82 1002  416 56% 2 116475 6799 70%
c i  0.12 24  5 2  82 1025  434 52% 2 116475 6798 70%
c i  0.12 24 13 2  82 1045  448 45% 6 116475 6797 70%
c i  0.12 24 13 2  82 1047  445 45% 6 116475 6796 70%
c i  0.12 24 13 2  82 1048  445 44% 6 116475 6795 70%
c i  0.12 24 13 2  82 1049  445 44% 6 116475 6794 70%
c i  0.12 24 13 2  82 1050  445 44% 6 116475 6793 70%
c i  0.13 24 24 2  82 1233  609 53% 8 116475 6792 70%
c i  0.13 24 24 2  82 1235  610 53% 8 116475 6777 70%
c i  0.13 24 24 2  82 1236  610 53% 8 116475 6776 70%
c i  0.13 24 24 2  82 1237  610 52% 8 116475 6775 70%
c ]  0.16 24 32 2  82 1765 1056 54% 13 116475 6701 69%
c 0  0.16 24 32 2  82 1765 1056 54% 13 116475 6701 69%
c 
c --- [ closing proof ] ------------------------------------------------------
c 
c DRAT proof file '/tmp/conway99-exact-eight-0061-0hpDzh/proof.drat' closed
c DRAT 5996 added clauses 10.19%
c DRAT 52833 deleted clauses 89.81%
c DRAT 1654213 bytes (1.58 MB)
c 
c --- [ result ] -------------------------------------------------------------
c 
s UNSATISFIABLE
c 
c --- [ run-time profiling ] -------------------------------------------------
c 
c process time taken by individual solving procedures
c (percentage relative to process time for solving)
c 
c         0.09   99.23% search
c         0.06   66.02% parse
c         0.06   58.30% unstable
c         0.04   39.85% stable
c         0.00    1.01% lucky
c         0.00    0.00% simplify
c   =================================
c         0.10   59.98% solve
c 
c last line shows process time for solving
c (percentage relative to total process time)
c 
c --- [ statistics ] ---------------------------------------------------------
c 
c chronological:               817        46.29 %  of conflicts
c conflicts:                  1765     18507.26    per second
c decisions:                  5909     61959.99    per second
c fixed:                      3047        31.26 %  of all variables
c learned:                    1660        94.05 %  per conflict
c learned_lits:             101346       100.00 %  learned literals
c minimized:                     0         0.00 %  learned literals
c shrunken:                  41224        40.68 %  learned literals
c minishrunken:              16583        16.36 %  learned literals
c otfs:                          6         0.34 %  of conflict
c propagations:             955185        10.02 M  per second
c reduced:                      15         0.85 %  per conflict
c rephased:                      1      1765.00    interval
c restarts:                     82        21.52    interval
c stabilizing:                   1        43.29 %  of conflicts
c subsumed:                    247         0.21 %  of all clauses
c strengthened:                  6         0.01 %  of all clauses
c trail reuses:                  0         0.00 %  of incremental calls
c 
c seconds are measured in process time for solving
c 
c --- [ resources ] ----------------------------------------------------------
c 
c total process time since initialization:         0.16    seconds
c total real time since initialization:            0.78    seconds
c maximum resident set size of process:           23.80    MB
c 
c --- [ shutting down ] ------------------------------------------------------
c 
c exit 20
