c --- [ banner ] -------------------------------------------------------------
c 
c CaDiCaL SAT Solver
c Copyright (c) 2016-2023 A. Biere, M. Fleury, N. Froleyks, K. Fazekas, F. Pollitt
c 
c Version 1.9.5 146207318796f094dcded87349a64f0c6927309e
c g++ (Ubuntu 13.3.0-6ubuntu2~24.04.1) 13.3.0 -Wall -Wextra -O3 -DNDEBUG
c Wed Sep 30 06:02:32 JST 2026 Linux ikutoPC 6.6.87.2-microsoft-standard-WSL2 x86_64
c 
c --- [ limit ] --------------------------------------------------------------
c 
c setting conflict limit to 1000000 conflicts (due to '1000000')
c 
c --- [ proof tracing ] ------------------------------------------------------
c 
c opening file to write '/tmp/conway99-seven-profile-rank5_122_profile_0004-tXcylE/proof.drat'
c writing non-binary proof trace to '/tmp/conway99-seven-profile-rank5_122_profile_0004-tXcylE/proof.drat'
c 
c --- [ parsing input ] ------------------------------------------------------
c 
c reading DIMACS file from '/mnt/c/Users/ikuto/projects/conway-99-graph/acceleration/results/20260930_hadamard_seven_remaining_cnfs/run01/rank5_122_profile_0004/instance.cnf'
c opening file to read '/mnt/c/Users/ikuto/projects/conway-99-graph/acceleration/results/20260930_hadamard_seven_remaining_cnfs/run01/rank5_122_profile_0004/instance.cnf'
c found 'p cnf 9872 170454' header
c parsed 170454 clauses in 0.07 seconds process time
c 
c --- [ options ] ------------------------------------------------------------
c 
c   --binary=false                 (different from default 'true')
c 
c --- [ solving ] ------------------------------------------------------------
c 
c time measured in process time since initialization
c 
c  seconds  reductions  redundant  irredundant
c         MB    restarts       trail      variables
c          level   conflicts       glue        remaining
c 
c *  0.07 18  0 0   0    0    0  0% 0 120522 6945 70%
c {  0.07 18  0 0   0    0    0  0% 0 120522 6945 70%
c i  0.07 18  1 0   0    1    0 31% 0 120522 6944 70%
c i  0.07 18  1 0   0    3    1 31% 0 120522 6928 70%
c i  0.07 18  8 0   0   27   19 38% 1 120522 6895 70%
c i  0.07 18  8 0   0   28   19 38% 1 120522 6894 70%
c i  0.07 18  7 0   0   29   19 38% 1 120522 6893 70%
c i  0.07 18  7 0   1   32   21 39% 1 120522 6892 70%
c i  0.07 18  7 0   1   33   21 39% 1 120522 6891 70%
c i  0.07 18  7 0   1   34   21 39% 1 120522 6890 70%
c i  0.07 18  7 0   2   37   23 39% 1 120522 6889 70%
c i  0.07 18  6 0   2   38   23 39% 1 120522 6888 70%
c i  0.07 18  6 0   3   39   23 39% 1 120522 6887 70%
c i  0.07 18  6 0   3   41   24 39% 1 120522 6886 70%
c i  0.07 18  6 0   4   42   24 39% 1 120522 6885 70%
c i  0.07 18  6 0   4   43   24 39% 1 120522 6884 70%
c i  0.07 18  6 0   4   44   24 39% 1 120522 6823 69%
c i  0.07 19  8 0  11   68   42 41% 2 120522 6822 69%
c i  0.08 19 11 0  41  219  135 47% 5 120522 6821 69%
c i  0.08 19 11 0  41  233  147 47% 5 120522 6793 69%
c 
c  seconds  reductions  redundant  irredundant
c         MB    restarts       trail      variables
c          level   conflicts       glue        remaining
c 
c -  0.09 19 12 1  41  300  139 49% 5 113548 6772 69%
c i  0.09 19 11 1  41  421  210 51% 5 113548 6771 69%
c i  0.09 19 11 1  41  422  210 51% 5 113548 6770 69%
c i  0.10 19 13 1  47  561  298 52% 5 113548 6769 69%
c i  0.11 19 15 1  67  675  377 52% 5 113548 6766 69%
c i  0.11 19 15 1  69  679  380 52% 5 113548 6765 69%
c -  0.13 24 17 2  86  933  363 52% 6 113310 6765 69%
c }  0.13 24 17 2  94 1000  421 53% 6 113310 6765 69%
c [  0.13 24  0 2  94 1000  421  0% 0 113310 6765 69%
c O  0.13 24 43 2  94 1011  432 57% 4 113310 6765 69%
c i  0.13 24 14 2  94 1053  449 56% 4 113310 6759 68%
c i  0.13 24 15 2  94 1069  462 54% 6 113310 6682 68%
c i  0.14 24 14 2  94 1096  477 54% 6 113310 6681 68%
c i  0.14 24 12 2  94 1114  486 53% 6 113310 6680 68%
c i  0.14 24 11 2  94 1131  501 54% 5 113310 5831 59%
c i  0.14 24 11 2  94 1132  501 54% 5 113310 5822 59%
c ]  0.14 24 11 2  94 1135  501 54% 5 113310 5198 53%
c 0  0.14 24 11 2  94 1135  501 54% 5 113310 5198 53%
c 
c --- [ closing proof ] ------------------------------------------------------
c 
c DRAT proof file '/tmp/conway99-seven-profile-rank5_122_profile_0004-tXcylE/proof.drat' closed
c DRAT 7775 added clauses 11.52%
c DRAT 59743 deleted clauses 88.48%
c DRAT 1824464 bytes (1.74 MB)
c 
c --- [ result ] -------------------------------------------------------------
c 
s UNSATISFIABLE
c 
c --- [ run-time profiling ] -------------------------------------------------
c 
c process time taken by individual solving procedures
c (percentage relative to process time for solving)
c 
c         0.07  100.88% parse
c         0.07   98.93% search
c         0.06   86.09% unstable
c         0.01   10.74% stable
c         0.00    2.06% lucky
c         0.00    0.00% simplify
c   =================================
c         0.07   49.42% solve
c 
c last line shows process time for solving
c (percentage relative to total process time)
c 
c --- [ statistics ] ---------------------------------------------------------
c 
c chronological:               477        42.03 %  of conflicts
c conflicts:                  1135     16573.46    per second
c decisions:                  3443     50275.25    per second
c fixed:                      4674        47.35 %  of all variables
c learned:                     951        83.79 %  per conflict
c learned_lits:              48889       100.00 %  learned literals
c minimized:                     0         0.00 %  learned literals
c shrunken:                  24357        49.82 %  learned literals
c minishrunken:               4550         9.31 %  learned literals
c otfs:                         18         1.59 %  of conflict
c propagations:             694952        10.15 M  per second
c reduced:                      14         1.23 %  per conflict
c rephased:                      1      1135.00    interval
c restarts:                     94        12.07    interval
c stabilizing:                   1        11.89 %  of conflicts
c subsumed:                    184         0.15 %  of all clauses
c strengthened:                 17         0.01 %  of all clauses
c trail reuses:                  0         0.00 %  of incremental calls
c 
c seconds are measured in process time for solving
c 
c --- [ resources ] ----------------------------------------------------------
c 
c total process time since initialization:         0.14    seconds
c total real time since initialization:            0.82    seconds
c maximum resident set size of process:           23.80    MB
c 
c --- [ shutting down ] ------------------------------------------------------
c 
c exit 20
