c --- [ banner ] -------------------------------------------------------------
c 
c CaDiCaL SAT Solver
c Copyright (c) 2016-2023 A. Biere, M. Fleury, N. Froleyks, K. Fazekas, F. Pollitt
c 
c Version 1.9.5 146207318796f094dcded87349a64f0c6927309e
c g++ (Ubuntu 13.3.0-6ubuntu2~24.04.1) 13.3.0 -Wall -Wextra -O3 -DNDEBUG
c Wed Sep 30 06:02:32 JST 2026 Linux ikutoPC 6.6.87.2-microsoft-standard-WSL2 x86_64
c 
c --- [ limit ] --------------------------------------------------------------
c 
c setting conflict limit to 1000000 conflicts (due to '1000000')
c 
c --- [ proof tracing ] ------------------------------------------------------
c 
c opening file to write '/tmp/conway99-exact-eight-0038-EkxfQE/proof.drat'
c writing non-binary proof trace to '/tmp/conway99-exact-eight-0038-EkxfQE/proof.drat'
c 
c --- [ parsing input ] ------------------------------------------------------
c 
c reading DIMACS file from '/mnt/c/Users/ikuto/projects/conway-99-graph/acceleration/results/20260930_exact_eight_next32_continuation_cnfs/case_0038/instance.cnf'
c opening file to read '/mnt/c/Users/ikuto/projects/conway-99-graph/acceleration/results/20260930_exact_eight_next32_continuation_cnfs/case_0038/instance.cnf'
c found 'p cnf 9748 167416' header
c parsed 167416 clauses in 0.06 seconds process time
c 
c --- [ options ] ------------------------------------------------------------
c 
c   --binary=false                 (different from default 'true')
c 
c --- [ solving ] ------------------------------------------------------------
c 
c time measured in process time since initialization
c 
c  seconds  reductions  redundant  irredundant
c         MB    restarts       trail      variables
c          level   conflicts       glue        remaining
c 
c *  0.06 17  0 0   0    0    0  0% 0 117462 6820 70%
c {  0.06 18  0 0   0    0    0  0% 0 117462 6820 70%
c i  0.06 18  9 0   0   26   20 39% 1 117462 6754 69%
c i  0.06 18  8 0   0   27   20 39% 1 117462 6753 69%
c i  0.06 18  8 0   0   28   20 39% 1 117462 6752 69%
c i  0.06 18  8 0   1   31   22 39% 1 117462 6751 69%
c i  0.06 18  8 0   1   32   22 39% 1 117462 6750 69%
c i  0.06 18  7 0   1   33   22 39% 1 117462 6749 69%
c i  0.06 18  7 0   2   36   24 39% 2 117462 6748 69%
c i  0.06 18  7 0   2   37   24 39% 2 117462 6747 69%
c i  0.06 18  7 0   3   39   25 39% 2 117462 6746 69%
c i  0.06 18  7 0   3   40   25 39% 2 117462 6745 69%
c i  0.06 18  6 0   3   41   25 39% 2 117462 6744 69%
c i  0.06 18  6 0   4   44   27 39% 2 117462 6743 69%
c i  0.06 18  6 0   4   45   27 39% 2 117462 6742 69%
c i  0.06 18  6 0   5   46   27 39% 2 117462 6741 69%
c i  0.06 18  6 0   6   49   29 40% 2 117462 6740 69%
c i  0.06 18  6 0   6   50   29 40% 2 117462 6739 69%
c i  0.06 18  6 0   6   51   29 40% 2 117462 6738 69%
c i  0.06 18  8 0  23  140   91 47% 3 117462 6737 69%
c 
c  seconds  reductions  redundant  irredundant
c         MB    restarts       trail      variables
c          level   conflicts       glue        remaining
c 
c i  0.07 19 13 0  42  279  198 51% 4 117462 6736 69%
c i  0.07 19 14 0  46  295  212 51% 4 117462 6735 69%
c -  0.07 19 14 1  47  300  155 51% 4 114069 6735 69%
c i  0.08 19 14 1  52  318  166 51% 4 114069 6734 69%
c i  0.08 19 13 1  54  328  173 52% 4 114069 6733 69%
c i  0.08 19 13 1  54  329  173 52% 4 114069 6732 69%
c i  0.08 19 13 1  55  340  182 52% 4 114069 6731 69%
c i  0.08 19 13 1  55  353  194 52% 4 114069 6730 69%
c i  0.08 19 14 1  62  389  225 52% 4 114069 6729 69%
c i  0.08 19 13 1  62  395  227 52% 4 114069 6728 69%
c i  0.08 19 14 1  62  412  238 52% 4 114069 6727 69%
c i  0.08 19 14 1  67  442  257 52% 4 114069 6639 68%
c i  0.09 19 18 1 104  610  404 53% 5 114069 6638 68%
c i  0.09 19 18 1 105  612  404 53% 5 114069 6637 68%
c i  0.09 19 18 1 105  613  404 53% 5 114069 6636 68%
c i  0.10 19 17 1 123  705  463 53% 5 114069 6635 68%
c i  0.10 19 17 1 127  769  496 53% 5 114069 6634 68%
c i  0.10 19 17 1 127  777  503 53% 5 114069 6633 68%
c i  0.11 19 16 1 148  935  635 53% 5 114069 6632 68%
c -  0.12 23 16 2 148  935  484 53% 5 109645 6632 68%
c 
c  seconds  reductions  redundant  irredundant
c         MB    restarts       trail      variables
c          level   conflicts       glue        remaining
c 
c }  0.12 23 16 2 161 1001  535 54% 5 109645 6632 68%
c [  0.12 23  0 2 161 1001  535  0% 0 109645 6632 68%
c O  0.12 23  0 2 161 1002  535 39% 0 109645 6632 68%
c i  0.12 23  0 2 161 1002  535 39% 0 109645 6630 68%
c i  0.12 23  3 2 161 1005  537 45% 0 109645 6629 68%
c i  0.13 23 21 2 161 1137  657 55% 9 109645 6628 68%
c i  0.14 23 23 2 161 1458  922 56% 10 109645 6627 68%
c ]  0.15 23 22 2 161 1511  952 57% 10 109645 5909 61%
c 0  0.15 23 22 2 161 1511  952 57% 10 109645 5909 61%
c 
c --- [ closing proof ] ------------------------------------------------------
c 
c DRAT proof file '/tmp/conway99-exact-eight-0038-EkxfQE/proof.drat' closed
c DRAT 7394 added clauses 10.91%
c DRAT 60373 deleted clauses 89.09%
c DRAT 1834283 bytes (1.75 MB)
c 
c --- [ result ] -------------------------------------------------------------
c 
s UNSATISFIABLE
c 
c --- [ run-time profiling ] -------------------------------------------------
c 
c process time taken by individual solving procedures
c (percentage relative to process time for solving)
c 
c         0.09   99.22% search
c         0.06   68.94% unstable
c         0.06   63.33% parse
c         0.03   29.31% stable
c         0.00    0.92% lucky
c         0.00    0.00% simplify
c   =================================
c         0.09   60.98% solve
c 
c last line shows process time for solving
c (percentage relative to total process time)
c 
c --- [ statistics ] ---------------------------------------------------------
c 
c chronological:               707        46.79 %  of conflicts
c conflicts:                  1511     17009.64    per second
c decisions:                  5938     66845.28    per second
c fixed:                      3839        39.38 %  of all variables
c learned:                    1424        94.24 %  per conflict
c learned_lits:              72245       100.00 %  learned literals
c minimized:                     0         0.00 %  learned literals
c shrunken:                  34923        48.34 %  learned literals
c minishrunken:               9495        13.14 %  learned literals
c otfs:                         21         1.39 %  of conflict
c propagations:            1009437        11.36 M  per second
c reduced:                      17         1.13 %  per conflict
c rephased:                      1      1511.00    interval
c restarts:                    161         9.39    interval
c stabilizing:                   1        33.75 %  of conflicts
c subsumed:                    218         0.18 %  of all clauses
c strengthened:                 21         0.02 %  of all clauses
c trail reuses:                  0         0.00 %  of incremental calls
c 
c seconds are measured in process time for solving
c 
c --- [ resources ] ----------------------------------------------------------
c 
c total process time since initialization:         0.15    seconds
c total real time since initialization:            0.78    seconds
c maximum resident set size of process:           23.34    MB
c 
c --- [ shutting down ] ------------------------------------------------------
c 
c exit 20
