c --- [ banner ] -------------------------------------------------------------
c 
c CaDiCaL SAT Solver
c Copyright (c) 2016-2023 A. Biere, M. Fleury, N. Froleyks, K. Fazekas, F. Pollitt
c 
c Version 1.9.5 146207318796f094dcded87349a64f0c6927309e
c g++ (Ubuntu 13.3.0-6ubuntu2~24.04.1) 13.3.0 -Wall -Wextra -O3 -DNDEBUG
c Wed Sep 30 06:02:32 JST 2026 Linux ikutoPC 6.6.87.2-microsoft-standard-WSL2 x86_64
c 
c --- [ limit ] --------------------------------------------------------------
c 
c setting conflict limit to 1000000 conflicts (due to '1000000')
c 
c --- [ proof tracing ] ------------------------------------------------------
c 
c opening file to write '/tmp/conway99-seven-profile-rank5_56_profile_0004-k5oJVk/proof.drat'
c writing non-binary proof trace to '/tmp/conway99-seven-profile-rank5_56_profile_0004-k5oJVk/proof.drat'
c 
c --- [ parsing input ] ------------------------------------------------------
c 
c reading DIMACS file from '/mnt/c/Users/ikuto/projects/conway-99-graph/acceleration/results/20260930_hadamard_seven_remaining_cnfs/run02/rank5_56_profile_0004/instance.cnf'
c opening file to read '/mnt/c/Users/ikuto/projects/conway-99-graph/acceleration/results/20260930_hadamard_seven_remaining_cnfs/run02/rank5_56_profile_0004/instance.cnf'
c found 'p cnf 9872 170454' header
c parsed 170454 clauses in 0.06 seconds process time
c 
c --- [ options ] ------------------------------------------------------------
c 
c   --binary=false                 (different from default 'true')
c 
c --- [ solving ] ------------------------------------------------------------
c 
c time measured in process time since initialization
c 
c  seconds  reductions  redundant  irredundant
c         MB    restarts       trail      variables
c          level   conflicts       glue        remaining
c 
c *  0.06 18  0 0   0    0    0  0% 0 120522 6945 70%
c {  0.07 18  0 0   0    0    0  0% 0 120522 6945 70%
c i  0.07 18 40 0   2   62   58 57% 5 120522 6902 70%
c i  0.07 18 39 0   2   96   89 58% 5 120522 6861 69%
c -  0.08 19 27 1  20  300  277 57% 5 114372 6803 69%
c i  0.09 19 23 1  48  475  401 56% 6 114372 6802 69%
c i  0.10 19 22 1  51  535  427 55% 6 114372 6801 69%
c i  0.10 19 22 1  51  536  427 55% 6 114372 6800 69%
c i  0.10 19 22 1  52  564  445 55% 6 114372 6799 69%
c i  0.11 19 25 1  69  811  647 56% 6 114372 6767 69%
c i  0.11 19 24 1  72  842  674 55% 6 114372 6750 68%
c i  0.11 19 23 1  72  915  720 55% 5 114372 6141 62%
c -  0.13 23 23 2  72  935  412 55% 5 91465 6141 62%
c i  0.13 23 22 2  72  944  419 55% 5 91465 6140 62%
c }  0.13 23 22 2  72  952  424 55% 5 91465 4729 48%
c 0  0.13 23 22 2  72  952  424 55% 5 91465 4729 48%
c 
c --- [ closing proof ] ------------------------------------------------------
c 
c DRAT proof file '/tmp/conway99-seven-profile-rank5_56_profile_0004-k5oJVk/proof.drat' closed
c DRAT 10158 added clauses 10.84%
c DRAT 83579 deleted clauses 89.16%
c DRAT 2591801 bytes (2.47 MB)
c 
c --- [ result ] -------------------------------------------------------------
c 
s UNSATISFIABLE
c 
c --- [ run-time profiling ] -------------------------------------------------
c 
c process time taken by individual solving procedures
c (percentage relative to process time for solving)
c 
c         0.06   99.05% search
c         0.06   98.22% parse
c         0.06   96.80% unstable
c         0.00    2.21% lucky
c         0.00    0.00% simplify
c   =================================
c         0.06   50.15% solve
c 
c last line shows process time for solving
c (percentage relative to total process time)
c 
c --- [ statistics ] ---------------------------------------------------------
c 
c chronological:               556        58.40 %  of conflicts
c conflicts:                   952     14758.77    per second
c decisions:                  4071     63112.37    per second
c fixed:                      5143        52.10 %  of all variables
c learned:                     902        94.75 %  per conflict
c learned_lits:              52033       100.00 %  learned literals
c minimized:                     0         0.00 %  learned literals
c shrunken:                  29076        55.88 %  learned literals
c minishrunken:               4928         9.47 %  learned literals
c otfs:                         16         1.68 %  of conflict
c propagations:             538065         8.34 M  per second
c reduced:                      35         3.68 %  per conflict
c restarts:                     72        13.22    interval
c subsumed:                    144         0.12 %  of all clauses
c strengthened:                 16         0.01 %  of all clauses
c trail reuses:                  0         0.00 %  of incremental calls
c 
c seconds are measured in process time for solving
c 
c --- [ resources ] ----------------------------------------------------------
c 
c total process time since initialization:         0.13    seconds
c total real time since initialization:            0.78    seconds
c maximum resident set size of process:           22.81    MB
c 
c --- [ shutting down ] ------------------------------------------------------
c 
c exit 20
