c --- [ banner ] -------------------------------------------------------------
c 
c CaDiCaL SAT Solver
c Copyright (c) 2016-2023 A. Biere, M. Fleury, N. Froleyks, K. Fazekas, F. Pollitt
c 
c Version 1.9.5 146207318796f094dcded87349a64f0c6927309e
c g++ (Ubuntu 13.3.0-6ubuntu2~24.04.1) 13.3.0 -Wall -Wextra -O3 -DNDEBUG
c Wed Sep 30 06:02:32 JST 2026 Linux ikutoPC 6.6.87.2-microsoft-standard-WSL2 x86_64
c 
c --- [ limit ] --------------------------------------------------------------
c 
c setting conflict limit to 1000000 conflicts (due to '1000000')
c 
c --- [ proof tracing ] ------------------------------------------------------
c 
c opening file to write '/tmp/conway99-profile-006-JywcXi/proof.drat'
c writing non-binary proof trace to '/tmp/conway99-profile-006-JywcXi/proof.drat'
c 
c --- [ parsing input ] ------------------------------------------------------
c 
c reading DIMACS file from '/mnt/c/Users/ikuto/projects/conway-99-graph/acceleration/results/20260930_hadamard_four_profile_cnfs/case_006/instance.cnf'
c opening file to read '/mnt/c/Users/ikuto/projects/conway-99-graph/acceleration/results/20260930_hadamard_four_profile_cnfs/case_006/instance.cnf'
c found 'p cnf 10564 187408' header
c parsed 187408 clauses in 0.10 seconds process time
c 
c --- [ options ] ------------------------------------------------------------
c 
c   --binary=false                 (different from default 'true')
c 
c --- [ solving ] ------------------------------------------------------------
c 
c time measured in process time since initialization
c 
c  seconds  reductions  redundant  irredundant
c         MB    restarts       trail      variables
c          level   conflicts       glue        remaining
c 
c *  0.10 19  0 0   0    0    0  0% 0 138126 7750 73%
c {  0.10 20  0 0   0    0    0  0% 0 138126 7750 73%
c -  0.13 21 35 1   9  302  262 59% 7 138066 7750 73%
c i  0.15 21 30 1  31  631  463 56% 7 138066 7749 73%
c i  0.15 21 30 1  31  637  468 56% 7 138066 7748 73%
c i  0.15 21 31 1  31  688  499 56% 7 138066 7747 73%
c i  0.15 21 31 1  31  689  499 56% 7 138066 7746 73%
c i  0.15 21 31 1  31  696  505 56% 7 138066 7745 73%
c i  0.15 21 30 1  31  705  508 56% 7 138066 7743 73%
c i  0.15 21 30 1  31  707  509 56% 7 138066 7741 73%
c i  0.16 21 28 1  36  960  664 55% 7 138066 7740 73%
c -  0.18 27 28 2  36  990  609 55% 7 137676 7740 73%
c }  0.18 27 27 2  36 1000  614 55% 7 137676 7740 73%
c [  0.18 27  0 2  36 1000  614  0% 0 137676 7740 73%
c O  0.18 27  6 2  36 1002  616 49% 3 137676 7740 73%
c i  0.18 27 43 2  36 1008  621 56% 10 137676 7739 73%
c i  0.24 27 30 2  36 1739 1201 63% 6 137676 7737 73%
c -  0.27 27 28 3  36 2014  747 61% 6 137580 7737 73%
c ]  0.33 27 45 3  37 3000 1611 60% 12 137580 7737 73%
c {  0.33 27 27 3  37 3000 1611 55% 7 137580 7737 73%
c 
c  seconds  reductions  redundant  irredundant
c         MB    restarts       trail      variables
c          level   conflicts       glue        remaining
c 
c F  0.35 28 27 3  37 3003 1614 42% 7 137580 7737 73%
c i  0.36 28 27 3  42 3126 1705 44% 7 137580 7736 73%
c i  0.36 28 27 3  42 3128 1706 43% 7 137580 7735 73%
c i  0.36 28 27 3  42 3131 1707 43% 7 137580 7733 73%
c i  0.36 28 27 3  42 3132 1707 43% 7 137580 7731 73%
c i  0.37 28 25 3  49 3296 1827 41% 6 137580 7730 73%
c -  0.38 28 26 4  54 3382 1552 42% 7 137341 7730 73%
c i  0.38 28 26 4  55 3386 1554 42% 7 137341 7729 73%
c i  0.39 28 26 4  78 3531 1663 41% 7 137341 7726 73%
c i  0.39 28 26 4  78 3532 1663 41% 7 137341 7651 72%
c i  0.42 28 23 4 101 4036 2037 40% 7 137341 7639 72%
c i  0.46 28 22 4 167 4828 2607 38% 7 137341 7638 72%
c i  0.46 28 22 4 172 4857 2612 38% 7 137341 7637 72%
c d  0.48 28 22 4 199 5000 2305 38% 7 133245 7590 72%
c d  0.48 28 22 4 199 5000 2305 38% 7 133081 7508 71%
c 2  0.49 28 22 4 199 5000 2310 38% 7 133081 7508 71%
c p  0.55 28 22 4 199 5000 77083 38% 7 133081 7507 71%
c d  0.56 28 22 4 199 5000 76826 38% 7 133034 7494 71%
c d  0.57 28 22 4 199 5000 76826 38% 7 133032 7493 71%
c i  0.57 28 22 4 200 5020 76834 38% 7 133032 7492 71%
c 
c  seconds  reductions  redundant  irredundant
c         MB    restarts       trail      variables
c          level   conflicts       glue        remaining
c 
c -  0.59 28 22 5 210 5088 2676 38% 7 132986 7492 71%
c i  0.60 28 22 5 225 5323 2854 38% 7 132986 7491 71%
c i  0.60 28 22 5 225 5324 2854 38% 7 132986 7490 71%
c i  0.61 28 22 5 226 5362 2878 38% 7 132986 7489 71%
c i  0.61 28 22 5 226 5450 2950 38% 7 132986 7488 71%
c #  0.65 28 22 5 280 6015 3394 39% 7 132986 7488 71%
c i  0.65 28 22 5 280 6077 3433 39% 7 132986 7487 71%
c i  0.66 28 22 5 283 6149 3474 39% 7 132986 7486 71%
c i  0.66 28 23 5 285 6241 3540 39% 7 132986 7485 71%
c i  0.67 28 23 5 293 6324 3579 39% 7 132986 7484 71%
c i  0.67 28 22 5 300 6398 3620 39% 7 132986 7483 71%
c i  0.67 28 22 5 300 6415 3626 38% 7 132986 7431 70%
c i  0.68 28 22 5 316 6543 3724 38% 7 132986 7345 70%
c }  0.70 28 22 5 354 7000 4065 38% 7 132986 7345 70%
c [  0.70 28 45 5 354 7000 4065 82% 12 132986 7345 70%
c -  0.72 33 43 6 354 7111 2994 80% 12 128372 7345 70%
c i  0.72 33 43 6 355 7163 3028 79% 11 128372 7327 69%
c i  0.73 33 43 6 355 7251 3090 78% 12 128372 7326 69%
c i  0.76 33 40 6 355 7951 3609 68% 13 128372 6041 57%
c i  0.78 33 40 6 355 7959 1505 17% 13 86740 6031 57%
c 
c  seconds  reductions  redundant   irredundant
c         MB    restarts       trail      variables
c          level   conflicts       glue        remaining
c 
c ]  0.78 33 40 6 355 7962 1505 15% 13 86740 5234 50%
c 0  0.78 33 40 6 355 7962 1505 15% 13 86740 5234 50%
c 
c --- [ closing proof ] ------------------------------------------------------
c 
c DRAT proof file '/tmp/conway99-profile-006-JywcXi/proof.drat' closed
c DRAT 96139 added clauses 33.59%
c DRAT 190114 deleted clauses 66.41%
c DRAT 8776171 bytes (8.37 MB)
c 
c --- [ result ] -------------------------------------------------------------
c 
s UNSATISFIABLE
c 
c --- [ run-time profiling ] -------------------------------------------------
c 
c process time taken by individual solving procedures
c (percentage relative to process time for solving)
c 
c         0.59   85.83% search
c         0.35   50.75% unstable
c         0.24   34.88% stable
c         0.10   14.08% simplify
c         0.10   13.97% parse
c         0.06    9.35% probe
c         0.01    1.34% ternary
c         0.00    0.19% lucky
c   =================================
c         0.68   87.66% solve
c 
c last line shows process time for solving
c (percentage relative to total process time)
c 
c --- [ statistics ] ---------------------------------------------------------
c 
c chronological:              3447        43.29 %  of conflicts
c conflicts:                  7962     11640.64    per second
c decisions:                 26167     38256.80    per second
c fixed:                      5187        49.10 %  of all variables
c learned:                    7293        91.60 %  per conflict
c learned_lits:             706327       100.00 %  learned literals
c minimized:                     0         0.00 %  learned literals
c shrunken:                 336520        47.64 %  learned literals
c minishrunken:             105140        14.89 %  learned literals
c otfs:                         38         0.48 %  of conflict
c propagations:            5632644         8.24 M  per second
c reduced:                    1446        18.16 %  per conflict
c rephased:                      3      2654.00    interval
c restarts:                    355        22.43    interval
c stabilizing:                   2        37.19 %  of conflicts
c substituted:                 143         1.35 %  of all variables
c subsumed:                   1237         0.56 %  of all clauses
c strengthened:                 37         0.02 %  of all clauses
c ternary:                       6         0.12 %  of resolved
c trail reuses:                  0         0.00 %  of incremental calls
c weakened:                    286         2.00    average size
c 
c seconds are measured in process time for solving
c 
c --- [ resources ] ----------------------------------------------------------
c 
c total process time since initialization:         0.78    seconds
c total real time since initialization:            1.46    seconds
c maximum resident set size of process:           33.19    MB
c 
c --- [ shutting down ] ------------------------------------------------------
c 
c exit 20
