c --- [ banner ] -------------------------------------------------------------
c 
c CaDiCaL SAT Solver
c Copyright (c) 2016-2023 A. Biere, M. Fleury, N. Froleyks, K. Fazekas, F. Pollitt
c 
c Version 1.9.5 146207318796f094dcded87349a64f0c6927309e
c g++ (Ubuntu 13.3.0-6ubuntu2~24.04.1) 13.3.0 -Wall -Wextra -O3 -DNDEBUG
c Wed Sep 30 06:02:32 JST 2026 Linux ikutoPC 6.6.87.2-microsoft-standard-WSL2 x86_64
c 
c --- [ limit ] --------------------------------------------------------------
c 
c setting conflict limit to 1000000 conflicts (due to '1000000')
c 
c --- [ proof tracing ] ------------------------------------------------------
c 
c opening file to write '/tmp/conway99-exact-eight-0143-R7CawM/proof.drat'
c writing non-binary proof trace to '/tmp/conway99-exact-eight-0143-R7CawM/proof.drat'
c 
c --- [ parsing input ] ------------------------------------------------------
c 
c reading DIMACS file from '/mnt/c/Users/ikuto/projects/conway-99-graph/acceleration/results/20261001_exact_eight_prefix64_batch02_cnfs_part02/case_0143/instance.cnf'
c opening file to read '/mnt/c/Users/ikuto/projects/conway-99-graph/acceleration/results/20261001_exact_eight_prefix64_batch02_cnfs_part02/case_0143/instance.cnf'
c found 'p cnf 9748 167416' header
c parsed 167416 clauses in 0.06 seconds process time
c 
c --- [ options ] ------------------------------------------------------------
c 
c   --binary=false                 (different from default 'true')
c 
c --- [ solving ] ------------------------------------------------------------
c 
c time measured in process time since initialization
c 
c  seconds  reductions  redundant  irredundant
c         MB    restarts       trail      variables
c          level   conflicts       glue        remaining
c 
c *  0.06 17  0 0   0    0    0  0% 0 117462 6820 70%
c {  0.06 18  0 0   0    0    0  0% 0 117462 6820 70%
c -  0.07 18 18 1  25  300  220 55% 6 117342 6820 70%
c i  0.09 18 16 1  32  626  456 55% 6 117342 6819 70%
c i  0.09 18 16 1  32  627  456 55% 6 117342 6817 70%
c i  0.09 18 14 1  32  731  536 55% 5 117342 6816 70%
c i  0.09 18 15 1  33  739  542 55% 5 117342 6815 70%
c i  0.09 18 15 1  35  750  552 55% 5 117342 6808 70%
c i  0.09 18 15 1  35  751  552 55% 5 117342 6807 70%
c i  0.09 18 15 1  35  752  552 55% 5 117342 6805 70%
c i  0.09 18 15 1  43  792  584 55% 6 117342 6804 70%
c i  0.09 18 15 1  43  799  588 55% 5 117342 6803 70%
c i  0.10 18 17 1  44  874  650 54% 5 117342 6801 70%
c i  0.10 18 16 1  44  914  684 54% 5 117342 6800 70%
c i  0.10 18 16 1  44  929  694 54% 5 117342 6799 70%
c i  0.10 18 16 1  44  933  697 54% 5 117342 6798 70%
c -  0.11 23 16 2  44  945  448 54% 5 116370 6798 70%
c i  0.11 23 17 2  47  975  471 54% 6 116370 6797 70%
c i  0.11 23 17 2  47  976  471 54% 6 116370 6796 70%
c }  0.11 23 17 2  52 1001  495 54% 6 116370 6796 70%
c 
c  seconds  reductions  redundant  irredundant
c         MB    restarts       trail      variables
c          level   conflicts       glue        remaining
c 
c [  0.11 23  0 2  52 1001  495  0% 0 116370 6796 70%
c O  0.11 23  2 2  52 1002  496 67% 2 116370 6796 70%
c i  0.11 23 17 2  52 1066  527 58% 5 116370 6794 70%
c i  0.11 23 16 2  52 1085  544 55% 5 116370 6793 70%
c i  0.11 23 16 2  52 1086  544 54% 5 116370 6792 70%
c i  0.12 23 16 2  52 1136  582 51% 5 116370 6791 70%
c i  0.12 23 15 2  52 1181  618 52% 5 116370 6790 70%
c i  0.12 23 15 2  52 1207  640 52% 5 116370 6789 70%
c i  0.12 23 16 2  52 1311  720 52% 6 116370 6788 70%
c i  0.13 23 17 2  52 1368  761 51% 7 116370 6787 70%
c i  0.13 23 17 2  52 1475  844 52% 7 116370 6784 70%
c i  0.13 23 15 2  52 1532  888 52% 7 116370 5843 60%
c ]  0.13 23 15 2  52 1535  888 52% 7 116370 4341 45%
c 0  0.13 23 15 2  52 1535  888 52% 7 116370 4341 45%
c 
c --- [ closing proof ] ------------------------------------------------------
c 
c DRAT proof file '/tmp/conway99-exact-eight-0143-R7CawM/proof.drat' closed
c DRAT 8070 added clauses 13.25%
c DRAT 52820 deleted clauses 86.75%
c DRAT 1583509 bytes (1.51 MB)
c 
c --- [ result ] -------------------------------------------------------------
c 
s UNSATISFIABLE
c 
c --- [ run-time profiling ] -------------------------------------------------
c 
c process time taken by individual solving procedures
c (percentage relative to process time for solving)
c 
c         0.08   99.09% search
c         0.06   71.21% parse
c         0.05   68.34% unstable
c         0.02   29.03% stable
c         0.00    1.66% lucky
c         0.00    0.00% simplify
c   =================================
c         0.08   58.09% solve
c 
c last line shows process time for solving
c (percentage relative to total process time)
c 
c --- [ statistics ] ---------------------------------------------------------
c 
c chronological:               707        46.06 %  of conflicts
c conflicts:                  1535     19639.96    per second
c decisions:                  5174     66200.08    per second
c fixed:                      5407        55.47 %  of all variables
c learned:                    1412        91.99 %  per conflict
c learned_lits:              78072       100.00 %  learned literals
c minimized:                     0         0.00 %  learned literals
c shrunken:                  40344        51.68 %  learned literals
c minishrunken:               9109        11.67 %  learned literals
c otfs:                         17         1.11 %  of conflict
c propagations:             789245        10.10 M  per second
c reduced:                      51         3.32 %  per conflict
c rephased:                      1      1535.00    interval
c restarts:                     52        29.52    interval
c stabilizing:                   1        34.79 %  of conflicts
c subsumed:                    242         0.20 %  of all clauses
c strengthened:                 17         0.01 %  of all clauses
c trail reuses:                  0         0.00 %  of incremental calls
c 
c seconds are measured in process time for solving
c 
c --- [ resources ] ----------------------------------------------------------
c 
c total process time since initialization:         0.13    seconds
c total real time since initialization:            0.77    seconds
c maximum resident set size of process:           23.40    MB
c 
c --- [ shutting down ] ------------------------------------------------------
c 
c exit 20
