c --- [ banner ] -------------------------------------------------------------
c 
c CaDiCaL SAT Solver
c Copyright (c) 2016-2023 A. Biere, M. Fleury, N. Froleyks, K. Fazekas, F. Pollitt
c 
c Version 1.9.5 146207318796f094dcded87349a64f0c6927309e
c g++ (Ubuntu 13.3.0-6ubuntu2~24.04.1) 13.3.0 -Wall -Wextra -O3 -DNDEBUG
c Wed Sep 30 06:02:32 JST 2026 Linux ikutoPC 6.6.87.2-microsoft-standard-WSL2 x86_64
c 
c --- [ limit ] --------------------------------------------------------------
c 
c setting conflict limit to 1000000 conflicts (due to '1000000')
c 
c --- [ proof tracing ] ------------------------------------------------------
c 
c opening file to write '/tmp/conway99-seven-profile-rank5_112_profile_0000-JVjzgd/proof.drat'
c writing non-binary proof trace to '/tmp/conway99-seven-profile-rank5_112_profile_0000-JVjzgd/proof.drat'
c 
c --- [ parsing input ] ------------------------------------------------------
c 
c reading DIMACS file from '/mnt/c/Users/ikuto/projects/conway-99-graph/acceleration/results/20260930_hadamard_seven_remaining_cnfs/run01/rank5_112_profile_0000/instance.cnf'
c opening file to read '/mnt/c/Users/ikuto/projects/conway-99-graph/acceleration/results/20260930_hadamard_seven_remaining_cnfs/run01/rank5_112_profile_0000/instance.cnf'
c found 'p cnf 9880 170650' header
c parsed 170650 clauses in 0.07 seconds process time
c 
c --- [ options ] ------------------------------------------------------------
c 
c   --binary=false                 (different from default 'true')
c 
c --- [ solving ] ------------------------------------------------------------
c 
c time measured in process time since initialization
c 
c  seconds  reductions  redundant  irredundant
c         MB    restarts       trail      variables
c          level   conflicts       glue        remaining
c 
c *  0.07 18  0 0   0    0    0  0% 0 120722 6954 70%
c {  0.07 18  0 0   0    0    0  0% 0 120722 6954 70%
c i  0.07 18 15 0   0    6    4 40% 2 120722 6953 70%
c i  0.07 18 13 0   0   12    9 40% 2 120722 6952 70%
c i  0.07 18 11 0   0   14   10 40% 2 120722 6951 70%
c i  0.07 18 10 0   0   27   12 38% 1 120722 6921 70%
c i  0.07 18  9 0   0   29   13 37% 1 120722 6920 70%
c i  0.07 18  9 0   0   31   14 37% 1 120722 6919 70%
c i  0.07 19 19 0   7  100   56 49% 3 120722 6918 70%
c i  0.08 19 15 0  18  154   63 53% 4 120722 6917 70%
c i  0.08 19 15 0  32  217  108 53% 4 120722 6743 68%
c i  0.08 19 15 0  35  226  116 53% 4 120722 6542 66%
c i  0.08 19 15 0  35  227  116 53% 4 120722 6541 66%
c i  0.08 19 14 0  45  307  161 52% 4 120722 6540 66%
c -  0.09 19 14 1  45  307   97 52% 4 106654 6540 66%
c i  0.09 19 14 1  57  373  146 52% 5 106654 6539 66%
c i  0.09 19 14 1  57  374  146 52% 5 106654 6538 66%
c i  0.09 19 14 1  58  375  146 52% 5 106654 6537 66%
c i  0.09 19 14 1  58  383  152 52% 5 106654 6536 66%
c i  0.09 19 14 1  58  423  180 52% 5 106654 6535 66%
c 
c  seconds  reductions  redundant  irredundant
c         MB    restarts       trail      variables
c          level   conflicts       glue        remaining
c 
c i  0.09 19 14 1  58  430  182 52% 5 106654 6504 66%
c i  0.09 19 14 1  58  470  211 52% 4 106654 6503 66%
c i  0.10 19 14 1  60  502  229 52% 5 106654 6502 66%
c i  0.10 19 14 1  62  538  246 52% 5 106654 6501 66%
c i  0.10 19 14 1  62  561  255 52% 5 106654 6500 66%
c i  0.10 19 14 1  62  576  259 52% 4 106654 6496 66%
c i  0.10 19 13 1  66  616  290 52% 4 106654 6495 66%
c i  0.10 19 13 1  66  621  293 52% 4 106654 6489 66%
c i  0.10 19 13 1  66  622  293 52% 4 106654 6488 66%
c i  0.10 19 13 1  73  671  321 52% 5 106654 6485 66%
c i  0.10 19 13 1  73  702  344 52% 4 106654 6478 66%
c i  0.10 19 13 1  73  727  362 52% 4 106654 4872 49%
c i  0.11 19 13 1  73  771  392 53% 4 106654 4859 49%
c i  0.11 19 13 1  73  772  392 53% 4 106654 4858 49%
c i  0.11 19 13 1  73  781  400 53% 4 106654 4852 49%
c i  0.11 19 13 1  73  782  400 53% 4 106654 4850 49%
c i  0.11 19 13 1  73  784  400 53% 4 106654 4847 49%
c i  0.11 19 13 1  73  785  400 53% 4 106654 4841 49%
c i  0.11 19 13 1  73  788  400 53% 4 106654 4840 49%
c }  0.11 19 13 1  73  791  400 53% 4 106654 4527 46%
c 
c  seconds  reductions  redundant  irredundant
c         MB    restarts       trail      variables
c          level   conflicts       glue        remaining
c 
c 0  0.11 19 13 1  73  791  400 53% 4 106654 4527 46%
c 
c --- [ closing proof ] ------------------------------------------------------
c 
c DRAT proof file '/tmp/conway99-seven-profile-rank5_112_profile_0000-JVjzgd/proof.drat' closed
c DRAT 7627 added clauses 10.38%
c DRAT 65869 deleted clauses 89.62%
c DRAT 1691497 bytes (1.61 MB)
c 
c --- [ result ] -------------------------------------------------------------
c 
s UNSATISFIABLE
c 
c --- [ run-time profiling ] -------------------------------------------------
c 
c process time taken by individual solving procedures
c (percentage relative to process time for solving)
c 
c         0.07  161.81% parse
c         0.04   98.25% search
c         0.04   95.89% unstable
c         0.00    2.32% lucky
c         0.00    0.00% simplify
c   =================================
c         0.04   37.93% solve
c 
c last line shows process time for solving
c (percentage relative to total process time)
c 
c --- [ statistics ] ---------------------------------------------------------
c 
c chronological:               374        47.28 %  of conflicts
c conflicts:                   791     19512.07    per second
c decisions:                  2885     71166.04    per second
c fixed:                      5353        54.18 %  of all variables
c learned:                     665        84.07 %  per conflict
c learned_lits:              28901       100.00 %  learned literals
c minimized:                     0         0.00 %  learned literals
c shrunken:                  19118        66.15 %  learned literals
c minishrunken:               1036         3.58 %  learned literals
c otfs:                          8         1.01 %  of conflict
c propagations:             439198        10.83 M  per second
c restarts:                     73        10.84    interval
c subsumed:                    163         0.13 %  of all clauses
c strengthened:                  8         0.01 %  of all clauses
c trail reuses:                  0         0.00 %  of incremental calls
c 
c seconds are measured in process time for solving
c 
c --- [ resources ] ----------------------------------------------------------
c 
c total process time since initialization:         0.11    seconds
c total real time since initialization:            0.77    seconds
c maximum resident set size of process:           19.87    MB
c 
c --- [ shutting down ] ------------------------------------------------------
c 
c exit 20
