{"assumptions": [44, -1, -12, -13, 13, 1032], "base": "a0", "branch": "a0__w1_3", "branch_index": 0, "orbit_size": 1, "solve_seconds": 0.0, "stats_delta": {"conflicts": 0, "decisions": 0, "propagations": 219, "restarts": 0}, "status": "UNSAT", "w_label": [1, 3]}
{"assumptions": [44, -1, -12, -13, 15, 1169], "base": "a0", "branch": "a0__w1_5", "branch_index": 1, "orbit_size": 4, "solve_seconds": 38.485, "stats_delta": {"conflicts": 100000, "decisions": 351119, "propagations": 233219501, "restarts": 7137}, "status": "UNKNOWN", "w_label": [1, 5]}
{"assumptions": [44, -1, -12, -13, 18, 1367], "base": "a0", "branch": "a0__w1_8", "branch_index": 2, "orbit_size": 12, "solve_seconds": 20.031, "stats_delta": {"conflicts": 100001, "decisions": 209873, "propagations": 152041457, "restarts": 2559}, "status": "UNKNOWN", "w_label": [1, 8]}
{"assumptions": [44, -1, -12, -13, 53, 2715], "base": "a0", "branch": "a0__w5_7", "branch_index": 3, "orbit_size": 1, "solve_seconds": 25.235, "stats_delta": {"conflicts": 100000, "decisions": 274045, "propagations": 180017667, "restarts": 6063}, "status": "UNKNOWN", "w_label": [5, 7]}
{"assumptions": [44, -1, -12, -13, 54, 2716], "base": "a0", "branch": "a0__w5_8", "branch_index": 4, "orbit_size": 12, "solve_seconds": 24.453, "stats_delta": {"conflicts": 100000, "decisions": 214824, "propagations": 165966515, "restarts": 3731}, "status": "UNKNOWN", "w_label": [5, 8]}
{"assumptions": [44, -1, -12, -13, 72, 2734], "base": "a0", "branch": "a0__w8_10", "branch_index": 5, "orbit_size": 12, "solve_seconds": 23.781, "stats_delta": {"conflicts": 100000, "decisions": 238774, "propagations": 155744969, "restarts": 3443}, "status": "UNKNOWN", "w_label": [8, 10]}
{"assumptions": [44, -1, -12, 13, 13, 1032], "base": "a1_complement", "branch": "a1_complement__w1_3", "branch_index": 6, "orbit_size": 1, "solve_seconds": 26.156, "stats_delta": {"conflicts": 100000, "decisions": 382602, "propagations": 184464042, "restarts": 5809}, "status": "UNKNOWN", "w_label": [1, 3]}
{"assumptions": [44, -1, -12, 13, 15, 1169], "base": "a1_complement", "branch": "a1_complement__w1_5", "branch_index": 7, "orbit_size": 4, "solve_seconds": 0.0, "stats_delta": {"conflicts": 0, "decisions": 0, "propagations": 169, "restarts": 0}, "status": "UNSAT", "w_label": [1, 5]}
{"assumptions": [44, -1, -12, 13, 18, 1367], "base": "a1_complement", "branch": "a1_complement__w1_8", "branch_index": 8, "orbit_size": 12, "solve_seconds": 0.0, "stats_delta": {"conflicts": 0, "decisions": 0, "propagations": 169, "restarts": 0}, "status": "UNSAT", "w_label": [1, 8]}
{"assumptions": [44, -1, -12, 13, 53, 2715], "base": "a1_complement", "branch": "a1_complement__w5_7", "branch_index": 9, "orbit_size": 1, "solve_seconds": 28.953, "stats_delta": {"conflicts": 100001, "decisions": 311761, "propagations": 186804528, "restarts": 4962}, "status": "UNKNOWN", "w_label": [5, 7]}
{"assumptions": [44, -1, -12, 13, 54, 2716], "base": "a1_complement", "branch": "a1_complement__w5_8", "branch_index": 10, "orbit_size": 12, "solve_seconds": 30.906, "stats_delta": {"conflicts": 100000, "decisions": 373339, "propagations": 195158355, "restarts": 5273}, "status": "UNKNOWN", "w_label": [5, 8]}
{"assumptions": [44, -1, -12, 13, 72, 2734], "base": "a1_complement", "branch": "a1_complement__w8_10", "branch_index": 11, "orbit_size": 12, "solve_seconds": 29.454, "stats_delta": {"conflicts": 100000, "decisions": 365650, "propagations": 205129197, "restarts": 4593}, "status": "UNKNOWN", "w_label": [8, 10]}
{"assumptions": [44, 1, -12, -13, 13, 1032], "base": "a1_cross", "branch": "a1_cross__w1_3", "branch_index": 12, "orbit_size": 1, "solve_seconds": 0.0, "stats_delta": {"conflicts": 0, "decisions": 0, "propagations": 117, "restarts": 0}, "status": "UNSAT", "w_label": [1, 3]}
{"assumptions": [44, 1, -12, -13, 15, 1169], "base": "a1_cross", "branch": "a1_cross__w1_5", "branch_index": 13, "orbit_size": 2, "solve_seconds": 25.718, "stats_delta": {"conflicts": 100000, "decisions": 254360, "propagations": 176904653, "restarts": 2898}, "status": "UNKNOWN", "w_label": [1, 5]}
{"assumptions": [44, 1, -12, -13, 18, 1367], "base": "a1_cross", "branch": "a1_cross__w1_8", "branch_index": 14, "orbit_size": 6, "solve_seconds": 26.719, "stats_delta": {"conflicts": 100003, "decisions": 217810, "propagations": 175769349, "restarts": 2496}, "status": "UNKNOWN", "w_label": [1, 8]}
{"assumptions": [44, 1, -12, -13, 35, 2319], "base": "a1_cross", "branch": "a1_cross__w3_5", "branch_index": 15, "orbit_size": 2, "solve_seconds": 0.0, "stats_delta": {"conflicts": 0, "decisions": 0, "propagations": 117, "restarts": 0}, "status": "UNSAT", "w_label": [3, 5]}
{"assumptions": [44, 1, -12, -13, 38, 2457], "base": "a1_cross", "branch": "a1_cross__w3_8", "branch_index": 16, "orbit_size": 6, "solve_seconds": 0.0, "stats_delta": {"conflicts": 0, "decisions": 0, "propagations": 117, "restarts": 0}, "status": "UNSAT", "w_label": [3, 8]}
{"assumptions": [44, 1, -12, -13, 53, 2715], "base": "a1_cross", "branch": "a1_cross__w5_7", "branch_index": 17, "orbit_size": 1, "solve_seconds": 26.187, "stats_delta": {"conflicts": 100001, "decisions": 287554, "propagations": 164473175, "restarts": 4428}, "status": "UNKNOWN", "w_label": [5, 7]}
{"assumptions": [44, 1, -12, -13, 54, 2716], "base": "a1_cross", "branch": "a1_cross__w5_8", "branch_index": 18, "orbit_size": 12, "solve_seconds": 28.188, "stats_delta": {"conflicts": 100000, "decisions": 243420, "propagations": 165324226, "restarts": 3148}, "status": "UNKNOWN", "w_label": [5, 8]}
{"assumptions": [44, 1, -12, -13, 72, 2734], "base": "a1_cross", "branch": "a1_cross__w8_10", "branch_index": 19, "orbit_size": 12, "solve_seconds": 21.125, "stats_delta": {"conflicts": 100000, "decisions": 273792, "propagations": 130862731, "restarts": 3499}, "status": "UNKNOWN", "w_label": [8, 10]}
{"assumptions": [44, 1, 12, -13, 13, 1032], "base": "a2_crosses", "branch": "a2_crosses__w1_3", "branch_index": 20, "orbit_size": 1, "solve_seconds": 0.0, "stats_delta": {"conflicts": 0, "decisions": 0, "propagations": 246, "restarts": 0}, "status": "UNSAT", "w_label": [1, 3]}
{"assumptions": [44, 1, 12, -13, 15, 1169], "base": "a2_crosses", "branch": "a2_crosses__w1_5", "branch_index": 21, "orbit_size": 4, "solve_seconds": 0.0, "stats_delta": {"conflicts": 0, "decisions": 0, "propagations": 101, "restarts": 0}, "status": "UNSAT", "w_label": [1, 5]}
{"assumptions": [44, 1, 12, -13, 18, 1367], "base": "a2_crosses", "branch": "a2_crosses__w1_8", "branch_index": 22, "orbit_size": 12, "solve_seconds": 0.0, "stats_delta": {"conflicts": 0, "decisions": 0, "propagations": 246, "restarts": 0}, "status": "UNSAT", "w_label": [1, 8]}
{"assumptions": [44, 1, 12, -13, 53, 2715], "base": "a2_crosses", "branch": "a2_crosses__w5_7", "branch_index": 23, "orbit_size": 1, "solve_seconds": 25.234, "stats_delta": {"conflicts": 100001, "decisions": 359758, "propagations": 166756235, "restarts": 5315}, "status": "UNKNOWN", "w_label": [5, 7]}
{"assumptions": [44, 1, 12, -13, 54, 2716], "base": "a2_crosses", "branch": "a2_crosses__w5_8", "branch_index": 24, "orbit_size": 12, "solve_seconds": 24.656, "stats_delta": {"conflicts": 100000, "decisions": 254187, "propagations": 151864197, "restarts": 3307}, "status": "UNKNOWN", "w_label": [5, 8]}
{"assumptions": [44, 1, 12, -13, 72, 2734], "base": "a2_crosses", "branch": "a2_crosses__w8_10", "branch_index": 25, "orbit_size": 12, "solve_seconds": 25.297, "stats_delta": {"conflicts": 100006, "decisions": 287484, "propagations": 148293325, "restarts": 3450}, "status": "UNKNOWN", "w_label": [8, 10]}
{"status": "UNKNOWN", "counts": {"SAT": 0, "UNSAT": 9, "UNKNOWN": 17}}
