{"assumptions": [44, -1, -12, -13, 13, 1032], "base": "a0", "branch": "a0__w1_3", "branch_index": 0, "orbit_size": 1, "solve_seconds": 0.0, "stats_delta": {"conflicts": 0, "decisions": 0, "propagations": 219, "restarts": 0}, "status": "UNSAT", "w_label": [1, 3]}
{"assumptions": [44, -1, -12, -13, 15, 1169], "base": "a0", "branch": "a0__w1_5", "branch_index": 1, "orbit_size": 4, "solve_seconds": 10.64, "stats_delta": {"conflicts": 20002, "decisions": 96421, "propagations": 42612904, "restarts": 1440}, "status": "UNKNOWN", "w_label": [1, 5]}
{"assumptions": [44, -1, -12, -13, 18, 1367], "base": "a0", "branch": "a0__w1_8", "branch_index": 2, "orbit_size": 12, "solve_seconds": 5.422, "stats_delta": {"conflicts": 20001, "decisions": 47829, "propagations": 33769886, "restarts": 619}, "status": "UNKNOWN", "w_label": [1, 8]}
{"assumptions": [44, -1, -12, -13, 53, 2715], "base": "a0", "branch": "a0__w5_7", "branch_index": 3, "orbit_size": 1, "solve_seconds": 5.641, "stats_delta": {"conflicts": 20000, "decisions": 46307, "propagations": 35080530, "restarts": 776}, "status": "UNKNOWN", "w_label": [5, 7]}
{"assumptions": [44, -1, -12, -13, 54, 2716], "base": "a0", "branch": "a0__w5_8", "branch_index": 4, "orbit_size": 12, "solve_seconds": 4.515, "stats_delta": {"conflicts": 20000, "decisions": 45315, "propagations": 30492589, "restarts": 843}, "status": "UNKNOWN", "w_label": [5, 8]}
{"assumptions": [44, -1, -12, -13, 72, 2734], "base": "a0", "branch": "a0__w8_10", "branch_index": 5, "orbit_size": 12, "solve_seconds": 3.844, "stats_delta": {"conflicts": 20000, "decisions": 52215, "propagations": 28681142, "restarts": 938}, "status": "UNKNOWN", "w_label": [8, 10]}
{"assumptions": [44, -1, -12, 13, 13, 1032], "base": "a1_complement", "branch": "a1_complement__w1_3", "branch_index": 6, "orbit_size": 1, "solve_seconds": 4.562, "stats_delta": {"conflicts": 20002, "decisions": 70421, "propagations": 37420589, "restarts": 1008}, "status": "UNKNOWN", "w_label": [1, 3]}
{"assumptions": [44, -1, -12, 13, 15, 1169], "base": "a1_complement", "branch": "a1_complement__w1_5", "branch_index": 7, "orbit_size": 4, "solve_seconds": 0.0, "stats_delta": {"conflicts": 0, "decisions": 0, "propagations": 299, "restarts": 0}, "status": "UNSAT", "w_label": [1, 5]}
{"assumptions": [44, -1, -12, 13, 18, 1367], "base": "a1_complement", "branch": "a1_complement__w1_8", "branch_index": 8, "orbit_size": 12, "solve_seconds": 0.0, "stats_delta": {"conflicts": 0, "decisions": 0, "propagations": 299, "restarts": 0}, "status": "UNSAT", "w_label": [1, 8]}
{"assumptions": [44, -1, -12, 13, 53, 2715], "base": "a1_complement", "branch": "a1_complement__w5_7", "branch_index": 9, "orbit_size": 1, "solve_seconds": 5.063, "stats_delta": {"conflicts": 20001, "decisions": 47095, "propagations": 33340866, "restarts": 653}, "status": "UNKNOWN", "w_label": [5, 7]}
{"assumptions": [44, -1, -12, 13, 54, 2716], "base": "a1_complement", "branch": "a1_complement__w5_8", "branch_index": 10, "orbit_size": 12, "solve_seconds": 6.922, "stats_delta": {"conflicts": 20001, "decisions": 68462, "propagations": 46572681, "restarts": 940}, "status": "UNKNOWN", "w_label": [5, 8]}
{"assumptions": [44, -1, -12, 13, 72, 2734], "base": "a1_complement", "branch": "a1_complement__w8_10", "branch_index": 11, "orbit_size": 12, "solve_seconds": 7.531, "stats_delta": {"conflicts": 20000, "decisions": 73526, "propagations": 47835461, "restarts": 981}, "status": "UNKNOWN", "w_label": [8, 10]}
{"assumptions": [44, 1, -12, -13, 13, 1032], "base": "a1_cross", "branch": "a1_cross__w1_3", "branch_index": 12, "orbit_size": 1, "solve_seconds": 0.0, "stats_delta": {"conflicts": 0, "decisions": 0, "propagations": 118, "restarts": 0}, "status": "UNSAT", "w_label": [1, 3]}
{"assumptions": [44, 1, -12, -13, 15, 1169], "base": "a1_cross", "branch": "a1_cross__w1_5", "branch_index": 13, "orbit_size": 2, "solve_seconds": 4.781, "stats_delta": {"conflicts": 20004, "decisions": 37645, "propagations": 33358270, "restarts": 308}, "status": "UNKNOWN", "w_label": [1, 5]}
{"assumptions": [44, 1, -12, -13, 18, 1367], "base": "a1_cross", "branch": "a1_cross__w1_8", "branch_index": 14, "orbit_size": 6, "solve_seconds": 5.344, "stats_delta": {"conflicts": 20000, "decisions": 51443, "propagations": 35900780, "restarts": 869}, "status": "UNKNOWN", "w_label": [1, 8]}
{"assumptions": [44, 1, -12, -13, 35, 2319], "base": "a1_cross", "branch": "a1_cross__w3_5", "branch_index": 15, "orbit_size": 2, "solve_seconds": 0.0, "stats_delta": {"conflicts": 0, "decisions": 0, "propagations": 118, "restarts": 0}, "status": "UNSAT", "w_label": [3, 5]}
{"assumptions": [44, 1, -12, -13, 38, 2457], "base": "a1_cross", "branch": "a1_cross__w3_8", "branch_index": 16, "orbit_size": 6, "solve_seconds": 0.0, "stats_delta": {"conflicts": 0, "decisions": 0, "propagations": 118, "restarts": 0}, "status": "UNSAT", "w_label": [3, 8]}
{"assumptions": [44, 1, -12, -13, 53, 2715], "base": "a1_cross", "branch": "a1_cross__w5_7", "branch_index": 17, "orbit_size": 1, "solve_seconds": 4.875, "stats_delta": {"conflicts": 20001, "decisions": 49982, "propagations": 35050993, "restarts": 662}, "status": "UNKNOWN", "w_label": [5, 7]}
{"assumptions": [44, 1, -12, -13, 54, 2716], "base": "a1_cross", "branch": "a1_cross__w5_8", "branch_index": 18, "orbit_size": 12, "solve_seconds": 5.969, "stats_delta": {"conflicts": 20000, "decisions": 36444, "propagations": 38110121, "restarts": 449}, "status": "UNKNOWN", "w_label": [5, 8]}
{"assumptions": [44, 1, -12, -13, 72, 2734], "base": "a1_cross", "branch": "a1_cross__w8_10", "branch_index": 19, "orbit_size": 12, "solve_seconds": 3.953, "stats_delta": {"conflicts": 20003, "decisions": 51386, "propagations": 28822081, "restarts": 814}, "status": "UNKNOWN", "w_label": [8, 10]}
{"assumptions": [44, 1, 12, -13, 13, 1032], "base": "a2_crosses", "branch": "a2_crosses__w1_3", "branch_index": 20, "orbit_size": 1, "solve_seconds": 0.0, "stats_delta": {"conflicts": 0, "decisions": 0, "propagations": 253, "restarts": 0}, "status": "UNSAT", "w_label": [1, 3]}
{"assumptions": [44, 1, 12, -13, 15, 1169], "base": "a2_crosses", "branch": "a2_crosses__w1_5", "branch_index": 21, "orbit_size": 4, "solve_seconds": 0.0, "stats_delta": {"conflicts": 0, "decisions": 0, "propagations": 103, "restarts": 0}, "status": "UNSAT", "w_label": [1, 5]}
{"assumptions": [44, 1, 12, -13, 18, 1367], "base": "a2_crosses", "branch": "a2_crosses__w1_8", "branch_index": 22, "orbit_size": 12, "solve_seconds": 0.0, "stats_delta": {"conflicts": 0, "decisions": 0, "propagations": 253, "restarts": 0}, "status": "UNSAT", "w_label": [1, 8]}
{"assumptions": [44, 1, 12, -13, 53, 2715], "base": "a2_crosses", "branch": "a2_crosses__w5_7", "branch_index": 23, "orbit_size": 1, "solve_seconds": 3.563, "stats_delta": {"conflicts": 20001, "decisions": 58036, "propagations": 31283843, "restarts": 875}, "status": "UNKNOWN", "w_label": [5, 7]}
{"assumptions": [44, 1, 12, -13, 54, 2716], "base": "a2_crosses", "branch": "a2_crosses__w5_8", "branch_index": 24, "orbit_size": 12, "solve_seconds": 4.828, "stats_delta": {"conflicts": 20001, "decisions": 53419, "propagations": 32381843, "restarts": 861}, "status": "UNKNOWN", "w_label": [5, 8]}
{"assumptions": [44, 1, 12, -13, 72, 2734], "base": "a2_crosses", "branch": "a2_crosses__w8_10", "branch_index": 25, "orbit_size": 12, "solve_seconds": 5.313, "stats_delta": {"conflicts": 20000, "decisions": 59267, "propagations": 40490116, "restarts": 772}, "status": "UNKNOWN", "w_label": [8, 10]}
{"status": "UNKNOWN", "counts": {"SAT": 0, "UNSAT": 9, "UNKNOWN": 17}}
