
c parsing input formula with 40161 variables and 84696 clauses

c WARNING: backward mode ignores deletion of (pseudo) unit clause [-1946156457] -653 0

c WARNING: backward mode ignores deletion of (pseudo) unit clause [-1946156457] -728 0

c WARNING: backward mode ignores deletion of (pseudo) unit clause [-1946156457] -366 0

c WARNING: backward mode ignores deletion of (pseudo) unit clause [-1946156457] -171 0

c WARNING: backward mode ignores deletion of (pseudo) unit clause [-1946156457] -1153 0

c WARNING: backward mode ignores deletion of (pseudo) unit clause [-1946156457] -738 0

c WARNING: backward mode ignores deletion of (pseudo) unit clause [-1946156457] -1298 0

c WARNING: backward mode ignores deletion of (pseudo) unit clause [-1946156457] -1301 0

c WARNING: backward mode ignores deletion of (pseudo) unit clause [-1946156457] -789 0

c WARNING: backward mode ignores deletion of (pseudo) unit clause [-1946156457] -1285 0

c WARNING: backward mode ignores deletion of (pseudo) unit clause [-1946156457] -673 0

c WARNING: backward mode ignores deletion of (pseudo) unit clause [-1946156457] -756 0

c WARNING: backward mode ignores deletion of (pseudo) unit clause [-1946156457] -1665 0

c WARNING: backward mode ignores deletion of (pseudo) unit clause [-1946156457] -797 0

c WARNING: backward mode ignores deletion of (pseudo) unit clause [-1946156457] -1123 0

c WARNING: backward mode ignores deletion of (pseudo) unit clause [-1946156457] -366 0

c WARNING: backward mode ignores deletion of (pseudo) unit clause [-1946156457] -20 0

c WARNING: backward mode ignores deletion of (pseudo) unit clause [-1946156457] -605 0

c WARNING: backward mode ignores deletion of (pseudo) unit clause [-1946156457] -365 0

c WARNING: backward mode ignores deletion of (pseudo) unit clause [-1946156457] -366 0

c WARNING: backward mode ignores deletion of (pseudo) unit clause [-1946156457] -20 0

c WARNING: backward mode ignores deletion of (pseudo) unit clause [-1946156457] -615 0

c WARNING: backward mode ignores deletion of (pseudo) unit clause [-1946156457] -36 0

c WARNING: backward mode ignores deletion of (pseudo) unit clause [-1946156457] -20 0

c WARNING: backward mode ignores deletion of (pseudo) unit clause [-1946156457] -165 0

c WARNING: backward mode ignores deletion of (pseudo) unit clause [-1946156457] -171 0

c WARNING: backward mode ignores deletion of (pseudo) unit clause [-1946156457] -171 0

c WARNING: backward mode ignores deletion of (pseudo) unit clause [-1946156457] -103 0

c WARNING: backward mode ignores deletion of (pseudo) unit clause [-1946156457] -106 0

c WARNING: backward mode ignores deletion of (pseudo) unit clause [-1946156457] -642 0

c WARNING: backward mode ignores deletion of (pseudo) unit clause [-1946156457] -402 0

c WARNING: backward mode ignores deletion of (pseudo) unit clause [-1946156457] -81 0

c WARNING: backward mode ignores deletion of (pseudo) unit clause [-1946156457] -614 0

c WARNING: backward mode ignores deletion of (pseudo) unit clause [-1946156457] -608 0

c WARNING: backward mode ignores deletion of (pseudo) unit clause [-1946156457] -608 0

c WARNING: backward mode ignores deletion of (pseudo) unit clause [-1946156457] -164 0

c WARNING: backward mode ignores deletion of (pseudo) unit clause [-1946156457] -138 0

c WARNING: backward mode ignores deletion of (pseudo) unit clause [-1946156457] -138 0

c WARNING: backward mode ignores deletion of (pseudo) unit clause [-1946156457] -54 0

c WARNING: backward mode ignores deletion of (pseudo) unit clause [-1946156457] -484 0

c WARNING: backward mode ignores deletion of (pseudo) unit clause [-1946156457] -484 0

c WARNING: backward mode ignores deletion of (pseudo) unit clause [-1946156457] -763 0

c WARNING: backward mode ignores deletion of (pseudo) unit clause [-1946156457] -313 0

c WARNING: backward mode ignores deletion of (pseudo) unit clause [-1946156457] -306 0

c WARNING: backward mode ignores deletion of (pseudo) unit clause [-1946156457] -704 0

c WARNING: backward mode ignores deletion of (pseudo) unit clause [-1946156457] -944 0

c WARNING: backward mode ignores deletion of (pseudo) unit clause [-1946156457] -869 0

c WARNING: backward mode ignores deletion of (pseudo) unit clause [-1946156457] -356 0

c WARNING: backward mode ignores deletion of (pseudo) unit clause [-1946156457] -356 0

c WARNING: backward mode ignores deletion of (pseudo) unit clause [-1946156457] -366 0

c WARNING: backward mode ignores deletion of (pseudo) unit clause [-1946156457] -375 0

c WARNING: backward mode ignores deletion of (pseudo) unit clause [-1946156457] -20 0

c WARNING: backward mode ignores deletion of (pseudo) unit clause [-1946156457] -366 0

c WARNING: backward mode ignores deletion of (pseudo) unit clause [-1946156457] -379 0

c WARNING: backward mode ignores deletion of (pseudo) unit clause [-1946156457] -409 0

c WARNING: backward mode ignores deletion of (pseudo) unit clause [-1946156457] -754 0

c WARNING: backward mode ignores deletion of (pseudo) unit clause [-1946156457] -955 0

c WARNING: backward mode ignores deletion of (pseudo) unit clause [-1946156457] -433 0

c WARNING: backward mode ignores deletion of (pseudo) unit clause [-1946156457] -106 0

c WARNING: backward mode ignores deletion of (pseudo) unit clause [-1946156457] -439 0

c WARNING: backward mode ignores deletion of (pseudo) unit clause [-1946156457] -756 0

c WARNING: backward mode ignores deletion of (pseudo) unit clause [-1946156457] -899 0

c WARNING: backward mode ignores deletion of (pseudo) unit clause [-1946156457] -756 0

c WARNING: backward mode ignores deletion of (pseudo) unit clause [-1946156457] -466 0

c WARNING: backward mode ignores deletion of (pseudo) unit clause [-1946156457] -229 0

c WARNING: backward mode ignores deletion of (pseudo) unit clause [-1946156457] -509 0

c WARNING: backward mode ignores deletion of (pseudo) unit clause [-1946156457] -490 0

c WARNING: backward mode ignores deletion of (pseudo) unit clause [-1946156457] -702 0

c WARNING: backward mode ignores deletion of (pseudo) unit clause [-1946156457] -548 0

c WARNING: backward mode ignores deletion of (pseudo) unit clause [-1946156457] -585 0

c WARNING: backward mode ignores deletion of (pseudo) unit clause [-1946156457] -596 0

c WARNING: backward mode ignores deletion of (pseudo) unit clause [-1946156457] -594 0

c WARNING: backward mode ignores deletion of (pseudo) unit clause [-1946156457] -595 0

c WARNING: backward mode ignores deletion of (pseudo) unit clause [-1946156457] -608 0

c WARNING: backward mode ignores deletion of (pseudo) unit clause [-1946156457] -615 0

c WARNING: backward mode ignores deletion of (pseudo) unit clause [-1946156457] -18 0

c WARNING: backward mode ignores deletion of (pseudo) unit clause [-1946156457] -138 0

c WARNING: backward mode ignores deletion of (pseudo) unit clause [-1946156457] -608 0

c WARNING: backward mode ignores deletion of (pseudo) unit clause [-1946156457] -813 0

c WARNING: backward mode ignores deletion of (pseudo) unit clause [-1946156457] -655 0

c WARNING: backward mode ignores deletion of (pseudo) unit clause [-1946156457] -813 0

c WARNING: backward mode ignores deletion of (pseudo) unit clause [-1946156457] -645 0

c WARNING: backward mode ignores deletion of (pseudo) unit clause [-1946156457] -118 0

c WARNING: backward mode ignores deletion of (pseudo) unit clause [-1946156457] -560 0

c WARNING: backward mode ignores deletion of (pseudo) unit clause [-1946156457] -726 0

c WARNING: backward mode ignores deletion of (pseudo) unit clause [-1946156457] -270 0

c WARNING: backward mode ignores deletion of (pseudo) unit clause [-1946156457] -789 0

c WARNING: backward mode ignores deletion of (pseudo) unit clause [-1946156457] -655 0

c WARNING: backward mode ignores deletion of (pseudo) unit clause [-1946156457] -439 0

c WARNING: backward mode ignores deletion of (pseudo) unit clause [-1946156457] -869 0

c WARNING: backward mode ignores deletion of (pseudo) unit clause [-1946156457] -356 0

c WARNING: backward mode ignores deletion of (pseudo) unit clause [-1946156457] -869 0

c WARNING: backward mode ignores deletion of (pseudo) unit clause [-1946156457] -585 0

c WARNING: backward mode ignores deletion of (pseudo) unit clause [-1946156457] -899 0

c WARNING: backward mode ignores deletion of (pseudo) unit clause [-1946156457] -306 0

c WARNING: backward mode ignores deletion of (pseudo) unit clause [-1946156457] -1153 0

c WARNING: backward mode ignores deletion of (pseudo) unit clause [-1946156457] -601 0

c WARNING: backward mode ignores deletion of (pseudo) unit clause [-1946156457] -1153 0

c WARNING: backward mode ignores deletion of (pseudo) unit clause [-1946156457] -1297 0

c WARNING: backward mode ignores deletion of (pseudo) unit clause [-1946156457] -1301 0

c WARNING: backward mode ignores deletion of (pseudo) unit clause [-1946156457] -1158 0

c WARNING: backward mode ignores deletion of (pseudo) unit clause [-1946156457] -975 0

c WARNING: backward mode ignores deletion of (pseudo) unit clause [-1946156457] -92 0

c WARNING: backward mode ignores deletion of (pseudo) unit clause [-1946156457] -256 0

c WARNING: backward mode ignores deletion of (pseudo) unit clause [-1946156457] -1428 0

c WARNING: backward mode ignores deletion of (pseudo) unit clause [-1946156457] -1017 0

c WARNING: backward mode ignores deletion of (pseudo) unit clause [-1946156457] -208 0

c WARNING: backward mode ignores deletion of (pseudo) unit clause [-1946156457] -1051 0

c WARNING: backward mode ignores deletion of (pseudo) unit clause [-1946156457] -369 0

c WARNING: backward mode ignores deletion of (pseudo) unit clause [-1946156457] -645 0

c WARNING: backward mode ignores deletion of (pseudo) unit clause [-1946156457] -1099 0

c WARNING: backward mode ignores deletion of (pseudo) unit clause [-1946156457] -1363 0

c WARNING: backward mode ignores deletion of (pseudo) unit clause [-1946156457] -726 0

c WARNING: backward mode ignores deletion of (pseudo) unit clause [-1946156457] -1123 0

c WARNING: backward mode ignores deletion of (pseudo) unit clause [-1946156457] -1347 0

c WARNING: backward mode ignores deletion of (pseudo) unit clause [-1946156457] -1203 0

c WARNING: backward mode ignores deletion of (pseudo) unit clause [-1946156457] -1113 0

c WARNING: backward mode ignores deletion of (pseudo) unit clause [-1946156457] -1115 0

c WARNING: backward mode ignores deletion of (pseudo) unit clause [-1946156457] -1123 0

c WARNING: backward mode ignores deletion of (pseudo) unit clause [-1946156457] -1471 0

c WARNING: backward mode ignores deletion of (pseudo) unit clause [-1946156457] -81 0

c WARNING: backward mode ignores deletion of (pseudo) unit clause [-1946156457] -121 0

c WARNING: backward mode ignores deletion of (pseudo) unit clause [-1946156457] -139 0

c WARNING: backward mode ignores deletion of (pseudo) unit clause [-1946156457] -1301 0

c WARNING: backward mode ignores deletion of (pseudo) unit clause [-1946156457] -1158 0

c WARNING: backward mode ignores deletion of (pseudo) unit clause [-1946156457] -1158 0

c WARNING: backward mode ignores deletion of (pseudo) unit clause [-1946156457] -1336 0

c WARNING: backward mode ignores deletion of (pseudo) unit clause [-1946156457] -1192 0

c WARNING: backward mode ignores deletion of (pseudo) unit clause [-1946156457] -20 0

c WARNING: backward mode ignores deletion of (pseudo) unit clause [-1946156457] -1408 0

c WARNING: backward mode ignores deletion of (pseudo) unit clause [-1946156457] -366 0

c WARNING: backward mode ignores deletion of (pseudo) unit clause [-1946156457] -36 0

c WARNING: backward mode ignores deletion of (pseudo) unit clause [-1946156457] -1279 0

c WARNING: backward mode ignores deletion of (pseudo) unit clause [-1946156457] -1107 0

c WARNING: backward mode ignores deletion of (pseudo) unit clause [-1946156457] -167 0

c WARNING: backward mode ignores deletion of (pseudo) unit clause [-1946156457] -1117 0

c WARNING: backward mode ignores deletion of (pseudo) unit clause [-1946156457] -1051 0

c WARNING: backward mode ignores deletion of (pseudo) unit clause [-1946156457] -1236 0

c WARNING: backward mode ignores deletion of (pseudo) unit clause [-1946156457] -1301 0

c WARNING: backward mode ignores deletion of (pseudo) unit clause [-1946156457] -45 0

c WARNING: backward mode ignores deletion of (pseudo) unit clause [-1946156457] -48 0

c WARNING: backward mode ignores deletion of (pseudo) unit clause [-1946156457] -975 0

c WARNING: backward mode ignores deletion of (pseudo) unit clause [-1946156457] -71 0

c WARNING: backward mode ignores deletion of (pseudo) unit clause [-1946156457] -1301 0

c WARNING: backward mode ignores deletion of (pseudo) unit clause [-1946156457] -1304 0

c WARNING: backward mode ignores deletion of (pseudo) unit clause [-1946156457] -816 0

c WARNING: backward mode ignores deletion of (pseudo) unit clause [-1946156457] -1412 0

c WARNING: backward mode ignores deletion of (pseudo) unit clause [-1946156457] -1333 0

c WARNING: backward mode ignores deletion of (pseudo) unit clause [-1946156457] -1322 0

c WARNING: backward mode ignores deletion of (pseudo) unit clause [-1946156457] -1099 0

c WARNING: backward mode ignores deletion of (pseudo) unit clause [-1946156457] -1123 0

c WARNING: backward mode ignores deletion of (pseudo) unit clause [-1946156457] -1284 0

c WARNING: backward mode ignores deletion of (pseudo) unit clause [-1946156457] -1374 0

c WARNING: backward mode ignores deletion of (pseudo) unit clause [-1946156457] -1379 0

c WARNING: backward mode ignores deletion of (pseudo) unit clause [-1946156457] -1428 0

c WARNING: backward mode ignores deletion of (pseudo) unit clause [-1946156457] -1577 0

c WARNING: backward mode ignores deletion of (pseudo) unit clause [-1946156457] -1030 0

c WARNING: backward mode ignores deletion of (pseudo) unit clause [-1946156457] -1434 0

c WARNING: backward mode ignores deletion of (pseudo) unit clause [-1946156457] -962 0

c WARNING: backward mode ignores deletion of (pseudo) unit clause [-1946156457] -1441 0

c WARNING: backward mode ignores deletion of (pseudo) unit clause [-1946156457] -617 0

c WARNING: backward mode ignores deletion of (pseudo) unit clause [-1946156457] -1462 0

c WARNING: backward mode ignores deletion of (pseudo) unit clause [-1946156457] -1322 0

c WARNING: backward mode ignores deletion of (pseudo) unit clause [-1946156457] -1250 0

c WARNING: backward mode ignores deletion of (pseudo) unit clause [-1946156457] -1322 0

c WARNING: backward mode ignores deletion of (pseudo) unit clause [-1946156457] -1115 0

c WARNING: backward mode ignores deletion of (pseudo) unit clause [-1946156457] -1475 0

c WARNING: backward mode ignores deletion of (pseudo) unit clause [-1946156457] -1519 0

c WARNING: backward mode ignores deletion of (pseudo) unit clause [-1946156457] -1204 0

c WARNING: backward mode ignores deletion of (pseudo) unit clause [-1946156457] -1540 0

c WARNING: backward mode ignores deletion of (pseudo) unit clause [-1946156457] -1180 0

c WARNING: backward mode ignores deletion of (pseudo) unit clause [-1946156457] -1519 0

c WARNING: backward mode ignores deletion of (pseudo) unit clause [-1946156457] -1543 0

c WARNING: backward mode ignores deletion of (pseudo) unit clause [-1946156457] -1158 0

c WARNING: backward mode ignores deletion of (pseudo) unit clause [-1946156457] -1301 0

c WARNING: backward mode ignores deletion of (pseudo) unit clause [-1946156457] -545 0

c WARNING: backward mode ignores deletion of (pseudo) unit clause [-1946156457] -1512 0

c WARNING: backward mode ignores deletion of (pseudo) unit clause [-1946156457] -902 0

c WARNING: backward mode ignores deletion of (pseudo) unit clause [-1946156457] -1512 0

c WARNING: backward mode ignores deletion of (pseudo) unit clause [-1946156457] -560 0

c WARNING: backward mode ignores deletion of (pseudo) unit clause [-1946156457] -702 0

c WARNING: backward mode ignores deletion of (pseudo) unit clause [-1946156457] -975 0

c WARNING: backward mode ignores deletion of (pseudo) unit clause [-1946156457] -311 0

c WARNING: backward mode ignores deletion of (pseudo) unit clause [-1946156457] -1304 0

c WARNING: backward mode ignores deletion of (pseudo) unit clause [-1946156457] -1541 0

c WARNING: backward mode ignores deletion of (pseudo) unit clause [-1946156457] -1462 0

c WARNING: backward mode ignores deletion of (pseudo) unit clause [-1946156457] -1425 0

c WARNING: backward mode ignores deletion of (pseudo) unit clause [-1946156457] -825 0

c WARNING: backward mode ignores deletion of (pseudo) unit clause [-1946156457] -1490 0

c WARNING: backward mode ignores deletion of (pseudo) unit clause [-1946156457] -1062 0

c WARNING: backward mode ignores deletion of (pseudo) unit clause [-1946156457] -231 0

c WARNING: backward mode ignores deletion of (pseudo) unit clause [-1946156457] -708 0

c WARNING: backward mode ignores deletion of (pseudo) unit clause [-1946156457] -1379 0

c WARNING: backward mode ignores deletion of (pseudo) unit clause [-1946156457] -1631 0

c WARNING: backward mode ignores deletion of (pseudo) unit clause [-1946156457] -1497 0

c WARNING: backward mode ignores deletion of (pseudo) unit clause [-1946156457] -1379 0

c WARNING: backward mode ignores deletion of (pseudo) unit clause [-1946156457] -1565 0

c WARNING: backward mode ignores deletion of (pseudo) unit clause [-1946156457] -1000 0

c WARNING: backward mode ignores deletion of (pseudo) unit clause [-1946156457] -1470 0

c WARNING: backward mode ignores deletion of (pseudo) unit clause [-1946156457] -188 0

c WARNING: backward mode ignores deletion of (pseudo) unit clause [-1946156457] -1602 0

c WARNING: backward mode ignores deletion of (pseudo) unit clause [-1946156457] -466 0

c WARNING: backward mode ignores deletion of (pseudo) unit clause [-1946156457] -1475 0

c WARNING: backward mode ignores deletion of (pseudo) unit clause [-1946156457] -667 0

c WARNING: backward mode ignores deletion of (pseudo) unit clause [-1946156457] -1283 0

c WARNING: backward mode ignores deletion of (pseudo) unit clause [-1946156457] -1632 0

c WARNING: backward mode ignores deletion of (pseudo) unit clause [-1946156457] -350 0

c WARNING: backward mode ignores deletion of (pseudo) unit clause [-1946156457] -789 0

c WARNING: backward mode ignores deletion of (pseudo) unit clause [-1946156457] -790 0

c WARNING: backward mode ignores deletion of (pseudo) unit clause [-1946156457] -1146 0

c WARNING: backward mode ignores deletion of (pseudo) unit clause [-1946156457] -1665 0

c WARNING: backward mode ignores deletion of (pseudo) unit clause [-1946156457] -1665 0

c WARNING: backward mode ignores deletion of (pseudo) unit clause [-1946156457] -1453 0

c WARNING: backward mode ignores deletion of (pseudo) unit clause [-1946156457] -509 0

c WARNING: backward mode ignores deletion of (pseudo) unit clause [-1946156457] -1461 0

c WARNING: backward mode ignores deletion of (pseudo) unit clause [-1946156457] -1101 0

c WARNING: backward mode ignores deletion of (pseudo) unit clause [-1946156457] -1565 0

c WARNING: backward mode ignores deletion of (pseudo) unit clause [-1946156457] -1121 0

c WARNING: backward mode ignores deletion of (pseudo) unit clause [-1946156457] -1481 0

c WARNING: backward mode ignores deletion of (pseudo) unit clause [-1946156457] -595 0

c WARNING: backward mode ignores deletion of (pseudo) unit clause [-1946156457] -1544 0

c WARNING: backward mode ignores deletion of (pseudo) unit clause [-1946156457] -1584 0

c WARNING: backward mode ignores deletion of (pseudo) unit clause [-1946156457] -1416 0

c WARNING: backward mode ignores deletion of (pseudo) unit clause [-1946156457] -880 0

c WARNING: backward mode ignores deletion of (pseudo) unit clause [-1946156457] -1512 0

c WARNING: backward mode ignores deletion of (pseudo) unit clause [-1946156457] -1644 0

c WARNING: backward mode ignores deletion of (pseudo) unit clause [-1946156457] -718 0

c finished parsing

c detected empty clause; start verification via backward checking

c 1034 of 84696 clauses in core                            

c 78 of 4179 lemmas in core using 2270 resolution steps

c 0 RAT lemmas in core; 6 redundant literals in core lemmas

s VERIFIED

c verification time: 0.098 seconds
