c --- [ banner ] -------------------------------------------------------------
c 
c CaDiCaL SAT Solver
c Copyright (c) 2016-2023 A. Biere, M. Fleury, N. Froleyks, K. Fazekas, F. Pollitt
c 
c Version 1.9.5 146207318796f094dcded87349a64f0c6927309e
c g++ (Ubuntu 13.3.0-6ubuntu2~24.04.1) 13.3.0 -Wall -Wextra -O3 -DNDEBUG
c Wed Sep 30 06:02:32 JST 2026 Linux ikutoPC 6.6.87.2-microsoft-standard-WSL2 x86_64
c 
c --- [ limit ] --------------------------------------------------------------
c 
c setting conflict limit to 1000000 conflicts (due to '1000000')
c 
c --- [ proof tracing ] ------------------------------------------------------
c 
c opening file to write '/tmp/conway99-exact-eight-0074-jP3zUn/proof.drat'
c writing non-binary proof trace to '/tmp/conway99-exact-eight-0074-jP3zUn/proof.drat'
c 
c --- [ parsing input ] ------------------------------------------------------
c 
c reading DIMACS file from '/mnt/c/Users/ikuto/projects/conway-99-graph/acceleration/results/20260930_exact_eight_next64_cnfs_part01/case_0074/instance.cnf'
c opening file to read '/mnt/c/Users/ikuto/projects/conway-99-graph/acceleration/results/20260930_exact_eight_next64_cnfs_part01/case_0074/instance.cnf'
c found 'p cnf 9748 167416' header
c parsed 167416 clauses in 0.07 seconds process time
c 
c --- [ options ] ------------------------------------------------------------
c 
c   --binary=false                 (different from default 'true')
c 
c --- [ solving ] ------------------------------------------------------------
c 
c time measured in process time since initialization
c 
c  seconds  reductions  redundant  irredundant
c         MB    restarts       trail      variables
c          level   conflicts       glue        remaining
c 
c *  0.07 17  0 0   0    0    0  0% 0 117490 6820 70%
c {  0.07 18  0 0   0    0    0  0% 0 117490 6820 70%
c i  0.08 18 14 0  17  275  215 55% 5 117490 6819 70%
c i  0.08 18 14 0  17  276  215 55% 5 117490 6818 70%
c -  0.09 19 16 1  17  302  176 55% 5 117277 6818 70%
c i  0.10 19 18 1  23  548  358 54% 5 117277 6817 70%
c i  0.10 19 19 1  24  580  389 54% 5 117277 6816 70%
c i  0.10 19 19 1  24  581  389 54% 5 117277 6815 70%
c i  0.10 19 19 1  25  582  389 54% 5 117277 6814 70%
c i  0.10 19 19 1  25  583  389 54% 5 117277 6813 70%
c i  0.10 19 19 1  25  584  389 54% 5 117277 6812 70%
c i  0.10 19 19 1  25  585  389 54% 5 117277 6811 70%
c i  0.10 19 18 1  25  586  389 54% 5 117277 6810 70%
c i  0.10 19 18 1  25  589  391 54% 5 117277 6809 70%
c i  0.10 19 18 1  25  590  391 54% 5 117277 6808 70%
c i  0.10 19 18 1  25  591  391 53% 5 117277 6807 70%
c i  0.10 19 18 1  25  592  391 53% 5 117277 6806 70%
c i  0.10 19 18 1  25  593  391 53% 5 117277 6805 70%
c i  0.10 19 18 1  25  594  391 53% 5 117277 6803 70%
c i  0.10 19 18 1  25  595  391 53% 5 117277 6802 70%
c 
c  seconds  reductions  redundant  irredundant
c         MB    restarts       trail      variables
c          level   conflicts       glue        remaining
c 
c i  0.10 19 18 1  25  596  391 53% 5 117277 6801 70%
c i  0.10 19 18 1  25  597  391 53% 5 117277 6800 70%
c i  0.10 19 18 1  25  598  391 53% 5 117277 6799 70%
c i  0.10 19 18 1  25  599  391 53% 5 117277 6798 70%
c i  0.10 19 18 1  25  600  391 53% 5 117277 6797 70%
c i  0.10 19 18 1  25  602  392 53% 5 117277 6796 70%
c i  0.10 19 18 1  25  607  396 53% 5 117277 6794 70%
c i  0.10 19 19 1  29  646  419 53% 5 117277 6793 70%
c i  0.10 19 20 1  36  693  450 53% 5 117277 6792 70%
c i  0.10 19 20 1  36  694  450 53% 5 117277 6791 70%
c i  0.11 19 25 1  38  766  515 54% 5 117277 6790 70%
c i  0.11 19 25 1  39  767  515 54% 5 117277 6789 70%
c i  0.11 19 25 1  39  768  515 54% 5 117277 6787 70%
c i  0.11 19 25 1  39  769  515 54% 5 117277 6786 70%
c i  0.11 19 25 1  40  821  555 54% 5 117277 6785 70%
c i  0.11 19 25 1  40  826  558 54% 5 117277 6784 70%
c i  0.11 19 25 1  40  868  589 54% 5 117277 6783 70%
c i  0.11 19 27 1  43  899  612 54% 5 117277 6768 69%
c i  0.11 19 27 1  43  900  612 54% 5 117277 6702 69%
c i  0.11 19 27 1  43  901  612 53% 5 117277 6701 69%
c 
c  seconds  reductions  redundant  irredundant
c         MB    restarts       trail      variables
c          level   conflicts       glue        remaining
c 
c i  0.11 19 27 1  45  905  615 53% 5 117277 6700 69%
c -  0.13 23 26 2  46  945  434 53% 5 112123 6700 69%
c }  0.13 23 26 2  46 1000  486 54% 5 112123 6700 69%
c [  0.13 23  0 2  46 1000  486  0% 0 112123 6700 69%
c O  0.13 23 17 2  46 1006  491 54% 2 112123 6700 69%
c i  0.14 23 15 2  46 1287  690 55% 7 112123 6699 69%
c i  0.14 23 16 2  46 1327  724 55% 7 112123 6697 69%
c i  0.15 23 16 2  46 1398  786 55% 6 112123 6696 69%
c i  0.15 23 16 2  46 1400  787 55% 6 112123 6695 69%
c i  0.15 23 16 2  46 1401  787 55% 6 112123 6694 69%
c i  0.15 23 16 2  46 1402  787 55% 6 112123 6689 69%
c i  0.15 23 17 2  46 1504  864 53% 7 112123 6688 69%
c i  0.15 23 17 2  46 1587  921 53% 7 112123 6687 69%
c i  0.15 23 17 2  46 1589  922 53% 7 112123 6686 69%
c i  0.15 23 17 2  46 1590  922 53% 7 112123 6685 69%
c i  0.16 23 17 2  46 1820 1085 54% 7 112123 5489 56%
c i  0.16 23 17 2  46 1824 1088 54% 7 112123 5488 56%
c i  0.16 23 17 2  46 1825 1088 54% 7 112123 5434 56%
c ]  0.16 23 17 2  46 1837 1092 54% 7 112123 4749 49%
c 0  0.16 23 17 2  46 1837 1092 54% 7 112123 4749 49%
c 
c --- [ closing proof ] ------------------------------------------------------
c 
c DRAT proof file '/tmp/conway99-exact-eight-0074-jP3zUn/proof.drat' closed
c DRAT 8361 added clauses 12.68%
c DRAT 57562 deleted clauses 87.32%
c DRAT 1804705 bytes (1.72 MB)
c 
c --- [ result ] -------------------------------------------------------------
c 
s UNSATISFIABLE
c 
c --- [ run-time profiling ] -------------------------------------------------
c 
c process time taken by individual solving procedures
c (percentage relative to process time for solving)
c 
c         0.10   99.27% search
c         0.07   70.19% parse
c         0.06   60.00% unstable
c         0.04   37.92% stable
c         0.00    1.31% lucky
c         0.00    0.00% simplify
c   =================================
c         0.10   58.51% solve
c 
c last line shows process time for solving
c (percentage relative to total process time)
c 
c --- [ statistics ] ---------------------------------------------------------
c 
c chronological:               922        50.19 %  of conflicts
c conflicts:                  1837     19028.58    per second
c decisions:                  7220     74788.43    per second
c fixed:                      4999        51.28 %  of all variables
c learned:                    1706        92.87 %  per conflict
c learned_lits:              97231       100.00 %  learned literals
c minimized:                     0         0.00 %  learned literals
c shrunken:                  49628        51.04 %  learned literals
c minishrunken:              10448        10.75 %  learned literals
c otfs:                         14         0.76 %  of conflict
c propagations:             887759         9.20 M  per second
c reduced:                      29         1.58 %  per conflict
c rephased:                      1      1837.00    interval
c restarts:                     46        39.93    interval
c stabilizing:                   1        45.51 %  of conflicts
c subsumed:                    286         0.24 %  of all clauses
c strengthened:                 13         0.01 %  of all clauses
c trail reuses:                  0         0.00 %  of incremental calls
c 
c seconds are measured in process time for solving
c 
c --- [ resources ] ----------------------------------------------------------
c 
c total process time since initialization:         0.17    seconds
c total real time since initialization:            0.79    seconds
c maximum resident set size of process:           23.28    MB
c 
c --- [ shutting down ] ------------------------------------------------------
c 
c exit 20
