c --- [ banner ] -------------------------------------------------------------
c 
c CaDiCaL SAT Solver
c Copyright (c) 2016-2023 A. Biere, M. Fleury, N. Froleyks, K. Fazekas, F. Pollitt
c 
c Version 1.9.5 146207318796f094dcded87349a64f0c6927309e
c g++ (Ubuntu 13.3.0-6ubuntu2~24.04.1) 13.3.0 -Wall -Wextra -O3 -DNDEBUG
c Wed Sep 30 06:02:32 JST 2026 Linux ikutoPC 6.6.87.2-microsoft-standard-WSL2 x86_64
c 
c --- [ limit ] --------------------------------------------------------------
c 
c setting conflict limit to 1000000 conflicts (due to '1000000')
c 
c --- [ proof tracing ] ------------------------------------------------------
c 
c opening file to write '/tmp/conway99-exact-eight-0087-pmb7kK/proof.drat'
c writing non-binary proof trace to '/tmp/conway99-exact-eight-0087-pmb7kK/proof.drat'
c 
c --- [ parsing input ] ------------------------------------------------------
c 
c reading DIMACS file from '/mnt/c/Users/ikuto/projects/conway-99-graph/acceleration/results/20260930_exact_eight_next64_cnfs_part02/case_0087/instance.cnf'
c opening file to read '/mnt/c/Users/ikuto/projects/conway-99-graph/acceleration/results/20260930_exact_eight_next64_cnfs_part02/case_0087/instance.cnf'
c found 'p cnf 9748 167416' header
c parsed 167416 clauses in 0.06 seconds process time
c 
c --- [ options ] ------------------------------------------------------------
c 
c   --binary=false                 (different from default 'true')
c 
c --- [ solving ] ------------------------------------------------------------
c 
c time measured in process time since initialization
c 
c  seconds  reductions  redundant  irredundant
c         MB    restarts       trail      variables
c          level   conflicts       glue        remaining
c 
c *  0.06 17  0 0   0    0    0  0% 0 117496 6820 70%
c {  0.06 18  0 0   0    0    0  0% 0 117496 6820 70%
c -  0.08 19 22 1  26  300  233 53% 7 117376 6820 70%
c i  0.09 19 17 1  35  639  448 53% 6 117376 6819 70%
c i  0.11 19 18 1  62  891  612 53% 7 117376 6818 70%
c i  0.11 19 18 1  62  892  612 53% 7 117376 6817 70%
c i  0.11 19 18 1  62  893  612 53% 7 117376 6816 70%
c -  0.12 24 19 2  62  943  318 53% 7 117178 6816 70%
c }  0.12 24 19 2  64 1000  366 54% 7 117178 6816 70%
c [  0.12 24  0 2  64 1000  366  0% 0 117178 6816 70%
c O  0.12 24 19 2  64 1002  368 64% 1 117178 6816 70%
c i  0.13 24 29 2  64 1281  582 60% 11 117178 6814 70%
c i  0.13 24 29 2  64 1314  612 60% 10 117178 6813 70%
c i  0.13 24 29 2  64 1319  616 59% 10 117178 6812 70%
c i  0.14 24 27 2  64 1366  658 59% 9 117178 6811 70%
c i  0.14 24 27 2  64 1391  672 59% 9 117178 6810 70%
c i  0.14 24 26 2  64 1408  686 59% 9 117178 6809 70%
c i  0.14 24 25 2  64 1477  738 58% 9 117178 6808 70%
c i  0.14 24 25 2  64 1486  741 58% 9 117178 6807 70%
c i  0.14 24 23 2  64 1549  769 58% 9 117178 6805 70%
c 
c  seconds  reductions  redundant  irredundant
c         MB    restarts       trail      variables
c          level   conflicts       glue        remaining
c 
c i  0.14 24 24 2  64 1565  781 57% 9 117178 6804 70%
c i  0.14 24 25 2  64 1591  797 57% 10 117178 6803 70%
c i  0.14 24 25 2  64 1599  795 57% 10 117178 6801 70%
c i  0.15 24 28 2  64 1703  878 56% 12 117178 6797 70%
c -  0.17 24 34 3  64 1905  553 54% 15 116494 6797 70%
c i  0.21 24 38 3  65 2747 1256 53% 16 116494 6796 70%
c ]  0.22 24 38 3  65 3000 1435 52% 16 116494 6796 70%
c {  0.22 24 19 3  65 3000 1435 54% 7 116494 6796 70%
c F  0.23 24 19 3  65 3004 1439 33% 7 116447 6796 70%
c i  0.23 24 19 3  65 3024 1449 33% 6 116447 6795 70%
c i  0.23 24 19 3  65 3046 1466 32% 6 116447 6794 70%
c i  0.23 24 20 3  65 3069 1483 31% 6 116447 6793 70%
c -  0.24 24 21 4  66 3184 1375 33% 6 116306 6793 70%
c i  0.24 24 21 4  66 3192 1382 34% 6 116306 6792 70%
c i  0.25 24 20 4  69 3292 1446 32% 6 116306 6791 70%
c i  0.25 24 20 4  69 3342 1484 31% 6 116306 6790 70%
c i  0.26 24 20 4  69 3554 1670 32% 6 116306 6787 70%
c i  0.26 24 20 4  69 3562 1676 32% 6 116306 6786 70%
c i  0.26 24 19 4  78 3753 1831 33% 6 116306 6785 70%
c i  0.26 24 19 4  79 3772 1840 33% 6 116306 6784 70%
c 
c  seconds  reductions  redundant  irredundant
c         MB    restarts       trail      variables
c          level   conflicts       glue        remaining
c 
c i  0.27 24 19 4  82 3806 1861 33% 6 116306 6783 70%
c i  0.27 24 19 4  82 3876 1915 33% 6 116306 6782 70%
c i  0.27 24 19 4  99 4000 2006 33% 6 116306 6781 70%
c i  0.28 24 19 4  99 4029 2023 33% 6 116306 6780 70%
c i  0.28 24 19 4  99 4030 2023 33% 6 116306 6779 70%
c i  0.29 24 19 4 102 4272 2200 33% 6 116306 6778 70%
c i  0.29 24 19 4 102 4287 2213 33% 6 116306 6777 70%
c i  0.29 24 19 4 117 4463 2335 33% 6 116306 6776 70%
c i  0.29 24 19 4 117 4464 2335 33% 6 116306 6775 70%
c i  0.30 24 21 4 126 4633 2471 33% 6 116306 6774 69%
c i  0.30 24 21 4 126 4634 2471 33% 6 116306 6773 69%
c -  0.31 24 20 5 137 4782 1912 33% 6 115369 6773 69%
c i  0.32 24 20 5 143 4876 1979 33% 6 115369 6772 69%
c i  0.32 24 20 5 143 4877 1979 33% 6 115369 6771 69%
c i  0.32 24 20 5 143 4924 2018 33% 6 115369 6769 69%
c i  0.32 24 20 5 143 4998 2055 33% 6 115369 6768 69%
c d  0.33 24 20 5 143 5000 1892 33% 6 115027 6692 69%
c d  0.33 24 20 5 143 5000 1892 33% 6 115019 6688 69%
c 2  0.34 24 20 5 143 5000 1892 33% 6 115019 6688 69%
c p  0.39 25 20 5 143 5000 77537 33% 6 115019 6382 65%
c 
c  seconds  reductions   redundant  irredundant
c         MB    restarts        trail      variables
c          level   conflicts        glue        remaining
c 
c d  0.40 25 20 5 143 5000 71457 33% 6 103881 6373 65%
c d  0.40 25 20 5 143 5000 71439 33% 6 103543 6204 64%
c i  0.40 25 20 5 143 5029 71461 33% 6 103543 6203 64%
c i  0.42 25 19 5 173 5369 71718 33% 6 103543 6202 64%
c i  0.42 25 19 5 173 5381 71726 33% 6 103543 6201 64%
c i  0.42 25 19 5 173 5382 71726 33% 6 103543 6200 64%
c i  0.42 25 19 5 173 5383 71726 33% 6 103543 6199 64%
c i  0.42 25 19 5 173 5442 71765 33% 6 103543 6198 64%
c i  0.43 25 20 5 191 5522 71827 33% 6 103543 6197 64%
c i  0.43 25 20 5 192 5533 71831 33% 6 103543 6196 64%
c i  0.43 25 20 5 230 5713 71958 33% 6 103543 6195 64%
c i  0.44 25 19 5 234 5829 72054 33% 6 103543 6194 64%
c i  0.44 25 19 5 234 5834 72058 33% 6 103543 6193 64%
c i  0.44 25 19 5 234 5839 72059 33% 6 103543 6192 64%
c i  0.44 25 19 5 234 5883 72096 33% 6 103543 6178 63%
c i  0.44 25 19 5 237 5939 72132 33% 6 103543 6156 63%
c i  0.44 25 19 5 237 5940 72132 33% 6 103543 6155 63%
c i  0.44 25 19 5 238 5977 72149 33% 6 103543 6154 63%
c i  0.44 25 19 5 238 5979 72150 33% 6 103543 6153 63%
c #  0.45 25 19 5 238 6020 72180 33% 6 103543 6153 63%
c 
c  seconds  reductions   redundant  irredundant
c         MB    restarts        trail      variables
c          level   conflicts        glue        remaining
c 
c i  0.45 25 19 5 249 6072 72229 33% 6 103543 6152 63%
c i  0.45 25 19 5 251 6104 72245 33% 6 103543 6144 63%
c i  0.45 25 19 5 251 6187 72314 33% 6 103543 6143 63%
c i  0.45 25 19 5 251 6234 72350 33% 6 103543 6142 63%
c i  0.46 25 19 5 251 6289 72380 33% 6 103543 6141 63%
c i  0.46 25 19 5 251 6294 72382 33% 6 103543 6140 63%
c }  0.46 25 19 5 251 6350 72411 33% 6 103543 4128 42%
c 0  0.46 25 19 5 251 6350 72411 33% 6 103543 4128 42%
c 
c --- [ closing proof ] ------------------------------------------------------
c 
c DRAT proof file '/tmp/conway99-exact-eight-0087-pmb7kK/proof.drat' closed
c DRAT 93081 added clauses 60.74%
c DRAT 60158 deleted clauses 39.26%
c DRAT 4351274 bytes (4.15 MB)
c 
c --- [ result ] -------------------------------------------------------------
c 
s UNSATISFIABLE
c 
c --- [ run-time profiling ] -------------------------------------------------
c 
c process time taken by individual solving procedures
c (percentage relative to process time for solving)
c 
c         0.32   79.94% search
c         0.22   54.08% unstable
c         0.10   25.55% stable
c         0.08   19.74% simplify
c         0.06   14.50% parse
c         0.06   13.95% probe
c         0.01    1.90% ternary
c         0.00    0.31% lucky
c   =================================
c         0.40   87.22% solve
c 
c last line shows process time for solving
c (percentage relative to total process time)
c 
c --- [ statistics ] ---------------------------------------------------------
c 
c chronological:              2798        44.06 %  of conflicts
c conflicts:                  6350     15795.63    per second
c decisions:                 19463     48414.22    per second
c fixed:                      5362        55.01 %  of all variables
c learned:                    5858        92.25 %  per conflict
c learned_lits:             351209       100.00 %  learned literals
c minimized:                     0         0.00 %  learned literals
c shrunken:                 177534        50.55 %  learned literals
c minishrunken:              31911         9.09 %  learned literals
c otfs:                         37         0.58 %  of conflict
c propagations:            4491343        11.17 M  per second
c reduced:                     762        12.00 %  per conflict
c rephased:                      3      2116.67    interval
c restarts:                    251        25.30    interval
c stabilizing:                   1        31.50 %  of conflicts
c substituted:                 258         2.65 %  of all variables
c subsumed:                   1086         0.54 %  of all clauses
c strengthened:                 37         0.02 %  of all clauses
c ternary:                       1         0.01 %  of resolved
c trail reuses:                  0         0.00 %  of incremental calls
c weakened:                    516         2.00    average size
c 
c seconds are measured in process time for solving
c 
c --- [ resources ] ----------------------------------------------------------
c 
c total process time since initialization:         0.46    seconds
c total real time since initialization:            1.15    seconds
c maximum resident set size of process:           28.89    MB
c 
c --- [ shutting down ] ------------------------------------------------------
c 
c exit 20
