MIP has 766 rows; 5400 cols; 125920 nonzeros; 5400 integer variables (5400 binary)
Coefficient ranges:
  Matrix  [1e+00, 9e+01]
  Cost    [0e+00, 0e+00]
  Bound   [1e+00, 1e+00]
  RHS     [1e+00, 1e+01]
Presolving model
676 rows, 5400 cols, 125920 nonzeros 0s
640 rows, 4800 cols, 83080 nonzeros 1s
Presolve reductions: rows 640(-126); columns 4800(-600); nonzeros 83080(-42840) 
Objective function is integral with scale 1

Solving MIP model with:
   640 rows
   4800 cols (4800 binary, 0 integer, 0 implied int., 0 continuous, 0 domain fixed)
   83080 nonzeros
   Thread count 1 (of 32 threads). Using 1 max workers. Parallel search off

Src: B => Branching; C => Central rounding; F => Feasibility pump; H => Heuristic;
     I => Shifting; J => Feasibility jump; L => Sub-MIP; P => Empty MIP; R => Randomized rounding;
     S => Solve LP; T => Evaluate node; U => Unbounded; X => User solution; Y => HiGHS solution;
     Z => ZI Round; l => Trivial lower; p => Trivial point; u => Trivial upper; z => Trivial zero

        Nodes      |    B&B Tree     |            Objective Bounds              |  Dynamic Constraints |       Work      
Src  Proc. InQueue |  Leaves   Expl. | BestBound       BestSol              Gap |   Cuts   InLp Confl. | LpIters     Time

         0       0         0   0.00%   0               inf                  inf        0      0      0         0     1.9s
         0       0         0   0.00%   0               inf                  inf        0      0      2      1213     2.2s
         0       0         0   0.00%   0               inf                  inf      120     57     28      3624     7.4s
         0       0         0   0.00%   0               inf                  inf      153     70     49      5484    12.4s
         0       0         0   0.00%   0               inf                  inf      164     65     55    311611   120.0s

Solving report
  Status            Time limit reached
  Primal bound      inf
  Dual bound        0
  Gap               inf
  P-D integral      0
  Solution status   -
  Timing            120.00
                    1.98 (Presolve)
                        MIP    time [calls] = 1.58 [1]
                        subMIP time [calls] = 0.40 [9]
                    118.02 (Solve)
                        MIP    time [calls] = 13.09 [1]
                        subMIP time [calls] = 104.92 [7]
                    0.00 (Postsolve)
                        MIP    time [calls] = 0.00 [1]
                        subMIP time [calls] = 0.00 [9]
  Max sub-MIP depth 6
  Nodes             0
  Repair LPs        0
  LP iterations     311611
                    0 (strong br.)
                    4879 (separation)
                    305519 (heuristics)
