c --- [ banner ] -------------------------------------------------------------
c 
c CaDiCaL SAT Solver
c Copyright (c) 2016-2023 A. Biere, M. Fleury, N. Froleyks, K. Fazekas, F. Pollitt
c 
c Version 1.9.5 146207318796f094dcded87349a64f0c6927309e
c g++ (Ubuntu 13.3.0-6ubuntu2~24.04.1) 13.3.0 -Wall -Wextra -O3 -DNDEBUG
c Wed Sep 30 06:02:32 JST 2026 Linux ikutoPC 6.6.87.2-microsoft-standard-WSL2 x86_64
c 
c --- [ limit ] --------------------------------------------------------------
c 
c setting conflict limit to 1000000 conflicts (due to '1000000')
c 
c --- [ proof tracing ] ------------------------------------------------------
c 
c opening file to write '/tmp/conway99-six-profile-rank4_08_profile_0241-93ljht/proof.drat'
c writing non-binary proof trace to '/tmp/conway99-six-profile-rank4_08_profile_0241-93ljht/proof.drat'
c 
c --- [ parsing input ] ------------------------------------------------------
c 
c reading DIMACS file from '/mnt/c/Users/ikuto/projects/conway-99-graph/acceleration/results/20260930_hadamard_six_remaining_cnfs/run01/rank4_08_profile_0241/instance.cnf'
c opening file to read '/mnt/c/Users/ikuto/projects/conway-99-graph/acceleration/results/20260930_hadamard_six_remaining_cnfs/run01/rank4_08_profile_0241/instance.cnf'
c found 'p cnf 10048 174766' header
c parsed 174766 clauses in 0.08 seconds process time
c 
c --- [ options ] ------------------------------------------------------------
c 
c   --binary=false                 (different from default 'true')
c 
c --- [ solving ] ------------------------------------------------------------
c 
c time measured in process time since initialization
c 
c  seconds  reductions  redundant  irredundant
c         MB    restarts       trail      variables
c          level   conflicts       glue        remaining
c 
c *  0.08 18  0 0   0    0    0  0% 0 125020 7152 71%
c {  0.08 19  0 0   0    0    0  0% 0 125020 7152 71%
c i  0.10 19 12 0   9  243  152 53% 4 125020 7151 71%
c i  0.10 19 13 0  11  253  161 54% 4 125020 7150 71%
c i  0.10 19 13 0  11  254  161 53% 4 125020 7148 71%
c i  0.10 19 13 0  13  259  164 53% 4 125020 7147 71%
c i  0.10 19 13 0  13  260  164 53% 4 125020 7146 71%
c i  0.10 19 12 0  13  261  164 53% 4 125020 7145 71%
c i  0.10 19 12 0  13  262  164 53% 4 125020 7144 71%
c i  0.10 19 12 0  13  263  164 53% 4 125020 7143 71%
c i  0.10 19 12 0  13  264  164 53% 4 125020 7142 71%
c -  0.10 20 16 1  13  308   85 54% 4 124320 7142 71%
c i  0.11 20 16 1  15  331   93 53% 4 124320 7141 71%
c i  0.11 20 16 1  16  332   93 53% 4 124320 7139 71%
c i  0.11 20 15 1  24  368  123 53% 4 124320 7138 71%
c i  0.11 20 15 1  24  387  128 53% 4 124320 7137 71%
c i  0.11 20 15 1  24  388  128 53% 4 124320 7136 71%
c i  0.11 20 15 1  24  389  128 53% 4 124320 7134 71%
c i  0.11 20 15 1  24  390  128 53% 4 124320 7132 71%
c i  0.11 20 15 1  24  391  128 53% 4 124320 7128 71%
c 
c  seconds  reductions  redundant  irredundant
c         MB    restarts       trail      variables
c          level   conflicts       glue        remaining
c 
c i  0.11 20 14 1  24  406  135 53% 4 124320 7127 71%
c i  0.11 20 14 1  24  431  146 53% 4 124320 7126 71%
c i  0.11 20 16 1  24  496  176 53% 4 124320 7125 71%
c i  0.12 20 17 1  30  541  213 52% 4 124320 7124 71%
c i  0.12 20 17 1  32  552  222 52% 4 124320 7106 71%
c i  0.12 20 17 1  34  558  225 52% 4 124320 7104 71%
c i  0.12 20 19 1  43  610  266 53% 4 124320 7091 71%
c i  0.12 20 19 1  43  614  267 52% 4 124320 7090 71%
c i  0.12 20 20 1  43  626  276 52% 4 124320 7089 71%
c i  0.12 20 20 1  43  627  276 52% 4 124320 7085 71%
c i  0.13 20 21 1  65  751  376 53% 4 124320 7084 71%
c i  0.13 20 21 1  66  752  376 53% 4 124320 7083 70%
c i  0.13 20 21 1  66  753  376 53% 4 124320 7082 70%
c i  0.13 20 21 1  66  755  376 53% 4 124320 7081 70%
c i  0.13 20 20 1  67  791  407 53% 4 124320 7080 70%
c i  0.14 20 20 1  86  943  504 53% 5 124320 7079 70%
c -  0.15 25 20 2  87  965  412 53% 5 121914 7079 70%
c i  0.15 25 19 2  88  991  424 53% 5 121914 7078 70%
c }  0.15 25 19 2  88 1003  436 53% 5 121914 7078 70%
c [  0.15 25  0 2  88 1003  436  0% 0 121914 7078 70%
c 
c  seconds  reductions  redundant  irredundant
c         MB    restarts       trail      variables
c          level   conflicts       glue        remaining
c 
c O  0.15 25  3 2  88 1004  437 67% 1 121914 7078 70%
c i  0.15 25 11 2  88 1091  492 59% 5 121914 7076 70%
c i  0.18 25 17 2  88 1487  783 55% 7 121914 6090 61%
c i  0.18 25 17 2  88 1494  788 55% 7 121914 6089 61%
c i  0.18 25 17 2  88 1506  794 55% 7 121914 3632 36%
c i  0.18 25 17 2  88 1508  795 55% 7 121914 3565 35%
c ]  0.18 25 17 2  88 1512  794 55% 7 121914 3240 32%
c 0  0.18 25 17 2  88 1512  794 55% 7 121914 3240 32%
c 
c --- [ closing proof ] ------------------------------------------------------
c 
c DRAT proof file '/tmp/conway99-six-profile-rank4_08_profile_0241-93ljht/proof.drat' closed
c DRAT 9827 added clauses 15.14%
c DRAT 55076 deleted clauses 84.86%
c DRAT 1726470 bytes (1.65 MB)
c 
c --- [ result ] -------------------------------------------------------------
c 
s UNSATISFIABLE
c 
c --- [ run-time profiling ] -------------------------------------------------
c 
c process time taken by individual solving procedures
c (percentage relative to process time for solving)
c 
c         0.10   98.98% search
c         0.08   81.95% parse
c         0.07   66.71% unstable
c         0.03   30.34% stable
c         0.00    1.78% lucky
c         0.00    0.00% simplify
c   =================================
c         0.10   54.67% solve
c 
c last line shows process time for solving
c (percentage relative to total process time)
c 
c --- [ statistics ] ---------------------------------------------------------
c 
c chronological:               675        44.64 %  of conflicts
c conflicts:                  1512     15293.43    per second
c decisions:                  4549     46011.77    per second
c fixed:                      6808        67.75 %  of all variables
c learned:                    1381        91.34 %  per conflict
c learned_lits:              74689       100.00 %  learned literals
c minimized:                     0         0.00 %  learned literals
c shrunken:                  39013        52.23 %  learned literals
c minishrunken:               9321        12.48 %  learned literals
c otfs:                         21         1.39 %  of conflict
c propagations:             894145         9.04 M  per second
c reduced:                       9         0.60 %  per conflict
c rephased:                      1      1512.00    interval
c restarts:                     88        17.18    interval
c stabilizing:                   1        33.60 %  of conflicts
c subsumed:                    326         0.26 %  of all clauses
c strengthened:                 20         0.02 %  of all clauses
c trail reuses:                  0         0.00 %  of incremental calls
c 
c seconds are measured in process time for solving
c 
c --- [ resources ] ----------------------------------------------------------
c 
c total process time since initialization:         0.18    seconds
c total real time since initialization:            0.82    seconds
c maximum resident set size of process:           24.73    MB
c 
c --- [ shutting down ] ------------------------------------------------------
c 
c exit 20
