c --- [ banner ] -------------------------------------------------------------
c 
c CaDiCaL SAT Solver
c Copyright (c) 2016-2023 A. Biere, M. Fleury, N. Froleyks, K. Fazekas, F. Pollitt
c 
c Version 1.9.5 146207318796f094dcded87349a64f0c6927309e
c g++ (Ubuntu 13.3.0-6ubuntu2~24.04.1) 13.3.0 -Wall -Wextra -O3 -DNDEBUG
c Wed Sep 30 06:02:32 JST 2026 Linux ikutoPC 6.6.87.2-microsoft-standard-WSL2 x86_64
c 
c --- [ limit ] --------------------------------------------------------------
c 
c setting conflict limit to 1000000 conflicts (due to '1000000')
c 
c --- [ proof tracing ] ------------------------------------------------------
c 
c opening file to write '/tmp/conway99-exact-eight-0015-5fUlFf/proof.drat'
c writing non-binary proof trace to '/tmp/conway99-exact-eight-0015-5fUlFf/proof.drat'
c 
c --- [ parsing input ] ------------------------------------------------------
c 
c reading DIMACS file from '/mnt/c/Users/ikuto/projects/conway-99-graph/acceleration/results/20260930_exact_eight_first12_cnfs/case_0015/instance.cnf'
c opening file to read '/mnt/c/Users/ikuto/projects/conway-99-graph/acceleration/results/20260930_exact_eight_first12_cnfs/case_0015/instance.cnf'
c found 'p cnf 9748 167416' header
c parsed 167416 clauses in 0.06 seconds process time
c 
c --- [ options ] ------------------------------------------------------------
c 
c   --binary=false                 (different from default 'true')
c 
c --- [ solving ] ------------------------------------------------------------
c 
c time measured in process time since initialization
c 
c  seconds  reductions  redundant  irredundant
c         MB    restarts       trail      variables
c          level   conflicts       glue        remaining
c 
c *  0.06 17  0 0   0    0    0  0% 0 117484 6820 70%
c {  0.06 18  0 0   0    0    0  0% 0 117484 6820 70%
c i  0.06 18 29 0  14  137  115 54% 6 117484 6818 70%
c i  0.07 18 27 0  17  147  123 53% 6 117484 6816 70%
c i  0.07 18 26 0  17  153  128 53% 6 117484 6815 70%
c i  0.07 18 26 0  17  155  129 53% 5 117484 6746 69%
c i  0.07 19 24 0  17  167  136 53% 5 117484 6739 69%
c i  0.07 19 25 0  17  207  140 49% 5 117484 6738 69%
c -  0.07 19 34 1  19  301  200 51% 5 114020 6738 69%
c i  0.08 19 32 1  19  346  224 51% 5 114020 6737 69%
c i  0.08 19 31 1  20  362  234 51% 5 114020 6682 69%
c i  0.08 19 30 1  20  372  243 51% 5 114020 6660 68%
c i  0.08 19 30 1  20  373  243 51% 5 114020 6659 68%
c i  0.08 19 32 1  21  384  253 51% 5 114020 6658 68%
c i  0.08 19 31 1  21  394  261 50% 5 114020 6657 68%
c i  0.08 19 31 1  21  396  261 50% 5 114020 6648 68%
c i  0.08 19 30 1  28  474  321 51% 6 114020 6646 68%
c i  0.08 19 29 1  31  499  341 51% 5 114020 6645 68%
c i  0.08 19 28 1  31  505  346 51% 5 114020 6644 68%
c i  0.08 19 28 1  31  506  346 51% 5 114020 6643 68%
c 
c  seconds  reductions  redundant  irredundant
c         MB    restarts       trail      variables
c          level   conflicts       glue        remaining
c 
c i  0.09 19 29 1  44  671  439 52% 6 114020 6642 68%
c i  0.09 19 30 1  45  675  442 52% 6 114020 6641 68%
c i  0.09 19 29 1  46  691  456 52% 6 114020 6639 68%
c i  0.09 19 29 1  46  692  456 52% 6 114020 6638 68%
c i  0.09 19 29 1  46  694  457 52% 6 114020 6176 63%
c i  0.09 19 28 1  51  722  467 52% 6 114020 6172 63%
c i  0.10 19 27 1  53  770  505 52% 6 114020 6171 63%
c i  0.10 19 27 1  54  773  507 52% 6 114020 6170 63%
c i  0.10 19 27 1  54  782  515 52% 6 114020 6169 63%
c i  0.10 19 26 1  54  788  504 52% 6 114020 6157 63%
c i  0.10 19 26 1  54  789  504 52% 6 114020 6156 63%
c -  0.11 23 25 2  58  937  292 52% 6 95476 6156 63%
c }  0.11 23 24 2  59 1000  344 53% 6 95476 6156 63%
c [  0.11 23  0 2  59 1000  344  0% 0 95476 6156 63%
c O  0.11 23 20 2  59 1010  352 57% 10 95476 6156 63%
c i  0.11 23 20 2  59 1010  352 57% 10 95476 6152 63%
c i  0.11 23 19 2  59 1011  352 55% 9 95476 6151 63%
c i  0.11 23 17 2  59 1012  352 56% 9 95476 6150 63%
c i  0.11 23 16 2  59 1032  369 49% 8 95476 6149 63%
c ]  0.11 23 13 2  59 1043  375 48% 7 95476 5497 56%
c 
c  seconds  reductions  redundant  irredundant
c         MB    restarts       trail     variables
c          level   conflicts       glue       remaining
c 
c 0  0.11 23 13 2  59 1043  375 48% 7 95476 5497 56%
c 
c --- [ closing proof ] ------------------------------------------------------
c 
c DRAT proof file '/tmp/conway99-exact-eight-0015-5fUlFf/proof.drat' closed
c DRAT 8353 added clauses 9.94%
c DRAT 75666 deleted clauses 90.06%
c DRAT 2222553 bytes (2.12 MB)
c 
c --- [ result ] -------------------------------------------------------------
c 
s UNSATISFIABLE
c 
c --- [ run-time profiling ] -------------------------------------------------
c 
c process time taken by individual solving procedures
c (percentage relative to process time for solving)
c 
c         0.06   98.97% search
c         0.06   95.68% parse
c         0.06   94.96% unstable
c         0.00    2.66% stable
c         0.00    1.28% lucky
c         0.00    0.00% simplify
c   =================================
c         0.06   50.81% solve
c 
c last line shows process time for solving
c (percentage relative to total process time)
c 
c --- [ statistics ] ---------------------------------------------------------
c 
c chronological:               495        47.46 %  of conflicts
c conflicts:                  1043     17911.73    per second
c decisions:                  3964     68074.88    per second
c fixed:                      4251        43.61 %  of all variables
c learned:                     903        86.58 %  per conflict
c learned_lits:              45905       100.00 %  learned literals
c minimized:                     0         0.00 %  learned literals
c shrunken:                  21763        47.41 %  learned literals
c minishrunken:               5723        12.47 %  learned literals
c otfs:                         14         1.34 %  of conflict
c propagations:             539365         9.26 M  per second
c reduced:                      24         2.30 %  per conflict
c rephased:                      1      1043.00    interval
c restarts:                     59        17.68    interval
c stabilizing:                   1         4.12 %  of conflicts
c subsumed:                    138         0.12 %  of all clauses
c strengthened:                 13         0.01 %  of all clauses
c trail reuses:                  0         0.00 %  of incremental calls
c 
c seconds are measured in process time for solving
c 
c --- [ resources ] ----------------------------------------------------------
c 
c total process time since initialization:         0.11    seconds
c total real time since initialization:            0.75    seconds
c maximum resident set size of process:           22.86    MB
c 
c --- [ shutting down ] ------------------------------------------------------
c 
c exit 20
