c --- [ banner ] -------------------------------------------------------------
c 
c CaDiCaL SAT Solver
c Copyright (c) 2016-2023 A. Biere, M. Fleury, N. Froleyks, K. Fazekas, F. Pollitt
c 
c Version 1.9.5 146207318796f094dcded87349a64f0c6927309e
c g++ (Ubuntu 13.3.0-6ubuntu2~24.04.1) 13.3.0 -Wall -Wextra -O3 -DNDEBUG
c Wed Sep 30 06:02:32 JST 2026 Linux ikutoPC 6.6.87.2-microsoft-standard-WSL2 x86_64
c 
c --- [ limit ] --------------------------------------------------------------
c 
c setting conflict limit to 1000000 conflicts (due to '1000000')
c 
c --- [ proof tracing ] ------------------------------------------------------
c 
c opening file to write '/tmp/conway99-exact-eight-0069-gis69o/proof.drat'
c writing non-binary proof trace to '/tmp/conway99-exact-eight-0069-gis69o/proof.drat'
c 
c --- [ parsing input ] ------------------------------------------------------
c 
c reading DIMACS file from '/mnt/c/Users/ikuto/projects/conway-99-graph/acceleration/results/20260930_exact_eight_next64_cnfs_part01/case_0069/instance.cnf'
c opening file to read '/mnt/c/Users/ikuto/projects/conway-99-graph/acceleration/results/20260930_exact_eight_next64_cnfs_part01/case_0069/instance.cnf'
c found 'p cnf 9748 167416' header
c parsed 167416 clauses in 0.06 seconds process time
c 
c --- [ options ] ------------------------------------------------------------
c 
c   --binary=false                 (different from default 'true')
c 
c --- [ solving ] ------------------------------------------------------------
c 
c time measured in process time since initialization
c 
c  seconds  reductions  redundant  irredundant
c         MB    restarts       trail      variables
c          level   conflicts       glue        remaining
c 
c *  0.06 17  0 0   0    0    0  0% 0 117490 6820 70%
c {  0.06 18  0 0   0    0    0  0% 0 117490 6820 70%
c i  0.07 18 28 0   6   95   86 55% 4 117490 6819 70%
c i  0.07 19 23 0  11  128  108 55% 4 117490 6818 70%
c -  0.09 19 20 1  36  300  190 53% 6 117276 6818 70%
c i  0.09 19 20 1  36  302  191 53% 6 117276 6817 70%
c i  0.09 19 22 1  36  317  205 53% 5 117276 6816 70%
c i  0.09 19 22 1  36  318  205 53% 5 117276 6815 70%
c i  0.09 19 22 1  36  319  205 53% 5 117276 6814 70%
c i  0.09 19 22 1  36  320  205 53% 5 117276 6811 70%
c i  0.09 19 23 1  36  328  212 53% 5 117276 6810 70%
c i  0.09 19 25 1  38  374  241 53% 5 117276 6809 70%
c i  0.09 19 25 1  39  392  257 53% 6 117276 6808 70%
c i  0.09 19 25 1  39  393  257 53% 5 117276 6807 70%
c i  0.10 19 23 1  39  455  294 53% 5 117276 6806 70%
c i  0.10 19 23 1  39  464  296 53% 5 117276 6805 70%
c i  0.10 19 23 1  39  467  287 53% 5 117276 6804 70%
c i  0.10 19 21 1  39  576  336 53% 5 117276 6803 70%
c i  0.10 19 21 1  52  628  382 53% 5 117276 6802 70%
c i  0.10 19 21 1  52  629  382 53% 5 117276 6801 70%
c 
c  seconds  reductions  redundant  irredundant
c         MB    restarts       trail      variables
c          level   conflicts       glue        remaining
c 
c i  0.11 19 21 1  52  662  393 54% 5 117276 6800 70%
c i  0.11 19 21 1  52  677  404 54% 5 117276 6799 70%
c i  0.11 19 19 1  56  749  433 53% 5 117276 6798 70%
c i  0.11 19 20 1  58  763  445 53% 5 117276 6797 70%
c i  0.11 19 21 1  64  795  471 53% 6 117276 6796 70%
c i  0.12 19 20 1  74  900  526 53% 6 117276 6795 70%
c -  0.13 24 20 2  81  944  209 53% 6 116258 6795 70%
c }  0.13 24 20 2  89 1000  234 54% 6 116258 6795 70%
c [  0.13 24  0 2  89 1000  234  0% 0 116258 6795 70%
c O  0.13 24  6 2  89 1002  236 58% 1 116258 6795 70%
c i  0.13 24 45 2  89 1024  256 58% 7 116258 6792 70%
c i  0.14 24 26 2  89 1061  284 56% 7 116258 6791 70%
c i  0.14 24 21 2  89 1077  289 56% 6 116258 6790 70%
c i  0.14 24 20 2  89 1080  288 56% 6 116258 6789 70%
c i  0.15 24 21 2  89 1194  391 57% 7 116258 6788 70%
c i  0.18 24 28 2  89 1558  703 58% 10 116258 6787 70%
c i  0.18 24 28 2  89 1561  705 58% 10 116258 6786 70%
c i  0.18 24 28 2  89 1564  706 58% 10 116258 6785 70%
c i  0.18 24 28 2  89 1565  706 58% 10 116258 6733 69%
c i  0.18 24 28 2  89 1589  726 57% 10 116258 6730 69%
c 
c  seconds  reductions  redundant   irredundant
c         MB    restarts       trail       variables
c          level   conflicts       glue         remaining
c 
c i  0.19 24 28 2  89 1690  812 57% 10 116258 6724 69%
c -  0.21 24 30 3  89 1902  876 57% 11 112156 6700 69%
c i  0.21 24 30 3  89 1962  923 57% 12 112156 6699 69%
c i  0.22 24 31 3  90 2092 1025 57% 13 112156 6697 69%
c i  0.22 24 31 3  90 2096 1028 57% 13 112156 6696 69%
c i  0.22 24 31 3  90 2098 1028 57% 13 112156 6622 68%
c i  0.23 24 30 3  90 2227 1139 57% 12 112156 6621 68%
c i  0.24 24 30 3  90 2412 1288 57% 12 112156 6620 68%
c i  0.27 24 30 3  90 2848 1653 57% 12 112156 6612 68%
c i  0.27 24 30 3  90 2899 1690 57% 13 112156 6611 68%
c i  0.28 24 30 3  90 2911 1698 57% 13 112156 6607 68%
c ]  0.28 24 30 3  90 3001 1761 57% 12 112156 6607 68%
c {  0.28 24 20 3  90 3001 1761 54% 6 112156 6607 68%
c F  0.29 23 20 3  90 3003 1742 17% 6 108490 6607 68%
c i  0.30 23 20 3  91 3137 1826 37% 6 108490 6606 68%
c i  0.30 23 20 3  91 3145 1832 37% 6 108490 5790 59%
c i  0.30 23 20 3  91 3148 1834 37% 6 108490 4789 49%
c i  0.30 23 20 3  91 3151 1836 37% 6 108490 4182 43%
c i  0.30 23 20 3  91 3152 1836 37% 6 108490 4155 43%
c }  0.30 23 20 3  91 3154 1836 37% 6 108490 3736 38%
c 
c  seconds  reductions  redundant  irredundant
c         MB    restarts       trail      variables
c          level   conflicts       glue        remaining
c 
c 0  0.30 23 20 3  91 3154 1836 37% 6 108490 3736 38%
c 
c --- [ closing proof ] ------------------------------------------------------
c 
c DRAT proof file '/tmp/conway99-exact-eight-0069-gis69o/proof.drat' closed
c DRAT 12226 added clauses 16.19%
c DRAT 63303 deleted clauses 83.81%
c DRAT 2782663 bytes (2.65 MB)
c 
c --- [ result ] -------------------------------------------------------------
c 
s UNSATISFIABLE
c 
c --- [ run-time profiling ] -------------------------------------------------
c 
c process time taken by individual solving procedures
c (percentage relative to process time for solving)
c 
c         0.24   99.68% search
c         0.15   62.36% stable
c         0.09   36.77% unstable
c         0.06   25.38% parse
c         0.00    0.53% lucky
c         0.00    0.00% simplify
c   =================================
c         0.24   79.59% solve
c 
c last line shows process time for solving
c (percentage relative to total process time)
c 
c --- [ statistics ] ---------------------------------------------------------
c 
c chronological:              1339        42.45 %  of conflicts
c conflicts:                  3154     13228.76    per second
c decisions:                  9317     39078.10    per second
c fixed:                      6012        61.67 %  of all variables
c learned:                    2981        94.51 %  per conflict
c learned_lits:             228746       100.00 %  learned literals
c minimized:                     0         0.00 %  learned literals
c shrunken:                  78391        34.27 %  learned literals
c minishrunken:              49310        21.56 %  learned literals
c otfs:                         13         0.41 %  of conflict
c propagations:            1927037         8.08 M  per second
c reduced:                      68         2.16 %  per conflict
c rephased:                      2      1577.00    interval
c restarts:                     91        34.66    interval
c stabilizing:                   1        63.44 %  of conflicts
c subsumed:                    599         0.50 %  of all clauses
c strengthened:                 13         0.01 %  of all clauses
c trail reuses:                  0         0.00 %  of incremental calls
c 
c seconds are measured in process time for solving
c 
c --- [ resources ] ----------------------------------------------------------
c 
c total process time since initialization:         0.30    seconds
c total real time since initialization:            0.93    seconds
c maximum resident set size of process:           27.80    MB
c 
c --- [ shutting down ] ------------------------------------------------------
c 
c exit 20
