c --- [ banner ] -------------------------------------------------------------
c 
c CaDiCaL SAT Solver
c Copyright (c) 2016-2023 A. Biere, M. Fleury, N. Froleyks, K. Fazekas, F. Pollitt
c 
c Version 1.9.5 146207318796f094dcded87349a64f0c6927309e
c g++ (Ubuntu 13.3.0-6ubuntu2~24.04.1) 13.3.0 -Wall -Wextra -O3 -DNDEBUG
c Wed Sep 30 06:02:32 JST 2026 Linux ikutoPC 6.6.87.2-microsoft-standard-WSL2 x86_64
c 
c --- [ limit ] --------------------------------------------------------------
c 
c setting conflict limit to 1000000 conflicts (due to '1000000')
c 
c --- [ proof tracing ] ------------------------------------------------------
c 
c opening file to write '/tmp/conway99-variable-core-factor-xygJgX/proof.drat'
c writing non-binary proof trace to '/tmp/conway99-variable-core-factor-xygJgX/proof.drat'
c 
c --- [ parsing input ] ------------------------------------------------------
c 
c reading DIMACS file from '/mnt/c/Users/ikuto/projects/conway-99-graph/acceleration/results/20260930_variable_core_factor_cnf/instance.cnf'
c opening file to read '/mnt/c/Users/ikuto/projects/conway-99-graph/acceleration/results/20260930_variable_core_factor_cnf/instance.cnf'
c found 'p cnf 110904 518160' header
c parsed 518160 clauses in 0.25 seconds process time
c 
c --- [ options ] ------------------------------------------------------------
c 
c   --binary=false                 (different from default 'true')
c 
c --- [ solving ] ------------------------------------------------------------
c 
c time measured in process time since initialization
c 
c  seconds  reductions  redundant  irredundant
c         MB    restarts       trail       variables
c          level   conflicts       glue         remaining
c 
c *  0.25 76  0 0   0    0    0  0% 0 514968 82824 75%
c {  0.26 79  0 0   0    0    0  0% 0 514968 82824 75%
c i  0.27 80 66 0   0  131  118 29% 3 514968 82823 75%
c -  0.37 81 99 1  44  300  264 38% 12 433916 82823 75%
c i  0.38 81 99 1  45  306  269 38% 12 433916 82822 75%
c i  0.38 81 98 1  45  307  269 38% 12 433916 82821 75%
c i  0.38 81 98 1  45  308  269 38% 12 433916 82820 75%
c i  0.38 81 98 1  46  309  269 38% 12 433916 82819 75%
c }  0.61 81 118 1 203 1000  932 44% 15 433916 82819 75%
c [  0.61 81  0 1 203 1000  932  0% 0 433916 82819 75%
c O  0.62 81 67 1 203 1002  934 37% 3 433916 82819 75%
c -  0.71 100 81 2 203 1283 1122 58% 23 433900 82819 75%
c -  1.04 101 137 3 204 2757 1935 57% 50 433900 82819 75%
c ]  1.10 101 146 3 204 3000 2159 57% 54 433900 82819 75%
c {  1.10 101 118 3 204 3000 2159 44% 15 433900 82819 75%
c F  1.18 92 118 3 206 3005 2164 19% 15 433900 82819 75%
c -  1.62 94 127 4 459 4724 2651 28% 17 433900 82819 75%
c d  1.70 99 127 4 489 5005 2913 28% 17 432380 82059 74%
c 2  1.81 99 127 4 489 5005 2995 28% 17 432376 82059 74%
c p  1.88 99 127 4 489 5005 75738 28% 17 432376 82030 74%
c 
c  seconds    reductions   redundant   irredundant
c          MB     restarts        trail        variables
c            level   conflicts        glue          remaining
c 
c s  2.09 111 128 4 538 5273 75971 28% 17 428425 82030 74%
c v  2.19 111 128 4 538 5273 75971 28% 17 428420 82030 74%
c w  2.21 111 128 4 538 5273 75970 28% 17 428420 82030 74%
c t  2.24 111 128 4 538 5273 75970 28% 17 428305 82030 74%
c e  2.43 113 128 4 538 5273 6156 28% 17 363952 38497 35%
c s  2.54 113 128 4 538 5273 6023 28% 17 359770 38497 35%
c e  2.57 113 128 4 538 5273 4329 28% 17 359607 38372 35%
c #  2.71 113 129 4 627 6010 5029 24% 17 359607 38372 35%
c }  2.87 113 129 4 771 7001 5978 22% 18 359607 38372 35%
c [  2.87 113 146 4 771 7001 5978 76% 54 359607 38372 35%
c -  2.98 118 151 5 772 7181 2178 71% 53 359607 38372 35%
c -  3.31 129 150 6 773 9982 3739 42% 55 359607 38372 35%
c I  3.37 144 150 6 773 10011 3767  8% 55 359607 38372 35%
c -  3.69 144 152 7 775 13249 4356 43% 56 359607 38372 35%
c ]  3.85 144 149 7 776 15004 6050 41% 55 359607 38372 35%
c {  3.85 144 129 7 776 15004 6050 47% 18 359607 38372 35%
c 2  3.92 144 129 7 776 15005 8141 47% 18 359513 38372 35%
c p  3.98 144 129 7 776 15005 37979 47% 18 359513 38372 35%
c B  4.00 144 129 7 776 15013 37986 47% 18 359513 38372 35%
c -  4.28 102 128 8 1001 16983 5477 41% 18 359513 38372 35%
c 
c  seconds    reductions    redundant   irredundant
c          MB     restarts         trail        variables
c            level     conflicts       glue          remaining
c 
c s  4.48 107 128 8 1160 18187 6633 39% 19 358840 38372 35%
c w  4.58 107 128 8 1160 18187 6633 39% 19 358820 38372 35%
c t  4.61 107 128 8 1160 18187 6633 39% 19 358182 38341 35%
c e  4.63 107 128 8 1160 18187 6578 39% 19 357847 37952 34%
c s  4.64 107 128 8 1160 18187 6559 39% 19 357214 37952 34%
c e  4.66 107 128 8 1160 18187 6537 39% 19 357205 37891 34%
c W  5.09 116 128 8 1507 21014 9231 36% 19 357205 37891 34%
c -  5.14 116 128 9 1532 21183 5983 35% 19 357205 37891 34%
c -  5.71 116 129 10 2055 25841 6988 33% 20 357205 37891 34%
c F  5.98 116 129 10 2307 28015 9046 32% 20 357205 37891 34%
c d  6.24 116 129 10 2555 30006 10938 32% 21 357199 37889 34%
c 3  6.27 116 129 10 2555 30006 13071 32% 21 357199 37889 34%
c 3  6.28 116 129 10 2555 30006 13510 32% 21 357199 37889 34%
c p  6.38 116 129 10 2555 30006 56410 32% 21 357199 37859 34%
c d  6.40 116 129 10 2555 30006 55727 32% 21 356842 37858 34%
c d  6.41 116 129 10 2555 30006 55727 32% 21 356836 37856 34%
c -  6.56 116 128 11 2652 30968 8010 32% 21 356836 37856 34%
c }  6.56 116 128 11 2656 31006 8047 32% 21 356836 37856 34%
c [  6.56 116 149 11 2656 31006 8047 41% 55 356836 37856 34%
c B  7.06 116 147 11 2659 36017 12851 41% 56 356836 37856 34%
c 
c  seconds    reductions     redundant   irredundant
c          MB      restarts         trail        variables
c            level      conflicts       glue          remaining
c 
c -  7.13 117 147 12 2659 36559 8823 42% 56 356836 37856 34%
c s  7.31 117 145 12 2659 37608 9809 41% 56 356275 37856 34%
c w  7.44 117 145 12 2659 37608 9809 41% 56 356275 37856 34%
c t  7.47 117 145 12 2659 37608 9796 41% 56 356014 37843 34%
c e  7.50 117 145 12 2659 37608 9125 41% 56 355519 37447 34%
c s  7.51 117 145 12 2659 37608 9104 41% 56 355145 37447 34%
c e  7.53 117 145 12 2659 37608 9104 41% 56 355138 37439 34%
c -  8.19 117 134 13 2663 42613 8858 40% 56 355138 37439 34%
c W  8.62 117 130 13 2663 45019 11150 40% 57 355138 37439 34%
c -  9.17 134 125 14 2664 49124 10177 40% 57 355138 37439 34%
c 3  9.30 134 124 14 2664 50006 11430 40% 56 355138 37439 34%
c p  9.41 134 124 14 2664 50006 49317 40% 56 355138 37232 34%
c d  9.44 134 124 14 2664 50006 46390 40% 56 353794 37155 34%
c d  9.45 134 124 14 2664 50006 46390 40% 56 353791 37154 34%
c O 10.09 134 124 14 2665 55023 51055 39% 57 353791 37154 34%
c - 10.25 134 122 15 2666 56101 14614 39% 57 353791 37154 34%
c ] 10.97 134 126 15 2671 63006 21279 41% 55 353791 37154 34%
c { 10.97 134 128 15 2671 63006 21279 32% 21 353791 37154 34%
c - 11.09 118 128 16 2735 63534 14660 32% 21 353791 37154 34%
c s 11.17 118 128 16 2739 63575 14658 32% 21 353360 37154 34%
c 
c  seconds    reductions      redundant   irredundant
c          MB      restarts          trail        variables
c            level      conflicts        glue          remaining
c 
c w 11.30 118 128 16 2739 63575 14656 32% 21 353360 37154 34%
c t 11.31 118 128 16 2739 63575 13694 32% 21 353090 37147 33%
c e 11.35 118 128 16 2739 63575 13693 32% 21 352833 36791 33%
c s 11.39 118 128 16 2739 63575 13673 32% 21 352713 36791 33%
c e 11.41 118 128 16 2739 63575 13673 32% 21 352712 36785 33%
c B 11.69 118 128 16 2953 66025 15958 31% 21 352712 36785 33%
c - 12.42 118 128 17 3495 71432 14146 30% 21 352712 36785 33%
c 3 12.91 118 128 17 3884 75006 19233 30% 21 352712 36785 33%
c p 13.03 118 128 17 3884 75006 43658 30% 21 352712 36679 33%
c W 13.59 118 128 17 4139 78027 45407 30% 21 352014 36679 33%
c - 13.83 118 128 18 4304 79789 15852 30% 21 352014 36679 33%
c i 14.41 118 129 18 4766 84821 20662 30% 22 352014 36666 33%
c i 14.42 118 128 18 4766 84918 20737 30% 22 352014 36614 33%
c i 14.42 118 128 18 4766 84955 20763 30% 22 352014 36581 33%
c i 14.42 118 128 18 4766 84967 20767 30% 22 352014 36565 33%
c i 14.70 118 129 18 4974 87313 22991 30% 22 352014 36555 33%
c - 14.87 118 129 19 5074 88604 16743 30% 22 351491 36555 33%
c # 15.14 118 129 19 5294 91028 19052 30% 22 351491 36555 33%
c s 15.81 118 130 19 5818 96190 23880 30% 22 351389 36555 33%
c w 16.00 118 130 19 5818 96190 23878 30% 22 351389 36555 33%
c 
c  seconds    reductions      redundant   irredundant
c          MB      restarts          trail        variables
c            level      conflicts        glue          remaining
c 
c t 16.01 118 130 19 5818 96190 23875 30% 22 351295 36554 33%
c e 16.03 118 130 19 5818 96190 23763 30% 22 351147 36427 33%
c s 16.05 118 130 19 5818 96190 23676 30% 22 351077 36427 33%
c e 16.07 118 130 19 5818 96190 23676 30% 22 351077 36426 33%
c - 16.38 118 130 20 6005 97881 17798 30% 22 351077 36426 33%
c 3 17.27 118 131 20 6711 105007 25255 30% 23 351077 36426 33%
c 3 17.27 118 131 20 6711 105007 25725 30% 23 351077 36426 33%
c p 17.38 118 131 20 6711 105007 47964 30% 23 351077 36206 33%
c d 17.40 118 131 20 6711 105007 46634 30% 23 349679 36194 33%
c B 17.42 118 131 20 6712 105030 46657 30% 23 349679 36194 33%
c - 17.82 118 131 21 6943 107617 19346 30% 23 349679 36194 33%
c - 19.15 118 131 22 7863 117806 20552 29% 23 349679 36194 33%
c W 19.63 118 132 22 8042 120034 22662 30% 23 349679 36194 33%
c } 20.53 118 132 22 8683 127006 29321 30% 23 349679 36194 33%
c [ 20.53 118 126 22 8683 127006 29321 41% 55 349679 36194 33%
c - 20.71 118 126 23 8683 128458 21733 41% 55 349679 36194 33%
c s 21.56 118 132 23 8687 135415 28374 39% 56 349405 36194 33%
c v 21.70 118 132 23 8687 135415 28374 39% 56 349376 36194 33%
c w 21.72 118 132 23 8687 135415 28372 39% 56 349376 36194 33%
c t 21.72 118 132 23 8687 135415 28290 39% 56 349330 36194 33%
c 
c  seconds    reductions       redundant   irredundant
c          MB      restarts           trail        variables
c            level      conflicts         glue          remaining
c 
c e 21.75 118 132 23 8687 135415 28284 39% 56 349004 35901 32%
c s 21.77 118 132 23 8687 135415 28260 39% 56 348945 35901 32%
c e 21.79 118 132 23 8687 135415 28260 39% 56 348945 35897 32%
c B 21.86 118 132 23 8687 136035 28867 39% 55 348945 35897 32%
c - 22.38 137 135 24 8690 139574 22468 39% 56 348945 35897 32%
c 3 22.45 137 135 24 8690 140007 24409 39% 56 348945 35897 32%
c 3 22.46 137 135 24 8690 140007 24943 39% 56 348945 35897 32%
c p 22.57 137 135 24 8690 140007 47199 39% 56 348945 35812 32%
c - 23.74 138 132 25 8691 151144 22925 41% 54 348303 35812 32%
c W 24.21 138 131 25 8692 153039 24736 42% 54 348303 35812 32%
c - 25.62 138 124 26 8692 163171 23338 40% 52 348303 35812 32%
c I 26.62 138 120 26 8695 171041 30975 40% 51 348303 35812 32%
c - 27.11 138 124 27 8698 175660 24617 40% 51 348303 35812 32%
c 3 27.58 138 124 27 8699 180008 29445 41% 51 348303 35812 32%
c p 27.69 138 124 27 8699 180008 58135 41% 51 348303 35772 32%
c d 27.71 138 124 27 8699 180008 57871 41% 51 348012 35771 32%
c s 27.92 138 124 27 8700 181354 57734 41% 51 347887 35771 32%
c v 28.05 138 124 27 8700 181354 57734 41% 51 347722 35771 32%
c w 28.07 138 124 27 8700 181354 57733 41% 51 347722 35771 32%
c t 28.08 138 124 27 8700 181354 57731 41% 51 347691 35771 32%
c 
c  seconds    reductions       redundant   irredundant
c          MB      restarts           trail        variables
c            level      conflicts         glue          remaining
c 
c e 28.11 138 124 27 8700 181354 50702 41% 51 347309 35375 32%
c s 28.14 138 124 27 8700 181354 50653 41% 51 347013 35375 32%
c e 28.16 138 124 27 8700 181354 50526 41% 51 347007 35367 32%
c - 29.15 121 121 28 8705 188612 24443 41% 50 347007 35367 32%
c B 29.35 121 120 28 8706 190045 25829 41% 50 347007 35367 32%
c - 30.51 141 117 29 8708 202013 25303 43% 49 347007 35367 32%
c W 31.77 141 115 29 8714 210046 33039 43% 49 347007 35367 32%
c - 32.60 141 113 30 8716 215876 26154 42% 49 347007 35367 32%
c d 33.52 141 111 30 8721 225008 34948 43% 48 347003 35365 32%
c 3 33.56 141 111 30 8721 225008 36544 43% 48 347003 35365 32%
c 3 33.57 141 111 30 8721 225008 37003 43% 48 347003 35365 32%
c 2 33.60 141 111 30 8721 225008 37003 43% 48 347003 35363 32%
c p 33.69 141 111 30 8721 225008 61545 43% 48 347003 35231 32%
c d 33.71 141 111 30 8721 225008 60474 43% 48 346020 35226 32%
c - 34.36 121 110 31 8722 230203 27286 43% 48 346020 35226 32%
c O 34.44 121 110 31 8722 231049 28076 43% 48 346020 35226 32%
c s 34.84 121 109 31 8722 234066 30900 43% 47 345734 35226 32%
c v 34.94 121 109 31 8722 234066 30900 43% 47 345605 35226 32%
c w 34.96 121 109 31 8722 234066 30899 43% 47 345605 35226 32%
c t 34.97 121 109 31 8722 234066 30869 43% 47 345571 35220 32%
c 
c  seconds    reductions       redundant   irredundant
c          MB      restarts           trail        variables
c            level      conflicts         glue          remaining
c 
c e 34.99 121 109 31 8722 234066 30868 43% 47 345317 35056 32%
c s 35.02 121 109 31 8722 234066 30853 43% 47 345260 35056 32%
c e 35.03 121 109 31 8722 234066 30845 43% 47 345258 35054 32%
c - 36.13 142 107 32 8723 244983 27338 44% 47 345258 35054 32%
c B 37.03 142 106 32 8724 253050 35030 44% 47 345258 35054 32%
c ] 37.25 142 106 32 8724 255007 36926 44% 47 345258 35054 32%
c { 37.25 142 132 32 8724 255007 36926 30% 23 345258 35054 32%
c - 38.03 142 132 33 9195 260210 29626 30% 23 345258 35054 32%
c d 39.96 142 133 33 10371 275010 43735 30% 24 345256 35053 32%
c 3 40.00 142 133 33 10371 275010 44640 30% 24 345256 35053 32%
c 3 40.01 142 133 33 10371 275010 45210 30% 24 345256 35053 32%
c p 40.13 142 133 33 10371 275010 67984 30% 24 345256 35026 32%
c - 40.36 122 133 34 10434 275901 30235 30% 24 345076 35026 32%
c F 40.40 122 133 34 10448 276051 30382 30% 24 345076 35026 32%
c - 42.44 135 133 35 11678 292049 31594 30% 24 345076 35026 32%
c s 42.68 135 133 35 11772 293469 32897 30% 24 344995 35026 32%
c v 42.81 135 133 35 11772 293469 32897 30% 24 344655 35026 32%
c w 42.84 135 133 35 11772 293469 32897 30% 24 344655 35026 32%
c t 42.85 135 133 35 11772 293469 32897 30% 24 344643 35025 32%
c e 42.87 135 133 35 11772 293469 32889 30% 24 344530 34939 32%
c 
c  seconds    reductions        redundant   irredundant
c          MB       restarts           trail        variables
c            level       conflicts         glue          remaining
c 
c s 42.89 135 133 35 11772 293469 32870 30% 24 344486 34939 32%
c e 42.91 135 133 35 11772 293469 32870 30% 24 344480 34935 32%
c B 43.72 135 134 35 12295 300052 39124 30% 24 344480 34935 32%
c - 44.92 152 134 36 13033 308658 33079 30% 24 344480 34935 32%
c W 47.39 152 133 36 14176 325053 48604 29% 24 344480 34935 32%
c - 47.56 152 133 37 14237 325720 34591 29% 24 344480 34935 32%
c 3 48.10 152 133 37 14553 330011 39923 29% 24 344480 34935 32%
c p 48.27 152 133 37 14553 330011 74183 29% 24 344480 34836 31%
c - 50.10 152 133 38 15593 343244 36696 30% 25 343801 34836 31%
c # 51.12 152 133 38 16230 351056 44148 30% 25 343801 34836 31%
c s 52.31 152 134 38 16891 359503 52135 30% 25 343659 34836 31%
c v 52.49 152 134 38 16891 359503 52135 30% 25 342053 34836 31%
c w 52.53 152 134 38 16891 359503 52131 30% 25 342053 34836 31%
c t 52.53 152 134 38 16891 359503 52131 30% 25 342021 34835 31%
c e 52.56 152 134 38 16891 359503 52122 30% 25 341788 34697 31%
c s 52.59 152 134 38 16891 359503 52072 30% 25 341760 34697 31%
c e 52.61 152 134 38 16891 359503 52071 30% 25 341760 34694 31%
c - 52.98 154 134 39 17038 361218 37964 30% 25 341760 34694 31%
c B 55.12 154 134 39 18183 378058 54026 30% 25 341760 34694 31%
c - 55.36 154 134 40 18277 379624 39289 30% 25 341760 34694 31%
c 
c  seconds    reductions        redundant   irredundant
c          MB       restarts           trail        variables
c            level       conflicts         glue          remaining
c 
c 3 56.77 154 134 40 19073 390012 50276 30% 25 341760 34694 31%
c 3 56.78 154 134 40 19073 390012 50744 30% 25 341760 34694 31%
c p 56.94 154 134 40 19073 390012 74243 30% 25 341760 34678 31%
c - 58.14 154 134 41 19692 398495 40909 30% 25 341658 34678 31%
c W 59.75 154 135 41 20258 406060 48148 30% 25 341658 34678 31%
c - 61.35 155 135 42 21096 417818 42395 30% 25 341658 34678 31%
c s 63.37 155 135 42 22185 432108 55944 30% 26 341619 34678 31%
c v 63.54 155 135 42 22185 432108 55944 30% 26 339841 34678 31%
c w 63.58 155 135 42 22185 432108 55942 30% 26 339841 34678 31%
c t 63.58 155 135 42 22185 432108 55942 30% 26 339839 34678 31%
c e 63.61 155 135 42 22185 432108 55939 30% 26 339803 34652 31%
c s 63.62 155 135 42 22185 432108 55918 30% 26 339796 34652 31%
c F 64.13 155 136 42 22424 435061 58758 30% 26 339796 34652 31%
c - 64.52 155 136 43 22606 437601 43942 30% 26 339796 34652 31%
c 3 66.98 155 136 43 23892 455012 61640 30% 26 339796 34652 31%
c p 67.19 155 136 43 23892 455012 94743 30% 26 339796 34581 31%
c - 67.69 155 136 44 24084 457813 45906 30% 26 339343 34581 31%
c B 68.69 155 136 44 24531 465063 52809 30% 26 339343 34581 31%
c - 70.58 157 136 45 25476 478480 47156 30% 26 339343 34581 31%
c W 73.43 157 136 45 26656 496064 63967 31% 26 339343 34581 31%
c 
c  seconds    reductions        redundant   irredundant
c          MB       restarts           trail        variables
c            level       conflicts         glue          remaining
c 
c - 74.01 157 136 46 26943 499603 48597 31% 26 339343 34581 31%
c } 75.53 157 137 46 27797 511008 59483 31% 26 339343 34581 31%
c [ 75.53 157 106 46 27797 511008 59483 44% 47 339343 34581 31%
c s 75.60 157 106 46 27797 511158 59541 44% 47 339306 34581 31%
c v 75.78 157 106 46 27797 511158 59541 44% 47 337191 34581 31%
c w 75.82 157 106 46 27797 511158 59536 44% 47 337191 34581 31%
c t 75.83 157 106 46 27797 511158 59535 44% 47 337191 34581 31%
c e 75.85 157 106 46 27797 511158 59526 44% 47 337043 34491 31%
c s 75.87 157 106 46 27797 511158 59439 44% 47 337023 34491 31%
c e 75.89 157 106 46 27797 511158 59438 44% 47 337023 34490 31%
c - 77.02 126 129 47 27797 521185 49427 57% 52 337023 34490 31%
c 3 77.52 126 138 47 27797 525017 54347 58% 55 337023 34490 31%
c p 77.68 126 138 47 27797 525017 86699 58% 55 337023 34470 31%
c W 78.71 132 137 47 27797 528065 89561 53% 55 336899 34470 31%
c - 81.07 128 128 48 27800 543183 49926 44% 53 336899 34470 31%
c I 83.28 128 122 48 27810 561066 66977 46% 53 336899 34470 31%
c - 83.84 127 128 49 27811 565638 48465 45% 54 336899 34470 31%
c - 86.83 153 136 50 27822 588550 47515 45% 60 336899 34470 31%
c B 87.60 153 135 50 27826 595068 53741 44% 59 336899 34470 31%
c s 87.80 153 136 50 27826 596662 55236 44% 59 336876 34470 31%
c 
c  seconds    reductions        redundant   irredundant
c          MB       restarts           trail        variables
c            level       conflicts         glue          remaining
c 
c v 87.94 153 136 50 27826 596662 55236 44% 59 335116 34470 31%
c w 87.97 153 136 50 27826 596662 55235 44% 59 335116 34470 31%
c t 87.98 153 136 50 27826 596662 55235 44% 59 335115 34470 31%
c e 88.00 153 136 50 27826 596662 55234 44% 59 335084 34444 31%
c s 88.01 153 136 50 27826 596662 55184 44% 59 335079 34444 31%
c e 88.03 153 136 50 27826 596662 55184 44% 59 335079 34443 31%
c p 88.56 153 138 50 27827 600018 76587 44% 60 335079 34438 31%
c - 90.08 179 137 51 27828 611921 48686 44% 59 335043 34438 31%
c W 93.04 179 133 51 27833 630069 66001 42% 59 335043 34438 31%
c - 93.71 179 133 52 27835 635712 50138 43% 58 335043 34438 31%
c - 96.52 179 124 53 27846 659962 50399 42% 56 335043 34438 31%
c O 97.18 179 122 53 27850 666070 56181 43% 56 335043 34438 31%
c p 99.25 179 118 53 27857 680019 101544 42% 55 335043 34433 31%
c - 99.91 179 118 54 27858 684670 51478 42% 54 335017 34433 31%
c s 100.32 179 118 54 27858 688568 55210 42% 54 335003 34433 31%
c v 100.47 179 118 54 27858 688568 55210 42% 54 332784 34433 31%
c w 100.51 179 118 54 27858 688568 55208 42% 54 332784 34433 31%
c e 100.53 179 118 54 27858 688568 55205 42% 54 332772 34420 31%
c s 100.54 179 118 54 27858 688568 55159 42% 54 332770 34420 31%
c B 102.03 179 118 54 27859 703071 69226 43% 54 332770 34420 31%
c 
c  seconds     reductions        redundant   irredundant
c           MB       restarts           trail        variables
c             level       conflicts         glue          remaining
c 
c - 102.83 179 122 55 27860 709840 52180 44% 54 332770 34420 31%
c - 105.32 180 122 56 27860 735416 52291 45% 53 332770 34420 31%
c W 106.62 180 123 56 27861 741072 57448 46% 55 332770 34420 31%
c - 109.85 180 119 57 27861 761444 53318 43% 54 332770 34420 31%
c p 110.60 180 118 57 27861 765019 89431 43% 55 332770 34416 31%
c I 112.41 180 117 57 27861 780074 103870 44% 55 332770 34416 31%
c s 113.44 180 131 57 27861 786766 109828 43% 57 332760 34416 31%
c v 113.61 180 131 57 27861 786766 109828 43% 57 331084 34416 31%
c w 113.66 180 131 57 27861 786766 109816 43% 57 331084 34416 31%
c t 113.66 180 131 57 27861 786766 109816 43% 57 331083 34416 31%
c e 113.70 180 131 57 27861 786766 109089 43% 57 331031 34399 31%
c s 113.76 180 131 57 27861 786766 108923 43% 57 331019 34399 31%
c - 114.05 180 132 58 27861 787930 55406 43% 58 331019 34399 31%
c - 117.00 189 147 59 27867 814831 54862 46% 59 331019 34399 31%
c B 117.72 189 143 59 27869 820075 59877 45% 58 331019 34399 31%
c - 120.48 189 137 60 27878 842191 54904 45% 58 331019 34399 31%
c 3 122.28 189 132 60 27886 855022 69782 44% 58 331019 34399 31%
c p 122.44 189 132 60 27886 855022 93227 44% 58 331019 34392 31%
c W 123.91 189 130 60 27890 861078 98909 44% 58 330960 34392 31%
c - 124.94 189 127 61 27891 870006 56686 44% 57 330960 34392 31%
c 
c  seconds     reductions        redundant   irredundant
c           MB       restarts           trail        variables
c             level       conflicts         glue          remaining
c 
c s 127.80 189 123 61 27894 891294 76823 44% 56 330911 34392 31%
c v 127.96 189 123 61 27894 891294 76823 44% 56 329389 34392 31%
c w 128.00 189 123 61 27894 891294 76823 44% 56 329389 34392 31%
c e 128.03 189 123 61 27894 891294 76822 44% 56 329386 34389 31%
c s 128.04 189 123 61 27894 891294 76805 44% 56 329376 34389 31%
c - 129.09 189 121 62 27898 898276 57385 44% 56 329376 34389 31%
c O 129.71 189 120 62 27900 903082 61904 44% 56 329376 34389 31%
c - 133.05 189 111 63 27910 926961 58434 42% 53 329376 34389 31%
c B 136.29 189 103 63 27921 946083 76624 41% 51 329376 34389 31%
c p 136.93 189 105 63 27922 950022 118376 41% 51 329376 34380 31%
c - 137.70 189 105 64 27922 956102 61623 42% 51 329321 34380 31%
c - 141.35 189 103 65 27924 985695 60463 45% 52 329321 34380 31%
c W 142.62 189 103 65 27924 990087 64538 45% 52 329321 34380 31%
c ] 144.03 189 101 65 27924 1000000 73875 44% 52 329321 34380 31%
c ? 144.04 189 101 65 27924 1000000 73875 44% 52 329321 34380 31%
c 
c --- [ closing proof ] ------------------------------------------------------
c 
c DRAT proof file '/tmp/conway99-variable-core-factor-xygJgX/proof.drat' closed
c DRAT 1949939 added clauses 48.93%
c DRAT 2035502 deleted clauses 51.07%
c DRAT 1073110358 bytes (1023.40 MB)
c 
c --- [ result ] -------------------------------------------------------------
c 
c UNKNOWN
c 
c --- [ run-time profiling ] -------------------------------------------------
c 
c process time taken by individual solving procedures
c (percentage relative to process time for solving)
c 
c       135.06   93.93% search
c        82.73   57.53% stable
c        46.35   32.23% unstable
c         8.72    6.07% simplify
c         5.97    4.15% walk
c         2.48    1.72% vivify
c         1.95    1.36% probe
c         1.40    0.97% subsume
c         0.91    0.63% ternary
c         0.89    0.62% elim
c         0.25    0.17% parse
c         0.01    0.01% lucky
c   =================================
c       143.79   99.83% solve
c 
c last line shows process time for solving
c (percentage relative to total process time)
c 
c --- [ statistics ] ---------------------------------------------------------
c 
c chronological:            238109        23.81 %  of conflicts
c conflicts:               1000000      6954.43    per second
c decisions:               5067162     35239.22    per second
c eliminated:                46259        41.71 %  of all variables
c fixed:                     29401        26.51 %  of all variables
c learned:                  976327        97.63 %  per conflict
c learned_lits:          139364157       100.00 %  learned literals
c minimized:                     0         0.00 %  learned literals
c shrunken:               22480651        16.13 %  learned literals
c minishrunken:           14131856        10.14 %  learned literals
c otfs:                        945         0.09 %  of conflict
c propagations:         1245623105         8.66 M  per second
c reduced:                  877953        87.80 %  per conflict
c rephased:                     44     22727.27    interval
c restarts:                  27924        35.81    interval
c stabilizing:                   5        65.90 %  of conflicts
c substituted:                 864         0.78 %  of all variables
c subsumed:                  52652         2.21 %  of all clauses
c strengthened:              23099         0.97 %  of all clauses
c ternary:                   32310         0.09 %  of resolved
c trail reuses:                  0         0.00 %  of incremental calls
c vivified:                  14678         0.62 %  of all clauses
c walked:                       14     71428.57    interval
c weakened:                 167133         2.48    average size
c 
c seconds are measured in process time for solving
c 
c --- [ resources ] ----------------------------------------------------------
c 
c total process time since initialization:       144.04    seconds
c total real time since initialization:          146.02    seconds
c maximum resident set size of process:          188.55    MB
c 
c --- [ shutting down ] ------------------------------------------------------
c 
c exit 0
