c --- [ banner ] -------------------------------------------------------------
c 
c CaDiCaL SAT Solver
c Copyright (c) 2016-2023 A. Biere, M. Fleury, N. Froleyks, K. Fazekas, F. Pollitt
c 
c Version 1.9.5 146207318796f094dcded87349a64f0c6927309e
c g++ (Ubuntu 13.3.0-6ubuntu2~24.04.1) 13.3.0 -Wall -Wextra -O3 -DNDEBUG
c Wed Sep 30 06:02:32 JST 2026 Linux ikutoPC 6.6.87.2-microsoft-standard-WSL2 x86_64
c 
c --- [ limit ] --------------------------------------------------------------
c 
c setting conflict limit to 1000000 conflicts (due to '1000000')
c 
c --- [ proof tracing ] ------------------------------------------------------
c 
c opening file to write '/tmp/conway99-seven-profile-rank5_13_profile_0002-iuK0CD/proof.drat'
c writing non-binary proof trace to '/tmp/conway99-seven-profile-rank5_13_profile_0002-iuK0CD/proof.drat'
c 
c --- [ parsing input ] ------------------------------------------------------
c 
c reading DIMACS file from '/mnt/c/Users/ikuto/projects/conway-99-graph/acceleration/results/20260930_hadamard_seven_remaining_cnfs/run01/rank5_13_profile_0002/instance.cnf'
c opening file to read '/mnt/c/Users/ikuto/projects/conway-99-graph/acceleration/results/20260930_hadamard_seven_remaining_cnfs/run01/rank5_13_profile_0002/instance.cnf'
c found 'p cnf 9872 170454' header
c parsed 170454 clauses in 0.07 seconds process time
c 
c --- [ options ] ------------------------------------------------------------
c 
c   --binary=false                 (different from default 'true')
c 
c --- [ solving ] ------------------------------------------------------------
c 
c time measured in process time since initialization
c 
c  seconds  reductions  redundant  irredundant
c         MB    restarts       trail      variables
c          level   conflicts       glue        remaining
c 
c *  0.07 17  0 0   0    0    0  0% 0 120522 6945 70%
c {  0.07 18  0 0   0    0    0  0% 0 120522 6945 70%
c i  0.07 18 17 0   0   13    8 42% 2 120522 6944 70%
c i  0.07 18 18 0   6  100   75 52% 4 120522 6943 70%
c i  0.08 18 16 0   6  114   86 52% 4 120522 6942 70%
c i  0.08 19 18 0  24  211  156 53% 5 120522 6941 70%
c i  0.08 19 15 0  24  297  197 54% 5 120522 6939 70%
c -  0.09 19 16 1  24  300  102 54% 5 120197 6939 70%
c i  0.10 19 19 1  46  488  214 52% 6 120197 6938 70%
c i  0.10 19 19 1  52  515  235 52% 7 120197 6937 70%
c i  0.10 19 19 1  61  553  260 52% 7 120197 6936 70%
c i  0.10 19 18 1  61  573  270 52% 6 120197 6935 70%
c i  0.10 19 19 1  61  666  330 53% 6 120197 6934 70%
c i  0.10 19 19 1  61  667  330 52% 6 120197 6918 70%
c i  0.11 19 21 1  71  836  443 52% 6 120197 6917 70%
c -  0.12 24 21 2  79  947  419 53% 6 119337 6917 70%
c i  0.13 24 20 2  79  976  443 53% 6 119337 6916 70%
c }  0.13 24 20 2  79 1002  466 53% 6 119337 6916 70%
c [  0.13 24  0 2  79 1002  466  0% 0 119337 6916 70%
c O  0.13 24  1 2  79 1003  467 44% 1 119337 6916 70%
c 
c  seconds  reductions  redundant  irredundant
c         MB    restarts       trail      variables
c          level   conflicts       glue        remaining
c 
c i  0.13 24  6 2  79 1010  472 51% 1 119337 6914 70%
c i  0.14 24 24 2  79 1211  613 50% 11 119337 6913 70%
c i  0.14 24 24 2  79 1215  616 50% 11 119337 6912 70%
c ]  0.14 24 21 2  79 1244  633 50% 10 119337 4467 45%
c 0  0.14 24 21 2  79 1244  633 50% 10 119337 4467 45%
c 
c --- [ closing proof ] ------------------------------------------------------
c 
c DRAT proof file '/tmp/conway99-seven-profile-rank5_13_profile_0002-iuK0CD/proof.drat' closed
c DRAT 7832 added clauses 12.89%
c DRAT 52910 deleted clauses 87.11%
c DRAT 1600976 bytes (1.53 MB)
c 
c --- [ result ] -------------------------------------------------------------
c 
s UNSATISFIABLE
c 
c --- [ run-time profiling ] -------------------------------------------------
c 
c process time taken by individual solving procedures
c (percentage relative to process time for solving)
c 
c         0.07   98.93% search
c         0.07   92.49% parse
c         0.06   80.11% unstable
c         0.01   17.88% stable
c         0.00    0.87% lucky
c         0.00    0.00% simplify
c   =================================
c         0.07   51.66% solve
c 
c last line shows process time for solving
c (percentage relative to total process time)
c 
c --- [ statistics ] ---------------------------------------------------------
c 
c chronological:               540        43.41 %  of conflicts
c conflicts:                  1244     16962.09    per second
c decisions:                  4386     59803.65    per second
c fixed:                      5405        54.75 %  of all variables
c learned:                    1076        86.50 %  per conflict
c learned_lits:              67380       100.00 %  learned literals
c minimized:                     0         0.00 %  learned literals
c shrunken:                  30486        45.24 %  learned literals
c minishrunken:               8137        12.08 %  learned literals
c otfs:                         20         1.61 %  of conflict
c propagations:             767667        10.47 M  per second
c reduced:                      21         1.69 %  per conflict
c rephased:                      1      1244.00    interval
c restarts:                     79        15.75    interval
c stabilizing:                   1        19.21 %  of conflicts
c subsumed:                    229         0.19 %  of all clauses
c strengthened:                 17         0.01 %  of all clauses
c trail reuses:                  0         0.00 %  of incremental calls
c 
c seconds are measured in process time for solving
c 
c --- [ resources ] ----------------------------------------------------------
c 
c total process time since initialization:         0.14    seconds
c total real time since initialization:            0.80    seconds
c maximum resident set size of process:           23.91    MB
c 
c --- [ shutting down ] ------------------------------------------------------
c 
c exit 20
