c --- [ banner ] -------------------------------------------------------------
c 
c CaDiCaL SAT Solver
c Copyright (c) 2016-2023 A. Biere, M. Fleury, N. Froleyks, K. Fazekas, F. Pollitt
c 
c Version 1.9.5 146207318796f094dcded87349a64f0c6927309e
c g++ (Ubuntu 13.3.0-6ubuntu2~24.04.1) 13.3.0 -Wall -Wextra -O3 -DNDEBUG
c Wed Sep 30 06:02:32 JST 2026 Linux ikutoPC 6.6.87.2-microsoft-standard-WSL2 x86_64
c 
c --- [ limit ] --------------------------------------------------------------
c 
c setting conflict limit to 1000000 conflicts (due to '1000000')
c 
c --- [ proof tracing ] ------------------------------------------------------
c 
c opening file to write '/tmp/conway99-seven-profile-rank5_100_profile_0005-gl15iV/proof.drat'
c writing non-binary proof trace to '/tmp/conway99-seven-profile-rank5_100_profile_0005-gl15iV/proof.drat'
c 
c --- [ parsing input ] ------------------------------------------------------
c 
c reading DIMACS file from '/mnt/c/Users/ikuto/projects/conway-99-graph/acceleration/results/20260930_hadamard_seven_remaining_cnfs/run01/rank5_100_profile_0005/instance.cnf'
c opening file to read '/mnt/c/Users/ikuto/projects/conway-99-graph/acceleration/results/20260930_hadamard_seven_remaining_cnfs/run01/rank5_100_profile_0005/instance.cnf'
c found 'p cnf 9880 170650' header
c parsed 170650 clauses in 0.08 seconds process time
c 
c --- [ options ] ------------------------------------------------------------
c 
c   --binary=false                 (different from default 'true')
c 
c --- [ solving ] ------------------------------------------------------------
c 
c time measured in process time since initialization
c 
c  seconds  reductions  redundant  irredundant
c         MB    restarts       trail      variables
c          level   conflicts       glue        remaining
c 
c *  0.08 17  0 0   0    0    0  0% 0 120722 6954 70%
c {  0.08 18  0 0   0    0    0  0% 0 120722 6954 70%
c i  0.09 19 28 0   8  169  143 54% 5 120722 6953 70%
c i  0.09 19 26 0  12  188  160 54% 6 120722 6952 70%
c i  0.09 19 23 0  19  250  197 55% 5 120722 6951 70%
c -  0.10 19 25 1  19  300  219 54% 5 120461 6951 70%
c i  0.10 19 29 1  20  347  264 55% 5 120461 6950 70%
c i  0.10 19 32 1  20  356  268 55% 6 120461 6944 70%
c i  0.10 19 35 1  29  395  303 54% 8 120461 6941 70%
c i  0.11 19 35 1  33  409  313 54% 8 120461 6940 70%
c i  0.11 19 29 1  41  539  408 53% 8 120461 6939 70%
c i  0.11 19 29 1  41  542  410 53% 8 120461 6908 70%
c }  0.12 19 28 1  41  696  519 53% 7 120461 6858 69%
c 0  0.12 19 28 1  41  696  519 53% 7 120461 6858 69%
c 
c --- [ closing proof ] ------------------------------------------------------
c 
c DRAT proof file '/tmp/conway99-seven-profile-rank5_100_profile_0005-gl15iV/proof.drat' closed
c DRAT 4661 added clauses 8.33%
c DRAT 51308 deleted clauses 91.67%
c DRAT 1397308 bytes (1.33 MB)
c 
c --- [ result ] -------------------------------------------------------------
c 
s UNSATISFIABLE
c 
c --- [ run-time profiling ] -------------------------------------------------
c 
c process time taken by individual solving procedures
c (percentage relative to process time for solving)
c 
c         0.08  183.99% parse
c         0.04   97.80% search
c         0.04   94.98% unstable
c         0.00    2.67% lucky
c         0.00    0.00% simplify
c   =================================
c         0.04   34.98% solve
c 
c last line shows process time for solving
c (percentage relative to total process time)
c 
c --- [ statistics ] ---------------------------------------------------------
c 
c chronological:               382        54.89 %  of conflicts
c conflicts:                   696     16793.34    per second
c decisions:                  3898     94052.36    per second
c fixed:                      3022        30.59 %  of all variables
c learned:                     639        91.81 %  per conflict
c learned_lits:              37598       100.00 %  learned literals
c minimized:                     0         0.00 %  learned literals
c shrunken:                  14535        38.66 %  learned literals
c minishrunken:               5643        15.01 %  learned literals
c otfs:                          8         1.15 %  of conflict
c propagations:             374440         9.03 M  per second
c restarts:                     41        16.98    interval
c subsumed:                     87         0.07 %  of all clauses
c strengthened:                  8         0.01 %  of all clauses
c trail reuses:                  0         0.00 %  of incremental calls
c 
c seconds are measured in process time for solving
c 
c --- [ resources ] ----------------------------------------------------------
c 
c total process time since initialization:         0.12    seconds
c total real time since initialization:            0.74    seconds
c maximum resident set size of process:           20.02    MB
c 
c --- [ shutting down ] ------------------------------------------------------
c 
c exit 20
