c --- [ banner ] -------------------------------------------------------------
c 
c CaDiCaL SAT Solver
c Copyright (c) 2016-2023 A. Biere, M. Fleury, N. Froleyks, K. Fazekas, F. Pollitt
c 
c Version 1.9.5 146207318796f094dcded87349a64f0c6927309e
c g++ (Ubuntu 13.3.0-6ubuntu2~24.04.1) 13.3.0 -Wall -Wextra -O3 -DNDEBUG
c Wed Sep 30 06:02:32 JST 2026 Linux ikutoPC 6.6.87.2-microsoft-standard-WSL2 x86_64
c 
c --- [ limit ] --------------------------------------------------------------
c 
c setting conflict limit to 1000000 conflicts (due to '1000000')
c 
c --- [ proof tracing ] ------------------------------------------------------
c 
c opening file to write '/tmp/conway99-seven-profile-rank5_56_profile_0003-mX8zuS/proof.drat'
c writing non-binary proof trace to '/tmp/conway99-seven-profile-rank5_56_profile_0003-mX8zuS/proof.drat'
c 
c --- [ parsing input ] ------------------------------------------------------
c 
c reading DIMACS file from '/mnt/c/Users/ikuto/projects/conway-99-graph/acceleration/results/20260930_hadamard_seven_remaining_cnfs/run02/rank5_56_profile_0003/instance.cnf'
c opening file to read '/mnt/c/Users/ikuto/projects/conway-99-graph/acceleration/results/20260930_hadamard_seven_remaining_cnfs/run02/rank5_56_profile_0003/instance.cnf'
c found 'p cnf 9872 170454' header
c parsed 170454 clauses in 0.06 seconds process time
c 
c --- [ options ] ------------------------------------------------------------
c 
c   --binary=false                 (different from default 'true')
c 
c --- [ solving ] ------------------------------------------------------------
c 
c time measured in process time since initialization
c 
c  seconds  reductions  redundant  irredundant
c         MB    restarts       trail      variables
c          level   conflicts       glue        remaining
c 
c *  0.06 18  0 0   0    0    0  0% 0 120522 6945 70%
c {  0.06 18  0 0   0    0    0  0% 0 120522 6945 70%
c i  0.06 18  3 0   0    9    6 39% 2 120522 6871 70%
c i  0.06 18  3 0   0   10    6 39% 2 120522 6870 70%
c i  0.07 18 34 0   3   60   40 52% 6 120522 6849 69%
c i  0.07 19 37 0  13   99   75 54% 6 120522 6848 69%
c i  0.07 19 36 0  13  102   76 54% 6 120522 6847 69%
c i  0.07 19 24 0  13  164  103 55% 5 120522 6846 69%
c i  0.07 19 24 0  13  181  112 55% 4 120522 6845 69%
c i  0.07 19 24 0  13  182  112 55% 4 120522 6844 69%
c i  0.07 19 24 0  13  184  113 55% 4 120522 6843 69%
c i  0.07 19 24 0  13  186  114 54% 4 120522 6842 69%
c -  0.08 19 30 1  13  301  169 56% 4 115763 6842 69%
c i  0.08 19 30 1  13  306  172 56% 4 115763 6841 69%
c i  0.08 19 29 1  13  309  174 56% 4 115763 6840 69%
c i  0.08 19 29 1  13  313  177 56% 4 115763 6839 69%
c i  0.09 19 29 1  15  335  193 56% 4 115763 6838 69%
c i  0.09 19 28 1  21  371  209 55% 5 115763 6833 69%
c i  0.09 19 26 1  24  395  230 55% 5 115763 6832 69%
c i  0.09 19 26 1  24  396  230 55% 5 115763 6831 69%
c 
c  seconds  reductions  redundant  irredundant
c         MB    restarts       trail      variables
c          level   conflicts       glue        remaining
c 
c i  0.09 19 26 1  24  399  231 55% 5 115763 6830 69%
c i  0.09 19 28 1  29  432  252 54% 5 115763 6829 69%
c i  0.09 19 28 1  31  437  256 54% 5 115763 6828 69%
c i  0.09 19 27 1  39  495  282 54% 5 115763 6827 69%
c i  0.09 19 26 1  41  512  293 54% 5 115763 6826 69%
c i  0.09 19 26 1  41  515  295 54% 5 115763 6825 69%
c i  0.09 19 26 1  41  516  295 54% 5 115763 6824 69%
c i  0.09 19 26 1  41  517  295 54% 5 115763 6823 69%
c i  0.09 19 25 1  41  522  299 54% 5 115763 6822 69%
c i  0.09 19 25 1  41  529  305 53% 5 115763 6821 69%
c i  0.09 19 25 1  41  530  305 53% 5 115763 6820 69%
c i  0.09 19 25 1  41  531  305 53% 5 115763 6819 69%
c i  0.09 19 25 1  41  532  305 53% 5 115763 6818 69%
c i  0.09 19 25 1  41  537  309 53% 5 115763 6817 69%
c i  0.09 19 25 1  41  539  310 53% 5 115763 6816 69%
c i  0.10 19 25 1  41  540  310 53% 5 115763 6815 69%
c i  0.10 19 24 1  41  541  310 53% 5 115763 6814 69%
c i  0.10 19 24 1  41  542  310 53% 5 115763 6813 69%
c i  0.10 19 22 1  49  655  366 53% 5 115763 5739 58%
c i  0.10 19 22 1  49  656  366 52% 5 115763 5738 58%
c 
c  seconds  reductions  redundant  irredundant
c         MB    restarts       trail      variables
c          level   conflicts       glue        remaining
c 
c i  0.10 19 22 1  49  657  366 52% 5 115763 5737 58%
c i  0.10 19 22 1  49  658  366 52% 5 115763 5736 58%
c i  0.10 19 22 1  49  661  368 52% 5 115763 5735 58%
c i  0.10 19 21 1  49  664  369 53% 5 115763 5734 58%
c i  0.10 19 21 1  49  667  368 52% 5 115763 5733 58%
c i  0.10 19 21 1  49  668  368 52% 5 115763 5732 58%
c }  0.10 19 21 1  49  671  368 52% 5 115763 4876 49%
c 0  0.10 19 21 1  49  671  368 52% 5 115763 4876 49%
c 
c --- [ closing proof ] ------------------------------------------------------
c 
c DRAT proof file '/tmp/conway99-seven-profile-rank5_56_profile_0003-mX8zuS/proof.drat' closed
c DRAT 7087 added clauses 11.16%
c DRAT 56413 deleted clauses 88.84%
c DRAT 1651961 bytes (1.58 MB)
c 
c --- [ result ] -------------------------------------------------------------
c 
s UNSATISFIABLE
c 
c --- [ run-time profiling ] -------------------------------------------------
c 
c process time taken by individual solving procedures
c (percentage relative to process time for solving)
c 
c         0.06  160.78% parse
c         0.04   98.01% search
c         0.04   94.94% unstable
c         0.00    3.01% lucky
c         0.00    0.00% simplify
c   =================================
c         0.04   38.06% solve
c 
c last line shows process time for solving
c (percentage relative to total process time)
c 
c --- [ statistics ] ---------------------------------------------------------
c 
c chronological:               334        49.78 %  of conflicts
c conflicts:                   671     17498.11    per second
c decisions:                  2591     67567.22    per second
c fixed:                      4996        50.61 %  of all variables
c learned:                     597        88.97 %  per conflict
c learned_lits:              31460       100.00 %  learned literals
c minimized:                     0         0.00 %  learned literals
c shrunken:                  17410        55.34 %  learned literals
c minishrunken:               2161         6.87 %  learned literals
c otfs:                         10         1.49 %  of conflict
c propagations:             375687         9.80 M  per second
c restarts:                     49        13.69    interval
c subsumed:                    135         0.11 %  of all clauses
c strengthened:                  9         0.01 %  of all clauses
c trail reuses:                  0         0.00 %  of incremental calls
c 
c seconds are measured in process time for solving
c 
c --- [ resources ] ----------------------------------------------------------
c 
c total process time since initialization:         0.10    seconds
c total real time since initialization:            0.77    seconds
c maximum resident set size of process:           20.25    MB
c 
c --- [ shutting down ] ------------------------------------------------------
c 
c exit 20
