c --- [ banner ] -------------------------------------------------------------
c 
c CaDiCaL SAT Solver
c Copyright (c) 2016-2023 A. Biere, M. Fleury, N. Froleyks, K. Fazekas, F. Pollitt
c 
c Version 1.9.5 146207318796f094dcded87349a64f0c6927309e
c g++ (Ubuntu 13.3.0-6ubuntu2~24.04.1) 13.3.0 -Wall -Wextra -O3 -DNDEBUG
c Wed Sep 30 06:02:32 JST 2026 Linux ikutoPC 6.6.87.2-microsoft-standard-WSL2 x86_64
c 
c --- [ limit ] --------------------------------------------------------------
c 
c setting conflict limit to 1000000 conflicts (due to '1000000')
c 
c --- [ proof tracing ] ------------------------------------------------------
c 
c opening file to write '/tmp/conway99-exact-eight-0032-MVkpt5/proof.drat'
c writing non-binary proof trace to '/tmp/conway99-exact-eight-0032-MVkpt5/proof.drat'
c 
c --- [ parsing input ] ------------------------------------------------------
c 
c reading DIMACS file from '/mnt/c/Users/ikuto/projects/conway-99-graph/acceleration/results/20260930_exact_eight_next32_continuation_cnfs/case_0032/instance.cnf'
c opening file to read '/mnt/c/Users/ikuto/projects/conway-99-graph/acceleration/results/20260930_exact_eight_next32_continuation_cnfs/case_0032/instance.cnf'
c found 'p cnf 9748 167416' header
c parsed 167416 clauses in 0.06 seconds process time
c 
c --- [ options ] ------------------------------------------------------------
c 
c   --binary=false                 (different from default 'true')
c 
c --- [ solving ] ------------------------------------------------------------
c 
c time measured in process time since initialization
c 
c  seconds  reductions  redundant  irredundant
c         MB    restarts       trail      variables
c          level   conflicts       glue        remaining
c 
c *  0.06 17  0 0   0    0    0  0% 0 117492 6820 70%
c {  0.06 18  0 0   0    0    0  0% 0 117492 6820 70%
c i  0.07 18 20 0   0   61   14 41% 6 117492 6819 70%
c i  0.07 18 16 0   0  119   32 41% 3 117492 6783 70%
c i  0.07 18 25 0  12  201   89 49% 5 117492 6782 70%
c i  0.07 18 20 0  13  255  138 50% 5 117492 6781 70%
c -  0.08 18 18 1  13  302  153 51% 4 115623 6781 70%
c i  0.08 18 15 1  18  415  227 52% 4 115623 6779 70%
c i  0.08 18 15 1  18  442  244 52% 4 115623 6778 70%
c i  0.09 18 14 1  18  451  252 52% 4 115623 6777 70%
c i  0.09 18 14 1  18  462  256 52% 4 115623 6776 70%
c i  0.09 18 16 1  22  516  303 52% 5 115623 6775 70%
c i  0.09 18 16 1  27  531  317 52% 5 115623 6772 69%
c i  0.09 18 16 1  28  537  322 52% 4 115623 6771 69%
c i  0.09 18 15 1  28  617  380 52% 4 115623 6770 69%
c i  0.10 18 17 1  51  776  526 53% 5 115623 6769 69%
c i  0.10 18 17 1  59  815  548 53% 5 115623 6768 69%
c -  0.12 23 18 2  77  941  357 53% 5 115147 6768 69%
c }  0.12 23 18 2  89 1005  413 53% 5 115147 6768 69%
c [  0.12 23  0 2  89 1005  413  0% 0 115147 6768 69%
c 
c  seconds  reductions  redundant  irredundant
c         MB    restarts       trail      variables
c          level   conflicts       glue        remaining
c 
c O  0.12 23  1 2  89 1006  414 49% 1 115147 6768 69%
c i  0.12 23 54 2  89 1059  459 59% 12 115147 6767 69%
c i  0.14 23 36 2  89 1453  737 58% 10 115147 6765 69%
c i  0.14 23 38 2  89 1504  787 58% 10 115147 6763 69%
c i  0.14 23 37 2  89 1507  789 58% 10 115147 6761 69%
c i  0.14 23 37 2  89 1520  801 58% 11 115147 6759 69%
c -  0.17 25 34 3  89 1897  779 59% 11 114849 6759 69%
c i  0.20 25 32 3  90 2643 1366 59% 12 114849 6758 69%
c i  0.21 25 31 3  90 2815 1475 59% 13 114849 6757 69%
c i  0.21 25 31 3  90 2859 1509 59% 13 114849 6756 69%
c i  0.22 25 30 3  90 2995 1581 59% 12 114849 6755 69%
c ]  0.23 24 30 3  90 3005  554 37% 12 114663 6755 69%
c {  0.23 24 18 3  90 3005  554 77% 5 114663 6755 69%
c F  0.23 24 18 3  91 3007  555 77% 5 114663 6755 69%
c i  0.23 24 18 3  91 3007  555 77% 5 114663 6671 68%
c i  0.23 24 18 3  94 3020  563 76% 5 114663 6670 68%
c -  0.24 28 19 4 116 3169  540 71% 5 110950 6670 68%
c i  0.24 28 19 4 116 3208  560 70% 5 110950 6669 68%
c i  0.25 28 20 4 118 3257  604 69% 6 110950 6667 68%
c i  0.25 28 20 4 125 3281  624 68% 6 110950 6666 68%
c 
c  seconds  reductions  redundant  irredundant
c         MB    restarts       trail      variables
c          level   conflicts       glue        remaining
c 
c i  0.26 28 20 4 158 3482  759 63% 6 110950 6663 68%
c i  0.26 28 19 4 158 3522  787 63% 6 110950 6662 68%
c i  0.26 28 19 4 163 3607  863 61% 6 110950 6661 68%
c i  0.27 28 21 4 206 3873 1044 58% 7 110950 6659 68%
c i  0.27 28 21 4 206 3874 1044 58% 7 110950 6658 68%
c i  0.29 28 20 4 224 4203 1276 55% 6 110950 6657 68%
c i  0.30 28 20 4 238 4440 1474 53% 6 110950 6656 68%
c i  0.30 28 21 4 244 4473 1504 53% 6 110950 6655 68%
c i  0.31 28 20 4 256 4734 1692 52% 6 110950 6653 68%
c -  0.32 28 20 5 256 4736 1048 52% 6 110376 6653 68%
c i  0.32 28 21 5 270 4876 1150 51% 6 110376 6650 68%
c i  0.32 28 20 5 271 4886 1156 51% 6 110376 6649 68%
c i  0.33 28 20 5 271 4980 1218 50% 6 110376 6647 68%
c d  0.33 28 20 5 271 5001 1150 50% 6 109753 6473 66%
c d  0.33 28 20 5 271 5001 1150 50% 6 109741 6467 66%
c 2  0.34 28 20 5 271 5001 1163 50% 6 109741 6467 66%
c p  0.41 30 20 5 271 5001 104326 50% 6 109741 6202 64%
c d  0.41 30 20 5 271 5001 77885 50% 6 98293 6183 63%
c d  0.42 30 20 5 271 5001 77882 50% 6 97823 5948 61%
c i  0.43 30 20 5 320 5376 78166 48% 7 97823 5947 61%
c 
c  seconds  reductions   redundant  irredundant
c         MB    restarts        trail     variables
c          level   conflicts        glue       remaining
c 
c i  0.43 30 20 5 320 5389 78175 48% 7 97823 5946 61%
c i  0.44 30 20 5 333 5556 78267 48% 7 97823 5906 61%
c i  0.45 30 20 5 340 5690 78385 47% 7 97823 5905 61%
c i  0.45 30 20 5 340 5691 78385 47% 7 97823 5890 60%
c i  0.45 30 20 5 340 5724 78410 47% 7 97823 5857 60%
c i  0.45 30 20 5 341 5764 78447 47% 7 97823 5856 60%
c i  0.45 30 20 5 341 5765 78447 47% 7 97823 5855 60%
c i  0.45 30 20 5 341 5769 78450 47% 7 97823 5854 60%
c i  0.45 30 20 5 341 5773 78453 47% 7 97823 5853 60%
c i  0.45 30 20 5 341 5776 78455 47% 7 97823 5852 60%
c i  0.45 30 20 5 341 5782 78460 47% 7 97823 5851 60%
c i  0.45 30 20 5 341 5791 78468 47% 7 97823 5850 60%
c i  0.46 30 20 5 341 5854 78529 46% 6 97823 5849 60%
c i  0.46 30 20 5 346 5913 78570 46% 6 97823 5848 60%
c i  0.46 30 20 5 346 5917 78572 46% 6 97823 5847 60%
c i  0.46 30 20 5 346 5928 78581 46% 6 97823 5846 60%
c i  0.46 30 20 5 346 5947 78597 46% 6 97823 5845 60%
c i  0.46 30 20 5 346 5960 78609 46% 6 97823 5844 60%
c i  0.46 30 20 5 346 5978 78623 46% 6 97823 5843 60%
c #  0.46 30 20 5 346 6008 78653 46% 6 97823 5843 60%
c 
c  seconds  reductions   redundant  irredundant
c         MB    restarts        trail     variables
c          level   conflicts        glue       remaining
c 
c i  0.47 30 20 5 352 6100 78709 46% 6 97823 5785 59%
c i  0.47 30 19 5 355 6143 78731 46% 6 97823 5784 59%
c i  0.47 30 19 5 369 6250 78803 45% 6 97823 5774 59%
c i  0.47 30 19 5 369 6267 78809 45% 6 97823 5773 59%
c i  0.47 30 19 5 369 6271 78812 45% 6 97823 5772 59%
c i  0.47 30 19 5 369 6275 78815 45% 6 97823 5771 59%
c i  0.47 30 19 5 369 6276 78815 45% 6 97823 5770 59%
c i  0.48 30 19 5 369 6353 78859 45% 6 97823 5769 59%
c i  0.48 30 19 5 372 6380 78883 45% 6 97823 5768 59%
c i  0.48 30 20 5 388 6458 78951 45% 7 97823 5767 59%
c i  0.48 30 20 5 390 6463 78955 45% 7 97823 5766 59%
c i  0.48 30 19 5 393 6475 78966 45% 7 97823 5765 59%
c i  0.48 30 19 5 393 6476 78966 45% 7 97823 5764 59%
c i  0.48 30 19 5 393 6477 78966 45% 7 97823 5763 59%
c i  0.48 30 19 5 393 6479 78966 45% 7 97823 5762 59%
c i  0.48 30 19 5 393 6488 78974 45% 6 97823 5761 59%
c i  0.48 30 19 5 393 6490 78975 45% 6 97823 5760 59%
c i  0.48 30 19 5 393 6497 78981 45% 6 97823 5759 59%
c i  0.48 30 19 5 393 6502 78984 45% 6 97823 5758 59%
c i  0.48 30 19 5 393 6508 78987 45% 6 97823 5757 59%
c 
c  seconds  reductions   redundant  irredundant
c         MB    restarts        trail     variables
c          level   conflicts        glue       remaining
c 
c i  0.49 30 19 5 393 6562 79030 45% 6 97823 5756 59%
c -  0.50 31 19 6 400 6613 5376 45% 6 91243 5756 59%
c i  0.51 31 19 6 421 6713 5444 44% 7 91243 5755 59%
c i  0.51 31 19 6 421 6715 5445 44% 7 91243 5754 59%
c i  0.51 31 19 6 423 6722 5451 44% 7 91243 5753 59%
c i  0.51 31 19 6 423 6728 5456 44% 7 91243 5752 59%
c i  0.51 31 19 6 423 6730 5457 44% 7 91243 5751 59%
c i  0.51 31 19 6 423 6740 5466 44% 6 91243 5750 59%
c i  0.51 31 19 6 423 6742 5467 44% 6 91243 5749 59%
c i  0.51 31 19 6 423 6743 5467 44% 6 91243 5748 59%
c }  0.52 31 19 6 450 7011 5664 44% 7 91243 5748 59%
c [  0.52 31 30 6 450 7011 5664 37% 12 91243 5748 59%
c i  0.53 31 28 6 451 7211 5791 35% 12 91243 5720 59%
c i  0.54 31 28 6 451 7254 5453 36% 12 89595 5719 59%
c i  0.54 31 29 6 451 7338 5517 33% 12 89595 5718 59%
c i  0.54 31 29 6 451 7371 5540 33% 12 89595 5717 59%
c i  0.55 31 27 6 451 7675 5791 31% 11 89595 5002 51%
c ]  0.56 31 27 6 451 7705 5805 31% 11 89595 3821 39%
c 0  0.56 31 27 6 451 7705 5805 31% 11 89595 3821 39%
c 
c --- [ closing proof ] ------------------------------------------------------
c 
c DRAT proof file '/tmp/conway99-exact-eight-0032-MVkpt5/proof.drat' closed
c DRAT 125880 added clauses 39.55%
c DRAT 192402 deleted clauses 60.45%
c DRAT 7645483 bytes (7.29 MB)
c 
c --- [ result ] -------------------------------------------------------------
c 
s UNSATISFIABLE
c 
c --- [ run-time profiling ] -------------------------------------------------
c 
c process time taken by individual solving procedures
c (percentage relative to process time for solving)
c 
c         0.40   81.18% search
c         0.26   51.89% unstable
c         0.14   29.05% stable
c         0.09   18.69% simplify
c         0.07   13.94% probe
c         0.06   12.69% parse
c         0.01    1.38% ternary
c         0.00    0.23% lucky
c   =================================
c         0.49   88.56% solve
c 
c last line shows process time for solving
c (percentage relative to total process time)
c 
c --- [ statistics ] ---------------------------------------------------------
c 
c chronological:              3438        44.62 %  of conflicts
c conflicts:                  7705     15640.16    per second
c decisions:                 29943     60780.45    per second
c fixed:                      5493        56.35 %  of all variables
c learned:                    7113        92.32 %  per conflict
c learned_lits:             427279       100.00 %  learned literals
c minimized:                     0         0.00 %  learned literals
c shrunken:                 245335        57.42 %  learned literals
c minishrunken:              33690         7.88 %  learned literals
c otfs:                         36         0.47 %  of conflict
c propagations:            4953862        10.06 M  per second
c reduced:                     448         5.81 %  per conflict
c rephased:                      3      2568.33    interval
c restarts:                    451        17.08    interval
c stabilizing:                   2        34.95 %  of conflicts
c substituted:                 434         4.45 %  of all variables
c subsumed:                   1335         0.58 %  of all clauses
c strengthened:                 35         0.02 %  of all clauses
c ternary:                      16         0.23 %  of resolved
c trail reuses:                  0         0.00 %  of incremental calls
c weakened:                    868         2.00    average size
c 
c seconds are measured in process time for solving
c 
c --- [ resources ] ----------------------------------------------------------
c 
c total process time since initialization:         0.56    seconds
c total real time since initialization:            1.20    seconds
c maximum resident set size of process:           31.33    MB
c 
c --- [ shutting down ] ------------------------------------------------------
c 
c exit 20
