c --- [ banner ] -------------------------------------------------------------
c 
c CaDiCaL SAT Solver
c Copyright (c) 2016-2023 A. Biere, M. Fleury, N. Froleyks, K. Fazekas, F. Pollitt
c 
c Version 1.9.5 146207318796f094dcded87349a64f0c6927309e
c g++ (Ubuntu 13.3.0-6ubuntu2~24.04.1) 13.3.0 -Wall -Wextra -O3 -DNDEBUG
c Wed Sep 30 06:02:32 JST 2026 Linux ikutoPC 6.6.87.2-microsoft-standard-WSL2 x86_64
c 
c --- [ limit ] --------------------------------------------------------------
c 
c setting conflict limit to 1000000 conflicts (due to '1000000')
c 
c --- [ proof tracing ] ------------------------------------------------------
c 
c opening file to write '/tmp/conway99-second-eight-count-profile-aKR59I/proof.drat'
c writing non-binary proof trace to '/tmp/conway99-second-eight-count-profile-aKR59I/proof.drat'
c 
c --- [ parsing input ] ------------------------------------------------------
c 
c reading DIMACS file from '/mnt/c/Users/ikuto/projects/conway-99-graph/acceleration/results/20260930_eight_count_profile_lift_second/instance.cnf'
c opening file to read '/mnt/c/Users/ikuto/projects/conway-99-graph/acceleration/results/20260930_eight_count_profile_lift_second/instance.cnf'
c found 'p cnf 9532 162124' header
c parsed 162124 clauses in 0.06 seconds process time
c 
c --- [ options ] ------------------------------------------------------------
c 
c   --binary=false                 (different from default 'true')
c 
c --- [ solving ] ------------------------------------------------------------
c 
c time measured in process time since initialization
c 
c  seconds  reductions  redundant  irredundant
c         MB    restarts       trail      variables
c          level   conflicts       glue        remaining
c 
c 0  0.06 17  0 0   0    0    0  0% 0 111930 6563 69%
c 
c --- [ closing proof ] ------------------------------------------------------
c 
c DRAT proof file '/tmp/conway99-second-eight-count-profile-aKR59I/proof.drat' closed
c DRAT 3763 added clauses 6.87%
c DRAT 50987 deleted clauses 93.13%
c DRAT 1269209 bytes (1.21 MB)
c 
c --- [ result ] -------------------------------------------------------------
c 
s UNSATISFIABLE
c 
c --- [ run-time profiling ] -------------------------------------------------
c 
c process time taken by individual solving procedures
c (percentage relative to process time for solving)
c 
c         0.06 7455.03% parse
c         0.00    0.00% search
c         0.00    0.00% simplify
c   =================================
c         0.00    1.31% solve
c 
c last line shows process time for solving
c (percentage relative to total process time)
c 
c --- [ statistics ] ---------------------------------------------------------
c 
c fixed:                      2969        31.15 %  of all variables
c minimized:                     0         0.00 %  learned literals
c shrunken:                      0         0.00 %  learned literals
c minishrunken:                  0         0.00 %  learned literals
c propagations:               2969         3.73 M  per second
c trail reuses:                  0         0.00 %  of incremental calls
c 
c seconds are measured in process time for solving
c 
c --- [ resources ] ----------------------------------------------------------
c 
c total process time since initialization:         0.06    seconds
c total real time since initialization:            0.67    seconds
c maximum resident set size of process:           16.82    MB
c 
c --- [ shutting down ] ------------------------------------------------------
c 
c exit 20
