c --- [ banner ] -------------------------------------------------------------
c 
c CaDiCaL SAT Solver
c Copyright (c) 2016-2023 A. Biere, M. Fleury, N. Froleyks, K. Fazekas, F. Pollitt
c 
c Version 1.9.5 146207318796f094dcded87349a64f0c6927309e
c g++ (Ubuntu 13.3.0-6ubuntu2~24.04.1) 13.3.0 -Wall -Wextra -O3 -DNDEBUG
c Wed Sep 30 06:02:32 JST 2026 Linux ikutoPC 6.6.87.2-microsoft-standard-WSL2 x86_64
c 
c --- [ limit ] --------------------------------------------------------------
c 
c setting conflict limit to 1000000 conflicts (due to '1000000')
c 
c --- [ proof tracing ] ------------------------------------------------------
c 
c opening file to write '/tmp/conway99-seven-profile-rank5_144_profile_0000-oqzjv4/proof.drat'
c writing non-binary proof trace to '/tmp/conway99-seven-profile-rank5_144_profile_0000-oqzjv4/proof.drat'
c 
c --- [ parsing input ] ------------------------------------------------------
c 
c reading DIMACS file from '/mnt/c/Users/ikuto/projects/conway-99-graph/acceleration/results/20260930_hadamard_seven_remaining_cnfs/run01/rank5_144_profile_0000/instance.cnf'
c opening file to read '/mnt/c/Users/ikuto/projects/conway-99-graph/acceleration/results/20260930_hadamard_seven_remaining_cnfs/run01/rank5_144_profile_0000/instance.cnf'
c found 'p cnf 9880 170650' header
c parsed 170650 clauses in 0.07 seconds process time
c 
c --- [ options ] ------------------------------------------------------------
c 
c   --binary=false                 (different from default 'true')
c 
c --- [ solving ] ------------------------------------------------------------
c 
c time measured in process time since initialization
c 
c  seconds  reductions  redundant  irredundant
c         MB    restarts       trail      variables
c          level   conflicts       glue        remaining
c 
c *  0.07 17  0 0   0    0    0  0% 0 120750 6954 70%
c {  0.07 18  0 0   0    0    0  0% 0 120750 6954 70%
c i  0.07 18 13 0   1   94   63 46% 4 120750 6953 70%
c i  0.07 18 13 0   3  112   75 46% 5 120750 6952 70%
c i  0.07 18 15 0  12  145   90 47% 6 120750 6951 70%
c i  0.07 18 15 0  12  170  113 47% 6 120750 6950 70%
c i  0.07 18 16 0  12  173  115 47% 6 120750 6949 70%
c i  0.08 19 17 0  18  263  177 49% 6 120750 6947 70%
c -  0.08 19 16 1  18  300  153 49% 5 120363 6947 70%
c i  0.08 19 15 1  18  311  158 49% 5 120363 6946 70%
c i  0.08 19 14 1  18  332  172 49% 5 120363 6942 70%
c i  0.09 19 14 1  18  390  217 49% 5 120363 6941 70%
c i  0.09 19 14 1  18  391  217 49% 5 120363 6938 70%
c i  0.09 19 14 1  18  402  227 49% 5 120363 6875 70%
c i  0.09 19 14 1  18  450  247 48% 5 120363 6874 70%
c i  0.09 19 13 1  18  469  262 48% 5 120363 5025 51%
c i  0.09 19 13 1  18  471  262 48% 5 120363 3789 38%
c }  0.09 19 13 1  18  474  263 48% 5 120363 3694 37%
c 0  0.09 19 13 1  18  474  263 48% 5 120363 3694 37%
c 
c --- [ closing proof ] ------------------------------------------------------
c 
c DRAT proof file '/tmp/conway99-seven-profile-rank5_144_profile_0000-oqzjv4/proof.drat' closed
c DRAT 7549 added clauses 12.81%
c DRAT 51386 deleted clauses 87.19%
c DRAT 1346757 bytes (1.28 MB)
c 
c --- [ result ] -------------------------------------------------------------
c 
s UNSATISFIABLE
c 
c --- [ run-time profiling ] -------------------------------------------------
c 
c process time taken by individual solving procedures
c (percentage relative to process time for solving)
c 
c         0.07  267.49% parse
c         0.02   96.34% search
c         0.02   90.62% unstable
c         0.00    5.63% lucky
c         0.00    0.00% simplify
c   =================================
c         0.02   26.97% solve
c 
c last line shows process time for solving
c (percentage relative to total process time)
c 
c --- [ statistics ] ---------------------------------------------------------
c 
c chronological:               226        47.68 %  of conflicts
c conflicts:                   474     19466.12    per second
c decisions:                  1524     62587.27    per second
c fixed:                      6186        62.61 %  of all variables
c learned:                     400        84.39 %  per conflict
c learned_lits:              14893       100.00 %  learned literals
c minimized:                     0         0.00 %  learned literals
c shrunken:                   7575        50.86 %  learned literals
c minishrunken:               1196         8.03 %  learned literals
c otfs:                          3         0.63 %  of conflict
c propagations:             236831         9.73 M  per second
c restarts:                     18        26.33    interval
c subsumed:                     68         0.06 %  of all clauses
c strengthened:                  3         0.00 %  of all clauses
c trail reuses:                  0         0.00 %  of incremental calls
c 
c seconds are measured in process time for solving
c 
c --- [ resources ] ----------------------------------------------------------
c 
c total process time since initialization:         0.09    seconds
c total real time since initialization:            0.70    seconds
c maximum resident set size of process:           19.44    MB
c 
c --- [ shutting down ] ------------------------------------------------------
c 
c exit 20
