c --- [ banner ] -------------------------------------------------------------
c 
c CaDiCaL SAT Solver
c Copyright (c) 2016-2023 A. Biere, M. Fleury, N. Froleyks, K. Fazekas, F. Pollitt
c 
c Version 1.9.5 146207318796f094dcded87349a64f0c6927309e
c g++ (Ubuntu 13.3.0-6ubuntu2~24.04.1) 13.3.0 -Wall -Wextra -O3 -DNDEBUG
c Wed Sep 30 06:02:32 JST 2026 Linux ikutoPC 6.6.87.2-microsoft-standard-WSL2 x86_64
c 
c --- [ limit ] --------------------------------------------------------------
c 
c setting conflict limit to 1000000 conflicts (due to '1000000')
c 
c --- [ proof tracing ] ------------------------------------------------------
c 
c opening file to write '/tmp/conway99-seven-profile-rank5_100_profile_0002-Ic7jWp/proof.drat'
c writing non-binary proof trace to '/tmp/conway99-seven-profile-rank5_100_profile_0002-Ic7jWp/proof.drat'
c 
c --- [ parsing input ] ------------------------------------------------------
c 
c reading DIMACS file from '/mnt/c/Users/ikuto/projects/conway-99-graph/acceleration/results/20260930_hadamard_seven_remaining_cnfs/run01/rank5_100_profile_0002/instance.cnf'
c opening file to read '/mnt/c/Users/ikuto/projects/conway-99-graph/acceleration/results/20260930_hadamard_seven_remaining_cnfs/run01/rank5_100_profile_0002/instance.cnf'
c found 'p cnf 9872 170454' header
c parsed 170454 clauses in 0.07 seconds process time
c 
c --- [ options ] ------------------------------------------------------------
c 
c   --binary=false                 (different from default 'true')
c 
c --- [ solving ] ------------------------------------------------------------
c 
c time measured in process time since initialization
c 
c  seconds  reductions  redundant  irredundant
c         MB    restarts       trail      variables
c          level   conflicts       glue        remaining
c 
c *  0.07 18  0 0   0    0    0  0% 0 120522 6945 70%
c {  0.07 18  0 0   0    0    0  0% 0 120522 6945 70%
c i  0.08 19 28 0   6  182  138 54% 5 120522 5937 60%
c i  0.08 19 27 0   6  190  143 54% 5 120522 5934 60%
c i  0.08 19 24 0   6  223  174 55% 5 120522 5933 60%
c i  0.08 19 24 0   6  226  176 55% 5 120522 5930 60%
c }  0.08 19 24 0   6  229  176 55% 5 120522 5083 51%
c 0  0.08 19 24 0   6  229  176 55% 5 120522 5083 51%
c 
c --- [ closing proof ] ------------------------------------------------------
c 
c DRAT proof file '/tmp/conway99-seven-profile-rank5_100_profile_0002-Ic7jWp/proof.drat' closed
c DRAT 5843 added clauses 10.31%
c DRAT 50809 deleted clauses 89.69%
c DRAT 1333349 bytes (1.27 MB)
c 
c --- [ result ] -------------------------------------------------------------
c 
s UNSATISFIABLE
c 
c --- [ run-time profiling ] -------------------------------------------------
c 
c process time taken by individual solving procedures
c (percentage relative to process time for solving)
c 
c         0.07  463.91% parse
c         0.01   94.31% search
c         0.01   89.24% unstable
c         0.00    4.92% lucky
c         0.00    0.00% simplify
c   =================================
c         0.01   17.56% solve
c 
c last line shows process time for solving
c (percentage relative to total process time)
c 
c --- [ statistics ] ---------------------------------------------------------
c 
c chronological:               115        50.22 %  of conflicts
c conflicts:                   229     15562.35    per second
c decisions:                  1204     81821.27    per second
c fixed:                      4789        48.51 %  of all variables
c learned:                     202        88.21 %  per conflict
c learned_lits:              13936       100.00 %  learned literals
c minimized:                     0         0.00 %  learned literals
c shrunken:                   2815        20.20 %  learned literals
c minishrunken:                858         6.16 %  learned literals
c otfs:                          4         1.75 %  of conflict
c propagations:             144361         9.81 M  per second
c restarts:                      6        38.17    interval
c subsumed:                     20         0.02 %  of all clauses
c strengthened:                  4         0.00 %  of all clauses
c trail reuses:                  0         0.00 %  of incremental calls
c 
c seconds are measured in process time for solving
c 
c --- [ resources ] ----------------------------------------------------------
c 
c total process time since initialization:         0.08    seconds
c total real time since initialization:            0.74    seconds
c maximum resident set size of process:           18.91    MB
c 
c --- [ shutting down ] ------------------------------------------------------
c 
c exit 20
