c --- [ banner ] -------------------------------------------------------------
c 
c CaDiCaL SAT Solver
c Copyright (c) 2016-2023 A. Biere, M. Fleury, N. Froleyks, K. Fazekas, F. Pollitt
c 
c Version 1.9.5 146207318796f094dcded87349a64f0c6927309e
c g++ (Ubuntu 13.3.0-6ubuntu2~24.04.1) 13.3.0 -Wall -Wextra -O3 -DNDEBUG
c Wed Sep 30 06:02:32 JST 2026 Linux ikutoPC 6.6.87.2-microsoft-standard-WSL2 x86_64
c 
c --- [ limit ] --------------------------------------------------------------
c 
c setting conflict limit to 1000000 conflicts (due to '1000000')
c 
c --- [ proof tracing ] ------------------------------------------------------
c 
c opening file to write '/tmp/conway99-exact-eight-next-lift-HU769h/proof.drat'
c writing non-binary proof trace to '/tmp/conway99-exact-eight-next-lift-HU769h/proof.drat'
c 
c --- [ parsing input ] ------------------------------------------------------
c 
c reading DIMACS file from '/mnt/c/Users/ikuto/projects/conway-99-graph/acceleration/results/20260930_exact_eight_next_lift/instance.cnf'
c opening file to read '/mnt/c/Users/ikuto/projects/conway-99-graph/acceleration/results/20260930_exact_eight_next_lift/instance.cnf'
c found 'p cnf 9748 167416' header
c parsed 167416 clauses in 0.07 seconds process time
c 
c --- [ options ] ------------------------------------------------------------
c 
c   --binary=false                 (different from default 'true')
c 
c --- [ solving ] ------------------------------------------------------------
c 
c time measured in process time since initialization
c 
c  seconds  reductions  redundant  irredundant
c         MB    restarts       trail      variables
c          level   conflicts       glue        remaining
c 
c *  0.07 17  0 0   0    0    0  0% 0 117552 6822 70%
c {  0.07 18  0 0   0    0    0  0% 0 117552 6822 70%
c i  0.08 18 28 0   4   46   42 52% 8 117552 6821 70%
c i  0.09 19 20 0  10  300  228 55% 6 117552 6820 70%
c -  0.09 19 20 1  10  300   84 55% 6 117388 6820 70%
c i  0.12 19 20 1  43  920  605 56% 6 117388 6819 70%
c -  0.13 24 19 2  43  941  507 56% 6 117341 6819 70%
c }  0.14 24 20 2  47 1000  560 56% 6 117341 6819 70%
c [  0.14 24  0 2  47 1000  560  0% 0 117341 6819 70%
c O  0.14 24 36 2  47 1002  561 53% 6 117341 6819 70%
c i  0.14 24 36 2  47 1002  561 53% 6 117341 6817 70%
c i  0.16 24 25 2  47 1398  887 55% 11 117341 6815 70%
c i  0.16 24 25 2  47 1399  887 55% 11 117341 6813 70%
c i  0.16 24 25 2  47 1422  907 55% 10 117341 6812 70%
c i  0.16 24 25 2  47 1423  907 56% 10 117341 6811 70%
c i  0.17 24 25 2  47 1609 1038 55% 10 117341 6810 70%
c i  0.17 24 26 2  47 1718 1133 56% 10 117341 6801 70%
c i  0.17 24 26 2  47 1720 1133 56% 10 117341 6800 70%
c i  0.17 24 26 2  47 1736 1148 55% 10 117341 6799 70%
c -  0.19 24 38 3  47 1903  896 55% 12 116529 6799 70%
c 
c  seconds  reductions  redundant   irredundant
c         MB    restarts       trail       variables
c          level   conflicts       glue         remaining
c 
c i  0.19 24 37 3  47 1920  903 55% 12 116529 6798 70%
c i  0.19 24 38 3  47 1940  917 55% 12 116529 6797 70%
c ]  0.24 24 47 3  48 3003 1759 53% 19 116529 6797 70%
c {  0.24 24 20 3  48 3003 1759 56% 6 116529 6797 70%
c F  0.25 24 20 3  49 3004 1706 32% 6 116435 6797 70%
c i  0.26 24 20 3  62 3136 1773 29% 6 116435 6796 70%
c -  0.27 24 20 4  62 3182 1489 28% 6 116388 6796 70%
c i  0.27 24 19 4  64 3321 1591 28% 6 116388 6795 70%
c i  0.28 24 19 4  65 3425 1657 29% 6 116388 6792 70%
c i  0.28 24 19 4  70 3517 1731 30% 6 116388 6791 70%
c i  0.29 24 19 4  90 3623 1799 30% 6 116388 6790 70%
c i  0.29 24 18 4  90 3761 1875 30% 6 116388 6789 70%
c i  0.29 24 18 4  90 3767 1880 30% 6 116388 6788 70%
c i  0.29 24 19 4  90 3769 1881 30% 6 116388 6787 70%
c i  0.29 24 21 4  90 3893 1987 31% 6 116388 6786 70%
c i  0.30 24 21 4 108 4070 2097 32% 6 116388 6785 70%
c i  0.31 24 20 4 120 4216 2191 32% 6 116388 6784 70%
c i  0.31 24 21 4 130 4282 2249 32% 6 116388 6783 70%
c i  0.32 24 21 4 168 4534 2431 32% 6 116388 6782 70%
c -  0.34 24 22 5 182 4784 1705 32% 6 115812 6782 70%
c 
c  seconds  reductions  redundant  irredundant
c         MB    restarts       trail      variables
c          level   conflicts       glue        remaining
c 
c i  0.35 24 22 5 195 4833 1752 32% 6 115812 6781 70%
c i  0.35 24 21 5 211 4988 1837 33% 6 115812 6780 70%
c d  0.36 24 21 5 211 5004 1801 33% 6 115570 6706 69%
c d  0.36 24 21 5 211 5004 1801 33% 6 115562 6702 69%
c 2  0.37 24 21 5 211 5004 1802 33% 6 115562 6701 69%
c p  0.43 25 21 5 211 5004 77767 33% 6 115562 6591 68%
c d  0.43 25 21 5 211 5004 76747 33% 6 110623 6578 67%
c d  0.43 25 21 5 211 5004 76744 33% 6 110427 6480 66%
c i  0.44 25 21 5 211 5015 76747 33% 6 110427 6479 66%
c i  0.44 25 21 5 211 5016 76747 33% 6 110427 6478 66%
c i  0.44 25 21 5 211 5017 76747 33% 6 110427 6477 66%
c i  0.44 25 21 5 211 5018 76747 33% 6 110427 6476 66%
c i  0.44 25 21 5 211 5019 76747 33% 6 110427 6475 66%
c i  0.44 25 21 5 211 5020 76747 33% 6 110427 6474 66%
c i  0.44 25 21 5 211 5021 76747 33% 6 110427 6472 66%
c i  0.44 25 21 5 211 5022 76747 33% 6 110427 6471 66%
c i  0.44 25 21 5 211 5023 76747 33% 6 110427 6470 66%
c i  0.44 25 21 5 211 5024 76747 33% 6 110427 6469 66%
c i  0.44 25 21 5 211 5025 76747 33% 6 110427 6468 66%
c i  0.44 25 21 5 211 5026 76747 33% 6 110427 6467 66%
c 
c  seconds  reductions   redundant  irredundant
c         MB    restarts        trail      variables
c          level   conflicts        glue        remaining
c 
c i  0.44 25 21 5 211 5027 76747 33% 6 110427 6466 66%
c i  0.44 25 21 5 211 5028 76747 33% 6 110427 6464 66%
c i  0.44 25 21 5 211 5029 76747 33% 6 110427 6463 66%
c i  0.44 25 21 5 211 5030 76747 33% 6 110427 6462 66%
c i  0.44 25 21 5 211 5031 76747 33% 6 110427 6460 66%
c i  0.44 25 21 5 211 5032 76747 33% 6 110427 6459 66%
c i  0.44 25 21 5 211 5033 76747 33% 6 110427 6457 66%
c i  0.44 25 21 5 211 5034 76747 32% 6 110427 6456 66%
c i  0.44 25 21 5 211 5035 76747 32% 6 110427 6453 66%
c i  0.44 25 21 5 211 5036 76747 32% 6 110427 6449 66%
c i  0.44 25 21 5 211 5037 76747 32% 6 110427 6447 66%
c i  0.44 25 21 5 211 5038 76747 32% 6 110427 6446 66%
c i  0.44 25 21 5 211 5039 76747 32% 6 110427 6439 66%
c i  0.45 25 21 5 239 5424 77009 33% 6 110427 6438 66%
c i  0.48 25 22 5 296 5872 77273 34% 7 110427 6437 66%
c #  0.48 25 22 5 300 6005 77378 34% 7 110427 6437 66%
c i  0.50 25 22 5 337 6274 77556 34% 7 110427 6436 66%
c i  0.50 25 22 5 337 6298 77567 34% 7 110427 6435 66%
c i  0.51 25 23 5 349 6582 77740 34% 7 110427 6434 66%
c i  0.51 25 23 5 349 6594 77749 34% 7 110427 6433 66%
c 
c  seconds  reductions   redundant  irredundant
c         MB    restarts        trail      variables
c          level   conflicts        glue        remaining
c 
c i  0.51 25 23 5 354 6641 77786 34% 7 110427 6432 66%
c -  0.53 30 22 6 367 6698 6830 34% 7 108793 6432 66%
c i  0.53 30 22 6 367 6738 6847 34% 7 108793 6431 66%
c i  0.54 30 22 6 367 6811 6903 34% 7 108793 6430 66%
c i  0.54 30 22 6 376 6859 6948 34% 7 108793 6429 66%
c i  0.54 30 22 6 384 6979 7005 34% 7 108793 6428 66%
c }  0.55 30 22 6 387 7003 7027 34% 7 108793 6428 66%
c [  0.55 30 47 6 387 7003 7027 77% 19 108793 6428 66%
c i  0.55 30 47 6 387 7042 7058 76% 19 108793 6427 66%
c s  0.63 31 45 6 388 8216 7933 61% 18 106886 6427 66%
c v  0.64 31 45 6 388 8216 7933 61% 18 106872 6427 66%
c w  0.64 31 45 6 388 8216 7933 61% 18 106872 6427 66%
c t  0.65 31 45 6 388 8216 7933 61% 18 106872 6425 66%
c e  0.67 31 45 6 388 8216 6963 61% 18 105374 5362 55%
c s  0.68 31 45 6 388 8216 6940 61% 18 105374 5362 55%
c ]  0.71 31 44 6 388 8413 6551 36% 18 105374 3061 31%
c 0  0.71 31 44 6 388 8413 6551 36% 18 105374 3061 31%
c 
c --- [ closing proof ] ------------------------------------------------------
c 
c DRAT proof file '/tmp/conway99-exact-eight-next-lift-HU769h/proof.drat' closed
c DRAT 102580 added clauses 40.19%
c DRAT 152635 deleted clauses 59.81%
c DRAT 7346479 bytes (7.01 MB)
c 
c --- [ result ] -------------------------------------------------------------
c 
s UNSATISFIABLE
c 
c --- [ run-time profiling ] -------------------------------------------------
c 
c process time taken by individual solving procedures
c (percentage relative to process time for solving)
c 
c         0.49   76.50% search
c         0.29   45.07% unstable
c         0.20   31.15% stable
c         0.15   23.38% simplify
c         0.07   11.04% parse
c         0.06    8.94% probe
c         0.03    4.55% elim
c         0.02    2.90% subsume
c         0.01    1.87% vivify
c         0.01    1.14% ternary
c         0.00    0.27% lucky
c   =================================
c         0.64   89.97% solve
c 
c last line shows process time for solving
c (percentage relative to total process time)
c 
c --- [ statistics ] ---------------------------------------------------------
c 
c chronological:              3618        43.00 %  of conflicts
c conflicts:                  8413     13238.83    per second
c decisions:                 30140     47428.79    per second
c eliminated:                 1063        10.90 %  of all variables
c fixed:                      5435        55.76 %  of all variables
c learned:                    7707        91.61 %  per conflict
c learned_lits:             589875       100.00 %  learned literals
c minimized:                     0         0.00 %  learned literals
c shrunken:                 275195        46.65 %  learned literals
c minishrunken:              61749        10.47 %  learned literals
c otfs:                         44         0.52 %  of conflict
c propagations:            6486729        10.21 M  per second
c reduced:                    1310        15.57 %  per conflict
c rephased:                      3      2804.33    interval
c restarts:                    388        21.68    interval
c stabilizing:                   2        40.57 %  of conflicts
c substituted:                 189         1.94 %  of all variables
c subsumed:                   3469         1.66 %  of all clauses
c strengthened:                586         0.28 %  of all clauses
c ternary:                       1         0.02 %  of resolved
c trail reuses:                  0         0.00 %  of incremental calls
c vivified:                     20         0.01 %  of all clauses
c weakened:                   3533         2.29    average size
c 
c seconds are measured in process time for solving
c 
c --- [ resources ] ----------------------------------------------------------
c 
c total process time since initialization:         0.71    seconds
c total real time since initialization:            1.34    seconds
c maximum resident set size of process:           31.09    MB
c 
c --- [ shutting down ] ------------------------------------------------------
c 
c exit 20
