c --- [ banner ] -------------------------------------------------------------
c 
c CaDiCaL SAT Solver
c Copyright (c) 2016-2023 A. Biere, M. Fleury, N. Froleyks, K. Fazekas, F. Pollitt
c 
c Version 1.9.5 146207318796f094dcded87349a64f0c6927309e
c g++ (Ubuntu 13.3.0-6ubuntu2~24.04.1) 13.3.0 -Wall -Wextra -O3 -DNDEBUG
c Wed Sep 30 06:02:32 JST 2026 Linux ikutoPC 6.6.87.2-microsoft-standard-WSL2 x86_64
c 
c --- [ limit ] --------------------------------------------------------------
c 
c setting conflict limit to 1000000 conflicts (due to '1000000')
c 
c --- [ proof tracing ] ------------------------------------------------------
c 
c opening file to write '/tmp/conway99-seven-profile-rank5_13_profile_0001-dGoXA1/proof.drat'
c writing non-binary proof trace to '/tmp/conway99-seven-profile-rank5_13_profile_0001-dGoXA1/proof.drat'
c 
c --- [ parsing input ] ------------------------------------------------------
c 
c reading DIMACS file from '/mnt/c/Users/ikuto/projects/conway-99-graph/acceleration/results/20260930_hadamard_seven_remaining_cnfs/run01/rank5_13_profile_0001/instance.cnf'
c opening file to read '/mnt/c/Users/ikuto/projects/conway-99-graph/acceleration/results/20260930_hadamard_seven_remaining_cnfs/run01/rank5_13_profile_0001/instance.cnf'
c found 'p cnf 9872 170454' header
c parsed 170454 clauses in 0.07 seconds process time
c 
c --- [ options ] ------------------------------------------------------------
c 
c   --binary=false                 (different from default 'true')
c 
c --- [ solving ] ------------------------------------------------------------
c 
c time measured in process time since initialization
c 
c  seconds  reductions  redundant  irredundant
c         MB    restarts       trail      variables
c          level   conflicts       glue        remaining
c 
c *  0.07 17  0 0   0    0    0  0% 0 120522 6945 70%
c {  0.07 18  0 0   0    0    0  0% 0 120522 6945 70%
c i  0.07 18 17 0   0   13    8 42% 2 120522 6944 70%
c i  0.07 18 31 0   4   68   50 47% 6 120522 6943 70%
c i  0.08 18 26 0   5  102   71 48% 5 120522 6942 70%
c i  0.08 18 24 0  14  187  123 48% 6 120522 6941 70%
c i  0.08 18 23 0  14  188  123 48% 6 120522 6940 70%
c i  0.08 18 23 0  14  189  123 48% 6 120522 6939 70%
c -  0.09 19 21 1  24  300  207 51% 6 120111 6939 70%
c i  0.09 19 19 1  24  334  222 51% 6 120111 6938 70%
c i  0.10 19 20 1  28  491  320 52% 6 120111 6937 70%
c i  0.10 19 20 1  28  510  335 52% 6 120111 6936 70%
c i  0.10 19 23 1  30  555  369 52% 6 120111 6935 70%
c i  0.10 19 23 1  30  557  370 52% 6 120111 6812 69%
c i  0.10 19 22 1  30  558  370 52% 6 120111 6811 69%
c i  0.10 19 22 1  45  650  422 51% 6 120111 6810 69%
c i  0.10 19 22 1  51  679  444 51% 6 120111 6809 69%
c i  0.10 19 22 1  53  688  450 51% 6 120111 6808 69%
c i  0.10 19 21 1  53  721  456 52% 6 120111 6807 69%
c i  0.11 19 21 1  53  738  468 52% 6 120111 6806 69%
c 
c  seconds  reductions  redundant  irredundant
c         MB    restarts       trail      variables
c          level   conflicts       glue        remaining
c 
c -  0.12 24 21 2  78  947  484 52% 6 116756 6806 69%
c i  0.13 24 20 2  78  993  515 53% 6 116756 6805 69%
c }  0.13 24 20 2  78 1000  521 53% 6 116756 6805 69%
c [  0.13 24  0 2  78 1000  521  0% 0 116756 6805 69%
c O  0.13 24 20 2  78 1002  523 49% 4 116756 6805 69%
c i  0.13 24  5 2  78 1013  527 57% 2 116756 6803 69%
c i  0.13 24  6 2  78 1058  557 57% 3 116756 6802 69%
c i  0.14 24 47 2  78 1243  712 53% 19 116756 6801 69%
c i  0.14 24 47 2  78 1244  712 53% 19 116756 6800 69%
c i  0.14 24 47 2  78 1245  712 53% 19 116756 6793 69%
c i  0.14 24 47 2  78 1266  727 53% 19 116756 6792 69%
c i  0.14 24 47 2  78 1267  727 53% 19 116756 6791 69%
c i  0.14 24 45 2  78 1308  761 52% 18 116756 6790 69%
c i  0.15 24 39 2  78 1362  798 53% 16 116756 6789 69%
c i  0.15 24 39 2  78 1367  799 53% 16 116756 5740 58%
c ]  0.15 24 38 2  78 1374  804 53% 15 116756 4833 49%
c 0  0.15 24 38 2  78 1374  804 53% 15 116756 4833 49%
c 
c --- [ closing proof ] ------------------------------------------------------
c 
c DRAT proof file '/tmp/conway99-seven-profile-rank5_13_profile_0001-dGoXA1/proof.drat' closed
c DRAT 7805 added clauses 12.30%
c DRAT 55659 deleted clauses 87.70%
c DRAT 1713220 bytes (1.63 MB)
c 
c --- [ result ] -------------------------------------------------------------
c 
s UNSATISFIABLE
c 
c --- [ run-time profiling ] -------------------------------------------------
c 
c process time taken by individual solving procedures
c (percentage relative to process time for solving)
c 
c         0.08   99.03% search
c         0.07   87.71% parse
c         0.06   71.00% unstable
c         0.02   27.20% stable
c         0.00    0.75% lucky
c         0.00    0.00% simplify
c   =================================
c         0.08   52.93% solve
c 
c last line shows process time for solving
c (percentage relative to total process time)
c 
c --- [ statistics ] ---------------------------------------------------------
c 
c chronological:               622        45.27 %  of conflicts
c conflicts:                  1374     17345.42    per second
c decisions:                  5013     63284.27    per second
c fixed:                      5039        51.04 %  of all variables
c learned:                    1190        86.61 %  per conflict
c learned_lits:              65248       100.00 %  learned literals
c minimized:                     0         0.00 %  learned literals
c shrunken:                  35428        54.30 %  learned literals
c minishrunken:               4765         7.30 %  learned literals
c otfs:                         11         0.80 %  of conflict
c propagations:             782281         9.88 M  per second
c reduced:                      35         2.55 %  per conflict
c rephased:                      1      1374.00    interval
c restarts:                     78        17.62    interval
c stabilizing:                   1        27.22 %  of conflicts
c subsumed:                    216         0.18 %  of all clauses
c strengthened:                 11         0.01 %  of all clauses
c trail reuses:                  0         0.00 %  of incremental calls
c 
c seconds are measured in process time for solving
c 
c --- [ resources ] ----------------------------------------------------------
c 
c total process time since initialization:         0.15    seconds
c total real time since initialization:            0.87    seconds
c maximum resident set size of process:           23.94    MB
c 
c --- [ shutting down ] ------------------------------------------------------
c 
c exit 20
