c --- [ banner ] -------------------------------------------------------------
c 
c CaDiCaL SAT Solver
c Copyright (c) 2016-2023 A. Biere, M. Fleury, N. Froleyks, K. Fazekas, F. Pollitt
c 
c Version 1.9.5 146207318796f094dcded87349a64f0c6927309e
c g++ (Ubuntu 13.3.0-6ubuntu2~24.04.1) 13.3.0 -Wall -Wextra -O3 -DNDEBUG
c Wed Sep 30 06:02:32 JST 2026 Linux ikutoPC 6.6.87.2-microsoft-standard-WSL2 x86_64
c 
c --- [ limit ] --------------------------------------------------------------
c 
c setting conflict limit to 1000000 conflicts (due to '1000000')
c 
c --- [ proof tracing ] ------------------------------------------------------
c 
c opening file to write '/tmp/conway99-seven-profile-rank5_183_profile_0001-bqsGZL/proof.drat'
c writing non-binary proof trace to '/tmp/conway99-seven-profile-rank5_183_profile_0001-bqsGZL/proof.drat'
c 
c --- [ parsing input ] ------------------------------------------------------
c 
c reading DIMACS file from '/mnt/c/Users/ikuto/projects/conway-99-graph/acceleration/results/20260930_hadamard_seven_remaining_cnfs/run02/rank5_183_profile_0001/instance.cnf'
c opening file to read '/mnt/c/Users/ikuto/projects/conway-99-graph/acceleration/results/20260930_hadamard_seven_remaining_cnfs/run02/rank5_183_profile_0001/instance.cnf'
c found 'p cnf 9898 171091' header
c parsed 171091 clauses in 0.07 seconds process time
c 
c --- [ options ] ------------------------------------------------------------
c 
c   --binary=false                 (different from default 'true')
c 
c --- [ solving ] ------------------------------------------------------------
c 
c time measured in process time since initialization
c 
c  seconds  reductions  redundant  irredundant
c         MB    restarts       trail      variables
c          level   conflicts       glue        remaining
c 
c *  0.07 17  0 0   0    0    0  0% 0 121259 6983 71%
c {  0.07 18  0 0   0    0    0  0% 0 121259 6983 71%
c i  0.07 18  3 0   0    3    2 32% 1 121259 6982 71%
c i  0.07 18 33 0   0   13    8 46% 4 121259 6965 70%
c i  0.07 18 46 0   2   41   34 51% 7 121259 6936 70%
c i  0.08 19 16 0   6  240  186 56% 5 121259 6935 70%
c -  0.09 19 17 1  11  301  104 55% 5 119131 6935 70%
c i  0.10 19 20 1  50  660  368 54% 6 119131 6934 70%
c -  0.13 24 19 2  81  948  594 54% 6 119095 6934 70%
c }  0.13 24 19 2  89 1000  631 54% 6 119095 6934 70%
c [  0.13 24  0 2  89 1000  631  0% 0 119095 6934 70%
c O  0.13 24 55 2  89 1004  635 58% 3 119095 6934 70%
c i  0.17 24 28 2  89 1909 1314 49% 16 119095 6933 70%
c -  0.18 24 29 3  89 1918  334 49% 16 119052 6933 70%
c i  0.18 24 35 3  89 1984  391 49% 18 119052 6932 70%
c i  0.19 24 44 3  90 2145  521 49% 21 119052 6931 70%
c i  0.20 24 47 3  90 2301  624 48% 22 119052 6930 70%
c ]  0.23 24 54 3  90 3000 1182 49% 25 119052 6930 70%
c {  0.23 24 19 3  90 3000 1182 54% 6 119052 6930 70%
c F  0.24 23 19 3  90 3005 1185 19% 6 118901 6930 70%
c 
c  seconds  reductions  redundant  irredundant
c         MB    restarts       trail      variables
c          level   conflicts       glue        remaining
c 
c i  0.24 23 19 3  90 3056 1218 27% 6 118901 6929 70%
c i  0.24 23 19 3  90 3069 1230 29% 6 118901 6928 70%
c i  0.25 23 18 3  98 3188 1314 33% 6 118901 6927 70%
c -  0.26 24 19 4 102 3210 1118 33% 6 118762 6927 70%
c i  0.27 24 19 4 157 3560 1353 26% 6 118762 6926 70%
c i  0.27 24 18 4 157 3581 1369 27% 6 118762 6925 70%
c i  0.27 24 18 4 157 3600 1382 27% 6 118762 6924 70%
c i  0.27 24 18 4 157 3601 1382 27% 6 118762 6923 70%
c i  0.27 24 18 4 157 3602 1382 27% 6 118762 6922 70%
c i  0.27 24 18 4 157 3603 1382 27% 6 118762 6921 70%
c i  0.27 24 18 4 157 3605 1383 27% 6 118762 6920 70%
c i  0.27 24 18 4 157 3606 1383 27% 6 118762 6919 70%
c i  0.27 24 18 4 157 3608 1384 27% 6 118762 6918 70%
c i  0.27 24 18 4 157 3609 1384 27% 6 118762 6917 70%
c i  0.27 24 18 4 157 3610 1384 27% 6 118762 6916 70%
c i  0.27 24 18 4 157 3613 1386 27% 6 118762 6915 70%
c i  0.27 24 18 4 157 3632 1400 27% 6 118762 6914 70%
c i  0.27 24 18 4 157 3634 1401 27% 6 118762 6912 70%
c i  0.27 24 18 4 157 3636 1402 27% 6 118762 6910 70%
c i  0.27 24 19 4 164 3707 1464 27% 6 118762 6909 70%
c 
c  seconds  reductions  redundant  irredundant
c         MB    restarts       trail      variables
c          level   conflicts       glue        remaining
c 
c i  0.28 24 19 4 177 3874 1587 27% 6 118762 6907 70%
c i  0.29 24 20 4 216 4073 1739 28% 7 118762 6906 70%
c i  0.29 24 20 4 216 4080 1745 28% 7 118762 6905 70%
c i  0.30 24 20 4 244 4379 1923 29% 7 118762 6904 70%
c i  0.30 24 20 4 244 4416 1937 29% 7 118762 6903 70%
c -  0.33 24 20 5 307 4822 1302 29% 7 117799 6903 70%
c i  0.33 24 21 5 310 4880 1344 29% 7 117799 6902 70%
c d  0.34 24 21 5 332 5004 1450 30% 7 117545 6798 69%
c d  0.35 24 21 5 332 5004 1450 30% 7 117543 6797 69%
c 2  0.35 24 21 5 332 5004 1452 30% 7 117543 6796 69%
c p  0.42 26 21 5 332 5004 92340 30% 7 117543 6744 68%
c d  0.43 27 21 5 332 5004 87406 30% 7 115272 6729 68%
c d  0.43 27 21 5 332 5004 87406 30% 7 115182 6684 68%
c i  0.43 27 21 5 334 5032 87428 30% 7 115182 6683 68%
c i  0.44 27 22 5 343 5112 87498 30% 8 115182 6682 68%
c i  0.45 27 21 5 348 5315 87655 31% 7 115182 6681 67%
c i  0.45 27 21 5 354 5415 87715 31% 7 115182 6680 67%
c i  0.47 27 21 5 386 5705 87972 31% 7 115182 6679 67%
c i  0.47 27 21 5 386 5716 87982 31% 7 115182 6656 67%
c i  0.47 27 22 5 386 5761 88009 31% 7 115182 6632 67%
c 
c  seconds  reductions   redundant  irredundant
c         MB    restarts        trail      variables
c          level   conflicts        glue        remaining
c 
c i  0.48 27 22 5 389 5909 88128 32% 7 115182 6631 67%
c i  0.48 27 22 5 390 5946 88151 32% 7 115182 6629 67%
c i  0.48 27 22 5 390 5947 88151 32% 7 115182 6628 67%
c #  0.48 27 23 5 392 6008 88208 32% 7 115182 6628 67%
c i  0.49 27 22 5 401 6256 88372 32% 7 115182 6625 67%
c i  0.50 27 22 5 401 6291 88393 32% 7 115182 6600 67%
c i  0.50 27 22 5 401 6300 88398 32% 7 115182 6599 67%
c i  0.50 27 22 5 401 6405 88485 32% 7 115182 6597 67%
c i  0.52 27 22 5 431 6647 88646 32% 7 115182 6596 67%
c i  0.52 27 22 5 433 6696 88684 32% 7 115182 6595 67%
c -  0.54 32 22 6 438 6750 6398 32% 7 112521 6595 67%
c i  0.54 32 22 6 440 6843 6467 32% 7 112521 6594 67%
c }  0.55 32 22 6 465 7000 6594 32% 7 112521 6594 67%
c [  0.55 32 54 6 465 7000 6594 70% 25 112521 6594 67%
c i  0.56 32 50 6 466 7247 6772 65% 23 112521 6591 67%
c i  0.56 32 51 6 466 7292 6808 64% 23 112521 6590 67%
c i  0.60 32 43 6 466 8227 7502 52% 20 112521 6589 67%
c s  0.61 33 43 6 466 8237 7448 52% 20 110649 6589 67%
c v  0.62 33 43 6 466 8237 7448 52% 20 110601 6589 67%
c w  0.63 33 43 6 466 8237 7442 52% 20 110601 6589 67%
c 
c  seconds  reductions  redundant   irredundant
c         MB    restarts       trail       variables
c          level   conflicts       glue         remaining
c 
c t  0.64 33 43 6 466 8237 7442 52% 20 110600 6589 67%
c e  0.66 33 43 6 466 8237 6658 52% 20 109145 5474 55%
c s  0.66 33 43 6 466 8237 6649 52% 20 109145 5474 55%
c e  0.67 33 43 6 466 8237 6649 52% 20 109128 5473 55%
c -  0.71 33 39 7 466 8961 3236 25% 18 109128 5473 55%
c i  0.71 33 39 7 466 8981 3247 25% 18 109128 5472 55%
c i  0.71 33 39 7 466 9007 3260 25% 18 109128 5346 54%
c i  0.72 33 38 7 466 9233 3414 25% 18 109128 5317 54%
c i  0.73 33 36 7 467 9500 3617 26% 17 109128 5316 54%
c i  0.73 33 36 7 467 9504 3619 26% 17 109128 5250 53%
c i  0.73 33 36 7 467 9554 3658 26% 17 109128 5195 52%
c i  0.73 33 36 7 467 9567 3668 26% 17 109128 4782 48%
c i  0.73 33 36 7 467 9578 3675 26% 17 109128 4781 48%
c ]  0.73 33 36 7 467 9586 3679 26% 17 109128 3622 37%
c 0  0.73 33 36 7 467 9586 3679 26% 17 109128 3622 37%
c 
c --- [ closing proof ] ------------------------------------------------------
c 
c DRAT proof file '/tmp/conway99-seven-profile-rank5_183_profile_0001-bqsGZL/proof.drat' closed
c DRAT 117739 added clauses 40.77%
c DRAT 171027 deleted clauses 59.23%
c DRAT 7988582 bytes (7.62 MB)
c 
c --- [ result ] -------------------------------------------------------------
c 
s UNSATISFIABLE
c 
c --- [ run-time profiling ] -------------------------------------------------
c 
c process time taken by individual solving procedures
c (percentage relative to process time for solving)
c 
c         0.51   76.63% search
c         0.29   43.97% unstable
c         0.22   32.47% stable
c         0.15   23.26% simplify
c         0.07    9.92% parse
c         0.06    9.73% probe
c         0.03    4.04% elim
c         0.02    2.79% subsume
c         0.01    1.78% vivify
c         0.01    1.08% ternary
c         0.00    0.19% lucky
c   =================================
c         0.67   90.89% solve
c 
c last line shows process time for solving
c (percentage relative to total process time)
c 
c --- [ statistics ] ---------------------------------------------------------
c 
c chronological:              4167        43.47 %  of conflicts
c conflicts:                  9586     14406.57    per second
c decisions:                 31869     47895.15    per second
c eliminated:                 1116        11.28 %  of all variables
c fixed:                      4995        50.46 %  of all variables
c learned:                    8862        92.45 %  per conflict
c learned_lits:             647693       100.00 %  learned literals
c minimized:                     0         0.00 %  learned literals
c shrunken:                 368633        56.91 %  learned literals
c minishrunken:              49654         7.67 %  learned literals
c otfs:                         52         0.54 %  of conflict
c propagations:            7070653        10.63 M  per second
c reduced:                    1291        13.47 %  per conflict
c rephased:                      3      3195.33    interval
c restarts:                    467        20.53    interval
c stabilizing:                   2        47.84 %  of conflicts
c substituted:                 165         1.67 %  of all variables
c subsumed:                   3645         1.60 %  of all clauses
c strengthened:                620         0.27 %  of all clauses
c ternary:                       3         0.04 %  of resolved
c trail reuses:                  0         0.00 %  of incremental calls
c vivified:                     55         0.02 %  of all clauses
c weakened:                   3635         2.30    average size
c 
c seconds are measured in process time for solving
c 
c --- [ resources ] ----------------------------------------------------------
c 
c total process time since initialization:         0.73    seconds
c total real time since initialization:            1.37    seconds
c maximum resident set size of process:           32.92    MB
c 
c --- [ shutting down ] ------------------------------------------------------
c 
c exit 20
