c --- [ banner ] -------------------------------------------------------------
c 
c CaDiCaL SAT Solver
c Copyright (c) 2016-2023 A. Biere, M. Fleury, N. Froleyks, K. Fazekas, F. Pollitt
c 
c Version 1.9.5 146207318796f094dcded87349a64f0c6927309e
c g++ (Ubuntu 13.3.0-6ubuntu2~24.04.1) 13.3.0 -Wall -Wextra -O3 -DNDEBUG
c Wed Sep 30 06:02:32 JST 2026 Linux ikutoPC 6.6.87.2-microsoft-standard-WSL2 x86_64
c 
c --- [ limit ] --------------------------------------------------------------
c 
c setting conflict limit to 1000000 conflicts (due to '1000000')
c 
c --- [ proof tracing ] ------------------------------------------------------
c 
c opening file to write '/tmp/conway99-profile-051-M7aegt/proof.drat'
c writing non-binary proof trace to '/tmp/conway99-profile-051-M7aegt/proof.drat'
c 
c --- [ parsing input ] ------------------------------------------------------
c 
c reading DIMACS file from '/mnt/c/Users/ikuto/projects/conway-99-graph/acceleration/results/20260930_hadamard_four_profile_cnfs/case_051/instance.cnf'
c opening file to read '/mnt/c/Users/ikuto/projects/conway-99-graph/acceleration/results/20260930_hadamard_four_profile_cnfs/case_051/instance.cnf'
c found 'p cnf 10564 187408' header
c parsed 187408 clauses in 0.08 seconds process time
c 
c --- [ options ] ------------------------------------------------------------
c 
c   --binary=false                 (different from default 'true')
c 
c --- [ solving ] ------------------------------------------------------------
c 
c time measured in process time since initialization
c 
c  seconds  reductions  redundant  irredundant
c         MB    restarts       trail      variables
c          level   conflicts       glue        remaining
c 
c *  0.08 19  0 0   0    0    0  0% 0 138154 7750 73%
c {  0.08 20  0 0   0    0    0  0% 0 138154 7750 73%
c -  0.10 21 18 1  17  304  214 54% 6 138094 7750 73%
c i  0.10 21 18 1  17  305  214 54% 6 138094 7749 73%
c i  0.10 21 18 1  17  307  213 54% 6 138094 7748 73%
c i  0.11 21 20 1  40  471  306 54% 7 138094 7747 73%
c i  0.11 21 19 1  40  491  323 54% 7 138094 7746 73%
c i  0.11 21 19 1  40  495  324 54% 6 138094 7745 73%
c i  0.13 21 18 1  58  874  570 54% 6 138094 7744 73%
c -  0.15 27 18 2  64  995  481 54% 7 137803 7744 73%
c }  0.15 27 18 2  65 1002  488 54% 7 137803 7744 73%
c [  0.15 27  0 2  65 1002  488  0% 0 137803 7744 73%
c O  0.15 27  4 2  65 1003  489 74% 4 137803 7744 73%
c i  0.20 27 52 2  65 1787 1094 61% 16 137803 7743 73%
c i  0.20 27 52 2  65 1794 1098 61% 16 137803 7742 73%
c i  0.20 27 52 2  65 1809 1111 61% 16 137803 7741 73%
c i  0.20 27 52 2  65 1815 1111 61% 16 137803 7734 73%
c -  0.22 28 48 3  65 2022 1107 60% 17 137603 7734 73%
c i  0.26 27 40 3  66 2362 1372 44% 15 137603 7732 73%
c i  0.26 27 40 3  66 2377 1385 43% 15 137603 7731 73%
c 
c  seconds  reductions  redundant   irredundant
c         MB    restarts       trail       variables
c          level   conflicts       glue         remaining
c 
c i  0.26 27 40 3  66 2419 1420 43% 14 137603 7730 73%
c i  0.29 27 39 3  66 2833 1755 40% 14 137603 7729 73%
c i  0.29 27 39 3  66 2901 1810 39% 14 137603 7728 73%
c ]  0.30 27 41 3  66 3003 1895 39% 15 137603 7728 73%
c {  0.30 27 18 3  66 3003 1895 73% 7 137603 7728 73%
c F  0.30 27 18 3  67 3004 1896 73% 7 137603 7728 73%
c i  0.30 27 18 3  70 3016 1906 73% 7 137603 7726 73%
c i  0.30 27 17 3  71 3060 1922 71% 6 137603 7725 73%
c -  0.33 27 19 4  99 3388 1094 63% 7 137271 7725 73%
c i  0.34 27 19 4  99 3605 1285 60% 7 137271 7724 73%
c i  0.34 27 19 4 100 3682 1341 59% 7 137271 7723 73%
c i  0.37 27 21 4 156 4221 1707 53% 7 137271 7722 73%
c i  0.37 27 21 4 156 4224 1709 53% 7 137271 7719 73%
c i  0.38 27 20 4 156 4314 1776 53% 7 137271 7718 73%
c i  0.38 27 20 4 156 4367 1824 52% 7 137271 7717 73%
c i  0.38 27 20 4 156 4368 1824 52% 7 137271 7649 72%
c i  0.40 27 21 4 182 4732 2087 51% 7 137271 7648 72%
c d  0.42 27 21 4 197 5003 1784 50% 7 133992 7601 72%
c d  0.43 27 21 4 197 5003 1784 50% 7 133870 7540 71%
c p  0.50 28 21 4 197 5003 77104 50% 7 133870 7435 70%
c 
c  seconds  reductions   redundant  irredundant
c         MB    restarts        trail      variables
c          level   conflicts        glue        remaining
c 
c d  0.50 28 21 4 197 5003 75753 50% 7 130269 7416 70%
c d  0.51 28 21 4 197 5003 75753 50% 7 130161 7362 70%
c i  0.52 28 21 4 206 5084 75814 50% 7 130161 7361 70%
c -  0.53 28 21 5 207 5096 2390 50% 7 130115 7361 70%
c #  0.58 28 21 5 278 6007 3056 47% 7 130115 7361 70%
c i  0.58 28 21 5 279 6020 3067 47% 7 130115 7336 69%
c i  0.61 28 21 5 346 6587 3499 45% 7 130115 7301 69%
c i  0.63 28 21 5 383 6982 3811 45% 7 130115 7300 69%
c }  0.63 28 21 5 384 7004 3833 45% 7 130115 7300 69%
c [  0.63 28 41 5 384 7004 3833 39% 15 130115 7300 69%
c -  0.65 33 42 6 384 7101 2885 40% 15 128738 7300 69%
c s  0.74 34 58 6 385 8314 3766 38% 21 126889 7300 69%
c v  0.75 34 58 6 385 8314 3766 38% 21 126869 7300 69%
c w  0.76 34 58 6 385 8314 3765 38% 21 126869 7300 69%
c t  0.77 34 58 6 385 8314 3765 38% 21 126867 7299 69%
c e  0.79 34 58 6 385 8314 3140 38% 21 125394 6073 57%
c s  0.80 34 58 6 385 8314 3133 38% 21 125394 6073 57%
c ^  0.80 34 58 6 385 8314 3133 38% 21 125394 6073 57%
c -  0.89 39 56 7 386 9433 3449 42% 21 125394 6073 57%
c I  0.93 39 54 7 386 10008 3947 41% 20 125394 6073 57%
c 
c  seconds  reductions   redundant   irredundant
c         MB    restarts        trail       variables
c          level    conflicts       glue         remaining
c 
c -  1.08 34 56 8 388 12072 4390 40% 22 125394 6073 57%
c ]  1.29 34 49 8 389 15007 6842 41% 19 125394 6073 57%
c {  1.29 34 21 8 389 15007 6842 57% 7 125394 6073 57%
c 2  1.30 34 21 8 390 15007 6845 57% 7 125394 6050 57%
c p  1.36 34 21 8 390 15007 94706 57% 7 125394 5964 56%
c d  1.38 34 21 8 390 15007 76682 57% 7 120335 5958 56%
c d  1.38 34 21 8 390 15007 76682 57% 7 120287 5934 56%
c B  1.38 34 21 8 390 15010 76685 57% 7 120287 5934 56%
c -  1.41 39 21 9 396 15040 5410 57% 7 120287 5934 56%
c i  1.41 39 21 9 404 15162 5519 57% 7 120287 5933 56%
c i  1.42 39 21 9 411 15258 5567 56% 7 120287 5932 56%
c i  1.43 39 21 9 431 15512 5759 56% 7 120287 5295 50%
c i  1.46 34 21 9 434 15736 3032 32% 7 95202 5294 50%
c i  1.46 34 21 9 434 15737 3032 32% 7 95202 5293 50%
c i  1.47 34 21 9 453 15911 3174 32% 7 95202 5292 50%
c i  1.48 34 20 9 462 16284 3442 35% 7 95202 5291 50%
c i  1.49 34 20 9 469 16453 3556 35% 7 95202 5290 50%
c i  1.51 34 20 9 476 16810 3842 34% 7 95202 5289 50%
c i  1.52 34 20 9 511 17065 3998 33% 7 95202 5269 50%
c i  1.52 34 20 9 511 17066 3998 33% 7 95202 5268 50%
c 
c  seconds  reductions   redundant  irredundant
c         MB    restarts        trail     variables
c          level    conflicts       glue       remaining
c 
c }  1.52 34 20 9 511 17115 4025 33% 7 95202 4523 43%
c 0  1.52 34 20 9 511 17115 4025 33% 7 95202 4523 43%
c 
c --- [ closing proof ] ------------------------------------------------------
c 
c DRAT proof file '/tmp/conway99-profile-051-M7aegt/proof.drat' closed
c DRAT 204322 added clauses 41.51%
c DRAT 287894 deleted clauses 58.49%
c DRAT 19402131 bytes (18.50 MB)
c 
c --- [ result ] -------------------------------------------------------------
c 
s UNSATISFIABLE
c 
c --- [ run-time profiling ] -------------------------------------------------
c 
c process time taken by individual solving procedures
c (percentage relative to process time for solving)
c 
c         1.18   82.02% search
c         0.73   50.63% stable
c         0.45   31.21% unstable
c         0.26   17.93% simplify
c         0.13    8.77% probe
c         0.08    5.27% parse
c         0.03    1.87% elim
c         0.02    1.36% subsume
c         0.02    1.15% ternary
c         0.01    0.91% vivify
c         0.00    0.18% lucky
c   =================================
c         1.44   94.94% solve
c 
c last line shows process time for solving
c (percentage relative to total process time)
c 
c --- [ statistics ] ---------------------------------------------------------
c 
c chronological:              6841        39.97 %  of conflicts
c conflicts:                 17115     11855.04    per second
c decisions:                 51549     35706.42    per second
c eliminated:                 1222        11.57 %  of all variables
c fixed:                      4608        43.62 %  of all variables
c learned:                   15917        93.00 %  per conflict
c learned_lits:            1690910       100.00 %  learned literals
c minimized:                     0         0.00 %  learned literals
c shrunken:                 573101        33.89 %  learned literals
c minishrunken:             309118        18.28 %  learned literals
c otfs:                         69         0.40 %  of conflict
c propagations:           13153648         9.11 M  per second
c reduced:                    4061        23.73 %  per conflict
c rephased:                      5      3423.00    interval
c restarts:                    511        33.49    interval
c stabilizing:                   2        58.45 %  of conflicts
c substituted:                 211         2.00 %  of all variables
c subsumed:                   4486         1.38 %  of all clauses
c strengthened:                471         0.14 %  of all clauses
c ternary:                      83         1.02 %  of resolved
c trail reuses:                  0         0.00 %  of incremental calls
c vivified:                     23         0.01 %  of all clauses
c weakened:                   4114         2.29    average size
c 
c seconds are measured in process time for solving
c 
c --- [ resources ] ----------------------------------------------------------
c 
c total process time since initialization:         1.52    seconds
c total real time since initialization:            2.17    seconds
c maximum resident set size of process:           39.19    MB
c 
c --- [ shutting down ] ------------------------------------------------------
c 
c exit 20
