c --- [ banner ] -------------------------------------------------------------
c 
c CaDiCaL SAT Solver
c Copyright (c) 2016-2023 A. Biere, M. Fleury, N. Froleyks, K. Fazekas, F. Pollitt
c 
c Version 1.9.5 146207318796f094dcded87349a64f0c6927309e
c g++ (Ubuntu 13.3.0-6ubuntu2~24.04.1) 13.3.0 -Wall -Wextra -O3 -DNDEBUG
c Wed Sep 30 06:02:32 JST 2026 Linux ikutoPC 6.6.87.2-microsoft-standard-WSL2 x86_64
c 
c --- [ limit ] --------------------------------------------------------------
c 
c setting conflict limit to 1000000 conflicts (due to '1000000')
c 
c --- [ proof tracing ] ------------------------------------------------------
c 
c opening file to write '/tmp/conway99-seven-profile-rank5_176_profile_0001-nAEFXe/proof.drat'
c writing non-binary proof trace to '/tmp/conway99-seven-profile-rank5_176_profile_0001-nAEFXe/proof.drat'
c 
c --- [ parsing input ] ------------------------------------------------------
c 
c reading DIMACS file from '/mnt/c/Users/ikuto/projects/conway-99-graph/acceleration/results/20260930_hadamard_seven_remaining_cnfs/run01/rank5_176_profile_0001/instance.cnf'
c opening file to read '/mnt/c/Users/ikuto/projects/conway-99-graph/acceleration/results/20260930_hadamard_seven_remaining_cnfs/run01/rank5_176_profile_0001/instance.cnf'
c found 'p cnf 9872 170454' header
c parsed 170454 clauses in 0.07 seconds process time
c 
c --- [ options ] ------------------------------------------------------------
c 
c   --binary=false                 (different from default 'true')
c 
c --- [ solving ] ------------------------------------------------------------
c 
c time measured in process time since initialization
c 
c  seconds  reductions  redundant  irredundant
c         MB    restarts       trail      variables
c          level   conflicts       glue        remaining
c 
c *  0.07 18  0 0   0    0    0  0% 0 120522 6945 70%
c {  0.07 18  0 0   0    0    0  0% 0 120522 6945 70%
c -  0.09 19 17 1  12  300  264 55% 4 120444 6945 70%
c i  0.09 19 17 1  12  306  266 55% 4 120444 6944 70%
c i  0.09 19 18 1  12  324  280 54% 4 120444 6940 70%
c i  0.09 19 18 1  12  325  280 54% 4 120444 6939 70%
c i  0.09 19 18 1  12  354  306 54% 4 120444 6904 70%
c i  0.09 19 18 1  12  394  340 54% 4 120444 6799 69%
c i  0.10 19 16 1  12  623  528 53% 4 120444 6798 69%
c i  0.10 19 16 1  13  637  539 53% 4 120444 6797 69%
c i  0.10 19 17 1  16  655  554 53% 4 120444 6788 69%
c i  0.11 19 18 1  18  692  588 52% 4 120444 6787 69%
c i  0.11 19 18 1  18  693  588 52% 4 120444 6786 69%
c i  0.11 19 18 1  18  694  588 52% 4 120444 6783 69%
c i  0.11 19 18 1  18  695  588 52% 4 120444 6782 69%
c i  0.11 19 20 1  20  775  625 53% 4 120444 6781 69%
c i  0.11 19 19 1  27  811  652 52% 4 120444 6780 69%
c i  0.11 19 19 1  27  816  653 52% 4 120444 6779 69%
c i  0.11 19 19 1  30  855  682 53% 4 120444 6778 69%
c i  0.11 19 19 1  30  856  682 53% 4 120444 6777 69%
c 
c  seconds  reductions  redundant  irredundant
c         MB    restarts       trail      variables
c          level   conflicts       glue        remaining
c 
c i  0.11 19 19 1  31  857  682 53% 4 120444 6776 69%
c i  0.11 19 19 1  31  858  682 53% 4 120444 6775 69%
c i  0.11 19 19 1  31  859  682 53% 4 120444 6774 69%
c i  0.11 19 19 1  32  860  682 53% 4 120444 6773 69%
c i  0.11 19 19 1  32  861  682 53% 4 120444 6772 69%
c i  0.11 19 19 1  32  864  684 52% 4 120444 6771 69%
c i  0.11 19 19 1  33  865  684 52% 4 120444 6770 69%
c i  0.11 19 19 1  33  866  684 52% 4 120444 6769 69%
c i  0.11 19 19 1  33  867  684 52% 4 120444 6768 69%
c i  0.11 19 19 1  34  868  684 52% 4 120444 6767 69%
c i  0.11 19 19 1  34  869  684 52% 4 120444 6766 69%
c i  0.11 19 19 1  35  934  739 53% 4 120444 6726 68%
c i  0.12 19 19 1  35  942  740 53% 4 120444 6720 68%
c i  0.12 19 19 1  35  944  741 53% 4 120444 6719 68%
c -  0.13 24 19 2  35  948  512 53% 4 110890 6719 68%
c i  0.13 24 18 2  35  960  520 53% 4 110890 5771 58%
c i  0.13 24 18 2  35  961  520 53% 4 110890 5641 57%
c i  0.13 24 18 2  35  962  520 53% 4 110890 5640 57%
c i  0.13 24 18 2  35  964  521 53% 4 110890 5639 57%
c i  0.13 24 18 2  35  966  521 53% 4 110890 5533 56%
c 
c  seconds  reductions  redundant  irredundant
c         MB    restarts       trail      variables
c          level   conflicts       glue        remaining
c 
c }  0.13 24 18 2  35  969  522 53% 4 110890 5063 51%
c 0  0.13 24 18 2  35  969  522 53% 4 110890 5063 51%
c 
c --- [ closing proof ] ------------------------------------------------------
c 
c DRAT proof file '/tmp/conway99-seven-profile-rank5_176_profile_0001-nAEFXe/proof.drat' closed
c DRAT 7984 added clauses 11.37%
c DRAT 62216 deleted clauses 88.63%
c DRAT 1926657 bytes (1.84 MB)
c 
c --- [ result ] -------------------------------------------------------------
c 
s UNSATISFIABLE
c 
c --- [ run-time profiling ] -------------------------------------------------
c 
c process time taken by individual solving procedures
c (percentage relative to process time for solving)
c 
c         0.07  115.99% parse
c         0.06   98.87% search
c         0.06   96.97% unstable
c         0.00    1.86% lucky
c         0.00    0.00% simplify
c   =================================
c         0.06   46.05% solve
c 
c last line shows process time for solving
c (percentage relative to total process time)
c 
c --- [ statistics ] ---------------------------------------------------------
c 
c chronological:               531        54.80 %  of conflicts
c conflicts:                   969     16384.85    per second
c decisions:                  3543     59908.69    per second
c fixed:                      4809        48.71 %  of all variables
c learned:                     875        90.30 %  per conflict
c learned_lits:              42314       100.00 %  learned literals
c minimized:                     0         0.00 %  learned literals
c shrunken:                  20130        47.57 %  learned literals
c minishrunken:               4384        10.36 %  learned literals
c otfs:                          9         0.93 %  of conflict
c propagations:             515166         8.71 M  per second
c reduced:                      15         1.55 %  per conflict
c restarts:                     35        27.69    interval
c subsumed:                     79         0.07 %  of all clauses
c strengthened:                  9         0.01 %  of all clauses
c trail reuses:                  0         0.00 %  of incremental calls
c 
c seconds are measured in process time for solving
c 
c --- [ resources ] ----------------------------------------------------------
c 
c total process time since initialization:         0.13    seconds
c total real time since initialization:            0.75    seconds
c maximum resident set size of process:           23.92    MB
c 
c --- [ shutting down ] ------------------------------------------------------
c 
c exit 20
