c --- [ banner ] -------------------------------------------------------------
c 
c CaDiCaL SAT Solver
c Copyright (c) 2016-2023 A. Biere, M. Fleury, N. Froleyks, K. Fazekas, F. Pollitt
c 
c Version 1.9.5 146207318796f094dcded87349a64f0c6927309e
c g++ (Ubuntu 13.3.0-6ubuntu2~24.04.1) 13.3.0 -Wall -Wextra -O3 -DNDEBUG
c Wed Sep 30 06:02:32 JST 2026 Linux ikutoPC 6.6.87.2-microsoft-standard-WSL2 x86_64
c 
c --- [ limit ] --------------------------------------------------------------
c 
c setting conflict limit to 1000000 conflicts (due to '1000000')
c 
c --- [ proof tracing ] ------------------------------------------------------
c 
c opening file to write '/tmp/conway99-seven-profile-rank5_17_profile_0000-hCh0zG/proof.drat'
c writing non-binary proof trace to '/tmp/conway99-seven-profile-rank5_17_profile_0000-hCh0zG/proof.drat'
c 
c --- [ parsing input ] ------------------------------------------------------
c 
c reading DIMACS file from '/mnt/c/Users/ikuto/projects/conway-99-graph/acceleration/results/20260930_hadamard_seven_remaining_cnfs/run02/rank5_17_profile_0000/instance.cnf'
c opening file to read '/mnt/c/Users/ikuto/projects/conway-99-graph/acceleration/results/20260930_hadamard_seven_remaining_cnfs/run02/rank5_17_profile_0000/instance.cnf'
c found 'p cnf 9880 170650' header
c parsed 170650 clauses in 0.07 seconds process time
c 
c --- [ options ] ------------------------------------------------------------
c 
c   --binary=false                 (different from default 'true')
c 
c --- [ solving ] ------------------------------------------------------------
c 
c time measured in process time since initialization
c 
c  seconds  reductions  redundant  irredundant
c         MB    restarts       trail      variables
c          level   conflicts       glue        remaining
c 
c *  0.07 17  0 0   0    0    0  0% 0 120722 6954 70%
c {  0.07 18  0 0   0    0    0  0% 0 120722 6954 70%
c i  0.08 18 25 0   1   63   46 54% 4 120722 6921 70%
c i  0.08 18 21 0   1   81   54 54% 4 120722 6890 70%
c i  0.09 18 17 0   6  236  167 54% 4 120722 6889 70%
c -  0.09 19 20 1  16  300   83 54% 5 117676 6889 70%
c i  0.09 19 21 1  19  315   97 54% 5 117676 6888 70%
c i  0.10 19 20 1  27  421  188 54% 5 117676 6887 70%
c i  0.10 19 20 1  28  422  188 54% 5 117676 6886 70%
c i  0.10 19 19 1  32  449  198 54% 5 117676 6885 70%
c i  0.11 19 20 1  65  664  359 53% 5 117676 6884 70%
c i  0.11 19 19 1  65  665  359 53% 5 117676 6883 70%
c i  0.11 19 19 1  66  678  367 53% 5 117676 6882 70%
c i  0.11 19 19 1  66  679  367 53% 5 117676 6881 70%
c i  0.11 19 19 1  66  680  367 53% 5 117676 6880 70%
c i  0.11 19 19 1  67  683  369 53% 5 117676 6879 70%
c i  0.11 19 19 1  67  684  369 53% 5 117676 6878 70%
c i  0.11 19 19 1  67  685  369 53% 5 117676 6877 70%
c i  0.11 19 19 1  70  702  384 53% 5 117676 6876 70%
c i  0.11 19 19 1  70  703  384 53% 5 117676 6871 70%
c 
c  seconds  reductions  redundant  irredundant
c         MB    restarts       trail      variables
c          level   conflicts       glue        remaining
c 
c i  0.12 19 22 1  72  752  415 53% 6 117676 6813 69%
c i  0.12 19 23 1  85  881  486 53% 6 117676 6806 69%
c i  0.12 19 23 1  88  902  502 52% 6 117676 6805 69%
c i  0.12 19 23 1  89  903  502 52% 6 117676 6804 69%
c i  0.12 19 23 1  89  907  505 52% 6 117676 6803 69%
c i  0.12 19 23 1  94  940  528 52% 6 117676 6802 69%
c -  0.13 23 23 2  94  942  312 52% 6 113925 6802 69%
c }  0.14 23 22 2 103 1000  355 52% 6 113925 6802 69%
c [  0.14 23  0 2 103 1000  355  0% 0 113925 6802 69%
c O  0.14 23 11 2 103 1002  356 57% 2 113925 6802 69%
c i  0.14 23 11 2 103 1002  356 57% 2 113925 6801 69%
c i  0.14 23  6 2 103 1004  357 54% 1 113925 6800 69%
c i  0.14 23  5 2 103 1005  357 53% 1 113925 6799 69%
c i  0.14 23  4 2 103 1008  357 52% 1 113925 6798 69%
c i  0.14 23  3 2 103 1009  357 50% 1 113925 6797 69%
c i  0.14 23  3 2 103 1010  357 49% 1 113925 6796 69%
c i  0.14 23  3 2 103 1011  357 49% 1 113925 6791 69%
c i  0.14 23  9 2 103 1062  401 60% 3 113925 6790 69%
c i  0.14 23  8 2 103 1067  400 60% 3 113925 6789 69%
c i  0.15 23 53 2 103 1158  485 56% 13 113925 6788 69%
c 
c  seconds  reductions  redundant   irredundant
c         MB    restarts       trail       variables
c          level   conflicts       glue         remaining
c 
c i  0.15 23 53 2 103 1186  502 55% 14 113925 6787 69%
c i  0.16 23 67 2 103 1372  647 54% 22 113925 6786 69%
c i  0.16 23 65 2 103 1391  660 54% 22 113925 6785 69%
c i  0.16 23 62 2 103 1452  710 54% 21 113925 6782 69%
c i  0.18 23 55 2 103 1753  976 55% 17 113925 6780 69%
c i  0.18 23 52 2 103 1855 1062 55% 16 113925 6779 69%
c i  0.19 23 52 2 103 1871 1070 55% 16 113925 6778 69%
c i  0.19 23 51 2 103 1874 1070 55% 16 113925 6776 69%
c -  0.19 24 51 3 103 1892  966 55% 16 112947 6776 69%
c i  0.19 24 51 3 103 1893  966 55% 16 112947 6774 69%
c i  0.19 24 51 3 103 1894  966 55% 16 112947 6773 69%
c i  0.20 24 48 3 103 1965 1028 55% 15 112947 6772 69%
c i  0.20 24 50 3 103 1997 1053 55% 15 112947 6771 69%
c i  0.23 23 47 3 104 2200 1227 32% 15 112759 6770 69%
c i  0.23 23 45 3 104 2280 1294 32% 14 112759 5883 60%
c i  0.23 23 45 3 104 2283 1295 32% 14 112759 5881 60%
c i  0.23 23 45 3 104 2284 1295 32% 14 112759 5801 59%
c i  0.23 23 45 3 104 2285 1295 32% 14 112759 5800 59%
c i  0.23 23 44 3 104 2301 1302 33% 14 112759 5788 59%
c i  0.23 23 44 3 104 2310 1302 33% 14 112759 5783 59%
c 
c  seconds  reductions  redundant   irredundant
c         MB    restarts       trail       variables
c          level   conflicts       glue         remaining
c 
c i  0.23 23 44 3 104 2317 1307 33% 14 112759 5782 59%
c i  0.23 23 44 3 104 2328 1316 33% 14 112759 5781 59%
c ]  0.24 23 43 3 104 2355 1323 34% 14 112759 5091 52%
c 0  0.24 23 43 3 104 2355 1323 34% 14 112759 5091 52%
c 
c --- [ closing proof ] ------------------------------------------------------
c 
c DRAT proof file '/tmp/conway99-seven-profile-rank5_17_profile_0000-hCh0zG/proof.drat' closed
c DRAT 9748 added clauses 13.68%
c DRAT 61526 deleted clauses 86.32%
c DRAT 2367485 bytes (2.26 MB)
c 
c --- [ result ] -------------------------------------------------------------
c 
s UNSATISFIABLE
c 
c --- [ run-time profiling ] -------------------------------------------------
c 
c process time taken by individual solving procedures
c (percentage relative to process time for solving)
c 
c         0.16   99.55% search
c         0.10   60.28% stable
c         0.07   44.26% parse
c         0.06   38.81% unstable
c         0.00    0.43% lucky
c         0.00    0.00% simplify
c   =================================
c         0.16   69.10% solve
c 
c last line shows process time for solving
c (percentage relative to total process time)
c 
c --- [ statistics ] ---------------------------------------------------------
c 
c chronological:              1184        50.28 %  of conflicts
c conflicts:                  2355     14416.54    per second
c decisions:                  9222     56454.08    per second
c fixed:                      4789        48.47 %  of all variables
c learned:                    2164        91.89 %  per conflict
c learned_lits:             148633       100.00 %  learned literals
c minimized:                     0         0.00 %  learned literals
c shrunken:                  55994        37.67 %  learned literals
c minishrunken:              23423        15.76 %  learned literals
c otfs:                         28         1.19 %  of conflict
c propagations:            1356341         8.30 M  per second
c reduced:                      81         3.44 %  per conflict
c rephased:                      1      2355.00    interval
c restarts:                    104        22.64    interval
c stabilizing:                   1        57.49 %  of conflicts
c subsumed:                    328         0.27 %  of all clauses
c strengthened:                 27         0.02 %  of all clauses
c trail reuses:                  0         0.00 %  of incremental calls
c 
c seconds are measured in process time for solving
c 
c --- [ resources ] ----------------------------------------------------------
c 
c total process time since initialization:         0.24    seconds
c total real time since initialization:            0.95    seconds
c maximum resident set size of process:           27.50    MB
c 
c --- [ shutting down ] ------------------------------------------------------
c 
c exit 20
