c --- [ banner ] -------------------------------------------------------------
c 
c CaDiCaL SAT Solver
c Copyright (c) 2016-2023 A. Biere, M. Fleury, N. Froleyks, K. Fazekas, F. Pollitt
c 
c Version 1.9.5 146207318796f094dcded87349a64f0c6927309e
c g++ (Ubuntu 13.3.0-6ubuntu2~24.04.1) 13.3.0 -Wall -Wextra -O3 -DNDEBUG
c Wed Sep 30 06:02:32 JST 2026 Linux ikutoPC 6.6.87.2-microsoft-standard-WSL2 x86_64
c 
c --- [ limit ] --------------------------------------------------------------
c 
c setting conflict limit to 1000000 conflicts (due to '1000000')
c 
c --- [ proof tracing ] ------------------------------------------------------
c 
c opening file to write '/tmp/conway99-exact-eight-0075-dIlEmv/proof.drat'
c writing non-binary proof trace to '/tmp/conway99-exact-eight-0075-dIlEmv/proof.drat'
c 
c --- [ parsing input ] ------------------------------------------------------
c 
c reading DIMACS file from '/mnt/c/Users/ikuto/projects/conway-99-graph/acceleration/results/20260930_exact_eight_next64_cnfs_part01/case_0075/instance.cnf'
c opening file to read '/mnt/c/Users/ikuto/projects/conway-99-graph/acceleration/results/20260930_exact_eight_next64_cnfs_part01/case_0075/instance.cnf'
c found 'p cnf 9748 167416' header
c parsed 167416 clauses in 0.06 seconds process time
c 
c --- [ options ] ------------------------------------------------------------
c 
c   --binary=false                 (different from default 'true')
c 
c --- [ solving ] ------------------------------------------------------------
c 
c time measured in process time since initialization
c 
c  seconds  reductions  redundant  irredundant
c         MB    restarts       trail      variables
c          level   conflicts       glue        remaining
c 
c *  0.06 17  0 0   0    0    0  0% 0 117490 6820 70%
c {  0.06 18  0 0   0    0    0  0% 0 117490 6820 70%
c i  0.06 18  8 0   0    3    2 37% 1 117490 6819 70%
c i  0.06 18 20 0   2   31   18 45% 6 117490 6817 70%
c i  0.06 18 19 0   2   32   18 45% 6 117490 6815 70%
c i  0.07 19 34 0  20  212  158 53% 10 117490 6814 70%
c i  0.07 19 34 0  20  213  158 53% 10 117490 6813 70%
c i  0.07 19 34 0  20  214  158 53% 9 117490 6812 70%
c i  0.07 19 34 0  20  215  158 53% 9 117490 6811 70%
c i  0.07 19 33 0  20  218  160 53% 9 117490 6810 70%
c i  0.07 19 32 0  20  229  166 53% 9 117490 6809 70%
c -  0.08 19 26 1  20  302  229 54% 8 116933 6809 70%
c i  0.08 19 23 1  20  381  295 55% 7 116933 6808 70%
c i  0.08 19 23 1  20  382  295 55% 7 116933 6807 70%
c i  0.09 19 37 1  30  611  476 55% 7 116933 6806 70%
c i  0.09 19 37 1  30  637  493 55% 7 116933 6805 70%
c i  0.10 19 36 1  30  743  593 56% 7 116933 6804 70%
c i  0.10 19 35 1  33  818  638 55% 7 116933 6803 70%
c -  0.11 24 33 2  37  942  516 55% 7 116652 6803 70%
c i  0.12 24 33 2  39  992  556 56% 7 116652 6802 70%
c 
c  seconds  reductions  redundant  irredundant
c         MB    restarts       trail      variables
c          level   conflicts       glue        remaining
c 
c }  0.12 24 33 2  39 1011  562 55% 7 116652 6802 70%
c [  0.12 24  0 2  39 1011  562  0% 0 116652 6802 70%
c O  0.12 24  0 2  39 1012  562 38% 0 116652 6802 70%
c i  0.12 24  0 2  39 1012  562 38% 0 116652 6800 70%
c i  0.12 24 16 2  39 1025  572 56% 2 116652 6799 70%
c i  0.12 24 20 2  39 1058  598 53% 6 116652 6798 70%
c i  0.12 24 18 2  39 1172  688 56% 7 116652 6797 70%
c i  0.12 24 19 2  39 1201  712 55% 7 116652 6796 70%
c i  0.15 24 23 2  39 1644 1093 54% 9 116652 6795 70%
c i  0.15 24 22 2  39 1757 1184 54% 9 116652 6794 70%
c i  0.16 24 22 2  39 1811 1229 54% 9 116652 6793 70%
c i  0.16 24 22 2  39 1841 1250 54% 9 116652 6792 70%
c i  0.16 24 22 2  39 1843 1250 54% 9 116652 6791 70%
c -  0.17 24 23 3  39 1903 1178 54% 9 116133 6791 70%
c i  0.17 24 23 3  39 1912 1185 54% 9 116133 6790 70%
c i  0.17 24 22 3  39 1947 1210 54% 9 116133 6726 69%
c i  0.18 24 21 3  40 2164 1340 53% 9 116133 6723 69%
c ]  0.19 24 20 3  40 2211 1367 53% 9 116133 4171 43%
c 0  0.19 24 20 3  40 2211 1367 53% 9 116133 4171 43%
c 
c --- [ closing proof ] ------------------------------------------------------
c 
c DRAT proof file '/tmp/conway99-exact-eight-0075-dIlEmv/proof.drat' closed
c DRAT 9151 added clauses 14.61%
c DRAT 53489 deleted clauses 85.39%
c DRAT 1761795 bytes (1.68 MB)
c 
c --- [ result ] -------------------------------------------------------------
c 
s UNSATISFIABLE
c 
c --- [ run-time profiling ] -------------------------------------------------
c 
c process time taken by individual solving procedures
c (percentage relative to process time for solving)
c 
c         0.13   99.38% search
c         0.07   54.57% stable
c         0.06   45.74% parse
c         0.06   44.09% unstable
c         0.00    0.67% lucky
c         0.00    0.00% simplify
c   =================================
c         0.13   68.39% solve
c 
c last line shows process time for solving
c (percentage relative to total process time)
c 
c --- [ statistics ] ---------------------------------------------------------
c 
c chronological:               969        43.83 %  of conflicts
c conflicts:                  2211     17395.34    per second
c decisions:                  7112     55954.62    per second
c fixed:                      5577        57.21 %  of all variables
c learned:                    2091        94.57 %  per conflict
c learned_lits:             114996       100.00 %  learned literals
c minimized:                     0         0.00 %  learned literals
c shrunken:                  52371        45.54 %  learned literals
c minishrunken:              14837        12.90 %  learned literals
c otfs:                         14         0.63 %  of conflict
c propagations:            1282836        10.09 M  per second
c reduced:                     159         7.19 %  per conflict
c rephased:                      1      2211.00    interval
c restarts:                     40        55.27    interval
c stabilizing:                   1        54.27 %  of conflicts
c subsumed:                    339         0.28 %  of all clauses
c strengthened:                 14         0.01 %  of all clauses
c trail reuses:                  0         0.00 %  of incremental calls
c 
c seconds are measured in process time for solving
c 
c --- [ resources ] ----------------------------------------------------------
c 
c total process time since initialization:         0.19    seconds
c total real time since initialization:            0.83    seconds
c maximum resident set size of process:           27.83    MB
c 
c --- [ shutting down ] ------------------------------------------------------
c 
c exit 20
