c --- [ banner ] -------------------------------------------------------------
c 
c CaDiCaL SAT Solver
c Copyright (c) 2016-2023 A. Biere, M. Fleury, N. Froleyks, K. Fazekas, F. Pollitt
c 
c Version 1.9.5 146207318796f094dcded87349a64f0c6927309e
c g++ (Ubuntu 13.3.0-6ubuntu2~24.04.1) 13.3.0 -Wall -Wextra -O3 -DNDEBUG
c Wed Sep 30 06:02:32 JST 2026 Linux ikutoPC 6.6.87.2-microsoft-standard-WSL2 x86_64
c 
c --- [ limit ] --------------------------------------------------------------
c 
c setting conflict limit to 1000000 conflicts (due to '1000000')
c 
c --- [ proof tracing ] ------------------------------------------------------
c 
c opening file to write '/tmp/conway99-exact-eight-0617-CDrqHt/proof.drat'
c writing non-binary proof trace to '/tmp/conway99-exact-eight-0617-CDrqHt/proof.drat'
c 
c --- [ parsing input ] ------------------------------------------------------
c 
c reading DIMACS file from '/mnt/c/Users/ikuto/projects/conway-99-graph/acceleration/results/20260930_exact_eight_sizeclass16_cnfs/case_0617/instance.cnf'
c opening file to read '/mnt/c/Users/ikuto/projects/conway-99-graph/acceleration/results/20260930_exact_eight_sizeclass16_cnfs/case_0617/instance.cnf'
c found 'p cnf 9676 165652' header
c parsed 165652 clauses in 0.06 seconds process time
c 
c --- [ options ] ------------------------------------------------------------
c 
c   --binary=false                 (different from default 'true')
c 
c --- [ solving ] ------------------------------------------------------------
c 
c time measured in process time since initialization
c 
c  seconds  reductions  redundant  irredundant
c         MB    restarts       trail      variables
c          level   conflicts       glue        remaining
c 
c *  0.06 17  0 0   0    0    0  0% 0 115599 6722 69%
c {  0.06 18  0 0   0    0    0  0% 0 115599 6722 69%
c -  0.08 19 24 1  17  305  232 55% 6 115503 6722 69%
c i  0.08 19 19 1  17  522  357 56% 5 115503 6721 69%
c i  0.08 19 20 1  17  541  365 56% 5 115503 6720 69%
c i  0.08 19 20 1  17  550  368 56% 5 115503 6710 69%
c i  0.09 19 24 1  33  674  475 56% 6 115503 6708 69%
c i  0.09 19 24 1  33  675  475 56% 6 115503 6707 69%
c i  0.10 19 24 1  46  785  557 56% 6 115503 6706 69%
c i  0.10 19 25 1  46  831  589 56% 6 115503 6689 69%
c -  0.11 23 24 2  56  943  416 55% 6 114436 6689 69%
c i  0.11 23 24 2  56  956  420 55% 6 114436 6688 69%
c i  0.11 23 24 2  56  958  421 55% 6 114436 6687 69%
c }  0.11 23 24 2  59 1000  459 55% 6 114436 6687 69%
c [  0.11 23  0 2  59 1000  459  0% 0 114436 6687 69%
c O  0.11 23 106 2  59 1010  469 57% 3 114436 6687 69%
c i  0.13 23 25 2  59 1403  735 54% 10 114436 6685 69%
c i  0.13 23 26 2  59 1422  750 53% 11 114436 6684 69%
c i  0.13 23 28 2  59 1432  759 53% 11 114436 6683 69%
c i  0.13 23 29 2  59 1438  764 53% 11 114436 6682 69%
c 
c  seconds  reductions  redundant   irredundant
c         MB    restarts       trail       variables
c          level   conflicts       glue         remaining
c 
c i  0.13 23 30 2  59 1443  767 53% 12 114436 6681 69%
c i  0.13 23 31 2  59 1447  769 53% 12 114436 6679 69%
c i  0.14 23 43 2  59 1547  850 52% 17 114436 6678 69%
c i  0.14 23 43 2  59 1548  850 52% 17 114436 6632 69%
c i  0.14 23 43 2  59 1549  850 52% 17 114436 6631 69%
c i  0.14 23 43 2  59 1550  850 52% 17 114436 6630 69%
c i  0.14 23 43 2  59 1564  861 52% 17 114436 6629 69%
c i  0.14 23 43 2  59 1571  863 52% 17 114436 6628 68%
c i  0.14 23 43 2  59 1572  863 52% 17 114436 6627 68%
c i  0.14 23 43 2  59 1580  869 52% 17 114436 6626 68%
c i  0.14 23 43 2  59 1654  924 52% 18 114436 6625 68%
c -  0.16 24 40 3  59 1899  716 52% 18 110973 6609 68%
c i  0.19 24 34 3  60 2503 1168 52% 16 110973 5792 60%
c i  0.20 22 33 3  60 2558  300 26% 15 81597 5791 60%
c i  0.21 22 32 3  60 2612  340 23% 15 81597 5684 59%
c i  0.21 22 32 3  60 2622  348 24% 15 81597 5683 59%
c ]  0.21 22 32 3  60 2627  349 23% 15 81597 4270 44%
c 0  0.21 22 32 3  60 2627  349 23% 15 81597 4270 44%
c 
c --- [ closing proof ] ------------------------------------------------------
c 
c DRAT proof file '/tmp/conway99-exact-eight-0617-CDrqHt/proof.drat' closed
c DRAT 12219 added clauses 11.89%
c DRAT 90518 deleted clauses 88.11%
c DRAT 3186070 bytes (3.04 MB)
c 
c --- [ result ] -------------------------------------------------------------
c 
s UNSATISFIABLE
c 
c --- [ run-time profiling ] -------------------------------------------------
c 
c process time taken by individual solving procedures
c (percentage relative to process time for solving)
c 
c         0.15   99.66% search
c         0.09   61.70% stable
c         0.06   37.93% parse
c         0.06   37.08% unstable
c         0.00    0.85% lucky
c         0.00    0.00% simplify
c   =================================
c         0.15   72.29% solve
c 
c last line shows process time for solving
c (percentage relative to total process time)
c 
c --- [ statistics ] ---------------------------------------------------------
c 
c chronological:              1059        40.31 %  of conflicts
c conflicts:                  2627     17545.50    per second
c decisions:                  7518     50212.06    per second
c fixed:                      5406        55.87 %  of all variables
c learned:                    2413        91.85 %  per conflict
c learned_lits:             158156       100.00 %  learned literals
c minimized:                     0         0.00 %  learned literals
c shrunken:                  81667        51.64 %  learned literals
c minishrunken:              13561         8.57 %  learned literals
c otfs:                         34         1.29 %  of conflict
c propagations:            1442925         9.64 M  per second
c reduced:                     108         4.11 %  per conflict
c rephased:                      1      2627.00    interval
c restarts:                     60        43.78    interval
c stabilizing:                   1        61.90 %  of conflicts
c subsumed:                    487         0.41 %  of all clauses
c strengthened:                 33         0.03 %  of all clauses
c trail reuses:                  0         0.00 %  of incremental calls
c 
c seconds are measured in process time for solving
c 
c --- [ resources ] ----------------------------------------------------------
c 
c total process time since initialization:         0.21    seconds
c total real time since initialization:            0.96    seconds
c maximum resident set size of process:           27.44    MB
c 
c --- [ shutting down ] ------------------------------------------------------
c 
c exit 20
