c --- [ banner ] -------------------------------------------------------------
c 
c CaDiCaL SAT Solver
c Copyright (c) 2016-2023 A. Biere, M. Fleury, N. Froleyks, K. Fazekas, F. Pollitt
c 
c Version 1.9.5 146207318796f094dcded87349a64f0c6927309e
c g++ (Ubuntu 13.3.0-6ubuntu2~24.04.1) 13.3.0 -Wall -Wextra -O3 -DNDEBUG
c Wed Sep 30 06:02:32 JST 2026 Linux ikutoPC 6.6.87.2-microsoft-standard-WSL2 x86_64
c 
c --- [ limit ] --------------------------------------------------------------
c 
c setting conflict limit to 1000000 conflicts (due to '1000000')
c 
c --- [ proof tracing ] ------------------------------------------------------
c 
c opening file to write '/tmp/conway99-exact-eight-0166-2FY3ml/proof.drat'
c writing non-binary proof trace to '/tmp/conway99-exact-eight-0166-2FY3ml/proof.drat'
c 
c --- [ parsing input ] ------------------------------------------------------
c 
c reading DIMACS file from '/mnt/c/Users/ikuto/projects/conway-99-graph/acceleration/results/20261001_exact_eight_prefix64_batch02_cnfs_part03/case_0166/instance.cnf'
c opening file to read '/mnt/c/Users/ikuto/projects/conway-99-graph/acceleration/results/20261001_exact_eight_prefix64_batch02_cnfs_part03/case_0166/instance.cnf'
c found 'p cnf 9748 167416' header
c parsed 167416 clauses in 0.06 seconds process time
c 
c --- [ options ] ------------------------------------------------------------
c 
c   --binary=false                 (different from default 'true')
c 
c --- [ solving ] ------------------------------------------------------------
c 
c time measured in process time since initialization
c 
c  seconds  reductions  redundant  irredundant
c         MB    restarts       trail      variables
c          level   conflicts       glue        remaining
c 
c *  0.06 17  0 0   0    0    0  0% 0 117462 6820 70%
c {  0.06 18  0 0   0    0    0  0% 0 117462 6820 70%
c -  0.08 19 19 1  15  305  225 55% 6 117342 6820 70%
c i  0.08 19 17 1  15  368  263 55% 5 117342 6819 70%
c i  0.09 19 21 1  17  418  312 54% 5 117342 6818 70%
c i  0.09 19 21 1  17  419  312 54% 5 117342 6817 70%
c i  0.09 19 21 1  17  420  312 54% 5 117342 6816 70%
c i  0.09 19 21 1  17  421  312 54% 5 117342 6815 70%
c i  0.09 19 22 1  22  468  345 54% 6 117342 6814 70%
c i  0.09 19 22 1  23  469  345 54% 6 117342 6813 70%
c i  0.09 19 22 1  24  473  348 54% 6 117342 6812 70%
c i  0.09 19 22 1  24  474  348 54% 6 117342 6811 70%
c i  0.09 19 22 1  26  480  351 53% 6 117342 6810 70%
c i  0.10 19 22 1  37  604  434 54% 6 117342 6809 70%
c i  0.10 19 22 1  37  630  454 54% 6 117342 6808 70%
c i  0.10 19 22 1  37  636  457 54% 5 117342 6807 70%
c i  0.10 19 22 1  37  637  457 54% 5 117342 6806 70%
c i  0.10 19 22 1  37  645  459 54% 5 117342 6805 70%
c i  0.10 19 22 1  37  648  460 54% 5 117342 6804 70%
c i  0.10 19 22 1  37  649  460 54% 5 117342 6803 70%
c 
c  seconds  reductions  redundant  irredundant
c         MB    restarts       trail      variables
c          level   conflicts       glue        remaining
c 
c i  0.10 19 21 1  37  657  466 54% 5 117342 6802 70%
c i  0.10 19 21 1  37  658  466 54% 5 117342 6801 70%
c i  0.10 19 22 1  46  759  500 52% 6 117342 6800 70%
c i  0.10 19 21 1  58  842  553 52% 6 117342 6799 70%
c -  0.12 24 25 2  60  947  298 53% 6 116345 6799 70%
c }  0.12 24 25 2  68 1001  347 53% 6 116345 6799 70%
c [  0.12 24  0 2  68 1001  347  0% 0 116345 6799 70%
c O  0.12 24  2 2  68 1002  348 65% 2 116345 6799 70%
c i  0.13 24 26 2  68 1204  494 59% 9 116345 6798 70%
c i  0.14 24 22 2  68 1271  533 58% 8 116345 6796 70%
c i  0.16 24 23 2  68 1843 1011 56% 8 116345 6795 70%
c i  0.16 24 23 2  68 1847 1014 56% 8 116345 6792 70%
c -  0.17 25 22 3  68 1912  834 56% 8 116143 6792 70%
c i  0.18 25 21 3  68 1953  866 56% 8 116143 5816 60%
c ]  0.18 25 21 3  68 1958  868 56% 8 116143 5645 58%
c 0  0.18 25 21 3  68 1958  868 56% 8 116143 5645 58%
c 
c --- [ closing proof ] ------------------------------------------------------
c 
c DRAT proof file '/tmp/conway99-exact-eight-0166-2FY3ml/proof.drat' closed
c DRAT 7288 added clauses 11.97%
c DRAT 53589 deleted clauses 88.03%
c DRAT 1724810 bytes (1.64 MB)
c 
c --- [ result ] -------------------------------------------------------------
c 
s UNSATISFIABLE
c 
c --- [ run-time profiling ] -------------------------------------------------
c 
c process time taken by individual solving procedures
c (percentage relative to process time for solving)
c 
c         0.12   99.41% search
c         0.06   51.17% unstable
c         0.06   51.02% parse
c         0.06   46.90% stable
c         0.00    1.30% lucky
c         0.00    0.00% simplify
c   =================================
c         0.12   65.96% solve
c 
c last line shows process time for solving
c (percentage relative to total process time)
c 
c --- [ statistics ] ---------------------------------------------------------
c 
c chronological:               934        47.70 %  of conflicts
c conflicts:                  1958     16692.67    per second
c decisions:                  6993     59617.89    per second
c fixed:                      4103        42.09 %  of all variables
c learned:                    1780        90.91 %  per conflict
c learned_lits:             108205       100.00 %  learned literals
c minimized:                     0         0.00 %  learned literals
c shrunken:                  54919        50.75 %  learned literals
c minishrunken:              11652        10.77 %  learned literals
c otfs:                         18         0.92 %  of conflict
c propagations:            1091962         9.31 M  per second
c reduced:                     106         5.41 %  per conflict
c rephased:                      1      1958.00    interval
c restarts:                     68        28.79    interval
c stabilizing:                   1        48.88 %  of conflicts
c subsumed:                    321         0.27 %  of all clauses
c strengthened:                 18         0.02 %  of all clauses
c trail reuses:                  0         0.00 %  of incremental calls
c 
c seconds are measured in process time for solving
c 
c --- [ resources ] ----------------------------------------------------------
c 
c total process time since initialization:         0.18    seconds
c total real time since initialization:            0.85    seconds
c maximum resident set size of process:           28.85    MB
c 
c --- [ shutting down ] ------------------------------------------------------
c 
c exit 20
