c --- [ banner ] -------------------------------------------------------------
c 
c CaDiCaL SAT Solver
c Copyright (c) 2016-2023 A. Biere, M. Fleury, N. Froleyks, K. Fazekas, F. Pollitt
c 
c Version 1.9.5 146207318796f094dcded87349a64f0c6927309e
c g++ (Ubuntu 13.3.0-6ubuntu2~24.04.1) 13.3.0 -Wall -Wextra -O3 -DNDEBUG
c Wed Sep 30 06:02:32 JST 2026 Linux ikutoPC 6.6.87.2-microsoft-standard-WSL2 x86_64
c 
c --- [ limit ] --------------------------------------------------------------
c 
c setting conflict limit to 1000000 conflicts (due to '1000000')
c 
c --- [ proof tracing ] ------------------------------------------------------
c 
c opening file to write '/tmp/conway99-exact-eight-0027-y1Na6i/proof.drat'
c writing non-binary proof trace to '/tmp/conway99-exact-eight-0027-y1Na6i/proof.drat'
c 
c --- [ parsing input ] ------------------------------------------------------
c 
c reading DIMACS file from '/mnt/c/Users/ikuto/projects/conway-99-graph/acceleration/results/20260930_exact_eight_first12_cnfs/case_0027/instance.cnf'
c opening file to read '/mnt/c/Users/ikuto/projects/conway-99-graph/acceleration/results/20260930_exact_eight_first12_cnfs/case_0027/instance.cnf'
c found 'p cnf 9748 167416' header
c parsed 167416 clauses in 0.06 seconds process time
c 
c --- [ options ] ------------------------------------------------------------
c 
c   --binary=false                 (different from default 'true')
c 
c --- [ solving ] ------------------------------------------------------------
c 
c time measured in process time since initialization
c 
c  seconds  reductions  redundant  irredundant
c         MB    restarts       trail      variables
c          level   conflicts       glue        remaining
c 
c *  0.06 17  0 0   0    0    0  0% 0 117484 6820 70%
c {  0.06 17  0 0   0    0    0  0% 0 117484 6820 70%
c i  0.06 18 20 0   0   62   12 40% 5 117484 6819 70%
c i  0.06 18 16 0   0  120   30 41% 2 117484 6783 70%
c i  0.06 18 31 0  13  208  106 48% 5 117484 6782 70%
c i  0.06 18 30 0  13  209  106 48% 5 117484 6781 70%
c i  0.06 18 30 0  13  210  106 48% 5 117484 6780 70%
c i  0.06 18 30 0  14  211  106 48% 5 117484 6779 70%
c i  0.06 18 30 0  14  212  106 48% 5 117484 6778 70%
c i  0.06 18 30 0  14  213  106 48% 5 117484 6777 70%
c -  0.07 18 31 1  31  300  154 50% 6 115427 6777 70%
c i  0.08 18 33 1  41  374  211 51% 7 115427 6776 70%
c i  0.08 18 32 1  41  375  211 51% 7 115427 6775 70%
c i  0.08 18 34 1  53  479  295 52% 7 115427 6774 69%
c i  0.09 18 33 1  59  797  547 53% 7 115427 6773 69%
c i  0.10 18 31 1  60  895  624 54% 7 115427 6696 69%
c -  0.11 23 30 2  60  939  567 54% 7 112033 6696 69%
c }  0.11 23 29 2  60 1001  600 54% 6 112033 6696 69%
c [  0.11 23  0 2  60 1001  600  0% 0 112033 6696 69%
c O  0.11 23  1 2  60 1002  601 45% 1 112033 6696 69%
c 
c  seconds  reductions  redundant   irredundant
c         MB    restarts       trail       variables
c          level   conflicts       glue         remaining
c 
c i  0.13 23 31 2  60 1290  822 57% 13 112033 6695 69%
c i  0.13 23 29 2  60 1313  832 57% 12 112033 6693 69%
c i  0.14 23 33 2  60 1544 1015 55% 13 112033 6692 69%
c i  0.14 23 32 2  60 1561 1024 55% 13 112033 6691 69%
c i  0.14 23 32 2  60 1563 1024 55% 13 112033 6690 69%
c -  0.16 24 35 3  60 1883  939 53% 15 111797 6690 69%
c i  0.16 24 35 3  60 1888  943 53% 15 111797 6689 69%
c i  0.16 24 35 3  60 1919  965 53% 15 111797 6678 69%
c i  0.18 24 36 3  61 2463 1398 52% 16 111797 6677 68%
c i  0.20 24 36 3  61 2792 1683 52% 16 111797 6593 68%
c ]  0.20 24 36 3  61 3001 1858 51% 16 111797 6593 68%
c {  0.20 24 29 3  61 3001 1858 54% 6 111797 6593 68%
c F  0.21 24 29 3  61 3003 1844 33% 6 107400 6587 68%
c i  0.22 24 27 3  61 3100 1910 30% 6 107400 6585 68%
c -  0.22 23 28 4  68 3142 1516 29% 6 107351 6585 68%
c i  0.23 23 27 4  97 3382 1675 30% 6 107351 6584 68%
c i  0.24 23 26 4  97 3465 1740 30% 6 107351 6583 68%
c i  0.24 23 26 4  97 3466 1740 30% 6 107351 6582 68%
c i  0.24 23 26 4  97 3467 1740 29% 6 107351 6581 68%
c i  0.24 23 26 4  97 3468 1740 29% 6 107351 6580 68%
c 
c  seconds  reductions  redundant  irredundant
c         MB    restarts       trail      variables
c          level   conflicts       glue        remaining
c 
c i  0.24 23 26 4  97 3469 1740 29% 6 107351 6579 67%
c i  0.24 23 26 4  97 3470 1740 29% 6 107351 6576 67%
c i  0.24 23 25 4 116 3693 1924 31% 6 107351 6575 67%
c i  0.25 23 27 4 122 3884 2079 32% 6 107351 6574 67%
c i  0.25 23 27 4 122 3885 2079 32% 6 107351 6573 67%
c i  0.25 23 27 4 122 3886 2079 32% 6 107351 6572 67%
c i  0.25 23 27 4 124 3890 2082 32% 6 107351 6571 67%
c i  0.25 23 27 4 124 3891 2082 32% 6 107351 6570 67%
c i  0.25 23 27 4 126 3898 2088 32% 6 107351 6569 67%
c i  0.25 23 27 4 126 3899 2088 32% 6 107351 6568 67%
c i  0.25 23 27 4 126 3900 2088 32% 6 107351 6567 67%
c i  0.25 23 27 4 127 3901 2088 32% 6 107351 6566 67%
c i  0.25 23 27 4 127 3902 2088 32% 6 107351 6565 67%
c i  0.25 23 27 4 127 3903 2088 32% 6 107351 6564 67%
c i  0.25 23 27 4 128 3904 2088 32% 6 107351 6563 67%
c i  0.25 23 27 4 128 3905 2088 32% 6 107351 6562 67%
c i  0.25 23 27 4 128 3906 2088 32% 6 107351 6561 67%
c i  0.26 23 26 4 143 4017 2174 33% 6 107351 6560 67%
c i  0.26 23 25 4 152 4147 2238 33% 6 107351 6559 67%
c i  0.26 23 25 4 153 4161 2251 32% 6 107351 6558 67%
c 
c  seconds  reductions  redundant  irredundant
c         MB    restarts       trail      variables
c          level   conflicts       glue        remaining
c 
c i  0.26 23 25 4 153 4162 2251 32% 6 107351 6557 67%
c i  0.26 23 25 4 153 4163 2251 32% 6 107351 6556 67%
c i  0.26 23 25 4 153 4164 2251 32% 6 107351 6555 67%
c i  0.26 23 25 4 153 4165 2251 32% 6 107351 6554 67%
c i  0.26 23 25 4 153 4166 2251 32% 6 107351 6553 67%
c i  0.26 23 25 4 153 4167 2251 32% 6 107351 6552 67%
c i  0.26 23 25 4 153 4168 2251 32% 6 107351 6551 67%
c i  0.26 23 25 4 153 4169 2251 32% 6 107351 6550 67%
c i  0.26 23 25 4 153 4170 2251 32% 6 107351 6549 67%
c i  0.26 23 25 4 153 4171 2251 32% 6 107351 6548 67%
c i  0.26 23 25 4 153 4172 2251 32% 6 107351 6547 67%
c i  0.26 23 25 4 153 4173 2251 32% 6 107351 6546 67%
c i  0.26 23 25 4 153 4174 2251 32% 6 107351 6545 67%
c i  0.26 23 25 4 153 4175 2251 32% 6 107351 6544 67%
c i  0.26 23 25 4 153 4176 2251 32% 6 107351 6543 67%
c i  0.26 23 25 4 153 4177 2251 32% 6 107351 6542 67%
c i  0.26 23 25 4 153 4178 2251 32% 6 107351 6541 67%
c i  0.26 23 25 4 153 4179 2251 32% 6 107351 6540 67%
c i  0.26 23 25 4 153 4180 2251 32% 6 107351 6539 67%
c i  0.26 23 25 4 153 4181 2251 32% 6 107351 6538 67%
c 
c  seconds  reductions  redundant  irredundant
c         MB    restarts       trail      variables
c          level   conflicts       glue        remaining
c 
c i  0.26 23 25 4 153 4182 2251 32% 6 107351 6537 67%
c i  0.26 23 25 4 153 4183 2251 32% 6 107351 6536 67%
c i  0.26 23 25 4 153 4184 2251 32% 6 107351 6535 67%
c i  0.26 23 25 4 153 4185 2251 32% 6 107351 6534 67%
c i  0.27 23 25 4 153 4264 2314 33% 6 107351 6532 67%
c i  0.28 23 24 4 170 4421 2451 33% 6 107351 6531 67%
c i  0.28 23 24 4 170 4433 2451 33% 6 107351 6530 67%
c i  0.28 23 24 4 194 4588 2564 33% 6 107351 6529 67%
c i  0.29 23 24 4 216 4691 2640 32% 7 107351 6528 67%
c -  0.29 27 24 5 216 4691 1477 32% 7 104842 6528 67%
c i  0.29 27 24 5 218 4744 1513 32% 7 104842 6527 67%
c i  0.29 27 24 5 218 4748 1515 32% 7 104842 6526 67%
c i  0.30 27 24 5 223 4919 1648 32% 7 104842 6525 67%
c i  0.30 27 23 5 224 4936 1652 32% 7 104842 6524 67%
c i  0.30 27 23 5 224 4956 1667 32% 7 104842 6523 67%
c d  0.31 27 23 5 224 5001 1544 32% 6 104025 6232 64%
c d  0.31 27 23 5 224 5001 1544 32% 6 104015 6227 64%
c p  0.38 28 23 5 224 5001 88390 32% 6 104015 6081 62%
c d  0.38 28 23 5 224 5001 83486 32% 6 97897 6059 62%
c d  0.39 28 23 5 224 5001 83479 32% 6 97647 5932 61%
c 
c  seconds  reductions   redundant  irredundant
c         MB    restarts        trail     variables
c          level   conflicts        glue       remaining
c 
c i  0.39 28 23 5 224 5090 83536 32% 6 97647 5931 61%
c i  0.39 28 23 5 224 5119 83560 32% 6 97647 5930 61%
c i  0.39 28 23 5 224 5135 83574 32% 6 97647 5929 61%
c i  0.40 28 23 5 236 5300 83689 32% 6 97647 5928 61%
c i  0.40 28 23 5 236 5301 83689 32% 6 97647 5927 61%
c i  0.40 28 23 5 236 5309 83691 32% 6 97647 5926 61%
c i  0.40 28 23 5 236 5311 83692 32% 6 97647 5925 61%
c i  0.40 28 23 5 236 5319 83698 32% 6 97647 5924 61%
c i  0.40 28 23 5 236 5322 83700 32% 6 97647 5923 61%
c i  0.40 28 23 5 236 5323 83700 32% 6 97647 5922 61%
c i  0.40 28 23 5 236 5344 83719 32% 6 97647 5921 61%
c i  0.40 28 23 5 242 5393 83752 32% 6 97647 5920 61%
c i  0.40 28 23 5 246 5422 83767 32% 6 97647 5919 61%
c i  0.41 28 23 5 246 5436 83778 32% 6 97647 5909 61%
c i  0.41 28 23 5 247 5507 83831 32% 6 97647 5904 61%
c i  0.41 28 23 5 251 5593 83900 32% 6 97647 5903 61%
c i  0.41 28 23 5 253 5602 83903 32% 6 97647 5902 61%
c i  0.41 28 23 5 254 5603 83903 32% 6 97647 5901 61%
c i  0.41 28 23 5 256 5615 83913 32% 6 97647 5900 61%
c i  0.41 28 23 5 256 5617 83914 32% 6 97647 5899 61%
c 
c  seconds  reductions   redundant  irredundant
c         MB    restarts        trail     variables
c          level   conflicts        glue       remaining
c 
c i  0.41 28 23 5 256 5623 83919 32% 6 97647 5898 61%
c i  0.41 28 23 5 256 5637 83926 32% 6 97647 5897 60%
c i  0.43 28 23 5 281 5903 84113 32% 7 97647 5271 54%
c i  0.43 28 23 5 286 5924 84130 32% 7 97647 5267 54%
c }  0.43 28 23 5 286 5929 84132 32% 7 97647 4474 46%
c 0  0.43 28 23 5 286 5929 84132 32% 7 97647 4474 46%
c 
c --- [ closing proof ] ------------------------------------------------------
c 
c DRAT proof file '/tmp/conway99-exact-eight-0027-y1Na6i/proof.drat' closed
c DRAT 106182 added clauses 59.34%
c DRAT 72756 deleted clauses 40.66%
c DRAT 5447636 bytes (5.20 MB)
c 
c --- [ result ] -------------------------------------------------------------
c 
s UNSATISFIABLE
c 
c --- [ run-time profiling ] -------------------------------------------------
c 
c process time taken by individual solving procedures
c (percentage relative to process time for solving)
c 
c         0.29   77.17% search
c         0.19   51.85% unstable
c         0.09   25.13% stable
c         0.08   22.52% simplify
c         0.06   16.71% probe
c         0.06   15.12% parse
c         0.01    1.75% ternary
c         0.00    0.17% lucky
c   =================================
c         0.37   86.74% solve
c 
c last line shows process time for solving
c (percentage relative to total process time)
c 
c --- [ statistics ] ---------------------------------------------------------
c 
c chronological:              2557        43.13 %  of conflicts
c conflicts:                  5929     15985.61    per second
c decisions:                 20376     54937.23    per second
c fixed:                      4829        49.54 %  of all variables
c learned:                    5382        90.77 %  per conflict
c learned_lits:             328015       100.00 %  learned literals
c minimized:                     0         0.00 %  learned literals
c shrunken:                 146307        44.60 %  learned literals
c minishrunken:              36365        11.09 %  learned literals
c otfs:                         33         0.56 %  of conflict
c propagations:            4073494        10.98 M  per second
c reduced:                    1058        17.84 %  per conflict
c rephased:                      2      2964.50    interval
c restarts:                    286        20.73    interval
c stabilizing:                   1        33.72 %  of conflicts
c substituted:                 445         4.57 %  of all variables
c subsumed:                    846         0.40 %  of all clauses
c strengthened:                 32         0.02 %  of all clauses
c ternary:                      10         0.14 %  of resolved
c trail reuses:                  0         0.00 %  of incremental calls
c weakened:                    890         2.00    average size
c 
c seconds are measured in process time for solving
c 
c --- [ resources ] ----------------------------------------------------------
c 
c total process time since initialization:         0.43    seconds
c total real time since initialization:            1.05    seconds
c maximum resident set size of process:           28.08    MB
c 
c --- [ shutting down ] ------------------------------------------------------
c 
c exit 20
