c --- [ banner ] -------------------------------------------------------------
c 
c CaDiCaL SAT Solver
c Copyright (c) 2016-2023 A. Biere, M. Fleury, N. Froleyks, K. Fazekas, F. Pollitt
c 
c Version 1.9.5 146207318796f094dcded87349a64f0c6927309e
c g++ (Ubuntu 13.3.0-6ubuntu2~24.04.1) 13.3.0 -Wall -Wextra -O3 -DNDEBUG
c Wed Sep 30 06:02:32 JST 2026 Linux ikutoPC 6.6.87.2-microsoft-standard-WSL2 x86_64
c 
c --- [ limit ] --------------------------------------------------------------
c 
c setting conflict limit to 1000000 conflicts (due to '1000000')
c 
c --- [ proof tracing ] ------------------------------------------------------
c 
c opening file to write '/tmp/conway99-exact-eight-0196-4ngjyr/proof.drat'
c writing non-binary proof trace to '/tmp/conway99-exact-eight-0196-4ngjyr/proof.drat'
c 
c --- [ parsing input ] ------------------------------------------------------
c 
c reading DIMACS file from '/mnt/c/Users/ikuto/projects/conway-99-graph/acceleration/results/20260930_exact_eight_sizeclass16_cnfs/case_0196/instance.cnf'
c opening file to read '/mnt/c/Users/ikuto/projects/conway-99-graph/acceleration/results/20260930_exact_eight_sizeclass16_cnfs/case_0196/instance.cnf'
c found 'p cnf 9640 164770' header
c parsed 164770 clauses in 0.06 seconds process time
c 
c --- [ options ] ------------------------------------------------------------
c 
c   --binary=false                 (different from default 'true')
c 
c --- [ solving ] ------------------------------------------------------------
c 
c time measured in process time since initialization
c 
c  seconds  reductions  redundant  irredundant
c         MB    restarts       trail      variables
c          level   conflicts       glue        remaining
c 
c *  0.06 17  0 0   0    0    0  0% 0 114710 6691 69%
c {  0.06 18  0 0   0    0    0  0% 0 114710 6691 69%
c i  0.06 18  5 0   0   22   15 44% 1 114710 6686 69%
c i  0.06 18  4 0   0   24   15 43% 1 114710 6675 69%
c i  0.06 18  4 0   0   25   15 42% 1 114710 6597 68%
c -  0.08 19 25 1  42  300  224 52% 11 110810 6597 68%
c i  0.10 19 22 1  48  817  623 54% 9 110810 6596 68%
c i  0.10 19 22 1  48  825  630 54% 9 110810 6595 68%
c i  0.10 19 22 1  48  826  630 54% 9 110810 6561 68%
c -  0.11 23 21 2  48  927  268 53% 8 109287 6561 68%
c }  0.11 23 22 2  48 1000  336 54% 8 109287 6561 68%
c [  0.11 23  0 2  48 1000  336  0% 0 109287 6561 68%
c O  0.11 23 106 2  48 1101  364 54% 4 109287 6561 68%
c i  0.11 23 106 2  48 1101  364 54% 4 109287 6509 68%
c i  0.13 23 40 2  48 1454  626 50% 14 109287 6508 68%
c i  0.13 23 38 2  48 1541  696 51% 13 109287 6507 68%
c i  0.13 23 37 2  48 1582  723 51% 13 109287 6506 67%
c i  0.13 23 37 2  48 1583  723 51% 13 109287 6505 67%
c i  0.14 23 35 2  48 1623  757 51% 13 109287 6504 67%
c i  0.14 23 34 2  48 1669  794 51% 12 109287 6503 67%
c 
c  seconds  reductions  redundant   irredundant
c         MB    restarts       trail       variables
c          level   conflicts       glue         remaining
c 
c i  0.14 23 34 2  48 1678  801 51% 12 109287 6502 67%
c i  0.14 23 34 2  48 1681  801 51% 12 109287 6500 67%
c i  0.14 23 33 2  48 1684  801 51% 12 109287 5575 58%
c i  0.14 23 33 2  48 1696  810 51% 12 109287 5567 58%
c ]  0.14 23 33 2  48 1698  810 51% 12 109287 5029 52%
c 0  0.14 23 33 2  48 1698  810 51% 12 109287 5029 52%
c 
c --- [ closing proof ] ------------------------------------------------------
c 
c DRAT proof file '/tmp/conway99-exact-eight-0196-4ngjyr/proof.drat' closed
c DRAT 7593 added clauses 11.64%
c DRAT 57654 deleted clauses 88.36%
c DRAT 1758045 bytes (1.68 MB)
c 
c --- [ result ] -------------------------------------------------------------
c 
s UNSATISFIABLE
c 
c --- [ run-time profiling ] -------------------------------------------------
c 
c process time taken by individual solving procedures
c (percentage relative to process time for solving)
c 
c         0.08   99.14% search
c         0.06   69.38% parse
c         0.05   63.39% unstable
c         0.03   34.06% stable
c         0.00    1.66% lucky
c         0.00    0.00% simplify
c   =================================
c         0.08   58.76% solve
c 
c last line shows process time for solving
c (percentage relative to total process time)
c 
c --- [ statistics ] ---------------------------------------------------------
c 
c chronological:               787        46.35 %  of conflicts
c conflicts:                  1698     20376.33    per second
c decisions:                  5471     65653.05    per second
c fixed:                      4611        47.83 %  of all variables
c learned:                    1514        89.16 %  per conflict
c learned_lits:              89630       100.00 %  learned literals
c minimized:                     0         0.00 %  learned literals
c shrunken:                  38103        42.51 %  learned literals
c minishrunken:               8245         9.20 %  learned literals
c otfs:                         16         0.94 %  of conflict
c propagations:             845888        10.15 M  per second
c reduced:                      61         3.59 %  per conflict
c rephased:                      1      1698.00    interval
c restarts:                     48        35.38    interval
c stabilizing:                   1        41.11 %  of conflicts
c subsumed:                    235         0.20 %  of all clauses
c strengthened:                 16         0.01 %  of all clauses
c trail reuses:                  0         0.00 %  of incremental calls
c 
c seconds are measured in process time for solving
c 
c --- [ resources ] ----------------------------------------------------------
c 
c total process time since initialization:         0.14    seconds
c total real time since initialization:            0.83    seconds
c maximum resident set size of process:           23.16    MB
c 
c --- [ shutting down ] ------------------------------------------------------
c 
c exit 20
