c --- [ banner ] -------------------------------------------------------------
c 
c CaDiCaL SAT Solver
c Copyright (c) 2016-2023 A. Biere, M. Fleury, N. Froleyks, K. Fazekas, F. Pollitt
c 
c Version 1.9.5 146207318796f094dcded87349a64f0c6927309e
c g++ (Ubuntu 13.3.0-6ubuntu2~24.04.1) 13.3.0 -Wall -Wextra -O3 -DNDEBUG
c Wed Sep 30 06:02:32 JST 2026 Linux ikutoPC 6.6.87.2-microsoft-standard-WSL2 x86_64
c 
c --- [ limit ] --------------------------------------------------------------
c 
c setting conflict limit to 1000000 conflicts (due to '1000000')
c 
c --- [ proof tracing ] ------------------------------------------------------
c 
c opening file to write '/tmp/conway99-seven-profile-rank5_153_profile_0000-UWll8r/proof.drat'
c writing non-binary proof trace to '/tmp/conway99-seven-profile-rank5_153_profile_0000-UWll8r/proof.drat'
c 
c --- [ parsing input ] ------------------------------------------------------
c 
c reading DIMACS file from '/mnt/c/Users/ikuto/projects/conway-99-graph/acceleration/results/20260930_hadamard_seven_remaining_cnfs/run01/rank5_153_profile_0000/instance.cnf'
c opening file to read '/mnt/c/Users/ikuto/projects/conway-99-graph/acceleration/results/20260930_hadamard_seven_remaining_cnfs/run01/rank5_153_profile_0000/instance.cnf'
c found 'p cnf 9952 172414' header
c parsed 172414 clauses in 0.07 seconds process time
c 
c --- [ options ] ------------------------------------------------------------
c 
c   --binary=false                 (different from default 'true')
c 
c --- [ solving ] ------------------------------------------------------------
c 
c time measured in process time since initialization
c 
c  seconds  reductions  redundant  irredundant
c         MB    restarts       trail      variables
c          level   conflicts       glue        remaining
c 
c *  0.07 18  0 0   0    0    0  0% 0 122684 7052 71%
c {  0.07 18  0 0   0    0    0  0% 0 122684 7052 71%
c i  0.07 18  7 0   0    4    3 39% 1 122684 7051 71%
c i  0.07 18 40 0   0   16   14 43% 3 122684 7050 71%
c i  0.07 19 35 0   0   19   16 43% 3 122684 7049 71%
c i  0.07 19 33 0   0   20   16 43% 3 122684 7048 71%
c i  0.07 19 19 0   0   41   35 44% 3 122684 7047 71%
c i  0.07 19 17 0   0   46   38 44% 3 122684 7046 71%
c i  0.07 19 17 0   0   47   38 44% 3 122684 7045 71%
c i  0.08 19 16 0  33  254  157 53% 4 122684 7044 71%
c -  0.09 20 17 1  40  300  196 54% 5 122208 7044 71%
c i  0.10 20 14 1  49  461  316 54% 5 122208 7043 71%
c i  0.10 20 13 1  49  574  372 53% 4 122208 7042 71%
c -  0.13 25 18 2 100  957  480 54% 5 122114 7042 71%
c }  0.13 25 19 2 102 1005  515 54% 5 122114 7042 71%
c [  0.13 25  0 2 102 1005  515  0% 0 122114 7042 71%
c O  0.13 25  2 2 102 1006  516 66% 2 122114 7042 71%
c i  0.14 25 24 2 102 1332  721 56% 11 122114 7040 71%
c i  0.16 25 30 2 102 1656  991 53% 11 122114 7014 70%
c -  0.18 25 35 3 102 1937  942 52% 13 121218 7014 70%
c 
c  seconds  reductions  redundant   irredundant
c         MB    restarts       trail       variables
c          level   conflicts       glue         remaining
c 
c i  0.21 25 36 3 103 2691 1519 51% 16 121218 7013 70%
c i  0.21 25 37 3 103 2731 1555 51% 16 121218 7010 70%
c i  0.22 25 36 3 103 2905 1707 50% 15 121218 7009 70%
c ]  0.22 25 37 3 103 3010 1776 50% 16 121218 7009 70%
c {  0.22 25 19 3 103 3010 1776 54% 5 121218 7009 70%
c F  0.23 25 19 3 104 3011 1775 41% 5 121073 7009 70%
c i  0.24 25 18 3 115 3164 1882 42% 5 121073 7008 70%
c i  0.24 25 18 3 116 3167 1884 42% 5 121073 6985 70%
c i  0.24 25 18 3 117 3169 1885 41% 5 121073 6984 70%
c i  0.24 25 18 3 117 3172 1885 41% 5 121073 6980 70%
c -  0.25 25 19 4 119 3238 1551 39% 5 120300 6980 70%
c i  0.26 25 19 4 121 3507 1739 38% 5 120300 6979 70%
c i  0.28 25 20 4 156 3890 1998 38% 5 120300 6978 70%
c i  0.29 25 22 4 182 4123 2177 37% 6 120300 6977 70%
c i  0.30 25 21 4 189 4287 2323 37% 6 120300 6976 70%
c i  0.30 25 21 4 189 4312 2342 37% 6 120300 6975 70%
c i  0.31 25 21 4 211 4497 2477 37% 6 120300 6974 70%
c i  0.31 25 22 4 211 4550 2523 37% 6 120300 6973 70%
c i  0.32 25 21 4 223 4638 2590 37% 6 120300 6972 70%
c i  0.33 25 21 4 245 4831 2717 36% 6 120300 6971 70%
c 
c  seconds  reductions  redundant  irredundant
c         MB    restarts       trail      variables
c          level   conflicts       glue        remaining
c 
c -  0.33 25 21 5 246 4866 1799 36% 6 119883 6971 70%
c d  0.34 25 21 5 259 5000 1887 37% 6 119727 6893 69%
c 2  0.35 25 21 5 259 5000 1886 37% 6 119727 6893 69%
c p  0.41 26 21 5 259 5000 86199 37% 6 119727 6844 69%
c d  0.42 27 21 5 259 5000 84278 37% 6 118008 6828 69%
c d  0.42 27 21 5 259 5000 84277 37% 6 117956 6802 68%
c i  0.43 27 21 5 266 5075 84302 36% 6 117956 6801 68%
c i  0.44 27 21 5 295 5371 84524 37% 6 117956 6800 68%
c i  0.46 27 21 5 336 5660 84706 36% 6 117956 6799 68%
c i  0.47 27 21 5 358 5797 84806 37% 6 117956 6798 68%
c i  0.47 27 21 5 358 5800 84808 37% 6 117956 6797 68%
c i  0.47 27 21 5 358 5806 84812 37% 6 117956 6788 68%
c i  0.48 27 21 5 367 6016 84949 37% 6 117956 6787 68%
c #  0.48 27 21 5 367 6017 84950 37% 6 117956 6787 68%
c i  0.48 27 20 5 367 6031 84957 37% 6 117956 6786 68%
c i  0.48 27 20 5 367 6039 84958 37% 6 117956 6785 68%
c i  0.50 27 22 5 423 6358 85182 37% 6 117956 6784 68%
c -  0.54 32 21 6 442 6808 8161 37% 6 117188 6784 68%
c }  0.55 32 21 6 464 7012 8317 37% 6 117188 6784 68%
c [  0.55 32 37 6 464 7012 8317 71% 16 117188 6784 68%
c 
c  seconds  reductions  redundant   irredundant
c         MB    restarts       trail       variables
c          level   conflicts       glue         remaining
c 
c i  0.55 32 36 6 464 7090 8367 70% 16 117188 6783 68%
c s  0.63 33 39 6 465 8244 9283 58% 16 115279 6783 68%
c v  0.64 33 39 6 465 8244 9283 58% 16 115249 6783 68%
c w  0.65 33 39 6 465 8244 9282 58% 16 115249 6783 68%
c e  0.68 33 39 6 465 8244 8257 58% 16 114007 5655 57%
c s  0.68 33 39 6 465 8244 8248 58% 16 114004 5655 57%
c i  0.71 33 39 6 465 8365 8277 37% 16 114004 5654 57%
c i  0.71 33 39 6 465 8366 8277 37% 16 114004 5653 57%
c i  0.71 33 39 6 465 8367 8277 36% 16 114004 5652 57%
c i  0.71 33 39 6 465 8368 8277 36% 16 114004 5651 57%
c -  0.75 29 38 7 465 9052 4005 37% 16 113813 5651 57%
c i  0.75 29 38 7 465 9053 4005 37% 16 113813 5650 57%
c I  0.81 29 37 7 466 10020 4778 35% 16 113813 5650 57%
c i  0.84 29 38 7 467 10501 5199 36% 16 113813 5649 57%
c -  0.90 33 38 8 468 11588 4625 36% 16 113723 5649 57%
c -  1.06 34 48 9 469 14443 5218 35% 20 113723 5649 57%
c d  1.09 34 49 9 469 15004 5688 34% 20 113721 5648 57%
c 2  1.10 34 49 9 469 15004 5701 34% 20 113721 5648 57%
c p  1.17 34 49 9 469 15004 92827 34% 20 113721 5640 57%
c d  1.17 34 49 9 469 15004 91741 34% 20 113338 5637 57%
c 
c  seconds  reductions    redundant   irredundant
c         MB    restarts         trail       variables
c          level    conflicts        glue         remaining
c 
c d  1.18 34 49 9 469 15004 91740 34% 20 113333 5635 57%
c ]  1.18 34 49 9 469 15012 91748 34% 20 113333 5635 57%
c {  1.18 34 21 9 469 15012 91748 46% 6 113333 5635 57%
c B  1.18 34 21 9 470 15023 91758 46% 6 113333 5635 57%
c i  1.18 34 21 9 476 15047 91771 46% 6 113333 5634 57%
c i  1.19 34 20 9 494 15269 91892 46% 6 113333 5633 57%
c i  1.20 34 20 9 495 15328 91936 45% 6 113333 5632 57%
c i  1.21 34 21 9 523 15505 92058 45% 6 113333 5631 57%
c i  1.21 34 21 9 528 15572 92093 45% 6 113333 5630 57%
c i  1.22 34 20 9 540 15747 92221 44% 6 113333 5629 57%
c i  1.23 34 20 9 541 15841 92289 44% 6 113333 5628 57%
c i  1.24 34 20 9 570 16009 92414 44% 6 113333 5627 57%
c i  1.24 34 20 9 581 16131 92470 44% 6 113333 5626 57%
c i  1.25 34 20 9 593 16218 92525 43% 6 113333 5625 57%
c i  1.25 34 20 9 597 16278 92563 43% 6 113333 5624 57%
c i  1.26 34 20 9 604 16497 92684 43% 7 113333 5623 57%
c i  1.26 34 20 9 610 16531 92704 43% 7 113333 5622 56%
c i  1.26 34 20 9 610 16593 92729 43% 6 113333 5621 56%
c i  1.31 34 20 9 636 17373 93277 43% 6 113333 5620 56%
c -  1.35 34 19 10 648 17610 10712 43% 6 112621 5620 56%
c 
c  seconds  reductions     redundant  irredundant
c         MB     restarts         trail      variables
c          level     conflicts        glue        remaining
c 
c i  1.35 34 19 10 652 17753 10825 43% 6 112621 5619 56%
c i  1.36 34 19 10 653 17803 10867 43% 6 112621 5618 56%
c i  1.37 34 19 10 680 18195 11084 43% 6 112621 5617 56%
c i  1.38 34 19 10 682 18380 11229 42% 6 112621 5616 56%
c i  1.38 34 19 10 683 18417 11249 42% 6 112621 5608 56%
c i  1.39 34 19 10 684 18561 11345 42% 6 112621 5607 56%
c i  1.40 34 19 10 705 18757 11486 42% 6 112621 5606 56%
c i  1.40 34 19 10 707 18839 11516 42% 6 112621 5605 56%
c i  1.41 34 19 10 722 18987 11598 42% 6 112621 5604 56%
c i  1.42 34 19 10 736 19289 11855 41% 6 112621 5603 56%
c i  1.43 34 19 10 774 19533 12021 41% 7 112621 5602 56%
c i  1.43 34 19 10 774 19632 12071 41% 7 112621 5601 56%
c i  1.43 34 19 10 774 19641 12077 41% 7 112621 5600 56%
c i  1.44 34 19 10 797 19790 12177 41% 7 112621 5599 56%
c i  1.44 34 19 10 803 19851 12198 41% 7 112621 5598 56%
c i  1.44 34 19 10 803 19879 12220 41% 7 112621 5597 56%
c i  1.44 34 19 10 803 19882 12222 41% 7 112621 5596 56%
c i  1.45 34 19 10 821 20062 12342 40% 7 112621 5595 56%
c i  1.46 34 19 10 827 20432 12615 40% 7 112621 5594 56%
c i  1.47 34 19 10 833 20536 12680 40% 7 112621 5593 56%
c 
c  seconds  reductions     redundant  irredundant
c         MB     restarts         trail      variables
c          level     conflicts        glue        remaining
c 
c i  1.47 34 19 10 841 20618 12748 40% 7 112621 5592 56%
c i  1.48 34 19 10 855 20738 12852 40% 7 112621 5591 56%
c i  1.48 34 19 10 863 20822 12907 40% 7 112621 5590 56%
c i  1.49 34 19 10 863 20874 12940 40% 7 112621 5589 56%
c W  1.56 32 19 10 886 21029 11420 40% 7 111152 5589 56%
c -  1.57 36 19 11 899 21080 7051 40% 7 111152 5589 56%
c i  1.58 36 19 11 908 21118 7063 40% 7 111152 5588 56%
c i  1.58 36 19 11 912 21224 7158 40% 7 111152 5587 56%
c i  1.58 36 19 11 912 21308 7216 40% 7 111152 5586 56%
c i  1.59 36 19 11 912 21342 7241 40% 7 111152 5585 56%
c i  1.59 36 19 11 912 21358 7251 40% 7 111152 5584 56%
c i  1.59 36 18 11 924 21590 7366 39% 7 111152 5583 56%
c i  1.60 36 18 11 932 21733 7461 39% 7 111152 5582 56%
c i  1.60 36 18 11 932 21797 7492 39% 7 111152 5580 56%
c i  1.61 36 18 11 932 21825 7516 39% 7 111152 5578 56%
c i  1.61 36 18 11 941 21897 7556 39% 7 111152 5577 56%
c i  1.61 36 18 11 941 21917 7566 39% 7 111152 5576 56%
c i  1.61 36 18 11 941 21974 7595 39% 7 111152 5575 56%
c i  1.61 36 18 11 943 22105 7661 39% 7 111152 5574 56%
c i  1.62 36 18 11 953 22173 7713 39% 7 111152 5573 56%
c 
c  seconds  reductions    redundant  irredundant
c         MB     restarts        trail      variables
c          level     conflicts       glue        remaining
c 
c i  1.63 36 18 11 991 22599 7972 39% 7 111152 5572 56%
c i  1.64 36 18 11 995 22674 8021 39% 7 111152 5571 56%
c i  1.64 36 18 11 995 22687 8027 39% 7 111152 5570 56%
c i  1.64 36 18 11 1000 22746 8068 39% 7 111152 5569 56%
c i  1.64 36 18 11 1005 22821 8112 39% 7 111152 5568 56%
c i  1.65 36 18 11 1005 22879 8154 39% 7 111152 5567 56%
c i  1.67 36 18 11 1015 23284 8491 39% 7 111152 5566 56%
c i  1.69 36 19 11 1064 23827 8927 39% 7 111152 5565 56%
c i  1.70 36 19 11 1075 23963 9045 39% 7 111152 5564 56%
c i  1.70 36 19 11 1075 23969 9044 39% 7 111152 5563 56%
c i  1.70 36 19 11 1081 24046 9100 39% 7 111152 5562 56%
c i  1.70 36 19 11 1081 24073 9118 39% 7 111152 5561 56%
c i  1.71 36 19 11 1114 24368 9356 38% 7 111152 5560 56%
c i  1.72 36 19 11 1114 24397 9365 38% 7 111152 5557 56%
c -  1.75 36 19 12 1183 24845 6744 38% 7 109703 5557 56%
c i  1.76 36 19 12 1208 25146 6928 38% 7 109703 5556 56%
c i  1.77 36 19 12 1244 25380 7088 38% 7 109703 5555 56%
c i  1.77 36 19 12 1244 25434 7124 38% 7 109703 5554 56%
c s  1.79 36 18 12 1244 25578 7117 38% 7 109690 5554 56%
c v  1.81 36 18 12 1244 25578 7117 38% 7 109690 5554 56%
c 
c  seconds  reductions     redundant  irredundant
c         MB     restarts         trail      variables
c          level      conflicts       glue        remaining
c 
c w  1.81 36 18 12 1244 25578 7109 38% 7 109690 5554 56%
c t  1.82 36 18 12 1244 25578 7109 38% 7 109684 5553 56%
c e  1.83 36 18 12 1244 25578 7034 38% 7 109443 5491 55%
c s  1.83 36 18 12 1244 25578 7015 38% 7 109443 5491 55%
c i  1.84 36 18 12 1244 25586 7021 38% 7 109443 5490 55%
c i  1.85 36 19 12 1264 25711 7102 38% 7 109443 5489 55%
c i  1.85 36 19 12 1264 25712 7102 38% 7 109443 5488 55%
c i  1.86 36 19 12 1305 25911 7234 37% 7 109443 5487 55%
c i  1.86 36 19 12 1306 25918 7238 37% 7 109443 5486 55%
c i  1.86 36 19 12 1311 25984 7300 37% 7 109443 5485 55%
c i  1.86 36 19 12 1316 26030 7324 37% 7 109443 5484 55%
c i  1.86 36 19 12 1319 26075 7352 37% 7 109443 5483 55%
c i  1.88 36 18 12 1354 26466 7564 37% 7 109443 5482 55%
c i  1.88 36 18 12 1354 26468 7565 37% 7 109443 5481 55%
c i  1.90 36 18 12 1394 26818 7816 37% 7 109443 5480 55%
c i  1.90 36 18 12 1394 26822 7817 37% 7 109443 5479 55%
c i  1.92 36 18 12 1452 27205 8099 37% 7 109443 5478 55%
c i  1.93 36 18 12 1452 27389 8248 37% 7 109443 5477 55%
c i  1.93 36 18 12 1465 27465 8289 37% 7 109443 5476 55%
c i  1.94 36 19 12 1486 27601 8395 37% 7 109443 5475 55%
c 
c  seconds  reductions     redundant  irredundant
c         MB     restarts         trail      variables
c          level      conflicts       glue        remaining
c 
c i  1.95 36 19 12 1551 27921 8628 37% 7 109443 5474 55%
c F  1.96 36 19 12 1572 28032 8705 37% 7 109443 5474 55%
c i  1.99 36 19 12 1661 28562 9074 36% 8 109443 5473 55%
c i  1.99 36 19 12 1661 28568 9079 36% 8 109443 5472 55%
c i  2.00 36 19 12 1703 28767 9220 36% 8 109443 5471 55%
c -  2.02 36 19 13 1724 28901 7521 36% 8 108487 5471 55%
c i  2.02 36 19 13 1729 28944 7547 36% 8 108487 5470 55%
c i  2.02 36 19 13 1737 29033 7586 36% 8 108487 5423 54%
c i  2.02 36 19 13 1737 29034 7586 36% 8 108487 5422 54%
c i  2.02 36 19 13 1737 29093 7629 36% 8 108487 5421 54%
c }  2.03 36 19 13 1748 29198 7688 36% 8 108487 4269 43%
c 0  2.03 36 19 13 1748 29198 7688 36% 8 108487 4269 43%
c 
c --- [ closing proof ] ------------------------------------------------------
c 
c DRAT proof file '/tmp/conway99-seven-profile-rank5_153_profile_0000-UWll8r/proof.drat' closed
c DRAT 228717 added clauses 44.91%
c DRAT 280588 deleted clauses 55.09%
c DRAT 22880421 bytes (21.82 MB)
c 
c --- [ result ] -------------------------------------------------------------
c 
s UNSATISFIABLE
c 
c --- [ run-time profiling ] -------------------------------------------------
c 
c process time taken by individual solving procedures
c (percentage relative to process time for solving)
c 
c         1.67   84.92% search
c         1.03   52.33% unstable
c         0.57   28.91% stable
c         0.29   15.04% simplify
c         0.13    6.57% probe
c         0.07    3.60% walk
c         0.07    3.44% parse
c         0.04    2.03% elim
c         0.04    1.96% subsume
c         0.03    1.29% vivify
c         0.01    0.59% ternary
c         0.00    0.07% lucky
c   =================================
c         1.96   96.63% solve
c 
c last line shows process time for solving
c (percentage relative to total process time)
c 
c --- [ statistics ] ---------------------------------------------------------
c 
c chronological:             11276        38.62 %  of conflicts
c conflicts:                 29198     14891.24    per second
c decisions:                 91880     46859.62    per second
c eliminated:                 1190        11.96 %  of all variables
c fixed:                      4367        43.88 %  of all variables
c learned:                   27320        93.57 %  per conflict
c learned_lits:            2285428       100.00 %  learned literals
c minimized:                     0         0.00 %  learned literals
c shrunken:                1134806        49.65 %  learned literals
c minishrunken:             215197         9.42 %  learned literals
c otfs:                        186         0.64 %  of conflict
c propagations:           18307428         9.34 M  per second
c reduced:                    8990        30.79 %  per conflict
c rephased:                      7      4171.14    interval
c restarts:                   1748        16.70    interval
c stabilizing:                   2        34.27 %  of conflicts
c substituted:                 126         1.27 %  of all variables
c subsumed:                   8143         2.47 %  of all clauses
c strengthened:               2019         0.61 %  of all clauses
c ternary:                      44         0.51 %  of resolved
c trail reuses:                  0         0.00 %  of incremental calls
c vivified:                     51         0.02 %  of all clauses
c walked:                        1     29198.00    interval
c weakened:                   3838         2.32    average size
c 
c seconds are measured in process time for solving
c 
c --- [ resources ] ----------------------------------------------------------
c 
c total process time since initialization:         2.03    seconds
c total real time since initialization:            2.74    seconds
c maximum resident set size of process:           38.40    MB
c 
c --- [ shutting down ] ------------------------------------------------------
c 
c exit 20
