c --- [ banner ] -------------------------------------------------------------
c 
c CaDiCaL SAT Solver
c Copyright (c) 2016-2023 A. Biere, M. Fleury, N. Froleyks, K. Fazekas, F. Pollitt
c 
c Version 1.9.5 146207318796f094dcded87349a64f0c6927309e
c g++ (Ubuntu 13.3.0-6ubuntu2~24.04.1) 13.3.0 -Wall -Wextra -O3 -DNDEBUG
c Wed Sep 30 06:02:32 JST 2026 Linux ikutoPC 6.6.87.2-microsoft-standard-WSL2 x86_64
c 
c --- [ limit ] --------------------------------------------------------------
c 
c setting conflict limit to 1000000 conflicts (due to '1000000')
c 
c --- [ proof tracing ] ------------------------------------------------------
c 
c opening file to write '/tmp/conway99-seven-profile-rank5_08_profile_0003-dpgVWs/proof.drat'
c writing non-binary proof trace to '/tmp/conway99-seven-profile-rank5_08_profile_0003-dpgVWs/proof.drat'
c 
c --- [ parsing input ] ------------------------------------------------------
c 
c reading DIMACS file from '/mnt/c/Users/ikuto/projects/conway-99-graph/acceleration/results/20260930_hadamard_seven_remaining_cnfs/run01/rank5_08_profile_0003/instance.cnf'
c opening file to read '/mnt/c/Users/ikuto/projects/conway-99-graph/acceleration/results/20260930_hadamard_seven_remaining_cnfs/run01/rank5_08_profile_0003/instance.cnf'
c found 'p cnf 9872 170454' header
c parsed 170454 clauses in 0.07 seconds process time
c 
c --- [ options ] ------------------------------------------------------------
c 
c   --binary=false                 (different from default 'true')
c 
c --- [ solving ] ------------------------------------------------------------
c 
c time measured in process time since initialization
c 
c  seconds  reductions  redundant  irredundant
c         MB    restarts       trail      variables
c          level   conflicts       glue        remaining
c 
c *  0.07 17  0 0   0    0    0  0% 0 120522 6945 70%
c {  0.07 18  0 0   0    0    0  0% 0 120522 6945 70%
c i  0.07 18  1 0   0    1    0 32% 0 120522 6944 70%
c -  0.08 19 49 1   2  305  229 57% 7 120345 6944 70%
c i  0.09 19 48 1   5  322  244 56% 7 120345 6943 70%
c i  0.09 19 42 1  20  414  324 56% 7 120345 6942 70%
c i  0.09 19 39 1  20  458  351 56% 6 120345 6941 70%
c i  0.10 19 33 1  25  668  486 55% 6 120345 6939 70%
c i  0.11 19 31 1  26  804  601 55% 7 120345 6938 70%
c i  0.11 19 31 1  29  814  610 55% 7 120345 6876 70%
c -  0.13 24 31 2  56  955  551 55% 7 117283 6876 70%
c }  0.13 24 30 2  56 1003  574 55% 7 117283 6876 70%
c [  0.13 24  0 2  56 1003  574  0% 0 117283 6876 70%
c O  0.13 24  1 2  56 1004  575 45% 1 117283 6876 70%
c i  0.13 24  6 2  56 1061  608 60% 4 117283 6874 70%
c i  0.16 24 24 2  56 1555 1011 57% 10 117283 5773 58%
c ]  0.16 24 24 2  56 1579 1024 58% 9 117283 5168 52%
c 0  0.16 24 24 2  56 1579 1024 58% 9 117283 5168 52%
c 
c --- [ closing proof ] ------------------------------------------------------
c 
c DRAT proof file '/tmp/conway99-seven-profile-rank5_08_profile_0003-dpgVWs/proof.drat' closed
c DRAT 7427 added clauses 11.92%
c DRAT 54869 deleted clauses 88.08%
c DRAT 1814796 bytes (1.73 MB)
c 
c --- [ result ] -------------------------------------------------------------
c 
s UNSATISFIABLE
c 
c --- [ run-time profiling ] -------------------------------------------------
c 
c process time taken by individual solving procedures
c (percentage relative to process time for solving)
c 
c         0.09   99.25% search
c         0.07   70.57% parse
c         0.06   62.38% unstable
c         0.03   35.70% stable
c         0.00    1.11% lucky
c         0.00    0.00% simplify
c   =================================
c         0.10   58.34% solve
c 
c last line shows process time for solving
c (percentage relative to total process time)
c 
c --- [ statistics ] ---------------------------------------------------------
c 
c chronological:               662        41.93 %  of conflicts
c conflicts:                  1579     16615.98    per second
c decisions:                  5436     57203.59    per second
c fixed:                      4704        47.65 %  of all variables
c learned:                    1408        89.17 %  per conflict
c learned_lits:             120013       100.00 %  learned literals
c minimized:                     0         0.00 %  learned literals
c shrunken:                  41245        34.37 %  learned literals
c minishrunken:              15195        12.66 %  learned literals
c otfs:                         17         1.08 %  of conflict
c propagations:             845800         8.90 M  per second
c reduced:                      47         2.98 %  per conflict
c rephased:                      1      1579.00    interval
c restarts:                     56        28.20    interval
c stabilizing:                   1        36.48 %  of conflicts
c subsumed:                    195         0.16 %  of all clauses
c strengthened:                 17         0.01 %  of all clauses
c trail reuses:                  0         0.00 %  of incremental calls
c 
c seconds are measured in process time for solving
c 
c --- [ resources ] ----------------------------------------------------------
c 
c total process time since initialization:         0.16    seconds
c total real time since initialization:            0.88    seconds
c maximum resident set size of process:           23.99    MB
c 
c --- [ shutting down ] ------------------------------------------------------
c 
c exit 20
