c --- [ banner ] -------------------------------------------------------------
c 
c CaDiCaL SAT Solver
c Copyright (c) 2016-2023 A. Biere, M. Fleury, N. Froleyks, K. Fazekas, F. Pollitt
c 
c Version 1.9.5 146207318796f094dcded87349a64f0c6927309e
c g++ (Ubuntu 13.3.0-6ubuntu2~24.04.1) 13.3.0 -Wall -Wextra -O3 -DNDEBUG
c Wed Sep 30 06:02:32 JST 2026 Linux ikutoPC 6.6.87.2-microsoft-standard-WSL2 x86_64
c 
c --- [ limit ] --------------------------------------------------------------
c 
c setting conflict limit to 1000000 conflicts (due to '1000000')
c 
c --- [ proof tracing ] ------------------------------------------------------
c 
c opening file to write '/tmp/conway99-joint-factor-NZpsKn/proof.drat'
c writing non-binary proof trace to '/tmp/conway99-joint-factor-NZpsKn/proof.drat'
c 
c --- [ parsing input ] ------------------------------------------------------
c 
c reading DIMACS file from '/mnt/c/Users/ikuto/projects/conway-99-graph/acceleration/results/20260930_triangle_joint_factor_cnf/instance.cnf'
c opening file to read '/mnt/c/Users/ikuto/projects/conway-99-graph/acceleration/results/20260930_triangle_joint_factor_cnf/instance.cnf'
c found 'p cnf 58860 203748' header
c parsed 203748 clauses in 0.09 seconds process time
c 
c --- [ options ] ------------------------------------------------------------
c 
c   --binary=false                 (different from default 'true')
c 
c --- [ solving ] ------------------------------------------------------------
c 
c time measured in process time since initialization
c 
c  seconds  reductions  redundant  irredundant
c         MB    restarts       trail       variables
c          level   conflicts       glue         remaining
c 
c *  0.09 34  0 0   0    0    0  0% 0 202404 42372 72%
c {  0.10 36  0 0   0    0    0  0% 0 202404 42372 72%
c i  0.12 36 115 0  21  219  206 48% 14 202404 42371 72%
c -  0.15 36 110 1  34  300  282 48% 14 155228 42371 72%
c }  0.23 36 99 1  88 1000  956 49% 15 155228 42371 72%
c [  0.23 36  0 1  88 1000  956  0% 0 155228 42371 72%
c O  0.23 36 74 1  88 1002  958 47% 13 155228 42371 72%
c -  0.25 43 42 2  88 1016  819 47% 8 155228 42371 72%
c -  0.35 43 64 3  89 2087 1364 55% 31 155228 42371 72%
c ]  0.41 43 57 3  89 3000 2208 50% 28 155228 42371 72%
c {  0.41 43 99 3  89 3000 2208 49% 15 155228 42371 72%
c F  0.44 40 99 3  89 3003 2211 19% 15 155228 42371 72%
c -  0.48 41 84 4 107 3517 1854 24% 16 155228 42371 72%
c s  0.57 46 87 4 173 4514 2798 28% 16 155143 42371 72%
c v  0.59 46 87 4 173 4514 2798 28% 16 154946 42371 72%
c w  0.59 46 87 4 173 4514 2798 28% 16 154946 42371 72%
c t  0.60 46 87 4 173 4514 2798 28% 16 154818 42369 72%
c e  0.71 49 87 4 173 4514  110 28% 16 125920 20660 35%
c s  0.73 50 87 4 173 4514  106 28% 16 124019 20660 35%
c e  0.76 50 87 4 173 4514  105 28% 16 123857 20453 35%
c 
c  seconds  reductions  redundant   irredundant
c         MB    restarts       trail        variables
c          level   conflicts       glue          remaining
c 
c 3  0.81 51 97 4 206 5000 2927 24% 16 123857 20453 35%
c 3  0.82 51 97 4 206 5000 3735 24% 16 123857 20453 35%
c p  0.91 49 97 4 206 5000 33039 24% 16 123857 19759 34%
c d  0.93 49 97 4 206 5000 22225 24% 16 119738 19738 34%
c d  0.93 49 97 4 206 5000 22225 24% 16 119639 19705 33%
c -  0.98 54 96 5 217 5304 2389 23% 16 119639 19705 33%
c #  1.01 54 94 5 259 6005 3061 21% 16 119639 19705 33%
c }  1.05 54 91 5 322 7000 4010 19% 16 119639 19705 33%
c [  1.05 54 57 5 322 7000 4010 70% 28 119639 19705 33%
c -  1.07 56 63 6 323 7244 3533 64% 27 119639 19705 33%
c -  1.22 56 92 7 324 9511 4417 40% 33 119639 19705 33%
c I  1.27 57 94 7 324 10008 4907  4% 35 119639 19705 33%
c -  1.37 57 107 8 326 12097 5016 31% 36 119639 19705 33%
c s  1.54 57 113 8 327 14908 7682 33% 41 119066 19705 33%
c v  1.57 57 113 8 327 14908 7682 33% 41 119043 19705 33%
c w  1.57 57 113 8 327 14908 7681 33% 41 119043 19705 33%
c t  1.58 57 113 8 327 14908 7617 33% 41 118945 19680 33%
c e  1.61 57 113 8 327 14908 6369 33% 41 118147 18919 32%
c s  1.62 57 113 8 327 14908 6362 33% 41 117875 18919 32%
c e  1.63 57 113 8 327 14908 6362 33% 41 117867 18904 32%
c 
c  seconds   reductions   redundant   irredundant
c         MB     restarts        trail        variables
c           level    conflicts       glue          remaining
c 
c ]  1.65 57 113 8 327 15000 6450 33% 41 117867 18904 32%
c {  1.65 57 91 8 327 15000 6450 41% 16 117867 18904 32%
c 3  1.66 57 91 8 327 15000 8528 41% 16 117865 18904 32%
c 2  1.68 57 91 8 327 15000 8749 41% 16 117865 18904 32%
c p  1.75 57 91 8 327 15000 30065 41% 16 117865 18180 31%
c d  1.76 57 91 8 327 15000 22342 41% 16 113330 18166 31%
c d  1.76 57 91 8 327 15000 22342 41% 16 113312 18160 31%
c -  1.77 57 91 9 327 15008 4263 41% 16 113312 18160 31%
c B  1.77 57 91 9 327 15009 4264 41% 16 113312 18160 31%
c -  1.92 57 88 10 549 18170 5082 35% 17 113312 18160 31%
c W  2.08 57 86 10 777 21010 7780 33% 17 113312 18160 31%
c -  2.12 57 86 11 821 21649 5921 33% 17 113312 18160 31%
c -  2.30 57 85 12 1133 25446 6640 32% 17 113312 18160 31%
c F  2.42 57 84 12 1346 28012 9098 31% 17 113312 18160 31%
c -  2.50 57 84 13 1448 29558 7293 30% 17 113312 18160 31%
c 2  2.54 57 84 13 1477 30000 8147 30% 17 113275 18160 31%
c p  2.60 57 84 13 1477 30000 24106 30% 17 113275 17524 30%
c d  2.61 57 84 13 1477 30000 20998 30% 17 110165 17519 30%
c d  2.62 57 84 13 1477 30000 20998 30% 17 110163 17518 30%
c s  2.68 57 84 13 1539 30751 21146 28% 17 109649 17518 30%
c 
c  seconds  reductions      redundant   irredundant
c         MB     restarts          trail        variables
c          level      conflicts        glue          remaining
c 
c v  2.71 57 84 13 1539 30751 21146 28% 17 109645 17518 30%
c w  2.72 57 84 13 1539 30751 21139 28% 17 109645 17518 30%
c t  2.72 57 84 13 1539 30751 21087 28% 17 109526 17517 30%
c e  2.75 57 84 13 1539 30751 18323 28% 17 108506 16609 28%
c s  2.76 57 84 13 1539 30751 18174 28% 17 108248 16609 28%
c e  2.77 57 84 13 1539 30751 18139 28% 17 108231 16588 28%
c }  2.80 57 84 13 1576 31000 18373 27% 17 108231 16588 28%
c [  2.80 57 113 13 1576 31000 18373 38% 41 108231 16588 28%
c -  2.95 57 104 14 1577 33985 7902 35% 38 108231 16588 28%
c B  3.06 57 103 14 1579 36014 9820 34% 38 108231 16588 28%
c -  3.22 57 107 15 1580 38640 8032 33% 39 108231 16588 28%
c -  3.52 57 103 16 1583 43604 8550 33% 39 108231 16588 28%
c W  3.65 57 102 16 1583 45016 9877 32% 39 108231 16588 28%
c -  3.90 57 101 17 1584 48880 9271 32% 40 108231 16588 28%
c 3  3.99 57 101 17 1584 50001 12477 32% 40 108230 16588 28%
c p  4.07 57 101 17 1584 50001 25624 32% 40 108230 16519 28%
c d  4.08 57 101 17 1584 50001 23937 32% 40 107731 16517 28%
c s  4.28 57 99 17 1584 52399 25967 32% 40 107579 16517 28%
c v  4.31 57 99 17 1584 52399 25967 32% 40 107567 16517 28%
c w  4.32 57 99 17 1584 52399 25967 32% 40 107567 16517 28%
c 
c  seconds  reductions      redundant   irredundant
c         MB     restarts          trail        variables
c          level      conflicts        glue          remaining
c 
c t  4.32 57 99 17 1584 52399 25964 32% 40 107559 16517 28%
c e  4.34 57 99 17 1584 52399 24803 32% 40 107464 16423 28%
c s  4.34 57 99 17 1584 52399 24721 32% 40 107417 16423 28%
c e  4.35 57 99 17 1584 52399 24492 32% 40 107404 16406 28%
c -  4.51 57 97 18 1585 54465 9787 32% 40 107404 16406 28%
c O  4.54 57 97 18 1585 55017 10323 32% 39 107404 16406 28%
c -  4.85 57 93 19 1589 60341 10214 32% 39 107404 16406 28%
c ]  5.01 57 92 19 1591 63003 12775 32% 39 107404 16406 28%
c {  5.01 57 84 19 1591 63003 12775 27% 17 107404 16406 28%
c B  5.17 57 84 19 1815 66018 15665 26% 17 107404 16406 28%
c -  5.21 57 84 20 1862 66527 10972 26% 18 107404 16406 28%
c -  5.54 57 84 21 2347 73024 11450 26% 18 107404 16406 28%
c p  5.71 57 84 21 2502 75002 24302 26% 18 107404 16403 28%
c W  5.91 57 84 21 2698 78022 27186 26% 18 107386 16403 28%
c s  6.00 57 84 21 2778 79511 28534 26% 18 107353 16403 28%
c v  6.03 57 84 21 2778 79511 28534 26% 18 107347 16403 28%
c w  6.03 57 84 21 2778 79511 28530 26% 18 107347 16403 28%
c e  6.04 57 84 21 2778 79511 28508 26% 18 107333 16386 28%
c s  6.05 57 84 21 2778 79511 28500 26% 18 107325 16386 28%
c -  6.09 57 84 22 2797 79828 12389 26% 18 107325 16386 28%
c 
c  seconds  reductions      redundant   irredundant
c         MB     restarts          trail        variables
c          level      conflicts        glue          remaining
c 
c -  6.45 57 83 23 3286 86940 13169 26% 18 107325 16386 28%
c #  6.66 57 84 23 3538 91023 17070 26% 18 107325 16386 28%
c -  6.84 57 84 24 3767 94363 13952 26% 18 107325 16386 28%
c -  7.26 57 84 25 4315 102093 14807 26% 18 107325 16386 28%
c p  7.45 57 84 25 4506 105004 28291 26% 18 107325 16386 28%
c B  7.45 57 84 25 4506 105024 28310 26% 18 107325 16386 28%
c -  7.71 57 84 26 4781 110135 15802 26% 18 107325 16386 28%
c s  7.82 57 84 26 4907 112049 17606 26% 18 107308 16386 28%
c v  7.85 57 84 26 4907 112049 17606 26% 18 107258 16386 28%
c w  7.86 57 84 26 4907 112049 17605 26% 18 107258 16386 28%
c e  7.87 57 84 26 4907 112049 17507 26% 18 107251 16379 28%
c s  7.87 57 84 26 4907 112049 17503 26% 18 107249 16379 28%
c -  8.22 57 84 27 5338 118483 16488 26% 19 107249 16379 28%
c W  8.36 57 84 27 5431 120025 17964 26% 19 107249 16379 28%
c }  8.73 57 84 27 5863 127004 24640 26% 19 107249 16379 28%
c [  8.73 57 92 27 5863 127004 24640 32% 39 107249 16379 28%
c -  8.74 57 92 28 5863 127138 17293 32% 39 107249 16379 28%
c B  9.26 57 88 28 5868 136026 25613 31% 38 107249 16379 28%
c -  9.27 57 88 29 5868 136104 17373 31% 38 107249 16379 28%
c p  9.62 57 87 29 5870 140005 31954 31% 38 107249 16371 28%
c 
c  seconds  reductions       redundant   irredundant
c         MB     restarts           trail        variables
c          level      conflicts         glue          remaining
c 
c -  9.98 57 84 30 5871 145377 17462 31% 38 107201 16371 28%
c s 10.30 57 82 30 5871 150005 21735 31% 38 107196 16371 28%
c v 10.34 57 82 30 5871 150005 21735 31% 38 107153 16371 28%
c w 10.35 57 82 30 5871 150005 21734 31% 38 107153 16371 28%
c e 10.35 57 82 30 5871 150005 21734 31% 38 107138 16363 28%
c s 10.36 57 82 30 5871 150005 21732 31% 38 107137 16363 28%
c W 10.63 57 81 30 5872 153028 24604 31% 38 107137 16363 28%
c - 10.75 57 80 31 5872 154960 18625 31% 38 107137 16363 28%
c - 11.34 57 78 32 5872 164848 18559 30% 37 107137 16363 28%
c I 11.71 57 77 32 5875 171029 24287 30% 37 107137 16363 28%
c - 11.94 57 78 33 5878 175046 19510 30% 37 107137 16363 28%
c p 12.22 57 78 33 5879 180005 34966 30% 37 107137 16363 28%
c - 12.57 57 78 34 5883 185553 19820 30% 37 107137 16363 28%
c B 12.81 57 78 34 5886 190032 24134 30% 36 107137 16363 28%
c s 13.00 57 80 34 5887 193383 27286 30% 37 107135 16363 28%
c v 13.04 57 80 34 5887 193383 27286 30% 37 107062 16363 28%
c w 13.05 57 80 34 5887 193383 27283 30% 37 107062 16363 28%
c e 13.06 57 80 34 5887 193383 27162 30% 37 107062 16362 28%
c s 13.06 57 80 34 5887 193383 27160 30% 37 107062 16362 28%
c ^ 13.07 57 80 34 5887 193383 27160 30% 37 107062 16362 28%
c 
c  seconds  reductions       redundant   irredundant
c         MB     restarts           trail        variables
c          level      conflicts         glue          remaining
c 
c - 13.24 57 80 35 5887 196369 20287 30% 37 107062 16362 28%
c - 13.87 57 78 36 5892 207489 21287 30% 37 107062 16362 28%
c W 14.12 57 78 36 5894 210034 23661 30% 37 107062 16362 28%
c - 14.66 57 76 37 5898 218917 21802 30% 36 107062 16362 28%
c p 15.08 57 74 37 5901 225005 37806 30% 36 107062 16362 28%
c - 15.47 57 73 38 5902 230654 23359 31% 36 107062 16362 28%
c O 15.50 57 73 38 5902 231035 23719 31% 36 107062 16362 28%
c s 16.04 57 70 38 5903 242164 34265 30% 35 107058 16362 28%
c v 16.08 57 70 38 5903 242164 34265 30% 35 106903 16362 28%
c w 16.09 57 70 38 5903 242164 34265 30% 35 106903 16362 28%
c e 16.14 57 70 38 5903 242164 21246 30% 35 107232 16022 27%
c s 16.14 57 70 38 5903 242164 21231 30% 35 107180 16022 27%
c - 16.19 57 70 39 5903 242701 15178 30% 35 107180 16022 27%
c B 16.58 57 67 39 5904 253036 24557 29% 34 107180 16022 27%
c ] 16.64 57 66 39 5904 255006 26338 29% 34 107180 16022 27%
c { 16.64 57 84 39 5904 255006 26338 26% 19 107180 16022 27%
c - 16.65 57 84 40 5906 255063 19552 26% 19 107180 16022 27%
c - 17.09 57 81 41 6278 267733 21182 25% 18 107180 16022 27%
c p 17.50 57 81 41 6795 275005 38146 25% 19 107180 16022 27%
c F 17.55 57 81 41 6839 276037 39142 25% 19 107180 16022 27%
c 
c  seconds  reductions       redundant   irredundant
c         MB     restarts           trail        variables
c          level      conflicts         glue          remaining
c 
c - 17.83 57 81 42 7151 280715 23357 25% 19 107180 16022 27%
c - 18.57 57 82 43 7974 294005 24840 25% 19 107180 16022 27%
c s 18.75 57 82 43 8185 297004 27696 25% 19 107168 16022 27%
c v 18.80 57 82 43 8185 297004 27696 25% 19 106974 16022 27%
c w 18.81 57 82 43 8185 297004 27695 25% 19 106974 16022 27%
c t 18.81 57 82 43 8185 297004 27695 25% 19 106960 16022 27%
c e 18.82 57 82 43 8185 297004 27679 25% 19 106961 16018 27%
c s 18.83 57 82 43 8185 297004 27677 25% 19 106957 16018 27%
c B 19.02 57 82 43 8398 300038 30578 25% 19 106957 16018 27%
c - 19.49 57 82 44 8901 307602 26263 25% 19 106957 16018 27%
c - 20.28 57 82 45 9706 321496 27594 25% 19 106957 16018 27%
c W 20.63 57 82 45 9941 325040 31001 25% 19 106957 16018 27%
c p 20.96 57 82 45 10242 330005 45878 25% 19 106957 16018 27%
c - 21.35 57 82 46 10612 335700 29008 25% 19 106957 16018 27%
c - 22.22 57 82 47 11519 350213 29984 25% 19 106957 16018 27%
c # 22.27 57 82 47 11581 351042 30780 25% 19 106957 16018 27%
c s 23.00 57 82 47 12318 362727 41944 25% 19 106955 16018 27%
c v 23.06 57 82 47 12318 362727 41944 25% 19 106614 16018 27%
c w 23.08 57 82 47 12318 362727 41944 25% 19 106614 16018 27%
c e 23.09 57 82 47 12318 362727 41813 25% 19 106579 15985 27%
c 
c  seconds  reductions        redundant   irredundant
c         MB      restarts           trail        variables
c          level       conflicts         glue          remaining
c 
c s 23.10 57 82 47 12318 362727 41808 25% 19 106568 15985 27%
c - 23.27 57 82 48 12448 365033 30965 25% 19 106568 15985 27%
c B 24.03 57 82 48 13232 378043 43493 25% 19 106568 15985 27%
c - 24.18 57 82 49 13372 380140 32183 25% 19 106568 15985 27%
c 3 24.77 57 82 49 13972 390006 42340 25% 19 106568 15985 27%
c d 24.79 57 82 49 13972 390006 42570 25% 19 106563 15984 27%
c p 24.81 57 82 49 13972 390006 52140 25% 19 106563 15984 27%
c - 25.20 57 82 50 14325 395556 33529 25% 19 106563 15984 27%
c W 26.00 57 82 50 14967 406047 43589 25% 20 106563 15984 27%
c - 26.35 57 82 51 15256 411278 34559 25% 20 106563 15984 27%
c - 27.35 57 82 52 16213 427308 35777 25% 20 106563 15984 27%
c s 27.44 57 82 52 16275 428416 36802 25% 20 106563 15984 27%
c v 27.50 57 82 52 16275 428416 36802 25% 20 106168 15984 27%
c w 27.51 57 82 52 16275 428416 36801 25% 20 106168 15984 27%
c t 27.51 57 82 52 16275 428416 36801 25% 20 106167 15984 27%
c e 27.52 57 82 52 16275 428416 35964 25% 20 106219 15913 27%
c s 27.53 57 82 52 16275 428416 35962 25% 20 106199 15913 27%
c F 27.94 57 82 52 16656 435051 42330 26% 20 106199 15913 27%
c - 28.50 57 82 53 17181 443647 36600 26% 20 106199 15913 27%
c p 29.23 57 82 53 17835 455006 57354 25% 20 106199 15912 27%
c 
c  seconds  reductions        redundant   irredundant
c         MB      restarts           trail        variables
c          level       conflicts         glue          remaining
c 
c - 29.62 57 82 54 18180 460271 38013 25% 20 106192 15912 27%
c B 29.92 57 82 54 18448 465054 42624 25% 20 106192 15912 27%
c - 30.72 57 82 55 19223 477203 39003 25% 20 106192 15912 27%
c - 31.86 57 82 56 20261 494442 40246 25% 20 106192 15912 27%
c W 32.19 57 82 56 20399 496055 41795 25% 20 106192 15912 27%
c s 32.43 57 82 56 20605 499617 45161 25% 20 106187 15912 27%
c v 32.50 57 82 56 20605 499617 45161 25% 20 105622 15912 27%
c w 32.52 57 82 56 20605 499617 45161 25% 20 105622 15912 27%
c e 32.53 57 82 56 20605 499617 44691 25% 20 105794 15725 27%
c s 32.54 57 82 56 20605 499617 44685 25% 20 105413 15725 27%
c e 32.55 57 82 56 20605 499617 44684 25% 20 105413 15723 27%
c } 33.40 57 82 56 21336 511007 55629 27% 20 105413 15723 27%
c [ 33.40 57 66 56 21336 511007 55629 32% 34 105413 15723 27%
c - 33.48 57 66 57 21336 511988 41127 32% 34 105413 15723 27%
c p 34.35 57 67 57 21336 525006 62798 32% 33 105413 15723 27%
c W 34.79 57 69 57 21336 528058 65752 32% 33 105413 15723 27%
c - 34.92 67 69 58 21336 529787 41331 32% 33 105413 15723 27%
c - 36.25 68 72 59 21342 547892 39585 32% 35 105413 15723 27%
c I 37.26 68 73 59 21349 561059 52182 32% 36 105413 15723 27%
c - 37.63 68 76 60 21351 566305 40161 32% 36 105413 15723 27%
c 
c  seconds  reductions        redundant   irredundant
c         MB      restarts           trail        variables
c          level       conflicts         glue          remaining
c 
c s 38.33 68 79 60 21354 576482 49964 32% 37 105407 15723 27%
c v 38.40 68 79 60 21354 576482 49964 32% 37 104617 15723 27%
c w 38.42 68 79 60 21354 576482 49964 32% 37 104617 15723 27%
c e 38.44 68 79 60 21354 576482 49964 32% 37 104621 15713 27%
c s 38.44 68 79 60 21354 576482 49963 32% 37 104615 15713 27%
c - 39.06 57 78 61 21358 585025 40359 32% 36 104615 15713 27%
c B 39.79 57 76 61 21365 595061 49862 32% 36 104615 15713 27%
c p 40.16 57 78 61 21366 600007 63562 32% 36 104615 15713 27%
c - 40.43 57 78 62 21366 603989 41447 32% 36 104615 15713 27%
c - 41.80 57 74 63 21367 623262 41780 32% 36 104615 15713 27%
c W 42.50 57 73 63 21373 630062 48252 32% 36 104615 15713 27%
c - 43.35 68 72 64 21380 642842 42529 32% 36 104615 15713 27%
c s 44.37 68 70 64 21384 658534 57326 32% 35 104614 15713 27%
c v 44.43 68 70 64 21384 658534 57326 32% 35 104164 15713 27%
c w 44.45 68 70 64 21384 658534 57326 32% 35 104164 15713 27%
c t 44.45 68 70 64 21384 658534 57326 32% 35 104162 15713 27%
c e 44.47 68 70 64 21384 658534 57326 32% 35 104167 15707 27%
c s 44.47 68 70 64 21384 658534 57324 32% 35 104162 15707 27%
c - 44.85 68 70 65 21387 662724 43191 32% 35 104162 15707 27%
c O 45.10 68 69 65 21389 666063 46327 32% 35 104162 15707 27%
c 
c  seconds  reductions        redundant   irredundant
c         MB      restarts           trail        variables
c          level       conflicts         glue          remaining
c 
c p 45.95 68 68 65 21396 680007 67634 32% 35 104162 15707 27%
c - 46.18 68 68 66 21397 682874 44533 32% 35 104162 15707 27%
c B 47.55 68 66 66 21398 703068 63522 32% 34 104162 15707 27%
c - 47.60 79 66 67 21398 703330 44978 32% 34 104162 15707 27%
c - 49.06 68 66 68 21399 724092 44611 33% 34 104162 15707 27%
c W 50.47 68 65 68 21400 741072 60694 33% 34 104162 15707 27%
c - 50.81 69 65 69 21400 745158 45719 33% 34 104162 15707 27%
c s 50.88 69 65 69 21400 745874 46398 33% 34 104156 15707 27%
c v 50.95 69 65 69 21400 745874 46398 33% 34 103762 15707 27%
c w 50.97 69 65 69 21400 745874 46394 33% 34 103762 15707 27%
c t 50.97 69 65 69 21400 745874 46394 33% 34 103760 15707 27%
c e 50.98 69 65 69 21400 745874 46394 33% 34 103764 15703 27%
c s 50.99 69 65 69 21400 745874 46388 33% 34 103764 15703 27%
c ^ 50.99 69 65 69 21400 745874 46388 33% 34 103764 15703 27%
c p 52.40 69 65 69 21400 765009 72578 33% 34 103764 15703 27%
c - 52.55 81 65 70 21400 766530 47408 33% 34 103764 15703 27%
c I 53.43 81 66 70 21400 780074 60405 33% 34 103764 15703 27%
c - 53.95 69 73 71 21400 788171 47871 33% 35 103764 15703 27%
c - 55.56 83 86 72 21403 810117 48471 33% 38 103764 15703 27%
c B 56.32 83 87 72 21409 820075 57909 33% 38 103764 15703 27%
c 
c  seconds  reductions        redundant   irredundant
c         MB      restarts           trail        variables
c          level       conflicts         glue          remaining
c 
c - 56.93 69 86 73 21415 832369 48885 33% 38 103764 15703 27%
c s 57.31 69 86 73 21415 838497 54674 33% 38 103763 15703 27%
c v 57.37 69 86 73 21415 838497 54674 33% 38 103331 15703 27%
c w 57.39 69 86 73 21415 838497 54671 33% 38 103331 15703 27%
c t 57.39 69 86 73 21415 838497 54671 33% 38 103327 15703 27%
c e 57.47 69 86 73 21415 838497 32735 33% 38 108902 12262 21%
c s 57.49 69 86 73 21415 838497 32704 33% 38 108426 12262 21%
c e 57.51 69 86 73 21415 838497 32704 33% 38 108500 12225 21%
c - 58.29 69 83 74 21425 854927 37929 25% 37 108500 12225 21%
c p 58.33 69 83 74 21425 855010 45882 25% 37 108500 12225 21%
c W 59.05 69 82 74 21429 861076 51618 25% 37 108500 12225 21%
c - 60.05 69 79 75 21431 878230 45256 28% 36 108500 12225 21%
c - 61.70 72 75 76 21438 901837 49129 29% 36 108500 12225 21%
c O 61.78 72 75 76 21439 903077 50286 29% 36 108500 12225 21%
c - 63.30 84 71 77 21449 925757 48192 29% 36 108500 12225 21%
c B 64.80 84 68 77 21460 946079 66871 30% 36 108500 12225 21%
c - 65.05 84 68 78 21461 949987 50414 29% 36 108500 12225 21%
c p 65.08 84 68 78 21461 950010 57237 29% 36 108500 12225 21%
c s 65.22 84 68 78 21461 951891 58934 29% 36 108364 12225 21%
c v 65.28 84 68 78 21461 951891 58934 29% 36 107938 12225 21%
c 
c  seconds  reductions        redundant   irredundant
c         MB      restarts           trail        variables
c          level       conflicts         glue          remaining
c 
c w 65.30 84 68 78 21461 951891 58924 29% 36 107938 12225 21%
c t 65.31 84 68 78 21461 951891 58924 29% 36 107722 12225 21%
c e 65.33 84 68 78 21461 951891 56459 29% 36 107788 12165 21%
c s 65.35 84 68 78 21461 951891 56449 29% 36 107726 12165 21%
c - 66.78 84 67 79 21463 974528 49525 29% 36 107726 12165 21%
c W 68.16 84 66 79 21463 990081 64057 29% 36 107726 12165 21%
c - 68.77 84 65 80 21463 999305 50371 29% 36 107726 12165 21%
c ] 68.81 84 65 80 21463 1000000 51036 29% 36 107726 12165 21%
c ? 68.81 84 65 80 21463 1000000 51036 29% 36 107726 12165 21%
c 
c --- [ closing proof ] ------------------------------------------------------
c 
c DRAT proof file '/tmp/conway99-joint-factor-NZpsKn/proof.drat' closed
c DRAT 1461888 added clauses 49.55%
c DRAT 1488222 deleted clauses 50.45%
c DRAT 574434634 bytes (547.82 MB)
c 
c --- [ result ] -------------------------------------------------------------
c 
c UNKNOWN
c 
c --- [ run-time profiling ] -------------------------------------------------
c 
c process time taken by individual solving procedures
c (percentage relative to process time for solving)
c 
c        65.37   95.13% search
c        42.62   62.02% stable
c        20.15   29.33% unstable
c         3.34    4.86% simplify
c         2.60    3.78% walk
c         0.97    1.42% vivify
c         0.71    1.04% probe
c         0.60    0.87% elim
c         0.48    0.70% subsume
c         0.27    0.39% ternary
c         0.09    0.14% parse
c         0.01    0.01% lucky
c   =================================
c        68.72   99.86% solve
c 
c last line shows process time for solving
c (percentage relative to total process time)
c 
c --- [ statistics ] ---------------------------------------------------------
c 
c chronological:            221040        22.10 %  of conflicts
c conflicts:               1000000     14552.69    per second
c decisions:               2991680     43536.99    per second
c eliminated:                27960        47.50 %  of all variables
c fixed:                     18652        31.69 %  of all variables
c learned:                  979256        97.93 %  per conflict
c learned_lits:           83823512       100.00 %  learned literals
c minimized:                     0         0.00 %  learned literals
c shrunken:               13522472        16.13 %  learned literals
c minishrunken:            7807846         9.31 %  learned literals
c otfs:                       1578         0.16 %  of conflict
c propagations:          530564815         7.72 M  per second
c reduced:                  855586        85.56 %  per conflict
c rephased:                     44     22727.27    interval
c restarts:                  21463        46.59    interval
c stabilizing:                   5        65.90 %  of conflicts
c substituted:                  83         0.14 %  of all variables
c subsumed:                  42236         2.62 %  of all clauses
c strengthened:              15149         0.94 %  of all clauses
c ternary:                   19834         0.39 %  of resolved
c trail reuses:                  0         0.00 %  of incremental calls
c vivified:                   5391         0.33 %  of all clauses
c walked:                       14     71428.57    interval
c weakened:                 109599         2.49    average size
c 
c seconds are measured in process time for solving
c 
c --- [ resources ] ----------------------------------------------------------
c 
c total process time since initialization:        68.81    seconds
c total real time since initialization:           69.55    seconds
c maximum resident set size of process:           84.44    MB
c 
c --- [ shutting down ] ------------------------------------------------------
c 
c exit 0
