c --- [ banner ] -------------------------------------------------------------
c 
c CaDiCaL SAT Solver
c Copyright (c) 2016-2023 A. Biere, M. Fleury, N. Froleyks, K. Fazekas, F. Pollitt
c 
c Version 1.9.5 146207318796f094dcded87349a64f0c6927309e
c g++ (Ubuntu 13.3.0-6ubuntu2~24.04.1) 13.3.0 -Wall -Wextra -O3 -DNDEBUG
c Wed Sep 30 06:02:32 JST 2026 Linux ikutoPC 6.6.87.2-microsoft-standard-WSL2 x86_64
c 
c --- [ limit ] --------------------------------------------------------------
c 
c setting conflict limit to 1000000 conflicts (due to '1000000')
c 
c --- [ proof tracing ] ------------------------------------------------------
c 
c opening file to write '/tmp/conway99-seven-profile-rank5_112_profile_0005-qGU9ar/proof.drat'
c writing non-binary proof trace to '/tmp/conway99-seven-profile-rank5_112_profile_0005-qGU9ar/proof.drat'
c 
c --- [ parsing input ] ------------------------------------------------------
c 
c reading DIMACS file from '/mnt/c/Users/ikuto/projects/conway-99-graph/acceleration/results/20260930_hadamard_seven_remaining_cnfs/run01/rank5_112_profile_0005/instance.cnf'
c opening file to read '/mnt/c/Users/ikuto/projects/conway-99-graph/acceleration/results/20260930_hadamard_seven_remaining_cnfs/run01/rank5_112_profile_0005/instance.cnf'
c found 'p cnf 9880 170650' header
c parsed 170650 clauses in 0.07 seconds process time
c 
c --- [ options ] ------------------------------------------------------------
c 
c   --binary=false                 (different from default 'true')
c 
c --- [ solving ] ------------------------------------------------------------
c 
c time measured in process time since initialization
c 
c  seconds  reductions  redundant  irredundant
c         MB    restarts       trail      variables
c          level   conflicts       glue        remaining
c 
c *  0.07 17  0 0   0    0    0  0% 0 120722 6954 70%
c {  0.07 18  0 0   0    0    0  0% 0 120722 6954 70%
c i  0.07 18  2 0   0    8    7 36% 1 120722 6922 70%
c i  0.08 19 43 0  20  226  162 53% 7 120722 6921 70%
c i  0.08 19 44 0  20  233  168 53% 7 120722 6863 69%
c i  0.08 19 45 0  20  240  174 53% 7 120722 6861 69%
c -  0.09 19 49 1  25  308  211 53% 8 116324 6855 69%
c i  0.09 19 49 1  25  310  212 53% 8 116324 6854 69%
c i  0.09 19 48 1  25  311  212 53% 8 116324 6801 69%
c i  0.10 19 37 1  30  423  276 54% 7 116324 6800 69%
c i  0.10 19 35 1  30  455  294 53% 7 116324 6799 69%
c i  0.10 19 32 1  30  529  353 53% 6 116324 6675 68%
c i  0.10 19 30 1  35  638  426 53% 6 116324 6674 68%
c i  0.11 19 29 1  35  681  448 53% 6 116324 6673 68%
c i  0.11 19 29 1  35  716  475 52% 6 116324 6672 68%
c i  0.11 19 29 1  36  804  543 52% 6 116324 6667 67%
c i  0.11 19 27 1  37  839  555 52% 6 116324 6666 67%
c i  0.11 19 27 1  38  913  613 52% 6 116324 6663 67%
c i  0.11 19 27 1  38  914  613 52% 6 116324 6662 67%
c i  0.11 19 27 1  38  917  615 52% 6 116324 6661 67%
c 
c  seconds  reductions  redundant  irredundant
c         MB    restarts       trail      variables
c          level   conflicts       glue        remaining
c 
c i  0.11 19 26 1  38  918  615 52% 6 116324 6660 67%
c i  0.11 19 26 1  38  919  615 52% 6 116324 6659 67%
c i  0.11 19 26 1  38  920  615 52% 6 116324 6658 67%
c i  0.11 19 26 1  38  921  615 52% 6 116324 6657 67%
c i  0.11 19 26 1  38  922  615 52% 6 116324 6656 67%
c i  0.11 19 26 1  38  929  620 52% 6 116324 6652 67%
c i  0.11 19 26 1  38  930  620 52% 6 116324 6651 67%
c i  0.11 19 26 1  38  931  620 52% 6 116324 6650 67%
c i  0.11 19 26 1  38  932  620 52% 6 116324 6649 67%
c i  0.11 19 26 1  38  933  620 52% 6 116324 6648 67%
c i  0.11 19 26 1  38  934  620 52% 6 116324 6647 67%
c i  0.11 19 26 1  38  935  620 52% 6 116324 6646 67%
c i  0.11 19 26 1  38  940  624 52% 6 116324 6645 67%
c i  0.11 19 26 1  38  942  624 52% 6 116324 6644 67%
c -  0.13 24 26 2  38  949  408 52% 6 109517 6644 67%
c i  0.13 24 26 2  38  955  413 52% 6 109517 6643 67%
c i  0.13 24 26 2  38  956  413 52% 6 109517 6642 67%
c i  0.13 24 26 2  40  974  422 52% 6 109517 6641 67%
c i  0.13 24 26 2  40  975  422 52% 6 109517 6640 67%
c }  0.13 24 26 2  44 1000  431 52% 6 109517 6640 67%
c 
c  seconds  reductions  redundant  irredundant
c         MB    restarts       trail      variables
c          level   conflicts       glue        remaining
c 
c [  0.13 24  0 2  44 1000  431  0% 0 109517 6640 67%
c O  0.13 24 22 2  44 1002  432 48% 0 109517 6640 67%
c i  0.13 24 22 2  44 1002  432 48% 0 109517 6575 67%
c i  0.13 24  6 2  44 1014  438 55% 2 109517 6574 67%
c i  0.13 24  7 2  44 1033  449 55% 4 109517 5927 60%
c i  0.13 24  6 2  44 1039  450 55% 3 109517 5045 51%
c ]  0.13 24  6 2  44 1041  450 55% 3 109517 4555 46%
c 0  0.13 24  6 2  44 1041  450 55% 3 109517 4555 46%
c 
c --- [ closing proof ] ------------------------------------------------------
c 
c DRAT proof file '/tmp/conway99-seven-profile-rank5_112_profile_0005-qGU9ar/proof.drat' closed
c DRAT 8210 added clauses 11.44%
c DRAT 63567 deleted clauses 88.56%
c DRAT 1894348 bytes (1.81 MB)
c 
c --- [ result ] -------------------------------------------------------------
c 
s UNSATISFIABLE
c 
c --- [ run-time profiling ] -------------------------------------------------
c 
c process time taken by individual solving procedures
c (percentage relative to process time for solving)
c 
c         0.07  118.06% parse
c         0.06   98.80% search
c         0.06   92.97% unstable
c         0.00    3.89% stable
c         0.00    1.88% lucky
c         0.00    0.00% simplify
c   =================================
c         0.06   45.57% solve
c 
c last line shows process time for solving
c (percentage relative to total process time)
c 
c --- [ statistics ] ---------------------------------------------------------
c 
c chronological:               479        46.01 %  of conflicts
c conflicts:                  1041     17323.73    per second
c decisions:                  3457     57529.41    per second
c fixed:                      5325        53.90 %  of all variables
c learned:                     876        84.15 %  per conflict
c learned_lits:              39588       100.00 %  learned literals
c minimized:                     0         0.00 %  learned literals
c shrunken:                  19076        48.19 %  learned literals
c minishrunken:               3515         8.88 %  learned literals
c otfs:                          6         0.58 %  of conflict
c propagations:             532822         8.87 M  per second
c reduced:                      21         2.02 %  per conflict
c rephased:                      1      1041.00    interval
c restarts:                     44        23.66    interval
c stabilizing:                   1         3.94 %  of conflicts
c subsumed:                    156         0.13 %  of all clauses
c strengthened:                  6         0.00 %  of all clauses
c trail reuses:                  0         0.00 %  of incremental calls
c 
c seconds are measured in process time for solving
c 
c --- [ resources ] ----------------------------------------------------------
c 
c total process time since initialization:         0.13    seconds
c total real time since initialization:            0.77    seconds
c maximum resident set size of process:           23.73    MB
c 
c --- [ shutting down ] ------------------------------------------------------
c 
c exit 20
