c --- [ banner ] -------------------------------------------------------------
c 
c CaDiCaL SAT Solver
c Copyright (c) 2016-2023 A. Biere, M. Fleury, N. Froleyks, K. Fazekas, F. Pollitt
c 
c Version 1.9.5 146207318796f094dcded87349a64f0c6927309e
c g++ (Ubuntu 13.3.0-6ubuntu2~24.04.1) 13.3.0 -Wall -Wextra -O3 -DNDEBUG
c Wed Sep 30 06:02:32 JST 2026 Linux ikutoPC 6.6.87.2-microsoft-standard-WSL2 x86_64
c 
c --- [ limit ] --------------------------------------------------------------
c 
c setting conflict limit to 1000000 conflicts (due to '1000000')
c 
c --- [ proof tracing ] ------------------------------------------------------
c 
c opening file to write '/tmp/conway99-seven-profile-rank5_121_profile_0001-3kWMKo/proof.drat'
c writing non-binary proof trace to '/tmp/conway99-seven-profile-rank5_121_profile_0001-3kWMKo/proof.drat'
c 
c --- [ parsing input ] ------------------------------------------------------
c 
c reading DIMACS file from '/mnt/c/Users/ikuto/projects/conway-99-graph/acceleration/results/20260930_hadamard_seven_remaining_cnfs/run01/rank5_121_profile_0001/instance.cnf'
c opening file to read '/mnt/c/Users/ikuto/projects/conway-99-graph/acceleration/results/20260930_hadamard_seven_remaining_cnfs/run01/rank5_121_profile_0001/instance.cnf'
c found 'p cnf 9872 170454' header
c parsed 170454 clauses in 0.06 seconds process time
c 
c --- [ options ] ------------------------------------------------------------
c 
c   --binary=false                 (different from default 'true')
c 
c --- [ solving ] ------------------------------------------------------------
c 
c time measured in process time since initialization
c 
c  seconds  reductions  redundant  irredundant
c         MB    restarts       trail      variables
c          level   conflicts       glue        remaining
c 
c *  0.06 18  0 0   0    0    0  0% 0 120522 6945 70%
c {  0.06 18  0 0   0    0    0  0% 0 120522 6945 70%
c i  0.06 18  1 0   0    3    2 32% 1 120522 6944 70%
c i  0.06 18  1 0   0    4    2 31% 0 120522 6928 70%
c i  0.06 18  9 0   0   16    8 36% 1 120522 6927 70%
c i  0.06 18 26 0   0   44   22 35% 8 120522 6832 69%
c i  0.06 19 25 0   0   45   22 35% 8 120522 6780 69%
c -  0.08 19 22 1   3  300  211 54% 6 114709 6779 69%
c i  0.09 19 22 1  19  466  332 54% 6 114709 6778 69%
c i  0.09 19 22 1  19  477  340 54% 6 114709 6777 69%
c i  0.09 19 20 1  26  560  392 53% 6 114709 6776 69%
c i  0.09 19 20 1  26  561  392 53% 6 114709 6773 69%
c i  0.09 19 20 1  26  594  415 53% 6 114709 6771 69%
c i  0.09 19 20 1  26  599  418 53% 6 114709 6770 69%
c i  0.10 19 20 1  34  695  493 53% 7 114709 6769 69%
c i  0.10 19 20 1  34  696  493 53% 7 114709 6768 69%
c i  0.10 19 20 1  34  697  493 53% 6 114709 6767 69%
c i  0.10 19 20 1  35  698  493 53% 6 114709 6766 69%
c i  0.10 19 20 1  35  699  493 53% 6 114709 6765 69%
c i  0.10 19 20 1  35  700  493 53% 6 114709 6764 69%
c 
c  seconds  reductions  redundant  irredundant
c         MB    restarts       trail      variables
c          level   conflicts       glue        remaining
c 
c i  0.10 19 20 1  36  701  493 53% 6 114709 6763 69%
c i  0.10 19 20 1  36  702  493 53% 6 114709 6762 68%
c i  0.10 19 20 1  36  703  493 53% 6 114709 6761 68%
c i  0.10 19 20 1  37  704  493 53% 6 114709 6760 68%
c i  0.10 19 20 1  37  705  493 53% 6 114709 6759 68%
c i  0.10 19 20 1  37  706  493 53% 6 114709 6758 68%
c i  0.10 19 20 1  37  707  493 53% 6 114709 6757 68%
c i  0.10 19 20 1  37  710  495 53% 6 114709 6756 68%
c i  0.10 19 21 1  40  724  508 53% 7 114709 6755 68%
c i  0.10 19 21 1  45  743  524 53% 7 114709 6754 68%
c i  0.10 19 21 1  46  744  524 53% 7 114709 6753 68%
c i  0.10 19 21 1  47  749  527 53% 7 114709 6752 68%
c i  0.10 19 21 1  47  750  527 53% 7 114709 6749 68%
c i  0.10 19 20 1  47  754  530 53% 6 114709 6748 68%
c i  0.10 19 20 1  47  756  531 53% 6 114709 6747 68%
c i  0.10 19 20 1  47  763  523 53% 6 114709 6742 68%
c i  0.10 19 20 1  51  788  542 52% 7 114709 6741 68%
c i  0.10 19 23 1  60  887  613 53% 7 114709 6740 68%
c i  0.11 19 22 1  66  910  618 53% 7 114709 6739 68%
c i  0.11 19 22 1  67  917  613 53% 7 114709 6738 68%
c 
c  seconds  reductions  redundant  irredundant
c         MB    restarts       trail      variables
c          level   conflicts       glue        remaining
c 
c i  0.11 19 22 1  67  938  621 53% 7 114709 6737 68%
c -  0.12 24 22 2  67  938  449 53% 7 113128 6737 68%
c i  0.12 24 22 2  67  939  449 53% 7 113128 6735 68%
c }  0.12 24 21 2  67 1001  508 53% 7 113128 6735 68%
c [  0.12 24  0 2  67 1001  508  0% 0 113128 6735 68%
c O  0.12 24  2 2  67 1002  509 61% 2 113128 6735 68%
c i  0.12 24  6 2  67 1032  518 56% 3 113128 6733 68%
c i  0.13 24  7 2  67 1110  586 56% 4 113128 4766 48%
c i  0.13 24  7 2  67 1117  589 56% 4 113128 3947 40%
c ]  0.13 24  7 2  67 1119  589 56% 3 113128 3389 34%
c 0  0.13 24  7 2  67 1119  589 56% 3 113128 3389 34%
c 
c --- [ closing proof ] ------------------------------------------------------
c 
c DRAT proof file '/tmp/conway99-seven-profile-rank5_121_profile_0001-3kWMKo/proof.drat' closed
c DRAT 9560 added clauses 13.78%
c DRAT 59813 deleted clauses 86.22%
c DRAT 1829203 bytes (1.74 MB)
c 
c --- [ result ] -------------------------------------------------------------
c 
s UNSATISFIABLE
c 
c --- [ run-time profiling ] -------------------------------------------------
c 
c process time taken by individual solving procedures
c (percentage relative to process time for solving)
c 
c         0.07   98.94% search
c         0.06   90.51% parse
c         0.06   86.91% unstable
c         0.01   10.20% stable
c         0.00    1.78% lucky
c         0.00    0.00% simplify
c   =================================
c         0.07   52.20% solve
c 
c last line shows process time for solving
c (percentage relative to total process time)
c 
c --- [ statistics ] ---------------------------------------------------------
c 
c chronological:               564        50.40 %  of conflicts
c conflicts:                  1119     16809.12    per second
c decisions:                  5250     78863.17    per second
c fixed:                      6483        65.67 %  of all variables
c learned:                    1011        90.35 %  per conflict
c learned_lits:              52430       100.00 %  learned literals
c minimized:                     0         0.00 %  learned literals
c shrunken:                  24954        47.59 %  learned literals
c minishrunken:               5256        10.02 %  learned literals
c otfs:                         13         1.16 %  of conflict
c propagations:             601429         9.03 M  per second
c reduced:                      34         3.04 %  per conflict
c rephased:                      1      1119.00    interval
c restarts:                     67        16.70    interval
c stabilizing:                   1        10.55 %  of conflicts
c subsumed:                    186         0.15 %  of all clauses
c strengthened:                 12         0.01 %  of all clauses
c trail reuses:                  0         0.00 %  of incremental calls
c 
c seconds are measured in process time for solving
c 
c --- [ resources ] ----------------------------------------------------------
c 
c total process time since initialization:         0.13    seconds
c total real time since initialization:            0.78    seconds
c maximum resident set size of process:           24.08    MB
c 
c --- [ shutting down ] ------------------------------------------------------
c 
c exit 20
