c --- [ banner ] -------------------------------------------------------------
c 
c CaDiCaL SAT Solver
c Copyright (c) 2016-2023 A. Biere, M. Fleury, N. Froleyks, K. Fazekas, F. Pollitt
c 
c Version 1.9.5 146207318796f094dcded87349a64f0c6927309e
c g++ (Ubuntu 13.3.0-6ubuntu2~24.04.1) 13.3.0 -Wall -Wextra -O3 -DNDEBUG
c Wed Sep 30 06:02:32 JST 2026 Linux ikutoPC 6.6.87.2-microsoft-standard-WSL2 x86_64
c 
c --- [ limit ] --------------------------------------------------------------
c 
c setting conflict limit to 1000000 conflicts (due to '1000000')
c 
c --- [ proof tracing ] ------------------------------------------------------
c 
c opening file to write '/tmp/conway99-seven-profile-rank5_49_profile_0001-yr5zlW/proof.drat'
c writing non-binary proof trace to '/tmp/conway99-seven-profile-rank5_49_profile_0001-yr5zlW/proof.drat'
c 
c --- [ parsing input ] ------------------------------------------------------
c 
c reading DIMACS file from '/mnt/c/Users/ikuto/projects/conway-99-graph/acceleration/results/20260930_hadamard_seven_remaining_cnfs/run02/rank5_49_profile_0001/instance.cnf'
c opening file to read '/mnt/c/Users/ikuto/projects/conway-99-graph/acceleration/results/20260930_hadamard_seven_remaining_cnfs/run02/rank5_49_profile_0001/instance.cnf'
c found 'p cnf 9872 170454' header
c parsed 170454 clauses in 0.06 seconds process time
c 
c --- [ options ] ------------------------------------------------------------
c 
c   --binary=false                 (different from default 'true')
c 
c --- [ solving ] ------------------------------------------------------------
c 
c time measured in process time since initialization
c 
c  seconds  reductions  redundant  irredundant
c         MB    restarts       trail      variables
c          level   conflicts       glue        remaining
c 
c *  0.06 17  0 0   0    0    0  0% 0 120522 6945 70%
c {  0.06 18  0 0   0    0    0  0% 0 120522 6945 70%
c i  0.06 18  2 0   0    5    2 34% 1 120522 6864 70%
c i  0.08 19 11 0  16  188  135 53% 5 120522 6230 63%
c i  0.08 19 11 0  16  189  135 53% 5 120522 6229 63%
c i  0.08 19 19 0  17  221  165 54% 5 120522 6228 63%
c i  0.08 19 19 0  22  238  181 54% 5 120522 6227 63%
c i  0.08 19 19 0  22  239  181 54% 5 120522 6217 63%
c i  0.08 19 19 0  22  240  181 54% 5 120522 6216 63%
c i  0.08 19 19 0  22  241  181 54% 5 120522 6215 63%
c i  0.08 19 19 0  22  254  191 54% 5 120522 6214 63%
c i  0.08 19 19 0  22  255  191 54% 5 120522 6213 63%
c i  0.08 19 19 0  22  259  193 54% 5 120522 6212 63%
c i  0.08 19 18 0  22  261  193 54% 5 120522 6211 63%
c i  0.08 19 18 0  22  265  193 54% 5 120522 6210 63%
c i  0.08 19 18 0  22  269  196 54% 5 120522 4991 51%
c i  0.08 19 18 0  22  272  198 54% 5 120522 4988 51%
c i  0.08 19 18 0  22  280  201 54% 4 120522 4959 50%
c }  0.08 19 18 0  22  282  201 54% 4 120522 4294 43%
c 0  0.08 19 18 0  22  282  201 54% 4 120522 4294 43%
c 
c --- [ closing proof ] ------------------------------------------------------
c 
c DRAT proof file '/tmp/conway99-seven-profile-rank5_49_profile_0001-yr5zlW/proof.drat' closed
c DRAT 6685 added clauses 11.62%
c DRAT 50837 deleted clauses 88.38%
c DRAT 1307642 bytes (1.25 MB)
c 
c --- [ result ] -------------------------------------------------------------
c 
s UNSATISFIABLE
c 
c --- [ run-time profiling ] -------------------------------------------------
c 
c process time taken by individual solving procedures
c (percentage relative to process time for solving)
c 
c         0.06  349.47% parse
c         0.02   95.61% search
c         0.02   92.07% unstable
c         0.00    3.42% lucky
c         0.00    0.00% simplify
c   =================================
c         0.02   22.04% solve
c 
c last line shows process time for solving
c (percentage relative to total process time)
c 
c --- [ statistics ] ---------------------------------------------------------
c 
c chronological:               172        60.99 %  of conflicts
c conflicts:                   282     15832.02    per second
c decisions:                  1459     81911.07    per second
c fixed:                      5578        56.50 %  of all variables
c learned:                     266        94.33 %  per conflict
c learned_lits:              13734       100.00 %  learned literals
c minimized:                     0         0.00 %  learned literals
c shrunken:                   9506        69.22 %  learned literals
c minishrunken:                421         3.07 %  learned literals
c otfs:                          6         2.13 %  of conflict
c propagations:             188056        10.56 M  per second
c restarts:                     22        12.82    interval
c subsumed:                     48         0.04 %  of all clauses
c strengthened:                  5         0.00 %  of all clauses
c trail reuses:                  0         0.00 %  of incremental calls
c 
c seconds are measured in process time for solving
c 
c --- [ resources ] ----------------------------------------------------------
c 
c total process time since initialization:         0.08    seconds
c total real time since initialization:            0.78    seconds
c maximum resident set size of process:           18.66    MB
c 
c --- [ shutting down ] ------------------------------------------------------
c 
c exit 20
