c --- [ banner ] -------------------------------------------------------------
c 
c CaDiCaL SAT Solver
c Copyright (c) 2016-2023 A. Biere, M. Fleury, N. Froleyks, K. Fazekas, F. Pollitt
c 
c Version 1.9.5 146207318796f094dcded87349a64f0c6927309e
c g++ (Ubuntu 13.3.0-6ubuntu2~24.04.1) 13.3.0 -Wall -Wextra -O3 -DNDEBUG
c Wed Sep 30 06:02:32 JST 2026 Linux ikutoPC 6.6.87.2-microsoft-standard-WSL2 x86_64
c 
c --- [ limit ] --------------------------------------------------------------
c 
c setting conflict limit to 1000000 conflicts (due to '1000000')
c 
c --- [ proof tracing ] ------------------------------------------------------
c 
c opening file to write '/tmp/conway99-seven-profile-rank5_49_profile_0003-lXVGJL/proof.drat'
c writing non-binary proof trace to '/tmp/conway99-seven-profile-rank5_49_profile_0003-lXVGJL/proof.drat'
c 
c --- [ parsing input ] ------------------------------------------------------
c 
c reading DIMACS file from '/mnt/c/Users/ikuto/projects/conway-99-graph/acceleration/results/20260930_hadamard_seven_remaining_cnfs/run02/rank5_49_profile_0003/instance.cnf'
c opening file to read '/mnt/c/Users/ikuto/projects/conway-99-graph/acceleration/results/20260930_hadamard_seven_remaining_cnfs/run02/rank5_49_profile_0003/instance.cnf'
c found 'p cnf 9872 170454' header
c parsed 170454 clauses in 0.07 seconds process time
c 
c --- [ options ] ------------------------------------------------------------
c 
c   --binary=false                 (different from default 'true')
c 
c --- [ solving ] ------------------------------------------------------------
c 
c time measured in process time since initialization
c 
c  seconds  reductions  redundant  irredundant
c         MB    restarts       trail      variables
c          level   conflicts       glue        remaining
c 
c *  0.07 18  0 0   0    0    0  0% 0 120522 6945 70%
c {  0.07 18  0 0   0    0    0  0% 0 120522 6945 70%
c i  0.07 18  0 0   0    1    0 31% 0 120522 6871 70%
c i  0.08 19 25 0   5  300  209 55% 6 120522 6868 70%
c -  0.09 19 25 1   5  300  109 55% 6 117159 6868 70%
c i  0.09 19 24 1   5  317  118 54% 5 117159 6867 70%
c i  0.09 19 22 1   5  361  144 54% 5 117159 6866 70%
c i  0.10 19 24 1  12  509  263 53% 5 117159 6865 70%
c i  0.10 19 24 1  13  510  263 53% 5 117159 6863 70%
c i  0.10 19 24 1  13  511  263 53% 5 117159 6862 70%
c i  0.10 19 24 1  13  512  263 53% 5 117159 6861 69%
c i  0.10 19 24 1  13  513  263 53% 5 117159 6860 69%
c i  0.10 19 24 1  18  542  287 53% 5 117159 6803 69%
c i  0.10 19 24 1  18  557  299 53% 5 117159 6802 69%
c i  0.11 19 23 1  31  712  407 53% 5 117159 4961 50%
c i  0.11 19 23 1  31  713  407 53% 5 117159 4129 42%
c i  0.11 19 23 1  31  714  407 53% 5 117159 4082 41%
c i  0.11 19 23 1  31  715  407 53% 5 117159 3977 40%
c i  0.11 19 23 1  31  716  407 53% 5 117159 3975 40%
c i  0.11 19 23 1  31  717  407 53% 5 117159 3971 40%
c 
c  seconds  reductions  redundant  irredundant
c         MB    restarts       trail      variables
c          level   conflicts       glue        remaining
c 
c }  0.11 19 23 1  31  719  407 53% 5 117159 3583 36%
c 0  0.11 19 23 1  31  719  407 53% 5 117159 3583 36%
c 
c --- [ closing proof ] ------------------------------------------------------
c 
c DRAT proof file '/tmp/conway99-seven-profile-rank5_49_profile_0003-lXVGJL/proof.drat' closed
c DRAT 8220 added clauses 13.04%
c DRAT 54818 deleted clauses 86.96%
c DRAT 1524073 bytes (1.45 MB)
c 
c --- [ result ] -------------------------------------------------------------
c 
s UNSATISFIABLE
c 
c --- [ run-time profiling ] -------------------------------------------------
c 
c process time taken by individual solving procedures
c (percentage relative to process time for solving)
c 
c         0.07  172.50% parse
c         0.04   97.94% search
c         0.04   96.55% unstable
c         0.00    1.33% lucky
c         0.00    0.00% simplify
c   =================================
c         0.04   36.43% solve
c 
c last line shows process time for solving
c (percentage relative to total process time)
c 
c --- [ statistics ] ---------------------------------------------------------
c 
c chronological:               366        50.90 %  of conflicts
c conflicts:                   719     18371.83    per second
c decisions:                  2837     72490.80    per second
c fixed:                      6289        63.71 %  of all variables
c learned:                     642        89.29 %  per conflict
c learned_lits:              29444       100.00 %  learned literals
c minimized:                     0         0.00 %  learned literals
c shrunken:                  18616        63.23 %  learned literals
c minishrunken:               1514         5.14 %  learned literals
c otfs:                          3         0.42 %  of conflict
c propagations:             395065        10.09 M  per second
c restarts:                     31        23.19    interval
c subsumed:                    117         0.10 %  of all clauses
c strengthened:                  3         0.00 %  of all clauses
c trail reuses:                  0         0.00 %  of incremental calls
c 
c seconds are measured in process time for solving
c 
c --- [ resources ] ----------------------------------------------------------
c 
c total process time since initialization:         0.11    seconds
c total real time since initialization:            0.69    seconds
c maximum resident set size of process:           19.53    MB
c 
c --- [ shutting down ] ------------------------------------------------------
c 
c exit 20
