c --- [ banner ] -------------------------------------------------------------
c 
c CaDiCaL SAT Solver
c Copyright (c) 2016-2023 A. Biere, M. Fleury, N. Froleyks, K. Fazekas, F. Pollitt
c 
c Version 1.9.5 146207318796f094dcded87349a64f0c6927309e
c g++ (Ubuntu 13.3.0-6ubuntu2~24.04.1) 13.3.0 -Wall -Wextra -O3 -DNDEBUG
c Wed Sep 30 06:02:32 JST 2026 Linux ikutoPC 6.6.87.2-microsoft-standard-WSL2 x86_64
c 
c --- [ limit ] --------------------------------------------------------------
c 
c setting conflict limit to 1000000 conflicts (due to '1000000')
c 
c --- [ proof tracing ] ------------------------------------------------------
c 
c opening file to write '/tmp/conway99-seven-profile-rank5_64_profile_0074-EWpZrQ/proof.drat'
c writing non-binary proof trace to '/tmp/conway99-seven-profile-rank5_64_profile_0074-EWpZrQ/proof.drat'
c 
c --- [ parsing input ] ------------------------------------------------------
c 
c reading DIMACS file from '/mnt/c/Users/ikuto/projects/conway-99-graph/acceleration/results/20260930_hadamard_seven_remaining_cnfs/run02/rank5_64_profile_0074/instance.cnf'
c opening file to read '/mnt/c/Users/ikuto/projects/conway-99-graph/acceleration/results/20260930_hadamard_seven_remaining_cnfs/run02/rank5_64_profile_0074/instance.cnf'
c found 'p cnf 9872 170454' header
c parsed 170454 clauses in 0.07 seconds process time
c 
c --- [ options ] ------------------------------------------------------------
c 
c   --binary=false                 (different from default 'true')
c 
c --- [ solving ] ------------------------------------------------------------
c 
c time measured in process time since initialization
c 
c  seconds  reductions  redundant  irredundant
c         MB    restarts       trail      variables
c          level   conflicts       glue        remaining
c 
c *  0.07 17  0 0   0    0    0  0% 0 120550 6945 70%
c {  0.07 18  0 0   0    0    0  0% 0 120550 6945 70%
c i  0.07 18  0 0   0    1    0 31% 0 120550 6880 70%
c i  0.07 18  1 0   0    2    0 32% 0 120550 6879 70%
c i  0.07 18 26 0   0   10    7 45% 3 120550 6877 70%
c -  0.09 19 27 1  22  302  212 55% 5 117528 6877 70%
c i  0.10 19 29 1  41  539  394 57% 5 117528 6876 70%
c i  0.11 19 28 1  41  560  405 57% 5 117528 6875 70%
c i  0.12 19 24 1  64  745  528 57% 5 117528 6874 70%
c i  0.12 19 24 1  64  746  528 57% 5 117528 6873 70%
c i  0.13 19 24 1  68  890  639 56% 5 117528 6872 70%
c -  0.14 24 24 2  68  947  527 57% 5 117297 6872 70%
c }  0.14 24 23 2  68 1000  567 57% 5 117297 6872 70%
c [  0.14 24  0 2  68 1000  567  0% 0 117297 6872 70%
c O  0.15 24 131 2  68 1066  591 55% 9 117297 6872 70%
c i  0.15 24 131 2  68 1066  591 55% 9 117297 6867 70%
c i  0.16 24 33 2  68 1225  712 54% 8 117297 6842 69%
c i  0.16 24 30 2  68 1305  765 54% 9 117297 6841 69%
c i  0.16 24 26 2  68 1353  800 53% 8 117297 6049 61%
c i  0.16 24 25 2  68 1367  809 53% 8 117297 6048 61%
c 
c  seconds  reductions  redundant  irredundant
c         MB    restarts       trail      variables
c          level   conflicts       glue        remaining
c 
c i  0.16 24 25 2  68 1376  815 53% 8 117297 6047 61%
c i  0.16 24 25 2  68 1378  815 53% 8 117297 6046 61%
c i  0.16 24 25 2  68 1384  820 53% 8 117297 6045 61%
c i  0.16 24 25 2  68 1385  820 53% 8 117297 6044 61%
c i  0.16 24 25 2  68 1386  820 53% 8 117297 6042 61%
c i  0.16 24 25 2  68 1388  821 53% 8 117297 6041 61%
c i  0.17 24 24 2  68 1393  825 53% 8 117297 6040 61%
c ]  0.17 24 23 2  68 1436  853 53% 7 117297 5363 54%
c 0  0.17 24 23 2  68 1436  853 53% 7 117297 5363 54%
c 
c --- [ closing proof ] ------------------------------------------------------
c 
c DRAT proof file '/tmp/conway99-seven-profile-rank5_64_profile_0074-EWpZrQ/proof.drat' closed
c DRAT 7266 added clauses 11.66%
c DRAT 55060 deleted clauses 88.34%
c DRAT 1764770 bytes (1.68 MB)
c 
c --- [ result ] -------------------------------------------------------------
c 
s UNSATISFIABLE
c 
c --- [ run-time profiling ] -------------------------------------------------
c 
c process time taken by individual solving procedures
c (percentage relative to process time for solving)
c 
c         0.10   99.17% search
c         0.08   75.16% unstable
c         0.07   65.63% parse
c         0.02   22.62% stable
c         0.00    1.34% lucky
c         0.00    0.00% simplify
c   =================================
c         0.10   60.00% solve
c 
c last line shows process time for solving
c (percentage relative to total process time)
c 
c --- [ statistics ] ---------------------------------------------------------
c 
c chronological:               682        47.49 %  of conflicts
c conflicts:                  1436     14219.09    per second
c decisions:                  5293     52410.61    per second
c fixed:                      4509        45.67 %  of all variables
c learned:                    1279        89.07 %  per conflict
c learned_lits:              90779       100.00 %  learned literals
c minimized:                     0         0.00 %  learned literals
c shrunken:                  41289        45.48 %  learned literals
c minishrunken:               9244        10.18 %  learned literals
c otfs:                         19         1.32 %  of conflict
c propagations:             858717         8.50 M  per second
c reduced:                      19         1.32 %  per conflict
c rephased:                      1      1436.00    interval
c restarts:                     68        21.12    interval
c stabilizing:                   1        30.29 %  of conflicts
c subsumed:                    236         0.19 %  of all clauses
c strengthened:                 18         0.01 %  of all clauses
c trail reuses:                  0         0.00 %  of incremental calls
c 
c seconds are measured in process time for solving
c 
c --- [ resources ] ----------------------------------------------------------
c 
c total process time since initialization:         0.17    seconds
c total real time since initialization:            0.80    seconds
c maximum resident set size of process:           24.08    MB
c 
c --- [ shutting down ] ------------------------------------------------------
c 
c exit 20
