c --- [ banner ] -------------------------------------------------------------
c 
c CaDiCaL SAT Solver
c Copyright (c) 2016-2023 A. Biere, M. Fleury, N. Froleyks, K. Fazekas, F. Pollitt
c 
c Version 1.9.5 146207318796f094dcded87349a64f0c6927309e
c g++ (Ubuntu 13.3.0-6ubuntu2~24.04.1) 13.3.0 -Wall -Wextra -O3 -DNDEBUG
c Wed Sep 30 06:02:32 JST 2026 Linux ikutoPC 6.6.87.2-microsoft-standard-WSL2 x86_64
c 
c --- [ limit ] --------------------------------------------------------------
c 
c setting conflict limit to 2000000 conflicts (due to '2000000')
c 
c --- [ proof tracing ] ------------------------------------------------------
c 
c opening file to write '/tmp/conway99-connected-core-02-QoikdF/proof.drat'
c writing non-binary proof trace to '/tmp/conway99-connected-core-02-QoikdF/proof.drat'
c 
c --- [ parsing input ] ------------------------------------------------------
c 
c reading DIMACS file from '/mnt/c/Users/ikuto/projects/conway-99-graph/acceleration/results/20260930_connected_fixed_core_cnf/core_02/instance.cnf'
c opening file to read '/mnt/c/Users/ikuto/projects/conway-99-graph/acceleration/results/20260930_connected_fixed_core_cnf/core_02/instance.cnf'
c found 'p cnf 110904 518184' header
c parsed 518184 clauses in 0.24 seconds process time
c 
c --- [ options ] ------------------------------------------------------------
c 
c   --binary=false                 (different from default 'true')
c 
c --- [ solving ] ------------------------------------------------------------
c 
c time measured in process time since initialization
c 
c  seconds  reductions  redundant  irredundant
c         MB    restarts       trail       variables
c          level   conflicts       glue         remaining
c 
c *  0.24 77  0 0   0    0    0  0% 0 514968 58140 52%
c {  0.24 78  0 0   0    0    0  0% 0 514968 58140 52%
c i  0.24 78  1 0   0    1    0 49% 0 514968 58139 52%
c i  0.24 78  1 0   0    2    0 49% 0 514968 58138 52%
c i  0.24 78  1 0   0    3    0 49% 0 514968 58137 52%
c i  0.24 78  1 0   1    4    0 49% 0 514968 58136 52%
c i  0.24 78  4 0   1    6    1 49% 0 514968 58135 52%
c i  0.24 78  6 0   1    8    2 50% 0 514968 58134 52%
c i  0.28 79 47 0  64  281  263 56% 9 514968 58133 52%
c i  0.28 79 47 0  64  282  263 56% 9 514968 58132 52%
c i  0.28 79 47 0  64  283  263 56% 9 514968 58131 52%
c i  0.28 79 47 0  64  284  263 56% 9 514968 58130 52%
c -  0.32 77 49 1  65  300  278 56% 9 221728 58130 52%
c }  0.40 79 49 1 164 1000  950 57% 10 221728 58130 52%
c [  0.40 79  0 1 164 1000  950  0% 0 221728 58130 52%
c O  0.40 79 35 1 164 1002  952 54% 2 221728 58130 52%
c -  0.44 88 38 2 164 1107  929 59% 8 221728 58130 52%
c -  0.59 89 62 3 165 2318 1643 65% 25 221728 58130 52%
c ]  0.67 89 62 3 165 3001 2279 65% 28 221728 58130 52%
c {  0.67 89 49 3 165 3001 2279 57% 10 221728 58130 52%
c 
c  seconds  reductions  redundant   irredundant
c         MB    restarts       trail        variables
c          level   conflicts       glue          remaining
c 
c F  0.72 74 49 3 165 3003 2281  3% 10 221728 58130 52%
c -  0.81 76 53 4 274 3932 2309 19% 11 221728 58130 52%
c d  0.91 81 52 4 367 5001 3343 19% 11 181676 40614 37%
c 2  0.96 81 52 4 367 5001 3345 19% 11 181646 40614 37%
c p  1.00 81 52 4 367 5001 14421 19% 11 181646 39688 36%
c -  1.09 87 51 5 468 5952 2885 18% 11 177942 39688 36%
c #  1.10 87 51 5 477 6004 2937 18% 11 177942 39688 36%
c s  1.14 88 51 5 506 6295 3214 18% 11 173067 39688 36%
c v  1.17 88 51 5 506 6295 3214 18% 11 173023 39688 36%
c w  1.18 88 51 5 506 6295 3214 18% 11 173023 39688 36%
c t  1.19 88 51 5 506 6295 3214 18% 11 172831 39685 36%
c e  1.27 89 51 5 506 6295  234 18% 11 136541 17679 16%
c s  1.29 89 51 5 506 6295  232 18% 11 133458 17679 16%
c e  1.31 89 51 5 506 6295  232 18% 11 133397 17580 16%
c }  1.34 89 52 5 573 7003  910 16% 11 133397 17580 16%
c [  1.34 89 62 5 573 7003  910 123% 28 133397 17580 16%
c -  1.40 89 79 6 574 8202 2002 81% 28 133397 17580 16%
c I  1.51 89 83 6 575 10005 3709  4% 31 133397 17580 16%
c -  1.53 71 84 7 576 10564 3178 14% 32 133397 17580 16%
c -  1.63 76 82 8 577 13265 3715 22% 30 133397 17580 16%
c 
c  seconds  reductions   redundant   irredundant
c         MB    restarts        trail        variables
c          level    conflicts       glue          remaining
c 
c 3  1.72 76 84 8 578 15001 7754 27% 33 133397 17580 16%
c 3  1.72 76 84 8 578 15001 8632 27% 33 133397 17580 16%
c 2  1.73 76 84 8 578 15001 8632 27% 33 132616 17580 16%
c p  1.80 76 84 8 578 15001 29603 27% 33 132616 16684 15%
c d  1.81 76 84 8 578 15001 21954 27% 33 127396 16659 15%
c d  1.81 76 84 8 578 15001 21954 27% 33 127312 16631 15%
c ]  1.81 76 84 8 578 15003 21956 27% 33 127312 16631 15%
c {  1.81 76 52 8 578 15003 21956 52% 11 127312 16631 15%
c B  1.82 76 52 8 579 15011 21964 51% 11 127312 16631 15%
c -  1.87 77 52 9 738 16302 5519 44% 11 127312 16631 15%
c s  1.95 77 51 9 923 17991 7099 39% 12 126844 16631 15%
c v  1.98 77 51 9 923 17991 7099 39% 12 126839 16631 15%
c w  1.98 77 51 9 923 17991 7099 39% 12 126839 16631 15%
c t  1.99 77 51 9 923 17991 6932 39% 12 126733 16615 15%
c e  2.01 77 51 9 923 17991 6730 39% 12 125970 15847 14%
c s  2.03 77 51 9 923 17991 6720 39% 12 125756 15847 14%
c e  2.03 77 51 9 923 17991 6720 39% 12 125739 15820 14%
c -  2.11 77 51 10 1075 19617 5393 18% 12 125739 15820 14%
c W  2.18 77 51 10 1217 21014 6723 18% 12 125739 15820 14%
c -  2.26 77 51 11 1464 23245 6192 18% 12 125739 15820 14%
c 
c  seconds  reductions     redundant   irredundant
c         MB     restarts         trail        variables
c          level      conflicts       glue          remaining
c 
c -  2.39 81 51 12 1847 27203 7013 18% 12 125739 15820 14%
c F  2.42 81 51 12 1930 28017 7793 18% 12 125739 15820 14%
c 3  2.49 81 51 12 2118 30002 12432 18% 13 125737 15820 14%
c 3  2.50 81 51 12 2118 30002 13822 18% 13 125737 15820 14%
c p  2.59 81 51 12 2118 30002 31458 18% 13 125737 15192 14%
c d  2.59 81 51 12 2118 30002 26709 18% 13 121877 15177 14%
c d  2.60 81 51 12 2118 30002 26709 18% 13 121875 15176 14%
c }  2.64 81 51 12 2212 31004 27671 18% 13 121875 15176 14%
c [  2.64 81 84 12 2212 31004 27671 29% 33 121875 15176 14%
c -  2.67 86 83 13 2212 31490 8264 29% 32 121875 15176 14%
c s  2.90 86 77 13 2215 35935 12465 33% 31 121423 15176 14%
c v  2.93 86 77 13 2215 35935 12465 33% 31 121406 15176 14%
c w  2.94 86 77 13 2215 35935 12465 33% 31 121406 15176 14%
c t  2.94 86 77 13 2215 35935 12409 33% 31 121269 15166 14%
c e  2.95 86 77 13 2215 35935 12384 33% 31 120548 14523 13%
c s  2.97 86 77 13 2215 35935 12360 33% 31 120441 14523 13%
c e  2.98 86 77 13 2215 35935 12317 33% 31 120441 14522 13%
c B  2.99 86 77 13 2215 36018 12398 33% 31 120441 14522 13%
c -  3.00 86 77 14 2215 36052 8350 33% 31 120441 14522 13%
c -  3.20 86 80 15 2218 40915 8312 32% 31 120441 14522 13%
c 
c  seconds  reductions      redundant   irredundant
c         MB     restarts          trail        variables
c          level      conflicts        glue          remaining
c 
c W  3.41 86 78 15 2219 45019 12163 31% 31 120441 14522 13%
c -  3.45 86 77 16 2220 46103 8967 31% 31 120441 14522 13%
c 3  3.64 86 75 16 2220 50002 13646 32% 31 120441 14522 13%
c 3  3.64 86 75 16 2220 50002 16260 32% 31 120441 14522 13%
c 2  3.65 86 75 16 2220 50002 16260 32% 31 120435 14522 13%
c p  3.74 86 75 16 2220 50002 31906 32% 31 120435 14401 13%
c d  3.74 86 75 16 2220 50002 27712 32% 31 119633 14400 13%
c -  3.84 86 74 17 2220 51614 9532 32% 31 119633 14400 13%
c O  4.02 86 72 17 2221 55022 12746 33% 31 119633 14400 13%
c -  4.10 86 70 18 2223 57434 10185 32% 31 119633 14400 13%
c s  4.24 86 70 18 2225 60352 12971 33% 30 119478 14400 13%
c v  4.27 86 70 18 2225 60352 12971 33% 30 119472 14400 13%
c w  4.27 86 70 18 2225 60352 12970 33% 30 119472 14400 13%
c t  4.27 86 70 18 2225 60352 12968 33% 30 119463 14400 13%
c e  4.28 86 70 18 2225 60352 12532 33% 30 119333 14252 13%
c s  4.29 86 70 18 2225 60352 12524 33% 30 119301 14252 13%
c ]  4.41 86 68 18 2227 63004 15001 33% 30 119301 14252 13%
c {  4.41 86 51 18 2227 63004 15001 18% 13 119301 14252 13%
c -  4.44 86 51 19 2262 63577 10347 18% 13 119301 14252 13%
c B  4.50 86 51 19 2383 66024 12689 19% 13 119301 14252 13%
c 
c  seconds  reductions      redundant   irredundant
c         MB     restarts          trail        variables
c          level      conflicts        glue          remaining
c 
c -  4.62 86 51 20 2646 70038 11146 19% 13 119301 14252 13%
c 3  4.78 86 51 20 3057 75002 16699 20% 13 119301 14252 13%
c p  4.87 86 51 20 3057 75002 29756 20% 13 119301 14225 13%
c -  4.96 86 51 21 3176 76820 12432 19% 13 119153 14225 13%
c W  5.04 86 51 21 3226 78028 13591 18% 13 119153 14225 13%
c -  5.24 86 51 22 3706 83922 13647 18% 13 119153 14225 13%
c s  5.51 86 51 22 4278 91008 20377 18% 13 119141 14225 13%
c v  5.54 86 51 22 4278 91008 20377 18% 13 119133 14225 13%
c w  5.55 86 51 22 4278 91008 20376 18% 13 119133 14225 13%
c t  5.55 86 51 22 4278 91008 20376 18% 13 119132 14225 13%
c e  5.56 86 51 22 4278 91008 20376 18% 13 119102 14198 13%
c s  5.56 86 51 22 4278 91008 20357 18% 13 119092 14198 13%
c e  5.57 86 51 22 4278 91008 20342 18% 13 119091 14196 13%
c #  5.58 86 51 22 4278 91029 20362 18% 13 119091 14196 13%
c -  5.60 86 51 23 4299 91347 14610 18% 13 119091 14196 13%
c -  5.89 86 51 24 4964 99093 15609 18% 13 119091 14196 13%
c 3  6.12 86 51 24 5520 105002 24027 18% 13 119091 14196 13%
c p  6.15 86 51 24 5520 105002 34616 18% 13 119091 14196 13%
c B  6.15 86 51 24 5522 105032 34643 18% 13 119091 14196 13%
c -  6.24 86 51 25 5674 107162 16677 18% 13 119091 14196 13%
c 
c  seconds  reductions       redundant   irredundant
c         MB     restarts           trail        variables
c          level      conflicts         glue          remaining
c 
c -  6.58 86 51 26 6512 115554 17726 18% 14 119091 14196 13%
c W  6.80 86 51 26 6845 120033 22019 18% 14 119091 14196 13%
c -  6.97 86 51 27 7212 124268 18654 18% 14 119091 14196 13%
c }  7.08 86 51 27 7526 127007 21282 18% 14 119091 14196 13%
c [  7.08 86 68 27 7526 127007 21282 36% 30 119091 14196 13%
c s  7.13 86 68 27 7526 127831 22004 36% 30 119081 14196 13%
c v  7.16 86 68 27 7526 127831 22004 36% 30 118804 14196 13%
c w  7.17 86 68 27 7526 127831 21998 36% 30 118804 14196 13%
c t  7.17 86 68 27 7526 127831 21997 36% 30 118803 14196 13%
c e  7.18 86 68 27 7526 127831 21947 36% 30 118802 14194 13%
c s  7.19 86 68 27 7526 127831 21925 36% 30 118798 14194 13%
c e  7.19 86 68 27 7526 127831 21906 36% 30 118796 14191 13%
c -  7.49 86 67 28 7529 133305 18943 36% 31 118796 14191 13%
c B  7.64 86 66 28 7531 136036 21519 36% 31 118796 14191 13%
c p  7.92 86 65 28 7533 140004 36447 36% 31 118796 14189 13%
c -  8.14 86 64 29 7533 142655 18715 36% 32 118783 14189 13%
c -  8.67 86 61 30 7535 152327 18954 35% 31 118783 14189 13%
c W  8.77 86 60 30 7535 153038 19639 35% 31 118783 14189 13%
c -  9.09 86 58 31 7535 162322 18878 34% 30 118783 14189 13%
c s  9.42 86 55 31 7538 170750 26733 33% 29 118768 14189 13%
c 
c  seconds  reductions       redundant   irredundant
c         MB     restarts           trail        variables
c          level      conflicts         glue          remaining
c 
c v  9.46 86 55 31 7538 170750 26733 33% 29 117764 14189 13%
c w  9.47 86 55 31 7538 170750 26730 33% 29 117764 14189 13%
c e  9.48 86 55 31 7538 170750 26728 33% 29 117761 14187 13%
c s  9.49 86 55 31 7538 170750 26693 33% 29 117760 14187 13%
c I  9.51 86 55 31 7538 171040 26973 33% 29 117760 14187 13%
c -  9.59 86 57 32 7539 172641 19459 33% 29 117760 14187 13%
c p  9.94 86 59 32 7542 180004 37717 32% 30 117760 14186 13%
c - 10.14 86 59 33 7545 183244 19533 31% 31 117754 14186 13%
c B 10.44 86 58 33 7549 190042 25672 31% 31 117754 14186 13%
c - 10.61 86 60 34 7550 194167 20532 30% 31 117754 14186 13%
c - 11.00 86 59 35 7553 205413 20942 29% 30 117754 14186 13%
c W 11.25 86 58 35 7557 210043 25266 29% 30 117754 14186 13%
c - 11.51 86 57 36 7560 216980 21296 28% 30 117754 14186 13%
c s 11.62 86 57 36 7562 219603 23736 28% 30 117749 14186 13%
c v 11.67 86 57 36 7562 219603 23736 28% 30 116513 14186 13%
c w 11.67 86 57 36 7562 219603 23735 28% 30 116513 14186 13%
c e 11.68 86 57 36 7562 219603 22693 28% 30 116509 14183 13%
c s 11.69 86 57 36 7562 219603 22683 28% 30 116507 14183 13%
c p 11.92 86 57 36 7564 225005 38923 28% 29 116507 14183 13%
c - 12.08 86 56 37 7565 228869 21697 28% 29 116507 14183 13%
c 
c  seconds  reductions       redundant   irredundant
c         MB     restarts           trail        variables
c          level      conflicts         glue          remaining
c 
c O 12.17 86 56 37 7565 231044 23711 28% 29 116507 14183 13%
c - 12.60 86 55 38 7566 241027 22805 29% 29 116507 14183 13%
c B 13.11 86 54 38 7567 253045 34069 28% 29 116507 14183 13%
c - 13.15 86 54 39 7567 253506 24355 28% 29 116507 14183 13%
c ] 13.20 86 54 39 7567 255008 25771 28% 29 116507 14183 13%
c { 13.20 86 51 39 7567 255008 25771 18% 14 116507 14183 13%
c - 13.61 86 51 40 8267 266302 24987 18% 14 116507 14183 13%
c s 13.95 86 51 40 8851 274293 32626 18% 14 116504 14183 13%
c v 13.99 86 51 40 8851 274293 32626 18% 14 115596 14183 13%
c w 14.00 86 51 40 8851 274293 32622 18% 14 115596 14183 13%
c s 14.04 86 51 40 8851 274293 32601 18% 14 115594 14183 13%
c p 14.12 86 51 40 8893 275005 44089 18% 14 115594 14183 13%
c F 14.17 86 51 40 8973 276047 45091 18% 14 115594 14183 13%
c - 14.30 86 51 41 9193 279420 26424 18% 14 115594 14183 13%
c - 14.83 86 51 42 10149 292813 27742 18% 14 115594 14183 13%
c B 15.11 86 51 42 10712 300048 34713 18% 14 115594 14183 13%
c - 15.40 86 51 43 11201 306524 29209 18% 14 115594 14183 13%
c - 16.00 86 51 44 12258 320555 30761 18% 14 115594 14183 13%
c W 16.32 86 51 44 12608 325049 35093 18% 14 115594 14183 13%
c 3 16.55 86 51 44 13033 330005 40356 18% 15 115594 14183 13%
c 
c  seconds  reductions        redundant   irredundant
c         MB      restarts           trail        variables
c          level       conflicts         glue          remaining
c 
c p 16.59 86 51 44 13033 330005 50901 18% 15 115594 14183 13%
c s 16.84 86 51 44 13416 334832 55098 18% 15 115557 14183 13%
c v 16.89 86 51 44 13416 334832 55098 18% 15 114170 14183 13%
c w 16.91 86 51 44 13416 334832 55073 18% 15 114170 14183 13%
c t 16.91 86 51 44 13416 334832 55071 18% 15 114165 14183 13%
c e 16.92 86 51 44 13416 334832 54727 18% 15 114126 14144 13%
c s 16.95 86 51 44 13416 334832 54611 18% 15 114016 14144 13%
c e 16.96 86 51 44 13416 334832 54550 18% 15 114015 14143 13%
c - 16.98 86 51 45 13419 334904 31739 18% 15 114015 14143 13%
c - 17.67 86 51 46 14607 349490 33058 18% 15 114015 14143 13%
c # 17.73 86 50 46 14686 351051 34561 18% 15 114015 14143 13%
c - 18.37 86 50 47 15705 364393 34323 18% 15 114015 14143 13%
c B 19.00 86 50 47 16701 378053 47485 18% 15 114015 14143 13%
c - 19.09 86 51 48 16801 379614 35809 18% 15 114015 14143 13%
c 3 19.56 86 50 48 17520 390005 48475 18% 15 114015 14143 13%
c 3 19.56 86 50 48 17520 390005 49845 18% 15 114015 14143 13%
c 2 19.57 86 50 48 17520 390005 49844 18% 15 114015 14143 13%
c p 19.60 86 50 48 17520 390005 59466 18% 15 114015 14143 13%
c i 19.79 86 51 48 17805 393491 62839 18% 15 114015 14142 13%
c - 19.88 86 50 49 17905 395152 37057 18% 15 114009 14142 13%
c 
c  seconds  reductions        redundant   irredundant
c         MB      restarts           trail        variables
c          level       conflicts         glue          remaining
c 
c s 20.16 86 50 49 18262 401076 42574 18% 15 113973 14142 13%
c v 20.21 86 50 49 18262 401076 42574 18% 15 112545 14142 13%
c w 20.23 86 50 49 18262 401076 42568 18% 15 112545 14142 13%
c e 20.24 86 50 49 18262 401076 42021 18% 15 112541 14133 13%
c s 20.26 86 50 49 18262 401076 42007 18% 15 112534 14133 13%
c W 20.63 86 50 49 18557 406054 46814 18% 15 112534 14133 13%
c - 20.89 86 50 50 18905 411006 37760 18% 15 112534 14133 13%
c - 21.70 86 50 51 20113 427091 39051 18% 15 112534 14133 13%
c F 22.04 86 50 51 20631 435055 46752 18% 15 112534 14133 13%
c - 22.47 86 51 52 21212 443491 40354 19% 15 112534 14133 13%
c 3 23.01 86 51 52 22039 455007 52175 19% 15 112534 14133 13%
c p 23.05 86 51 52 22039 455007 61839 19% 15 112534 14133 13%
c - 23.34 86 51 53 22417 460208 41656 18% 15 112534 14133 13%
c B 23.56 86 51 53 22740 465058 46325 18% 16 112534 14133 13%
c s 23.94 86 51 53 23225 472915 53803 19% 16 112531 14133 13%
c v 24.00 86 51 53 23225 472915 53803 19% 16 111014 14133 13%
c w 24.02 86 51 53 23225 472915 53801 19% 16 111014 14133 13%
c s 24.04 86 51 53 23225 472915 53787 19% 16 111014 14133 13%
c - 24.32 86 51 54 23612 477246 42603 19% 16 111014 14133 13%
c - 25.18 86 50 55 24784 494496 43675 19% 16 111014 14133 13%
c 
c  seconds  reductions        redundant   irredundant
c         MB      restarts           trail        variables
c          level       conflicts         glue          remaining
c 
c W 25.45 86 50 55 24890 496060 45189 19% 16 111014 14133 13%
c } 26.23 86 50 55 25937 511009 59651 18% 16 111014 14133 13%
c [ 26.23 86 54 55 25937 511009 59651 28% 29 111014 14133 13%
c - 26.27 86 54 56 25937 512059 44703 28% 29 111014 14133 13%
c p 26.75 86 50 56 25937 525007 67513 26% 27 111014 14129 13%
c W 27.07 86 52 56 25937 528061 70262 26% 27 110982 14129 13%
c - 27.16 86 52 57 25937 529937 44304 26% 27 110982 14129 13%
c - 27.89 86 51 58 25943 548128 41565 26% 26 110982 14129 13%
c s 27.99 86 51 58 25944 550229 43456 26% 26 110964 14129 13%
c v 28.03 86 51 58 25944 550229 43456 26% 26 109638 14129 13%
c w 28.05 86 51 58 25944 550229 43456 26% 26 109638 14129 13%
c e 28.06 86 51 58 25944 550229 42465 26% 26 109628 14118 13%
c s 28.07 86 51 58 25944 550229 42458 26% 26 109626 14118 13%
c I 28.54 86 50 58 25950 561062 52682 26% 26 109626 14118 13%
c - 28.78 86 52 59 25952 566628 41295 26% 26 109626 14118 13%
c - 29.64 86 53 60 25959 585347 41741 26% 27 109626 14118 13%
c B 30.08 86 52 60 25966 595063 50881 26% 27 109626 14118 13%
c p 30.32 86 53 60 25967 600007 65643 26% 27 109626 14118 13%
c - 30.54 86 53 61 25967 604377 42880 26% 27 109626 14118 13%
c - 31.53 86 51 62 25969 623720 43767 25% 26 109626 14118 13%
c 
c  seconds  reductions        redundant   irredundant
c         MB      restarts           trail        variables
c          level       conflicts         glue          remaining
c 
c W 32.03 86 50 62 25974 630067 49865 25% 26 109626 14118 13%
c s 32.17 86 50 62 25975 633025 52663 25% 26 109623 14118 13%
c v 32.22 86 50 62 25975 633025 52663 25% 26 108308 14118 13%
c w 32.24 86 50 62 25975 633025 52662 25% 26 108308 14118 13%
c s 32.26 86 50 62 25975 633025 52657 25% 26 108308 14118 13%
c - 32.71 86 50 63 25981 643375 44455 25% 26 108308 14118 13%
c - 33.66 86 50 64 25989 663240 44457 25% 26 108308 14118 13%
c O 33.78 86 50 64 25990 666069 47154 25% 26 108308 14118 13%
c p 34.39 86 49 64 25997 680007 70078 25% 26 108308 14118 13%
c - 34.57 86 48 65 25998 683415 45011 25% 26 108308 14118 13%
c B 35.48 86 46 65 25999 703071 62870 25% 25 108308 14118 13%
c - 35.55 86 47 66 25999 703903 44734 25% 25 108308 14118 13%
c s 36.26 86 52 66 26000 721212 61441 25% 26 108304 14118 13%
c v 36.31 86 52 66 26000 721212 61441 25% 26 107931 14118 13%
c w 36.32 86 52 66 26000 721212 61439 25% 26 107931 14118 13%
c e 36.34 86 52 66 26000 721212 61439 25% 26 107916 14111 13%
c s 36.35 86 52 66 26000 721212 61437 25% 26 107911 14111 13%
c - 36.54 86 53 67 26000 724700 45731 26% 26 107911 14111 13%
c W 37.49 86 53 67 26001 741073 61467 26% 26 107911 14111 13%
c - 37.72 86 53 68 26001 745774 46887 26% 26 107911 14111 13%
c 
c  seconds  reductions        redundant   irredundant
c         MB      restarts           trail        variables
c          level       conflicts         glue          remaining
c 
c p 38.60 86 52 68 26001 765008 75130 27% 26 107911 14111 13%
c - 38.75 86 52 69 26001 767161 47391 27% 26 107911 14111 13%
c I 39.34 86 51 69 26001 780075 59740 27% 26 107911 14111 13%
c - 39.75 86 55 70 26001 788856 48475 26% 27 107911 14111 13%
c - 40.87 97 61 71 26005 810861 49767 24% 30 107911 14111 13%
c s 41.06 97 61 71 26008 815132 53774 24% 30 107905 14111 13%
c v 41.10 97 61 71 26008 815132 53774 24% 30 107793 14111 13%
c w 41.12 97 61 71 26008 815132 53772 24% 30 107793 14111 13%
c e 41.13 97 61 71 26008 815132 53772 24% 30 107769 14103 13%
c s 41.14 97 61 71 26008 815132 53755 24% 30 107767 14103 13%
c B 41.36 97 60 71 26010 820077 58443 24% 30 107767 14103 13%
c - 41.96 86 60 72 26016 833175 48943 25% 30 107767 14103 13%
c 3 42.97 86 58 72 26026 855011 69982 25% 29 107767 14103 13%
c 3 42.97 86 58 72 26026 855011 70321 25% 29 107767 14103 13%
c p 43.01 86 58 72 26026 855011 79829 25% 29 107767 14103 13%
c - 43.09 86 58 73 26026 855787 50587 25% 29 107767 14103 13%
c W 43.61 86 58 73 26030 861078 55604 26% 29 107767 14103 13%
c - 44.45 92 56 74 26032 878708 51107 26% 29 107767 14103 13%
c - 45.70 103 53 75 26040 901942 52594 27% 28 107767 14103 13%
c O 45.76 103 53 75 26041 903081 53650 27% 28 107767 14103 13%
c 
c  seconds   reductions        redundant   irredundant
c          MB      restarts           trail        variables
c           level       conflicts         glue          remaining
c 
c s 46.34 103 52 75 26047 914886 64746 27% 28 107752 14103 13%
c v 46.40 103 52 75 26047 914886 64746 27% 28 107564 14103 13%
c w 46.42 103 52 75 26047 914886 64745 27% 28 107564 14103 13%
c e 46.43 103 52 75 26047 914886 64400 27% 28 107536 14089 13%
c s 46.44 103 52 75 26047 914886 64391 27% 28 107524 14089 13%
c - 47.01 92 51 76 26050 925483 51792 27% 28 107524 14089 13%
c B 48.05 92 50 76 26061 946086 71195 27% 28 107524 14089 13%
c - 48.24 92 50 77 26062 949311 52790 27% 28 107524 14089 13%
c 3 48.28 92 50 77 26062 950013 54002 27% 28 107524 14089 13%
c p 48.32 92 50 77 26062 950013 63632 27% 28 107524 14089 13%
c - 49.38 103 51 78 26064 973448 53476 27% 28 107524 14089 13%
c W 50.46 103 51 78 26064 990088 69308 27% 28 107524 14089 13%
c - 50.87 92 50 79 26064 997895 54647 28% 28 107524 14089 13%
c - 52.03 93 49 80 26075 1022651 55425 28% 28 107524 14089 13%
c ] 52.05 93 49 80 26075 1023010 55776 28% 28 107524 14089 13%
c { 52.05 93 50 80 26075 1023010 55776 18% 16 107524 14089 13%
c # 52.52 93 50 80 26525 1035089 67495 19% 16 107524 14089 13%
c s 52.95 93 50 80 27007 1043715 75735 19% 16 107518 14089 13%
c v 53.01 93 50 80 27007 1043715 75735 19% 16 107321 14089 13%
c w 53.03 93 50 80 27007 1043715 75734 19% 16 107321 14089 13%
c 
c  seconds  reductions         redundant   irredundant
c         MB      restarts            trail        variables
c          level        conflicts         glue          remaining
c 
c e 53.04 93 50 80 27007 1043715 75730 19% 16 107300 14077 13%
c s 53.07 93 50 80 27007 1043715 75694 19% 16 107297 14077 13%
c - 53.34 71 50 81 27314 1047716 56642 19% 16 107297 14077 13%
c p 53.50 71 50 81 27440 1050016 69154 19% 16 107297 14075 13%
c - 54.68 80 50 82 28825 1073069 59054 19% 16 107280 14075 13%
c B 55.01 80 50 82 29133 1081095 66813 19% 16 107280 14075 13%
c - 55.89 80 50 83 30039 1098728 60758 19% 16 107280 14075 13%
c - 57.33 80 50 84 31726 1124697 62646 19% 16 107280 14075 13%
c W 57.84 80 50 84 31953 1128097 65935 19% 16 107280 14075 13%
c - 59.11 80 51 85 33347 1150976 64283 19% 16 107280 14075 13%
c 3 59.35 80 51 85 33654 1155017 68567 19% 16 107280 14075 13%
c p 59.41 80 51 85 33654 1155017 78108 19% 16 107280 14073 13%
c s 59.47 80 51 85 33659 1155063 77902 19% 16 107264 14073 13%
c v 59.54 80 51 85 33659 1155063 77902 19% 16 107047 14073 13%
c w 59.56 80 51 85 33659 1155063 77893 19% 16 107047 14073 13%
c t 59.57 80 51 85 33659 1155063 77893 19% 16 107046 14073 13%
c e 59.58 80 51 85 33659 1155063 77645 19% 16 107015 13971 13%
c s 59.62 80 51 85 33659 1155063 77582 19% 16 106983 13971 13%
c e 59.62 80 51 85 33659 1155063 77578 19% 16 106980 13970 13%
c F 60.77 80 51 85 34951 1176098 97915 19% 16 106980 13970 13%
c 
c  seconds  reductions         redundant   irredundant
c         MB      restarts            trail        variables
c          level        conflicts         glue          remaining
c 
c - 60.89 81 51 86 35027 1177563 66002 19% 16 106980 13970 13%
c - 62.43 91 51 87 36761 1204428 67656 19% 17 106980 13970 13%
c B 63.53 91 51 87 37898 1225100 87667 19% 17 106980 13970 13%
c - 63.93 101 51 88 38288 1231602 69125 19% 17 106980 13970 13%
c - 65.33 101 50 89 39566 1259085 70301 19% 17 106980 13970 13%
c 3 65.62 101 50 89 39820 1265018 77178 19% 17 106980 13970 13%
c p 65.68 101 50 89 39820 1265018 89082 19% 17 106980 13928 13%
c s 66.12 101 50 89 40150 1272543 96105 19% 17 106967 13928 13%
c v 66.19 101 50 89 40150 1272543 96105 19% 17 106604 13928 13%
c w 66.22 101 50 89 40150 1272543 96101 19% 17 106604 13928 13%
c t 66.22 101 50 89 40150 1272543 96101 19% 17 106601 13928 13%
c e 66.24 101 50 89 40150 1272543 95360 19% 17 106274 13877 13%
c s 66.28 101 50 89 40150 1272543 95287 19% 17 105331 13877 13%
c W 66.85 101 50 89 40330 1275103 97316 19% 17 105331 13877 13%
c - 67.59 101 50 90 41100 1286876 71319 19% 17 105331 13877 13%
c - 69.20 101 50 91 42736 1314794 72538 19% 17 105331 13877 13%
c # 69.80 101 50 91 43369 1326104 83524 19% 17 105331 13877 13%
c - 70.88 102 50 92 44429 1343016 73913 19% 17 105331 13877 13%
c - 72.44 102 50 93 45840 1371546 75282 19% 17 105331 13877 13%
c B 72.79 102 50 93 46214 1378106 81620 19% 17 105331 13877 13%
c 
c  seconds   reductions         redundant   irredundant
c          MB      restarts            trail        variables
c           level        conflicts         glue          remaining
c 
c 3 72.91 102 50 93 46328 1380020 84090 19% 17 105331 13877 13%
c p 73.06 102 50 93 46328 1380020 95137 19% 17 105331 13834 12%
c s 74.00 102 50 93 47110 1395358 109797 19% 17 105325 13834 12%
c v 74.07 102 50 93 47110 1395358 109797 19% 17 104809 13834 12%
c w 74.10 102 50 93 47110 1395358 109783 19% 17 104809 13834 12%
c e 74.11 102 50 93 47110 1395358 109337 19% 17 104532 13799 12%
c s 74.16 102 50 93 47110 1395358 109276 19% 17 104520 13799 12%
c e 74.17 102 50 93 47110 1395358 109261 19% 17 104520 13797 12%
c - 74.56 102 50 94 47472 1400382 76289 19% 17 104520 13797 12%
c - 76.34 103 50 95 49113 1429434 77408 19% 17 104520 13797 12%
c W 76.88 103 50 95 49237 1431108 79036 19% 17 104520 13797 12%
c - 78.45 103 49 96 50555 1458786 78628 19% 17 104520 13797 12%
c F 80.03 103 49 96 52008 1485109 104081 19% 17 104520 13797 12%
c - 80.23 103 49 97 52099 1488444 79898 19% 17 104520 13797 12%
c 3 80.89 103 49 97 52694 1500020 93907 19% 17 104520 13797 12%
c p 80.97 103 49 97 52694 1500020 102353 19% 17 104520 13796 12%
c - 82.21 82 50 98 53688 1518410 81188 19% 17 104512 13796 12%
c s 82.58 82 49 98 54000 1523900 86340 19% 17 104503 13796 12%
c v 82.65 82 49 98 54000 1523900 86340 19% 17 103948 13796 12%
c w 82.68 82 49 98 54000 1523900 86333 19% 17 103948 13796 12%
c 
c  seconds  reductions         redundant   irredundant
c         MB      restarts            trail        variables
c          level        conflicts         glue          remaining
c 
c t 82.68 82 49 98 54000 1523900 86333 19% 17 103945 13796 12%
c e 82.69 82 49 98 54000 1523900 86218 19% 17 103944 13794 12%
c s 82.74 82 49 98 54000 1523900 86194 19% 17 103938 13794 12%
c B 83.71 82 49 98 54834 1540112 101836 19% 17 103938 13794 12%
c - 84.16 82 50 99 55118 1548680 82006 19% 17 103938 13794 12%
c - 86.00 82 49 100 56750 1579183 83123 19% 17 103938 13794 12%
c W 87.45 82 49 100 57620 1596114 99455 19% 17 103938 13794 12%
c - 88.42 83 49 101 58452 1609991 84852 19% 18 103938 13794 12%
c 3 89.45 83 49 101 59535 1625021 100051 19% 18 103938 13794 12%
c p 89.50 83 49 101 59535 1625021 108962 19% 18 103938 13794 12%
c - 90.58 83 49 102 60330 1641104 85879 19% 18 103938 13794 12%
c # 91.28 83 50 102 60900 1653118 97502 19% 18 103938 13794 12%
c s 91.64 83 50 102 61173 1657928 101977 19% 18 103934 13794 12%
c v 91.72 83 50 102 61173 1657928 101977 19% 18 103260 13794 12%
c w 91.77 83 50 102 61173 1657928 101970 19% 18 103260 13794 12%
c e 91.78 83 50 102 61173 1657928 101970 19% 18 103260 13786 12%
c s 91.84 83 50 102 61173 1657928 101939 19% 18 103258 13786 12%
c - 92.85 83 50 103 61863 1672525 86771 19% 18 103258 13786 12%
c - 94.79 83 50 104 63447 1704159 88072 19% 18 103258 13786 12%
c B 95.24 83 50 104 63865 1711119 94794 19% 18 103258 13786 12%
c 
c  seconds   reductions         redundant   irredundant
c         MB       restarts            trail        variables
c          level         conflicts         glue          remaining
c 
c - 97.09 83 50 105 65330 1736098 89119 19% 18 103258 13786 12%
c p 98.39 83 50 105 66314 1755021 116694 19% 18 103258 13786 12%
c - 99.36 83 50 106 66900 1768341 90331 19% 18 103258 13786 12%
c W 99.95 83 50 106 66944 1770121 92056 19% 18 103258 13786 12%
c s 101.84 83 50 106 68355 1797367 118290 19% 18 103257 13786 12%
c v 101.91 83 50 106 68355 1797367 118290 19% 18 102541 13786 12%
c w 101.96 83 50 106 68355 1797367 118285 19% 18 102541 13786 12%
c t 101.96 83 50 106 68355 1797367 118284 19% 18 102541 13786 12%
c e 101.97 83 50 106 68355 1797367 118119 19% 18 102532 13775 12%
c s 102.04 83 50 106 68355 1797367 118080 19% 18 102520 13775 12%
c e 102.04 83 50 106 68355 1797367 118076 19% 18 102519 13773 12%
c - 102.41 83 50 107 68598 1800888 91248 19% 18 102519 13773 12%
c F 104.46 83 50 107 70096 1830122 119564 19% 18 102519 13773 12%
c - 104.77 83 50 108 70259 1833640 92485 19% 18 102519 13773 12%
c - 106.80 83 50 109 71692 1866696 93526 19% 18 102519 13773 12%
c 3 108.26 83 50 109 72733 1890021 116439 19% 18 102519 13773 12%
c p 108.35 83 50 109 72733 1890021 125345 19% 18 102519 13771 12%
c B 108.43 83 50 109 72782 1891123 126405 19% 18 102519 13771 12%
c - 108.96 83 51 110 73130 1900054 94571 20% 18 102507 13771 12%
c - 110.93 84 56 111 74828 1933712 93339 22% 18 102507 13771 12%
c 
c  seconds    reductions         redundant    irredundant
c          MB       restarts             trail        variables
c           level         conflicts          glue          remaining
c 
c s 111.65 84 58 111 75319 1942168 101312 22% 18 102467 13771 12%
c v 111.74 84 58 111 75319 1942168 101312 22% 18 102002 13771 12%
c w 111.78 84 58 111 75319 1942168 101309 22% 18 102002 13771 12%
c t 111.78 84 58 111 75319 1942168 101309 22% 18 102001 13771 12%
c e 111.79 84 58 111 75319 1942168 101174 22% 18 101999 13769 12%
c s 111.85 84 58 111 75319 1942168 101107 22% 18 101988 13769 12%
c e 111.86 84 58 111 75319 1942168 101102 22% 18 101988 13768 12%
c W 112.88 84 58 111 75605 1953124 111618 22% 18 101988 13768 12%
c - 113.88 84 58 112 76220 1967676 92887 23% 18 101988 13768 12%
c } 116.18 84 62 112 78183 2000000 123933 24% 18 101988 13768 12%
c ? 116.19 84 62 112 78183 2000000 123933 24% 18 101988 13768 12%
c 
c --- [ closing proof ] ------------------------------------------------------
c 
c DRAT proof file '/tmp/conway99-connected-core-02-QoikdF/proof.drat' closed
c DRAT 2600489 added clauses 47.82%
c DRAT 2837251 deleted clauses 52.18%
c DRAT 839104290 bytes (800.23 MB)
c 
c --- [ result ] -------------------------------------------------------------
c 
c UNKNOWN
c 
c --- [ run-time profiling ] -------------------------------------------------
c 
c process time taken by individual solving procedures
c (percentage relative to process time for solving)
c 
c       110.25   95.08% search
c        74.25   64.04% unstable
c        31.35   27.04% stable
c         5.69    4.91% simplify
c         4.64    4.01% walk
c         1.64    1.42% vivify
c         1.52    1.31% subsume
c         1.20    1.03% probe
c         0.49    0.42% elim
c         0.36    0.31% ternary
c         0.24    0.20% parse
c         0.00    0.00% lucky
c   =================================
c       115.95   99.79% solve
c 
c last line shows process time for solving
c (percentage relative to total process time)
c 
c --- [ statistics ] ---------------------------------------------------------
c 
c chronological:            393512        19.68 %  of conflicts
c conflicts:               2000000     17248.73    per second
c decisions:               6313068     54446.19    per second
c eliminated:                24049        21.68 %  of all variables
c fixed:                     55501        50.04 %  of all variables
c learned:                 1958285        97.91 %  per conflict
c learned_lits:           98558073       100.00 %  learned literals
c minimized:                     0         0.00 %  learned literals
c shrunken:               11914180        12.09 %  learned literals
c minishrunken:            8980511         9.11 %  learned literals
c otfs:                       3198         0.16 %  of conflict
c propagations:          778187606         6.71 M  per second
c reduced:                 1784023        89.20 %  per conflict
c rephased:                     62     32258.06    interval
c restarts:                  78183        25.58    interval
c stabilizing:                   5        34.10 %  of conflicts
c substituted:               17586        15.86 %  of all variables
c subsumed:                  70655         2.39 %  of all clauses
c strengthened:              33935         1.15 %  of all clauses
c ternary:                   39019         0.64 %  of resolved
c trail reuses:                  0         0.00 %  of incremental calls
c vivified:                  17022         0.58 %  of all clauses
c walked:                       20    100000.00    interval
c weakened:                 120806         2.35    average size
c 
c seconds are measured in process time for solving
c 
c --- [ resources ] ----------------------------------------------------------
c 
c total process time since initialization:       116.19    seconds
c total real time since initialization:          118.06    seconds
c maximum resident set size of process:          113.91    MB
c 
c --- [ shutting down ] ------------------------------------------------------
c 
c exit 0
