c --- [ banner ] -------------------------------------------------------------
c 
c CaDiCaL SAT Solver
c Copyright (c) 2016-2023 A. Biere, M. Fleury, N. Froleyks, K. Fazekas, F. Pollitt
c 
c Version 1.9.5 146207318796f094dcded87349a64f0c6927309e
c g++ (Ubuntu 13.3.0-6ubuntu2~24.04.1) 13.3.0 -Wall -Wextra -O3 -DNDEBUG
c Wed Sep 30 06:02:32 JST 2026 Linux ikutoPC 6.6.87.2-microsoft-standard-WSL2 x86_64
c 
c --- [ limit ] --------------------------------------------------------------
c 
c setting conflict limit to 1000000 conflicts (due to '1000000')
c 
c --- [ proof tracing ] ------------------------------------------------------
c 
c opening file to write '/tmp/conway99-seven-profile-rank5_126_profile_0001-ng4JYu/proof.drat'
c writing non-binary proof trace to '/tmp/conway99-seven-profile-rank5_126_profile_0001-ng4JYu/proof.drat'
c 
c --- [ parsing input ] ------------------------------------------------------
c 
c reading DIMACS file from '/mnt/c/Users/ikuto/projects/conway-99-graph/acceleration/results/20260930_hadamard_seven_remaining_cnfs/run01/rank5_126_profile_0001/instance.cnf'
c opening file to read '/mnt/c/Users/ikuto/projects/conway-99-graph/acceleration/results/20260930_hadamard_seven_remaining_cnfs/run01/rank5_126_profile_0001/instance.cnf'
c found 'p cnf 9872 170454' header
c parsed 170454 clauses in 0.06 seconds process time
c 
c --- [ options ] ------------------------------------------------------------
c 
c   --binary=false                 (different from default 'true')
c 
c --- [ solving ] ------------------------------------------------------------
c 
c time measured in process time since initialization
c 
c  seconds  reductions  redundant  irredundant
c         MB    restarts       trail      variables
c          level   conflicts       glue        remaining
c 
c *  0.06 17  0 0   0    0    0  0% 0 120522 6945 70%
c {  0.06 18  0 0   0    0    0  0% 0 120522 6945 70%
c i  0.07 18 33 0   1   25   22 48% 4 120522 6944 70%
c i  0.07 18 31 0   1   26   22 48% 4 120522 6943 70%
c i  0.07 18 31 0   2   29   24 48% 4 120522 6869 70%
c i  0.07 18 31 0   4   40   34 47% 5 120522 6868 70%
c i  0.07 18 30 0   4   41   34 46% 5 120522 6867 70%
c i  0.07 18 27 0   4   46   34 45% 4 120522 6866 70%
c i  0.07 19 17 0   7  143   83 56% 4 120522 6865 70%
c i  0.07 19 22 0   9  165   98 56% 4 120522 6864 70%
c i  0.08 19 24 0  15  198  124 56% 6 120522 6863 70%
c i  0.08 19 25 0  16  201  126 56% 6 120522 6756 68%
c i  0.08 19 25 0  16  203  127 56% 6 120522 6709 68%
c i  0.08 19 25 0  17  206  129 56% 6 120522 6650 67%
c i  0.08 19 24 0  21  216  138 56% 6 120522 6614 67%
c i  0.08 19 24 0  21  217  138 56% 6 120522 6613 67%
c i  0.08 19 25 0  28  247  163 56% 6 120522 6612 67%
c i  0.08 19 24 0  29  250  164 56% 6 120522 6611 67%
c i  0.08 19 24 0  29  253  166 56% 6 120522 6565 67%
c i  0.08 19 23 0  29  267  177 56% 6 120522 6564 66%
c 
c  seconds  reductions  redundant  irredundant
c         MB    restarts       trail      variables
c          level   conflicts       glue        remaining
c 
c i  0.08 19 23 0  29  271  180 56% 6 120522 6530 66%
c i  0.08 19 22 0  29  275  182 56% 6 120522 6529 66%
c i  0.08 19 21 0  29  298  200 55% 5 120522 4269 43%
c i  0.08 19 21 0  29  299  200 55% 5 120522 4248 43%
c i  0.08 19 21 0  29  300  200 55% 5 120522 4232 43%
c -  0.09 19 21 1  29  300   49 55% 5 36927 4232 43%
c }  0.09 19 21 1  29  302   49 56% 5 36927 3821 39%
c 0  0.09 19 21 1  29  302   49 56% 5 36927 3821 39%
c 
c --- [ closing proof ] ------------------------------------------------------
c 
c DRAT proof file '/tmp/conway99-seven-profile-rank5_126_profile_0001-ng4JYu/proof.drat' closed
c DRAT 11062 added clauses 7.40%
c DRAT 138488 deleted clauses 92.60%
c DRAT 3237519 bytes (3.09 MB)
c 
c --- [ result ] -------------------------------------------------------------
c 
s UNSATISFIABLE
c 
c --- [ run-time profiling ] -------------------------------------------------
c 
c process time taken by individual solving procedures
c (percentage relative to process time for solving)
c 
c         0.06  222.32% parse
c         0.03   98.65% search
c         0.03   95.49% unstable
c         0.00    3.07% lucky
c         0.00    0.00% simplify
c   =================================
c         0.03   30.79% solve
c 
c last line shows process time for solving
c (percentage relative to total process time)
c 
c --- [ statistics ] ---------------------------------------------------------
c 
c chronological:               138        45.70 %  of conflicts
c conflicts:                   302     10810.42    per second
c decisions:                  1745     62464.20    per second
c fixed:                      6051        61.29 %  of all variables
c learned:                     265        87.75 %  per conflict
c learned_lits:              15674       100.00 %  learned literals
c minimized:                     0         0.00 %  learned literals
c shrunken:                  10005        63.83 %  learned literals
c minishrunken:                787         5.02 %  learned literals
c otfs:                          2         0.66 %  of conflict
c propagations:             200208         7.17 M  per second
c restarts:                     29        10.41    interval
c subsumed:                     41         0.03 %  of all clauses
c strengthened:                  2         0.00 %  of all clauses
c trail reuses:                  0         0.00 %  of incremental calls
c 
c seconds are measured in process time for solving
c 
c --- [ resources ] ----------------------------------------------------------
c 
c total process time since initialization:         0.09    seconds
c total real time since initialization:            0.79    seconds
c maximum resident set size of process:           19.35    MB
c 
c --- [ shutting down ] ------------------------------------------------------
c 
c exit 20
