c --- [ banner ] -------------------------------------------------------------
c 
c CaDiCaL SAT Solver
c Copyright (c) 2016-2023 A. Biere, M. Fleury, N. Froleyks, K. Fazekas, F. Pollitt
c 
c Version 1.9.5 146207318796f094dcded87349a64f0c6927309e
c g++ (Ubuntu 13.3.0-6ubuntu2~24.04.1) 13.3.0 -Wall -Wextra -O3 -DNDEBUG
c Wed Sep 30 06:02:32 JST 2026 Linux ikutoPC 6.6.87.2-microsoft-standard-WSL2 x86_64
c 
c --- [ limit ] --------------------------------------------------------------
c 
c setting conflict limit to 1000000 conflicts (due to '1000000')
c 
c --- [ proof tracing ] ------------------------------------------------------
c 
c opening file to write '/tmp/conway99-exact-eight-0154-1qss1O/proof.drat'
c writing non-binary proof trace to '/tmp/conway99-exact-eight-0154-1qss1O/proof.drat'
c 
c --- [ parsing input ] ------------------------------------------------------
c 
c reading DIMACS file from '/mnt/c/Users/ikuto/projects/conway-99-graph/acceleration/results/20261001_exact_eight_prefix64_batch02_cnfs_part02/case_0154/instance.cnf'
c opening file to read '/mnt/c/Users/ikuto/projects/conway-99-graph/acceleration/results/20261001_exact_eight_prefix64_batch02_cnfs_part02/case_0154/instance.cnf'
c found 'p cnf 9748 167416' header
c parsed 167416 clauses in 0.06 seconds process time
c 
c --- [ options ] ------------------------------------------------------------
c 
c   --binary=false                 (different from default 'true')
c 
c --- [ solving ] ------------------------------------------------------------
c 
c time measured in process time since initialization
c 
c  seconds  reductions  redundant  irredundant
c         MB    restarts       trail      variables
c          level   conflicts       glue        remaining
c 
c *  0.06 17  0 0   0    0    0  0% 0 117508 6820 70%
c {  0.06 18  0 0   0    0    0  0% 0 117508 6820 70%
c i  0.06 18 22 0   0   16   13 45% 3 117508 6819 70%
c i  0.06 18 23 0   0   17   13 45% 3 117508 6818 70%
c i  0.06 18 34 0   1   31   22 45% 6 117508 6817 70%
c i  0.06 18 20 0   2   61   44 47% 5 117508 6816 70%
c i  0.07 18 22 0   2   71   53 47% 5 117508 6815 70%
c i  0.07 18 22 0   2   72   53 47% 5 117508 6814 70%
c i  0.07 18 22 0   2   74   54 47% 5 117508 6813 70%
c i  0.07 18 16 0   4  164  113 47% 5 117508 6812 70%
c i  0.07 18 16 0   9  217  137 46% 6 117508 6811 70%
c i  0.07 18 15 0  13  300  193 48% 5 117508 6810 70%
c -  0.08 19 15 1  13  300  150 48% 5 116908 6810 70%
c i  0.08 19 17 1  17  339  176 48% 6 116908 6809 70%
c i  0.08 19 19 1  22  354  187 48% 5 116908 6808 70%
c i  0.08 19 18 1  29  391  220 48% 5 116908 6807 70%
c i  0.08 19 18 1  29  465  280 49% 5 116908 6806 70%
c i  0.08 19 18 1  29  476  288 49% 5 116908 6804 70%
c i  0.08 19 18 1  32  530  323 49% 5 116908 6803 70%
c i  0.09 19 17 1  33  570  343 49% 5 116908 6802 70%
c 
c  seconds  reductions  redundant  irredundant
c         MB    restarts       trail      variables
c          level   conflicts       glue        remaining
c 
c i  0.09 19 17 1  33  650  403 50% 5 116908 6801 70%
c i  0.09 19 17 1  33  655  407 50% 5 116908 6800 70%
c i  0.09 19 16 1  37  750  480 50% 5 116908 6792 70%
c i  0.10 19 16 1  37  806  525 50% 5 116908 6728 69%
c i  0.10 19 16 1  38  833  544 50% 5 116908 6727 69%
c i  0.10 19 16 1  40  869  567 50% 5 116908 6726 69%
c i  0.10 19 15 1  40  915  596 50% 5 116908 6712 69%
c -  0.11 23 16 2  43  940  576 50% 5 112916 6712 69%
c i  0.11 23 16 2  43  943  578 50% 5 112916 6710 69%
c i  0.11 23 15 2  47  984  599 50% 5 112916 6709 69%
c i  0.11 23 15 2  47  992  606 50% 5 112916 6683 69%
c i  0.11 23 15 2  47  994  607 50% 5 112916 6577 67%
c }  0.11 23 15 2  47 1000  613 50% 5 112916 6577 67%
c [  0.11 23  0 2  47 1000  613  0% 0 112916 6577 67%
c O  0.11 23 24 2  47 1002  615 53% 1 112916 6577 67%
c i  0.11 23  9 2  47 1013  623 55% 2 112916 6576 67%
c i  0.11 23  8 2  47 1036  635 53% 4 112916 6574 67%
c i  0.12 23 10 2  47 1091  671 52% 5 112916 6572 67%
c i  0.12 23  9 2  47 1099  677 51% 5 112916 5750 59%
c ]  0.12 23  9 2  47 1102  678 51% 5 112916 5705 59%
c 
c  seconds  reductions  redundant  irredundant
c         MB    restarts       trail      variables
c          level   conflicts       glue        remaining
c 
c 0  0.12 23  9 2  47 1102  678 51% 5 112916 5705 59%
c 
c --- [ closing proof ] ------------------------------------------------------
c 
c DRAT proof file '/tmp/conway99-exact-eight-0154-1qss1O/proof.drat' closed
c DRAT 6675 added clauses 10.57%
c DRAT 56453 deleted clauses 89.43%
c DRAT 1630033 bytes (1.55 MB)
c 
c --- [ result ] -------------------------------------------------------------
c 
s UNSATISFIABLE
c 
c --- [ run-time profiling ] -------------------------------------------------
c 
c process time taken by individual solving procedures
c (percentage relative to process time for solving)
c 
c         0.06  105.97% parse
c         0.06   98.81% search
c         0.05   88.44% unstable
c         0.00    7.80% stable
c         0.00    2.52% lucky
c         0.00    0.00% simplify
c   =================================
c         0.06   48.29% solve
c 
c last line shows process time for solving
c (percentage relative to total process time)
c 
c --- [ statistics ] ---------------------------------------------------------
c 
c chronological:               524        47.55 %  of conflicts
c conflicts:                  1102     19507.19    per second
c decisions:                  4749     84065.00    per second
c fixed:                      4043        41.48 %  of all variables
c learned:                     976        88.57 %  per conflict
c learned_lits:              43202       100.00 %  learned literals
c minimized:                     0         0.00 %  learned literals
c shrunken:                  23271        53.87 %  learned literals
c minishrunken:               2629         6.09 %  learned literals
c otfs:                          7         0.64 %  of conflict
c propagations:             571109        10.11 M  per second
c reduced:                      12         1.09 %  per conflict
c rephased:                      1      1102.00    interval
c restarts:                     47        23.45    interval
c stabilizing:                   1         9.26 %  of conflicts
c subsumed:                    187         0.16 %  of all clauses
c strengthened:                  7         0.01 %  of all clauses
c trail reuses:                  0         0.00 %  of incremental calls
c 
c seconds are measured in process time for solving
c 
c --- [ resources ] ----------------------------------------------------------
c 
c total process time since initialization:         0.12    seconds
c total real time since initialization:            0.74    seconds
c maximum resident set size of process:           23.36    MB
c 
c --- [ shutting down ] ------------------------------------------------------
c 
c exit 20
