bash 5.2.21(1)-release
sha256sum (GNU coreutils) 9.4
Copyright (C) 2023 Free Software Foundation, Inc.
License GPLv3+: GNU GPL version 3 or later <https://gnu.org/licenses/gpl.html>.
This is free software: you are free to change and redistribute it.
There is NO WARRANTY, to the extent permitted by law.

Written by Ulrich Drepper, Scott Miller, and David Madore.
timeout (GNU coreutils) 9.4
Copyright (C) 2023 Free Software Foundation, Inc.
License GPLv3+: GNU GPL version 3 or later <https://gnu.org/licenses/gpl.html>.
This is free software: you are free to change and redistribute it.
There is NO WARRANTY, to the extent permitted by law.

Written by Pádraig Brady.
prlimit from util-linux 2.39.3
acceleration/results/20261004_fixed17_per_copy_local_sat_build03/local.cnf: OK
acceleration/run_20261004_fixed17_per_copy_local_sat_native_v2.sh: OK
build/research-cadical195/source/build/cadical: OK
c --- [ banner ] -------------------------------------------------------------
c 
c CaDiCaL SAT Solver
c Copyright (c) 2016-2023 A. Biere, M. Fleury, N. Froleyks, K. Fazekas, F. Pollitt
c 
c Version 1.9.5 146207318796f094dcded87349a64f0c6927309e
c g++ (Ubuntu 13.3.0-6ubuntu2~24.04.1) 13.3.0 -Wall -Wextra -O3 -DNDEBUG
c Wed Sep 30 06:02:32 JST 2026 Linux ikutoPC 6.6.87.2-microsoft-standard-WSL2 x86_64
c 
c --- [ proof tracing ] ------------------------------------------------------
c 
c opening file to write 'acceleration/results/20261004_fixed17_per_copy_local_sat_native02/proof.drat'
c writing binary proof trace to 'acceleration/results/20261004_fixed17_per_copy_local_sat_native02/proof.drat'
c 
c --- [ parsing input ] ------------------------------------------------------
c 
c reading DIMACS file from 'acceleration/results/20261004_fixed17_per_copy_local_sat_build03/local.cnf'
c opening file to read 'acceleration/results/20261004_fixed17_per_copy_local_sat_build03/local.cnf'
c found 'p cnf 110371 409777' header
c parsed 409777 clauses in 0.19 seconds process time
c 
c --- [ options ] ------------------------------------------------------------
c 
c all options are set to their default value
c 
c --- [ solving ] ------------------------------------------------------------
c 
c time measured in process time since initialization
c 
c  seconds  reductions  redundant  irredundant
c         MB    restarts       trail       variables
c          level   conflicts       glue         remaining
c 
c *  0.19 62  0 0   0    0    0  0% 0 404424 90323 82%
c {  0.19 63  0 0   0    0    0  0% 0 404424 90323 82%
c -  0.31 68 58 1  47  300  279 28% 6 334591 90323 82%
c i  0.33 68 59 1  56  344  322 28% 6 334591 90321 82%
c i  0.42 68 54 1  95  775  724 28% 7 334591 90303 82%
c i  0.42 68 54 1  99  821  764 28% 7 334591 90293 82%
c i  0.42 68 54 1  99  823  765 28% 7 334591 90290 82%
c }  0.47 68 56 1 129 1000  928 29% 7 334591 90284 82%
c [  0.47 68  0 1 129 1000  928  0% 0 334591 90284 82%
c O  0.47 68 46 1 129 1002  930 25% 4 334591 90284 82%
c -  0.53 82 11 2 129 1214 1064 21% 6 334442 90284 82%
c -  0.60 82 11 3 130 2585 1778 20% 8 334442 90284 82%
c ]  0.61 82 12 3 130 3003 2060 21% 8 334442 90284 82%
c {  0.61 82 56 3 130 3003 2060 29% 7 334442 90284 82%
c F  0.70 78 56 3 131 3004 2061  1% 7 334442 90284 82%
c i  0.71 78 57 3 140 3069 2116 11% 7 334442 90280 82%
c i  0.90 78 57 3 269 4102 3079 14% 8 334442 90277 82%
c s  0.99 92 57 3 310 4326 3204 14% 8 324095 90272 82%
c v  1.06 93 57 3 310 4326 3204 14% 8 324057 90272 82%
c w  1.08 93 57 3 310 4326 3204 14% 8 324057 90272 82%
c 
c  seconds  reductions  redundant  irredundant
c         MB    restarts       trail       variables
c          level   conflicts       glue         remaining
c 
c t  1.09 93 57 3 310 4326 3203 14% 8 323912 90272 82%
c e  1.33 93 57 3 310 4326  373 14% 8 256218 56805 51%
c s  1.37 95 57 3 310 4326  364 14% 8 253218 56805 51%
c e  1.42 95 57 3 310 4326  361 14% 8 252573 56385 51%
c -  1.51 82 57 4 317 4414  395 13% 8 252573 56385 51%
c i  1.52 82 57 4 327 4509  483 13% 8 252573 56381 51%
c i  1.52 82 57 4 327 4514  486 13% 8 252573 56380 51%
c i  1.52 82 57 4 327 4521  490 13% 8 252573 56379 51%
c 3  1.63 89 56 4 396 5001 3627 12% 8 252573 56368 51%
c 2  1.68 89 56 4 396 5001 3865 12% 8 252573 56368 51%
c p  1.82 89 56 4 396 5001 52844 12% 8 252573 52620 48%
c d  1.85 89 56 4 396 5001 21418 12% 8 232868 52595 48%
c d  1.87 89 56 4 396 5001 21418 12% 8 232866 52594 48%
c i  1.90 89 56 4 443 5210 21608 12% 8 232866 52592 48%
c i  1.95 89 56 4 502 5702 22070 12% 8 232866 52590 48%
c i  1.97 89 55 4 530 5950 22300 11% 8 232866 52588 48%
c #  1.98 89 55 4 543 6005 22352 11% 8 232866 52588 48%
c -  2.08 92 54 5 620 6518 2480 11% 8 232839 52588 48%
c i  2.09 92 54 5 640 6666 2616 11% 8 232839 52586 48%
c }  2.13 92 54 5 693 7003 2928 11% 9 232839 52586 48%
c 
c  seconds  reductions  redundant  irredundant
c         MB    restarts       trail       variables
c          level   conflicts       glue         remaining
c 
c [  2.13 92 12 5 693 7003 2928 25% 8 232839 52586 48%
c -  2.44 92 51 6 694 8978 3913 21% 20 232829 52586 48%
c I  2.65 92 55 6 695 10006 4868  1% 22 232829 52586 48%
c -  2.87 99 57 7 697 11848 4809 15% 22 232829 52586 48%
c s  3.05 99 57 7 697 12981 5826 15% 23 231866 52586 48%
c v  3.10 99 57 7 697 12981 5826 15% 23 231793 52586 48%
c w  3.11 99 57 7 697 12981 5822 15% 23 231793 52586 48%
c t  3.12 99 57 7 697 12981 5822 15% 23 231683 52479 48%
c e  3.21 100 57 7 697 12981 5692 15% 23 228391 49564 45%
c s  3.23 100 57 7 697 12981 5676 15% 23 226961 49564 45%
c e  3.26 100 57 7 697 12981 5676 15% 23 226918 49527 45%
c 3  3.56 100 53 7 698 15001 9519 15% 23 226918 49527 45%
c 3  3.58 100 53 7 698 15001 9760 15% 23 226918 49527 45%
c 2  3.61 100 53 7 698 15001 9756 15% 23 226918 49525 45%
c p  3.76 100 53 7 698 15001 56593 15% 23 226918 46704 42%
c d  3.79 100 53 7 698 15001 36639 15% 23 210004 46690 42%
c d  3.81 100 53 7 698 15001 36638 15% 23 209986 46681 42%
c ]  3.81 100 53 7 698 15005 36642 15% 23 209986 46681 42%
c {  3.81 100 54 7 698 15005 36642 19% 9 209986 46681 42%
c B  3.81 100 54 7 699 15014 36650 19% 9 209986 46681 42%
c 
c  seconds   reductions   redundant  irredundant
c          MB    restarts        trail       variables
c           level    conflicts       glue         remaining
c 
c -  3.87 100 54 8 715 15129 5441 19% 9 209986 46681 42%
c i  4.05 73 54 8 930 16649 6858 12% 9 209986 46680 42%
c i  4.17 73 53 8 1146 17970 8096 12% 9 209986 46662 42%
c -  4.26 81 53 9 1245 18701 6112 12% 9 209876 46662 42%
c i  4.27 81 53 9 1268 18869 6274 12% 9 209876 46659 42%
c i  4.31 81 53 9 1323 19170 6563 12% 9 209876 46649 42%
c W  4.54 81 53 9 1625 21017 8294 12% 9 209812 46649 42%
c i  4.57 81 53 9 1699 21361 8619 12% 10 209812 46648 42%
c -  4.70 81 52 10 1893 22666 7715 12% 10 209804 46648 42%
c i  4.78 81 52 10 2007 23362 8365 12% 10 209804 46647 42%
c s  5.00 81 51 10 2283 26162 10766 11% 10 208330 46647 42%
c v  5.05 81 51 10 2283 26162 10766 11% 10 208284 46647 42%
c w  5.06 81 51 10 2283 26162 10758 11% 10 208284 46610 42%
c t  5.08 81 51 10 2283 26162 10758 11% 10 208159 46573 42%
c e  5.14 81 51 10 2283 26162 10522 11% 10 205015 43809 40%
c s  5.16 81 51 10 2283 26162 10491 11% 10 203697 43809 40%
c e  5.18 81 51 10 2283 26162 10482 11% 10 203646 43778 40%
c i  5.25 81 50 10 2341 26816 11080 11% 10 203646 43777 40%
c -  5.29 81 50 11 2360 27028 8778 11% 10 203636 43777 40%
c F  5.37 81 50 11 2507 28018 9683 11% 10 203636 43777 40%
c 
c  seconds  reductions      redundant   irredundant
c         MB     restarts          trail        variables
c          level      conflicts        glue          remaining
c 
c 3  5.58 81 50 11 2775 30001 12562 11% 10 203633 43777 40%
c 2  5.61 81 50 11 2775 30001 12684 11% 10 203633 43777 40%
c p  5.73 81 50 11 2775 30001 39522 11% 10 203633 41686 38%
c d  5.75 81 50 11 2775 30001 31215 11% 10 190955 41651 38%
c d  5.77 81 50 11 2775 30001 31214 11% 10 190951 41649 38%
c }  5.89 82 50 11 2920 31006 32112 10% 10 190951 41649 38%
c [  5.89 82 53 11 2920 31006 32112 19% 23 190951 41649 38%
c -  6.00 82 53 12 2920 31739 11143 20% 23 190951 41649 38%
c B  6.48 82 53 12 2923 36022 15209 21% 22 190951 41649 38%
c -  6.58 82 54 13 2923 36736 12011 20% 22 190951 41649 38%
c -  7.27 82 53 14 2927 42115 12315 21% 22 190951 41649 38%
c s  7.54 82 52 14 2927 43905 13844 21% 23 189588 41649 38%
c v  7.58 82 52 14 2927 43905 13844 21% 23 189544 41649 38%
c w  7.60 82 52 14 2927 43905 13834 21% 23 189544 41649 38%
c t  7.63 82 52 14 2927 43905 13833 21% 23 189185 41576 38%
c e  7.67 82 52 14 2927 43905 13042 21% 23 186658 39381 36%
c s  7.69 82 52 14 2927 43905 13023 21% 23 185649 39381 36%
c e  7.71 82 52 14 2927 43905 13023 21% 23 185627 39362 36%
c W  7.89 82 51 14 2927 45023 14004 21% 23 185627 39362 36%
c -  8.23 82 49 15 2928 47882 12308 20% 22 185627 39362 36%
c 
c  seconds  reductions      redundant   irredundant
c         MB     restarts          trail        variables
c          level      conflicts        glue          remaining
c 
c 3  8.52 82 48 15 2928 50003 14817 20% 22 185627 39362 36%
c 2  8.55 82 48 15 2928 50003 14878 20% 22 185627 39346 36%
c p  8.67 82 48 15 2928 50003 34296 20% 22 185627 37864 34%
c d  8.68 82 48 15 2928 50003 29042 20% 22 176276 37840 34%
c d  8.70 82 48 15 2928 50003 29042 20% 22 176274 37839 34%
c -  9.20 82 46 16 2928 53971 13972 20% 22 176274 37839 34%
c O  9.32 82 45 16 2929 55025 14977 20% 22 176274 37839 34%
c -  9.97 82 43 17 2933 60326 14084 21% 22 176274 37839 34%
c ] 10.37 82 42 17 2935 63009 16454 21% 22 176274 37839 34%
c { 10.37 82 50 17 2935 63009 16454 10% 10 176274 37839 34%
c B 10.63 82 49 17 3254 66026 19234 13% 10 176274 37839 34%
c s 10.68 82 49 17 3294 66281 19353 13% 10 175104 37839 34%
c v 10.73 82 49 17 3294 66281 19353 13% 10 175062 37839 34%
c w 10.75 82 49 17 3294 66281 19342 13% 10 175062 37839 34%
c t 10.77 82 49 17 3294 66281 19339 13% 10 174796 37822 34%
c e 10.82 82 49 17 3294 66281 18759 13% 10 173047 36098 33%
c s 10.83 82 49 17 3294 66281 18717 13% 10 172300 36098 33%
c e 10.85 82 49 17 3294 66281 18708 13% 10 172280 36080 33%
c - 10.99 82 49 18 3409 67055 14522 10% 10 172280 36080 33%
c - 11.57 82 49 19 4329 74101 16349 10% 11 172280 36080 33%
c 
c  seconds  reductions      redundant   irredundant
c         MB     restarts          trail        variables
c          level      conflicts        glue          remaining
c 
c 3 11.68 82 49 19 4445 75006 17659 10% 11 172280 36080 33%
c 3 11.69 82 49 19 4445 75006 17763 10% 11 172280 36080 33%
c 2 11.70 82 49 19 4445 75006 17758 10% 11 172280 36076 33%
c p 11.83 82 49 19 4445 75006 34496 10% 11 172280 35127 32%
c d 11.84 82 49 19 4445 75006 30684 10% 11 166284 35112 32%
c d 11.85 82 49 19 4445 75006 30683 10% 11 166278 35109 32%
c W 12.22 82 49 19 4842 78029 33502 11% 11 166278 35109 32%
c i 12.35 82 49 19 5024 79402 34783 12% 11 166278 35107 32%
c - 12.59 82 49 20 5407 81521 18912 12% 11 166270 35107 32%
c i 12.96 82 48 20 6032 86156 23229 12% 11 166270 35088 32%
c - 13.24 82 48 21 6402 89212 20562 12% 11 166176 35087 32%
c # 13.40 82 48 21 6662 91030 22255 12% 11 166176 35087 32%
c s 13.63 82 48 21 6985 93348 24120 12% 11 165410 35087 32%
c v 13.68 82 48 21 6985 93348 24120 12% 11 165390 35087 32%
c w 13.70 82 48 21 6985 93348 24107 12% 11 165390 35087 32%
c t 13.72 82 48 21 6985 93348 23991 12% 11 164964 35066 32%
c e 13.75 82 48 21 6985 93348 23573 12% 11 163785 33915 31%
c s 13.77 82 48 21 6985 93348 23475 12% 11 163269 33915 31%
c e 13.78 82 48 21 6985 93348 23451 12% 11 163254 33903 31%
c - 14.18 82 48 22 7518 97267 21568 13% 11 163254 33903 31%
c 
c  seconds  reductions       redundant   irredundant
c         MB     restarts           trail        variables
c          level      conflicts         glue          remaining
c 
c 3 14.93 82 48 22 8595 105006 29189 13% 12 163253 33903 31%
c 3 14.93 82 48 22 8595 105006 29282 13% 12 163253 33903 31%
c p 15.08 82 48 22 8595 105006 43667 13% 12 163253 33270 30%
c d 15.10 82 48 22 8595 105006 40911 13% 12 159369 33268 30%
c d 15.11 82 48 22 8595 105006 40911 13% 12 159366 33267 30%
c B 15.11 82 48 22 8601 105031 40936 13% 12 159366 33267 30%
c - 15.21 82 48 23 8712 105635 23399 13% 12 159366 33267 30%
c - 16.07 82 48 24 9999 114292 25113 13% 12 159366 33267 30%
c W 16.76 82 48 24 10907 120032 30491 13% 12 159366 33267 30%
c - 17.14 82 48 25 11386 123311 26826 13% 12 159366 33267 30%
c s 17.33 82 48 25 11615 125097 28167 13% 12 158907 33267 30%
c v 17.38 82 48 25 11615 125097 28167 13% 12 158887 33267 30%
c w 17.39 82 48 25 11615 125097 28150 13% 12 158887 33267 30%
c t 17.40 82 48 25 11615 125097 28131 13% 12 158739 33267 30%
c e 17.43 82 48 25 11615 125097 27854 13% 12 158060 32555 29%
c s 17.44 82 48 25 11615 125097 27767 13% 12 157721 32555 29%
c e 17.45 82 48 25 11615 125097 27761 13% 12 157706 32548 29%
c } 17.63 82 48 25 11832 127010 29563 13% 12 157706 32548 29%
c [ 17.63 82 42 25 11832 127010 29563 24% 22 157706 32548 29%
c - 18.22 82 41 26 11834 132691 27599 23% 21 157706 32548 29%
c 
c  seconds  reductions        redundant   irredundant
c         MB      restarts           trail        variables
c          level       conflicts         glue          remaining
c 
c B 18.64 82 41 26 11836 136034 30759 23% 21 157706 32548 29%
c 3 19.15 82 40 26 11839 140007 34634 22% 21 157706 32548 29%
c p 19.31 82 40 26 11839 140007 47650 22% 21 157706 32291 29%
c d 19.33 82 40 26 11839 140007 46273 22% 21 156098 32282 29%
c - 19.72 87 40 27 11839 142393 28086 17% 21 156098 32282 29%
c - 21.13 87 38 28 11841 152419 27555 17% 21 156098 32282 29%
c W 21.34 87 38 28 11841 153036 28106 17% 21 156098 32282 29%
c s 22.49 87 37 28 11841 161523 35847 17% 21 155883 32282 29%
c v 22.55 87 37 28 11841 161523 35847 17% 21 155853 32282 29%
c w 22.57 87 37 28 11841 161523 35845 17% 21 155853 32282 29%
c t 22.58 87 37 28 11841 161523 35828 17% 21 155761 32282 29%
c e 22.60 87 37 28 11841 161523 35768 17% 21 155445 31931 29%
c s 22.61 87 37 28 11841 161523 35718 17% 21 155240 31931 29%
c e 22.62 87 37 28 11841 161523 35717 17% 21 155240 31929 29%
c - 22.86 87 37 29 11841 162801 27962 17% 21 155240 31929 29%
c I 23.98 87 36 29 11844 171038 35523 17% 21 155240 31929 29%
c - 24.30 87 37 30 11845 173520 29015 17% 21 155240 31929 29%
c 3 25.11 87 38 30 11848 180007 35608 17% 21 155240 31929 29%
c p 25.27 87 38 30 11848 180007 45856 17% 21 155240 31858 29%
c - 26.08 88 37 31 11851 184602 29675 18% 21 154776 31858 29%
c 
c  seconds  reductions        redundant   irredundant
c         MB      restarts           trail        variables
c          level       conflicts         glue          remaining
c 
c B 26.95 88 37 31 11855 190039 34894 18% 21 154776 31858 29%
c - 27.71 97 39 32 11856 196023 30385 18% 22 154776 31858 29%
c s 28.72 97 39 32 11857 202594 36466 18% 23 154732 31858 29%
c v 28.78 97 39 32 11857 202594 36466 18% 23 154704 31858 29%
c w 28.81 97 39 32 11857 202594 36462 18% 23 154704 31858 29%
c t 28.81 97 39 32 11857 202594 36462 18% 23 154677 31858 29%
c e 28.82 97 39 32 11857 202594 36304 18% 23 154585 31760 29%
c s 28.83 97 39 32 11857 202594 36268 18% 23 154521 31760 29%
c - 29.59 97 40 33 11861 207801 30673 18% 23 154521 31760 29%
c W 30.08 97 40 33 11863 210040 32755 18% 23 154521 31760 29%
c - 31.63 97 40 34 11868 219929 31193 18% 24 154521 31760 29%
c p 32.45 97 40 34 11870 225007 45022 18% 24 154521 31756 29%
c O 33.39 97 40 34 11871 231041 50451 18% 24 154521 31756 29%
c - 33.63 97 40 35 11871 232413 32138 18% 24 154493 31756 29%
c - 35.42 97 39 36 11872 245254 32546 18% 24 154493 31756 29%
c s 35.88 97 39 36 11872 248246 35130 18% 24 154477 31756 29%
c v 35.94 97 39 36 11872 248246 35130 18% 24 154472 31756 29%
c w 35.97 97 39 36 11872 248246 35125 18% 24 154472 31756 29%
c t 35.97 97 39 36 11872 248246 35125 18% 24 154464 31756 29%
c e 35.98 97 39 36 11872 248246 35118 18% 24 154456 31749 29%
c 
c  seconds  reductions        redundant   irredundant
c         MB      restarts           trail        variables
c          level       conflicts         glue          remaining
c 
c s 35.99 97 39 36 11872 248246 35091 18% 24 154452 31749 29%
c B 36.70 97 39 36 11873 253044 39543 18% 24 154452 31749 29%
c i 36.70 97 39 36 11873 253081 39578 18% 24 154452 31748 29%
c ] 36.97 97 39 36 11873 255011 41428 18% 24 154452 31748 29%
c { 36.97 97 48 36 11873 255011 41428 15% 12 154452 31748 29%
c - 37.35 97 48 37 12243 258450 34507 15% 13 154439 31748 29%
c - 38.78 70 47 38 13924 272003 36020 14% 13 154439 31748 29%
c 3 39.08 70 47 38 14193 275007 39018 14% 13 154438 31748 29%
c 2 39.10 70 47 38 14193 275007 39102 14% 13 154438 31748 29%
c p 39.23 70 47 38 14193 275007 48058 14% 13 154438 31725 29%
c d 39.24 70 47 38 14193 275007 47880 14% 13 154268 31723 29%
c d 39.25 70 47 38 14193 275007 47879 14% 13 154266 31722 29%
c F 39.29 70 47 38 14226 276046 48774 13% 13 154266 31722 29%
c - 40.23 78 46 39 15325 285913 38436 13% 13 154266 31722 29%
c s 41.58 78 46 39 16774 298461 49803 12% 13 154199 31722 29%
c w 41.66 78 46 39 16774 298461 49789 12% 13 154199 31722 29%
c t 41.66 78 46 39 16774 298461 49779 12% 13 154180 31722 29%
c e 41.68 78 46 39 16774 298461 49592 12% 13 154129 31671 29%
c s 41.71 78 46 39 16774 298461 49459 12% 13 154092 31671 29%
c e 41.72 78 46 39 16774 298461 49452 12% 13 154088 31670 29%
c 
c  seconds  reductions        redundant   irredundant
c         MB      restarts           trail        variables
c          level       conflicts         glue          remaining
c 
c B 41.90 78 45 39 16937 300047 50878 12% 13 154088 31670 29%
c - 41.94 78 46 40 16964 300172 40443 12% 13 154088 31670 29%
c - 43.20 78 45 41 18235 314782 42665 12% 13 154088 31670 29%
c W 44.47 78 44 41 19247 325048 52202 11% 13 154088 31670 29%
c - 45.00 87 44 42 19683 329747 45056 11% 13 154088 31670 29%
c d 45.04 87 44 42 19683 330012 45312 11% 13 154085 31669 29%
c 3 45.06 87 44 42 19683 330012 45594 11% 13 154084 31669 29%
c 2 45.08 87 44 42 19683 330012 45676 11% 13 154083 31669 29%
c p 45.22 87 44 42 19683 330012 54209 11% 13 154083 31647 29%
c - 46.78 96 43 43 21059 345069 47520 11% 13 153929 31647 29%
c # 47.36 96 43 43 21613 351049 53096 11% 13 153929 31647 29%
c s 47.60 96 43 43 21771 353243 54699 11% 13 153871 31647 29%
c w 47.69 96 43 43 21771 353243 54685 11% 13 153870 31647 29%
c t 47.69 96 43 43 21771 353243 54670 11% 13 153862 31647 29%
c e 47.71 96 43 43 21771 353243 54583 11% 13 153827 31601 29%
c s 47.73 96 43 43 21771 353243 54463 11% 13 153801 31601 29%
c e 47.74 96 43 43 21771 353243 54462 11% 13 153796 31600 29%
c i 47.84 96 43 43 21888 353989 55150 11% 13 153796 31598 29%
c - 48.61 96 43 44 22571 360741 49037 11% 14 153782 31598 29%
c - 50.17 96 43 45 23787 376764 50780 11% 14 153782 31598 29%
c 
c  seconds  reductions        redundant   irredundant
c         MB      restarts           trail        variables
c          level       conflicts         glue          remaining
c 
c B 50.28 96 43 45 23856 378055 51954 11% 14 153782 31598 29%
c d 51.54 96 42 45 25012 390014 63082 11% 14 153782 31597 29%
c 3 51.56 96 42 45 25012 390014 63330 11% 14 153782 31597 29%
c 2 51.59 96 42 45 25012 390014 63428 11% 14 153782 31597 29%
c p 51.74 96 42 45 25012 390014 72008 11% 14 153782 31542 29%
c d 51.75 96 42 45 25012 390014 71709 11% 14 153411 31541 29%
c i 51.85 96 42 45 25067 391280 72874 11% 14 153411 31537 29%
c - 52.09 97 42 46 25255 393143 52945 11% 14 153388 31537 29%
c W 53.71 97 42 46 26299 406058 64894 11% 14 153388 31537 29%
c i 53.73 97 42 46 26328 406214 65042 11% 14 153388 31536 29%
c - 54.12 97 42 47 26630 409863 54678 11% 14 153381 31536 29%
c s 54.37 97 42 47 26801 412603 56764 11% 14 153275 31536 29%
c v 54.43 97 42 47 26801 412603 56764 11% 14 153072 31536 29%
c w 54.46 97 42 47 26801 412603 56744 11% 14 153072 31536 29%
c t 54.47 97 42 47 26801 412603 56722 11% 14 153056 31536 29%
c e 54.49 97 42 47 26801 412603 56237 11% 14 152951 31387 28%
c s 54.52 97 42 47 26801 412603 56143 11% 14 152883 31387 28%
c - 56.18 97 41 48 28019 426941 55825 11% 14 152883 31387 28%
c F 57.07 97 41 48 28610 435067 63364 11% 14 152883 31387 28%
c - 58.13 98 41 49 29324 444354 57731 11% 14 152883 31387 28%
c 
c  seconds  reductions        redundant   irredundant
c         MB      restarts           trail        variables
c          level       conflicts         glue          remaining
c 
c 3 59.27 98 41 49 30276 455014 67857 11% 14 152883 31387 28%
c 2 59.30 98 41 49 30276 455014 67948 11% 14 152883 31387 28%
c p 59.45 98 41 49 30276 455014 76902 11% 14 152883 31300 28%
c d 59.47 98 41 49 30276 455014 76469 11% 14 152285 31291 28%
c - 60.36 98 41 50 30851 462120 59940 11% 14 152285 31291 28%
c B 60.68 98 40 50 31006 465071 62681 11% 14 152285 31291 28%
c s 62.01 98 40 50 31970 476561 72864 11% 14 152184 31291 28%
c v 62.09 98 40 50 31970 476561 72864 11% 14 151677 31291 28%
c w 62.12 98 40 50 31970 476561 72838 11% 14 151677 31291 28%
c t 62.13 98 40 50 31970 476561 72820 11% 14 151621 31291 28%
c e 62.15 98 40 50 31970 476561 71715 11% 14 151417 31071 28%
c s 62.19 98 40 50 31970 476561 71600 11% 14 151309 31071 28%
c e 62.20 98 40 50 31970 476561 71546 11% 14 151299 31064 28%
c - 62.69 98 40 51 32288 480214 60395 11% 14 151299 31064 28%
c W 64.63 98 40 51 33529 496072 75361 11% 14 151299 31064 28%
c - 64.99 99 40 52 33766 498620 62636 11% 14 151299 31064 28%
c } 66.46 99 40 52 34871 511011 74194 11% 14 151299 31064 28%
c [ 66.46 99 39 52 34871 511011 74194 18% 24 151299 31064 28%
c - 67.41 99 39 53 34871 517379 64324 18% 24 151299 31064 28%
c 2 68.66 99 39 53 34871 525015 72082 18% 24 151299 31064 28%
c 
c  seconds  reductions        redundant   irredundant
c         MB      restarts           trail        variables
c          level       conflicts         glue          remaining
c 
c p 68.83 99 39 53 34871 525015 80737 18% 24 151299 30999 28%
c d 68.85 99 39 53 34871 525015 80174 18% 24 150854 30997 28%
c W 69.65 99 39 53 34871 528073 83103 18% 24 150854 30997 28%
c - 70.96 81 38 54 34871 536495 64193 18% 24 150854 30997 28%
c s 72.27 81 38 54 34875 545085 71761 18% 23 150755 30997 28%
c v 72.35 81 38 54 34875 545085 71761 18% 23 150365 30997 28%
c w 72.39 81 38 54 34875 545085 71751 18% 23 150365 30997 28%
c t 72.39 81 38 54 34875 545085 71748 18% 23 150322 30997 28%
c e 72.42 81 38 54 34875 545085 70529 18% 23 150161 30841 28%
c s 72.44 81 38 54 34875 545085 70427 18% 23 150072 30841 28%
c - 74.23 79 37 55 34881 555942 59905 18% 23 150072 30841 28%
c I 75.01 79 36 55 34884 561074 64380 18% 23 150072 30841 28%
c - 77.00 91 39 56 34888 575703 60405 17% 24 150072 30841 28%
c B 79.92 91 39 56 34900 595076 78043 17% 24 150072 30841 28%
c - 80.08 103 39 57 34900 595820 61082 17% 24 150072 30841 28%
c p 80.93 103 40 57 34901 600019 73953 17% 25 150072 30813 28%
c d 80.94 103 40 57 34901 600019 73738 17% 25 149875 30812 28%
c - 83.57 103 39 58 34902 616287 61448 17% 24 149875 30812 28%
c s 83.90 103 39 58 34902 618134 63078 17% 24 149829 30812 28%
c v 83.98 103 39 58 34902 618134 63078 17% 24 149369 30812 28%
c 
c  seconds   reductions        redundant   irredundant
c          MB      restarts           trail        variables
c           level       conflicts         glue          remaining
c 
c w 84.03 103 39 58 34902 618134 63068 17% 24 149369 30812 28%
c t 84.03 103 39 58 34902 618134 63064 17% 24 149351 30812 28%
c e 84.05 103 39 58 34902 618134 62166 17% 24 149242 30698 28%
c s 84.08 103 39 58 34902 618134 62077 17% 24 149171 30698 28%
c W 86.36 103 38 58 34907 630078 72575 17% 24 149171 30698 28%
c - 87.63 103 37 59 34910 637098 60663 17% 23 149171 30698 28%
c - 91.09 103 35 60 34919 658224 61822 17% 23 149171 30698 28%
c O 92.37 103 35 60 34924 666079 68445 17% 23 149171 30698 28%
c - 94.49 103 33 61 34931 679703 61527 17% 22 149171 30698 28%
c 3 94.56 103 33 61 34931 680019 62058 17% 22 149171 30698 28%
c p 94.69 103 33 61 34931 680019 70172 17% 22 149171 30693 28%
c d 94.71 103 33 61 34931 680019 70134 17% 22 149132 30692 28%
c s 97.26 103 32 61 34933 695680 83481 17% 21 148989 30692 28%
c v 97.35 103 32 61 34933 695680 83481 17% 21 148610 30692 28%
c w 97.40 103 32 61 34933 695680 83466 17% 21 148610 30692 28%
c t 97.40 103 32 61 34933 695680 83464 17% 21 148578 30692 28%
c e 97.43 103 32 61 34933 695680 82151 17% 21 148351 30545 28%
c s 97.48 103 32 61 34933 695680 82038 17% 21 148257 30545 28%
c e 97.49 103 32 61 34933 695680 82031 17% 21 148253 30542 28%
c - 98.60 79 31 62 34933 701534 62199 17% 21 148253 30542 28%
c 
c  seconds  reductions        redundant   irredundant
c         MB      restarts           trail        variables
c          level       conflicts         glue          remaining
c 
c B 98.84 79 31 62 34933 703082 63473 17% 21 148253 30542 28%
c - 102.26 91 32 63 34934 723668 64851 17% 21 148253 30542 28%
c W 105.62 91 31 63 34935 741084 80375 17% 21 148253 30542 28%
c - 106.59 91 31 64 34935 746151 66638 17% 21 148253 30542 28%
c 3 110.02 91 31 64 34935 765020 83214 17% 21 148253 30542 28%
c p 110.38 91 31 64 34935 765020 92486 17% 21 148253 30456 28%
c - 111.12 92 30 65 34935 768985 67547 17% 21 147627 30456 28%
c s 112.52 92 31 65 34935 777733 75595 17% 21 147515 30456 28%
c v 112.61 92 31 65 34935 777733 75595 17% 21 147360 30456 28%
c w 112.67 92 31 65 34935 777733 75593 17% 21 147360 30456 28%
c t 112.67 92 31 65 34935 777733 75593 17% 21 147339 30456 28%
c e 112.69 92 31 65 34935 777733 75584 17% 21 147164 30279 27%
c s 112.72 92 31 65 34935 777733 75523 17% 21 147094 30279 27%
c e 112.74 92 31 65 34935 777733 75523 17% 21 147090 30274 27%
c I 113.43 92 31 65 34935 780087 77733 17% 21 147090 30274 27%
c - 116.54 93 34 66 34935 792136 68558 17% 22 147090 30274 27%
c - 120.42 94 39 67 34942 815604 69625 16% 23 147090 30274 27%
c B 121.07 94 40 67 34943 820090 73927 16% 23 147090 30274 27%
c - 124.11 81 39 68 34950 839422 70252 17% 23 147090 30274 27%
c p 126.99 81 38 68 34960 855023 93229 17% 23 147090 30253 27%
c 
c  seconds   reductions        redundant   irredundant
c          MB      restarts           trail        variables
c           level       conflicts         glue          remaining
c 
c W 128.33 99 38 68 34964 861092 98819 17% 23 146962 30253 27%
c - 128.74 81 38 69 34964 863590 71500 17% 23 146962 30253 27%
c s 128.91 81 38 69 34964 864394 72113 17% 23 146945 30253 27%
c v 129.00 81 38 69 34964 864394 72113 17% 23 146776 30253 27%
c w 129.05 81 38 69 34964 864394 72107 17% 23 146776 30253 27%
c t 129.06 81 38 69 34964 864394 72106 17% 23 146763 30253 27%
c e 129.07 81 38 69 34964 864394 72099 17% 23 146624 30143 27%
c s 129.10 81 38 69 34964 864394 72067 17% 23 146529 30143 27%
c e 129.11 81 38 69 34964 864394 72067 17% 23 146527 30141 27%
c - 133.33 94 37 70 34966 888101 69659 17% 23 146527 30141 27%
c O 136.02 94 36 70 34974 903100 82694 17% 24 146527 30141 27%
c - 137.64 94 35 71 34980 912935 70049 17% 23 146527 30141 27%
c - 141.66 94 34 72 34991 938119 69798 17% 23 146527 30141 27%
c B 142.97 94 34 72 34995 946101 76919 17% 23 146527 30141 27%
c p 143.99 94 34 72 34996 950023 89303 17% 23 146527 30045 27%
c s 145.05 94 33 72 34996 955649 94069 17% 23 146503 30045 27%
c v 145.19 94 33 72 34996 955649 94069 17% 23 145319 30045 27%
c w 145.26 94 33 72 34996 955649 94064 17% 23 145319 30045 27%
c t 145.26 94 33 72 34996 955649 94064 17% 23 145308 30045 27%
c e 145.30 94 33 72 34996 955649 91012 17% 23 144521 29783 27%
c 
c  seconds   reductions        redundant   irredundant
c          MB      restarts           trail        variables
c           level       conflicts         glue          remaining
c 
c s 145.34 94 33 72 34996 955649 90919 17% 23 144333 29783 27%
c e 145.36 94 33 72 34996 955649 90904 17% 23 144325 29774 27%
c - 146.79 94 33 73 34997 963653 69658 17% 23 144325 29774 27%
c - 151.01 94 33 74 34998 989391 71679 17% 23 144325 29774 27%
c W 151.42 94 33 74 34998 990103 72353 17% 23 144325 29774 27%
c - 155.79 105 32 75 35005 1015478 73505 16% 22 144325 29774 27%
c ] 156.95 105 31 75 35009 1023013 80030 16% 22 144325 29774 27%
c { 156.95 105 40 75 35009 1023013 80030 11% 14 144325 29774 27%
c # 158.25 105 40 75 35688 1035104 91323 11% 14 144325 29774 27%
c - 159.13 105 40 76 36232 1041910 76575 11% 14 144325 29774 27%
c 3 160.14 105 40 76 36715 1050024 84897 11% 14 144325 29774 27%
c 2 160.16 105 40 76 36715 1050024 84895 11% 14 144325 29774 27%
c p 160.47 105 40 76 36715 1050024 96082 11% 14 144325 29447 27%
c s 160.76 105 40 76 36769 1051296 96764 11% 14 144291 29447 27%
c v 160.87 105 40 76 36769 1051296 96764 11% 14 143968 29447 27%
c w 160.93 105 40 76 36769 1051296 96755 11% 14 143968 29447 27%
c t 160.94 105 40 76 36769 1051296 96750 11% 14 143944 29447 27%
c e 160.98 105 40 76 36769 1051296 93057 11% 14 141640 29021 26%
c s 161.09 105 40 76 36769 1051296 92917 11% 14 141506 29021 26%
c e 161.11 105 40 76 36769 1051296 92195 11% 14 141505 29018 26%
c 
c  seconds    reductions         redundant   irredundant
c           MB      restarts            trail        variables
c            level        conflicts         glue          remaining
c 
c - 163.32 105 39 77 38029 1068691 78214 12% 14 141505 29018 26%
c B 164.84 105 39 77 38918 1081108 89884 12% 14 141505 29018 26%
c - 166.89 105 39 78 40253 1095619 82371 11% 14 141505 29018 26%
c - 170.31 105 39 79 42300 1122897 85842 12% 15 141505 29018 26%
c W 171.27 105 39 79 42750 1128111 90766 12% 15 141505 29018 26%
c - 174.48 105 39 80 44534 1150515 88865 12% 15 141505 29018 26%
c s 174.78 105 39 80 44690 1151874 89600 12% 15 141488 29018 26%
c v 174.87 105 39 80 44690 1151874 89600 12% 15 141376 29018 26%
c w 174.93 105 39 80 44690 1151874 89578 12% 15 141376 29018 26%
c t 174.93 105 39 80 44690 1151874 89570 12% 15 141339 29018 26%
c e 174.94 105 39 80 44690 1151874 89570 12% 15 141322 28992 26%
c s 175.02 105 39 80 44690 1151874 89420 12% 15 141298 28992 26%
c d 175.46 105 39 80 44849 1155028 92423 12% 15 141298 28989 26%
c 3 175.49 105 39 80 44849 1155028 92827 12% 15 141298 28989 26%
c 2 175.51 105 39 80 44849 1155028 92825 12% 15 141278 28989 26%
c p 175.64 105 39 80 44849 1155028 100817 12% 15 141278 28985 26%
c F 178.56 105 38 80 46009 1176116 120501 12% 15 141278 28985 26%
c - 178.99 105 38 81 46211 1178481 91159 12% 15 141249 28985 26%
c - 182.90 106 38 82 48311 1206770 93823 12% 15 141249 28985 26%
c B 185.36 106 37 82 49583 1225117 111093 12% 15 141249 28985 26%
c 
c  seconds    reductions         redundant   irredundant
c           MB      restarts            trail        variables
c            level        conflicts         glue          remaining
c 
c - 186.91 106 37 83 50300 1235407 96110 12% 15 141249 28985 26%
c s 189.90 106 36 83 51492 1256987 115615 12% 15 141239 28985 26%
c v 190.00 106 36 83 51492 1256987 115615 12% 15 141210 28985 26%
c w 190.08 106 36 83 51492 1256987 115601 12% 15 141210 28985 26%
c t 190.08 106 36 83 51492 1256987 115597 12% 15 141205 28985 26%
c e 190.10 106 36 83 51492 1256987 115578 12% 15 141177 28964 26%
c s 190.17 106 36 83 51492 1256987 115448 12% 15 141166 28964 26%
c - 191.31 106 37 84 52004 1264386 97571 12% 15 141166 28964 26%
c 3 191.41 106 37 84 52035 1265030 98580 12% 15 141166 28964 26%
c p 191.71 106 37 84 52035 1265030 107027 12% 15 141166 28937 26%
c W 193.43 109 37 84 52729 1275118 116429 12% 15 140999 28937 26%
c - 196.23 109 37 85 54245 1293705 100556 12% 15 140999 28937 26%
c - 200.80 109 37 86 56767 1323354 102752 12% 15 140999 28937 26%
c # 201.21 109 37 86 56977 1326119 105396 12% 15 140999 28937 26%
c - 205.17 109 37 87 58620 1353351 105143 12% 15 140999 28937 26%
c s 207.27 109 37 87 59542 1366670 117190 12% 15 140984 28937 26%
c v 207.36 109 37 87 59542 1366670 117190 12% 15 140953 28937 26%
c w 207.43 109 37 87 59542 1366670 117174 12% 15 140953 28937 26%
c t 207.44 109 37 87 59542 1366670 117169 12% 15 140944 28937 26%
c e 207.45 109 37 87 59542 1366670 116955 12% 15 140891 28886 26%
c 
c  seconds    reductions         redundant    irredundant
c           MB      restarts             trail        variables
c            level        conflicts          glue          remaining
c 
c s 207.53 109 37 87 59542 1366670 116802 12% 15 140858 28886 26%
c B 209.24 109 37 87 60192 1378120 127673 12% 15 140858 28886 26%
c p 209.96 109 37 87 60332 1380036 138071 12% 15 140858 28858 26%
c - 210.66 109 37 88 60625 1383693 107051 12% 15 140686 28858 26%
c - 215.71 109 37 89 63094 1414354 109013 13% 16 140686 28858 26%
c W 218.28 109 36 89 63795 1431121 124529 13% 15 140686 28858 26%
c - 220.67 109 36 90 64699 1445357 110249 13% 16 140686 28858 26%
c - 225.35 109 35 91 66352 1476708 111385 13% 15 140686 28858 26%
c s 226.02 109 35 91 66601 1480960 114764 13% 15 140670 28858 26%
c v 226.13 109 35 91 66601 1480960 114764 13% 15 140282 28858 26%
c w 226.21 109 35 91 66601 1480960 114747 13% 15 140282 28858 26%
c t 226.21 109 35 91 66601 1480960 114747 13% 15 140262 28858 26%
c e 226.23 109 35 91 66601 1480960 114685 13% 15 140168 28757 26%
c s 226.32 109 35 91 66601 1480960 114548 13% 15 140069 28757 26%
c e 226.34 109 35 91 66601 1480960 114543 13% 15 140063 28750 26%
c F 226.99 109 35 91 66885 1485122 118444 13% 15 140063 28750 26%
c 3 229.36 109 35 91 67772 1500039 132944 13% 15 140063 28750 26%
c p 229.79 109 35 91 67772 1500039 141252 13% 15 140063 28726 26%
c - 231.34 112 35 92 68422 1508400 113298 13% 15 139922 28726 26%
c B 236.62 112 35 92 71127 1540125 143298 13% 16 139922 28726 26%
c 
c  seconds    reductions         redundant    irredundant
c           MB      restarts             trail        variables
c            level        conflicts          glue          remaining
c 
c - 236.73 126 35 93 71152 1540370 115515 13% 16 139922 28726 26%
c - 241.73 126 35 94 73529 1572683 117766 13% 16 139922 28726 26%
c W 245.60 126 35 94 75178 1596126 139732 13% 16 139922 28726 26%
c s 246.42 126 35 94 75579 1599754 142550 13% 16 139902 28726 26%
c v 246.53 126 35 94 75579 1599754 142550 13% 16 139751 28726 26%
c w 246.62 126 35 94 75579 1599754 142531 13% 16 139751 28726 26%
c t 246.62 126 35 94 75579 1599754 142529 13% 16 139729 28726 26%
c e 246.65 126 35 94 75579 1599754 141153 13% 16 139677 28672 26%
c s 246.75 126 35 94 75579 1599754 140952 13% 16 139638 28672 26%
c - 247.64 126 35 95 75633 1605343 117866 13% 16 139638 28672 26%
c i 249.40 126 35 95 76430 1616134 128030 13% 16 139638 28663 26%
c d 250.78 126 35 95 76899 1625041 136419 13% 16 139591 28661 26%
c 3 250.81 126 35 95 76899 1625041 136872 13% 16 139591 28661 26%
c p 251.25 126 35 95 76899 1625041 145140 13% 16 139591 28602 26%
c d 251.27 126 35 95 76899 1625041 144892 13% 16 139284 28590 26%
c - 253.31 128 34 96 77305 1638319 120206 13% 16 139284 28590 26%
c # 255.86 128 34 96 78675 1653130 134262 13% 16 139284 28590 26%
c i 256.79 128 34 96 79150 1658384 139238 13% 16 139284 28563 26%
c - 259.25 128 35 97 80366 1671609 122707 13% 16 139152 28563 26%
c - 265.19 128 35 98 83030 1705227 124581 13% 16 139152 28563 26%
c 
c  seconds    reductions         redundant    irredundant
c           MB      restarts             trail        variables
c            level        conflicts          glue          remaining
c 
c B 266.04 128 35 98 83232 1711133 130082 13% 16 139152 28563 26%
c s 268.02 128 35 98 83835 1723092 140946 13% 16 139143 28563 26%
c v 268.13 128 35 98 83835 1723092 140946 13% 16 139075 28563 26%
c w 268.23 128 35 98 83835 1723092 140935 13% 16 139075 28563 26%
c t 268.23 128 35 98 83835 1723092 140933 13% 16 139067 28563 26%
c e 268.26 128 35 98 83835 1723092 138008 13% 16 139022 28516 26%
c s 268.37 128 35 98 83835 1723092 137804 13% 16 139005 28516 26%
c - 271.17 84 35 99 84823 1739192 124017 13% 16 139005 28516 26%
c p 273.86 84 34 99 85531 1755044 147342 13% 16 139005 28495 26%
c W 277.04 105 34 99 86764 1770137 161460 13% 16 138888 28495 26%
c - 277.68 84 34 100 86922 1773484 126634 13% 16 138888 28495 26%
c - 283.69 100 34 101 88967 1808106 128644 13% 16 138888 28495 26%
c F 287.28 100 34 101 90504 1830139 149346 13% 16 138888 28495 26%
c - 289.76 116 34 102 91411 1843072 130552 13% 16 138888 28495 26%
c s 291.27 116 34 102 91926 1851069 137566 13% 16 138874 28495 26%
c v 291.38 116 34 102 91926 1851069 137566 13% 16 138859 28495 26%
c w 291.49 116 34 102 91926 1851069 137553 13% 16 138859 28495 26%
c t 291.49 116 34 102 91926 1851069 137549 13% 16 138855 28495 26%
c e 291.51 116 34 102 91926 1851069 136834 13% 16 138817 28466 26%
c s 291.63 116 34 102 91926 1851069 136597 13% 16 138808 28466 26%
c 
c  seconds     reductions         redundant    irredundant
c           MB       restarts             trail        variables
c            level         conflicts          glue          remaining
c 
c - 296.23 116 34 103 93310 1878381 131330 13% 16 138808 28466 26%
c p 298.30 116 33 103 93772 1890045 150480 13% 16 138808 28455 26%
c B 298.50 116 33 103 93827 1891140 151533 13% 16 138808 28455 26%
c - 303.23 116 34 104 95706 1914025 133907 13% 16 138751 28455 26%
c - 310.12 117 34 105 98449 1950008 135997 13% 16 138751 28455 26%
c W 311.05 117 34 105 98729 1953141 138976 13% 16 138751 28455 26%
c s 316.97 117 34 105 100944 1983649 167148 13% 16 138748 28455 26%
c v 317.11 117 34 105 100944 1983649 167148 13% 16 138408 28455 26%
c w 317.24 117 34 105 100944 1983649 167138 13% 16 138408 28455 26%
c t 317.25 117 34 105 100944 1983649 167136 13% 16 138407 28455 26%
c e 317.27 117 34 105 100944 1983649 166699 13% 16 138373 28393 26%
c s 317.44 117 34 105 100944 1983649 166500 13% 16 138316 28393 26%
c e 317.45 117 34 105 100944 1983649 166327 13% 16 138310 28389 26%
c - 318.24 117 35 106 101335 1986331 137067 13% 16 138310 28389 26%
c # 323.60 117 34 106 103197 2016142 165219 13% 16 138310 28389 26%
c - 324.83 117 34 107 103400 2022952 139064 14% 16 138310 28389 26%
c d 326.17 117 34 107 103930 2030048 145822 14% 17 138310 28388 26%
c 3 326.19 117 34 107 103930 2030048 146175 14% 17 138310 28388 26%
c 2 326.22 117 34 107 103930 2030048 146272 14% 17 138304 28388 26%
c p 326.73 117 34 107 103930 2030048 154868 14% 17 138304 28351 26%
c 
c  seconds     reductions          redundant    irredundant
c           MB       restarts              trail        variables
c            level          conflicts          glue          remaining
c 
c } 329.99 117 35 107 105124 2047013 170879 14% 17 138304 28351 26%
c [ 329.99 117 31 107 105124 2047013 170879 18% 22 138304 28351 26%
c - 332.50 120 32 108 105128 2059915 140068 18% 22 138073 28351 26%
c I 336.57 120 34 108 105139 2080144 158540 19% 24 138073 28351 26%
c - 339.99 120 39 109 105144 2097196 137493 18% 25 138073 28351 26%
c s 345.01 120 43 109 105150 2120722 159601 17% 26 138044 28351 26%
c v 345.13 120 43 109 105150 2120722 159601 17% 26 137982 28351 26%
c w 345.25 120 43 109 105150 2120722 159598 17% 26 137982 28351 26%
c t 345.26 120 43 109 105150 2120722 159595 17% 26 137961 28351 26%
c e 345.28 120 43 109 105150 2120722 159406 17% 26 137921 28301 26%
c s 345.38 120 43 109 105150 2120722 159348 17% 26 137898 28301 26%
c e 345.39 120 43 109 105150 2120722 159348 17% 26 137896 28299 26%
c - 348.41 120 42 110 105158 2134819 132929 17% 26 137896 28299 26%
c B 350.31 120 42 110 105159 2145145 142730 17% 26 137896 28299 26%
c - 355.15 120 41 111 105174 2172766 131370 18% 26 137896 28299 26%
c p 355.70 120 40 111 105174 2175050 141840 18% 26 137896 28294 26%
c - 362.75 120 37 112 105176 2211057 129807 18% 25 137863 28294 26%
c W 363.09 120 37 112 105176 2211146 129878 18% 25 137863 28294 26%
c - 370.79 120 35 113 105177 2249685 128073 18% 24 137863 28294 26%
c s 373.45 120 34 113 105177 2262379 138825 18% 24 137852 28294 26%
c 
c  seconds     reductions          redundant    irredundant
c           MB       restarts              trail        variables
c            level          conflicts          glue          remaining
c 
c v 373.58 120 34 113 105177 2262379 138825 18% 24 137818 28294 26%
c w 373.67 120 34 113 105177 2262379 138816 18% 24 137818 28294 26%
c t 373.68 120 34 113 105177 2262379 138815 18% 24 137814 28294 26%
c e 373.69 120 34 113 105177 2262379 138792 18% 24 137803 28282 26%
c s 373.74 120 34 113 105177 2262379 138750 18% 24 137799 28282 26%
c O 377.03 120 34 113 105177 2278148 152329 18% 24 137799 28282 26%
c - 379.10 120 33 114 105177 2288654 129570 18% 24 137799 28282 26%
c p 385.98 120 33 114 105178 2325051 168715 18% 24 137799 28281 26%
c d 386.00 120 33 114 105178 2325051 168709 18% 24 137789 28280 26%
c - 386.71 120 33 115 105178 2327957 129859 18% 24 137789 28280 26%
c B 389.94 120 33 115 105178 2346151 146333 18% 24 137789 28280 26%
c - 394.02 120 36 116 105178 2367602 133542 18% 24 137789 28280 26%
c - 402.44 120 40 117 105178 2407592 135864 18% 26 137789 28280 26%
c s 402.74 120 40 117 105178 2408594 136613 18% 26 137784 28280 26%
c v 402.88 120 40 117 105178 2408594 136613 18% 26 137667 28280 26%
c w 402.97 120 40 117 105178 2408594 136600 18% 26 137667 28280 26%
c t 402.97 120 40 117 105178 2408594 136600 18% 26 137665 28280 26%
c e 402.99 120 40 117 105178 2408594 134815 18% 26 137655 28257 26%
c s 403.11 120 40 117 105178 2408594 134617 18% 26 137628 28257 26%
c e 403.13 120 40 117 105178 2408594 134406 18% 26 137628 28255 26%
c 
c  seconds     reductions          redundant    irredundant
c           MB       restarts              trail        variables
c            level          conflicts          glue          remaining
c 
c W 404.73 120 39 117 105178 2415154 140523 18% 26 137628 28255 26%
c - 411.20 120 36 118 105191 2447923 133480 18% 24 137628 28255 26%
c p 418.04 120 35 118 105205 2480052 170272 18% 24 137628 28249 26%
c d 418.06 120 35 118 105205 2480052 170224 18% 24 137585 28248 26%
c I 419.19 120 35 118 105207 2485163 174486 18% 24 137585 28248 26%
c - 419.92 120 36 119 105208 2488574 135413 18% 24 137585 28248 26%
c - 427.83 91 47 120 105221 2529562 137821 18% 28 137585 28248 26%
c B 433.12 91 48 120 105231 2556165 162850 18% 29 137585 28248 26%
c s 433.92 91 48 120 105233 2559354 165489 18% 29 137572 28248 26%
c v 434.07 91 48 120 105233 2559354 165489 18% 29 137531 28248 26%
c w 434.23 91 48 120 105233 2559354 165468 18% 29 137531 28248 26%
c t 434.23 91 48 120 105233 2559354 165468 18% 29 137517 28248 26%
c e 434.26 91 48 120 105233 2559354 163133 18% 29 137495 28227 26%
c s 434.41 91 48 120 105233 2559354 162878 18% 29 137487 28227 26%
c - 436.87 89 47 121 105239 2570893 134490 18% 29 137487 28227 26%
c - 445.94 110 44 122 105241 2612553 135194 18% 28 137487 28227 26%
c W 449.38 110 44 122 105242 2628167 149294 18% 28 137487 28227 26%
c 3 451.86 110 43 122 105248 2640052 160807 18% 28 137487 28227 26%
c d 451.89 110 43 122 105248 2640052 160802 18% 28 137483 28226 26%
c 2 451.90 110 43 122 105248 2640052 160802 18% 28 137482 28226 26%
c 
c  seconds     reductions          redundant    irredundant
c           MB       restarts              trail        variables
c            level          conflicts          glue          remaining
c 
c p 452.19 110 43 122 105248 2640052 168953 18% 28 137482 28221 26%
c - 455.46 110 42 123 105256 2654554 137715 18% 27 137450 28221 26%
c - 464.67 110 40 124 105272 2696893 138098 19% 27 137450 28221 26%
c O 465.57 110 40 124 105272 2701168 141926 19% 27 137450 28221 26%
c s 468.09 110 38 124 105275 2714677 152864 18% 26 137445 28221 26%
c v 468.24 110 38 124 105275 2714677 152864 18% 26 137416 28221 26%
c w 468.38 110 38 124 105275 2714677 152860 18% 26 137416 28221 26%
c t 468.38 110 38 124 105275 2714677 152859 18% 26 137414 28221 26%
c e 468.40 110 38 124 105275 2714677 152534 18% 26 137385 28195 26%
c s 468.50 110 38 124 105275 2714677 152455 18% 26 137371 28195 26%
c e 468.52 110 38 124 105275 2714677 152455 18% 26 137371 28194 26%
c - 473.35 110 36 125 105287 2739575 135986 18% 25 137371 28194 26%
c B 479.82 110 34 125 105302 2775169 167398 17% 24 137371 28194 26%
c - 481.27 110 34 126 105303 2782590 139174 18% 24 137371 28194 26%
c p 485.70 110 35 126 105304 2805052 168365 18% 25 137371 28193 26%
c - 490.46 125 35 127 105304 2825945 140401 18% 26 137365 28193 26%
c W 496.18 125 35 127 105305 2850173 162195 18% 26 137365 28193 26%
c - 500.40 125 35 128 105305 2869639 141542 18% 26 137365 28193 26%
c s 501.51 125 35 128 105305 2874603 145848 18% 26 137363 28193 26%
c v 501.67 125 35 128 105305 2874603 145848 18% 26 137326 28193 26%
c 
c  seconds     reductions          redundant    irredundant
c           MB       restarts              trail        variables
c            level          conflicts          glue          remaining
c 
c w 501.77 125 35 128 105305 2874603 145844 18% 26 137326 28190 26%
c t 501.78 125 35 128 105305 2874603 145843 18% 26 137317 28190 26%
c e 501.79 125 35 128 105305 2874603 145813 18% 26 137269 28176 26%
c s 501.88 125 35 128 105305 2874603 145645 18% 26 137259 28176 26%
c e 501.89 125 35 128 105305 2874603 145645 18% 26 137258 28173 26%
c - 510.37 125 36 129 105318 2913674 140279 17% 27 137258 28173 26%
c I 512.85 125 36 129 105320 2926175 151254 17% 27 137258 28173 26%
c - 519.11 125 38 130 105335 2958038 142748 17% 27 137258 28173 26%
c 3 522.53 125 38 130 105336 2975053 158530 16% 27 137258 28173 26%
c p 522.65 125 38 130 105336 2975053 166551 16% 27 137258 28173 26%
c - 528.85 125 37 131 105351 3002743 141837 16% 27 137258 28173 26%
c B 528.92 125 37 131 105351 3003177 142228 16% 27 137258 28173 26%
c s 536.59 125 39 131 105366 3039089 174710 16% 27 137256 28173 26%
c v 536.75 125 39 131 105366 3039089 174710 16% 27 137238 28173 26%
c w 536.88 125 39 131 105366 3039089 174704 16% 27 137238 28173 26%
c t 536.89 125 39 131 105366 3039089 174704 16% 27 137234 28173 26%
c e 536.91 125 39 131 105366 3039089 174698 16% 27 137233 28172 26%
c s 537.05 125 39 131 105366 3039089 174469 16% 27 137232 28172 26%
c e 537.07 125 39 131 105366 3039089 174126 16% 27 137227 28170 26%
c - 539.08 130 39 132 105367 3047790 142521 17% 27 137227 28170 26%
c 
c  seconds     reductions          redundant    irredundant
c           MB       restarts              trail        variables
c            level          conflicts          glue          remaining
c 
c W 546.51 130 39 132 105368 3081179 171993 17% 27 137227 28170 26%
c - 549.06 130 39 133 105369 3093174 143746 17% 27 137227 28170 26%
c - 559.50 130 39 134 105391 3138899 146257 18% 27 137227 28170 26%
c p 562.33 130 39 134 105397 3150053 164567 17% 27 137227 28170 26%
c O 564.79 130 40 134 105399 3160180 173601 18% 27 137227 28170 26%
c - 569.72 130 37 135 105406 3184965 147874 18% 26 137227 28170 26%
c s 574.14 130 35 135 105414 3208130 167507 17% 25 137227 28170 26%
c v 574.31 130 35 135 105414 3208130 167507 17% 25 137175 28170 26%
c w 574.47 130 35 135 105414 3208130 167497 17% 25 137175 28170 26%
c t 574.47 130 35 135 105414 3208130 167497 17% 25 137174 28170 26%
c e 574.49 130 35 135 105414 3208130 167466 17% 25 137171 28162 26%
c s 574.65 130 35 135 105414 3208130 167310 17% 25 137159 28162 26%
c e 574.67 130 35 135 105414 3208130 167310 17% 25 137159 28161 26%
c - 579.66 130 35 136 105428 3231372 146741 18% 25 137159 28161 26%
c B 581.46 130 35 136 105429 3240181 154668 18% 25 137159 28161 26%
c - 589.27 131 38 137 105431 3278112 149455 18% 26 137159 28161 26%
c W 599.52 131 40 137 105432 3321183 189114 18% 28 137159 28161 26%
c - 600.60 153 40 138 105432 3325195 150632 18% 28 137159 28161 26%
c p 601.98 153 40 138 105432 3330053 163540 18% 27 137159 28155 26%
c - 610.92 153 39 139 105433 3372617 148832 19% 28 137120 28155 26%
c 
c  seconds     reductions          redundant    irredundant
c           MB       restarts              trail        variables
c            level          conflicts          glue          remaining
c 
c s 613.31 153 39 139 105433 3381720 156885 19% 28 137114 28155 26%
c v 613.49 153 39 139 105433 3381720 156885 19% 28 137112 28155 26%
c w 613.65 153 39 139 105433 3381720 156882 19% 28 137112 28155 26%
c t 613.66 153 39 139 105433 3381720 156882 19% 28 137108 28155 26%
c e 613.68 153 39 139 105433 3381720 155486 19% 28 137083 28139 25%
c s 613.79 153 39 139 105433 3381720 155342 19% 28 137076 28139 25%
c I 618.65 153 39 139 105433 3403184 174587 19% 28 137076 28139 25%
c - 622.07 153 42 140 105433 3420375 151892 18% 28 137076 28139 25%
c - 633.07 96 49 141 105433 3468469 153518 18% 30 137076 28139 25%
c B 637.41 96 50 141 105433 3486186 170492 18% 30 137076 28139 25%
c p 643.83 96 48 141 105434 3515053 207105 19% 29 137076 28138 25%
c - 644.47 122 48 142 105434 3516904 155884 19% 29 137066 28138 25%
c s 654.24 122 44 142 105434 3559898 195400 19% 27 137064 28138 25%
c v 654.43 122 44 142 105434 3559898 195400 19% 27 137040 28138 25%
c w 654.65 122 44 142 105434 3559898 195393 19% 27 137040 28138 25%
c e 654.67 122 44 142 105434 3559898 195385 19% 27 137033 28131 25%
c s 654.82 122 44 142 105434 3559898 195282 19% 27 137029 28131 25%
c e 654.84 122 44 142 105434 3559898 195282 19% 27 137029 28130 25%
c - 656.51 95 43 143 105434 3565681 154737 19% 27 137029 28130 25%
c W 657.73 95 43 143 105434 3570188 158822 19% 27 137029 28130 25%
c 
c  seconds     reductions          redundant    irredundant
c           MB       restarts              trail        variables
c            level          conflicts          glue          remaining
c 
c - 668.27 122 45 144 105434 3614793 155813 20% 28 137029 28130 25%
c O 678.71 122 45 144 105434 3655189 194655 20% 28 137029 28130 25%
c - 680.67 95 44 145 105434 3664245 158204 20% 28 137029 28130 25%
c p 689.27 95 39 145 105434 3705055 201235 18% 26 137029 28130 25%
c - 691.39 113 38 146 105434 3714037 152621 18% 26 137029 28130 25%
c B 697.07 113 36 146 105434 3741190 176198 18% 25 137029 28130 25%
c s 697.61 113 36 146 105434 3742642 177384 18% 25 137027 28130 25%
c v 697.78 113 36 146 105434 3742642 177384 18% 25 137018 28130 25%
c w 697.93 113 36 146 105434 3742642 177373 18% 25 137018 28130 25%
c e 697.95 113 36 146 105434 3742642 177373 18% 25 137018 28129 25%
c s 698.14 113 36 146 105434 3742642 177129 18% 25 137018 28129 25%
c ^ 698.16 113 36 146 105434 3742642 177129 18% 25 137018 28129 25%
c - 703.05 113 37 147 105440 3764170 155063 18% 26 137018 28129 25%
c - 715.27 113 37 148 105463 3814642 155241 17% 27 137018 28129 25%
c W 718.66 113 37 148 105465 3828191 166629 17% 26 137018 28129 25%
c - 727.72 133 37 149 105480 3865456 157669 17% 27 137018 28129 25%
c 
c caught signal 15 (SIGTERM)
c 
c --- [ result ] -------------------------------------------------------------
c 
c UNKNOWN
c 
c --- [ run-time profiling ] -------------------------------------------------
c 
c process time taken by individual solving procedures
c (percentage relative to process time for solving)
c 
c       705.05   96.51% search
c       498.27   68.21% stable
c       199.43   27.30% unstable
c        25.49    3.49% simplify
c         7.91    1.08% probe
c         7.35    1.01% walk
c         6.51    0.89% vivify
c         6.23    0.85% subsume
c         1.76    0.24% elim
c         1.14    0.16% ternary
c         0.19    0.03% parse
c         0.00    0.00% lucky
c   =================================
c       730.54   99.97% solve
c 
c last line shows process time for solving
c (percentage relative to total process time)
c 
c --- [ statistics ] ---------------------------------------------------------
c 
c chronological:            755683        19.48 %  of conflicts
c conflicts:               3878791      5309.48    per second
c decisions:               8972594     12282.13    per second
c eliminated:                48397        43.85 %  of all variables
c fixed:                     33665        30.50 %  of all variables
c learned:                 3800350        97.98 %  per conflict
c learned_lits:          370812656       100.00 %  learned literals
c minimized:                     0         0.00 %  learned literals
c shrunken:              105363431        28.41 %  learned literals
c minishrunken:           62123177        16.75 %  learned literals
c otfs:                       5118         0.13 %  of conflict
c propagations:         4028564136         5.51 M  per second
c reduced:                 3332503        85.92 %  per conflict
c rephased:                     87     44583.80    interval
c restarts:                 105485        36.77    interval
c stabilizing:                   6        64.81 %  of conflicts
c substituted:                 180         0.16 %  of all variables
c subsumed:                 304167         6.15 %  of all clauses
c strengthened:             163690         3.31 %  of all clauses
c ternary:                   22097         0.16 %  of resolved
c trail reuses:                  0         0.00 %  of incremental calls
c vivified:                  15449         0.31 %  of all clauses
c walked:                       28    138528.25    interval
c weakened:                 147771         2.43    average size
c 
c seconds are measured in process time for solving
c 
c --- [ resources ] ----------------------------------------------------------
c 
c total process time since initialization:       730.73    seconds
c total real time since initialization:         1800.07    seconds
c maximum resident set size of process:          153.03    MB
c 
c raising signal 15 (SIGTERM)
