c --- [ banner ] -------------------------------------------------------------
c 
c CaDiCaL SAT Solver
c Copyright (c) 2016-2023 A. Biere, M. Fleury, N. Froleyks, K. Fazekas, F. Pollitt
c 
c Version 1.9.5 146207318796f094dcded87349a64f0c6927309e
c g++ (Ubuntu 13.3.0-6ubuntu2~24.04.1) 13.3.0 -Wall -Wextra -O3 -DNDEBUG
c Wed Sep 30 06:02:32 JST 2026 Linux ikutoPC 6.6.87.2-microsoft-standard-WSL2 x86_64
c 
c --- [ limit ] --------------------------------------------------------------
c 
c setting conflict limit to 1000000 conflicts (due to '1000000')
c 
c --- [ proof tracing ] ------------------------------------------------------
c 
c opening file to write '/tmp/conway99-seven-profile-rank5_136_profile_0004-eg4eAe/proof.drat'
c writing non-binary proof trace to '/tmp/conway99-seven-profile-rank5_136_profile_0004-eg4eAe/proof.drat'
c 
c --- [ parsing input ] ------------------------------------------------------
c 
c reading DIMACS file from '/mnt/c/Users/ikuto/projects/conway-99-graph/acceleration/results/20260930_hadamard_seven_remaining_cnfs/run01/rank5_136_profile_0004/instance.cnf'
c opening file to read '/mnt/c/Users/ikuto/projects/conway-99-graph/acceleration/results/20260930_hadamard_seven_remaining_cnfs/run01/rank5_136_profile_0004/instance.cnf'
c found 'p cnf 9872 170454' header
c parsed 170454 clauses in 0.07 seconds process time
c 
c --- [ options ] ------------------------------------------------------------
c 
c   --binary=false                 (different from default 'true')
c 
c --- [ solving ] ------------------------------------------------------------
c 
c time measured in process time since initialization
c 
c  seconds  reductions  redundant  irredundant
c         MB    restarts       trail      variables
c          level   conflicts       glue        remaining
c 
c *  0.07 17  0 0   0    0    0  0% 0 120522 6945 70%
c {  0.07 18  0 0   0    0    0  0% 0 120522 6945 70%
c i  0.07 18 26 0   0   12    9 44% 3 120522 6944 70%
c i  0.07 18 27 0   0   13    9 44% 3 120522 6943 70%
c i  0.07 18 40 0   0   21   16 48% 4 120522 6942 70%
c i  0.08 19 17 0   5  150   98 51% 4 120522 6941 70%
c i  0.08 19 16 0   5  173  115 51% 4 120522 6940 70%
c i  0.08 19 16 0   5  174  115 51% 4 120522 6939 70%
c i  0.08 19 16 0   5  175  115 50% 4 120522 6938 70%
c i  0.08 19 16 0   5  177  116 50% 4 120522 6937 70%
c i  0.08 19 16 0   5  178  116 50% 4 120522 6936 70%
c i  0.08 19 16 0   5  179  116 50% 4 120522 6935 70%
c i  0.08 19 16 0   5  180  116 50% 4 120522 6934 70%
c i  0.08 19 16 0   5  181  116 50% 4 120522 6933 70%
c i  0.08 19 16 0   5  183  116 50% 4 120522 6927 70%
c i  0.08 19 16 0   5  185  117 50% 4 120522 6926 70%
c i  0.08 19 14 0   5  254  164 50% 4 120522 6925 70%
c i  0.09 19 14 0   5  305  189 52% 4 120522 6922 70%
c -  0.09 19 14 1   5  305   66 52% 4 119613 6922 70%
c i  0.10 19 17 1   6  329   86 51% 4 119613 6921 70%
c 
c  seconds  reductions  redundant  irredundant
c         MB    restarts       trail      variables
c          level   conflicts       glue        remaining
c 
c i  0.10 19 17 1   7  330   86 51% 4 119613 6920 70%
c i  0.10 19 17 1   9  338   93 51% 4 119613 6919 70%
c i  0.10 19 17 1  12  355  101 51% 5 119613 6918 70%
c i  0.10 19 17 1  13  356  101 51% 5 119613 6917 70%
c i  0.10 19 16 1  13  359  102 50% 5 119613 6916 70%
c i  0.10 19 16 1  14  360  102 50% 5 119613 6915 70%
c i  0.10 19 16 1  18  381  113 50% 5 119613 6914 70%
c }  0.11 19 16 1  21  526  238 51% 4 119613 5797 59%
c 0  0.11 19 16 1  21  526  238 51% 4 119613 5797 59%
c 
c --- [ closing proof ] ------------------------------------------------------
c 
c DRAT proof file '/tmp/conway99-seven-profile-rank5_136_profile_0004-eg4eAe/proof.drat' closed
c DRAT 5607 added clauses 9.71%
c DRAT 52134 deleted clauses 90.29%
c DRAT 1380027 bytes (1.32 MB)
c 
c --- [ result ] -------------------------------------------------------------
c 
s UNSATISFIABLE
c 
c --- [ run-time profiling ] -------------------------------------------------
c 
c process time taken by individual solving procedures
c (percentage relative to process time for solving)
c 
c         0.07  204.35% parse
c         0.03   97.11% search
c         0.03   93.58% unstable
c         0.00    3.29% lucky
c         0.00    0.00% simplify
c   =================================
c         0.03   32.61% solve
c 
c last line shows process time for solving
c (percentage relative to total process time)
c 
c --- [ statistics ] ---------------------------------------------------------
c 
c chronological:               278        52.85 %  of conflicts
c conflicts:                   526     15165.93    per second
c decisions:                  1614     46535.77    per second
c fixed:                      4075        41.28 %  of all variables
c learned:                     482        91.63 %  per conflict
c learned_lits:              20313       100.00 %  learned literals
c minimized:                     0         0.00 %  learned literals
c shrunken:                  11893        58.55 %  learned literals
c minishrunken:               1655         8.15 %  learned literals
c otfs:                          7         1.33 %  of conflict
c propagations:             322740         9.31 M  per second
c restarts:                     21        25.05    interval
c subsumed:                     96         0.08 %  of all clauses
c strengthened:                  6         0.00 %  of all clauses
c trail reuses:                  0         0.00 %  of incremental calls
c 
c seconds are measured in process time for solving
c 
c --- [ resources ] ----------------------------------------------------------
c 
c total process time since initialization:         0.11    seconds
c total real time since initialization:            0.70    seconds
c maximum resident set size of process:           19.80    MB
c 
c --- [ shutting down ] ------------------------------------------------------
c 
c exit 20
