c --- [ banner ] -------------------------------------------------------------
c 
c CaDiCaL SAT Solver
c Copyright (c) 2016-2023 A. Biere, M. Fleury, N. Froleyks, K. Fazekas, F. Pollitt
c 
c Version 1.9.5 146207318796f094dcded87349a64f0c6927309e
c g++ (Ubuntu 13.3.0-6ubuntu2~24.04.1) 13.3.0 -Wall -Wextra -O3 -DNDEBUG
c Wed Sep 30 06:02:32 JST 2026 Linux ikutoPC 6.6.87.2-microsoft-standard-WSL2 x86_64
c 
c --- [ limit ] --------------------------------------------------------------
c 
c setting conflict limit to 1000000 conflicts (due to '1000000')
c 
c --- [ proof tracing ] ------------------------------------------------------
c 
c opening file to write '/tmp/conway99-exact-eight-0155-brJrsq/proof.drat'
c writing non-binary proof trace to '/tmp/conway99-exact-eight-0155-brJrsq/proof.drat'
c 
c --- [ parsing input ] ------------------------------------------------------
c 
c reading DIMACS file from '/mnt/c/Users/ikuto/projects/conway-99-graph/acceleration/results/20261001_exact_eight_prefix64_batch02_cnfs_part02/case_0155/instance.cnf'
c opening file to read '/mnt/c/Users/ikuto/projects/conway-99-graph/acceleration/results/20261001_exact_eight_prefix64_batch02_cnfs_part02/case_0155/instance.cnf'
c found 'p cnf 9748 167416' header
c parsed 167416 clauses in 0.06 seconds process time
c 
c --- [ options ] ------------------------------------------------------------
c 
c   --binary=false                 (different from default 'true')
c 
c --- [ solving ] ------------------------------------------------------------
c 
c time measured in process time since initialization
c 
c  seconds  reductions  redundant  irredundant
c         MB    restarts       trail      variables
c          level   conflicts       glue        remaining
c 
c *  0.06 17  0 0   0    0    0  0% 0 117564 6820 70%
c {  0.06 18  0 0   0    0    0  0% 0 117564 6820 70%
c i  0.07 18  9 0   0   10    6 42% 2 117564 6819 70%
c i  0.07 18 13 0   0   20   12 49% 4 117564 6818 70%
c i  0.07 18 15 0   1   40   31 48% 5 117564 6817 70%
c i  0.07 18 28 0  20  150  124 52% 9 117564 6816 70%
c i  0.07 18 26 0  25  216  173 52% 9 117564 6815 70%
c -  0.08 19 27 1  31  300  246 53% 9 117199 6815 70%
c i  0.09 19 26 1  31  359  292 53% 9 117199 6814 70%
c i  0.09 19 26 1  31  395  324 54% 8 117199 6813 70%
c i  0.10 19 30 1  37  591  455 54% 8 117199 6812 70%
c i  0.10 19 29 1  37  609  467 54% 8 117199 6811 70%
c i  0.10 19 28 1  37  636  485 54% 8 117199 6810 70%
c i  0.10 19 28 1  37  658  491 54% 8 117199 6808 70%
c i  0.10 19 26 1  37  747  543 54% 7 117199 6807 70%
c -  0.12 24 26 2  41  942  510 54% 7 116868 6807 70%
c i  0.12 24 26 2  48  991  552 54% 7 116868 6805 70%
c i  0.12 24 26 2  48  993  553 54% 7 116868 6804 70%
c }  0.12 24 26 2  48 1003  561 54% 7 116868 6804 70%
c [  0.12 24  0 2  48 1003  561  0% 0 116868 6804 70%
c 
c  seconds  reductions  redundant  irredundant
c         MB    restarts       trail      variables
c          level   conflicts       glue        remaining
c 
c O  0.12 24  2 2  48 1004  562 62% 2 116868 6804 70%
c i  0.13 24 32 2  48 1130  631 56% 12 116868 6802 70%
c i  0.16 24 41 2  48 1770 1172 54% 16 116868 6801 70%
c i  0.16 24 41 2  48 1774 1175 54% 16 116868 6800 70%
c i  0.16 24 45 2  48 1807 1197 54% 17 116868 6799 70%
c i  0.16 24 45 2  48 1811 1200 53% 17 116868 6798 70%
c i  0.16 24 45 2  48 1840 1225 54% 17 116868 6797 70%
c -  0.17 24 45 3  48 1912 1077 54% 16 116443 6797 70%
c i  0.18 24 45 3  49 2177 1291 54% 15 116443 6795 70%
c i  0.19 24 51 3  49 2264 1366 54% 16 116443 6793 70%
c i  0.19 24 52 3  49 2300 1389 54% 17 116443 6792 70%
c i  0.20 24 52 3  49 2436 1501 54% 17 116443 6791 70%
c i  0.22 24 45 3  49 2957 1911 54% 15 116443 5833 60%
c i  0.23 22 45 3  49 2958  666 22% 15 86189 5787 59%
c i  0.23 22 45 3  49 2975  678 12% 15 86189 5670 58%
c ]  0.23 22 45 3  49 2979  678 11% 15 86189 5607 58%
c 0  0.23 22 45 3  49 2979  678 11% 15 86189 5607 58%
c 
c --- [ closing proof ] ------------------------------------------------------
c 
c DRAT proof file '/tmp/conway99-exact-eight-0155-brJrsq/proof.drat' closed
c DRAT 11323 added clauses 11.43%
c DRAT 87730 deleted clauses 88.57%
c DRAT 3407848 bytes (3.25 MB)
c 
c --- [ result ] -------------------------------------------------------------
c 
s UNSATISFIABLE
c 
c --- [ run-time profiling ] -------------------------------------------------
c 
c process time taken by individual solving procedures
c (percentage relative to process time for solving)
c 
c         0.17   99.66% search
c         0.11   65.66% stable
c         0.06   36.50% parse
c         0.06   33.18% unstable
c         0.00    0.80% lucky
c         0.00    0.00% simplify
c   =================================
c         0.17   73.03% solve
c 
c last line shows process time for solving
c (percentage relative to total process time)
c 
c --- [ statistics ] ---------------------------------------------------------
c 
c chronological:              1292        43.37 %  of conflicts
c conflicts:                  2979     17437.98    per second
c decisions:                  8627     50499.32    per second
c fixed:                      4141        42.48 %  of all variables
c learned:                    2735        91.81 %  per conflict
c learned_lits:             204902       100.00 %  learned literals
c minimized:                     0         0.00 %  learned literals
c shrunken:                  68861        33.61 %  learned literals
c minishrunken:              29417        14.36 %  learned literals
c otfs:                         27         0.91 %  of conflict
c propagations:            1558360         9.12 M  per second
c reduced:                     194         6.51 %  per conflict
c rephased:                      1      2979.00    interval
c restarts:                     49        60.80    interval
c stabilizing:                   1        66.26 %  of conflicts
c subsumed:                    396         0.33 %  of all clauses
c strengthened:                 25         0.02 %  of all clauses
c trail reuses:                  0         0.00 %  of incremental calls
c 
c seconds are measured in process time for solving
c 
c --- [ resources ] ----------------------------------------------------------
c 
c total process time since initialization:         0.23    seconds
c total real time since initialization:            0.83    seconds
c maximum resident set size of process:           27.85    MB
c 
c --- [ shutting down ] ------------------------------------------------------
c 
c exit 20
