c --- [ banner ] -------------------------------------------------------------
c 
c CaDiCaL SAT Solver
c Copyright (c) 2016-2023 A. Biere, M. Fleury, N. Froleyks, K. Fazekas, F. Pollitt
c 
c Version 1.9.5 146207318796f094dcded87349a64f0c6927309e
c g++ (Ubuntu 13.3.0-6ubuntu2~24.04.1) 13.3.0 -Wall -Wextra -O3 -DNDEBUG
c Wed Sep 30 06:02:32 JST 2026 Linux ikutoPC 6.6.87.2-microsoft-standard-WSL2 x86_64
c 
c --- [ limit ] --------------------------------------------------------------
c 
c setting conflict limit to 5000000 conflicts (due to '5000000')
c 
c --- [ proof tracing ] ------------------------------------------------------
c 
c opening file to write '/tmp/conway99-prism-first-choice-bExzJ9/proof.drat'
c writing non-binary proof trace to '/tmp/conway99-prism-first-choice-bExzJ9/proof.drat'
c 
c --- [ parsing input ] ------------------------------------------------------
c 
c reading DIMACS file from '/mnt/c/Users/ikuto/projects/conway-99-graph/acceleration/results/20260930_prism_first_choice_normalization/instance.cnf'
c opening file to read '/mnt/c/Users/ikuto/projects/conway-99-graph/acceleration/results/20260930_prism_first_choice_normalization/instance.cnf'
c found 'p cnf 245880 874801' header
c parsed 874801 clauses in 0.56 seconds process time
c 
c --- [ options ] ------------------------------------------------------------
c 
c   --binary=false                 (different from default 'true')
c 
c --- [ solving ] ------------------------------------------------------------
c 
c time measured in process time since initialization
c 
c  seconds   reductions  redundant  irredundant
c          MB    restarts       trail       variables
c           level   conflicts       glue          remaining
c 
c *  0.56 132  0 0   0    0    0  0% 0 873720 154549 63%
c {  0.63 144  0 0   0    0    0  0% 0 873720 154549 63%
c -  0.83 144 230 1   8  303  255 53% 7 589952 154549 63%
c }  1.29 144 139 1  72 1000  878 55% 8 589952 154549 63%
c [  1.29 144  0 1  72 1000  878  0% 0 589952 154549 63%
c O  1.30 144 119 1  72 1012  882 65% 6 589952 154549 63%
c -  1.60 169 65 2  72 1365 1106 70% 20 589952 154549 63%
c -  2.64 158 87 3  73 2958 2156 42% 23 589952 154549 63%
c ]  2.66 158 87 3  73 3004 2193 42% 23 589952 154549 63%
c {  2.66 158 139 3  73 3004 2193 87% 8 589952 154549 63%
c F  2.67 158 139 3  77 3014 2203 86% 8 589952 154549 63%
c i  2.97 158 107 3 114 4210 3222 52% 7 589952 154548 63%
c s  3.45 176 104 3 187 4999 3903 46% 8 588291 154548 63%
c v  3.63 177 104 3 187 4999 3903 46% 8 587675 154548 63%
c w  3.67 177 104 3 187 4999 3903 46% 8 587675 154548 63%
c e  4.25 180 104 3 187 4999   61 46% 8 500393 76107 31%
c s  4.41 183 104 3 187 4999   59 46% 8 481048 76107 31%
c e  4.56 183 104 3 187 4999   59 46% 8 480447 75591 31%
c 3  4.77 183 104 3 187 5000  237 46% 8 480444 75591 31%
c p  5.09 177 104 3 187 5000 118154 46% 8 480444 75591 31%
c 
c  seconds    reductions   redundant   irredundant
c          MB     restarts         trail       variables
c            level   conflicts         glue         remaining
c 
c d  5.15 184 104 3 187 5000 118145 46% 8 480444 75587 31%
c i  5.19 184 104 3 191 5032 118163 45% 8 480444 75585 31%
c -  5.38 177 105 4 198 5085  600 45% 8 480430 75585 31%
c #  5.67 177 101 4 280 6016 1417 38% 8 480430 75585 31%
c i  5.92 185 96 4 310 6662 1950 30% 8 480430 75584 31%
c i  5.92 185 96 4 311 6664 1951 29% 8 480430 75583 31%
c }  6.05 185 96 4 358 7007 2260 30% 8 480430 75583 31%
c [  6.05 185 87 4 358 7007 2260 85% 23 480430 75583 31%
c -  6.20 186 101 5 359 7609 2372 64% 23 480414 75583 31%
c I  7.00 186 120 5 360 10017 4577 54% 27 480414 75583 31%
c -  7.11 186 120 6 361 10637 4124 48% 26 480414 75583 31%
c -  8.16 186 174 7 363 14170 4976 43% 37 480414 75583 31%
c 3  8.45 186 182 7 363 15000 5684 42% 40 480413 75583 31%
c 2  8.55 186 182 7 363 15000 5686 42% 40 480401 75582 31%
c p  8.61 187 182 7 363 15000 31842 42% 40 480401 75582 31%
c d  8.64 187 182 7 363 15000 31842 42% 40 480393 75581 31%
c ]  8.67 187 182 7 363 15008 31850 42% 40 480393 75581 31%
c {  8.67 187 96 7 363 15008 31850 30% 8 480393 75581 31%
c B  8.68 187 96 7 364 15018 31860 29% 8 480393 75581 31%
c s  8.98 187 96 7 463 15672 31539 29% 8 478174 75581 31%
c 
c  seconds   reductions    redundant  irredundant
c          MB    restarts         trail       variables
c           level    conflicts        glue         remaining
c 
c v  9.16 187 96 7 463 15672 31539 29% 8 477591 75581 31%
c w  9.18 187 96 7 463 15672 31539 29% 8 477591 75581 31%
c t  9.25 187 96 7 463 15672 31539 29% 8 477585 75581 31%
c e  9.35 187 96 7 463 15672 28292 29% 8 476091 74327 30%
c s  9.39 187 96 7 463 15672 28070 29% 8 474732 74327 30%
c e  9.45 187 96 7 463 15672 28040 29% 8 474649 74320 30%
c - 10.19 148 92 8 684 18207 5639 28% 8 474649 74320 30%
c W 10.82 148 91 8 872 21019 8119 27% 8 474649 74320 30%
c i 10.91 148 90 8 913 21452 8490 27% 8 474649 74319 30%
c - 11.31 165 91 9 1034 22735 7117 27% 8 474641 74319 30%
c - 12.53 165 92 10 1421 27769 8591 28% 8 474641 74319 30%
c F 12.59 165 92 10 1441 28020 8822 28% 8 474641 74319 30%
c 3 13.06 165 91 10 1588 30002 10922 28% 8 474641 74319 30%
c 2 13.15 165 91 10 1588 30002 10931 28% 8 474631 74319 30%
c p 13.22 165 91 10 1588 30002 59498 28% 8 474631 74319 30%
c d 13.25 165 91 10 1588 30002 59494 28% 8 474631 74317 30%
c } 13.51 165 91 10 1684 31009 60396 28% 8 474631 74317 30%
c [ 13.51 165 182 10 1684 31009 60396 42% 40 474631 74317 30%
c s 13.78 165 192 10 1684 31724 60022 41% 41 473344 74317 30%
c v 13.98 165 192 10 1684 31724 60022 41% 41 472049 74317 30%
c 
c  seconds    reductions      redundant   irredundant
c          MB      restarts          trail        variables
c            level      conflicts        glue          remaining
c 
c w 14.01 165 192 10 1684 31724 60021 41% 41 472049 74317 30%
c t 14.12 165 192 10 1684 31724 60021 41% 41 472048 74317 30%
c e 14.21 165 192 10 1684 31724 54461 41% 41 470912 73561 30%
c s 14.24 165 192 10 1684 31724 54100 41% 41 470376 73561 30%
c e 14.31 165 192 10 1684 31724 53960 41% 41 470354 73549 30%
c - 14.88 166 190 11 1684 33302 10567 41% 39 470354 73549 30%
c B 15.52 166 194 11 1687 36021 13072 39% 39 470354 73549 30%
c - 16.26 166 190 12 1689 39323 11427 39% 36 470354 73549 30%
c W 18.36 166 158 12 1691 45024 16491 39% 34 470354 73549 30%
c - 18.69 167 156 13 1691 45845 11906 39% 34 470354 73549 30%
c 3 20.32 167 143 13 1692 50005 15876 39% 33 470354 73549 30%
c 2 20.42 167 143 13 1692 50005 15887 39% 33 470352 73549 30%
c p 20.50 167 143 13 1692 50005 62064 39% 33 470352 73549 30%
c d 20.54 167 143 13 1692 50005 62058 39% 33 470352 73546 30%
c - 21.84 167 137 14 1692 52871 13825 40% 34 470352 73546 30%
c s 22.03 167 136 14 1692 53141 14006 40% 34 469801 73546 30%
c v 22.23 167 136 14 1692 53141 14006 40% 34 466539 73546 30%
c w 22.26 167 136 14 1692 53141 14003 40% 34 466539 73546 30%
c e 22.48 167 136 14 1692 53141 13903 40% 34 466196 73092 30%
c s 22.49 167 136 14 1692 53141 13879 40% 34 465781 73092 30%
c 
c  seconds    reductions      redundant   irredundant
c          MB      restarts          trail        variables
c            level      conflicts        glue          remaining
c 
c e 22.54 167 136 14 1692 53141 13878 40% 34 465751 73086 30%
c O 23.53 167 131 14 1692 55025 15491 40% 34 465751 73086 30%
c - 25.25 167 119 15 1697 60397 14826 40% 32 465751 73086 30%
c ] 26.37 167 113 15 1698 63009 17160 40% 31 465751 73086 30%
c { 26.37 167 91 15 1698 63009 17160 28% 8 465751 73086 30%
c B 27.18 167 91 15 1957 66027 19771 28% 8 465751 73086 30%
c - 27.74 167 91 16 2140 68404 15365 28% 9 465751 73086 30%
c i 28.76 167 91 16 2491 73235 19539 28% 9 465751 73085 30%
c d 29.19 167 91 16 2630 75005 21075 29% 9 465730 73081 30%
c 3 29.25 167 91 16 2630 75005 21542 29% 9 465730 73081 30%
c 2 29.35 167 91 16 2630 75005 21560 29% 9 465713 73081 30%
c p 29.47 167 91 16 2630 75005 89524 29% 9 465713 73081 30%
c d 29.50 167 91 16 2630 75005 89520 29% 9 465713 73079 30%
c - 30.17 167 91 17 2830 76913 18275 29% 9 465713 73079 30%
c W 30.63 167 91 17 2909 78028 19234 29% 9 465713 73079 30%
c s 30.98 167 92 17 2997 79860 20755 29% 9 464667 73079 30%
c v 31.19 167 92 17 2997 79860 20755 29% 9 461580 73079 30%
c w 31.22 167 92 17 2997 79860 20750 29% 9 461580 73079 30%
c e 31.49 167 92 17 2997 79860 20349 29% 9 460859 72515 29%
c s 31.50 167 92 17 2997 79860 20328 29% 9 460184 72515 29%
c 
c  seconds   reductions      redundant  irredundant
c          MB     restarts          trail       variables
c           level      conflicts        glue         remaining
c 
c e 31.55 167 92 17 2997 79860 20322 29% 9 460138 72503 29%
c - 33.02 167 92 18 3453 85922 19201 29% 9 460138 72503 29%
c # 34.21 167 91 18 3884 91029 23691 28% 9 460138 72503 29%
c - 35.28 167 91 19 4233 95402 21134 29% 9 460138 72503 29%
c i 36.41 167 92 19 4635 100655 25723 28% 9 460138 72495 29%
c d 37.29 167 91 19 4923 105005 29467 28% 9 460085 72494 29%
c 3 37.35 167 91 19 4923 105005 30173 28% 9 460085 72494 29%
c 2 37.45 167 91 19 4923 105005 30230 28% 9 460078 72491 29%
c p 37.60 167 91 19 4923 105005 146396 28% 9 460078 72491 29%
c d 37.64 167 91 19 4923 105005 146387 28% 9 460055 72488 29%
c B 37.68 167 91 19 4925 105030 146407 28% 9 460055 72488 29%
c - 37.85 167 91 20 4939 105380 23613 28% 9 460055 72488 29%
c s 39.32 167 91 20 5393 111852 29152 28% 9 458629 72488 29%
c v 39.55 167 91 20 5393 111852 29152 28% 9 454889 72488 29%
c w 39.58 167 91 20 5393 111852 29144 28% 9 454889 72487 29%
c t 39.75 167 91 20 5393 111852 29144 28% 9 454887 72487 29%
c e 39.84 167 91 20 5393 111852 28196 28% 9 453476 71599 29%
c s 39.86 167 91 20 5393 111852 28173 28% 9 452390 71599 29%
c e 39.90 167 91 20 5393 111852 28158 28% 9 452310 71584 29%
c - 40.82 167 91 21 5676 115855 24220 28% 9 452310 71584 29%
c 
c  seconds   reductions       redundant  irredundant
c          MB     restarts           trail       variables
c           level      conflicts         glue         remaining
c 
c i 40.85 167 91 21 5686 115996 24332 28% 9 452310 71583 29%
c W 42.15 167 91 21 6073 120031 27882 28% 9 452290 71583 29%
c i 43.54 167 91 21 6598 126372 33448 28% 9 452290 71582 29%
c - 43.75 167 91 22 6651 126780 26665 28% 9 452270 71582 29%
c } 43.80 167 91 22 6666 127009 26878 28% 9 452270 71582 29%
c [ 43.80 167 113 22 6666 127009 26878 40% 31 452270 71582 29%
c B 46.29 167 132 22 6670 136034 35175 40% 33 452270 71582 29%
c - 46.95 169 130 23 6672 138206 28860 41% 33 452270 71582 29%
c d 47.60 169 130 23 6673 140006 30481 41% 33 452270 71581 29%
c 3 47.67 169 130 23 6673 140006 31329 41% 33 452270 71581 29%
c 2 47.78 169 130 23 6673 140006 31367 41% 33 452253 71581 29%
c p 48.01 169 130 23 6673 140006 239669 41% 33 452253 71301 29%
c d 48.07 169 130 23 6673 140006 227880 41% 33 449643 71237 29%
c s 51.68 169 117 23 6675 149089 234770 41% 31 445927 71237 29%
c v 51.96 169 117 23 6675 149089 234770 41% 31 442948 71237 29%
c w 52.03 169 117 23 6675 149089 234764 41% 31 442948 71234 29%
c t 52.33 169 117 23 6675 149089 234764 41% 31 442893 71234 29%
c e 52.45 169 117 23 6675 149089 210799 41% 31 441132 70646 29%
c s 52.51 169 117 23 6675 149089 210286 41% 31 440118 70646 29%
c e 52.58 169 117 23 6675 149089 209574 41% 31 440064 70629 29%
c 
c  seconds    reductions       redundant   irredundant
c          MB      restarts           trail        variables
c            level      conflicts         glue          remaining
c 
c - 53.17 174 116 24 6675 150126 31427 41% 32 440064 70629 29%
c W 54.80 174 114 24 6675 153037 34099 42% 32 440064 70629 29%
c - 59.11 174 103 25 6676 162453 31858 42% 31 440064 70629 29%
c I 62.71 174 96 25 6678 171040 39435 42% 30 440064 70629 29%
c - 64.16 174 100 26 6681 175274 32377 43% 31 440064 70629 29%
c 3 65.90 174 101 26 6683 180006 37485 43% 31 440064 70629 29%
c d 65.99 174 101 26 6683 180006 37569 43% 31 440062 70628 29%
c 2 66.02 174 101 26 6683 180006 37552 43% 31 440056 70627 29%
c p 66.26 176 101 26 6683 180006 185345 43% 31 440056 70627 29%
c d 66.30 176 101 26 6683 180006 185336 43% 31 440030 70623 29%
c i 66.34 176 101 26 6683 180023 185352 43% 31 440030 70622 29%
c - 70.43 176 99 27 6688 188586 36571 44% 32 440020 70622 29%
c B 70.98 176 97 27 6689 190041 37895 44% 31 440020 70622 29%
c s 71.47 176 96 27 6690 191320 38898 44% 31 439543 70622 29%
c v 71.74 176 96 27 6690 191320 38898 44% 31 435554 70622 29%
c w 71.78 176 96 27 6690 191320 38886 44% 31 435554 70622 29%
c t 71.97 176 96 27 6690 191320 38886 44% 31 435455 70622 29%
c e 72.05 176 96 27 6690 191320 38079 44% 31 435017 70385 29%
c s 72.06 176 96 27 6690 191320 38050 44% 31 434643 70385 29%
c e 72.10 176 96 27 6690 191320 38049 44% 31 434638 70380 29%
c 
c  seconds   reductions       redundant   irredundant
c          MB     restarts           trail        variables
c           level      conflicts         glue          remaining
c 
c - 76.99 196 89 28 6691 202395 35149 45% 30 434638 70380 29%
c W 80.73 196 87 28 6696 210042 42063 45% 29 434638 70380 29%
c - 84.76 196 84 29 6698 216646 36745 46% 30 434638 70380 29%
c p 90.00 196 80 29 6704 225007 99610 46% 29 434638 70380 29%
c d 90.04 196 80 29 6704 225007 99608 46% 29 434638 70379 29%
c O 93.75 196 78 29 6706 231046 105115 46% 29 434638 70379 29%
c - 94.00 198 78 30 6706 231391 41707 46% 29 434638 70379 29%
c s 97.36 198 74 30 6707 238599 48029 46% 28 434352 70379 29%
c v 97.69 198 74 30 6707 238599 48029 46% 28 427543 70379 29%
c w 97.75 198 74 30 6707 238599 48024 46% 28 427543 70379 29%
c t 97.98 198 74 30 6707 238599 48024 46% 28 427469 70379 29%
c e 98.06 198 74 30 6707 238599 47872 46% 28 427133 70217 29%
c s 98.07 198 74 30 6707 238599 47829 46% 28 426876 70217 29%
c e 98.12 198 74 30 6707 238599 47828 46% 28 426861 70214 29%
c - 102.00 198 71 31 6707 246629 41646 46% 27 426861 70214 29%
c B 105.48 198 69 31 6707 253048 47658 46% 27 426861 70214 29%
c ] 106.41 198 69 31 6708 255010 49480 46% 27 426861 70214 29%
c { 106.41 198 91 31 6708 255010 49480 28% 9 426861 70214 29%
c - 108.44 198 92 32 7318 262282 42956 29% 9 426861 70214 29%
c i 111.07 198 92 32 8135 272993 52401 29% 9 426861 70213 29%
c 
c  seconds    reductions       redundant  irredundant
c           MB     restarts           trail       variables
c            level      conflicts         glue         remaining
c 
c 3 111.65 198 92 32 8306 275007 54553 29% 9 426861 70213 29%
c 2 111.75 198 92 32 8306 275007 54583 29% 9 426860 70213 29%
c p 112.10 198 92 32 8306 275007 286741 29% 9 426860 70158 29%
c d 112.15 198 92 32 8306 275007 284966 29% 9 425900 70033 28%
c i 112.36 198 92 32 8362 275369 285299 29% 9 425900 70029 28%
c F 112.59 198 92 32 8426 276049 285914 29% 9 425900 70029 28%
c - 113.35 198 91 33 8619 278421 48172 28% 9 425866 70029 28%
c s 116.70 198 92 33 9599 290681 58587 28% 9 425060 70029 28%
c v 117.03 198 92 33 9599 290681 58587 28% 9 420057 70029 28%
c w 117.09 198 92 33 9599 290681 58586 28% 9 420057 70029 28%
c t 117.35 198 92 33 9599 290681 58586 28% 9 420004 70029 28%
c e 117.44 198 92 33 9599 290681 57791 28% 9 419199 69875 28%
c s 117.46 198 92 33 9599 290681 57716 28% 9 418997 69875 28%
c e 117.51 198 92 33 9599 290681 57707 28% 9 418995 69873 28%
c i 118.00 198 92 33 9730 292368 59217 28% 9 418995 69872 28%
c - 118.68 198 92 34 9928 295041 48360 28% 9 418984 69872 28%
c B 120.07 198 92 34 10386 300050 52799 28% 9 418984 69872 28%
c - 123.02 198 92 35 11204 312075 51129 29% 9 418984 69872 28%
c i 125.65 198 92 35 12011 322506 60234 28% 9 418984 69870 28%
c W 126.76 198 92 35 12275 325051 62458 28% 9 418957 69870 28%
c 
c  seconds    reductions        redundant  irredundant
c           MB      restarts           trail       variables
c            level       conflicts         glue         remaining
c 
c i 128.00 198 92 35 12664 329351 66274 28% 9 418957 69869 28%
c - 128.14 198 92 36 12682 329595 53919 28% 9 418946 69869 28%
c 3 128.28 198 92 36 12699 330007 54581 28% 9 418946 69869 28%
c 2 128.38 198 92 36 12699 330007 54559 28% 9 418936 69869 28%
c p 128.58 198 92 36 12699 330007 115688 28% 9 418936 69869 28%
c d 128.62 198 92 36 12699 330007 115686 28% 9 418936 69868 28%
c s 133.59 198 92 36 14162 347533 130260 29% 9 417863 69868 28%
c v 133.95 198 92 36 14162 347533 130260 29% 9 414490 69868 28%
c w 134.02 198 92 36 14162 347533 130260 29% 9 414490 69868 28%
c t 134.44 198 92 36 14162 347533 130259 29% 9 414428 69868 28%
c e 134.53 198 92 36 14162 347533 127105 29% 9 414012 69638 28%
c s 134.56 198 92 36 14162 347533 126959 29% 9 413624 69638 28%
c e 134.62 198 92 36 14162 347533 126819 29% 9 413605 69630 28%
c - 134.78 198 92 37 14169 347600 60423 29% 9 413605 69630 28%
c # 135.69 198 92 37 14441 351052 63450 28% 9 413605 69630 28%
c i 136.62 198 92 37 14742 354150 66212 28% 10 413605 69629 28%
c i 139.59 198 93 37 15632 365213 76000 29% 10 413605 69628 28%
c - 139.96 198 93 38 15713 366031 60999 29% 10 413557 69628 28%
c B 142.94 198 93 38 16637 378053 71699 28% 10 413557 69628 28%
c - 144.98 198 93 39 17190 384944 63506 28% 10 413557 69628 28%
c 
c  seconds    reductions        redundant    irredundant
c           MB      restarts            trail        variables
c            level       conflicts          glue          remaining
c 
c p 146.89 198 93 39 17569 390007 188372 28% 10 413557 69563 28%
c d 146.95 198 93 39 17569 390007 186187 28% 10 412356 69525 28%
c - 151.38 198 94 40 18794 404344 73464 29% 10 412355 69525 28%
c W 152.22 198 93 40 18948 406055 75005 29% 10 412355 69525 28%
c s 153.12 198 94 40 19176 409225 77475 29% 10 411543 69525 28%
c v 153.46 198 94 40 19176 409225 77475 29% 10 409491 69525 28%
c w 153.53 198 94 40 19176 409225 77469 29% 10 409491 69525 28%
c t 154.01 198 94 40 19176 409225 77469 29% 10 409443 69525 28%
c e 154.08 198 94 40 19176 409225 76839 29% 10 409216 69420 28%
c s 154.09 198 94 40 19176 409225 76812 29% 10 409078 69420 28%
c e 154.13 198 94 40 19176 409225 76808 29% 10 409075 69418 28%
c - 158.82 198 94 41 20578 424211 71945 29% 10 409075 69418 28%
c F 162.05 198 94 41 21543 435059 81601 29% 10 409075 69418 28%
c - 164.85 198 94 42 22326 444520 74094 29% 10 409075 69418 28%
c d 167.82 198 94 42 23140 455007 83409 29% 10 409075 69417 28%
c 3 167.88 198 94 42 23140 455007 83566 29% 10 409075 69417 28%
c 2 167.99 198 94 42 23140 455007 83600 29% 10 409066 69417 28%
c p 168.35 198 94 42 23140 455007 246697 29% 10 409066 69417 28%
c d 168.40 198 94 42 23140 455007 246695 29% 10 409066 69416 28%
c B 171.53 198 94 42 24021 465063 255671 29% 10 409066 69416 28%
c 
c  seconds    reductions        redundant   irredundant
c           MB      restarts           trail        variables
c            level       conflicts         glue          remaining
c 
c - 171.73 198 94 43 24050 465312 82092 29% 10 409066 69416 28%
c s 174.82 198 94 43 24877 475763 91074 29% 10 408589 69416 28%
c v 175.20 198 94 43 24877 475763 91074 29% 10 407621 69416 28%
c w 175.27 198 94 43 24877 475763 91071 29% 10 407621 69416 28%
c t 175.62 198 94 43 24877 475763 91071 29% 10 406010 69416 28%
c e 175.69 198 94 43 24877 475763 90634 29% 10 405936 69355 28%
c s 175.71 198 94 43 24877 475763 90601 29% 10 405883 69355 28%
c e 175.75 198 94 43 24877 475763 90416 29% 10 405861 69336 28%
c - 179.07 198 94 44 25803 486587 80946 29% 10 405861 69336 28%
c W 182.42 198 94 44 26686 496065 89437 29% 10 405861 69336 28%
c - 186.14 198 94 45 27733 508302 83178 29% 10 405861 69336 28%
c } 187.03 198 95 45 27989 511011 85608 29% 10 405861 69336 28%
c [ 187.03 198 69 45 27989 511011 85608 46% 27 405861 69336 28%
c 3 192.69 198 79 45 27989 525008 98951 45% 28 405861 69336 28%
c 2 192.80 198 79 45 27989 525008 98973 45% 28 405861 69336 28%
c p 193.20 198 79 45 27989 525008 196945 45% 28 405861 69322 28%
c d 193.25 198 79 45 27989 525008 196648 45% 28 405587 69298 28%
c W 194.72 229 82 45 27989 528068 199516 45% 28 405587 69298 28%
c - 195.46 198 83 46 27989 530499 89031 44% 28 405587 69298 28%
c s 201.03 198 88 46 27992 547147 104275 43% 30 405182 69298 28%
c 
c  seconds    reductions        redundant    irredundant
c           MB      restarts            trail        variables
c            level       conflicts          glue          remaining
c 
c v 201.37 198 88 46 27992 547147 104275 43% 30 405174 69298 28%
c w 201.45 198 88 46 27992 547147 104269 43% 30 405174 69298 28%
c t 201.72 198 88 46 27992 547147 104269 43% 30 402632 69298 28%
c e 201.79 198 88 46 27992 547147 103778 43% 30 402517 69276 28%
c s 201.80 198 88 46 27992 547147 103751 43% 30 402478 69276 28%
c e 201.85 198 88 46 27992 547147 103726 43% 30 402471 69270 28%
c - 204.79 217 87 47 27996 553172 85989 43% 30 402471 69270 28%
c I 208.20 217 85 47 27999 561070 93316 43% 30 402471 69270 28%
c - 214.79 243 88 48 28004 576287 86388 43% 31 402471 69270 28%
c B 225.48 243 87 48 28014 595071 103692 44% 32 402471 69270 28%
c - 228.85 243 86 49 28018 599878 87628 44% 33 402471 69270 28%
c 2 229.03 243 86 49 28018 600008 87789 44% 33 402471 69270 28%
c p 229.46 243 86 49 28018 600008 227791 44% 33 402471 69270 28%
c s 243.05 243 79 49 28020 623306 248049 45% 32 401669 69270 28%
c v 243.52 243 79 49 28020 623306 248049 45% 32 401643 69270 28%
c w 243.62 243 79 49 28020 623306 248037 45% 32 401643 69269 28%
c t 244.01 243 79 49 28020 623306 248037 45% 32 399205 69269 28%
c e 244.10 243 79 49 28020 623306 246269 45% 32 399067 69179 28%
c s 244.13 243 79 49 28020 623306 246195 45% 32 398899 69179 28%
c e 244.19 243 79 49 28020 623306 245910 45% 32 398895 69174 28%
c 
c  seconds    reductions        redundant   irredundant
c           MB      restarts           trail        variables
c            level       conflicts         glue          remaining
c 
c - 244.86 243 79 50 28020 623949 92038 45% 32 398895 69174 28%
c W 249.30 243 77 50 28021 630072 97470 45% 32 398895 69174 28%
c - 259.99 245 74 51 28033 648443 93756 45% 32 398895 69174 28%
c O 272.33 245 74 51 28038 666074 109604 45% 33 398895 69174 28%
c - 276.76 245 72 52 28042 673416 95123 45% 33 398895 69174 28%
c p 281.38 245 70 52 28046 680010 301557 45% 32 398895 69153 28%
c d 281.43 245 70 52 28046 680010 300617 45% 32 398476 69140 28%
c - 294.24 245 67 53 28051 698870 103715 46% 32 398476 69140 28%
c B 297.21 245 67 53 28051 703076 107505 46% 32 398476 69140 28%
c s 298.01 245 67 53 28051 704194 108289 46% 32 398226 69140 28%
c v 298.44 245 67 53 28051 704194 108289 46% 32 398083 69140 28%
c w 298.54 245 67 53 28051 704194 108258 46% 32 398083 69140 28%
c t 299.09 245 67 53 28051 704194 106223 46% 32 395772 69140 28%
c e 299.18 245 67 53 28051 704194 106048 46% 32 395758 69073 28%
c s 299.23 245 67 53 28051 704194 105715 46% 32 395032 69073 28%
c e 299.28 245 67 53 28051 704194 105660 46% 32 395032 69070 28%
c - 311.33 246 70 54 28052 724796 98754 46% 33 395032 69070 28%
c W 322.70 246 70 54 28052 741079 113705 47% 34 395032 69070 28%
c - 331.11 246 70 55 28053 751144 99402 47% 35 395032 69070 28%
c p 340.68 246 69 55 28053 765015 275119 47% 35 395032 69068 28%
c 
c  seconds    reductions        redundant    irredundant
c           MB      restarts            trail        variables
c            level       conflicts          glue          remaining
c 
c d 340.74 246 69 55 28053 765015 275076 47% 35 395000 69055 28%
c - 349.50 246 69 56 28053 777967 106579 47% 35 395000 69055 28%
c I 350.97 246 69 56 28053 780081 108547 47% 36 395000 69055 28%
c s 354.21 246 76 56 28053 789733 117163 46% 37 394925 69055 28%
c v 354.65 246 76 56 28053 789733 117163 46% 37 394909 69055 28%
c w 354.76 246 76 56 28053 789733 117152 46% 37 394909 69055 28%
c t 354.78 246 76 56 28053 789733 117054 46% 37 394802 69055 28%
c e 354.87 246 76 56 28053 789733 116188 46% 37 394802 69049 28%
c s 354.90 246 76 56 28053 789733 115879 46% 37 392082 69049 28%
c e 354.96 246 76 56 28053 789733 115837 46% 37 392082 69047 28%
c - 361.73 199 86 57 28053 805270 101180 45% 40 392082 69047 28%
c B 368.82 199 92 57 28058 820082 115008 45% 42 392082 69047 28%
c - 375.70 198 95 58 28065 832994 101602 45% 43 392082 69047 28%
c 3 386.50 198 91 58 28074 855015 122004 46% 41 392082 69047 28%
c p 387.24 198 91 58 28074 855015 295325 46% 41 392082 69046 28%
c d 387.29 198 91 58 28074 855015 295297 46% 41 392068 69040 28%
c W 391.01 217 89 58 28076 861083 300946 46% 41 392068 69040 28%
c - 391.23 195 89 59 28076 861196 107232 46% 41 392068 69040 28%
c s 400.49 195 87 59 28083 879932 124062 46% 40 391939 69040 28%
c v 400.87 195 87 59 28083 879932 124062 46% 40 391933 69040 28%
c 
c  seconds    reductions        redundant    irredundant
c           MB      restarts            trail        variables
c            level       conflicts          glue          remaining
c 
c w 400.97 195 87 59 28083 879932 124061 46% 40 391933 69040 28%
c t 400.99 195 87 59 28083 879932 123996 46% 40 391887 69040 28%
c e 401.06 195 87 59 28083 879932 123820 46% 40 391885 69031 28%
c s 401.08 195 87 59 28083 879932 123661 46% 40 388403 69031 28%
c e 401.14 195 87 59 28083 879932 123652 46% 40 388403 69030 28%
c - 406.39 194 85 60 28084 889877 104927 47% 39 388403 69030 28%
c O 413.26 194 83 60 28088 903085 117246 47% 39 388403 69030 28%
c - 420.85 225 81 61 28097 918962 106686 48% 38 388403 69030 28%
c B 434.05 225 77 61 28107 946087 131661 48% 36 388403 69030 28%
c - 435.54 225 77 62 28109 948522 106735 48% 35 388403 69030 28%
c p 436.78 225 76 62 28110 950015 277485 48% 35 388403 69029 28%
c d 436.83 225 76 62 28110 950015 277443 48% 35 388390 69022 28%
c s 448.19 225 72 62 28115 974639 299662 47% 33 387914 69022 28%
c v 448.68 225 72 62 28115 974639 299662 47% 33 387882 69022 28%
c w 448.80 225 72 62 28115 974639 299655 47% 33 387882 69022 28%
c t 448.82 225 72 62 28115 974639 299530 47% 33 387828 69022 28%
c e 448.91 225 72 62 28115 974639 298094 47% 33 387822 68970 28%
c s 448.98 225 72 62 28115 974639 297824 47% 33 386732 68970 28%
c - 451.00 225 71 63 28115 978559 116548 47% 33 386732 68970 28%
c W 457.61 225 67 63 28116 990091 127213 47% 32 386732 68970 28%
c 
c  seconds    reductions         redundant    irredundant
c           MB      restarts             trail        variables
c            level        conflicts          glue          remaining
c 
c - 468.07 225 62 64 28116 1009037 116186 47% 30 386732 68970 28%
c ] 475.17 225 59 64 28122 1023013 128458 46% 29 386732 68970 28%
c { 475.17 225 95 64 28122 1023013 128458 29% 10 386732 68970 28%
c # 478.70 225 95 64 29184 1035092 139274 29% 10 386732 68970 28%
c - 480.00 225 95 65 29519 1039994 116125 29% 10 386732 68970 28%
c d 482.98 225 95 65 30410 1050017 125097 29% 10 386732 68969 28%
c 2 483.10 225 95 65 30410 1050017 125327 29% 10 386727 68969 28%
c p 483.69 225 95 65 30410 1050017 320629 29% 10 386727 68969 28%
c - 490.42 225 95 66 32277 1071424 132009 29% 11 386727 68969 28%
c s 491.31 225 95 66 32500 1074131 134008 29% 11 386278 68969 28%
c v 491.70 225 95 66 32500 1074131 134008 29% 11 386277 68969 28%
c w 491.81 225 95 66 32500 1074131 134001 29% 11 386277 68969 28%
c t 491.83 225 95 66 32500 1074131 133992 29% 11 386269 68969 28%
c e 491.88 225 95 66 32500 1074131 133920 29% 11 386266 68955 28%
c s 491.90 225 95 66 32500 1074131 133806 29% 11 383674 68955 28%
c B 494.15 225 95 66 33110 1081093 140042 29% 11 383674 68955 28%
c - 500.29 225 95 67 34938 1103332 127897 29% 11 383674 68955 28%
c W 508.00 225 95 67 37111 1128097 150197 29% 11 383674 68955 28%
c - 510.47 225 95 68 37748 1135646 130611 29% 11 383674 68955 28%
c p 516.71 225 95 68 39442 1155017 334535 29% 11 383674 68955 28%
c 
c  seconds    reductions         redundant    irredundant
c           MB      restarts             trail        variables
c            level        conflicts          glue          remaining
c 
c d 516.76 225 95 68 39442 1155017 334527 29% 11 383674 68951 28%
c - 521.17 225 95 69 40578 1168435 143894 29% 11 383674 68951 28%
c F 523.46 225 95 69 41236 1176099 150782 29% 11 383674 68951 28%
c s 524.12 225 94 69 41384 1178137 152001 29% 11 383091 68951 28%
c v 524.50 225 94 69 41384 1178137 152001 29% 11 383086 68951 28%
c w 524.60 225 94 69 41384 1178137 151984 29% 11 383086 68951 28%
c t 524.62 225 94 69 41384 1178137 151943 29% 11 383061 68951 28%
c e 524.67 225 94 69 41384 1178137 151819 29% 11 383061 68946 28%
c s 524.68 225 94 69 41384 1178137 151716 29% 11 383048 68946 28%
c - 532.30 225 94 70 43459 1201698 142784 29% 11 383048 68946 28%
c B 539.22 225 94 70 45275 1225102 163903 29% 11 383048 68946 28%
c - 542.28 225 94 71 46040 1235422 145391 29% 11 383048 68946 28%
c p 552.14 225 94 71 48476 1265018 387974 29% 11 383048 68944 28%
c d 552.20 225 94 71 48476 1265018 387939 29% 11 383019 68943 28%
c - 554.03 225 94 72 48906 1269620 152846 29% 11 383019 68943 28%
c W 556.31 225 94 72 49412 1275108 157871 29% 11 383019 68943 28%
c s 559.98 225 94 72 50331 1286994 167994 29% 11 382469 68943 28%
c v 560.41 225 94 72 50331 1286994 167994 29% 11 382444 68943 28%
c w 560.53 225 94 72 50331 1286994 167969 29% 11 382444 68943 28%
c t 560.54 225 94 72 50331 1286994 167943 29% 11 382430 68943 28%
c 
c  seconds    reductions         redundant    irredundant
c           MB      restarts             trail        variables
c            level        conflicts          glue          remaining
c 
c e 560.60 225 94 72 50331 1286994 167892 29% 11 382430 68938 28%
c s 560.62 225 94 72 50331 1286994 167786 29% 11 382411 68938 28%
c - 566.55 225 94 73 51707 1304294 154594 28% 12 382411 68938 28%
c # 573.92 225 94 73 53665 1326109 174324 28% 12 382411 68938 28%
c - 578.62 234 94 74 54752 1339426 158547 28% 12 382411 68938 28%
c - 590.44 234 94 75 57653 1375032 162686 28% 12 382411 68938 28%
c B 591.60 234 94 75 57923 1378111 165457 28% 12 382411 68938 28%
c d 592.28 234 94 75 58062 1380018 167160 28% 12 382411 68936 28%
c 3 592.35 234 94 75 58062 1380018 167380 28% 12 382411 68936 28%
c 2 592.46 234 94 75 58062 1380018 167421 28% 12 382405 68936 28%
c p 593.06 234 94 75 58062 1380018 275938 28% 12 382405 68935 28%
c d 593.11 234 94 75 58062 1380018 275927 28% 12 382396 68934 28%
c s 601.00 234 94 75 59801 1400695 293637 29% 12 381909 68934 28%
c v 601.47 234 94 75 59801 1400695 293637 29% 12 381556 68934 28%
c w 601.62 234 94 75 59801 1400695 293612 29% 12 381556 68934 28%
c t 601.64 234 94 75 59801 1400695 293547 29% 12 381546 68934 28%
c e 601.72 234 94 75 59801 1400695 291198 29% 12 381526 68878 28%
c s 601.75 234 94 75 59801 1400695 291120 29% 12 381487 68878 28%
c e 601.80 234 94 75 59801 1400695 291063 29% 12 381484 68875 28%
c - 605.54 234 94 76 60626 1411116 174954 29% 12 381484 68875 28%
c 
c  seconds    reductions         redundant    irredundant
c           MB      restarts             trail        variables
c            level        conflicts          glue          remaining
c 
c W 612.84 234 94 76 62203 1431113 193016 29% 12 381484 68875 28%
c - 618.66 237 94 77 63517 1447649 174709 28% 12 381484 68875 28%
c - 630.75 237 93 78 66241 1484656 177605 28% 12 381484 68875 28%
c F 630.90 237 93 78 66273 1485115 178035 28% 12 381484 68875 28%
c p 637.00 237 93 78 67476 1500018 457151 28% 12 381484 68874 28%
c d 637.06 237 93 78 67476 1500018 457122 28% 12 381468 68872 28%
c s 645.55 237 93 78 69338 1519236 472977 29% 12 380912 68872 28%
c v 646.06 237 93 78 69338 1519236 472977 29% 12 380486 68872 28%
c w 646.22 237 93 78 69338 1519236 472946 29% 12 380486 68872 28%
c t 646.25 237 93 78 69338 1519236 472841 29% 12 380458 68872 28%
c e 646.33 237 93 78 69338 1519236 465210 29% 12 380449 68779 28%
c s 646.39 237 93 78 69338 1519236 465080 29% 12 380400 68779 28%
c - 647.88 237 93 79 69598 1522142 197371 29% 12 380400 68779 28%
c B 654.49 237 93 79 71081 1540120 213709 29% 13 380400 68779 28%
c - 662.19 240 94 80 72716 1560068 192570 29% 13 380400 68779 28%
c W 676.20 240 94 80 75757 1596121 225444 29% 13 380400 68779 28%
c - 677.23 240 94 81 75936 1598468 194072 29% 13 380400 68779 28%
c 2 687.50 240 94 81 78065 1625020 218537 29% 13 380400 68779 28%
c p 688.25 240 94 81 78065 1625020 455843 29% 13 380400 68779 28%
c - 694.25 240 95 82 79215 1637341 207423 30% 13 380400 68779 28%
c 
c  seconds    reductions         redundant    irredundant
c           MB      restarts             trail        variables
c            level        conflicts          glue          remaining
c 
c s 696.17 240 95 82 79542 1642610 211509 30% 13 380129 68779 28%
c v 696.67 240 95 82 79542 1642610 211509 30% 13 379780 68779 28%
c w 696.82 240 95 82 79542 1642610 211480 30% 13 379780 68779 28%
c t 696.84 240 95 82 79542 1642610 211448 30% 13 379762 68779 28%
c e 696.89 240 95 82 79542 1642610 210755 30% 13 379760 68761 28%
c s 696.91 240 95 82 79542 1642610 210724 30% 13 379757 68761 28%
c # 701.00 240 95 82 80378 1653124 220296 30% 13 379757 68761 28%
c - 710.51 244 96 83 82286 1676689 204388 30% 13 379757 68761 28%
c B 723.89 244 96 83 85036 1711125 235840 30% 13 379757 68761 28%
c - 725.82 244 96 84 85419 1716496 207049 30% 13 379757 68761 28%
c p 739.80 244 97 84 88434 1755023 493046 30% 13 379757 68761 28%
c d 739.87 244 97 84 88434 1755023 493043 30% 13 379757 68760 28%
c - 740.61 244 97 85 88532 1756776 212057 30% 13 379757 68760 28%
c W 745.30 244 97 85 89504 1770126 224236 30% 13 379757 68760 28%
c s 745.70 244 97 85 89572 1770812 224110 30% 13 379532 68760 28%
c v 746.27 244 97 85 89572 1770812 224110 30% 13 378928 68760 28%
c w 746.42 244 97 85 89572 1770812 224078 30% 13 378928 68760 28%
c t 746.44 244 97 85 89572 1770812 223968 30% 13 378913 68760 28%
c e 746.49 244 97 85 89572 1770812 223283 30% 13 378911 68710 28%
c s 746.51 244 97 85 89572 1770812 223225 30% 13 378894 68710 28%
c 
c  seconds    reductions         redundant    irredundant
c           MB      restarts             trail        variables
c            level        conflicts          glue          remaining
c 
c - 755.44 244 96 86 91435 1797528 213363 29% 13 378894 68710 28%
c F 767.15 244 97 86 94073 1830127 243216 30% 14 378894 68710 28%
c - 770.44 244 97 87 94803 1838727 218047 30% 14 378894 68710 28%
c - 785.36 248 97 88 98082 1880399 222248 30% 14 378894 68710 28%
c d 788.54 248 97 88 98798 1890023 230950 30% 14 378894 68709 28%
c 2 788.66 248 97 88 98798 1890023 231106 30% 14 378885 68709 28%
c p 789.31 248 97 88 98798 1890023 487978 30% 14 378885 68709 28%
c B 789.87 248 97 88 98914 1891128 488977 30% 14 378885 68709 28%
c s 795.17 248 98 88 100034 1903825 499325 30% 14 378685 68709 28%
c v 795.68 248 98 88 100034 1903825 499325 30% 14 378650 68709 28%
c w 795.85 248 98 88 100034 1903825 499294 30% 14 378650 68709 28%
c t 795.87 248 98 88 100034 1903825 499233 30% 14 378615 68709 28%
c s 795.97 248 98 88 100034 1903825 499143 30% 14 378567 68709 28%
c - 803.73 248 97 89 101527 1922547 250699 30% 14 378567 68709 28%
c W 814.93 248 97 89 103695 1953129 278540 30% 14 378567 68709 28%
c - 819.31 248 97 90 104560 1965157 241410 30% 14 378567 68709 28%
c - 835.36 252 98 91 107887 2008240 241509 30% 14 378567 68709 28%
c # 838.42 252 98 91 108577 2016132 248718 30% 14 378567 68709 28%
c p 844.13 252 98 91 109559 2030023 543987 30% 14 378567 68709 28%
c s 848.78 252 97 91 110356 2041698 553646 30% 14 378426 68709 28%
c 
c  seconds    reductions          redundant    irredundant
c           MB      restarts              trail        variables
c            level         conflicts          glue          remaining
c 
c v 849.31 252 97 91 110356 2041698 553646 30% 14 378420 68709 28%
c w 849.50 252 97 91 110356 2041698 553626 30% 14 378420 68709 28%
c t 849.52 252 97 91 110356 2041698 553566 30% 14 378414 68709 28%
c s 849.62 252 97 91 110356 2041698 553495 30% 14 378398 68709 28%
c } 851.60 252 97 91 110680 2047013 558396 31% 14 378398 68709 28%
c [ 851.60 252 59 91 110680 2047013 558396 46% 29 378398 68709 28%
c - 853.36 252 63 92 110681 2051796 258737 46% 29 378398 68709 28%
c I 863.07 252 79 92 110694 2080133 285551 45% 32 378398 68709 28%
c - 869.35 252 83 93 110703 2095820 249923 43% 33 378398 68709 28%
c 
c caught signal 15 (SIGTERM)
c 
c --- [ result ] -------------------------------------------------------------
c 
c UNKNOWN
c 
c --- [ run-time profiling ] -------------------------------------------------
c 
c process time taken by individual solving procedures
c (percentage relative to process time for solving)
c 
c       853.54   95.29% search
c       452.96   50.57% unstable
c       393.80   43.96% stable
c        42.22    4.71% simplify
c        11.73    1.31% vivify
c        11.66    1.30% probe
c         6.70    0.75% walk
c         3.83    0.43% elim
c         3.70    0.41% subsume
c         2.65    0.30% ternary
c         0.56    0.06% parse
c         0.07    0.01% lucky
c   =================================
c       895.76   99.94% solve
c 
c last line shows process time for solving
c (percentage relative to total process time)
c 
c --- [ statistics ] ---------------------------------------------------------
c 
c chronological:            909538        42.55 %  of conflicts
c conflicts:               2137390      2386.13    per second
c decisions:              14871895     16602.61    per second
c eliminated:                85017        34.58 %  of all variables
c fixed:                     91821        37.34 %  of all variables
c learned:                 2012390        94.15 %  per conflict
c learned_lits:          286681481       100.00 %  learned literals
c minimized:                     0         0.00 %  learned literals
c shrunken:              110264698        38.46 %  learned literals
c minishrunken:           43358363        15.12 %  learned literals
c otfs:                       9744         0.46 %  of conflict
c propagations:         7270525343         8.12 M  per second
c reduced:                 1624340        76.00 %  per conflict
c rephased:                     64     33396.72    interval
c restarts:                 110713        19.31    interval
c stabilizing:                   6        36.14 %  of conflicts
c substituted:                 333         0.14 %  of all variables
c subsumed:                 195218         2.49 %  of all clauses
c strengthened:             155078         1.97 %  of all clauses
c ternary:                    8076         0.30 %  of resolved
c trail reuses:                  0         0.00 %  of incremental calls
c vivified:                  70263         0.89 %  of all clauses
c walked:                       20    106869.50    interval
c weakened:                 258485         2.34    average size
c 
c seconds are measured in process time for solving
c 
c --- [ resources ] ----------------------------------------------------------
c 
c total process time since initialization:       896.31    seconds
c total real time since initialization:          900.00    seconds
c maximum resident set size of process:          280.40    MB
c 
c raising signal 15 (SIGTERM)
