c --- [ banner ] -------------------------------------------------------------
c 
c CaDiCaL SAT Solver
c Copyright (c) 2016-2023 A. Biere, M. Fleury, N. Froleyks, K. Fazekas, F. Pollitt
c 
c Version 1.9.5 146207318796f094dcded87349a64f0c6927309e
c g++ (Ubuntu 13.3.0-6ubuntu2~24.04.1) 13.3.0 -Wall -Wextra -O3 -DNDEBUG
c Wed Sep 30 06:02:32 JST 2026 Linux ikutoPC 6.6.87.2-microsoft-standard-WSL2 x86_64
c 
c --- [ limit ] --------------------------------------------------------------
c 
c setting conflict limit to 1000000 conflicts (due to '1000000')
c 
c --- [ proof tracing ] ------------------------------------------------------
c 
c opening file to write '/tmp/conway99-seven-profile-rank5_153_profile_0041-5Waomz/proof.drat'
c writing non-binary proof trace to '/tmp/conway99-seven-profile-rank5_153_profile_0041-5Waomz/proof.drat'
c 
c --- [ parsing input ] ------------------------------------------------------
c 
c reading DIMACS file from '/mnt/c/Users/ikuto/projects/conway-99-graph/acceleration/results/20260930_hadamard_seven_remaining_cnfs/run01/rank5_153_profile_0041/instance.cnf'
c opening file to read '/mnt/c/Users/ikuto/projects/conway-99-graph/acceleration/results/20260930_hadamard_seven_remaining_cnfs/run01/rank5_153_profile_0041/instance.cnf'
c found 'p cnf 9872 170454' header
c parsed 170454 clauses in 0.07 seconds process time
c 
c --- [ options ] ------------------------------------------------------------
c 
c   --binary=false                 (different from default 'true')
c 
c --- [ solving ] ------------------------------------------------------------
c 
c time measured in process time since initialization
c 
c  seconds  reductions  redundant  irredundant
c         MB    restarts       trail      variables
c          level   conflicts       glue        remaining
c 
c *  0.07 18  0 0   0    0    0  0% 0 120532 6939 70%
c {  0.07 18  0 0   0    0    0  0% 0 120532 6939 70%
c i  0.08 19 16 0   3  150   87 52% 5 120532 6938 70%
c -  0.09 19 17 1  13  301   97 54% 6 120175 6938 70%
c i  0.09 19 19 1  23  403  179 53% 6 120175 6936 70%
c i  0.09 19 18 1  23  412  184 53% 6 120175 6935 70%
c i  0.09 19 18 1  23  413  184 53% 6 120175 6934 70%
c i  0.09 19 18 1  23  417  187 53% 5 120175 6933 70%
c i  0.09 19 19 1  23  476  226 53% 6 120175 6932 70%
c i  0.09 19 19 1  23  477  226 53% 6 120175 6931 70%
c i  0.09 19 19 1  23  478  226 53% 6 120175 6929 70%
c i  0.09 19 19 1  23  479  226 53% 6 120175 6928 70%
c i  0.09 19 19 1  23  480  226 53% 6 120175 6927 70%
c i  0.11 19 17 1  25  740  439 54% 5 120175 6166 62%
c i  0.11 19 17 1  26  770  464 54% 5 120175 6162 62%
c i  0.11 19 17 1  28  826  508 54% 5 120175 6161 62%
c i  0.11 19 17 1  28  859  529 55% 5 120175 6160 62%
c i  0.11 19 17 1  28  883  550 55% 5 120175 6159 62%
c i  0.11 19 17 1  28  907  565 55% 5 120175 6158 62%
c i  0.11 19 17 1  28  913  568 55% 5 120175 6157 62%
c 
c  seconds  reductions  redundant  irredundant
c         MB    restarts       trail      variables
c          level   conflicts       glue        remaining
c 
c i  0.11 19 17 1  28  914  568 55% 5 120175 6156 62%
c i  0.11 19 17 1  28  915  568 55% 5 120175 6155 62%
c i  0.11 19 17 1  28  916  568 55% 5 120175 6154 62%
c i  0.11 19 17 1  28  918  569 55% 5 120175 6153 62%
c i  0.12 19 17 1  28  936  581 55% 5 120175 6152 62%
c -  0.13 23 17 2  29  962  245 55% 5 93030 6152 62%
c i  0.13 23 17 2  29  979  247 55% 5 93030 6151 62%
c i  0.13 23 17 2  29  980  247 55% 5 93030 6146 62%
c i  0.13 23 17 2  31  985  250 55% 5 93030 6145 62%
c i  0.13 23 16 2  31  987  250 55% 5 93030 6143 62%
c i  0.13 23 16 2  31  988  250 55% 5 93030 6142 62%
c i  0.13 23 16 2  31  991  252 55% 5 93030 6141 62%
c }  0.13 23 17 2  31 1010  267 55% 5 93030 6141 62%
c [  0.13 23  0 2  31 1010  267  0% 0 93030 6141 62%
c O  0.13 23  1 2  31 1011  268 59% 1 93030 6141 62%
c i  0.13 23  6 2  31 1021  277 57% 2 93030 6140 62%
c i  0.13 23  4 2  31 1033  287 57% 2 93030 6138 62%
c i  0.13 23  5 2  31 1036  288 56% 2 93030 6137 62%
c i  0.13 23 24 2  31 1113  355 56% 8 93030 6133 62%
c i  0.14 23 21 2  31 1403  580 56% 9 93030 6132 62%
c 
c  seconds  reductions  redundant  irredundant
c         MB    restarts       trail     variables
c          level   conflicts       glue       remaining
c 
c i  0.14 23 21 2  31 1412  584 56% 9 93030 6130 62%
c i  0.15 23 21 2  31 1419  588 56% 9 93030 5241 53%
c i  0.15 23 21 2  31 1421  589 56% 9 93030 5228 53%
c ]  0.15 23 21 2  31 1423  589 56% 9 93030 4108 42%
c 0  0.15 23 21 2  31 1423  589 56% 9 93030 4108 42%
c 
c --- [ closing proof ] ------------------------------------------------------
c 
c DRAT proof file '/tmp/conway99-seven-profile-rank5_153_profile_0041-5Waomz/proof.drat' closed
c DRAT 10318 added clauses 11.25%
c DRAT 81388 deleted clauses 88.75%
c DRAT 2391487 bytes (2.28 MB)
c 
c --- [ result ] -------------------------------------------------------------
c 
s UNSATISFIABLE
c 
c --- [ run-time profiling ] -------------------------------------------------
c 
c process time taken by individual solving procedures
c (percentage relative to process time for solving)
c 
c         0.08   99.18% search
c         0.07   90.88% parse
c         0.06   75.39% unstable
c         0.02   22.03% stable
c         0.00    1.71% lucky
c         0.00    0.00% simplify
c   =================================
c         0.08   52.13% solve
c 
c last line shows process time for solving
c (percentage relative to total process time)
c 
c --- [ statistics ] ---------------------------------------------------------
c 
c chronological:               678        47.65 %  of conflicts
c conflicts:                  1423     18672.34    per second
c decisions:                  4098     53773.18    per second
c fixed:                      5764        58.39 %  of all variables
c learned:                    1280        89.95 %  per conflict
c learned_lits:              62557       100.00 %  learned literals
c minimized:                     0         0.00 %  learned literals
c shrunken:                  32281        51.60 %  learned literals
c minishrunken:               6007         9.60 %  learned literals
c otfs:                         11         0.77 %  of conflict
c propagations:             715590         9.39 M  per second
c reduced:                       6         0.42 %  per conflict
c rephased:                      1      1423.00    interval
c restarts:                     31        45.90    interval
c stabilizing:                   1        28.95 %  of conflicts
c subsumed:                    237         0.19 %  of all clauses
c strengthened:                 10         0.01 %  of all clauses
c trail reuses:                  0         0.00 %  of incremental calls
c 
c seconds are measured in process time for solving
c 
c --- [ resources ] ----------------------------------------------------------
c 
c total process time since initialization:         0.15    seconds
c total real time since initialization:            0.77    seconds
c maximum resident set size of process:           22.79    MB
c 
c --- [ shutting down ] ------------------------------------------------------
c 
c exit 20
