c --- [ banner ] -------------------------------------------------------------
c 
c CaDiCaL SAT Solver
c Copyright (c) 2016-2023 A. Biere, M. Fleury, N. Froleyks, K. Fazekas, F. Pollitt
c 
c Version 1.9.5 146207318796f094dcded87349a64f0c6927309e
c g++ (Ubuntu 13.3.0-6ubuntu2~24.04.1) 13.3.0 -Wall -Wextra -O3 -DNDEBUG
c Wed Sep 30 06:02:32 JST 2026 Linux ikutoPC 6.6.87.2-microsoft-standard-WSL2 x86_64
c 
c --- [ limit ] --------------------------------------------------------------
c 
c setting conflict limit to 1000000 conflicts (due to '1000000')
c 
c --- [ proof tracing ] ------------------------------------------------------
c 
c opening file to write '/tmp/conway99-seven-profile-rank5_195_profile_0003-dtkw4Q/proof.drat'
c writing non-binary proof trace to '/tmp/conway99-seven-profile-rank5_195_profile_0003-dtkw4Q/proof.drat'
c 
c --- [ parsing input ] ------------------------------------------------------
c 
c reading DIMACS file from '/mnt/c/Users/ikuto/projects/conway-99-graph/acceleration/results/20260930_hadamard_seven_remaining_cnfs/run02/rank5_195_profile_0003/instance.cnf'
c opening file to read '/mnt/c/Users/ikuto/projects/conway-99-graph/acceleration/results/20260930_hadamard_seven_remaining_cnfs/run02/rank5_195_profile_0003/instance.cnf'
c found 'p cnf 9872 170454' header
c parsed 170454 clauses in 0.08 seconds process time
c 
c --- [ options ] ------------------------------------------------------------
c 
c   --binary=false                 (different from default 'true')
c 
c --- [ solving ] ------------------------------------------------------------
c 
c time measured in process time since initialization
c 
c  seconds  reductions  redundant  irredundant
c         MB    restarts       trail      variables
c          level   conflicts       glue        remaining
c 
c *  0.08 18  0 0   0    0    0  0% 0 120522 6945 70%
c {  0.08 18  0 0   0    0    0  0% 0 120522 6945 70%
c i  0.08 19 26 0   0   30   23 48% 8 120522 6902 70%
c i  0.08 19 21 0   0   55   35 45% 6 120522 6891 70%
c i  0.08 19 21 0   0   56   35 45% 6 120522 6890 70%
c i  0.08 19 20 0   0   63   41 45% 6 120522 6889 70%
c i  0.09 19 21 0   0  127   95 48% 5 120522 6888 70%
c i  0.09 19 20 0   0  165  126 48% 5 120522 6887 70%
c i  0.09 19 20 0   1  249  190 50% 5 120522 6886 70%
c -  0.10 19 25 1   6  301  211 50% 5 117282 6876 70%
c i  0.10 19 24 1  13  335  241 50% 5 117282 6875 70%
c i  0.11 19 23 1  34  433  316 51% 6 117282 6826 69%
c i  0.11 19 21 1  39  489  344 51% 6 117282 6797 69%
c i  0.11 19 23 1  50  565  409 51% 7 117282 6795 69%
c i  0.11 19 22 1  55  596  431 51% 7 117282 6794 69%
c i  0.12 19 21 1  62  834  620 51% 6 117282 6793 69%
c i  0.13 19 22 1  62  861  640 51% 7 117282 6790 69%
c i  0.13 19 22 1  64  887  649 51% 7 117282 6786 69%
c i  0.13 19 21 1  64  900  653 51% 7 117282 6715 68%
c -  0.14 24 21 2  64  944  506 51% 6 111347 6715 68%
c 
c  seconds  reductions  redundant  irredundant
c         MB    restarts       trail      variables
c          level   conflicts       glue        remaining
c 
c i  0.14 24 21 2  65  976  528 51% 6 111347 6714 68%
c }  0.14 24 21 2  65 1000  542 51% 6 111347 6714 68%
c [  0.14 24  0 2  65 1000  542  0% 0 111347 6714 68%
c O  0.14 24 52 2  65 1012  547 53% 9 111347 6714 68%
c i  0.14 24 20 2  65 1036  567 58% 5 111347 6711 68%
c i  0.15 24 15 2  65 1171  661 54% 7 111347 5122 52%
c i  0.15 24 15 2  65 1172  661 54% 7 111347 5121 52%
c ]  0.15 24 15 2  65 1183  665 54% 7 111347 4651 47%
c 0  0.15 24 15 2  65 1183  665 54% 7 111347 4651 47%
c 
c --- [ closing proof ] ------------------------------------------------------
c 
c DRAT proof file '/tmp/conway99-seven-profile-rank5_195_profile_0003-dtkw4Q/proof.drat' closed
c DRAT 8407 added clauses 12.00%
c DRAT 61627 deleted clauses 88.00%
c DRAT 1903532 bytes (1.82 MB)
c 
c --- [ result ] -------------------------------------------------------------
c 
s UNSATISFIABLE
c 
c --- [ run-time profiling ] -------------------------------------------------
c 
c process time taken by individual solving procedures
c (percentage relative to process time for solving)
c 
c         0.08  104.38% parse
c         0.07   98.92% search
c         0.06   83.50% unstable
c         0.01   12.87% stable
c         0.00    2.49% lucky
c         0.00    0.00% simplify
c   =================================
c         0.07   48.63% solve
c 
c last line shows process time for solving
c (percentage relative to total process time)
c 
c --- [ statistics ] ---------------------------------------------------------
c 
c chronological:               573        48.44 %  of conflicts
c conflicts:                  1183     16170.26    per second
c decisions:                  4274     58420.70    per second
c fixed:                      5221        52.89 %  of all variables
c learned:                    1042        88.08 %  per conflict
c learned_lits:              57718       100.00 %  learned literals
c minimized:                     0         0.00 %  learned literals
c shrunken:                  29701        51.46 %  learned literals
c minishrunken:               4222         7.31 %  learned literals
c otfs:                         10         0.85 %  of conflict
c propagations:             705423         9.64 M  per second
c reduced:                      21         1.78 %  per conflict
c rephased:                      1      1183.00    interval
c restarts:                     65        18.20    interval
c stabilizing:                   1        15.38 %  of conflicts
c subsumed:                    165         0.14 %  of all clauses
c strengthened:                  9         0.01 %  of all clauses
c trail reuses:                  0         0.00 %  of incremental calls
c 
c seconds are measured in process time for solving
c 
c --- [ resources ] ----------------------------------------------------------
c 
c total process time since initialization:         0.15    seconds
c total real time since initialization:            0.78    seconds
c maximum resident set size of process:           24.01    MB
c 
c --- [ shutting down ] ------------------------------------------------------
c 
c exit 20
