c --- [ banner ] -------------------------------------------------------------
c 
c CaDiCaL SAT Solver
c Copyright (c) 2016-2023 A. Biere, M. Fleury, N. Froleyks, K. Fazekas, F. Pollitt
c 
c Version 1.9.5 146207318796f094dcded87349a64f0c6927309e
c g++ (Ubuntu 13.3.0-6ubuntu2~24.04.1) 13.3.0 -Wall -Wextra -O3 -DNDEBUG
c Wed Sep 30 06:02:32 JST 2026 Linux ikutoPC 6.6.87.2-microsoft-standard-WSL2 x86_64
c 
c --- [ limit ] --------------------------------------------------------------
c 
c setting conflict limit to 1000000 conflicts (due to '1000000')
c 
c --- [ proof tracing ] ------------------------------------------------------
c 
c opening file to write '/tmp/conway99-six-profile-rank4_08_profile_0018-hfHwhK/proof.drat'
c writing non-binary proof trace to '/tmp/conway99-six-profile-rank4_08_profile_0018-hfHwhK/proof.drat'
c 
c --- [ parsing input ] ------------------------------------------------------
c 
c reading DIMACS file from '/mnt/c/Users/ikuto/projects/conway-99-graph/acceleration/results/20260930_hadamard_six_remaining_cnfs/run01/rank4_08_profile_0018/instance.cnf'
c opening file to read '/mnt/c/Users/ikuto/projects/conway-99-graph/acceleration/results/20260930_hadamard_six_remaining_cnfs/run01/rank4_08_profile_0018/instance.cnf'
c found 'p cnf 10156 177412' header
c parsed 177412 clauses in 0.07 seconds process time
c 
c --- [ options ] ------------------------------------------------------------
c 
c   --binary=false                 (different from default 'true')
c 
c --- [ solving ] ------------------------------------------------------------
c 
c time measured in process time since initialization
c 
c  seconds  reductions  redundant  irredundant
c         MB    restarts       trail      variables
c          level   conflicts       glue        remaining
c 
c *  0.08 18  0 0   0    0    0  0% 0 127810 7288 72%
c {  0.08 19  0 0   0    0    0  0% 0 127810 7288 72%
c -  0.10 20 19 1  12  305  207 56% 7 127810 7288 72%
c -  0.14 25 20 2  41  968  613 56% 7 127810 7288 72%
c }  0.14 25 20 2  44 1001  638 56% 7 127810 7288 72%
c [  0.14 25  0 2  44 1001  638  0% 0 127810 7288 72%
c O  0.14 25  4 2  44 1002  639 74% 4 127810 7288 72%
c i  0.18 25 18 2  44 1657 1118 59% 9 127810 7286 72%
c -  0.21 25 41 3  44 1966  773 57% 18 127761 7286 72%
c ]  0.28 25 68 3  45 3001 1662 55% 26 127761 7286 72%
c {  0.28 25 20 3  45 3001 1662 56% 7 127761 7286 72%
c F  0.29 25 20 3  46 3003 1664 20% 7 127761 7286 72%
c -  0.31 25 21 4  64 3295 1536 37% 7 127761 7286 72%
c i  0.38 25 20 4 140 4802 2679 38% 7 127761 7285 72%
c -  0.40 25 21 5 143 4958 1634 38% 7 127714 7285 72%
c d  0.40 25 21 5 143 5010 1675 38% 7 127624 7240 71%
c 2  0.41 25 21 5 143 5010 1679 38% 7 127624 7239 71%
c p  0.48 26 21 5 143 5010 82297 38% 7 127624 7233 71%
c d  0.48 27 21 5 143 5010 81598 38% 7 127235 7219 71%
c d  0.49 27 21 5 143 5010 81598 38% 7 127233 7218 71%
c 
c  seconds  reductions   redundant  irredundant
c         MB    restarts        trail      variables
c          level   conflicts        glue        remaining
c 
c i  0.52 27 21 5 193 5433 81852 38% 7 127233 7217 71%
c #  0.55 27 21 5 224 6005 82239 38% 7 127233 7217 71%
c i  0.57 27 21 5 267 6396 82523 37% 7 127233 7216 71%
c i  0.59 27 20 5 281 6701 82736 37% 7 127233 7215 71%
c i  0.60 27 20 5 281 6861 82847 37% 7 127233 7214 71%
c -  0.62 33 20 6 293 6953 9056 37% 7 127048 7214 71%
c }  0.63 33 20 6 295 7002 9097 37% 7 127048 7214 71%
c [  0.63 33 68 6 295 7002 9097 76% 26 127048 7214 71%
c i  0.63 33 65 6 295 7084 9149 74% 25 127048 7213 71%
c i  0.65 33 60 6 296 7373 9358 70% 24 127048 7212 71%
c i  0.65 33 60 6 296 7438 9408 69% 23 127048 7211 71%
c s  0.72 33 62 6 296 8265 9993 59% 24 125161 7211 71%
c v  0.73 33 62 6 296 8265 9993 59% 24 125146 7211 71%
c w  0.73 33 62 6 296 8265 9992 59% 24 125146 7211 71%
c e  0.77 33 62 6 296 8265 9228 59% 24 123759 6013 59%
c s  0.77 33 62 6 296 8265 9222 59% 24 123759 6013 59%
c ^  0.78 33 62 6 296 8265 9222 59% 24 123759 6013 59%
c -  0.85 34 61 7 297 9275 5414 36% 24 123759 6013 59%
c I  0.90 34 61 7 297 10014 6044 37% 24 123759 6013 59%
c -  1.03 34 61 8 299 11909 5677 38% 22 123759 6013 59%
c 
c  seconds  reductions   redundant   irredundant
c         MB    restarts        trail       variables
c          level    conflicts       glue         remaining
c 
c -  1.23 34 57 9 300 14858 6171 37% 22 123759 6013 59%
c ]  1.24 34 57 9 300 15003 6289 37% 22 123759 6013 59%
c {  1.24 34 20 9 300 15003 6289 45% 7 123759 6013 59%
c d  1.24 34 20 9 301 15023 6297 44% 7 123759 6012 59%
c 2  1.25 34 20 9 301 15023 6290 44% 7 123747 6012 59%
c p  1.32 34 20 9 301 15023 93419 44% 7 123747 6012 59%
c d  1.32 34 20 9 301 15023 93417 44% 7 123747 6011 59%
c B  1.33 34 20 9 301 15024 93418 44% 7 123747 6011 59%
c i  1.34 34 20 9 310 15161 93487 44% 7 123747 6010 59%
c i  1.36 34 19 9 327 15592 93770 44% 7 123747 6009 59%
c i  1.37 34 19 9 340 15866 93959 43% 7 123747 6008 59%
c i  1.38 34 19 9 340 16013 94083 43% 7 123747 6007 59%
c i  1.39 34 19 9 347 16153 94180 43% 7 123747 6006 59%
c i  1.39 34 19 9 349 16281 94241 43% 7 123747 6005 59%
c i  1.40 34 19 9 349 16341 94280 43% 7 123747 6004 59%
c i  1.44 34 18 9 381 17061 94773 42% 7 123747 5997 59%
c i  1.45 34 19 9 404 17351 94988 41% 7 123747 5996 59%
c i  1.47 34 18 9 407 17598 95191 41% 7 123747 5995 59%
c i  1.47 34 18 9 407 17661 95223 41% 7 123747 5994 59%
c i  1.48 34 18 9 407 17703 95248 41% 7 123747 5993 59%
c 
c  seconds  reductions    redundant  irredundant
c         MB    restarts         trail      variables
c          level    conflicts        glue        remaining
c 
c i  1.48 34 18 9 420 17801 95318 41% 7 123747 5992 59%
c i  1.49 34 18 9 420 17895 95366 41% 7 123747 5991 59%
c i  1.50 34 18 9 420 18023 95468 41% 7 123747 5990 59%
c -  1.53 32 18 10 428 18135 9738 41% 7 122800 5990 59%
c i  1.53 32 18 10 428 18170 9756 41% 7 122800 5989 59%
c i  1.55 32 18 10 454 18575 10060 41% 7 122800 5988 59%
c i  1.56 32 18 10 459 18691 10142 41% 7 122800 5987 59%
c i  1.56 32 18 10 467 18797 10201 41% 7 122800 5986 59%
c i  1.58 32 18 10 477 19193 10503 41% 7 122800 5985 59%
c i  1.58 32 18 10 485 19247 10538 41% 7 122800 5984 59%
c i  1.60 32 18 10 511 19612 10789 41% 7 122800 5983 59%
c i  1.62 32 18 10 517 19876 10994 41% 7 122800 5982 59%
c i  1.64 32 18 10 564 20280 11300 41% 7 122800 5981 59%
c i  1.64 32 18 10 571 20407 11384 41% 7 122800 5980 59%
c W  1.75 37 18 10 593 21027 10925 40% 7 122326 5980 59%
c i  1.76 37 19 10 633 21263 11115 40% 7 122326 5979 59%
c i  1.77 37 19 10 652 21458 11211 40% 7 122326 5978 59%
c -  1.79 37 19 11 655 21729 6729 40% 7 122232 5978 59%
c i  1.80 37 19 11 655 21778 6760 40% 7 122232 5977 59%
c i  1.80 37 19 11 655 21788 6766 40% 7 122232 5976 59%
c 
c  seconds  reductions    redundant  irredundant
c         MB     restarts        trail      variables
c          level     conflicts       glue        remaining
c 
c i  1.82 37 19 11 676 22041 6956 40% 7 122232 5975 59%
c i  1.82 37 19 11 697 22153 7035 40% 7 122232 5974 59%
c i  1.82 37 19 11 697 22156 7034 40% 7 122232 5973 59%
c i  1.83 37 19 11 697 22186 7055 40% 7 122232 5972 59%
c i  1.83 37 19 11 697 22212 7063 40% 7 122232 5971 59%
c i  1.83 37 19 11 697 22351 7136 40% 7 122232 5970 59%
c i  1.84 37 19 11 697 22422 7181 40% 7 122232 5969 59%
c i  1.84 37 19 11 702 22526 7241 40% 7 122232 5968 59%
c i  1.85 37 19 11 708 22655 7328 40% 7 122232 5967 59%
c i  1.86 37 19 11 738 22851 7460 40% 7 122232 5966 59%
c i  1.87 37 19 11 747 23002 7565 40% 7 122232 5965 59%
c i  1.88 37 19 11 760 23339 7781 40% 7 122232 5964 59%
c i  1.89 37 19 11 760 23544 7936 40% 7 122232 5962 59%
c i  1.92 37 19 11 778 24024 8282 39% 7 122232 5960 59%
c i  1.92 37 19 11 783 24195 8386 39% 7 122232 5958 59%
c i  1.93 37 19 11 790 24412 8516 39% 7 122232 5957 59%
c i  1.93 37 19 11 790 24414 8517 39% 7 122232 5956 59%
c i  1.94 37 19 11 792 24481 8567 39% 7 122232 5955 59%
c i  1.95 37 19 11 798 24677 8713 39% 7 122232 5954 59%
c i  1.95 37 19 11 798 24696 8721 39% 7 122232 5953 59%
c 
c  seconds  reductions    redundant  irredundant
c         MB     restarts        trail      variables
c          level     conflicts       glue        remaining
c 
c i  1.98 37 19 11 827 25268 9136 39% 7 122232 5952 59%
c i  1.99 37 19 11 840 25483 9298 39% 7 122232 5951 59%
c -  2.01 35 19 12 842 25642 6383 39% 7 121000 5951 59%
c i  2.01 35 19 12 842 25668 6401 39% 7 121000 5950 59%
c s  2.02 35 19 12 845 25721 6345 39% 7 120998 5950 59%
c w  2.04 35 19 12 845 25721 6343 39% 7 120998 5950 59%
c e  2.08 35 19 12 845 25721 6281 39% 7 120922 5910 58%
c s  2.08 35 19 12 845 25721 6272 39% 7 120922 5910 58%
c ^  2.08 35 19 12 845 25721 6272 39% 7 120922 5910 58%
c i  2.09 35 19 12 846 25794 6315 39% 7 120922 5909 58%
c i  2.09 35 19 12 846 25811 6320 39% 7 120922 5908 58%
c i  2.10 35 19 12 856 25941 6397 39% 7 120922 5906 58%
c i  2.10 35 19 12 856 25982 6408 39% 7 120922 5905 58%
c i  2.10 35 19 12 863 26070 6469 39% 7 120922 5904 58%
c i  2.11 35 19 12 863 26232 6595 39% 7 120922 5903 58%
c i  2.11 35 19 12 869 26332 6662 39% 7 120922 5902 58%
c i  2.12 35 19 12 882 26473 6780 39% 7 120922 5901 58%
c i  2.12 35 19 12 882 26525 6805 39% 7 120922 5900 58%
c i  2.13 35 19 12 894 26671 6908 39% 7 120922 5899 58%
c i  2.13 35 19 12 894 26681 6913 39% 7 120922 5898 58%
c 
c  seconds  reductions    redundant  irredundant
c         MB     restarts        trail      variables
c          level     conflicts       glue        remaining
c 
c i  2.17 35 19 12 909 27409 7463 39% 7 120922 5841 58%
c i  2.18 35 19 12 940 27605 7599 39% 7 120922 5840 58%
c i  2.18 35 19 12 946 27653 7625 39% 7 120922 5839 57%
c i  2.19 35 19 12 965 27826 7742 39% 7 120922 5838 57%
c i  2.19 35 19 12 965 27827 7742 39% 7 120922 5837 57%
c i  2.20 35 19 12 975 28009 7859 39% 7 120922 5835 57%
c F  2.20 35 19 12 975 28038 7885 39% 7 120922 5835 57%
c i  2.20 35 19 12 975 28038 7885 39% 7 120922 5834 57%
c i  2.20 35 19 12 982 28128 7946 38% 7 120922 5832 57%
c i  2.20 35 19 12 982 28129 7946 38% 7 120922 5831 57%
c i  2.20 35 19 12 984 28167 7970 38% 7 120922 5817 57%
c }  2.21 35 19 12 984 28215 8000 38% 7 120922 4154 41%
c 0  2.21 35 19 12 984 28215 8000 38% 7 120922 4154 41%
c 
c --- [ closing proof ] ------------------------------------------------------
c 
c DRAT proof file '/tmp/conway99-six-profile-rank4_08_profile_0018-hfHwhK/proof.drat' closed
c DRAT 216506 added clauses 45.43%
c DRAT 260031 deleted clauses 54.57%
c DRAT 18778945 bytes (17.91 MB)
c 
c --- [ result ] -------------------------------------------------------------
c 
s UNSATISFIABLE
c 
c --- [ run-time profiling ] -------------------------------------------------
c 
c process time taken by individual solving procedures
c (percentage relative to process time for solving)
c 
c         1.82   85.24% search
c         1.06   49.93% unstable
c         0.68   31.74% stable
c         0.31   14.72% simplify
c         0.13    5.89% probe
c         0.07    3.49% parse
c         0.07    3.48% walk
c         0.05    2.43% elim
c         0.04    1.96% subsume
c         0.03    1.26% vivify
c         0.01    0.69% ternary
c         0.00    0.09% lucky
c   =================================
c         2.13   96.58% solve
c 
c last line shows process time for solving
c (percentage relative to total process time)
c 
c --- [ statistics ] ---------------------------------------------------------
c 
c chronological:             11025        39.07 %  of conflicts
c conflicts:                 28215     13230.03    per second
c decisions:                 75211     35266.49    per second
c eliminated:                 1238        12.19 %  of all variables
c fixed:                      4702        46.30 %  of all variables
c learned:                   26190        92.82 %  per conflict
c learned_lits:            2319415       100.00 %  learned literals
c minimized:                     0         0.00 %  learned literals
c shrunken:                1023647        44.13 %  learned literals
c minishrunken:             321784        13.87 %  learned literals
c otfs:                        134         0.47 %  of conflict
c propagations:           19125531         8.97 M  per second
c reduced:                    7951        28.18 %  per conflict
c rephased:                      7      4030.71    interval
c restarts:                    984        28.67    interval
c stabilizing:                   2        35.44 %  of conflicts
c substituted:                  62         0.61 %  of all variables
c subsumed:                   7108         2.16 %  of all clauses
c strengthened:               1750         0.53 %  of all clauses
c ternary:                      10         0.13 %  of resolved
c trail reuses:                  0         0.00 %  of incremental calls
c vivified:                     28         0.01 %  of all clauses
c walked:                        1     28215.00    interval
c weakened:                   3825         2.32    average size
c 
c seconds are measured in process time for solving
c 
c --- [ resources ] ----------------------------------------------------------
c 
c total process time since initialization:         2.21    seconds
c total real time since initialization:            2.84    seconds
c maximum resident set size of process:           39.09    MB
c 
c --- [ shutting down ] ------------------------------------------------------
c 
c exit 20
