c --- [ banner ] -------------------------------------------------------------
c 
c CaDiCaL SAT Solver
c Copyright (c) 2016-2023 A. Biere, M. Fleury, N. Froleyks, K. Fazekas, F. Pollitt
c 
c Version 1.9.5 146207318796f094dcded87349a64f0c6927309e
c g++ (Ubuntu 13.3.0-6ubuntu2~24.04.1) 13.3.0 -Wall -Wextra -O3 -DNDEBUG
c Wed Sep 30 06:02:32 JST 2026 Linux ikutoPC 6.6.87.2-microsoft-standard-WSL2 x86_64
c 
c --- [ limit ] --------------------------------------------------------------
c 
c setting conflict limit to 1000000 conflicts (due to '1000000')
c 
c --- [ proof tracing ] ------------------------------------------------------
c 
c opening file to write '/tmp/conway99-exact-eight-0055-aCnkzv/proof.drat'
c writing non-binary proof trace to '/tmp/conway99-exact-eight-0055-aCnkzv/proof.drat'
c 
c --- [ parsing input ] ------------------------------------------------------
c 
c reading DIMACS file from '/mnt/c/Users/ikuto/projects/conway-99-graph/acceleration/results/20260930_exact_eight_next64_cnfs_part00/case_0055/instance.cnf'
c opening file to read '/mnt/c/Users/ikuto/projects/conway-99-graph/acceleration/results/20260930_exact_eight_next64_cnfs_part00/case_0055/instance.cnf'
c found 'p cnf 9748 167416' header
c parsed 167416 clauses in 0.07 seconds process time
c 
c --- [ options ] ------------------------------------------------------------
c 
c   --binary=false                 (different from default 'true')
c 
c --- [ solving ] ------------------------------------------------------------
c 
c time measured in process time since initialization
c 
c  seconds  reductions  redundant  irredundant
c         MB    restarts       trail      variables
c          level   conflicts       glue        remaining
c 
c *  0.08 17  0 0   0    0    0  0% 0 117490 6820 70%
c {  0.08 18  0 0   0    0    0  0% 0 117490 6820 70%
c i  0.08 18 32 0   0   29   25 47% 5 117490 6819 70%
c -  0.10 19 18 1   7  300  238 51% 4 117323 6819 70%
c i  0.10 19 17 1   7  317  240 51% 4 117323 6818 70%
c i  0.10 19 22 1  20  434  324 50% 5 117323 6817 70%
c i  0.10 19 22 1  21  441  330 50% 5 117323 6816 70%
c i  0.10 19 22 1  26  456  342 50% 5 117323 6815 70%
c i  0.10 19 22 1  26  457  342 50% 5 117323 6814 70%
c i  0.11 19 21 1  36  535  410 51% 5 117323 6813 70%
c i  0.11 19 21 1  40  648  477 50% 5 117323 6747 69%
c i  0.12 19 21 1  40  755  543 50% 5 117323 6737 69%
c i  0.12 19 20 1  40  763  548 50% 5 117323 6736 69%
c i  0.13 19 21 1  47  944  692 51% 5 117323 6677 68%
c -  0.14 24 21 2  47  944  422 51% 5 112083 6655 68%
c i  0.14 24 20 2  47  965  426 51% 5 112083 6654 68%
c }  0.14 24 21 2  52 1000  453 51% 5 112083 6654 68%
c [  0.14 24  0 2  52 1000  453  0% 0 112083 6654 68%
c O  0.14 24 62 2  52 1002  455 46% 1 112083 6654 68%
c i  0.14 24 10 2  52 1034  475 56% 3 112083 6653 68%
c 
c  seconds  reductions  redundant  irredundant
c         MB    restarts       trail      variables
c          level   conflicts       glue        remaining
c 
c i  0.15 24 31 2  52 1197  619 53% 5 112083 6652 68%
c i  0.15 24 28 2  52 1227  646 53% 5 112083 6651 68%
c i  0.15 24 25 2  52 1285  694 53% 5 112083 6650 68%
c ]  0.15 24 25 2  52 1288  695 53% 5 112083 6032 62%
c 0  0.15 24 25 2  52 1288  695 53% 5 112083 6032 62%
c 
c --- [ closing proof ] ------------------------------------------------------
c 
c DRAT proof file '/tmp/conway99-exact-eight-0055-aCnkzv/proof.drat' closed
c DRAT 6859 added clauses 10.61%
c DRAT 57780 deleted clauses 89.39%
c DRAT 1696445 bytes (1.62 MB)
c 
c --- [ result ] -------------------------------------------------------------
c 
s UNSATISFIABLE
c 
c --- [ run-time profiling ] -------------------------------------------------
c 
c process time taken by individual solving procedures
c (percentage relative to process time for solving)
c 
c         0.08   98.88% search
c         0.07   95.07% parse
c         0.07   83.58% unstable
c         0.01   13.56% stable
c         0.00    1.70% lucky
c         0.00    0.00% simplify
c   =================================
c         0.08   50.95% solve
c 
c last line shows process time for solving
c (percentage relative to total process time)
c 
c --- [ statistics ] ---------------------------------------------------------
c 
c chronological:               672        52.17 %  of conflicts
c conflicts:                  1288     16440.73    per second
c decisions:                  5013     63988.67    per second
c fixed:                      3716        38.12 %  of all variables
c learned:                    1146        88.98 %  per conflict
c learned_lits:              51068       100.00 %  learned literals
c minimized:                     0         0.00 %  learned literals
c shrunken:                  25496        49.93 %  learned literals
c minishrunken:               4226         8.28 %  learned literals
c otfs:                         12         0.93 %  of conflict
c propagations:             712032         9.09 M  per second
c reduced:                      15         1.16 %  per conflict
c rephased:                      1      1288.00    interval
c restarts:                     52        24.77    interval
c stabilizing:                   1        22.36 %  of conflicts
c subsumed:                    164         0.14 %  of all clauses
c strengthened:                 12         0.01 %  of all clauses
c trail reuses:                  0         0.00 %  of incremental calls
c 
c seconds are measured in process time for solving
c 
c --- [ resources ] ----------------------------------------------------------
c 
c total process time since initialization:         0.15    seconds
c total real time since initialization:            0.77    seconds
c maximum resident set size of process:           23.56    MB
c 
c --- [ shutting down ] ------------------------------------------------------
c 
c exit 20
