c --- [ banner ] -------------------------------------------------------------
c 
c CaDiCaL SAT Solver
c Copyright (c) 2016-2023 A. Biere, M. Fleury, N. Froleyks, K. Fazekas, F. Pollitt
c 
c Version 1.9.5 146207318796f094dcded87349a64f0c6927309e
c g++ (Ubuntu 13.3.0-6ubuntu2~24.04.1) 13.3.0 -Wall -Wextra -O3 -DNDEBUG
c Wed Sep 30 06:02:32 JST 2026 Linux ikutoPC 6.6.87.2-microsoft-standard-WSL2 x86_64
c 
c --- [ limit ] --------------------------------------------------------------
c 
c setting conflict limit to 1000000 conflicts (due to '1000000')
c 
c --- [ proof tracing ] ------------------------------------------------------
c 
c opening file to write '/tmp/conway99-seven-profile-rank5_114_profile_0000-KxRzLC/proof.drat'
c writing non-binary proof trace to '/tmp/conway99-seven-profile-rank5_114_profile_0000-KxRzLC/proof.drat'
c 
c --- [ parsing input ] ------------------------------------------------------
c 
c reading DIMACS file from '/mnt/c/Users/ikuto/projects/conway-99-graph/acceleration/results/20260930_hadamard_seven_remaining_cnfs/run01/rank5_114_profile_0000/instance.cnf'
c opening file to read '/mnt/c/Users/ikuto/projects/conway-99-graph/acceleration/results/20260930_hadamard_seven_remaining_cnfs/run01/rank5_114_profile_0000/instance.cnf'
c found 'p cnf 9952 172414' header
c parsed 172414 clauses in 0.07 seconds process time
c 
c --- [ options ] ------------------------------------------------------------
c 
c   --binary=false                 (different from default 'true')
c 
c --- [ solving ] ------------------------------------------------------------
c 
c time measured in process time since initialization
c 
c  seconds  reductions  redundant  irredundant
c         MB    restarts       trail      variables
c          level   conflicts       glue        remaining
c 
c *  0.07 18  0 0   0    0    0  0% 0 122670 7052 71%
c {  0.07 18  0 0   0    0    0  0% 0 122670 7052 71%
c i  0.08 19 26 0  28  274  218 56% 7 122670 7051 71%
c i  0.08 19 26 0  28  275  218 56% 7 122670 7050 71%
c i  0.08 19 26 0  28  276  218 56% 7 122670 7049 71%
c i  0.08 19 26 0  29  277  218 56% 7 122670 7048 71%
c i  0.08 19 26 0  29  278  218 56% 7 122670 7047 71%
c i  0.08 19 26 0  29  279  218 55% 7 122670 7046 71%
c -  0.09 19 29 1  29  300  236 56% 7 122292 7046 71%
c i  0.11 19 31 1  51  674  554 56% 6 122292 7045 71%
c i  0.11 19 30 1  57  758  618 56% 6 122292 7044 71%
c i  0.11 19 29 1  57  779  636 56% 6 122292 7043 71%
c i  0.11 19 30 1  57  787  643 55% 6 122292 7042 71%
c i  0.12 19 32 1  59  817  668 55% 6 122292 7041 71%
c i  0.12 19 32 1  61  829  675 55% 7 122292 7040 71%
c -  0.13 25 30 2  81  952  623 55% 7 122003 7040 71%
c i  0.13 25 30 2  81  976  640 55% 7 122003 7039 71%
c i  0.13 25 30 2  81  977  640 55% 7 122003 7038 71%
c i  0.13 25 30 2  81  987  649 55% 6 122003 7037 71%
c }  0.14 25 29 2  81 1000  658 55% 6 122003 7037 71%
c 
c  seconds  reductions  redundant  irredundant
c         MB    restarts       trail      variables
c          level   conflicts       glue        remaining
c 
c [  0.14 25  0 2  81 1000  658  0% 0 122003 7037 71%
c O  0.14 25 50 2  81 1002  660 58% 1 122003 7037 71%
c i  0.15 25 28 2  81 1240  838 61% 9 122003 7021 71%
c i  0.15 25 26 2  81 1257  845 61% 9 122003 7009 70%
c -  0.19 25 63 3  81 1931 1078 54% 18 120924 7009 70%
c ]  0.26 25 54 3  82 3001 1931 33% 16 120924 7009 70%
c {  0.26 25 29 3  82 3001 1931 78% 6 120924 7009 70%
c F  0.26 25 29 3  82 3004 1934 78% 6 120924 7009 70%
c i  0.27 25 27 3  88 3180 2026 71% 6 120924 7007 70%
c -  0.28 25 28 4  88 3230 1645 70% 6 120876 7007 70%
c -  0.36 25 28 5 218 4853 2356 50% 7 120876 7007 70%
c i  0.36 25 27 5 218 4899 2388 49% 7 120876 7006 70%
c d  0.37 25 28 5 218 5001 2292 49% 7 120691 6937 70%
c d  0.37 25 28 5 218 5001 2292 49% 7 120689 6936 70%
c p  0.44 26 28 5 218 5001 89144 49% 7 120689 6922 70%
c d  0.45 27 28 5 218 5001 88432 49% 7 119999 6910 69%
c d  0.45 27 28 5 218 5001 88431 49% 7 119976 6899 69%
c i  0.47 27 28 5 252 5320 88660 47% 7 119976 6898 69%
c i  0.49 27 26 5 261 5607 88855 46% 7 119976 6897 69%
c i  0.49 27 26 5 280 5724 88951 46% 7 119976 6896 69%
c 
c  seconds  reductions   redundant  irredundant
c         MB    restarts        trail      variables
c          level   conflicts        glue        remaining
c 
c i  0.49 27 26 5 286 5746 88972 46% 7 119976 6895 69%
c #  0.51 27 27 5 334 6012 89143 45% 7 119976 6895 69%
c i  0.53 27 26 5 391 6466 89436 44% 7 119976 6894 69%
c i  0.55 27 25 5 396 6795 89639 43% 7 119976 6893 69%
c -  0.57 28 25 6 396 6802 7536 43% 7 119696 6893 69%
c i  0.57 28 24 6 396 6874 7585 43% 7 119696 6892 69%
c }  0.58 28 24 6 396 7002 7683 43% 7 119696 6892 69%
c [  0.58 28 54 6 396 7002 7683 33% 16 119696 6892 69%
c s  0.67 32 62 6 397 8242 8649 32% 21 117794 6892 69%
c v  0.68 32 62 6 397 8242 8649 32% 21 117774 6892 69%
c w  0.68 32 62 6 397 8242 8641 32% 21 117774 6876 69%
c t  0.69 32 62 6 397 8242 8641 32% 21 117773 6876 69%
c e  0.72 32 62 6 397 8242 7403 32% 21 115904 5735 58%
c s  0.72 32 62 6 397 8242 7402 32% 21 115904 5735 58%
c ^  0.72 32 62 6 397 8242 7402 32% 21 115904 5735 58%
c -  0.79 32 61 7 397 9065 4482 37% 22 115904 5735 58%
c I  0.85 32 61 7 398 10013 5287 35% 23 115904 5735 58%
c i  0.96 32 53 7 400 11577 6445 36% 21 115904 5734 58%
c -  0.97 28 53 8 400 11618 3514 36% 21 115840 5734 58%
c i  1.07 28 56 8 400 13336 4948 36% 21 115840 5733 58%
c 
c  seconds  reductions   redundant   irredundant
c         MB    restarts        trail       variables
c          level    conflicts       glue         remaining
c 
c i  1.12 28 53 8 401 14149 5621 36% 20 115840 5731 58%
c -  1.15 32 52 9 401 14494 4015 36% 20 115681 5731 58%
c ]  1.17 32 51 9 401 15009 4450 35% 20 115681 5731 58%
c {  1.17 32 24 9 401 15009 4450 53% 7 115681 5731 58%
c 2  1.18 32 24 9 401 15009 4444 53% 7 115681 5731 58%
c p  1.25 32 24 9 401 15009 84914 53% 7 115681 5568 56%
c d  1.25 32 24 9 401 15009 78146 53% 7 107956 5566 56%
c d  1.26 32 24 9 401 15009 78143 53% 7 107850 5512 55%
c B  1.26 32 24 9 402 15014 78148 53% 7 107850 5512 55%
c i  1.28 32 24 9 443 15460 78468 52% 7 107850 5511 55%
c i  1.28 32 24 9 443 15534 78526 51% 7 107850 5510 55%
c i  1.29 32 24 9 443 15577 78550 51% 7 107850 5509 55%
c i  1.29 32 23 9 446 15748 78656 51% 7 107850 5508 55%
c i  1.30 32 23 9 467 15964 78802 50% 7 107850 5507 55%
c i  1.30 32 23 9 467 15987 78824 50% 7 107850 5506 55%
c i  1.32 32 23 9 481 16304 79007 49% 7 107850 5504 55%
c i  1.33 32 22 9 504 16674 79293 49% 7 107850 5503 55%
c i  1.35 32 22 9 528 17032 79513 48% 7 107850 5502 55%
c i  1.36 32 22 9 542 17284 79685 47% 7 107850 5501 55%
c i  1.36 32 22 9 542 17286 79686 47% 7 107850 5500 55%
c 
c  seconds  reductions    redundant  irredundant
c         MB     restarts        trail      variables
c          level     conflicts       glue        remaining
c 
c -  1.39 32 22 10 576 17683 6871 47% 7 107296 5500 55%
c i  1.39 32 22 10 578 17718 6898 47% 7 107296 5499 55%
c i  1.39 32 22 10 583 17754 6924 47% 7 107296 5498 55%
c i  1.44 32 22 10 647 18768 7690 46% 7 107296 5497 55%
c i  1.44 32 22 10 647 18771 7692 46% 7 107296 5475 55%
c i  1.44 32 22 10 647 18774 7694 46% 7 107296 5474 55%
c i  1.45 32 22 10 673 18940 7813 46% 7 107296 5473 55%
c i  1.46 32 23 10 692 19219 8024 45% 7 107296 5472 55%
c i  1.46 32 23 10 696 19289 8068 45% 7 107296 5471 55%
c i  1.47 32 23 10 696 19340 8086 45% 7 107296 5470 55%
c i  1.47 32 23 10 696 19343 8088 45% 7 107296 5469 55%
c i  1.48 32 23 10 709 19599 8282 45% 7 107296 5468 55%
c i  1.48 32 23 10 711 19610 8287 45% 7 107296 5467 55%
c i  1.50 32 23 10 745 19947 8534 44% 7 107296 5466 55%
c i  1.50 32 22 10 745 20044 8594 44% 7 107296 5465 55%
c i  1.51 32 22 10 751 20163 8679 44% 7 107296 5464 55%
c i  1.51 32 22 10 751 20174 8683 44% 7 107296 5463 55%
c i  1.51 32 22 10 754 20295 8777 44% 7 107296 5462 55%
c i  1.52 32 22 10 755 20339 8800 44% 7 107296 5461 55%
c i  1.52 32 22 10 755 20340 8800 44% 7 107296 5460 55%
c 
c  seconds  reductions    redundant  irredundant
c         MB     restarts        trail      variables
c          level     conflicts       glue        remaining
c 
c i  1.52 32 22 10 755 20343 8802 44% 7 107296 5459 55%
c i  1.52 32 22 10 755 20392 8830 44% 7 107296 5458 55%
c i  1.52 32 22 10 755 20410 8843 44% 7 107296 5457 55%
c i  1.52 32 22 10 755 20440 8860 44% 7 107296 5456 55%
c i  1.52 32 22 10 755 20449 8867 44% 7 107296 5455 55%
c i  1.52 32 22 10 755 20453 8869 44% 7 107296 5442 55%
c i  1.53 32 22 10 769 20701 9008 43% 7 107296 5434 55%
c i  1.53 32 22 10 769 20706 9012 43% 7 107296 5433 55%
c i  1.54 32 22 10 791 20942 9197 43% 7 107296 5429 55%
c W  1.61 32 22 10 809 21016 7560 43% 7 104403 5429 55%
c i  1.61 32 22 10 816 21048 7577 43% 7 104403 5428 55%
c -  1.62 32 22 11 820 21083 5674 43% 7 104356 5428 55%
c }  1.63 32 22 11 842 21293 5814 43% 7 104356 4264 43%
c 0  1.63 32 22 11 842 21293 5814 43% 7 104356 4264 43%
c 
c --- [ closing proof ] ------------------------------------------------------
c 
c DRAT proof file '/tmp/conway99-seven-profile-rank5_114_profile_0000-KxRzLC/proof.drat' closed
c DRAT 209749 added clauses 43.94%
c DRAT 267594 deleted clauses 56.06%
c DRAT 16666195 bytes (15.89 MB)
c 
c --- [ result ] -------------------------------------------------------------
c 
s UNSATISFIABLE
c 
c --- [ run-time profiling ] -------------------------------------------------
c 
c process time taken by individual solving procedures
c (percentage relative to process time for solving)
c 
c         1.32   84.83% search
c         0.66   42.07% stable
c         0.60   38.53% unstable
c         0.24   15.13% simplify
c         0.12    7.88% probe
c         0.07    4.22% parse
c         0.06    4.15% walk
c         0.02    1.54% elim
c         0.02    1.30% subsume
c         0.01    0.91% ternary
c         0.01    0.80% vivify
c         0.00    0.08% lucky
c   =================================
c         1.56   95.91% solve
c 
c last line shows process time for solving
c (percentage relative to total process time)
c 
c --- [ statistics ] ---------------------------------------------------------
c 
c chronological:              8467        39.76 %  of conflicts
c conflicts:                 21293     13651.68    per second
c decisions:                 60381     38712.35    per second
c eliminated:                 1141        11.47 %  of all variables
c fixed:                      4398        44.19 %  of all variables
c learned:                   19936        93.63 %  per conflict
c learned_lits:            1668069       100.00 %  learned literals
c minimized:                     0         0.00 %  learned literals
c shrunken:                 668675        40.09 %  learned literals
c minishrunken:             242500        14.54 %  learned literals
c otfs:                        154         0.72 %  of conflict
c propagations:           14644235         9.39 M  per second
c reduced:                    4134        19.41 %  per conflict
c rephased:                      6      3548.83    interval
c restarts:                    842        25.29    interval
c stabilizing:                   2        47.00 %  of conflicts
c substituted:                 149         1.50 %  of all variables
c subsumed:                   5653         1.78 %  of all clauses
c strengthened:                724         0.23 %  of all clauses
c ternary:                      14         0.16 %  of resolved
c trail reuses:                  0         0.00 %  of incremental calls
c vivified:                     30         0.01 %  of all clauses
c walked:                        1     21293.00    interval
c weakened:                   3701         2.31    average size
c 
c seconds are measured in process time for solving
c 
c --- [ resources ] ----------------------------------------------------------
c 
c total process time since initialization:         1.63    seconds
c total real time since initialization:            2.32    seconds
c maximum resident set size of process:           32.34    MB
c 
c --- [ shutting down ] ------------------------------------------------------
c 
c exit 20
