c --- [ banner ] -------------------------------------------------------------
c 
c CaDiCaL SAT Solver
c Copyright (c) 2016-2023 A. Biere, M. Fleury, N. Froleyks, K. Fazekas, F. Pollitt
c 
c Version 1.9.5 146207318796f094dcded87349a64f0c6927309e
c g++ (Ubuntu 13.3.0-6ubuntu2~24.04.1) 13.3.0 -Wall -Wextra -O3 -DNDEBUG
c Wed Sep 30 06:02:32 JST 2026 Linux ikutoPC 6.6.87.2-microsoft-standard-WSL2 x86_64
c 
c --- [ limit ] --------------------------------------------------------------
c 
c setting conflict limit to 1000000 conflicts (due to '1000000')
c 
c --- [ proof tracing ] ------------------------------------------------------
c 
c opening file to write '/tmp/conway99-six-profile-rank4_03_profile_0012-ZZPfhU/proof.drat'
c writing non-binary proof trace to '/tmp/conway99-six-profile-rank4_03_profile_0012-ZZPfhU/proof.drat'
c 
c --- [ parsing input ] ------------------------------------------------------
c 
c reading DIMACS file from '/mnt/c/Users/ikuto/projects/conway-99-graph/acceleration/results/20260930_hadamard_six_remaining_cnfs/run01/rank4_03_profile_0012/instance.cnf'
c opening file to read '/mnt/c/Users/ikuto/projects/conway-99-graph/acceleration/results/20260930_hadamard_six_remaining_cnfs/run01/rank4_03_profile_0012/instance.cnf'
c found 'p cnf 10156 177412' header
c parsed 177412 clauses in 0.08 seconds process time
c 
c --- [ options ] ------------------------------------------------------------
c 
c   --binary=false                 (different from default 'true')
c 
c --- [ solving ] ------------------------------------------------------------
c 
c time measured in process time since initialization
c 
c  seconds  reductions  redundant  irredundant
c         MB    restarts       trail      variables
c          level   conflicts       glue        remaining
c 
c *  0.08 18  0 0   0    0    0  0% 0 127796 7288 72%
c {  0.08 19  0 0   0    0    0  0% 0 127796 7288 72%
c -  0.10 20 28 1  17  300  194 53% 5 127796 7288 72%
c i  0.11 20 24 1  20  372  239 52% 5 127796 7286 72%
c i  0.12 20 21 1  35  556  369 53% 5 127796 7285 72%
c i  0.13 20 21 1  64  773  512 53% 6 127796 7284 72%
c -  0.15 25 19 2  71  963  308 53% 6 127653 7284 72%
c }  0.15 25 19 2  73 1002  327 53% 6 127653 7284 72%
c [  0.15 25  0 2  73 1002  327  0% 0 127653 7284 72%
c O  0.15 25  2 2  73 1003  328 59% 2 127653 7284 72%
c i  0.17 25 20 2  73 1407  624 57% 9 127653 7282 72%
c -  0.21 26 43 3  73 1960  754 56% 14 127604 7282 72%
c i  0.25 26 41 3  74 2447 1106 29% 15 127604 7281 72%
c ]  0.27 26 57 3  74 3003 1577 27% 24 127604 7281 72%
c {  0.27 26 19 3  74 3003 1577 74% 6 127604 7281 72%
c F  0.27 26 19 3  74 3004 1578 74% 6 127604 7281 72%
c i  0.28 26 18 3  74 3068 1598 72% 6 127604 7280 72%
c -  0.30 26 19 4 109 3287  950 65% 6 127510 7280 72%
c i  0.35 26 20 4 223 4356 1720 50% 7 127510 7279 72%
c i  0.36 26 20 4 238 4614 1927 48% 7 127510 7278 72%
c 
c  seconds  reductions  redundant  irredundant
c         MB    restarts       trail      variables
c          level   conflicts       glue        remaining
c 
c i  0.36 26 19 4 239 4789 2027 47% 6 127510 7277 72%
c -  0.38 26 20 5 270 4946 1259 47% 7 127369 7277 72%
c d  0.39 26 20 5 270 5000 1298 46% 7 127267 7226 71%
c p  0.46 26 20 5 270 5000 88770 46% 7 127267 7221 71%
c d  0.47 27 20 5 270 5000 88148 46% 7 126982 7205 71%
c i  0.48 27 20 5 287 5166 88274 46% 7 126982 7204 71%
c i  0.50 27 20 5 324 5432 88464 45% 7 126982 7203 71%
c i  0.50 27 20 5 324 5482 88489 44% 7 126982 7202 71%
c i  0.51 27 20 5 334 5578 88554 44% 7 126982 7201 71%
c i  0.51 27 20 5 335 5602 88565 44% 7 126982 7200 71%
c #  0.53 27 20 5 351 6006 88848 43% 7 126982 7200 71%
c i  0.54 27 20 5 362 6100 88910 43% 7 126982 7199 71%
c i  0.54 27 20 5 364 6161 88956 43% 7 126982 7198 71%
c i  0.55 27 20 5 383 6335 89056 42% 7 126982 7197 71%
c i  0.56 27 20 5 407 6527 89160 42% 7 126982 7196 71%
c i  0.56 27 20 5 407 6565 89178 42% 7 126982 7195 71%
c i  0.57 27 20 5 420 6693 89271 41% 7 126982 7194 71%
c i  0.58 27 20 5 428 6793 89332 41% 7 126982 7193 71%
c i  0.58 27 20 5 428 6890 89402 41% 7 126982 7192 71%
c -  0.60 33 20 6 428 6943 7488 41% 7 126372 7192 71%
c 
c  seconds  reductions  redundant  irredundant
c         MB    restarts       trail      variables
c          level   conflicts       glue        remaining
c 
c i  0.60 33 20 6 428 6959 7492 41% 7 126372 7191 71%
c }  0.60 33 20 6 428 7009 7527 41% 7 126372 7191 71%
c [  0.60 33 57 6 428 7009 7527 27% 24 126372 7191 71%
c s  0.69 34 51 6 429 8272 8454 27% 23 124484 7191 71%
c v  0.70 34 51 6 429 8272 8454 27% 23 124466 7191 71%
c w  0.70 34 51 6 429 8272 8453 27% 23 124466 7191 71%
c e  0.74 34 51 6 429 8272 7665 27% 23 123169 5993 59%
c s  0.75 34 51 6 429 8272 7658 27% 23 123169 5993 59%
c -  0.83 34 50 7 429 9258 5597 30% 22 123169 5993 59%
c i  0.86 34 47 7 430 9905 6107 30% 21 123169 5992 59%
c I  0.87 34 46 7 430 10008 6186 30% 21 123169 5992 59%
c i  0.90 34 44 7 431 10720 6685 29% 20 123169 5979 59%
c i  0.94 34 45 7 432 11415 7282 29% 20 123169 5978 59%
c -  0.97 32 43 8 432 11880 4694 28% 20 122438 5978 59%
c i  0.97 32 43 8 432 11902 4710 28% 20 122438 5977 59%
c i  1.04 32 40 8 432 13018 5541 28% 19 122438 4918 48%
c i  1.04 32 40 8 432 13035 5548 28% 19 122438 4059 40%
c ]  1.04 32 40 8 432 13038 5549 28% 19 122438 3928 39%
c 0  1.04 32 40 8 432 13038 5549 28% 19 122438 3928 39%
c 
c --- [ closing proof ] ------------------------------------------------------
c 
c DRAT proof file '/tmp/conway99-six-profile-rank4_03_profile_0012-ZZPfhU/proof.drat' closed
c DRAT 116260 added clauses 41.97%
c DRAT 160721 deleted clauses 58.03%
c DRAT 9381081 bytes (8.95 MB)
c 
c --- [ result ] -------------------------------------------------------------
c 
s UNSATISFIABLE
c 
c --- [ run-time profiling ] -------------------------------------------------
c 
c process time taken by individual solving procedures
c (percentage relative to process time for solving)
c 
c         0.79   82.48% search
c         0.48   49.99% stable
c         0.31   32.31% unstable
c         0.17   17.42% simplify
c         0.08    8.45% parse
c         0.06    6.61% probe
c         0.03    3.41% elim
c         0.02    2.44% subsume
c         0.01    1.41% vivify
c         0.01    0.84% ternary
c         0.00    0.17% lucky
c   =================================
c         0.96   92.13% solve
c 
c last line shows process time for solving
c (percentage relative to total process time)
c 
c --- [ statistics ] ---------------------------------------------------------
c 
c chronological:              5027        38.56 %  of conflicts
c conflicts:                 13038     13649.44    per second
c decisions:                 36379     38085.06    per second
c eliminated:                 1198        11.80 %  of all variables
c fixed:                      4963        48.87 %  of all variables
c learned:                   12333        94.59 %  per conflict
c learned_lits:            1062735       100.00 %  learned literals
c minimized:                     0         0.00 %  learned literals
c shrunken:                 492798        46.37 %  learned literals
c minishrunken:             115395        10.86 %  learned literals
c otfs:                         64         0.49 %  of conflict
c propagations:            8912867         9.33 M  per second
c reduced:                    1837        14.09 %  per conflict
c rephased:                      4      3259.50    interval
c restarts:                    432        30.18    interval
c stabilizing:                   2        61.58 %  of conflicts
c substituted:                  67         0.66 %  of all variables
c subsumed:                   4611         1.96 %  of all clauses
c strengthened:                699         0.30 %  of all clauses
c ternary:                       8         0.13 %  of resolved
c trail reuses:                  0         0.00 %  of incremental calls
c vivified:                     21         0.01 %  of all clauses
c weakened:                   3714         2.32    average size
c 
c seconds are measured in process time for solving
c 
c --- [ resources ] ----------------------------------------------------------
c 
c total process time since initialization:         1.04    seconds
c total real time since initialization:            1.68    seconds
c maximum resident set size of process:           39.00    MB
c 
c --- [ shutting down ] ------------------------------------------------------
c 
c exit 20
