c --- [ banner ] -------------------------------------------------------------
c 
c CaDiCaL SAT Solver
c Copyright (c) 2016-2023 A. Biere, M. Fleury, N. Froleyks, K. Fazekas, F. Pollitt
c 
c Version 1.9.5 146207318796f094dcded87349a64f0c6927309e
c g++ (Ubuntu 13.3.0-6ubuntu2~24.04.1) 13.3.0 -Wall -Wextra -O3 -DNDEBUG
c Wed Sep 30 06:02:32 JST 2026 Linux ikutoPC 6.6.87.2-microsoft-standard-WSL2 x86_64
c 
c --- [ limit ] --------------------------------------------------------------
c 
c setting conflict limit to 5000000 conflicts (due to '5000000')
c 
c --- [ proof tracing ] ------------------------------------------------------
c 
c opening file to write '/tmp/conway99-variable-core-m1-orbits-dRMviT/proof.drat'
c writing non-binary proof trace to '/tmp/conway99-variable-core-m1-orbits-dRMviT/proof.drat'
c 
c --- [ parsing input ] ------------------------------------------------------
c 
c reading DIMACS file from '/mnt/c/Users/ikuto/projects/conway-99-graph/acceleration/results/20260930_variable_core_m1_orbits/instance.cnf'
c opening file to read '/mnt/c/Users/ikuto/projects/conway-99-graph/acceleration/results/20260930_variable_core_m1_orbits/instance.cnf'
c found 'p cnf 110915 518227' header
c parsed 518227 clauses in 0.29 seconds process time
c 
c --- [ options ] ------------------------------------------------------------
c 
c   --binary=false                 (different from default 'true')
c 
c --- [ solving ] ------------------------------------------------------------
c 
c time measured in process time since initialization
c 
c  seconds  reductions  redundant  irredundant
c         MB    restarts       trail       variables
c          level   conflicts       glue         remaining
c 
c *  0.29 75  0 0   0    0    0  0% 0 515035 82835 75%
c {  0.30 77  0 0   0    0    0  0% 0 515035 82835 75%
c -  0.44 82 99 1  50  303  284 42% 10 433987 82835 75%
c i  0.73 82 106 1 213  995  948 44% 14 433987 82808 75%
c i  0.73 82 106 1 213  996  948 44% 13 433987 82585 74%
c }  0.73 82 106 1 214 1000  952 44% 13 433987 82584 74%
c [  0.73 82  0 1 214 1000  952  0% 0 433987 82584 74%
c O  0.73 82 97 1 214 1003  955 48% 5 433987 82584 74%
c -  0.86 100 95 2 214 1287 1138 55% 44 430389 82584 74%
c -  1.22 104 119 3 215 2757 1973 57% 44 430389 82584 74%
c ]  1.28 104 121 3 215 3001 2209 57% 44 430389 82584 74%
c {  1.28 104 106 3 215 3001 2209 44% 13 430389 82584 74%
c F  1.37 91 106 3 217 3005 2213  5% 13 430389 82584 74%
c i  1.38 91 105 3 218 3020 2217  3% 13 430389 82558 74%
c i  1.38 91 104 3 218 3021 2217  3% 13 430389 82531 74%
c i  1.42 91 107 3 233 3182 2367 30% 14 430389 82518 74%
c i  1.62 91 112 3 359 3869 3004 28% 15 430389 82290 74%
c i  1.64 91 112 3 371 3934 3068 28% 15 430389 82155 74%
c i  1.72 91 112 3 417 4242 3359 28% 15 430389 82127 74%
c i  1.72 91 112 3 417 4243 3359 28% 15 430389 81979 74%
c 
c  seconds   reductions  redundant   irredundant
c         MB     restarts       trail        variables
c           level   conflicts       glue          remaining
c 
c i  1.73 91 112 3 421 4302 3416 28% 15 430389 81897 74%
c i  1.81 91 112 3 479 4609 3713 28% 15 430389 81842 74%
c -  1.88 93 112 4 485 4720 2603 28% 15 419617 81842 74%
c i  1.92 93 113 4 516 4855 2734 28% 16 419617 81730 74%
c d  1.98 97 113 4 530 5000 2862 28% 16 412021 79164 71%
c d  1.99 97 113 4 530 5000 2862 28% 16 411509 78956 71%
c 2  2.08 97 113 4 530 5000 3013 28% 16 411508 78881 71%
c p  2.14 98 113 4 530 5000 66081 28% 16 411508 78796 71%
c d  2.17 98 113 4 530 5000 65970 28% 16 409984 78795 71%
c d  2.19 98 113 4 530 5000 65970 28% 16 409554 78616 71%
c s  2.35 108 114 4 558 5275 66218 28% 16 405584 78616 71%
c v  2.45 108 114 4 558 5275 66218 28% 16 405580 78616 71%
c w  2.47 108 114 4 558 5275 66218 28% 16 405580 78616 71%
c t  2.50 108 114 4 558 5275 66218 28% 16 405533 78598 71%
c e  2.70 110 114 4 558 5275 4764 28% 16 342340 36626 33%
c s  2.83 110 114 4 558 5275 4576 28% 16 337834 36626 33%
c e  2.88 110 114 4 558 5275 3150 28% 16 337566 36436 33%
c i  2.97 110 122 4 601 5618 3478 27% 16 337566 36417 33%
c #  3.03 110 121 4 661 6006 3854 25% 16 337566 36413 33%
c }  3.16 110 118 4 779 7001 4807 22% 17 337566 36413 33%
c 
c  seconds    reductions  redundant   irredundant
c          MB     restarts       trail        variables
c            level   conflicts       glue          remaining
c 
c [  3.16 110 121 4 779 7001 4807 76% 44 337566 36413 33%
c -  3.25 120 123 5 780 7156 2053 72% 43 337082 36413 33%
c -  3.59 120 124 6 781 9907 3593 36% 41 337082 36413 33%
c I  3.60 120 124 6 781 10008 3689 36% 41 337082 36413 33%
c -  3.87 122 146 7 783 13118 4334 43% 42 337082 36413 33%
c 2  4.15 122 137 7 784 15000 9718 43% 41 336981 36413 33%
c p  4.22 122 137 7 784 15000 48732 43% 41 336981 36378 33%
c ]  4.24 122 137 7 784 15002 48734 43% 41 336981 36378 33%
c {  4.24 122 118 7 784 15002 48734 50% 17 336981 36378 33%
c B  4.24 122 118 7 786 15011 48741 50% 17 336981 36378 33%
c -  4.49 122 117 8 1007 16786 5336 43% 17 336067 36378 33%
c s  4.68 122 117 8 1166 18122 6613 40% 17 335341 36378 33%
c v  4.78 122 117 8 1166 18122 6613 40% 17 335026 36378 33%
c w  4.79 122 117 8 1166 18122 6613 40% 17 335026 36378 33%
c t  4.81 122 117 8 1166 18122 6613 40% 17 334427 36362 33%
c e  4.84 122 117 8 1166 18122 6239 40% 17 334155 35946 32%
c s  4.85 122 117 8 1166 18122 6236 40% 17 333313 35946 32%
c e  4.88 122 117 8 1166 18122 6216 40% 17 333235 35851 32%
c -  5.22 122 116 9 1461 20907 5859 36% 18 333235 35851 32%
c W  5.30 122 116 9 1474 21016 5958 36% 18 333235 35851 32%
c 
c  seconds    reductions    redundant   irredundant
c          MB     restarts         trail        variables
c            level     conflicts       glue          remaining
c 
c i  5.50 122 116 9 1696 22775 7626 34% 18 333235 35850 32%
c -  5.85 122 116 10 2013 25475 6884 33% 19 333089 35850 32%
c F  6.12 122 116 10 2269 28017 9304 32% 19 333089 35850 32%
c 3  6.37 122 116 10 2470 30001 13046 31% 19 333089 35850 32%
c 2  6.41 122 116 10 2470 30001 13760 31% 19 333088 35850 32%
c p  6.50 122 116 10 2470 30001 62988 31% 19 333088 35662 32%
c d  6.52 122 116 10 2470 30001 61998 31% 19 331687 35607 32%
c d  6.53 122 116 10 2470 30001 61998 31% 19 331675 35603 32%
c -  6.63 122 116 11 2512 30499 10706 31% 19 331675 35603 32%
c }  6.69 122 116 11 2570 31003 11183 31% 19 331675 35603 32%
c [  6.69 122 137 11 2570 31003 11183 43% 41 331675 35603 32%
c -  7.17 122 152 12 2573 35973 11383 44% 44 331675 35603 32%
c B  7.18 122 152 12 2573 36018 11427 44% 44 331675 35603 32%
c s  7.41 122 147 12 2573 37423 12705 46% 44 330766 35603 32%
c v  7.53 122 147 12 2573 37423 12705 46% 44 330658 35603 32%
c w  7.55 122 147 12 2573 37423 12705 46% 44 330658 35603 32%
c t  7.57 122 147 12 2573 37423 11988 46% 44 330002 35562 32%
c e  7.61 122 147 12 2573 37423 10613 46% 44 329025 34955 32%
c s  7.63 122 147 12 2573 37423 10586 46% 44 328767 34955 32%
c e  7.65 122 147 12 2573 37423 10570 46% 44 328743 34911 31%
c 
c  seconds    reductions      redundant   irredundant
c          MB      restarts          trail        variables
c            level      conflicts        glue          remaining
c 
c -  8.10 122 134 13 2577 41903 10401 46% 43 328743 34911 31%
c W  8.48 122 129 13 2577 45019 13418 47% 43 328743 34911 31%
c -  8.79 122 121 14 2578 48273 11594 45% 42 328743 34911 31%
c p  9.11 122 119 14 2578 50001 48990 45% 42 328743 34583 31%
c d  9.13 122 119 14 2578 50001 46033 45% 42 326539 34566 31%
c d  9.14 122 119 14 2578 50001 46033 45% 42 326524 34561 31%
c O  9.63 122 115 14 2579 55024 50894 47% 43 326524 34561 31%
c -  9.69 122 115 15 2579 55098 13019 47% 43 326524 34561 31%
c - 10.45 122 112 16 2584 62366 13346 46% 43 326524 34561 31%
c ] 10.53 122 112 16 2585 63003 13952 46% 43 326524 34561 31%
c { 10.53 122 116 16 2585 63003 13952 31% 19 326524 34561 31%
c s 10.65 122 116 16 2620 63305 14194 31% 19 325876 34561 31%
c w 10.77 122 116 16 2620 63305 14194 31% 19 325874 34561 31%
c t 10.77 122 116 16 2620 63305 14083 31% 19 325760 34537 31%
c e 10.80 122 116 16 2620 63305 14054 31% 19 325324 34081 31%
c s 10.84 122 116 16 2620 63305 14043 31% 19 325199 34081 31%
c e 10.86 122 116 16 2620 63305 13922 31% 19 325199 34076 31%
c B 11.15 122 116 16 2883 66026 16502 31% 19 325199 34076 31%
c - 11.62 122 117 17 3301 70087 13995 30% 19 325199 34076 31%
c 3 12.21 122 117 17 3795 75002 20679 30% 20 325199 34076 31%
c 
c  seconds    reductions      redundant   irredundant
c          MB      restarts          trail        variables
c            level      conflicts        glue          remaining
c 
c 3 12.22 122 117 17 3795 75002 21451 30% 20 325199 34076 31%
c p 12.35 122 117 17 3795 75002 41620 30% 20 325199 33959 31%
c W 12.90 122 117 17 4137 78028 43770 30% 20 324337 33959 31%
c - 12.96 122 117 18 4156 78252 15659 30% 20 324337 33959 31%
c - 13.95 122 118 19 4999 86865 16664 29% 20 324337 33959 31%
c # 14.40 122 118 19 5391 91029 20623 29% 20 324337 33959 31%
c s 14.99 122 119 19 5828 95853 25175 29% 21 324256 33959 31%
c v 15.15 122 119 19 5828 95853 25175 29% 21 324255 33959 31%
c w 15.18 122 119 19 5828 95853 25175 29% 21 324255 33959 31%
c t 15.18 122 119 19 5828 95853 25174 29% 21 324181 33950 31%
c e 15.21 122 119 19 5828 95853 25171 29% 21 324050 33850 31%
c s 15.23 122 119 19 5828 95853 25072 29% 21 324028 33850 31%
c e 15.25 122 119 19 5828 95853 25072 29% 21 324028 33849 31%
c - 15.31 122 119 20 5834 95930 17619 29% 21 324028 33849 31%
c 3 16.39 122 119 20 6709 105003 27539 29% 21 324028 33849 31%
c 3 16.40 122 119 20 6709 105003 28455 29% 21 324028 33849 31%
c p 16.53 122 119 20 6709 105003 49993 29% 21 324028 33745 30%
c B 16.56 122 119 20 6716 105031 50020 29% 21 324028 33745 30%
c - 16.66 122 119 21 6769 105446 18977 29% 21 323352 33745 30%
c - 17.78 122 120 22 7636 115413 19988 29% 21 323352 33745 30%
c 
c  seconds    reductions       redundant   irredundant
c          MB      restarts           trail        variables
c            level      conflicts         glue          remaining
c 
c W 18.52 122 120 22 8013 120033 24378 29% 21 323352 33745 30%
c i 18.97 122 120 22 8344 124005 28162 29% 21 323352 33744 30%
c i 18.97 122 120 22 8344 124006 28162 29% 21 323352 33743 30%
c - 19.21 122 120 23 8491 125829 21009 29% 21 323339 33743 30%
c } 19.35 122 120 23 8597 127003 22131 29% 21 323339 33743 30%
c [ 19.35 122 112 23 8597 127003 22131 46% 43 323339 33743 30%
c s 20.23 122 111 23 8601 134961 29809 45% 42 323202 33743 30%
c v 20.36 122 111 23 8601 134961 29809 45% 42 323155 33743 30%
c w 20.39 122 111 23 8601 134961 29808 45% 42 323155 33743 30%
c t 20.39 122 111 23 8601 134961 29808 45% 42 323145 33740 30%
c e 20.41 122 111 23 8601 134961 29762 45% 42 323003 33589 30%
c s 20.43 122 111 23 8601 134961 29734 45% 42 322960 33589 30%
c B 20.58 122 111 23 8602 136035 30761 46% 43 322960 33589 30%
c - 20.71 139 111 24 8602 136700 21695 46% 43 322960 33589 30%
c 3 21.14 139 108 24 8604 140003 26366 45% 42 322960 33589 30%
c 3 21.16 139 108 24 8604 140003 27209 45% 42 322960 33589 30%
c p 21.28 139 108 24 8604 140003 48232 45% 42 322960 33479 30%
c - 22.25 122 107 25 8605 148022 22410 45% 43 322190 33479 30%
c W 23.01 122 107 25 8606 153036 27237 46% 44 322190 33479 30%
c - 23.98 139 104 26 8606 159785 22494 45% 44 322190 33479 30%
c 
c  seconds    reductions       redundant   irredundant
c          MB      restarts           trail        variables
c            level      conflicts         glue          remaining
c 
c I 25.63 139 100 26 8609 171037 33325 43% 44 322190 33479 30%
c - 25.80 122 101 27 8609 172000 23764 43% 45 322190 33479 30%
c d 26.63 122 107 27 8613 180004 31436 44% 47 322184 33477 30%
c 3 26.65 122 107 27 8613 180004 32496 44% 47 322181 33477 30%
c 3 26.66 122 107 27 8613 180004 33239 44% 47 322181 33477 30%
c 2 26.70 122 107 27 8613 180004 33239 44% 47 322181 33470 30%
c p 26.80 122 107 27 8613 180004 59361 44% 47 322181 33362 30%
c d 26.82 122 107 27 8613 180004 58613 44% 47 321470 33360 30%
c s 26.97 122 107 27 8614 180676 57580 44% 46 321287 33360 30%
c v 27.11 122 107 27 8614 180676 57580 44% 46 321173 33360 30%
c w 27.14 122 107 27 8614 180676 57571 44% 46 321173 33360 30%
c t 27.14 122 107 27 8614 180676 57552 44% 46 321154 33354 30%
c e 27.18 122 107 27 8614 180676 52394 44% 46 320700 32955 30%
c s 27.26 122 107 27 8614 180676 52252 44% 46 320430 32955 30%
c e 27.28 122 107 27 8614 180676 51917 44% 46 320403 32939 30%
c - 27.79 141 107 28 8616 184669 23484 44% 46 320403 32939 30%
c B 28.39 141 106 28 8620 190040 28620 43% 46 320403 32939 30%
c - 29.23 122 111 29 8621 197768 24204 43% 47 320403 32939 30%
c W 31.08 122 107 29 8628 210041 35719 42% 47 320403 32939 30%
c - 31.27 125 106 30 8628 211319 25274 42% 47 320403 32939 30%
c 
c  seconds    reductions       redundant   irredundant
c          MB      restarts           trail        variables
c            level      conflicts         glue          remaining
c 
c d 32.71 125 107 30 8635 225005 38314 43% 48 320398 32937 30%
c 3 32.78 125 107 30 8635 225005 41326 43% 48 320398 32937 30%
c 2 32.81 125 107 30 8635 225005 41326 43% 48 320397 32937 30%
c p 32.92 125 107 30 8635 225005 60826 43% 48 320397 32889 30%
c d 32.95 125 107 30 8635 225005 60477 43% 48 320047 32888 30%
c - 33.06 125 106 31 8635 225325 26433 43% 48 320047 32888 30%
c O 33.78 125 105 31 8636 231043 31772 42% 48 320047 32888 30%
c s 34.05 125 104 31 8636 233191 33819 42% 48 319933 32888 30%
c v 34.15 125 104 31 8636 233191 33819 42% 48 319879 32888 30%
c w 34.18 125 104 31 8636 233191 33819 42% 48 319879 32888 30%
c t 34.18 125 104 31 8636 233191 33809 42% 48 319848 32875 30%
c e 34.21 125 104 31 8636 233191 33724 42% 48 319718 32804 30%
c s 34.22 125 104 31 8636 233191 33719 42% 48 319682 32804 30%
c e 34.24 125 104 31 8636 233191 33719 42% 48 319678 32802 30%
c - 35.03 125 103 32 8637 239775 26788 43% 47 319678 32802 30%
c B 36.56 125 101 32 8638 253045 39467 42% 46 319678 32802 30%
c - 36.86 125 103 33 8638 254675 27222 42% 47 319678 32802 30%
c ] 36.91 125 103 33 8638 255006 27542 42% 47 319678 32802 30%
c { 36.91 125 120 33 8638 255006 27542 29% 21 319678 32802 30%
c - 38.56 125 121 34 9857 270023 28158 29% 22 319678 32802 30%
c 
c  seconds    reductions        redundant   irredundant
c          MB       restarts           trail        variables
c            level       conflicts         glue          remaining
c 
c d 39.15 125 121 34 10291 275007 32933 29% 22 319676 32801 30%
c 3 39.20 125 121 34 10291 275007 35052 29% 22 319676 32801 30%
c 2 39.23 125 121 34 10291 275007 35052 29% 22 319675 32801 30%
c p 39.33 125 121 34 10291 275007 59618 29% 22 319675 32732 30%
c d 39.35 125 121 34 10291 275007 58876 29% 22 319177 32730 30%
c F 39.55 125 121 34 10371 276046 59876 31% 22 319177 32730 30%
c - 40.70 125 121 35 11127 285822 30487 29% 22 319177 32730 30%
c s 41.51 125 121 35 11699 292317 36661 29% 22 319056 32730 30%
c v 41.63 125 121 35 11699 292317 36661 29% 22 318583 32730 30%
c w 41.66 125 121 35 11699 292317 36655 29% 22 318583 32730 30%
c t 41.67 125 121 35 11699 292317 36645 29% 22 318569 32724 30%
c e 41.69 125 121 35 11699 292317 36626 29% 22 318329 32584 29%
c s 41.73 125 121 35 11699 292317 36614 29% 22 318288 32584 29%
c e 41.74 125 121 35 11699 292317 36611 29% 22 318288 32583 29%
c B 42.70 125 121 35 12331 300049 43995 29% 22 318288 32583 29%
c - 42.99 125 121 36 12500 302065 31988 29% 22 318288 32583 29%
c - 44.76 125 122 37 13652 318746 33597 28% 22 318288 32583 29%
c W 46.02 125 122 37 14209 325052 39631 28% 23 318288 32583 29%
c 3 46.67 125 122 37 14580 330007 45962 28% 23 318288 32583 29%
c p 46.83 125 122 37 14580 330007 62683 28% 23 318288 32568 29%
c 
c  seconds    reductions        redundant   irredundant
c          MB       restarts           trail        variables
c            level       conflicts         glue          remaining
c 
c - 47.66 125 122 38 15057 335882 35266 28% 23 318183 32568 29%
c # 49.43 125 122 38 16232 351053 49752 28% 23 318183 32568 29%
c - 49.77 125 123 39 16427 353463 36672 28% 23 318183 32568 29%
c s 50.33 125 123 39 16782 358080 41000 28% 23 318142 32568 29%
c v 50.49 125 123 39 16782 358080 41000 28% 23 316773 32568 29%
c w 50.52 125 123 39 16782 358080 40999 28% 23 316773 32568 29%
c t 50.52 125 123 39 16782 358080 40999 28% 23 316769 32568 29%
c e 50.55 125 123 39 16782 358080 40997 28% 23 316728 32540 29%
c s 50.56 125 123 39 16782 358080 40975 28% 23 316724 32540 29%
c - 52.21 125 123 40 17800 371495 38107 28% 23 316724 32540 29%
c B 52.93 125 123 40 18276 378055 44339 28% 23 316724 32540 29%
c - 54.50 125 123 41 19205 389953 39635 29% 23 316724 32540 29%
c p 54.71 125 123 41 19212 390007 65698 29% 23 316724 32497 29%
c W 57.36 125 123 41 20362 406056 80664 29% 24 316465 32497 29%
c - 57.82 125 123 42 20563 408862 41814 29% 24 316465 32497 29%
c - 60.27 125 123 43 21877 428217 42942 29% 24 316465 32497 29%
c s 60.58 125 123 43 22030 430306 44877 29% 24 316396 32497 29%
c v 60.75 125 123 43 22030 430306 44877 29% 24 314887 32497 29%
c w 60.78 125 123 43 22030 430306 44875 29% 24 314887 32497 29%
c t 60.79 125 123 43 22030 430306 44875 29% 24 314886 32497 29%
c 
c  seconds    reductions        redundant   irredundant
c          MB       restarts           trail        variables
c            level       conflicts         glue          remaining
c 
c e 60.81 125 123 43 22030 430306 44866 29% 24 314803 32429 29%
c s 60.82 125 123 43 22030 430306 44852 29% 24 314783 32429 29%
c F 61.45 125 123 43 22382 435058 49427 29% 24 314783 32429 29%
c - 63.25 125 123 44 23297 448025 44324 29% 24 314783 32429 29%
c 3 64.20 125 123 44 23734 455009 52967 29% 24 314783 32429 29%
c p 64.41 125 123 44 23734 455009 76735 29% 24 314783 32399 29%
c B 65.84 125 123 44 24413 465060 86375 29% 24 314783 32399 29%
c - 66.37 125 123 45 24677 468250 46451 29% 24 314560 32399 29%
c - 69.34 125 123 46 26135 488918 47530 29% 24 314560 32399 29%
c W 70.97 125 123 46 26577 496062 54332 29% 25 314560 32399 29%
c s 72.88 125 123 46 27481 509003 66605 29% 25 314541 32399 29%
c v 73.10 125 123 46 27481 509003 66605 29% 25 312927 32399 29%
c w 73.14 125 123 46 27481 509003 66604 29% 25 312927 32399 29%
c e 73.18 125 123 46 27481 509003 66598 29% 25 312873 32357 29%
c s 73.20 125 123 46 27481 509003 66583 29% 25 312869 32357 29%
c - 73.46 125 123 47 27559 510036 48844 29% 25 312869 32357 29%
c } 73.59 125 123 47 27607 511006 49769 29% 25 312869 32357 29%
c [ 73.59 125 103 47 27607 511006 49769 47% 47 312869 32357 29%
c 3 75.15 125 109 47 27607 525010 65456 47% 48 312869 32357 29%
c p 75.36 125 109 47 27607 525010 88713 47% 48 312869 32354 29%
c 
c  seconds    reductions        redundant   irredundant
c          MB       restarts           trail        variables
c            level       conflicts         glue          remaining
c 
c W 76.46 153 111 47 27607 528063 91513 47% 48 312841 32354 29%
c - 76.93 125 109 48 27607 531569 49249 46% 48 312841 32354 29%
c - 79.49 130 106 49 27615 553554 47226 47% 47 312841 32354 29%
c I 80.56 130 105 49 27620 561064 54033 47% 48 312841 32354 29%
c - 82.22 130 114 50 27624 575983 47561 47% 50 312841 32354 29%
c s 84.52 130 114 50 27635 594112 64777 46% 52 312828 32354 29%
c v 84.66 130 114 50 27635 594112 64777 46% 52 311576 32354 29%
c w 84.70 130 114 50 27635 594112 64777 46% 52 311576 32354 29%
c e 84.73 130 114 50 27635 594112 64777 46% 52 311576 32349 29%
c s 84.74 130 114 50 27635 594112 64765 46% 52 311575 32349 29%
c B 84.94 130 114 50 27636 595068 65589 46% 52 311575 32349 29%
c - 85.48 130 120 51 27636 598861 47262 46% 53 311575 32349 29%
c 3 85.66 130 121 51 27637 600010 49210 46% 53 311575 32349 29%
c p 85.81 130 121 51 27637 600010 73200 46% 53 311575 32347 29%
c - 88.47 130 131 52 27638 622162 48172 45% 56 311559 32347 29%
c W 90.10 130 133 52 27643 630074 55730 45% 57 311559 32347 29%
c - 92.29 130 128 53 27652 645909 48821 44% 57 311559 32347 29%
c O 95.40 130 122 53 27660 666075 67392 43% 57 311559 32347 29%
c - 95.95 130 120 54 27661 670104 50891 43% 57 311559 32347 29%
c 3 97.19 130 117 54 27667 680010 61465 43% 56 311558 32347 29%
c 
c  seconds    reductions        redundant   irredundant
c          MB       restarts           trail        variables
c            level       conflicts         glue          remaining
c 
c p 97.37 130 117 54 27667 680010 74642 43% 56 311558 32345 29%
c s 98.15 130 115 54 27668 685613 79510 43% 55 311539 32345 29%
c v 98.32 130 115 54 27668 685613 79510 43% 55 309515 32345 29%
c w 98.36 130 115 54 27668 685613 79505 43% 55 309515 32345 29%
c e 98.40 130 115 54 27668 685613 79371 43% 55 309487 32330 29%
c s 98.43 130 115 54 27668 685613 79300 43% 55 309463 32330 29%
c e 98.45 130 115 54 27668 685613 79212 43% 55 309463 32326 29%
c - 99.76 131 113 55 27669 694748 50688 43% 55 309463 32326 29%
c B 100.91 131 110 55 27669 703076 58580 42% 55 309463 32326 29%
c - 103.10 131 107 56 27670 719790 52138 42% 54 309463 32326 29%
c W 106.59 131 102 56 27671 741078 71986 42% 54 309463 32326 29%
c - 107.20 131 102 57 27671 745280 53864 42% 54 309463 32326 29%
c p 110.33 131 98 57 27671 765010 98202 42% 54 309463 32313 29%
c - 111.39 131 97 58 27671 771218 56006 42% 54 309366 32313 29%
c I 112.72 131 96 58 27671 780081 64491 42% 54 309366 32313 29%
c s 113.19 131 102 58 27671 783385 67549 41% 55 309341 32313 29%
c v 113.34 131 102 58 27671 783385 67549 41% 55 307853 32313 29%
c w 113.38 131 102 58 27671 783385 67549 41% 55 307853 32313 29%
c t 113.38 131 102 58 27671 783385 67549 41% 55 307853 32311 29%
c e 113.41 131 102 58 27671 783385 67545 41% 55 307833 32298 29%
c 
c  seconds     reductions        redundant   irredundant
c           MB       restarts           trail        variables
c             level       conflicts         glue          remaining
c 
c s 113.42 131 102 58 27671 783385 67529 41% 55 307819 32298 29%
c - 115.07 133 111 59 27671 797599 56555 41% 56 307819 32298 29%
c B 117.79 133 117 59 27679 820082 78324 41% 57 307819 32298 29%
c - 118.38 133 116 60 27683 824389 56262 41% 56 307819 32298 29%
c - 121.95 133 113 61 27693 851624 55271 41% 55 307819 32298 29%
c 3 122.42 133 113 61 27696 855010 59728 41% 55 307819 32298 29%
c 3 122.43 133 113 61 27696 855010 60439 41% 55 307819 32298 29%
c p 122.60 133 113 61 27696 855010 83516 41% 55 307819 32292 29%
c W 124.05 165 112 61 27700 861083 89294 41% 54 307747 32292 29%
c - 126.30 133 107 62 27702 879306 56681 41% 53 307747 32292 29%
c s 127.29 133 105 62 27702 887471 64550 41% 52 307740 32292 29%
c v 127.45 133 105 62 27702 887471 64550 41% 52 306370 32292 29%
c w 127.48 133 105 62 27702 887471 64549 41% 52 306370 32292 29%
c e 127.51 133 105 62 27702 887471 64548 41% 52 306367 32288 29%
c s 127.53 133 105 62 27702 887471 64526 41% 52 306366 32288 29%
c O 129.56 133 103 62 27710 903084 79429 41% 51 306366 32288 29%
c - 130.24 133 104 63 27713 907433 57573 40% 51 306366 32288 29%
c - 134.13 133 103 64 27725 935971 57115 40% 52 306366 32288 29%
c B 135.45 133 104 64 27731 946085 66908 41% 52 306366 32288 29%
c 3 135.94 133 107 64 27732 950010 71801 41% 53 306366 32288 29%
c 
c  seconds     reductions        redundant   irredundant
c           MB       restarts           trail        variables
c             level       conflicts         glue          remaining
c 
c 3 135.95 133 107 64 27732 950010 72473 41% 53 306366 32288 29%
c p 136.15 133 107 64 27732 950010 95552 41% 53 306366 32282 29%
c - 138.18 135 109 65 27733 964954 59019 41% 54 306325 32282 29%
c W 141.99 135 114 65 27734 990087 83194 41% 56 306325 32282 29%
c - 142.66 164 113 66 27734 994383 60057 41% 56 306325 32282 29%
c s 143.15 164 113 66 27734 997842 63323 41% 56 306319 32282 29%
c v 143.31 164 113 66 27734 997842 63323 41% 56 304798 32282 29%
c w 143.35 164 113 66 27734 997842 63321 41% 56 304798 32282 29%
c e 143.37 164 113 66 27734 997842 63321 41% 56 304790 32274 29%
c s 143.38 164 113 66 27734 997842 63306 41% 56 304787 32274 29%
c ] 146.93 164 113 66 27745 1023006 86802 41% 57 304787 32274 29%
c { 146.93 164 123 66 27745 1023006 86802 29% 25 304787 32274 29%
c - 147.21 164 123 67 27816 1024258 60524 29% 25 304787 32274 29%
c # 148.56 164 123 67 28618 1035088 70930 29% 25 304787 32274 29%
c p 150.47 164 123 67 29454 1050010 109807 29% 25 304787 32274 29%
c - 151.15 164 123 68 29703 1054534 61707 29% 25 304787 32274 29%
c B 154.68 164 123 68 31353 1081089 87117 29% 25 304787 32274 29%
c - 155.35 164 123 69 31589 1085252 64894 29% 25 304787 32274 29%
c s 159.57 164 123 69 33416 1114459 92824 29% 25 304779 32274 29%
c v 159.78 164 123 69 33416 1114459 92824 29% 25 302797 32274 29%
c 
c  seconds     reductions         redundant   irredundant
c           MB       restarts            trail        variables
c             level        conflicts         glue          remaining
c 
c w 159.85 164 123 69 33416 1114459 92821 29% 25 302797 32274 29%
c t 159.85 164 123 69 33416 1114459 92821 29% 25 302796 32274 29%
c e 159.88 164 123 69 33416 1114459 92706 29% 25 302796 32272 29%
c s 159.94 164 123 69 33416 1114459 92694 29% 25 302793 32272 29%
c - 160.36 164 123 70 33547 1116416 67673 29% 25 302793 32272 29%
c W 162.65 164 123 70 34216 1128092 78836 29% 25 302793 32272 29%
c - 165.63 164 123 71 35433 1147967 70161 30% 26 302793 32272 29%
c p 166.90 164 123 71 35805 1155011 102609 30% 26 302793 32268 29%
c F 170.11 164 123 71 37068 1176096 122794 30% 26 302793 32268 29%
c - 170.79 164 123 72 37283 1179959 73066 30% 26 302762 32268 29%
c - 175.68 164 122 73 39249 1212397 74928 30% 26 302762 32268 29%
c B 177.57 164 123 73 40025 1225098 87098 30% 26 302762 32268 29%
c s 179.50 164 123 73 40753 1237200 98610 30% 26 302751 32268 29%
c v 179.73 164 123 73 40753 1237200 98610 30% 26 300311 32268 29%
c w 179.80 164 123 73 40753 1237200 98609 30% 26 300311 32268 29%
c e 179.84 164 123 73 40753 1237200 98609 30% 26 300302 32260 29%
c s 179.87 164 123 73 40753 1237200 98589 30% 26 300298 32260 29%
c e 179.89 164 123 73 40753 1237200 98589 30% 26 300297 32259 29%
c - 181.31 164 123 74 41274 1245277 76824 30% 26 300297 32259 29%
c 3 184.23 164 123 74 42429 1265011 97548 30% 26 300297 32259 29%
c 
c  seconds     reductions         redundant    irredundant
c           MB       restarts             trail        variables
c             level        conflicts          glue          remaining
c 
c p 184.49 164 123 74 42429 1265011 121734 30% 26 300297 32255 29%
c W 186.87 164 123 74 43024 1275099 131404 30% 26 300268 32255 29%
c - 187.46 164 123 75 43203 1278521 79239 30% 26 300268 32255 29%
c - 192.77 164 124 76 45178 1312209 80949 30% 27 300268 32255 29%
c # 194.72 164 124 76 45887 1326100 94244 30% 27 300268 32255 29%
c - 197.93 164 124 77 47006 1346339 82768 30% 27 300268 32255 29%
c s 200.92 164 124 77 48088 1365945 101475 30% 27 300260 32255 29%
c v 201.18 164 124 77 48088 1365945 101475 30% 27 294656 32255 29%
c w 201.27 164 124 77 48088 1365945 101474 30% 27 294656 32255 29%
c t 201.28 164 124 77 48088 1365945 101473 30% 27 294656 32255 29%
c e 201.31 164 124 77 48088 1365945 101473 30% 27 294654 32253 29%
c s 201.34 164 124 77 48088 1365945 101460 30% 27 294654 32253 29%
c B 203.28 164 124 77 48748 1378103 113143 30% 27 294654 32253 29%
c 3 203.64 164 124 77 48860 1380013 116638 30% 27 294654 32253 29%
c 3 203.66 164 124 77 48860 1380013 117531 30% 27 294654 32253 29%
c p 204.00 164 124 77 48860 1380013 141816 30% 27 294654 32245 29%
c - 204.26 164 124 78 48892 1380915 84817 30% 27 294606 32245 29%
c - 210.03 164 124 79 50992 1415737 86573 30% 27 294606 32245 29%
c W 212.97 164 124 79 51840 1431104 101334 30% 27 294606 32245 29%
c - 216.21 164 123 80 52966 1450998 88482 30% 27 294606 32245 29%
c 
c  seconds     reductions         redundant    irredundant
c           MB       restarts             trail        variables
c             level        conflicts          glue          remaining
c 
c F 221.47 164 123 80 54779 1485106 121195 30% 27 294606 32245 29%
c - 221.79 164 123 81 54857 1486703 90362 30% 27 294606 32245 29%
c s 223.87 164 123 81 55545 1499990 102958 30% 27 294601 32245 29%
c v 224.17 164 123 81 55545 1499990 102958 30% 27 293920 32245 29%
c w 224.25 164 123 81 55545 1499990 102958 30% 27 293920 32245 29%
c e 224.28 164 123 81 55545 1499990 102957 30% 27 293900 32217 29%
c s 224.31 164 123 81 55545 1499990 102943 30% 27 293887 32217 29%
c 3 224.39 164 123 81 55546 1500013 104946 30% 27 293887 32217 29%
c 3 224.41 164 123 81 55546 1500013 105859 30% 27 293887 32217 29%
c p 224.63 164 123 81 55546 1500013 129816 30% 27 293887 32214 29%
c - 228.65 164 124 82 56892 1522846 93016 30% 28 293867 32214 29%
c B 231.22 164 124 82 57770 1540111 109592 31% 28 293867 32214 29%
c - 234.49 164 123 83 58835 1559402 94449 31% 28 293867 32214 29%
c W 240.84 164 124 83 60698 1596112 129733 31% 28 293867 32214 29%
c - 240.97 164 124 84 60721 1596399 96159 31% 28 293867 32214 29%
c 3 245.53 164 124 84 62221 1625014 125524 31% 28 293867 32214 29%
c 3 245.55 164 124 84 62221 1625014 126602 31% 28 293867 32214 29%
c p 245.92 164 124 84 62221 1625014 150927 31% 28 293867 32207 29%
c - 247.62 164 124 85 62720 1633836 98532 31% 28 293821 32207 29%
c s 248.69 164 124 85 63076 1640325 104603 31% 28 293779 32207 29%
c 
c  seconds     reductions         redundant    irredundant
c           MB       restarts             trail        variables
c             level        conflicts          glue          remaining
c 
c v 248.94 164 124 85 63076 1640325 104603 31% 28 293513 32207 29%
c w 249.02 164 124 85 63076 1640325 104602 31% 28 293513 32207 29%
c t 249.02 164 124 85 63076 1640325 104601 31% 28 293513 32207 29%
c e 249.05 164 124 85 63076 1640325 104543 31% 28 293455 32175 29%
c s 249.08 164 124 85 63076 1640325 104529 31% 28 293447 32175 29%
c # 251.09 164 124 85 63736 1653115 116843 31% 28 293447 32175 29%
c - 254.33 164 123 86 64730 1671714 99925 31% 28 293447 32175 29%
c - 260.26 164 124 87 66562 1710021 101643 31% 28 293447 32175 29%
c B 260.42 164 124 87 66609 1711118 102694 31% 28 293447 32175 29%
c - 266.47 164 124 88 68573 1748763 103469 31% 28 293447 32175 29%
c 3 267.49 164 124 88 68878 1755015 112691 31% 28 293447 32175 29%
c p 267.87 164 124 88 68878 1755015 136840 31% 28 293447 32168 29%
c W 271.06 164 124 88 69690 1770119 151336 31% 28 293412 32168 29%
c s 274.01 164 124 88 70565 1787025 167112 31% 29 293395 32168 29%
c v 274.25 164 124 88 70565 1787025 167112 31% 29 293070 32168 29%
c w 274.35 164 124 88 70565 1787025 167107 31% 29 293070 32168 29%
c t 274.36 164 124 88 70565 1787025 167106 31% 29 293065 32168 29%
c e 274.39 164 124 88 70565 1787025 164718 31% 29 292959 32097 29%
c s 274.44 164 124 88 70565 1787025 164635 31% 29 292940 32097 29%
c e 274.46 164 124 88 70565 1787025 164633 31% 29 292936 32095 29%
c 
c  seconds     reductions         redundant    irredundant
c           MB       restarts             trail        variables
c             level        conflicts          glue          remaining
c 
c - 274.72 164 124 89 70602 1787946 106012 31% 29 292936 32095 29%
c - 281.15 164 124 90 72609 1827551 107288 31% 29 292936 32095 29%
c F 281.57 164 123 90 72739 1830122 109753 31% 29 292936 32095 29%
c - 287.49 164 124 91 74512 1867593 108650 31% 29 292936 32095 29%
c 3 290.93 164 124 91 75576 1890017 132995 31% 29 292936 32095 29%
c p 291.34 164 124 91 75576 1890017 155388 31% 29 292936 32086 29%
c B 291.56 164 124 91 75625 1891123 156448 31% 29 292936 32086 29%
c - 294.49 164 123 92 76474 1908077 111147 31% 29 292886 32086 29%
c s 299.71 164 123 92 77963 1940153 141809 31% 29 292841 32086 29%
c v 299.99 164 123 92 77963 1940153 141809 31% 29 292207 32086 29%
c w 300.09 164 123 92 77963 1940153 141806 31% 29 292207 32086 29%
c t 300.10 164 123 92 77963 1940153 141806 31% 29 292198 32086 29%
c e 300.13 164 123 92 77963 1940153 141551 31% 29 292141 31966 29%
c s 300.18 164 123 92 77963 1940153 141528 31% 29 292037 31966 29%
c - 301.83 164 123 93 78425 1948998 112043 31% 29 292037 31966 29%
c W 303.11 164 123 93 78591 1953124 116009 31% 29 292037 31966 29%
c - 309.40 164 123 94 80452 1990324 114161 31% 29 292037 31966 29%
c # 313.40 164 122 94 81698 2016126 138995 31% 29 292037 31966 29%
c 3 315.83 164 122 94 82353 2030017 155844 31% 29 292037 31966 29%
c p 316.27 164 122 94 82353 2030017 180003 31% 29 292037 31881 29%
c 
c  seconds     reductions         redundant    irredundant
c           MB       restarts             trail        variables
c             level        conflicts          glue          remaining
c 
c - 316.87 164 122 95 82489 2032088 116385 31% 29 291452 31881 29%
c } 319.06 164 122 95 83161 2047006 130688 31% 29 291452 31881 29%
c [ 319.06 164 113 95 83161 2047006 130688 41% 57 291452 31881 29%
c - 322.35 164 110 96 83172 2074269 115903 42% 54 291452 31881 29%
c I 323.22 164 109 96 83175 2080128 121518 41% 54 291452 31881 29%
c s 326.57 164 108 96 83181 2099732 140256 41% 54 291429 31881 29%
c v 326.84 164 108 96 83181 2099732 140256 41% 54 289981 31881 29%
c w 326.94 164 108 96 83181 2099732 140254 41% 54 289981 31881 29%
c t 326.95 164 108 96 83181 2099732 140254 41% 54 289972 31881 29%
c e 326.99 164 108 96 83181 2099732 140171 41% 54 289799 31735 29%
c s 327.03 164 108 96 83181 2099732 140082 41% 54 287091 31735 29%
c e 327.06 164 108 96 83181 2099732 140082 41% 54 287088 31733 29%
c - 330.69 197 106 97 83184 2116888 112380 40% 54 287088 31733 29%
c B 335.81 197 104 97 83196 2145131 139300 39% 56 287088 31733 29%
c - 337.70 164 106 98 83204 2159753 108899 39% 55 287088 31733 29%
c p 340.00 164 105 98 83211 2175017 148529 41% 55 287088 31723 29%
c - 344.12 199 100 99 83213 2203057 108239 41% 53 287027 31723 29%
c W 346.22 199 98 99 83213 2211134 115722 41% 53 287027 31723 29%
c - 350.90 164 97 100 83214 2246794 108432 42% 51 287027 31723 29%
c s 353.31 164 98 100 83214 2264960 125883 43% 51 287003 31723 29%
c 
c  seconds     reductions         redundant    irredundant
c           MB       restarts             trail        variables
c            level         conflicts          glue          remaining
c 
c v 353.52 164 98 100 83214 2264960 125883 43% 51 285874 31723 29%
c w 353.59 164 98 100 83214 2264960 125882 43% 51 285874 31723 29%
c t 353.60 164 98 100 83214 2264960 125882 43% 51 285870 31723 29%
c e 353.63 164 98 100 83214 2264960 125882 43% 51 285861 31714 29%
c s 353.64 164 98 100 83214 2264960 125879 43% 51 285853 31714 29%
c O 356.16 164 99 100 83214 2278135 138426 42% 51 285853 31714 29%
c - 358.08 199 96 101 83214 2290971 109176 42% 50 285853 31714 29%
c p 362.72 199 94 101 83215 2325017 166120 43% 49 285853 31714 29%
c - 364.34 164 98 102 83215 2335531 109504 44% 50 285853 31714 29%
c B 365.77 164 102 102 83215 2346137 119549 45% 52 285853 31714 29%
c - 369.86 204 115 103 83215 2380526 111054 46% 54 285853 31714 29%
c W 374.86 204 123 103 83215 2415141 144251 47% 56 285853 31714 29%
c - 376.41 164 121 104 83215 2425960 111877 47% 55 285853 31714 29%
c s 377.65 164 120 104 83221 2436254 121843 47% 55 285851 31714 29%
c v 377.83 164 120 104 83221 2436254 121843 47% 55 284845 31714 29%
c w 377.89 164 120 104 83221 2436254 121843 47% 55 284845 31714 29%
c e 377.92 164 120 104 83221 2436254 121843 47% 55 284833 31708 29%
c s 377.94 164 120 104 83221 2436254 121830 47% 55 284828 31708 29%
c - 382.37 201 111 105 83237 2471831 110897 49% 53 284828 31708 29%
c p 383.67 201 109 105 83242 2480019 144151 49% 53 284828 31707 29%
c 
c  seconds      reductions         redundant    irredundant
c           MB        restarts             trail        variables
c             level         conflicts          glue          remaining
c 
c I 384.33 201 109 105 83244 2485142 148962 49% 53 284828 31707 29%
c - 389.15 164 113 106 83251 2518088 113614 45% 54 284817 31707 29%
c B 394.31 164 104 106 83268 2556143 149773 45% 51 284817 31707 29%
c - 395.49 199 106 107 83274 2564781 113218 45% 51 284817 31707 29%
c - 401.20 164 100 108 83278 2611911 113755 46% 50 284817 31707 29%
c s 401.52 164 100 108 83278 2613616 115334 47% 50 284815 31707 29%
c v 401.70 164 100 108 83278 2613616 115334 47% 50 283506 31707 29%
c w 401.76 164 100 108 83278 2613616 115331 47% 50 283506 31707 29%
c e 401.79 164 100 108 83278 2613616 115092 47% 50 283484 31695 29%
c s 401.81 164 100 108 83278 2613616 115088 47% 50 283478 31695 29%
c W 404.01 164 98 108 83278 2628144 129120 47% 49 283478 31695 29%
c 3 405.41 164 98 108 83285 2640019 144236 47% 49 283478 31695 29%
c p 405.57 164 98 108 83285 2640019 166064 47% 49 283478 31695 29%
c - 408.16 200 96 109 83293 2659477 114153 47% 48 283478 31695 29%
c O 413.86 200 94 109 83309 2701147 153734 48% 49 283478 31695 29%
c - 414.71 164 93 110 83309 2707411 116984 47% 49 283478 31695 29%
c - 421.17 202 89 111 83331 2755781 115275 47% 48 283478 31695 29%
c B 423.28 202 87 111 83339 2775148 133889 47% 47 283478 31695 29%
c s 426.25 202 90 111 83341 2796951 154542 45% 47 283469 31695 29%
c v 426.46 202 90 111 83341 2796951 154542 45% 47 281709 31695 29%
c 
c  seconds     reductions         redundant    irredundant
c           MB       restarts             trail        variables
c            level         conflicts          glue          remaining
c 
c w 426.55 202 90 111 83341 2796951 154531 45% 47 281709 31695 29%
c e 426.59 202 90 111 83341 2796951 154531 45% 47 281705 31690 29%
c s 426.66 202 90 111 83341 2796951 154522 45% 47 281703 31690 29%
c - 427.90 164 90 112 83341 2804586 116701 45% 47 281703 31690 29%
c 3 428.02 164 90 112 83341 2805020 120990 45% 47 281703 31690 29%
c p 428.15 164 90 112 83341 2805020 143072 45% 47 281703 31690 29%
c W 435.35 164 99 112 83342 2850149 186454 45% 50 281703 31690 29%
c - 436.12 203 98 113 83342 2853733 118627 45% 49 281703 31690 29%
c - 444.06 164 91 114 83349 2903320 119047 43% 49 281703 31690 29%
c I 446.55 164 90 114 83357 2926154 140965 43% 48 281703 31690 29%
c - 450.30 200 94 115 83372 2953337 119509 42% 47 281703 31690 29%
c p 453.27 200 97 115 83373 2975022 166104 43% 48 281703 31690 29%
c s 454.76 200 97 115 83380 2986076 176361 44% 48 281695 31690 29%
c v 455.00 200 97 115 83380 2986076 176361 44% 48 280175 31690 29%
c w 455.08 200 97 115 83380 2986076 176350 44% 48 280175 31690 29%
c t 455.08 200 97 115 83380 2986076 176349 44% 48 280170 31690 29%
c e 455.13 200 97 115 83380 2986076 173524 44% 48 280041 31590 28%
c s 455.18 200 97 115 83380 2986076 173334 44% 48 278409 31590 28%
c e 455.21 200 97 115 83380 2986076 173009 44% 48 278407 31584 28%
c B 457.56 200 94 115 83388 3003156 189346 43% 47 278407 31584 28%
c 
c  seconds     reductions         redundant    irredundant
c           MB       restarts             trail        variables
c            level         conflicts          glue          remaining
c 
c - 457.78 164 95 116 83388 3003790 120451 43% 47 278407 31584 28%
c - 465.05 202 108 117 83404 3054498 120272 42% 52 278407 31584 28%
c W 469.09 202 105 117 83405 3081158 145339 44% 53 278407 31584 28%
c - 472.33 164 103 118 83412 3105639 121756 44% 51 278407 31584 28%
c 3 478.02 164 98 118 83434 3150022 168230 46% 49 278407 31584 28%
c p 478.19 164 98 118 83434 3150022 188466 46% 49 278407 31584 28%
c - 479.45 204 98 119 83435 3157214 124388 46% 50 278407 31584 28%
c O 479.89 204 97 119 83436 3160160 127185 46% 50 278407 31584 28%
c s 482.41 204 94 119 83439 3180753 146833 45% 48 278405 31584 28%
c v 482.64 204 94 119 83439 3180753 146833 45% 48 277888 31584 28%
c w 482.70 204 94 119 83439 3180753 146831 45% 48 277888 31584 28%
c t 482.71 204 94 119 83439 3180753 146831 45% 48 277885 31584 28%
c e 482.74 204 94 119 83439 3180753 146828 45% 48 277883 31581 28%
c s 482.75 204 94 119 83439 3180753 146823 45% 48 277879 31581 28%
c - 486.45 164 90 120 83451 3209222 124053 44% 47 277879 31581 28%
c B 490.33 164 89 120 83466 3240163 152514 46% 48 277879 31581 28%
c - 493.41 202 88 121 83468 3261637 122564 48% 49 277879 31581 28%
c - 500.07 164 90 122 83469 3314486 123877 50% 50 277879 31581 28%
c W 501.49 164 91 122 83469 3321166 130241 51% 50 277879 31581 28%
c 3 502.71 164 89 122 83469 3330023 140924 49% 50 277879 31581 28%
c 
c  seconds     reductions         redundant    irredundant
c           MB       restarts             trail        variables
c            level         conflicts          glue          remaining
c 
c p 502.89 164 89 122 83469 3330023 162842 49% 50 277879 31581 28%
c - 507.46 204 91 123 83470 3367765 126162 50% 49 277879 31581 28%
c s 509.18 204 92 123 83470 3381543 139494 50% 49 277877 31581 28%
c v 509.36 204 92 123 83470 3381543 139494 50% 49 277758 31581 28%
c w 509.43 204 92 123 83470 3381543 139491 50% 49 277758 31581 28%
c e 509.46 204 92 123 83470 3381543 139485 50% 49 277758 31579 28%
c s 509.48 204 92 123 83470 3381543 139480 50% 49 277751 31579 28%
c I 512.12 204 94 123 83470 3403169 160236 51% 50 277751 31579 28%
c - 515.41 164 131 124 83470 3421477 127699 48% 59 277751 31579 28%
c - 527.09 218 210 125 83470 3475614 129589 40% 87 277751 31579 28%
c B 529.37 218 221 125 83470 3486171 139877 39% 91 277751 31579 28%
c p 532.91 218 202 125 83471 3515024 192586 42% 83 277751 31579 28%
c - 535.07 164 186 126 83471 3530184 131702 43% 78 277751 31579 28%
c W 540.77 164 155 126 83471 3570173 169974 45% 68 277751 31579 28%
c - 543.73 206 144 127 83471 3585187 131161 43% 65 277751 31579 28%
c s 544.55 206 142 127 83471 3588569 134266 42% 64 277746 31579 28%
c v 544.84 206 142 127 83471 3588569 134266 42% 64 275845 31579 28%
c w 544.92 206 142 127 83471 3588569 134261 42% 64 275845 31579 28%
c e 544.95 206 142 127 83471 3588569 134256 42% 64 275828 31554 28%
c s 545.00 206 142 127 83471 3588569 134238 42% 64 275811 31554 28%
c 
c  seconds      reductions         redundant    irredundant
c           MB        restarts             trail        variables
c             level         conflicts          glue          remaining
c 
c - 553.23 164 121 128 83471 3640624 130075 42% 59 275811 31554 28%
c O 556.08 164 114 128 83471 3655174 143656 41% 58 275811 31554 28%
c - 560.66 206 104 129 83471 3696375 131932 44% 53 275811 31554 28%
c p 562.26 206 103 129 83471 3705027 165027 45% 53 275811 31546 28%
c B 567.51 206 98 129 83471 3741177 198751 48% 54 275811 31546 28%
c - 569.49 164 103 130 83471 3752560 132314 46% 54 275767 31546 28%
c s 575.72 164 101 130 83493 3801260 179027 46% 51 275765 31546 28%
c v 575.98 164 101 130 83493 3801260 179027 46% 51 275085 31546 28%
c w 576.06 164 101 130 83493 3801260 179026 46% 51 275085 31546 28%
c t 576.07 164 101 130 83493 3801260 179026 46% 51 275082 31546 28%
c e 576.11 164 101 130 83493 3801260 178998 46% 51 275054 31517 28%
c s 576.13 164 101 130 83493 3801260 178979 46% 51 275050 31517 28%
c e 576.16 164 101 130 83493 3801260 178979 46% 51 275050 31516 28%
c - 577.56 205 100 131 83498 3809173 133239 46% 51 275050 31516 28%
c W 580.69 205 99 131 83502 3828178 151021 46% 51 275050 31516 28%
c - 586.07 164 93 132 83516 3866174 133780 44% 49 275050 31516 28%
c 3 590.59 164 92 132 83532 3900029 169323 46% 49 275050 31516 28%
c p 591.04 164 92 132 83532 3900029 191956 46% 49 275050 31500 28%
c I 593.82 164 93 132 83533 3916179 207589 44% 49 275050 31500 28%
c - 594.95 207 103 133 83533 3923606 135592 43% 51 274963 31500 28%
c 
c  seconds      reductions         redundant    irredundant
c           MB        restarts             trail        variables
c             level         conflicts          glue          remaining
c 
c - 602.97 164 134 134 83548 3981464 136220 42% 59 274963 31500 28%
c B 606.20 164 124 134 83558 4005181 159059 42% 56 274963 31500 28%
c s 608.14 164 123 134 83564 4020049 173322 43% 55 274942 31500 28%
c v 608.38 164 123 134 83564 4020049 173322 43% 55 273501 31500 28%
c w 608.47 164 123 134 83564 4020049 173308 43% 55 273501 31500 28%
c t 608.48 164 123 134 83564 4020049 173308 43% 55 273499 31500 28%
c e 608.54 164 123 134 83564 4020049 168338 43% 55 273376 31359 28%
c s 608.60 164 123 134 83564 4020049 168009 43% 55 271955 31359 28%
c e 608.63 164 123 134 83564 4020049 167617 43% 55 271955 31357 28%
c - 611.61 201 116 135 83565 4039754 131939 42% 53 271955 31357 28%
c ] 618.84 201 110 135 83594 4095006 184994 45% 52 271955 31357 28%
c { 618.84 201 122 135 83594 4095006 184994 31% 29 271955 31357 28%
c B 618.87 201 122 135 83598 4095182 185168 31% 29 271955 31357 28%
c - 619.48 164 122 136 83752 4098283 137254 31% 29 271955 31357 28%
c 3 619.78 164 122 136 83816 4100029 144231 31% 29 271955 31357 28%
c p 619.94 164 122 136 83816 4100029 158400 31% 29 271955 31357 28%
c - 628.24 179 122 137 86255 4157240 142418 31% 29 271955 31357 28%
c W 633.41 179 123 137 87607 4186184 170244 31% 29 271955 31357 28%
c - 638.55 179 123 138 89002 4216628 146735 30% 29 271955 31357 28%
c s 643.24 179 123 138 90320 4244441 173341 31% 29 271948 31357 28%
c 
c  seconds      reductions         redundant    irredundant
c           MB        restarts             trail        variables
c             level         conflicts          glue          remaining
c 
c v 643.57 179 123 138 90320 4244441 173341 31% 29 271842 31357 28%
c w 643.69 179 123 138 90320 4244441 173330 31% 29 271842 31357 28%
c e 643.72 179 123 138 90320 4244441 173324 31% 29 271836 31354 28%
c s 643.85 179 123 138 90320 4244441 173305 31% 29 271834 31354 28%
c - 649.48 179 123 139 91775 4276446 150688 30% 29 271834 31354 28%
c F 649.75 179 123 139 91855 4278187 152357 30% 29 271834 31354 28%
c p 654.17 179 122 139 92982 4305031 197363 31% 29 271834 31354 28%
c - 659.86 198 122 140 94416 4336686 155076 31% 29 271834 31354 28%
c B 665.48 198 122 140 95984 4371188 188293 31% 29 271834 31354 28%
c - 670.22 198 122 141 97138 4397357 157861 31% 29 271834 31354 28%
c - 680.64 198 121 142 99827 4458458 160794 31% 29 271834 31354 28%
c W 682.32 198 121 142 100144 4465189 167265 31% 29 271834 31354 28%
c s 684.23 198 121 142 100672 4475029 176451 31% 29 271833 31354 28%
c v 684.54 198 121 142 100672 4475029 176451 31% 29 271788 31354 28%
c w 684.66 198 121 142 100672 4475029 176445 31% 29 271788 31354 28%
c t 684.67 198 121 142 100672 4475029 176445 31% 29 271787 31354 28%
c e 684.70 198 121 142 100672 4475029 176445 31% 29 271781 31343 28%
c s 684.78 198 121 142 100672 4475029 176419 31% 29 271778 31343 28%
c e 684.80 198 121 142 100672 4475029 176419 31% 29 271777 31342 28%
c 3 692.09 198 122 142 102570 4515032 218549 31% 29 271777 31342 28%
c 
c  seconds      reductions          redundant    irredundant
c           MB        restarts              trail        variables
c             level          conflicts          glue          remaining
c 
c 3 692.12 198 122 142 102570 4515032 219740 31% 29 271777 31342 28%
c p 692.31 198 122 142 102570 4515032 234654 31% 29 271777 31341 28%
c - 693.41 201 122 143 102798 4519989 163560 31% 29 271768 31341 28%
c # 700.38 201 122 143 104737 4560190 202264 31% 29 271768 31341 28%
c - 704.65 201 122 144 105801 4581949 166368 30% 29 271768 31341 28%
c - 715.89 201 121 145 108693 4644340 169228 30% 29 271768 31341 28%
c B 717.87 201 121 145 109218 4656192 180642 30% 29 271768 31341 28%
c - 727.48 139 121 146 111657 4707159 171870 30% 29 271768 31341 28%
c s 728.46 139 121 146 111886 4711865 176150 30% 29 271758 31341 28%
c v 728.77 139 121 146 111886 4711865 176150 30% 29 271483 31341 28%
c w 728.89 139 121 146 111886 4711865 176146 30% 29 271483 31341 28%
c t 728.90 139 121 146 111886 4711865 176145 30% 29 271483 31341 28%
c e 728.92 139 121 146 111886 4711865 176127 30% 29 271395 31274 28%
c s 728.98 139 121 146 111886 4711865 176092 30% 29 271370 31274 28%
c e 729.01 139 121 146 111886 4711865 176092 30% 29 271370 31273 28%
c 3 732.11 139 121 146 112707 4730033 196975 30% 29 271370 31273 28%
c 3 732.14 139 121 146 112707 4730033 198532 30% 29 271370 31273 28%
c p 732.78 139 121 146 112707 4730033 214802 30% 29 271370 31213 28%
c W 737.70 153 121 146 113781 4753194 236571 30% 29 271032 31213 28%
c - 740.97 140 120 147 114550 4770409 175368 30% 29 271032 31213 28%
c 
c  seconds      reductions          redundant    irredundant
c           MB        restarts              trail        variables
c             level          conflicts          glue          remaining
c 
c - 752.84 140 121 148 117546 4834037 177464 31% 29 271032 31213 28%
c F 755.95 140 121 148 118381 4851196 194035 31% 29 271032 31213 28%
c - 765.25 144 121 149 120766 4898095 180160 30% 30 271032 31213 28%
c 3 774.99 144 122 149 123279 4950034 233763 31% 30 271032 31213 28%
c p 775.77 144 122 149 123279 4950034 250322 31% 30 271032 31177 28%
c B 775.84 144 122 149 123285 4950199 250474 31% 30 271032 31177 28%
c s 777.04 144 122 149 123512 4955014 254471 31% 30 270990 31177 28%
c v 777.39 144 122 149 123512 4955014 254471 31% 30 270987 31177 28%
c w 777.55 144 122 149 123512 4955014 254458 31% 30 270987 31177 28%
c t 777.56 144 122 149 123512 4955014 254457 31% 30 270984 31177 28%
c e 777.60 144 122 149 123512 4955014 253907 31% 30 270725 31094 28%
c s 777.70 144 122 149 123512 4955014 253680 31% 30 270705 31094 28%
c e 777.73 144 122 149 123512 4955014 253659 31% 30 270703 31091 28%
c - 779.55 144 122 150 123870 4962581 182754 30% 30 270703 31091 28%
c } 786.30 144 122 150 125602 5000003 218840 31% 30 270703 31091 28%
c ? 786.31 144 122 150 125602 5000003 218840 31% 30 270703 31091 28%
c 
c --- [ closing proof ] ------------------------------------------------------
c 
c DRAT proof file '/tmp/conway99-variable-core-m1-orbits-dRMviT/proof.drat' closed
c DRAT 6447149 added clauses 50.01%
c DRAT 6444824 deleted clauses 49.99%
c DRAT 4740528382 bytes (4520.92 MB)
c 
c --- [ result ] -------------------------------------------------------------
c 
c UNKNOWN
c 
c --- [ run-time profiling ] -------------------------------------------------
c 
c process time taken by individual solving procedures
c (percentage relative to process time for solving)
c 
c       755.13   96.07% search
c       373.37   47.50% stable
c       364.73   46.40% unstable
c        30.88    3.93% simplify
c        17.02    2.16% walk
c         9.73    1.24% vivify
c         8.31    1.06% probe
c         5.31    0.68% subsume
c         2.55    0.32% ternary
c         2.20    0.28% elim
c         0.29    0.04% parse
c         0.01    0.00% lucky
c   =================================
c       786.02   99.96% solve
c 
c last line shows process time for solving
c (percentage relative to total process time)
c 
c --- [ statistics ] ---------------------------------------------------------
c 
c chronological:           1132473        22.65 %  of conflicts
c conflicts:               5000003      6361.17    per second
c decisions:              21802841     27738.28    per second
c eliminated:                45770        41.27 %  of all variables
c fixed:                     31009        27.96 %  of all variables
c learned:                 4883938        97.68 %  per conflict
c learned_lits:          654699236       100.00 %  learned literals
c minimized:                     0         0.00 %  learned literals
c shrunken:               98148301        14.99 %  learned literals
c minishrunken:           73154647        11.17 %  learned literals
c otfs:                       3788         0.08 %  of conflict
c propagations:         4731160240         6.02 M  per second
c reduced:                 4551192        91.02 %  per conflict
c rephased:                     99     50505.08    interval
c restarts:                 125602        39.81    interval
c stabilizing:                   6        54.60 %  of conflicts
c substituted:                3045         2.75 %  of all variables
c subsumed:                 166178         2.43 %  of all clauses
c strengthened:              53398         0.78 %  of all clauses
c ternary:                  133901         0.15 %  of resolved
c trail reuses:                  0         0.00 %  of incremental calls
c vivified:                  47086         0.69 %  of all clauses
c walked:                       31    161290.42    interval
c weakened:                 171081         2.47    average size
c 
c seconds are measured in process time for solving
c 
c --- [ resources ] ----------------------------------------------------------
c 
c total process time since initialization:       786.31    seconds
c total real time since initialization:          788.36    seconds
c maximum resident set size of process:          232.71    MB
c 
c --- [ shutting down ] ------------------------------------------------------
c 
c exit 0
