c --- [ banner ] -------------------------------------------------------------
c 
c CaDiCaL SAT Solver
c Copyright (c) 2016-2023 A. Biere, M. Fleury, N. Froleyks, K. Fazekas, F. Pollitt
c 
c Version 1.9.5 146207318796f094dcded87349a64f0c6927309e
c g++ (Ubuntu 13.3.0-6ubuntu2~24.04.1) 13.3.0 -Wall -Wextra -O3 -DNDEBUG
c Wed Sep 30 06:02:32 JST 2026 Linux ikutoPC 6.6.87.2-microsoft-standard-WSL2 x86_64
c 
c --- [ limit ] --------------------------------------------------------------
c 
c setting conflict limit to 1000000 conflicts (due to '1000000')
c 
c --- [ proof tracing ] ------------------------------------------------------
c 
c opening file to write '/tmp/conway99-seven-profile-rank5_56_profile_0002-uDCpyx/proof.drat'
c writing non-binary proof trace to '/tmp/conway99-seven-profile-rank5_56_profile_0002-uDCpyx/proof.drat'
c 
c --- [ parsing input ] ------------------------------------------------------
c 
c reading DIMACS file from '/mnt/c/Users/ikuto/projects/conway-99-graph/acceleration/results/20260930_hadamard_seven_remaining_cnfs/run02/rank5_56_profile_0002/instance.cnf'
c opening file to read '/mnt/c/Users/ikuto/projects/conway-99-graph/acceleration/results/20260930_hadamard_seven_remaining_cnfs/run02/rank5_56_profile_0002/instance.cnf'
c found 'p cnf 9872 170454' header
c parsed 170454 clauses in 0.06 seconds process time
c 
c --- [ options ] ------------------------------------------------------------
c 
c   --binary=false                 (different from default 'true')
c 
c --- [ solving ] ------------------------------------------------------------
c 
c time measured in process time since initialization
c 
c  seconds  reductions  redundant  irredundant
c         MB    restarts       trail      variables
c          level   conflicts       glue        remaining
c 
c *  0.06 18  0 0   0    0    0  0% 0 120522 6945 70%
c {  0.06 18  0 0   0    0    0  0% 0 120522 6945 70%
c i  0.06 18 32 0   1   20   17 45% 4 120522 6944 70%
c i  0.06 18 25 0   2   31   20 42% 5 120522 6943 70%
c i  0.07 19 18 0  22  283  225 52% 6 120522 6942 70%
c i  0.07 19 18 0  22  284  225 52% 6 120522 6941 70%
c i  0.07 19 18 0  22  285  225 52% 6 120522 6940 70%
c i  0.07 19 19 0  23  294  231 52% 6 120522 6939 70%
c i  0.07 19 20 0  25  300  236 52% 6 120522 6938 70%
c -  0.08 19 20 1  25  300  234 52% 6 120154 6938 70%
c i  0.08 19 20 1  27  309  242 52% 6 120154 6937 70%
c i  0.08 19 20 1  27  313  245 52% 6 120154 6936 70%
c i  0.08 19 20 1  28  314  245 52% 6 120154 6935 70%
c i  0.08 19 20 1  28  315  245 52% 6 120154 6934 70%
c i  0.08 19 20 1  30  320  249 52% 6 120154 6933 70%
c i  0.08 19 20 1  30  321  249 52% 6 120154 6932 70%
c i  0.08 19 20 1  32  326  253 52% 6 120154 6931 70%
c i  0.08 19 20 1  32  327  253 52% 6 120154 6930 70%
c i  0.08 19 19 1  32  328  253 52% 6 120154 6929 70%
c i  0.08 19 19 1  33  329  253 52% 6 120154 6928 70%
c 
c  seconds  reductions  redundant  irredundant
c         MB    restarts       trail      variables
c          level   conflicts       glue        remaining
c 
c i  0.08 19 19 1  34  332  255 52% 6 120154 6927 70%
c i  0.08 19 19 1  34  333  255 52% 6 120154 6926 70%
c i  0.08 19 19 1  34  334  255 51% 6 120154 6925 70%
c i  0.08 19 19 1  36  340  260 51% 6 120154 6924 70%
c i  0.08 19 19 1  36  341  260 51% 6 120154 6923 70%
c i  0.08 19 19 1  37  342  260 51% 6 120154 6922 70%
c i  0.08 19 19 1  38  346  262 51% 6 120154 6921 70%
c i  0.08 19 19 1  38  347  262 51% 6 120154 6920 70%
c i  0.08 19 19 1  38  348  262 51% 6 120154 6919 70%
c i  0.08 19 19 1  39  349  262 51% 6 120154 6918 70%
c i  0.08 19 19 1  40  355  267 51% 6 120154 6917 70%
c i  0.08 19 19 1  41  365  273 51% 6 120154 6916 70%
c i  0.08 19 19 1  42  367  274 51% 6 120154 6915 70%
c i  0.08 19 18 1  46  396  294 51% 6 120154 6914 70%
c i  0.09 19 19 1  48  455  336 50% 6 120154 6913 70%
c i  0.09 19 20 1  51  467  347 51% 6 120154 6912 70%
c i  0.09 19 21 1  55  485  364 51% 6 120154 6124 62%
c i  0.09 19 20 1  57  491  369 51% 6 120154 6122 62%
c i  0.09 19 19 1  57  558  423 51% 6 120154 6116 62%
c i  0.09 19 18 1  57  615  467 52% 5 120154 5273 53%
c 
c  seconds  reductions  redundant  irredundant
c         MB    restarts       trail      variables
c          level   conflicts       glue        remaining
c 
c i  0.09 19 18 1  57  617  468 52% 5 120154 5181 52%
c }  0.09 19 18 1  57  620  468 52% 5 120154 4524 46%
c 0  0.09 19 18 1  57  620  468 52% 5 120154 4524 46%
c 
c --- [ closing proof ] ------------------------------------------------------
c 
c DRAT proof file '/tmp/conway99-seven-profile-rank5_56_profile_0002-uDCpyx/proof.drat' closed
c DRAT 6858 added clauses 11.78%
c DRAT 51341 deleted clauses 88.22%
c DRAT 1378052 bytes (1.31 MB)
c 
c --- [ result ] -------------------------------------------------------------
c 
s UNSATISFIABLE
c 
c --- [ run-time profiling ] -------------------------------------------------
c 
c process time taken by individual solving procedures
c (percentage relative to process time for solving)
c 
c         0.06  175.66% parse
c         0.03   97.82% search
c         0.03   93.82% unstable
c         0.00    3.94% lucky
c         0.00    0.00% simplify
c   =================================
c         0.03   36.01% solve
c 
c last line shows process time for solving
c (percentage relative to total process time)
c 
c --- [ statistics ] ---------------------------------------------------------
c 
c chronological:               331        53.39 %  of conflicts
c conflicts:                   620     18152.54    per second
c decisions:                  4072    119221.20    per second
c fixed:                      5348        54.17 %  of all variables
c learned:                     559        90.16 %  per conflict
c learned_lits:              28958       100.00 %  learned literals
c minimized:                     0         0.00 %  learned literals
c shrunken:                  15285        52.78 %  learned literals
c minishrunken:               2776         9.59 %  learned literals
c otfs:                          4         0.65 %  of conflict
c propagations:             357394        10.46 M  per second
c restarts:                     57        10.88    interval
c subsumed:                     44         0.04 %  of all clauses
c strengthened:                  4         0.00 %  of all clauses
c trail reuses:                  0         0.00 %  of incremental calls
c 
c seconds are measured in process time for solving
c 
c --- [ resources ] ----------------------------------------------------------
c 
c total process time since initialization:         0.09    seconds
c total real time since initialization:            0.76    seconds
c maximum resident set size of process:           19.99    MB
c 
c --- [ shutting down ] ------------------------------------------------------
c 
c exit 20
