c --- [ banner ] -------------------------------------------------------------
c 
c CaDiCaL SAT Solver
c Copyright (c) 2016-2023 A. Biere, M. Fleury, N. Froleyks, K. Fazekas, F. Pollitt
c 
c Version 1.9.5 146207318796f094dcded87349a64f0c6927309e
c g++ (Ubuntu 13.3.0-6ubuntu2~24.04.1) 13.3.0 -Wall -Wextra -O3 -DNDEBUG
c Wed Sep 30 06:02:32 JST 2026 Linux ikutoPC 6.6.87.2-microsoft-standard-WSL2 x86_64
c 
c --- [ limit ] --------------------------------------------------------------
c 
c setting conflict limit to 20000 conflicts (due to '20000')
c 
c --- [ proof tracing ] ------------------------------------------------------
c 
c opening file to write '/tmp/conway99-parity-phase-batch-QEH590/case_03.drat'
c writing non-binary proof trace to '/tmp/conway99-parity-phase-batch-QEH590/case_03.drat'
c 
c --- [ parsing input ] ------------------------------------------------------
c 
c reading DIMACS file from '/mnt/c/Users/ikuto/projects/conway-99-graph/acceleration/results/20260930_hadamard_parity_phase_batch_pilot/case_03/instance.cnf'
c opening file to read '/mnt/c/Users/ikuto/projects/conway-99-graph/acceleration/results/20260930_hadamard_parity_phase_batch_pilot/case_03/instance.cnf'
c found 'p cnf 520 4545' header
c parsed 4545 clauses in 0.00 seconds process time
c 
c --- [ options ] ------------------------------------------------------------
c 
c   --binary=false                 (different from default 'true')
c 
c --- [ solving ] ------------------------------------------------------------
c 
c time measured in process time since initialization
c 
c  seconds  reductions  redundant irredundant
c         MB    restarts       trail    variables
c          level   conflicts       glue     remaining
c 
c *  0.00  4  0 0   0    0    0  0% 0 4545 520 100%
c {  0.00  5  0 0   0    0    0  0% 0 4545 520 100%
c -  0.00  5 23 1   9  301  184 49% 4 4494 520 100%
c -  0.01  5 24 2  93  901  518 49% 4 4390 520 100%
c }  0.01  5 24 2  93 1000  594 50% 4 4383 520 100%
c [  0.01  5  0 2  93 1000  594  0% 0 4383 520 100%
c O  0.01  5 12 2  93 1003  595 62% 6 4382 520 100%
c -  0.01  6 11 3  93 1801 1041 53% 6 4331 520 100%
c ]  0.03  6 11 3  94 3002 1998 54% 6 4311 520 100%
c {  0.03  6 24 3  94 3002 1998 50% 4 4311 520 100%
c -  0.03  6 24 4  94 3002 1752 50% 4 4311 520 100%
c F  0.03  6 24 4  94 3003 1753 50% 4 4311 520 100%
c -  0.04  5 23 5 321 4502 2522 51% 5 4246 520 100%
c p  0.05  5 23 5 407 5000 4272 51% 5 4240 520 100%
c #  0.06  6 21 5 640 6004 5210 53% 6 4233 520 100%
c s  0.07  6 21 5 694 6257 5122 54% 6 4228 520 100%
c v  0.07  6 21 5 694 6257 5122 54% 6 4189 520 100%
c w  0.07  6 21 5 694 6257 5109 54% 6 4189 520 100%
c t  0.07  6 21 5 694 6257 5092 54% 6 4189 520 100%
c s  0.07  6 21 5 694 6257 4911 54% 6 4189 520 100%
c 
c  seconds  reductions  redundant irredundant
c         MB    restarts       trail    variables
c          level   conflicts       glue     remaining
c 
c -  0.08  6 21 6 705 6303 4207 54% 6 4189 520 100%
c }  0.09  6 21 6 865 7002 4870 54% 7 4189 520 100%
c [  0.09  6 11 6 865 7002 4870 54% 6 4189 520 100%
c -  0.11  7 14 7 866 8405 5088 57% 8 4189 520 100%
c I  0.14  7 14 7 867 10005 6443 57% 8 4189 520 100%
c -  0.15  7 15 8 868 10807 5476 57% 9 4189 520 100%
c -  0.21  7 15 9 870 13509 5837 58% 9 4189 520 100%
c p  0.24  7 14 9 870 15001 7787 58% 9 4189 520 100%
c ]  0.24  7 14 9 870 15002 7788 58% 9 4189 520 100%
c {  0.24  7 21 9 870 15002 7788 54% 7 4189 520 100%
c B  0.24  7 21 9 872 15006 7792 54% 7 4189 520 100%
c -  0.27  7 20 10 1101 16511 7285 56% 7 4189 520 100%
c s  0.31  7 20 10 1431 18298 8962 57% 7 4189 520 100%
c v  0.32  7 20 10 1431 18298 8962 57% 7 4189 520 100%
c w  0.32  7 20 10 1431 18298 8959 57% 7 4189 520 100%
c t  0.32  7 20 10 1431 18298 8958 57% 7 4189 520 100%
c s  0.32  7 20 10 1431 18298 8956 57% 7 4189 520 100%
c ^  0.32  7 20 10 1431 18298 8956 57% 7 4189 520 100%
c -  0.35  7 18 11 1501 19811 8287 58% 7 4189 520 100%
c }  0.36  7 18 11 1501 20000 8432 58% 7 4189 520 100%
c 
c  seconds  reductions     redundant irredundant
c         MB     restarts         trail    variables
c          level      conflicts       glue     remaining
c 
c ?  0.36  7 18 11 1501 20000 8432 58% 7 4189 520 100%
c 
c --- [ closing proof ] ------------------------------------------------------
c 
c DRAT proof file '/tmp/conway99-parity-phase-batch-QEH590/case_03.drat' closed
c DRAT 24803 added clauses 59.72%
c DRAT 16727 deleted clauses 40.28%
c DRAT 2961307 bytes (2.82 MB)
c 
c --- [ result ] -------------------------------------------------------------
c 
c UNKNOWN
c 
c --- [ run-time profiling ] -------------------------------------------------
c 
c process time taken by individual solving procedures
c (percentage relative to process time for solving)
c 
c         0.33   93.79% search
c         0.17   47.82% stable
c         0.16   45.90% unstable
c         0.02    6.13% simplify
c         0.01    2.92% subsume
c         0.00    1.39% vivify
c         0.00    0.57% elim
c         0.00    0.52% probe
c         0.00    0.51% parse
c         0.00    0.31% ternary
c         0.00    0.06% lucky
c   =================================
c         0.35   99.32% solve
c 
c last line shows process time for solving
c (percentage relative to total process time)
c 
c --- [ statistics ] ---------------------------------------------------------
c 
c chronological:              3300        16.50 %  of conflicts
c conflicts:                 20000     56572.93    per second
c decisions:                 48431    136994.17    per second
c learned:                   18919        94.59 %  per conflict
c learned_lits:             569958       100.00 %  learned literals
c minimized:                     0         0.00 %  learned literals
c shrunken:                 156049        27.38 %  learned literals
c minishrunken:              60544        10.62 %  learned literals
c otfs:                        929         4.64 %  of conflict
c propagations:            1916021         5.42 M  per second
c reduced:                    9355        46.77 %  per conflict
c rephased:                      5      4000.00    interval
c restarts:                   1501        13.32    interval
c stabilizing:                   2        49.64 %  of conflicts
c subsumed:                   3005        11.71 %  of all clauses
c strengthened:               3689        14.37 %  of all clauses
c ternary:                      69         2.53 %  of resolved
c trail reuses:                  0         0.00 %  of incremental calls
c vivified:                     66         0.26 %  of all clauses
c 
c seconds are measured in process time for solving
c 
c --- [ resources ] ----------------------------------------------------------
c 
c total process time since initialization:         0.36    seconds
c total real time since initialization:            0.38    seconds
c maximum resident set size of process:            7.95    MB
c 
c --- [ shutting down ] ------------------------------------------------------
c 
c exit 0
