c --- [ banner ] -------------------------------------------------------------
c 
c CaDiCaL SAT Solver
c Copyright (c) 2016-2023 A. Biere, M. Fleury, N. Froleyks, K. Fazekas, F. Pollitt
c 
c Version 1.9.5 146207318796f094dcded87349a64f0c6927309e
c g++ (Ubuntu 13.3.0-6ubuntu2~24.04.1) 13.3.0 -Wall -Wextra -O3 -DNDEBUG
c Wed Sep 30 06:02:32 JST 2026 Linux ikutoPC 6.6.87.2-microsoft-standard-WSL2 x86_64
c 
c --- [ limit ] --------------------------------------------------------------
c 
c setting conflict limit to 1000000 conflicts (due to '1000000')
c 
c --- [ proof tracing ] ------------------------------------------------------
c 
c opening file to write '/tmp/conway99-exact-eight-0081-i1ctMb/proof.drat'
c writing non-binary proof trace to '/tmp/conway99-exact-eight-0081-i1ctMb/proof.drat'
c 
c --- [ parsing input ] ------------------------------------------------------
c 
c reading DIMACS file from '/mnt/c/Users/ikuto/projects/conway-99-graph/acceleration/results/20260930_exact_eight_next64_cnfs_part02/case_0081/instance.cnf'
c opening file to read '/mnt/c/Users/ikuto/projects/conway-99-graph/acceleration/results/20260930_exact_eight_next64_cnfs_part02/case_0081/instance.cnf'
c found 'p cnf 9748 167416' header
c parsed 167416 clauses in 0.06 seconds process time
c 
c --- [ options ] ------------------------------------------------------------
c 
c   --binary=false                 (different from default 'true')
c 
c --- [ solving ] ------------------------------------------------------------
c 
c time measured in process time since initialization
c 
c  seconds  reductions  redundant  irredundant
c         MB    restarts       trail      variables
c          level   conflicts       glue        remaining
c 
c *  0.06 17  0 0   0    0    0  0% 0 117488 6820 70%
c {  0.06 17  0 0   0    0    0  0% 0 117488 6820 70%
c -  0.08 18 24 1  21  302  250 57% 5 117368 6820 70%
c i  0.10 18 19 1  30  659  486 58% 5 117368 6819 70%
c i  0.10 18 19 1  30  660  486 58% 5 117368 6818 70%
c i  0.10 18 19 1  52  765  557 57% 5 117368 6817 70%
c i  0.11 18 19 1  55  792  577 57% 5 117368 6816 70%
c i  0.12 19 18 1  62  943  684 57% 5 117368 6815 70%
c -  0.13 24 18 2  62  943  572 57% 5 117134 6815 70%
c }  0.13 24 19 2  62 1002  614 57% 5 117134 6815 70%
c [  0.13 24  0 2  62 1002  614  0% 0 117134 6815 70%
c O  0.13 24  0 2  62 1003  614 38% 0 117134 6815 70%
c i  0.13 24  0 2  62 1003  614 38% 0 117134 6813 70%
c i  0.16 24 35 2  62 1543 1090 58% 14 117134 6811 70%
c -  0.18 24 36 3  62 1904 1257 57% 16 117036 6811 70%
c i  0.19 24 39 3  62 1967 1312 57% 17 117036 6810 70%
c i  0.19 24 40 3  62 2048 1386 56% 17 117036 6809 70%
c i  0.22 24 35 3  63 2544 1801 57% 15 117036 5878 60%
c i  0.24 22 33 3  63 2708  503 32% 14 88255 4667 48%
c ]  0.24 22 33 3  63 2711  503 32% 14 88255 4128 42%
c 
c  seconds  reductions  redundant   irredundant
c         MB    restarts       trail      variables
c          level   conflicts       glue        remaining
c 
c 0  0.24 22 33 3  63 2711  503 32% 14 88255 4128 42%
c 
c --- [ closing proof ] ------------------------------------------------------
c 
c DRAT proof file '/tmp/conway99-exact-eight-0081-i1ctMb/proof.drat' closed
c DRAT 11930 added clauses 12.31%
c DRAT 84967 deleted clauses 87.69%
c DRAT 3286256 bytes (3.13 MB)
c 
c --- [ result ] -------------------------------------------------------------
c 
s UNSATISFIABLE
c 
c --- [ run-time profiling ] -------------------------------------------------
c 
c process time taken by individual solving procedures
c (percentage relative to process time for solving)
c 
c         0.19   99.67% search
c         0.11   61.79% stable
c         0.07   37.42% unstable
c         0.06   30.71% parse
c         0.00    0.44% lucky
c         0.00    0.00% simplify
c   =================================
c         0.19   76.32% solve
c 
c last line shows process time for solving
c (percentage relative to total process time)
c 
c --- [ statistics ] ---------------------------------------------------------
c 
c chronological:              1081        39.87 %  of conflicts
c conflicts:                  2711     14566.50    per second
c decisions:                  6551     35199.23    per second
c fixed:                      5620        57.65 %  of all variables
c learned:                    2586        95.39 %  per conflict
c learned_lits:             220406       100.00 %  learned literals
c minimized:                     0         0.00 %  learned literals
c shrunken:                  60075        27.26 %  learned literals
c minishrunken:              44413        20.15 %  learned literals
c otfs:                         25         0.92 %  of conflict
c propagations:            1648547         8.86 M  per second
c reduced:                     199         7.34 %  per conflict
c rephased:                      1      2711.00    interval
c restarts:                     63        43.03    interval
c stabilizing:                   1        63.04 %  of conflicts
c subsumed:                    400         0.33 %  of all clauses
c strengthened:                 25         0.02 %  of all clauses
c trail reuses:                  0         0.00 %  of incremental calls
c 
c seconds are measured in process time for solving
c 
c --- [ resources ] ----------------------------------------------------------
c 
c total process time since initialization:         0.24    seconds
c total real time since initialization:            0.91    seconds
c maximum resident set size of process:           27.95    MB
c 
c --- [ shutting down ] ------------------------------------------------------
c 
c exit 20
