c --- [ banner ] -------------------------------------------------------------
c 
c CaDiCaL SAT Solver
c Copyright (c) 2016-2023 A. Biere, M. Fleury, N. Froleyks, K. Fazekas, F. Pollitt
c 
c Version 1.9.5 146207318796f094dcded87349a64f0c6927309e
c g++ (Ubuntu 13.3.0-6ubuntu2~24.04.1) 13.3.0 -Wall -Wextra -O3 -DNDEBUG
c Wed Sep 30 06:02:32 JST 2026 Linux ikutoPC 6.6.87.2-microsoft-standard-WSL2 x86_64
c 
c --- [ limit ] --------------------------------------------------------------
c 
c setting conflict limit to 1000000 conflicts (due to '1000000')
c 
c --- [ proof tracing ] ------------------------------------------------------
c 
c opening file to write '/tmp/conway99-seven-profile-rank5_144_profile_0072-kuHEvf/proof.drat'
c writing non-binary proof trace to '/tmp/conway99-seven-profile-rank5_144_profile_0072-kuHEvf/proof.drat'
c 
c --- [ parsing input ] ------------------------------------------------------
c 
c reading DIMACS file from '/mnt/c/Users/ikuto/projects/conway-99-graph/acceleration/results/20260930_hadamard_seven_remaining_cnfs/run01/rank5_144_profile_0072/instance.cnf'
c opening file to read '/mnt/c/Users/ikuto/projects/conway-99-graph/acceleration/results/20260930_hadamard_seven_remaining_cnfs/run01/rank5_144_profile_0072/instance.cnf'
c found 'p cnf 9880 170650' header
c parsed 170650 clauses in 0.06 seconds process time
c 
c --- [ options ] ------------------------------------------------------------
c 
c   --binary=false                 (different from default 'true')
c 
c --- [ solving ] ------------------------------------------------------------
c 
c time measured in process time since initialization
c 
c  seconds  reductions  redundant  irredundant
c         MB    restarts       trail      variables
c          level   conflicts       glue        remaining
c 
c *  0.06 18  0 0   0    0    0  0% 0 120750 6954 70%
c {  0.07 18  0 0   0    0    0  0% 0 120750 6954 70%
c -  0.09 20 23 1  32  301  233 57% 7 120630 6954 70%
c i  0.09 20 22 1  32  312  241 57% 6 120630 6952 70%
c i  0.09 20 21 1  32  330  251 57% 6 120630 6951 70%
c i  0.09 20 22 1  37  404  312 56% 6 120630 6948 70%
c i  0.09 20 22 1  37  405  312 56% 6 120630 6946 70%
c i  0.09 20 22 1  38  406  312 56% 6 120630 6943 70%
c i  0.09 20 22 1  38  407  312 56% 6 120630 6942 70%
c i  0.11 20 22 1  60  742  565 55% 6 120630 6937 70%
c i  0.11 20 22 1  61  780  598 55% 6 120630 6936 70%
c -  0.12 25 21 2  64  951  550 54% 6 120066 6936 70%
c }  0.13 25 20 2  69 1002  587 54% 6 120066 6936 70%
c [  0.13 25  0 2  69 1002  587  0% 0 120066 6936 70%
c O  0.13 25  4 2  69 1003  588 73% 3 120066 6936 70%
c i  0.14 25 17 2  69 1188  705 60% 8 120066 6934 70%
c -  0.18 26 24 3  69 1922 1129 56% 9 120017 6934 70%
c i  0.19 26 21 3  70 2085 1245 56% 9 120017 6080 62%
c i  0.20 23 21 3  70 2086  248  8% 9 88939 6079 62%
c ]  0.20 23 21 3  70 2088  248 13% 9 88939 5910 60%
c 
c  seconds  reductions  redundant  irredundant
c         MB    restarts       trail     variables
c          level   conflicts       glue       remaining
c 
c 0  0.20 23 21 3  70 2088  248 13% 9 88939 5910 60%
c 
c --- [ closing proof ] ------------------------------------------------------
c 
c DRAT proof file '/tmp/conway99-seven-profile-rank5_144_profile_0072-kuHEvf/proof.drat' closed
c DRAT 9698 added clauses 10.01%
c DRAT 87190 deleted clauses 89.99%
c DRAT 2798383 bytes (2.67 MB)
c 
c --- [ result ] -------------------------------------------------------------
c 
s UNSATISFIABLE
c 
c --- [ run-time profiling ] -------------------------------------------------
c 
c process time taken by individual solving procedures
c (percentage relative to process time for solving)
c 
c         0.14   99.56% search
c         0.07   54.26% stable
c         0.06   45.96% parse
c         0.06   43.99% unstable
c         0.00    1.28% lucky
c         0.00    0.00% simplify
c   =================================
c         0.14   68.26% solve
c 
c last line shows process time for solving
c (percentage relative to total process time)
c 
c --- [ statistics ] ---------------------------------------------------------
c 
c chronological:              1012        48.47 %  of conflicts
c conflicts:                  2088     15272.65    per second
c decisions:                  7417     54251.55    per second
c fixed:                      3970        40.18 %  of all variables
c learned:                    1925        92.19 %  per conflict
c learned_lits:             132522       100.00 %  learned literals
c minimized:                     0         0.00 %  learned literals
c shrunken:                  68227        51.48 %  learned literals
c minishrunken:              13238         9.99 %  learned literals
c otfs:                         11         0.53 %  of conflict
c propagations:            1108990         8.11 M  per second
c reduced:                     134         6.42 %  per conflict
c rephased:                      1      2088.00    interval
c restarts:                     70        29.83    interval
c stabilizing:                   1        52.01 %  of conflicts
c subsumed:                    303         0.25 %  of all clauses
c strengthened:                 11         0.01 %  of all clauses
c trail reuses:                  0         0.00 %  of incremental calls
c 
c seconds are measured in process time for solving
c 
c --- [ resources ] ----------------------------------------------------------
c 
c total process time since initialization:         0.20    seconds
c total real time since initialization:            0.84    seconds
c maximum resident set size of process:           29.99    MB
c 
c --- [ shutting down ] ------------------------------------------------------
c 
c exit 20
