c --- [ banner ] -------------------------------------------------------------
c 
c CaDiCaL SAT Solver
c Copyright (c) 2016-2023 A. Biere, M. Fleury, N. Froleyks, K. Fazekas, F. Pollitt
c 
c Version 1.9.5 146207318796f094dcded87349a64f0c6927309e
c g++ (Ubuntu 13.3.0-6ubuntu2~24.04.1) 13.3.0 -Wall -Wextra -O3 -DNDEBUG
c Wed Sep 30 06:02:32 JST 2026 Linux ikutoPC 6.6.87.2-microsoft-standard-WSL2 x86_64
c 
c --- [ limit ] --------------------------------------------------------------
c 
c setting conflict limit to 1000000 conflicts (due to '1000000')
c 
c --- [ proof tracing ] ------------------------------------------------------
c 
c opening file to write '/tmp/conway99-exact-eight-0083-cc9wiS/proof.drat'
c writing non-binary proof trace to '/tmp/conway99-exact-eight-0083-cc9wiS/proof.drat'
c 
c --- [ parsing input ] ------------------------------------------------------
c 
c reading DIMACS file from '/mnt/c/Users/ikuto/projects/conway-99-graph/acceleration/results/20260930_exact_eight_next64_cnfs_part02/case_0083/instance.cnf'
c opening file to read '/mnt/c/Users/ikuto/projects/conway-99-graph/acceleration/results/20260930_exact_eight_next64_cnfs_part02/case_0083/instance.cnf'
c found 'p cnf 9748 167416' header
c parsed 167416 clauses in 0.06 seconds process time
c 
c --- [ options ] ------------------------------------------------------------
c 
c   --binary=false                 (different from default 'true')
c 
c --- [ solving ] ------------------------------------------------------------
c 
c time measured in process time since initialization
c 
c  seconds  reductions  redundant  irredundant
c         MB    restarts       trail      variables
c          level   conflicts       glue        remaining
c 
c *  0.06 17  0 0   0    0    0  0% 0 117490 6820 70%
c {  0.06 18  0 0   0    0    0  0% 0 117490 6820 70%
c -  0.07 19 20 1  11  302  192 55% 6 117370 6820 70%
c i  0.08 19 17 1  12  397  241 55% 5 117370 6819 70%
c i  0.09 19 16 1  12  738  510 57% 5 117370 6818 70%
c i  0.10 19 16 1  23  902  625 57% 5 117370 6817 70%
c -  0.11 24 17 2  35  944  198 56% 6 117229 6817 70%
c }  0.12 24 17 2  49 1000  239 56% 6 117229 6817 70%
c [  0.12 24  0 2  49 1000  239  0% 0 117229 6817 70%
c O  0.12 24 58 2  49 1002  241 62% 2 117229 6817 70%
c i  0.12 24 13 2  49 1068  283 56% 6 117229 6816 70%
c i  0.12 24 12 2  49 1091  295 55% 6 117229 6815 70%
c i  0.12 24 11 2  49 1104  299 54% 6 117229 6814 70%
c i  0.13 24 27 2  49 1410  531 51% 12 117229 6813 70%
c i  0.15 24 27 2  49 1709  786 50% 12 117229 6812 70%
c i  0.15 24 29 2  49 1797  853 50% 13 117229 6811 70%
c i  0.15 24 29 2  49 1814  863 50% 14 117229 6810 70%
c -  0.16 25 30 3  49 1906  840 49% 14 116900 6810 70%
c i  0.16 25 30 3  49 1912  844 49% 14 116900 6809 70%
c i  0.16 25 29 3  49 1989  901 49% 14 116900 6808 70%
c 
c  seconds  reductions  redundant   irredundant
c         MB    restarts       trail       variables
c          level   conflicts       glue         remaining
c 
c i  0.16 25 29 3  49 1999  904 49% 14 116900 6807 70%
c i  0.17 25 27 3  50 2080  948 49% 13 116900 6806 70%
c i  0.17 25 27 3  50 2082  947 49% 13 116900 6805 70%
c i  0.19 25 26 3  50 2497 1254 49% 13 116900 6804 70%
c i  0.19 25 26 3  50 2498 1254 49% 13 116900 6803 70%
c i  0.19 25 25 3  50 2604 1319 49% 13 116900 6777 70%
c ]  0.22 24 24 3  50 3001 1096 30% 12 115601 6777 70%
c {  0.22 24 17 3  50 3001 1096 80% 6 115601 6777 70%
c F  0.22 24 17 3  51 3003 1098 80% 6 115601 6777 70%
c i  0.22 24 16 3  52 3032 1118 79% 6 115601 6771 69%
c -  0.23 24 16 4  65 3189  764 72% 6 115303 6771 69%
c i  0.23 24 16 4  65 3357  885 66% 6 115303 6736 69%
c i  0.23 24 16 4  65 3358  885 66% 6 115303 6735 69%
c }  0.23 24 16 4  65 3361  885 65% 5 115303 4119 42%
c 0  0.23 24 16 4  65 3361  885 65% 5 115303 4119 42%
c 
c --- [ closing proof ] ------------------------------------------------------
c 
c DRAT proof file '/tmp/conway99-exact-eight-0083-cc9wiS/proof.drat' closed
c DRAT 11203 added clauses 16.47%
c DRAT 56801 deleted clauses 83.53%
c DRAT 2362726 bytes (2.25 MB)
c 
c --- [ result ] -------------------------------------------------------------
c 
s UNSATISFIABLE
c 
c --- [ run-time profiling ] -------------------------------------------------
c 
c process time taken by individual solving procedures
c (percentage relative to process time for solving)
c 
c         0.18   99.62% search
c         0.10   56.89% stable
c         0.07   42.03% unstable
c         0.06   31.69% parse
c         0.00    0.68% lucky
c         0.00    0.00% simplify
c   =================================
c         0.18   75.72% solve
c 
c last line shows process time for solving
c (percentage relative to total process time)
c 
c --- [ statistics ] ---------------------------------------------------------
c 
c chronological:              1374        40.88 %  of conflicts
c conflicts:                  3361     18941.51    per second
c decisions:                  8266     46584.50    per second
c fixed:                      5629        57.75 %  of all variables
c learned:                    3141        93.45 %  per conflict
c learned_lits:             182588       100.00 %  learned literals
c minimized:                     0         0.00 %  learned literals
c shrunken:                  87319        47.82 %  learned literals
c minishrunken:              19463        10.66 %  learned literals
c otfs:                         18         0.54 %  of conflict
c propagations:            1770552         9.98 M  per second
c reduced:                     215         6.40 %  per conflict
c rephased:                      2      1680.50    interval
c restarts:                     65        51.71    interval
c stabilizing:                   1        59.54 %  of conflicts
c subsumed:                    734         0.61 %  of all clauses
c strengthened:                 18         0.01 %  of all clauses
c trail reuses:                  0         0.00 %  of incremental calls
c 
c seconds are measured in process time for solving
c 
c --- [ resources ] ----------------------------------------------------------
c 
c total process time since initialization:         0.23    seconds
c total real time since initialization:            0.93    seconds
c maximum resident set size of process:           28.75    MB
c 
c --- [ shutting down ] ------------------------------------------------------
c 
c exit 20
