c --- [ banner ] -------------------------------------------------------------
c 
c CaDiCaL SAT Solver
c Copyright (c) 2016-2023 A. Biere, M. Fleury, N. Froleyks, K. Fazekas, F. Pollitt
c 
c Version 1.9.5 146207318796f094dcded87349a64f0c6927309e
c g++ (Ubuntu 13.3.0-6ubuntu2~24.04.1) 13.3.0 -Wall -Wextra -O3 -DNDEBUG
c Wed Sep 30 06:02:32 JST 2026 Linux ikutoPC 6.6.87.2-microsoft-standard-WSL2 x86_64
c 
c --- [ limit ] --------------------------------------------------------------
c 
c setting conflict limit to 1000000 conflicts (due to '1000000')
c 
c --- [ proof tracing ] ------------------------------------------------------
c 
c opening file to write '/tmp/conway99-exact-eight-0161-CciNx8/proof.drat'
c writing non-binary proof trace to '/tmp/conway99-exact-eight-0161-CciNx8/proof.drat'
c 
c --- [ parsing input ] ------------------------------------------------------
c 
c reading DIMACS file from '/mnt/c/Users/ikuto/projects/conway-99-graph/acceleration/results/20261001_exact_eight_prefix64_batch02_cnfs_part03/case_0161/instance.cnf'
c opening file to read '/mnt/c/Users/ikuto/projects/conway-99-graph/acceleration/results/20261001_exact_eight_prefix64_batch02_cnfs_part03/case_0161/instance.cnf'
c found 'p cnf 9748 167416' header
c parsed 167416 clauses in 0.06 seconds process time
c 
c --- [ options ] ------------------------------------------------------------
c 
c   --binary=false                 (different from default 'true')
c 
c --- [ solving ] ------------------------------------------------------------
c 
c time measured in process time since initialization
c 
c  seconds  reductions  redundant  irredundant
c         MB    restarts       trail      variables
c          level   conflicts       glue        remaining
c 
c *  0.06 17  0 0   0    0    0  0% 0 117462 6820 70%
c {  0.06 18  0 0   0    0    0  0% 0 117462 6820 70%
c i  0.08 19 32 0  32  302  239 58% 8 117462 6819 70%
c -  0.08 19 32 1  32  302  185 58% 8 117297 6819 70%
c i  0.08 19 32 1  32  303  185 58% 8 117297 6818 70%
c i  0.08 19 32 1  32  304  185 58% 8 117297 6817 70%
c i  0.08 19 36 1  32  356  223 56% 8 117297 6816 70%
c i  0.08 19 36 1  32  357  223 56% 8 117297 6815 70%
c i  0.08 19 36 1  32  358  223 56% 8 117297 6814 70%
c i  0.08 19 36 1  32  366  228 56% 8 117297 6813 70%
c i  0.08 19 36 1  33  367  228 56% 8 117297 6812 70%
c i  0.08 19 36 1  33  368  228 56% 8 117297 6811 70%
c i  0.08 19 35 1  33  369  228 56% 8 117297 6810 70%
c i  0.08 19 35 1  33  370  228 56% 8 117297 6809 70%
c i  0.08 19 35 1  33  371  228 56% 8 117297 6808 70%
c i  0.08 19 35 1  33  372  228 56% 8 117297 6807 70%
c i  0.08 19 35 1  33  373  228 56% 8 117297 6806 70%
c i  0.08 19 35 1  33  377  231 55% 8 117297 6805 70%
c i  0.09 19 34 1  48  530  340 55% 9 117297 6804 70%
c i  0.09 19 32 1  48  562  358 55% 8 117297 6803 70%
c 
c  seconds  reductions  redundant  irredundant
c         MB    restarts       trail      variables
c          level   conflicts       glue        remaining
c 
c i  0.09 19 32 1  48  565  360 55% 8 117297 6802 70%
c i  0.10 19 31 1  49  658  432 56% 8 117297 6801 70%
c i  0.10 19 30 1  49  710  471 56% 8 117297 6800 70%
c i  0.10 19 29 1  49  717  477 56% 8 117297 6799 70%
c i  0.10 19 28 1  49  827  551 56% 8 117297 6798 70%
c i  0.10 19 28 1  49  831  554 56% 8 117297 6797 70%
c i  0.10 19 28 1  49  832  554 56% 8 117297 6796 70%
c i  0.11 19 27 1  49  841  562 56% 8 117297 6795 70%
c i  0.11 19 27 1  49  856  570 56% 8 117297 6794 70%
c -  0.12 24 26 2  49  950  409 55% 7 116102 6794 70%
c }  0.12 24 27 2  50 1004  445 54% 7 116102 6794 70%
c [  0.12 24  0 2  50 1004  445  0% 0 116102 6794 70%
c O  0.12 24  2 2  50 1005  446 65% 2 116102 6794 70%
c i  0.12 24 13 2  50 1031  461 66% 4 116102 6793 70%
c i  0.12 24 18 2  50 1108  514 62% 9 116102 6792 70%
c i  0.13 24 15 2  50 1169  543 60% 7 116102 6791 70%
c i  0.13 24 17 2  50 1287  625 59% 8 116102 6790 70%
c i  0.13 24 17 2  50 1294  623 59% 8 116102 6787 70%
c i  0.14 24 15 2  50 1350  660 59% 7 116102 6785 70%
c i  0.14 24 16 2  50 1362  671 58% 8 116102 6784 70%
c 
c  seconds  reductions  redundant  irredundant
c         MB    restarts       trail      variables
c          level   conflicts       glue        remaining
c 
c i  0.14 24 16 2  50 1375  680 58% 8 116102 6783 70%
c i  0.14 24 16 2  50 1380  684 58% 8 116102 6782 70%
c i  0.14 24 16 2  50 1497  775 57% 8 116102 6781 70%
c i  0.15 24 26 2  50 1710  946 56% 11 116102 6780 70%
c i  0.15 24 26 2  50 1743  963 55% 11 116102 6777 70%
c i  0.16 24 28 2  50 1888 1078 54% 12 116102 6776 70%
c -  0.17 24 28 3  50 1912  818 54% 12 115466 6776 70%
c i  0.19 24 27 3  51 2282 1079 54% 12 115466 5962 61%
c i  0.20 22 27 3  51 2284  434 43% 12 85720 5961 61%
c i  0.20 22 26 3  51 2293  439 30% 12 85720 5130 53%
c i  0.20 22 26 3  51 2294  439 30% 12 85720 5125 53%
c ]  0.20 22 26 3  51 2302  443 31% 12 85720 4991 51%
c 0  0.20 22 26 3  51 2302  443 31% 12 85720 4991 51%
c 
c --- [ closing proof ] ------------------------------------------------------
c 
c DRAT proof file '/tmp/conway99-exact-eight-0161-CciNx8/proof.drat' closed
c DRAT 11374 added clauses 11.46%
c DRAT 87869 deleted clauses 88.54%
c DRAT 2962680 bytes (2.83 MB)
c 
c --- [ result ] -------------------------------------------------------------
c 
s UNSATISFIABLE
c 
c --- [ run-time profiling ] -------------------------------------------------
c 
c process time taken by individual solving procedures
c (percentage relative to process time for solving)
c 
c         0.14   99.58% search
c         0.08   56.43% stable
c         0.06   42.13% unstable
c         0.06   40.53% parse
c         0.00    0.99% lucky
c         0.00    0.00% simplify
c   =================================
c         0.14   70.93% solve
c 
c last line shows process time for solving
c (percentage relative to total process time)
c 
c --- [ statistics ] ---------------------------------------------------------
c 
c chronological:              1031        44.79 %  of conflicts
c conflicts:                  2302     16160.96    per second
c decisions:                  7456     52344.11    per second
c fixed:                      4757        48.80 %  of all variables
c learned:                    2137        92.83 %  per conflict
c learned_lits:             125835       100.00 %  learned literals
c minimized:                     0         0.00 %  learned literals
c shrunken:                  64316        51.11 %  learned literals
c minishrunken:               9015         7.16 %  learned literals
c otfs:                         30         1.30 %  of conflict
c propagations:            1348144         9.46 M  per second
c reduced:                     142         6.17 %  per conflict
c rephased:                      1      2302.00    interval
c restarts:                     51        45.14    interval
c stabilizing:                   1        56.39 %  of conflicts
c subsumed:                    475         0.40 %  of all clauses
c strengthened:                 29         0.02 %  of all clauses
c trail reuses:                  0         0.00 %  of incremental calls
c 
c seconds are measured in process time for solving
c 
c --- [ resources ] ----------------------------------------------------------
c 
c total process time since initialization:         0.20    seconds
c total real time since initialization:            0.81    seconds
c maximum resident set size of process:           27.88    MB
c 
c --- [ shutting down ] ------------------------------------------------------
c 
c exit 20
