Running HiGHS 1.15.1 (git hash: 04024d7): Copyright (c) 2026 under MIT licence terms
Includes third-party software components, see THIRD_PARTY_NOTICES.md for full details
MIP has 5 rows; 4 cols; 10 nonzeros; 4 integer variables (2 binary)
Coefficient ranges:
  Matrix  [1e+00, 8e+01]
  Cost    [0e+00, 0e+00]
  Bound   [1e+00, 8e+01]
  RHS     [3e+00, 3e+00]
Presolving model
4 rows, 3 cols, 8 nonzeros 0s
4 rows, 3 cols, 8 nonzeros 0s
Presolve reductions: rows 4(-1); columns 3(-1); nonzeros 8(-2) 
Objective function is integral with scale 1

Solving MIP model with:
   4 rows
   3 cols (2 binary, 1 integer, 0 implied int., 0 continuous, 0 domain fixed)
   8 nonzeros
   Thread count 1 (of 32 threads). Using 1 max workers. Parallel search off

Src: B => Branching; C => Central rounding; F => Feasibility pump; H => Heuristic;
     I => Shifting; J => Feasibility jump; L => Sub-MIP; P => Empty MIP; R => Randomized rounding;
     S => Solve LP; T => Evaluate node; U => Unbounded; X => User solution; Y => HiGHS solution;
     Z => ZI Round; l => Trivial lower; p => Trivial point; u => Trivial upper; z => Trivial zero

        Nodes      |    B&B Tree     |            Objective Bounds              |  Dynamic Constraints |       Work      
Src  Proc. InQueue |  Leaves   Expl. | BestBound       BestSol              Gap |   Cuts   InLp Confl. | LpIters     Time

 J       0       0         0 100.00%   -inf            0                  Large        0      0      0         0     0.0s
         1       0         1 100.00%   0               0                  0.00%        0      0      0         0     0.0s

Solving report
  Status            Optimal
  Primal bound      0
  Dual bound        0
  Gap               0%
  P-D integral      0
  Solution status   feasible
                    0 (objective)
                    0 (bound viol.)
                    0 (int. viol.)
                    0 (row viol.)
  Timing            0.01
                    0.00 (Presolve)
                    0.01 (Solve)
                    0.00 (Postsolve)
  Max sub-MIP depth 0
  Nodes             1
  Repair LPs        0
  LP iterations     0
