c --- [ banner ] -------------------------------------------------------------
c 
c CaDiCaL SAT Solver
c Copyright (c) 2016-2023 A. Biere, M. Fleury, N. Froleyks, K. Fazekas, F. Pollitt
c 
c Version 1.9.5 146207318796f094dcded87349a64f0c6927309e
c g++ (Ubuntu 13.3.0-6ubuntu2~24.04.1) 13.3.0 -Wall -Wextra -O3 -DNDEBUG
c Wed Sep 30 06:02:32 JST 2026 Linux ikutoPC 6.6.87.2-microsoft-standard-WSL2 x86_64
c 
c --- [ limit ] --------------------------------------------------------------
c 
c setting conflict limit to 1000000 conflicts (due to '1000000')
c 
c --- [ proof tracing ] ------------------------------------------------------
c 
c opening file to write '/tmp/conway99-exact-eight-0094-eVHUjR/proof.drat'
c writing non-binary proof trace to '/tmp/conway99-exact-eight-0094-eVHUjR/proof.drat'
c 
c --- [ parsing input ] ------------------------------------------------------
c 
c reading DIMACS file from '/mnt/c/Users/ikuto/projects/conway-99-graph/acceleration/results/20260930_exact_eight_next64_cnfs_part03/case_0094/instance.cnf'
c opening file to read '/mnt/c/Users/ikuto/projects/conway-99-graph/acceleration/results/20260930_exact_eight_next64_cnfs_part03/case_0094/instance.cnf'
c found 'p cnf 9748 167416' header
c parsed 167416 clauses in 0.06 seconds process time
c 
c --- [ options ] ------------------------------------------------------------
c 
c   --binary=false                 (different from default 'true')
c 
c --- [ solving ] ------------------------------------------------------------
c 
c time measured in process time since initialization
c 
c  seconds  reductions  redundant  irredundant
c         MB    restarts       trail      variables
c          level   conflicts       glue        remaining
c 
c *  0.06 17  0 0   0    0    0  0% 0 117496 6820 70%
c {  0.06 18  0 0   0    0    0  0% 0 117496 6820 70%
c -  0.08 19 23 1   7  300  245 58% 5 117376 6820 70%
c i  0.08 19 22 1   7  324  249 58% 5 117376 6819 70%
c i  0.08 19 21 1   7  338  255 58% 5 117376 6818 70%
c i  0.08 19 21 1   7  348  263 58% 5 117376 6817 70%
c i  0.09 19 22 1  23  485  374 57% 5 117376 6816 70%
c -  0.11 24 20 2  48  941  472 56% 5 117190 6816 70%
c i  0.12 24 20 2  56  999  506 56% 5 117190 6815 70%
c }  0.12 24 20 2  56 1000  507 56% 5 117190 6815 70%
c [  0.12 24  0 2  56 1000  507  0% 0 117190 6815 70%
c O  0.12 24 10 2  56 1002  509 48% 1 117190 6815 70%
c i  0.12 24  5 2  56 1040  534 56% 3 117190 6814 70%
c i  0.12 24 24 2  56 1132  612 52% 12 117190 6812 70%
c i  0.13 24 22 2  56 1200  663 52% 11 117190 6811 70%
c i  0.13 24 20 2  56 1241  696 53% 10 117190 6810 70%
c i  0.13 24 20 2  56 1244  696 52% 10 117190 6809 70%
c ]  0.13 24 20 2  56 1249  699 52% 10 117190 5059 52%
c 0  0.13 24 20 2  56 1249  699 52% 10 117190 5059 52%
c 
c --- [ closing proof ] ------------------------------------------------------
c 
c DRAT proof file '/tmp/conway99-exact-eight-0094-eVHUjR/proof.drat' closed
c DRAT 6916 added clauses 11.79%
c DRAT 51753 deleted clauses 88.21%
c DRAT 1524918 bytes (1.45 MB)
c 
c --- [ result ] -------------------------------------------------------------
c 
s UNSATISFIABLE
c 
c --- [ run-time profiling ] -------------------------------------------------
c 
c process time taken by individual solving procedures
c (percentage relative to process time for solving)
c 
c         0.07   99.02% search
c         0.06   82.45% parse
c         0.06   78.00% unstable
c         0.01   19.38% stable
c         0.00    1.57% lucky
c         0.00    0.00% simplify
c   =================================
c         0.07   54.54% solve
c 
c last line shows process time for solving
c (percentage relative to total process time)
c 
c --- [ statistics ] ---------------------------------------------------------
c 
c chronological:               587        47.00 %  of conflicts
c conflicts:                  1249     17368.45    per second
c decisions:                  3610     50200.24    per second
c fixed:                      4689        48.10 %  of all variables
c learned:                    1162        93.03 %  per conflict
c learned_lits:              66062       100.00 %  learned literals
c minimized:                     0         0.00 %  learned literals
c shrunken:                  32448        49.12 %  learned literals
c minishrunken:               7557        11.44 %  learned literals
c otfs:                         11         0.88 %  of conflict
c propagations:             695397         9.67 M  per second
c reduced:                       3         0.24 %  per conflict
c rephased:                      1      1249.00    interval
c restarts:                     56        22.30    interval
c stabilizing:                   1        19.94 %  of conflicts
c subsumed:                    187         0.16 %  of all clauses
c strengthened:                 11         0.01 %  of all clauses
c trail reuses:                  0         0.00 %  of incremental calls
c 
c seconds are measured in process time for solving
c 
c --- [ resources ] ----------------------------------------------------------
c 
c total process time since initialization:         0.13    seconds
c total real time since initialization:            0.79    seconds
c maximum resident set size of process:           23.79    MB
c 
c --- [ shutting down ] ------------------------------------------------------
c 
c exit 20
