
Native explicit exact-eight cases:   0%|          | 0/64 [00:00<?, ?it/s]
Native explicit exact-eight cases:   2%|1         | 1/64 [00:01<02:01,  1.93s/it]
Native explicit exact-eight cases:   3%|3         | 2/64 [00:03<02:02,  1.97s/it]
Native explicit exact-eight cases:   5%|4         | 3/64 [00:05<01:46,  1.74s/it]
Native explicit exact-eight cases:   6%|6         | 4/64 [00:06<01:40,  1.67s/it]
Native explicit exact-eight cases:   8%|7         | 5/64 [00:08<01:36,  1.63s/it]
Native explicit exact-eight cases:   9%|9         | 6/64 [00:09<01:31,  1.57s/it]
Native explicit exact-eight cases:  11%|#         | 7/64 [00:11<01:29,  1.57s/it]
Native explicit exact-eight cases:  12%|#2        | 8/64 [00:13<01:28,  1.58s/it]
Native explicit exact-eight cases:  14%|#4        | 9/64 [00:15<01:36,  1.75s/it]
Native explicit exact-eight cases:  16%|#5        | 10/64 [00:17<01:40,  1.86s/it]
Native explicit exact-eight cases:  17%|#7        | 11/64 [00:18<01:33,  1.77s/it]
Native explicit exact-eight cases:  19%|#8        | 12/64 [00:20<01:30,  1.74s/it]
Native explicit exact-eight cases:  20%|##        | 13/64 [00:22<01:26,  1.69s/it]
Native explicit exact-eight cases:  22%|##1       | 14/64 [00:23<01:23,  1.67s/it]
Native explicit exact-eight cases:  23%|##3       | 15/64 [00:25<01:22,  1.68s/it]
Native explicit exact-eight cases:  25%|##5       | 16/64 [00:27<01:18,  1.63s/it]
Native explicit exact-eight cases:  27%|##6       | 17/64 [00:28<01:17,  1.65s/it]
Native explicit exact-eight cases:  28%|##8       | 18/64 [00:30<01:20,  1.76s/it]
Native explicit exact-eight cases:  30%|##9       | 19/64 [00:32<01:18,  1.75s/it]
Native explicit exact-eight cases:  31%|###1      | 20/64 [00:34<01:20,  1.83s/it]
Native explicit exact-eight cases:  33%|###2      | 21/64 [00:36<01:15,  1.75s/it]
Native explicit exact-eight cases:  34%|###4      | 22/64 [00:37<01:11,  1.70s/it]
Native explicit exact-eight cases:  36%|###5      | 23/64 [00:39<01:09,  1.69s/it]
Native explicit exact-eight cases:  38%|###7      | 24/64 [00:40<01:06,  1.65s/it]
Native explicit exact-eight cases:  39%|###9      | 25/64 [00:42<01:03,  1.64s/it]
Native explicit exact-eight cases:  41%|####      | 26/64 [00:44<01:01,  1.63s/it]
Native explicit exact-eight cases:  42%|####2     | 27/64 [00:45<01:01,  1.66s/it]
Native explicit exact-eight cases:  44%|####3     | 28/64 [00:47<01:01,  1.71s/it]
Native explicit exact-eight cases:  45%|####5     | 29/64 [00:49<01:00,  1.72s/it]
Native explicit exact-eight cases:  47%|####6     | 30/64 [00:51<00:59,  1.76s/it]
Native explicit exact-eight cases:  48%|####8     | 31/64 [00:53<00:58,  1.78s/it]
Native explicit exact-eight cases:  50%|#####     | 32/64 [00:55<00:58,  1.83s/it]
Native explicit exact-eight cases:  52%|#####1    | 33/64 [00:56<00:54,  1.76s/it]
Native explicit exact-eight cases:  53%|#####3    | 34/64 [00:58<00:50,  1.69s/it]
Native explicit exact-eight cases:  55%|#####4    | 35/64 [00:59<00:47,  1.64s/it]
Native explicit exact-eight cases:  56%|#####6    | 36/64 [01:01<00:45,  1.62s/it]
Native explicit exact-eight cases:  58%|#####7    | 37/64 [01:02<00:43,  1.60s/it]
Native explicit exact-eight cases:  59%|#####9    | 38/64 [01:04<00:41,  1.60s/it]
Native explicit exact-eight cases:  61%|######    | 39/64 [01:06<00:43,  1.72s/it]
Native explicit exact-eight cases:  62%|######2   | 40/64 [01:08<00:44,  1.84s/it]
Native explicit exact-eight cases:  64%|######4   | 41/64 [01:10<00:43,  1.88s/it]
Native explicit exact-eight cases:  66%|######5   | 42/64 [01:12<00:39,  1.81s/it]
Native explicit exact-eight cases:  67%|######7   | 43/64 [01:13<00:37,  1.77s/it]
Native explicit exact-eight cases:  69%|######8   | 44/64 [01:15<00:36,  1.85s/it]
Native explicit exact-eight cases:  70%|#######   | 45/64 [01:17<00:34,  1.80s/it]
Native explicit exact-eight cases:  72%|#######1  | 46/64 [01:19<00:30,  1.72s/it]
Native explicit exact-eight cases:  73%|#######3  | 47/64 [01:20<00:28,  1.70s/it]
Native explicit exact-eight cases:  75%|#######5  | 48/64 [01:22<00:26,  1.67s/it]
Native explicit exact-eight cases:  77%|#######6  | 49/64 [01:23<00:24,  1.63s/it]
Native explicit exact-eight cases:  78%|#######8  | 50/64 [01:25<00:23,  1.64s/it]
Native explicit exact-eight cases:  80%|#######9  | 51/64 [01:27<00:22,  1.74s/it]
Native explicit exact-eight cases:  81%|########1 | 52/64 [01:29<00:21,  1.78s/it]
Native explicit exact-eight cases:  83%|########2 | 53/64 [01:30<00:19,  1.73s/it]
Native explicit exact-eight cases:  84%|########4 | 54/64 [01:32<00:17,  1.73s/it]
Native explicit exact-eight cases:  86%|########5 | 55/64 [01:34<00:15,  1.70s/it]
Native explicit exact-eight cases:  88%|########7 | 56/64 [01:36<00:13,  1.71s/it]
Native explicit exact-eight cases:  89%|########9 | 57/64 [01:37<00:11,  1.68s/it]
Native explicit exact-eight cases:  91%|######### | 58/64 [01:39<00:10,  1.68s/it]
Native explicit exact-eight cases:  92%|#########2| 59/64 [01:41<00:08,  1.75s/it]
Native explicit exact-eight cases:  94%|#########3| 60/64 [01:43<00:07,  1.88s/it]
Native explicit exact-eight cases:  95%|#########5| 61/64 [01:45<00:05,  1.92s/it]
Native explicit exact-eight cases:  97%|#########6| 62/64 [01:47<00:03,  1.93s/it]
Native explicit exact-eight cases:  98%|#########8| 63/64 [01:49<00:01,  1.89s/it]
Native explicit exact-eight cases: 100%|##########| 64/64 [01:50<00:00,  1.82s/it]
Native explicit exact-eight cases: 100%|##########| 64/64 [01:50<00:00,  1.73s/it]
