c --- [ banner ] -------------------------------------------------------------
c 
c CaDiCaL SAT Solver
c Copyright (c) 2016-2023 A. Biere, M. Fleury, N. Froleyks, K. Fazekas, F. Pollitt
c 
c Version 1.9.5 146207318796f094dcded87349a64f0c6927309e
c g++ (Ubuntu 13.3.0-6ubuntu2~24.04.1) 13.3.0 -Wall -Wextra -O3 -DNDEBUG
c Wed Sep 30 06:02:32 JST 2026 Linux ikutoPC 6.6.87.2-microsoft-standard-WSL2 x86_64
c 
c --- [ limit ] --------------------------------------------------------------
c 
c setting conflict limit to 1000000 conflicts (due to '1000000')
c 
c --- [ proof tracing ] ------------------------------------------------------
c 
c opening file to write '/tmp/conway99-seven-profile-rank5_64_profile_0075-NW42Yn/proof.drat'
c writing non-binary proof trace to '/tmp/conway99-seven-profile-rank5_64_profile_0075-NW42Yn/proof.drat'
c 
c --- [ parsing input ] ------------------------------------------------------
c 
c reading DIMACS file from '/mnt/c/Users/ikuto/projects/conway-99-graph/acceleration/results/20260930_hadamard_seven_remaining_cnfs/run02/rank5_64_profile_0075/instance.cnf'
c opening file to read '/mnt/c/Users/ikuto/projects/conway-99-graph/acceleration/results/20260930_hadamard_seven_remaining_cnfs/run02/rank5_64_profile_0075/instance.cnf'
c found 'p cnf 9872 170454' header
c parsed 170454 clauses in 0.07 seconds process time
c 
c --- [ options ] ------------------------------------------------------------
c 
c   --binary=false                 (different from default 'true')
c 
c --- [ solving ] ------------------------------------------------------------
c 
c time measured in process time since initialization
c 
c  seconds  reductions  redundant  irredundant
c         MB    restarts       trail      variables
c          level   conflicts       glue        remaining
c 
c *  0.07 17  0 0   0    0    0  0% 0 120550 6945 70%
c {  0.07 18  0 0   0    0    0  0% 0 120550 6945 70%
c i  0.07 18  1 0   0    1    0 32% 0 120550 6944 70%
c i  0.09 19 26 0  11  241  204 56% 5 120550 6943 70%
c -  0.09 19 24 1  11  300  236 57% 5 120368 6943 70%
c i  0.11 19 22 1  24  599  494 57% 5 120368 6942 70%
c i  0.11 19 20 1  24  687  534 56% 5 120368 6941 70%
c i  0.12 19 21 1  50  927  690 55% 5 120368 6940 70%
c -  0.13 24 21 2  53  968  550 55% 5 120228 6940 70%
c }  0.14 24 21 2  54 1004  579 54% 5 120228 6940 70%
c [  0.14 24  0 2  54 1004  579  0% 0 120228 6940 70%
c O  0.14 24  1 2  54 1005  579 51% 0 120228 6940 70%
c i  0.14 24  1 2  54 1005  579 51% 0 120228 6939 70%
c i  0.14 24  1 2  54 1006  579 51% 0 120228 6938 70%
c i  0.15 24 19 2  54 1286  795 58% 8 120228 6936 70%
c i  0.16 24 22 2  54 1530  978 57% 9 120228 6932 70%
c -  0.19 25 30 3  54 1945  856 55% 12 120012 6932 70%
c i  0.22 25 31 3  55 2567 1337 53% 13 120012 6931 70%
c i  0.23 25 31 3  55 2614 1377 53% 14 120012 6930 70%
c i  0.23 25 30 3  55 2678 1407 53% 13 120012 6914 70%
c 
c  seconds  reductions  redundant   irredundant
c         MB    restarts       trail       variables
c          level   conflicts       glue         remaining
c 
c i  0.23 25 30 3  55 2709 1429 53% 13 120012 5737 58%
c ]  0.24 22 30 3  55 2722  508 25% 13 79652 5716 58%
c 0  0.25 22 30 3  55 2722  508 25% 13 79652 5716 58%
c 
c --- [ closing proof ] ------------------------------------------------------
c 
c DRAT proof file '/tmp/conway99-seven-profile-rank5_64_profile_0075-NW42Yn/proof.drat' closed
c DRAT 11286 added clauses 10.38%
c DRAT 97423 deleted clauses 89.62%
c DRAT 3397919 bytes (3.24 MB)
c 
c --- [ result ] -------------------------------------------------------------
c 
s UNSATISFIABLE
c 
c --- [ run-time profiling ] -------------------------------------------------
c 
c process time taken by individual solving procedures
c (percentage relative to process time for solving)
c 
c         0.17   99.65% search
c         0.11   63.45% stable
c         0.07   41.62% parse
c         0.06   35.43% unstable
c         0.00    0.72% lucky
c         0.00    0.00% simplify
c   =================================
c         0.17   70.35% solve
c 
c last line shows process time for solving
c (percentage relative to total process time)
c 
c --- [ statistics ] ---------------------------------------------------------
c 
c chronological:              1164        42.76 %  of conflicts
c conflicts:                  2722     15770.02    per second
c decisions:                  7668     44424.88    per second
c fixed:                      4156        42.10 %  of all variables
c learned:                    2496        91.70 %  per conflict
c learned_lits:             171221       100.00 %  learned literals
c minimized:                     0         0.00 %  learned literals
c shrunken:                  66149        38.63 %  learned literals
c minishrunken:              25003        14.60 %  learned literals
c otfs:                         27         0.99 %  of conflict
c propagations:            1488962         8.63 M  per second
c reduced:                     174         6.39 %  per conflict
c rephased:                      1      2722.00    interval
c restarts:                     55        49.49    interval
c stabilizing:                   1        63.12 %  of conflicts
c subsumed:                    393         0.32 %  of all clauses
c strengthened:                 27         0.02 %  of all clauses
c trail reuses:                  0         0.00 %  of incremental calls
c 
c seconds are measured in process time for solving
c 
c --- [ resources ] ----------------------------------------------------------
c 
c total process time since initialization:         0.25    seconds
c total real time since initialization:            0.84    seconds
c maximum resident set size of process:           28.59    MB
c 
c --- [ shutting down ] ------------------------------------------------------
c 
c exit 20
