c --- [ banner ] -------------------------------------------------------------
c 
c CaDiCaL SAT Solver
c Copyright (c) 2016-2023 A. Biere, M. Fleury, N. Froleyks, K. Fazekas, F. Pollitt
c 
c Version 1.9.5 146207318796f094dcded87349a64f0c6927309e
c g++ (Ubuntu 13.3.0-6ubuntu2~24.04.1) 13.3.0 -Wall -Wextra -O3 -DNDEBUG
c Wed Sep 30 06:02:32 JST 2026 Linux ikutoPC 6.6.87.2-microsoft-standard-WSL2 x86_64
c 
c --- [ limit ] --------------------------------------------------------------
c 
c setting conflict limit to 1000000 conflicts (due to '1000000')
c 
c --- [ proof tracing ] ------------------------------------------------------
c 
c opening file to write '/tmp/conway99-seven-profile-rank5_64_profile_0020-1fYWCx/proof.drat'
c writing non-binary proof trace to '/tmp/conway99-seven-profile-rank5_64_profile_0020-1fYWCx/proof.drat'
c 
c --- [ parsing input ] ------------------------------------------------------
c 
c reading DIMACS file from '/mnt/c/Users/ikuto/projects/conway-99-graph/acceleration/results/20260930_hadamard_seven_remaining_cnfs/run02/rank5_64_profile_0020/instance.cnf'
c opening file to read '/mnt/c/Users/ikuto/projects/conway-99-graph/acceleration/results/20260930_hadamard_seven_remaining_cnfs/run02/rank5_64_profile_0020/instance.cnf'
c found 'p cnf 9880 170650' header
c parsed 170650 clauses in 0.07 seconds process time
c 
c --- [ options ] ------------------------------------------------------------
c 
c   --binary=false                 (different from default 'true')
c 
c --- [ solving ] ------------------------------------------------------------
c 
c time measured in process time since initialization
c 
c  seconds  reductions  redundant  irredundant
c         MB    restarts       trail      variables
c          level   conflicts       glue        remaining
c 
c *  0.07 17  0 0   0    0    0  0% 0 120750 6954 70%
c {  0.07 18  0 0   0    0    0  0% 0 120750 6954 70%
c i  0.08 19 22 0   5  210  181 54% 4 120750 6953 70%
c i  0.08 19 22 0   5  211  181 54% 4 120750 6952 70%
c -  0.09 19 19 1   9  301  223 54% 4 120526 6952 70%
c i  0.09 19 18 1  10  350  253 54% 4 120526 6951 70%
c i  0.09 19 19 1  14  385  274 54% 5 120526 6950 70%
c i  0.09 19 19 1  14  387  274 54% 5 120526 6949 70%
c i  0.10 19 20 1  28  465  319 54% 5 120526 6849 69%
c i  0.10 19 20 1  43  653  442 54% 5 120526 6848 69%
c i  0.12 19 19 1  65  909  598 54% 5 120526 6744 68%
c i  0.12 19 19 1  69  930  614 54% 5 120526 6736 68%
c -  0.13 24 20 2  74  950  509 54% 5 112978 6736 68%
c i  0.13 24 19 2  74  958  515 54% 5 112978 6709 68%
c i  0.13 24 19 2  74  998  533 54% 5 112978 6708 68%
c }  0.13 24 19 2  74 1000  534 54% 5 112978 6708 68%
c [  0.13 24  0 2  74 1000  534  0% 0 112978 6708 68%
c O  0.13 24 52 2  74 1002  536 56% 3 112978 6708 68%
c i  0.13 24  9 2  74 1028  553 57% 3 112978 6706 68%
c i  0.14 24 10 2  74 1117  609 56% 4 112978 6704 68%
c 
c  seconds  reductions  redundant  irredundant
c         MB    restarts       trail      variables
c          level   conflicts       glue        remaining
c 
c i  0.14 24 27 2  74 1181  660 54% 6 112978 6641 67%
c i  0.14 24 27 2  74 1192  667 54% 6 112978 6635 67%
c i  0.14 24 33 2  74 1268  734 54% 8 112978 6634 67%
c i  0.14 24 32 2  74 1269  734 54% 8 112978 6633 67%
c i  0.15 24 33 2  74 1346  798 54% 9 112978 6632 67%
c i  0.15 24 32 2  74 1488  918 54% 9 112978 6631 67%
c i  0.16 24 27 2  74 1639 1026 54% 9 112978 5699 58%
c i  0.16 24 27 2  74 1646 1029 54% 8 112978 4262 43%
c ]  0.16 24 27 2  74 1648 1029 54% 8 112978 3837 39%
c 0  0.16 24 27 2  74 1648 1029 54% 8 112978 3837 39%
c 
c --- [ closing proof ] ------------------------------------------------------
c 
c DRAT proof file '/tmp/conway99-seven-profile-rank5_64_profile_0020-1fYWCx/proof.drat' closed
c DRAT 9165 added clauses 13.30%
c DRAT 59764 deleted clauses 86.70%
c DRAT 1794266 bytes (1.71 MB)
c 
c --- [ result ] -------------------------------------------------------------
c 
s UNSATISFIABLE
c 
c --- [ run-time profiling ] -------------------------------------------------
c 
c process time taken by individual solving procedures
c (percentage relative to process time for solving)
c 
c         0.09   99.24% search
c         0.07   75.35% parse
c         0.06   63.47% unstable
c         0.03   34.64% stable
c         0.00    1.09% lucky
c         0.00    0.00% simplify
c   =================================
c         0.09   56.75% solve
c 
c last line shows process time for solving
c (percentage relative to total process time)
c 
c --- [ statistics ] ---------------------------------------------------------
c 
c chronological:               770        46.72 %  of conflicts
c conflicts:                  1648     17804.67    per second
c decisions:                  6012     64952.46    per second
c fixed:                      6043        61.16 %  of all variables
c learned:                    1447        87.80 %  per conflict
c learned_lits:              85908       100.00 %  learned literals
c minimized:                     0         0.00 %  learned literals
c shrunken:                  41229        47.99 %  learned literals
c minishrunken:               7614         8.86 %  learned literals
c otfs:                         23         1.40 %  of conflict
c propagations:             895786         9.68 M  per second
c reduced:                      21         1.27 %  per conflict
c rephased:                      1      1648.00    interval
c restarts:                     74        22.27    interval
c stabilizing:                   1        39.32 %  of conflicts
c subsumed:                    269         0.22 %  of all clauses
c strengthened:                 23         0.02 %  of all clauses
c trail reuses:                  0         0.00 %  of incremental calls
c 
c seconds are measured in process time for solving
c 
c --- [ resources ] ----------------------------------------------------------
c 
c total process time since initialization:         0.16    seconds
c total real time since initialization:            0.87    seconds
c maximum resident set size of process:           23.80    MB
c 
c --- [ shutting down ] ------------------------------------------------------
c 
c exit 20
