c --- [ banner ] -------------------------------------------------------------
c 
c CaDiCaL SAT Solver
c Copyright (c) 2016-2023 A. Biere, M. Fleury, N. Froleyks, K. Fazekas, F. Pollitt
c 
c Version 1.9.5 146207318796f094dcded87349a64f0c6927309e
c g++ (Ubuntu 13.3.0-6ubuntu2~24.04.1) 13.3.0 -Wall -Wextra -O3 -DNDEBUG
c Wed Sep 30 06:02:32 JST 2026 Linux ikutoPC 6.6.87.2-microsoft-standard-WSL2 x86_64
c 
c --- [ limit ] --------------------------------------------------------------
c 
c setting conflict limit to 1000000 conflicts (due to '1000000')
c 
c --- [ proof tracing ] ------------------------------------------------------
c 
c opening file to write '/tmp/conway99-seven-profile-rank5_53_profile_0004-HinJ1T/proof.drat'
c writing non-binary proof trace to '/tmp/conway99-seven-profile-rank5_53_profile_0004-HinJ1T/proof.drat'
c 
c --- [ parsing input ] ------------------------------------------------------
c 
c reading DIMACS file from '/mnt/c/Users/ikuto/projects/conway-99-graph/acceleration/results/20260930_hadamard_seven_remaining_cnfs/run02/rank5_53_profile_0004/instance.cnf'
c opening file to read '/mnt/c/Users/ikuto/projects/conway-99-graph/acceleration/results/20260930_hadamard_seven_remaining_cnfs/run02/rank5_53_profile_0004/instance.cnf'
c found 'p cnf 9872 170454' header
c parsed 170454 clauses in 0.07 seconds process time
c 
c --- [ options ] ------------------------------------------------------------
c 
c   --binary=false                 (different from default 'true')
c 
c --- [ solving ] ------------------------------------------------------------
c 
c time measured in process time since initialization
c 
c  seconds  reductions  redundant  irredundant
c         MB    restarts       trail      variables
c          level   conflicts       glue        remaining
c 
c *  0.07 18  0 0   0    0    0  0% 0 120522 6945 70%
c {  0.07 18  0 0   0    0    0  0% 0 120522 6945 70%
c i  0.07 18 37 0   0   41   25 46% 4 120522 6894 70%
c i  0.07 18 36 0   0   42   25 45% 4 120522 6893 70%
c i  0.08 19 19 0   7  174  119 51% 4 120522 6878 70%
c i  0.08 19 19 0   7  185  128 51% 4 120522 6877 70%
c i  0.08 19 17 0   7  227  150 50% 4 120522 6876 70%
c i  0.08 19 18 0   7  296  201 51% 4 120522 6875 70%
c -  0.09 19 18 1   9  301  162 51% 5 117399 6875 70%
c i  0.09 19 17 1  17  346  192 50% 5 117399 6874 70%
c i  0.10 19 17 1  27  409  238 50% 5 117399 6873 70%
c i  0.10 19 15 1  44  585  356 50% 5 117399 5892 60%
c i  0.10 19 15 1  44  608  370 50% 5 117399 5890 60%
c i  0.10 19 15 1  44  610  371 50% 5 117399 5889 60%
c i  0.11 19 15 1  44  629  385 51% 5 117399 5888 60%
c }  0.11 19 15 1  44  645  392 51% 5 117399 5256 53%
c 0  0.11 19 15 1  44  645  392 51% 5 117399 5256 53%
c 
c --- [ closing proof ] ------------------------------------------------------
c 
c DRAT proof file '/tmp/conway99-seven-profile-rank5_53_profile_0004-HinJ1T/proof.drat' closed
c DRAT 6455 added clauses 10.59%
c DRAT 54501 deleted clauses 89.41%
c DRAT 1534458 bytes (1.46 MB)
c 
c --- [ result ] -------------------------------------------------------------
c 
s UNSATISFIABLE
c 
c --- [ run-time profiling ] -------------------------------------------------
c 
c process time taken by individual solving procedures
c (percentage relative to process time for solving)
c 
c         0.07  187.49% parse
c         0.04   97.35% search
c         0.03   93.64% unstable
c         0.00    3.59% lucky
c         0.00    0.00% simplify
c   =================================
c         0.04   34.51% solve
c 
c last line shows process time for solving
c (percentage relative to total process time)
c 
c --- [ statistics ] ---------------------------------------------------------
c 
c chronological:               264        40.93 %  of conflicts
c conflicts:                   645     17475.89    per second
c decisions:                  1864     50503.96    per second
c fixed:                      4616        46.76 %  of all variables
c learned:                     571        88.53 %  per conflict
c learned_lits:              26060       100.00 %  learned literals
c minimized:                     0         0.00 %  learned literals
c shrunken:                  12982        49.82 %  learned literals
c minishrunken:               2231         8.56 %  learned literals
c otfs:                         11         1.71 %  of conflict
c propagations:             358416         9.71 M  per second
c restarts:                     44        14.66    interval
c subsumed:                    122         0.10 %  of all clauses
c strengthened:                 11         0.01 %  of all clauses
c trail reuses:                  0         0.00 %  of incremental calls
c 
c seconds are measured in process time for solving
c 
c --- [ resources ] ----------------------------------------------------------
c 
c total process time since initialization:         0.11    seconds
c total real time since initialization:            0.74    seconds
c maximum resident set size of process:           19.80    MB
c 
c --- [ shutting down ] ------------------------------------------------------
c 
c exit 20
