c --- [ banner ] -------------------------------------------------------------
c 
c CaDiCaL SAT Solver
c Copyright (c) 2016-2023 A. Biere, M. Fleury, N. Froleyks, K. Fazekas, F. Pollitt
c 
c Version 1.9.5 146207318796f094dcded87349a64f0c6927309e
c g++ (Ubuntu 13.3.0-6ubuntu2~24.04.1) 13.3.0 -Wall -Wextra -O3 -DNDEBUG
c Wed Sep 30 06:02:32 JST 2026 Linux ikutoPC 6.6.87.2-microsoft-standard-WSL2 x86_64
c 
c --- [ limit ] --------------------------------------------------------------
c 
c setting conflict limit to 1000000 conflicts (due to '1000000')
c 
c --- [ proof tracing ] ------------------------------------------------------
c 
c opening file to write '/tmp/conway99-seven-profile-rank5_195_profile_0000-ZwZp3S/proof.drat'
c writing non-binary proof trace to '/tmp/conway99-seven-profile-rank5_195_profile_0000-ZwZp3S/proof.drat'
c 
c --- [ parsing input ] ------------------------------------------------------
c 
c reading DIMACS file from '/mnt/c/Users/ikuto/projects/conway-99-graph/acceleration/results/20260930_hadamard_seven_remaining_cnfs/run02/rank5_195_profile_0000/instance.cnf'
c opening file to read '/mnt/c/Users/ikuto/projects/conway-99-graph/acceleration/results/20260930_hadamard_seven_remaining_cnfs/run02/rank5_195_profile_0000/instance.cnf'
c found 'p cnf 9880 170650' header
c parsed 170650 clauses in 0.07 seconds process time
c 
c --- [ options ] ------------------------------------------------------------
c 
c   --binary=false                 (different from default 'true')
c 
c --- [ solving ] ------------------------------------------------------------
c 
c time measured in process time since initialization
c 
c  seconds  reductions  redundant  irredundant
c         MB    restarts       trail      variables
c          level   conflicts       glue        remaining
c 
c *  0.07 18  0 0   0    0    0  0% 0 120722 6954 70%
c {  0.07 18  0 0   0    0    0  0% 0 120722 6954 70%
c i  0.08 19 15 0  13  210  166 52% 4 120722 6953 70%
c -  0.09 19 18 1  22  300  190 53% 5 120555 6953 70%
c i  0.09 19 17 1  25  322  203 53% 5 120555 6952 70%
c i  0.09 19 22 1  38  448  302 54% 6 120555 6951 70%
c i  0.09 19 22 1  41  478  316 54% 6 120555 6950 70%
c i  0.10 19 21 1  41  583  400 53% 6 120555 6945 70%
c i  0.10 19 23 1  41  621  419 53% 6 120555 6944 70%
c i  0.10 19 23 1  41  628  423 53% 6 120555 6943 70%
c i  0.10 19 23 1  41  629  423 53% 6 120555 6941 70%
c i  0.10 19 23 1  41  630  423 53% 6 120555 6940 70%
c i  0.10 19 23 1  41  632  424 53% 6 120555 6939 70%
c i  0.10 19 24 1  41  639  430 53% 6 120555 6938 70%
c i  0.10 19 24 1  41  647  436 53% 6 120555 6937 70%
c i  0.10 19 24 1  41  649  437 53% 6 120555 6935 70%
c i  0.10 19 30 1  41  758  510 53% 6 120555 6934 70%
c i  0.10 19 29 1  45  773  522 53% 6 120555 6931 70%
c i  0.10 19 29 1  46  776  523 53% 6 120555 6866 69%
c -  0.12 24 32 2  51  954  356 53% 7 116914 6866 69%
c 
c  seconds  reductions  redundant  irredundant
c         MB    restarts       trail      variables
c          level   conflicts       glue        remaining
c 
c i  0.12 24 33 2  52  961  362 53% 7 116914 6865 69%
c i  0.12 24 33 2  52  962  362 53% 7 116914 6864 69%
c i  0.12 24 33 2  52  963  362 53% 7 116914 6783 69%
c i  0.12 24 33 2  53  964  362 53% 7 116914 6782 69%
c i  0.12 24 33 2  53  965  362 52% 7 116914 6781 69%
c i  0.12 24 32 2  56  977  371 52% 7 116914 6780 69%
c }  0.12 24 32 2  62 1004  394 53% 7 116914 6780 69%
c [  0.12 24  0 2  62 1004  394  0% 0 116914 6780 69%
c O  0.12 24  0 2  62 1005  394 48% 0 116914 6780 69%
c i  0.12 24  0 2  62 1005  394 48% 0 116914 6778 69%
c i  0.12 24  1 2  62 1006  394 47% 0 116914 6777 69%
c i  0.12 24 29 2  62 1022  403 53% 3 116914 6776 69%
c i  0.12 24 29 2  62 1023  403 53% 3 116914 6775 69%
c i  0.12 24 29 2  62 1024  403 52% 2 116914 6774 69%
c i  0.12 24 35 2  62 1027  405 52% 2 116914 6772 69%
c i  0.12 24 46 2  62 1036  413 52% 5 116914 6771 69%
c i  0.12 24 46 2  62 1038  414 52% 6 116914 6770 69%
c i  0.12 24 46 2  62 1040  414 51% 6 116914 6769 69%
c i  0.12 24 45 2  62 1041  414 51% 6 116914 6768 69%
c i  0.12 24 44 2  62 1042  414 51% 6 116914 6767 68%
c 
c  seconds  reductions  redundant  irredundant
c         MB    restarts       trail      variables
c          level   conflicts       glue        remaining
c 
c i  0.12 24 44 2  62 1043  414 51% 5 116914 6766 68%
c i  0.12 24 43 2  62 1044  414 51% 5 116914 6765 68%
c i  0.12 24 43 2  62 1045  414 51% 5 116914 6764 68%
c i  0.12 24 43 2  62 1046  414 51% 5 116914 6763 68%
c i  0.13 24 42 2  62 1047  414 51% 5 116914 6762 68%
c i  0.13 24 43 2  62 1054  420 51% 6 116914 6761 68%
c i  0.13 24 42 2  62 1056  421 51% 6 116914 6760 68%
c i  0.13 24 42 2  62 1059  423 51% 7 116914 6759 68%
c i  0.13 24 42 2  62 1066  429 51% 8 116914 6758 68%
c i  0.13 24 41 2  62 1067  429 51% 8 116914 6757 68%
c i  0.13 24 41 2  62 1070  430 51% 8 116914 6756 68%
c i  0.13 24 41 2  62 1074  432 51% 9 116914 6755 68%
c i  0.13 24 40 2  62 1075  432 51% 9 116914 6754 68%
c i  0.13 24 40 2  62 1078  434 51% 9 116914 6753 68%
c i  0.13 24 39 2  62 1087  437 51% 8 116914 6750 68%
c i  0.13 24 38 2  62 1091  436 51% 9 116914 6749 68%
c i  0.13 24 37 2  62 1097  439 51% 8 116914 6747 68%
c i  0.13 24 35 2  62 1105  445 51% 8 116914 6746 68%
c i  0.13 24 34 2  62 1112  447 51% 8 116914 6744 68%
c i  0.13 24 34 2  62 1116  449 51% 8 116914 6743 68%
c 
c  seconds  reductions  redundant  irredundant
c         MB    restarts       trail      variables
c          level   conflicts       glue        remaining
c 
c ]  0.13 24 32 2  62 1125  449 50% 7 116914 5203 53%
c 0  0.13 24 32 2  62 1125  449 50% 7 116914 5203 53%
c 
c --- [ closing proof ] ------------------------------------------------------
c 
c DRAT proof file '/tmp/conway99-seven-profile-rank5_195_profile_0000-ZwZp3S/proof.drat' closed
c DRAT 6931 added clauses 11.09%
c DRAT 55540 deleted clauses 88.91%
c DRAT 1614868 bytes (1.54 MB)
c 
c --- [ result ] -------------------------------------------------------------
c 
s UNSATISFIABLE
c 
c --- [ run-time profiling ] -------------------------------------------------
c 
c process time taken by individual solving procedures
c (percentage relative to process time for solving)
c 
c         0.07  102.03% parse
c         0.06   98.90% search
c         0.05   84.26% unstable
c         0.01   12.50% stable
c         0.00    2.08% lucky
c         0.00    0.00% simplify
c   =================================
c         0.06   49.19% solve
c 
c last line shows process time for solving
c (percentage relative to total process time)
c 
c --- [ statistics ] ---------------------------------------------------------
c 
c chronological:               555        49.33 %  of conflicts
c conflicts:                  1125     17493.39    per second
c decisions:                  5594     86984.92    per second
c fixed:                      4677        47.34 %  of all variables
c learned:                     911        80.98 %  per conflict
c learned_lits:              47823       100.00 %  learned literals
c minimized:                     0         0.00 %  learned literals
c shrunken:                  22704        47.48 %  learned literals
c minishrunken:               2227         4.66 %  learned literals
c otfs:                         15         1.33 %  of conflict
c propagations:             748471        11.64 M  per second
c reduced:                       7         0.62 %  per conflict
c rephased:                      1      1125.00    interval
c restarts:                     62        18.15    interval
c stabilizing:                   1        10.76 %  of conflicts
c subsumed:                    125         0.10 %  of all clauses
c strengthened:                 15         0.01 %  of all clauses
c trail reuses:                  0         0.00 %  of incremental calls
c 
c seconds are measured in process time for solving
c 
c --- [ resources ] ----------------------------------------------------------
c 
c total process time since initialization:         0.13    seconds
c total real time since initialization:            0.82    seconds
c maximum resident set size of process:           23.91    MB
c 
c --- [ shutting down ] ------------------------------------------------------
c 
c exit 20
