c --- [ banner ] -------------------------------------------------------------
c 
c CaDiCaL SAT Solver
c Copyright (c) 2016-2023 A. Biere, M. Fleury, N. Froleyks, K. Fazekas, F. Pollitt
c 
c Version 1.9.5 146207318796f094dcded87349a64f0c6927309e
c g++ (Ubuntu 13.3.0-6ubuntu2~24.04.1) 13.3.0 -Wall -Wextra -O3 -DNDEBUG
c Wed Sep 30 06:02:32 JST 2026 Linux ikutoPC 6.6.87.2-microsoft-standard-WSL2 x86_64
c 
c --- [ limit ] --------------------------------------------------------------
c 
c setting conflict limit to 1000000 conflicts (due to '1000000')
c 
c --- [ proof tracing ] ------------------------------------------------------
c 
c opening file to write '/tmp/conway99-exact-eight-0102-jutdhO/proof.drat'
c writing non-binary proof trace to '/tmp/conway99-exact-eight-0102-jutdhO/proof.drat'
c 
c --- [ parsing input ] ------------------------------------------------------
c 
c reading DIMACS file from '/mnt/c/Users/ikuto/projects/conway-99-graph/acceleration/results/20260930_exact_eight_next64_cnfs_part03/case_0102/instance.cnf'
c opening file to read '/mnt/c/Users/ikuto/projects/conway-99-graph/acceleration/results/20260930_exact_eight_next64_cnfs_part03/case_0102/instance.cnf'
c found 'p cnf 9748 167416' header
c parsed 167416 clauses in 0.07 seconds process time
c 
c --- [ options ] ------------------------------------------------------------
c 
c   --binary=false                 (different from default 'true')
c 
c --- [ solving ] ------------------------------------------------------------
c 
c time measured in process time since initialization
c 
c  seconds  reductions  redundant  irredundant
c         MB    restarts       trail      variables
c          level   conflicts       glue        remaining
c 
c *  0.07 17  0 0   0    0    0  0% 0 117490 6820 70%
c {  0.07 18  0 0   0    0    0  0% 0 117490 6820 70%
c i  0.07 18 24 0   0   10    7 40% 4 117490 6819 70%
c i  0.07 18 33 0   3   88   71 51% 6 117490 6818 70%
c -  0.09 19 26 1  24  300  239 52% 7 117266 6818 70%
c i  0.11 19 25 1  60  895  720 54% 7 117266 6775 70%
c -  0.12 24 25 2  73  944  697 54% 7 114943 6761 69%
c }  0.13 24 25 2  73 1000  740 54% 7 114943 6761 69%
c [  0.13 24  0 2  73 1000  740  0% 0 114943 6761 69%
c O  0.13 24 12 2  73 1002  742 57% 2 114943 6761 69%
c i  0.14 24 36 2  73 1284  961 56% 14 114943 6760 69%
c i  0.14 24 37 2  73 1287  962 56% 14 114943 6705 69%
c -  0.18 24 74 3  73 1898 1018 57% 27 110834 6658 68%
c ]  0.24 24 58 3  74 3002 1979 57% 20 110834 6658 68%
c {  0.24 24 25 3  74 3002 1979 54% 7 110834 6658 68%
c F  0.25 24 25 3  74 3003 1980 38% 7 110834 6658 68%
c -  0.26 24 24 4  74 3153 1634 39% 7 110834 6658 68%
c i  0.26 24 23 4  74 3231 1673 39% 7 110834 6657 68%
c i  0.27 24 22 4  85 3409 1778 37% 7 110834 6656 68%
c i  0.29 24 20 4  93 3739 2027 35% 7 110834 6655 68%
c 
c  seconds  reductions  redundant  irredundant
c         MB    restarts       trail      variables
c          level   conflicts       glue        remaining
c 
c i  0.29 24 20 4  93 3759 2040 35% 7 110834 6654 68%
c i  0.29 24 19 4 100 3852 2104 34% 7 110834 6652 68%
c i  0.29 24 19 4 100 3872 2113 34% 7 110834 6651 68%
c i  0.30 24 19 4 116 4152 2315 34% 7 110834 6585 68%
c i  0.30 24 19 4 118 4232 2383 34% 7 110834 6576 67%
c i  0.31 24 20 4 118 4274 2418 34% 7 110834 6575 67%
c i  0.31 24 20 4 129 4341 2482 34% 7 110834 6574 67%
c i  0.31 24 20 4 130 4366 2501 34% 7 110834 6538 67%
c i  0.31 24 20 4 130 4375 2507 34% 7 110834 6537 67%
c i  0.31 24 20 4 130 4389 2515 34% 7 110834 6536 67%
c i  0.31 24 20 4 130 4392 2516 34% 7 110834 6532 67%
c i  0.31 24 20 4 130 4420 2533 34% 7 110834 5667 58%
c i  0.31 24 20 4 130 4421 2533 34% 7 110834 5666 58%
c i  0.31 24 20 4 130 4422 2533 34% 7 110834 5665 58%
c i  0.31 24 20 4 130 4423 2533 34% 7 110834 5664 58%
c i  0.31 24 20 4 130 4427 2535 34% 7 110834 5661 58%
c i  0.31 24 21 4 130 4437 2541 34% 7 110834 5657 58%
c i  0.32 24 21 4 130 4448 2545 34% 7 110834 4721 48%
c i  0.32 24 21 4 130 4453 2548 34% 7 110834 3954 41%
c }  0.32 24 21 4 130 4456 2548 34% 7 110834 3808 39%
c 
c  seconds  reductions  redundant  irredundant
c         MB    restarts       trail      variables
c          level   conflicts       glue        remaining
c 
c 0  0.32 24 21 4 130 4456 2548 34% 7 110834 3808 39%
c 
c --- [ closing proof ] ------------------------------------------------------
c 
c DRAT proof file '/tmp/conway99-exact-eight-0102-jutdhO/proof.drat' closed
c DRAT 12328 added clauses 16.95%
c DRAT 60421 deleted clauses 83.05%
c DRAT 2751673 bytes (2.62 MB)
c 
c --- [ result ] -------------------------------------------------------------
c 
s UNSATISFIABLE
c 
c --- [ run-time profiling ] -------------------------------------------------
c 
c process time taken by individual solving procedures
c (percentage relative to process time for solving)
c 
c         0.25   99.70% search
c         0.13   54.23% unstable
c         0.11   45.03% stable
c         0.07   27.44% parse
c         0.00    0.43% lucky
c         0.00    0.00% simplify
c   =================================
c         0.25   78.30% solve
c 
c last line shows process time for solving
c (percentage relative to total process time)
c 
c --- [ statistics ] ---------------------------------------------------------
c 
c chronological:              2001        44.91 %  of conflicts
c conflicts:                  4456     18010.23    per second
c decisions:                 14028     56698.26    per second
c fixed:                      5940        60.94 %  of all variables
c learned:                    4151        93.16 %  per conflict
c learned_lits:             286453       100.00 %  learned literals
c minimized:                     0         0.00 %  learned literals
c shrunken:                 101855        35.56 %  learned literals
c minishrunken:              41534        14.50 %  learned literals
c otfs:                         28         0.63 %  of conflict
c propagations:            2412978         9.75 M  per second
c reduced:                     716        16.07 %  per conflict
c rephased:                      2      2228.00    interval
c restarts:                    130        34.28    interval
c stabilizing:                   1        44.93 %  of conflicts
c subsumed:                    581         0.48 %  of all clauses
c strengthened:                 27         0.02 %  of all clauses
c trail reuses:                  0         0.00 %  of incremental calls
c 
c seconds are measured in process time for solving
c 
c --- [ resources ] ----------------------------------------------------------
c 
c total process time since initialization:         0.32    seconds
c total real time since initialization:            0.94    seconds
c maximum resident set size of process:           28.84    MB
c 
c --- [ shutting down ] ------------------------------------------------------
c 
c exit 20
