c --- [ banner ] -------------------------------------------------------------
c 
c CaDiCaL SAT Solver
c Copyright (c) 2016-2023 A. Biere, M. Fleury, N. Froleyks, K. Fazekas, F. Pollitt
c 
c Version 1.9.5 146207318796f094dcded87349a64f0c6927309e
c g++ (Ubuntu 13.3.0-6ubuntu2~24.04.1) 13.3.0 -Wall -Wextra -O3 -DNDEBUG
c Wed Sep 30 06:02:32 JST 2026 Linux ikutoPC 6.6.87.2-microsoft-standard-WSL2 x86_64
c 
c --- [ limit ] --------------------------------------------------------------
c 
c setting conflict limit to 1000000 conflicts (due to '1000000')
c 
c --- [ proof tracing ] ------------------------------------------------------
c 
c opening file to write '/tmp/conway99-profile-018-eEDNL7/proof.drat'
c writing non-binary proof trace to '/tmp/conway99-profile-018-eEDNL7/proof.drat'
c 
c --- [ parsing input ] ------------------------------------------------------
c 
c reading DIMACS file from '/mnt/c/Users/ikuto/projects/conway-99-graph/acceleration/results/20260930_hadamard_four_profile_cnfs/case_018/instance.cnf'
c opening file to read '/mnt/c/Users/ikuto/projects/conway-99-graph/acceleration/results/20260930_hadamard_four_profile_cnfs/case_018/instance.cnf'
c found 'p cnf 10564 187408' header
c parsed 187408 clauses in 0.08 seconds process time
c 
c --- [ options ] ------------------------------------------------------------
c 
c   --binary=false                 (different from default 'true')
c 
c --- [ solving ] ------------------------------------------------------------
c 
c time measured in process time since initialization
c 
c  seconds  reductions  redundant  irredundant
c         MB    restarts       trail      variables
c          level   conflicts       glue        remaining
c 
c *  0.08 19  0 0   0    0    0  0% 0 138126 7750 73%
c {  0.08 20  0 0   0    0    0  0% 0 138126 7750 73%
c i  0.10 21 25 0  14  290  224 53% 6 138126 7749 73%
c -  0.10 21 27 1  14  300  233 53% 6 138009 7749 73%
c i  0.12 21 21 1  37  572  439 53% 6 138009 7748 73%
c i  0.13 21 19 1  37  645  491 53% 6 138009 7747 73%
c i  0.13 21 17 1  37  818  656 53% 6 138009 7746 73%
c i  0.14 21 19 1  46  968  789 54% 6 138009 7745 73%
c i  0.14 21 19 1  47  969  789 54% 6 138009 7744 73%
c i  0.14 21 19 1  47  970  789 54% 6 138009 7743 73%
c -  0.16 27 19 2  50  984  362 54% 6 137727 7743 73%
c }  0.16 27 19 2  50 1002  373 54% 6 137727 7743 73%
c [  0.16 27  0 2  50 1002  373  0% 0 137727 7743 73%
c O  0.16 27  1 2  50 1003  373 50% 0 137727 7743 73%
c i  0.16 27  1 2  50 1003  373 50% 0 137727 7742 73%
c i  0.19 27 38 2  50 1398  702 62% 11 137727 7646 72%
c -  0.25 27 52 3  50 2013 1130 62% 19 133853 7646 72%
c i  0.26 26 52 3  50 2016 1132 28% 19 133853 7645 72%
c i  0.30 26 46 3  51 2648 1650 45% 17 133853 7644 72%
c ]  0.33 26 45 3  51 3002 1935 45% 17 133853 7644 72%
c 
c  seconds  reductions  redundant  irredundant
c         MB    restarts       trail      variables
c          level   conflicts       glue        remaining
c 
c {  0.33 26 19 3  51 3002 1935 74% 6 133853 7644 72%
c F  0.33 26 19 3  51 3004 1937 74% 6 133853 7644 72%
c -  0.36 27 18 4  63 3364 1719 65% 5 133759 7644 72%
c i  0.36 27 18 4  63 3473 1800 64% 5 133759 7643 72%
c i  0.37 27 20 4  64 3663 1946 61% 5 133759 7641 72%
c i  0.39 27 20 4  84 3937 2140 58% 5 133759 7640 72%
c i  0.39 27 20 4  98 3984 2181 58% 5 133759 7639 72%
c i  0.39 27 20 4 102 4000 2195 58% 5 133759 7638 72%
c i  0.40 27 20 4 104 4032 2222 57% 5 133759 7637 72%
c i  0.40 27 20 4 104 4071 2249 57% 5 133759 7636 72%
c i  0.40 27 20 4 107 4129 2292 56% 5 133759 7635 72%
c i  0.41 27 20 4 109 4178 2316 56% 6 133759 7634 72%
c i  0.41 27 20 4 129 4258 2383 55% 6 133759 7631 72%
c i  0.42 27 20 4 146 4435 2527 54% 6 133759 7526 71%
c i  0.42 27 21 4 149 4452 2541 54% 6 133759 7523 71%
c d  0.46 27 22 4 231 5001 2688 52% 6 129967 7423 70%
c d  0.46 27 22 4 231 5001 2687 52% 6 129842 7364 70%
c 2  0.47 27 22 4 231 5001 2680 52% 6 129842 7363 70%
c p  0.53 27 22 4 231 5001 84038 52% 6 129842 7308 69%
c d  0.54 28 22 4 231 5001 81207 52% 6 127256 7291 69%
c 
c  seconds  reductions   redundant  irredundant
c         MB    restarts        trail      variables
c          level   conflicts        glue        remaining
c 
c d  0.55 28 22 4 231 5001 81207 52% 6 127150 7238 69%
c -  0.57 28 22 5 234 5054 3186 52% 6 127150 7238 69%
c i  0.58 28 23 5 261 5238 3340 51% 7 127150 7237 69%
c i  0.58 28 23 5 261 5239 3340 51% 7 127150 7236 68%
c i  0.58 28 23 5 261 5240 3340 51% 7 127150 7235 68%
c i  0.58 28 23 5 262 5241 3340 51% 7 127150 7234 68%
c i  0.58 28 23 5 262 5243 3340 51% 7 127150 7231 68%
c i  0.61 28 22 5 313 5728 3702 50% 7 127150 7230 68%
c #  0.62 28 22 5 337 6005 3924 49% 7 127150 7230 68%
c i  0.63 28 22 5 340 6075 3982 49% 7 127150 7229 68%
c i  0.67 28 23 5 405 6819 4505 47% 7 127150 7228 68%
c i  0.67 28 22 5 405 6952 4584 46% 7 127150 7227 68%
c i  0.67 28 22 5 405 6989 4614 46% 7 127150 7220 68%
c }  0.67 28 22 5 406 7003 4624 46% 7 127150 7214 68%
c [  0.67 28 45 5 406 7003 4624 45% 17 127150 7214 68%
c -  0.69 33 44 6 406 7042 3132 45% 17 126135 7214 68%
c s  0.78 34 39 6 407 8313 4118 39% 15 124280 7214 68%
c v  0.80 34 39 6 407 8313 4118 39% 15 124265 7214 68%
c w  0.80 34 39 6 407 8313 4118 39% 15 124265 7214 68%
c t  0.81 34 39 6 407 8313 4118 39% 15 124258 7214 68%
c 
c  seconds  reductions  redundant   irredundant
c         MB    restarts       trail       variables
c          level   conflicts       glue         remaining
c 
c e  0.84 34 39 6 407 8313 3560 39% 15 123021 6020 57%
c s  0.84 34 39 6 407 8313 3556 39% 15 123021 6020 57%
c ^  0.84 34 39 6 407 8313 3556 39% 15 123021 6020 57%
c -  0.93 37 39 7 408 9359 3615 35% 14 123021 6020 57%
c I  0.97 37 40 7 408 10007 4136 36% 15 123021 6020 57%
c -  1.08 37 39 8 410 11974 4484 34% 15 123021 6020 57%
c -  1.28 28 45 9 411 14916 5565 35% 17 123021 6020 57%
c 2  1.30 28 45 9 411 15001 5582 35% 17 123021 6020 57%
c p  1.37 28 45 9 411 15001 92827 35% 17 123021 5940 56%
c d  1.37 28 45 9 411 15001 88764 35% 17 119859 5932 56%
c d  1.38 28 45 9 411 15001 88742 35% 17 119839 5917 56%
c ]  1.38 28 45 9 411 15006 88747 35% 17 119839 5917 56%
c {  1.38 28 22 9 411 15006 88747 59% 7 119839 5917 56%
c B  1.38 28 22 9 413 15012 88753 59% 7 119839 5917 56%
c i  1.41 28 22 9 484 15515 89112 57% 7 119839 5916 56%
c i  1.53 29 21 9 589 17385 90447 53% 7 119839 5915 56%
c i  1.54 29 21 9 599 17531 90540 52% 7 119839 5914 56%
c i  1.54 29 21 9 612 17621 90612 52% 7 119839 5913 56%
c i  1.57 29 21 9 667 17988 90844 52% 7 119839 5911 56%
c i  1.57 29 21 9 667 17990 90845 52% 7 119839 5910 56%
c 
c  seconds  reductions     redundant  irredundant
c         MB     restarts         trail      variables
c          level     conflicts        glue        remaining
c 
c -  1.60 30 22 10 674 18185 12156 52% 7 119514 5910 56%
c i  1.63 30 22 10 743 18707 12530 51% 7 119514 5909 56%
c i  1.67 30 22 10 767 19396 13092 50% 7 119514 5908 56%
c i  1.67 30 22 10 767 19401 13093 50% 7 119514 5907 56%
c i  1.70 30 22 10 799 19875 13434 50% 7 119514 5906 56%
c i  1.71 30 22 10 822 20223 13648 49% 7 119514 5905 56%
c i  1.72 30 22 10 822 20318 13705 49% 7 119514 5904 56%
c i  1.72 30 22 10 822 20320 13706 49% 7 119514 5903 56%
c W  1.85 30 23 10 843 21013 13466 49% 7 119187 5903 56%
c i  1.85 30 23 10 848 21078 13498 49% 7 119187 5902 56%
c i  1.88 30 23 10 903 21498 13844 48% 7 119187 5901 56%
c -  1.90 30 23 11 904 21742 9036 48% 7 119094 5901 56%
c i  1.92 30 23 11 913 22180 9317 48% 7 119094 5900 56%
c i  1.92 30 23 11 913 22225 9336 48% 7 119094 5899 56%
c i  1.95 30 22 11 927 22674 9650 48% 7 119094 5898 56%
c i  1.97 30 22 11 950 23019 9885 48% 7 119094 5897 56%
c i  2.03 30 22 11 1034 24168 10691 47% 7 119094 5896 56%
c i  2.06 30 22 11 1053 24710 11108 47% 7 119094 5895 56%
c i  2.06 30 22 11 1066 24795 11157 47% 7 119094 5894 56%
c i  2.06 30 22 11 1066 24799 11160 47% 7 119094 5893 56%
c 
c  seconds  reductions      redundant  irredundant
c         MB     restarts          trail      variables
c          level      conflicts        glue        remaining
c 
c i  2.09 30 22 11 1130 25226 11489 46% 7 119094 5892 56%
c -  2.13 35 23 12 1185 25624 8455 46% 7 118678 5892 56%
c s  2.15 35 23 12 1192 25725 8411 46% 7 118666 5892 56%
c w  2.17 35 23 12 1192 25725 8408 46% 7 118666 5892 56%
c e  2.20 35 23 12 1192 25725 8283 46% 7 118619 5852 55%
c s  2.21 35 23 12 1192 25725 8273 46% 7 118619 5852 55%
c ^  2.21 35 23 12 1192 25725 8273 46% 7 118619 5852 55%
c i  2.23 35 23 12 1222 26024 8493 46% 7 118619 5851 55%
c i  2.23 35 23 12 1222 26047 8505 46% 7 118619 5850 55%
c i  2.24 35 22 12 1222 26336 8680 46% 7 118619 5849 55%
c i  2.25 35 23 12 1222 26362 8687 46% 7 118619 5848 55%
c i  2.27 35 22 12 1254 26806 9016 46% 7 118619 5847 55%
c i  2.27 35 22 12 1254 26919 9098 46% 7 118619 5846 55%
c i  2.28 35 22 12 1256 27033 9157 45% 7 118619 5845 55%
c F  2.33 35 22 12 1333 28016 9912 45% 7 118619 5845 55%
c i  2.34 35 22 12 1333 28192 10049 45% 7 118619 5844 55%
c i  2.36 35 22 12 1345 28419 10242 45% 7 118619 5842 55%
c i  2.36 35 22 12 1352 28445 10263 45% 7 118619 5841 55%
c i  2.37 35 22 12 1370 28687 10402 45% 7 118619 5840 55%
c i  2.38 35 22 12 1390 28904 10550 45% 7 118619 5838 55%
c 
c  seconds  reductions      redundant  irredundant
c         MB     restarts          trail      variables
c          level      conflicts        glue        remaining
c 
c i  2.39 35 22 12 1412 29048 10656 45% 8 118619 5837 55%
c i  2.39 35 22 12 1415 29061 10664 45% 8 118619 5835 55%
c i  2.40 35 22 12 1428 29303 10832 45% 8 118619 5834 55%
c i  2.41 35 22 12 1428 29344 10866 45% 8 118619 5828 55%
c i  2.41 35 22 12 1428 29379 10890 45% 8 118619 5827 55%
c i  2.42 35 22 12 1444 29604 11047 45% 8 118619 5812 55%
c i  2.43 35 22 12 1447 29675 11105 45% 8 118619 5811 55%
c i  2.43 35 22 12 1447 29732 11130 44% 8 118619 5734 54%
c i  2.43 35 22 12 1447 29754 11151 45% 8 118619 5733 54%
c i  2.43 35 22 12 1447 29757 11151 45% 8 118619 5732 54%
c i  2.43 35 22 12 1447 29783 11170 44% 8 118619 5731 54%
c i  2.44 35 22 12 1450 29806 11187 44% 8 118619 5730 54%
c -  2.45 35 22 13 1450 29814 6058 44% 8 114423 5730 54%
c i  2.45 35 22 13 1450 29822 6065 44% 8 114423 5729 54%
c i  2.45 35 22 13 1450 29903 6121 44% 8 114423 5699 54%
c d  2.46 35 22 13 1454 30011 5857 44% 8 112853 5639 53%
c d  2.47 35 22 13 1454 30011 5857 44% 8 112843 5634 53%
c 2  2.48 35 22 13 1454 30011 5860 44% 8 112843 5629 53%
c p  2.54 35 22 13 1454 30011 79986 44% 8 112843 5509 52%
c d  2.55 35 22 13 1454 30011 63660 44% 8 106976 5505 52%
c 
c  seconds  reductions      redundant  irredundant
c         MB     restarts          trail      variables
c          level      conflicts        glue        remaining
c 
c d  2.56 35 22 13 1454 30011 63659 44% 8 106914 5474 52%
c i  2.56 35 22 13 1460 30118 63731 44% 8 106914 5473 52%
c i  2.57 35 22 13 1460 30156 63756 44% 8 106914 5472 52%
c i  2.57 35 22 13 1460 30263 63837 44% 8 106914 5471 52%
c i  2.58 35 22 13 1471 30344 63907 44% 8 106914 5378 51%
c i  2.60 36 22 13 1472 30345 62975  5% 8 102447 5375 51%
c i  2.61 36 22 13 1489 30538 63114 33% 8 102447 5372 51%
c i  2.61 36 22 13 1489 30545 63119 33% 8 102447 5359 51%
c i  2.61 36 22 13 1495 30582 63142 32% 8 102447 5355 51%
c i  2.61 36 22 13 1495 30583 63142 32% 8 102447 5354 51%
c i  2.61 36 22 13 1496 30590 63145 32% 8 102447 5346 51%
c i  2.61 36 22 13 1496 30591 63145 32% 8 102447 5332 50%
c i  2.61 36 22 13 1496 30598 63151 31% 8 102447 5319 50%
c i  2.61 36 22 13 1496 30599 63151 31% 8 102447 5318 50%
c i  2.61 36 22 13 1496 30609 63157 32% 8 102447 5115 48%
c }  2.61 36 22 13 1496 30613 63159 32% 8 102447 3576 34%
c 0  2.62 36 22 13 1496 30613 63159 32% 8 102447 3576 34%
c 
c --- [ closing proof ] ------------------------------------------------------
c 
c DRAT proof file '/tmp/conway99-profile-018-eEDNL7/proof.drat' closed
c DRAT 304408 added clauses 48.69%
c DRAT 320807 deleted clauses 51.31%
c DRAT 24492013 bytes (23.36 MB)
c 
c --- [ result ] -------------------------------------------------------------
c 
s UNSATISFIABLE
c 
c --- [ run-time profiling ] -------------------------------------------------
c 
c process time taken by individual solving procedures
c (percentage relative to process time for solving)
c 
c         2.10   83.06% search
c         1.31   51.50% unstable
c         0.71   28.13% stable
c         0.43   16.89% simplify
c         0.20    8.02% probe
c         0.09    3.38% walk
c         0.08    3.20% parse
c         0.05    2.11% elim
c         0.04    1.77% subsume
c         0.03    1.09% vivify
c         0.02    0.80% ternary
c         0.00    0.06% lucky
c   =================================
c         2.53   96.87% solve
c 
c last line shows process time for solving
c (percentage relative to total process time)
c 
c --- [ statistics ] ---------------------------------------------------------
c 
c chronological:             12993        42.44 %  of conflicts
c conflicts:                 30613     12080.16    per second
c decisions:                104364     41182.94    per second
c eliminated:                 1234        11.68 %  of all variables
c fixed:                      5402        51.14 %  of all variables
c learned:                   28068        91.69 %  per conflict
c learned_lits:            2604476       100.00 %  learned literals
c minimized:                     0         0.00 %  learned literals
c shrunken:                1285443        49.36 %  learned literals
c minishrunken:             317782        12.20 %  learned literals
c otfs:                        127         0.41 %  of conflict
c propagations:           22930475         9.05 M  per second
c reduced:                    9606        31.38 %  per conflict
c rephased:                      7      4373.29    interval
c restarts:                   1496        20.46    interval
c stabilizing:                   2        32.68 %  of conflicts
c substituted:                 352         3.33 %  of all variables
c subsumed:                   6947         1.66 %  of all clauses
c strengthened:               1933         0.46 %  of all clauses
c ternary:                      37         0.39 %  of resolved
c trail reuses:                  0         0.00 %  of incremental calls
c vivified:                     28         0.01 %  of all clauses
c walked:                        1     30613.00    interval
c weakened:                   4385         2.28    average size
c 
c seconds are measured in process time for solving
c 
c --- [ resources ] ----------------------------------------------------------
c 
c total process time since initialization:         2.62    seconds
c total real time since initialization:            3.27    seconds
c maximum resident set size of process:           41.75    MB
c 
c --- [ shutting down ] ------------------------------------------------------
c 
c exit 20
