c --- [ banner ] -------------------------------------------------------------
c 
c CaDiCaL SAT Solver
c Copyright (c) 2016-2023 A. Biere, M. Fleury, N. Froleyks, K. Fazekas, F. Pollitt
c 
c Version 1.9.5 146207318796f094dcded87349a64f0c6927309e
c g++ (Ubuntu 13.3.0-6ubuntu2~24.04.1) 13.3.0 -Wall -Wextra -O3 -DNDEBUG
c Wed Sep 30 06:02:32 JST 2026 Linux ikutoPC 6.6.87.2-microsoft-standard-WSL2 x86_64
c 
c --- [ limit ] --------------------------------------------------------------
c 
c setting conflict limit to 1000000 conflicts (due to '1000000')
c 
c --- [ proof tracing ] ------------------------------------------------------
c 
c opening file to write '/tmp/conway99-six-profile-rank4_08_profile_0245-vnxXFD/proof.drat'
c writing non-binary proof trace to '/tmp/conway99-six-profile-rank4_08_profile_0245-vnxXFD/proof.drat'
c 
c --- [ parsing input ] ------------------------------------------------------
c 
c reading DIMACS file from '/mnt/c/Users/ikuto/projects/conway-99-graph/acceleration/results/20260930_hadamard_six_remaining_cnfs/run01/rank4_08_profile_0245/instance.cnf'
c opening file to read '/mnt/c/Users/ikuto/projects/conway-99-graph/acceleration/results/20260930_hadamard_six_remaining_cnfs/run01/rank4_08_profile_0245/instance.cnf'
c found 'p cnf 10048 174766' header
c parsed 174766 clauses in 0.08 seconds process time
c 
c --- [ options ] ------------------------------------------------------------
c 
c   --binary=false                 (different from default 'true')
c 
c --- [ solving ] ------------------------------------------------------------
c 
c time measured in process time since initialization
c 
c  seconds  reductions  redundant  irredundant
c         MB    restarts       trail      variables
c          level   conflicts       glue        remaining
c 
c *  0.08 18  0 0   0    0    0  0% 0 125034 7152 71%
c {  0.08 18  0 0   0    0    0  0% 0 125034 7152 71%
c i  0.08 18  2 0   0    5    4 35% 1 125034 7151 71%
c i  0.08 18  2 0   0    6    4 34% 1 125034 7150 71%
c i  0.08 18  2 0   0    7    4 34% 1 125034 7148 71%
c i  0.09 19 12 0   3  146  131 56% 5 125034 7147 71%
c i  0.09 19 12 0   3  149  132 56% 5 125034 7145 71%
c i  0.10 19 14 0   3  289  248 56% 4 125034 7144 71%
c -  0.10 19 15 1   4  303  259 55% 4 124473 7144 71%
c i  0.10 19 15 1   9  335  283 55% 5 124473 7140 71%
c i  0.11 19 14 1  22  463  353 54% 5 124473 7064 70%
c i  0.11 19 14 1  22  464  353 54% 5 124473 7063 70%
c i  0.12 19 15 1  37  583  415 54% 5 124473 7062 70%
c i  0.12 19 15 1  43  715  494 53% 5 124473 7061 70%
c i  0.12 19 16 1  48  763  540 53% 5 124473 7060 70%
c i  0.12 19 16 1  48  764  540 53% 5 124473 7059 70%
c i  0.12 19 16 1  48  767  542 53% 5 124473 7058 70%
c i  0.12 19 16 1  48  768  542 53% 5 124473 7057 70%
c i  0.12 19 16 1  48  769  542 53% 5 124473 7056 70%
c i  0.12 19 16 1  48  770  542 53% 5 124473 7024 70%
c 
c  seconds  reductions  redundant  irredundant
c         MB    restarts       trail      variables
c          level   conflicts       glue        remaining
c 
c i  0.13 19 16 1  48  813  576 53% 5 124473 7023 70%
c i  0.13 19 15 1  48  838  600 54% 5 124473 7017 70%
c i  0.13 19 15 1  48  891  634 53% 5 124473 7015 70%
c -  0.15 24 16 2  49  962  597 54% 5 119011 7015 70%
c }  0.15 24 17 2  59 1001  634 54% 5 119011 7015 70%
c [  0.15 24  0 2  59 1001  634  0% 0 119011 7015 70%
c O  0.15 24  3 2  59 1002  635 67% 2 119011 7015 70%
c i  0.15 24 15 2  59 1025  651 63% 8 119011 7014 70%
c i  0.15 24 14 2  59 1035  657 60% 8 119011 7013 70%
c i  0.15 24 11 2  59 1059  667 60% 6 119011 7011 70%
c i  0.18 24 34 2  59 1494 1052 56% 10 119011 7010 70%
c i  0.19 24 35 2  59 1633 1154 55% 11 119011 7009 70%
c -  0.21 26 35 3  59 1933 1197 55% 12 118777 7009 70%
c i  0.22 26 34 3  59 2023 1271 55% 12 118777 6976 69%
c i  0.22 26 34 3  60 2100 1329 55% 12 118777 6975 69%
c i  0.24 26 31 3  60 2306 1489 55% 11 118777 5925 59%
c ]  0.25 23 30 3  60 2342  413 27% 11 86496 5328 53%
c 0  0.25 23 30 3  60 2342  413 27% 11 86496 5328 53%
c 
c --- [ closing proof ] ------------------------------------------------------
c 
c DRAT proof file '/tmp/conway99-six-profile-rank4_08_profile_0245-vnxXFD/proof.drat' closed
c DRAT 11303 added clauses 10.69%
c DRAT 94439 deleted clauses 89.31%
c DRAT 3358543 bytes (3.20 MB)
c 
c --- [ result ] -------------------------------------------------------------
c 
s UNSATISFIABLE
c 
c --- [ run-time profiling ] -------------------------------------------------
c 
c process time taken by individual solving procedures
c (percentage relative to process time for solving)
c 
c         0.17   99.66% search
c         0.10   58.40% stable
c         0.08   44.37% parse
c         0.07   40.14% unstable
c         0.00    1.08% lucky
c         0.00    0.00% simplify
c   =================================
c         0.17   68.99% solve
c 
c last line shows process time for solving
c (percentage relative to total process time)
c 
c --- [ statistics ] ---------------------------------------------------------
c 
c chronological:              1043        44.53 %  of conflicts
c conflicts:                  2342     13407.53    per second
c decisions:                  6556     37531.92    per second
c fixed:                      4720        46.97 %  of all variables
c learned:                    2199        93.89 %  per conflict
c learned_lits:             157321       100.00 %  learned literals
c minimized:                     0         0.00 %  learned literals
c shrunken:                  51465        32.71 %  learned literals
c minishrunken:              27269        17.33 %  learned literals
c otfs:                         23         0.98 %  of conflict
c propagations:            1404218         8.04 M  per second
c reduced:                     208         8.88 %  per conflict
c rephased:                      1      2342.00    interval
c restarts:                     60        39.03    interval
c stabilizing:                   1        57.26 %  of conflicts
c subsumed:                    332         0.26 %  of all clauses
c strengthened:                 23         0.02 %  of all clauses
c trail reuses:                  0         0.00 %  of incremental calls
c 
c seconds are measured in process time for solving
c 
c --- [ resources ] ----------------------------------------------------------
c 
c total process time since initialization:         0.25    seconds
c total real time since initialization:            0.88    seconds
c maximum resident set size of process:           29.70    MB
c 
c --- [ shutting down ] ------------------------------------------------------
c 
c exit 20
