c --- [ banner ] -------------------------------------------------------------
c 
c CaDiCaL SAT Solver
c Copyright (c) 2016-2023 A. Biere, M. Fleury, N. Froleyks, K. Fazekas, F. Pollitt
c 
c Version 1.9.5 146207318796f094dcded87349a64f0c6927309e
c g++ (Ubuntu 13.3.0-6ubuntu2~24.04.1) 13.3.0 -Wall -Wextra -O3 -DNDEBUG
c Wed Sep 30 06:02:32 JST 2026 Linux ikutoPC 6.6.87.2-microsoft-standard-WSL2 x86_64
c 
c --- [ limit ] --------------------------------------------------------------
c 
c setting conflict limit to 1000000 conflicts (due to '1000000')
c 
c --- [ proof tracing ] ------------------------------------------------------
c 
c opening file to write '/tmp/conway99-seven-profile-rank5_13_profile_0000-z2rSjN/proof.drat'
c writing non-binary proof trace to '/tmp/conway99-seven-profile-rank5_13_profile_0000-z2rSjN/proof.drat'
c 
c --- [ parsing input ] ------------------------------------------------------
c 
c reading DIMACS file from '/mnt/c/Users/ikuto/projects/conway-99-graph/acceleration/results/20260930_hadamard_seven_remaining_cnfs/run01/rank5_13_profile_0000/instance.cnf'
c opening file to read '/mnt/c/Users/ikuto/projects/conway-99-graph/acceleration/results/20260930_hadamard_seven_remaining_cnfs/run01/rank5_13_profile_0000/instance.cnf'
c found 'p cnf 9880 170650' header
c parsed 170650 clauses in 0.07 seconds process time
c 
c --- [ options ] ------------------------------------------------------------
c 
c   --binary=false                 (different from default 'true')
c 
c --- [ solving ] ------------------------------------------------------------
c 
c time measured in process time since initialization
c 
c  seconds  reductions  redundant  irredundant
c         MB    restarts       trail      variables
c          level   conflicts       glue        remaining
c 
c *  0.07 18  0 0   0    0    0  0% 0 120722 6954 70%
c {  0.08 18  0 0   0    0    0  0% 0 120722 6954 70%
c i  0.08 19 15 0   4  115   97 49% 4 120722 6952 70%
c i  0.08 19 15 0   4  116   97 49% 4 120722 6950 70%
c i  0.08 19 15 0   4  117   97 49% 4 120722 6949 70%
c i  0.08 19 15 0   4  118   97 49% 4 120722 6948 70%
c i  0.08 19 15 0   4  119   97 49% 4 120722 6947 70%
c i  0.08 19 14 0   4  120   97 49% 4 120722 6946 70%
c i  0.08 19 14 0   4  121   97 49% 4 120722 6945 70%
c i  0.08 19 14 0   4  122   97 48% 4 120722 6944 70%
c i  0.08 19 14 0   4  123   97 48% 4 120722 6943 70%
c i  0.08 19 14 0   4  124   97 48% 4 120722 6942 70%
c i  0.08 19 14 0   4  125   97 48% 4 120722 6941 70%
c i  0.08 19 14 0   4  126   97 48% 4 120722 6936 70%
c i  0.09 19 19 0  15  196  134 47% 5 120722 6813 69%
c -  0.10 19 26 1  38  311  233 51% 6 117066 6813 69%
c i  0.10 19 23 1  40  354  240 51% 6 117066 6812 69%
c i  0.10 19 26 1  43  394  269 51% 6 117066 6811 69%
c i  0.11 19 22 1  46  508  316 52% 6 117066 6810 69%
c i  0.12 19 22 1  64  703  456 51% 6 117066 6809 69%
c 
c  seconds  reductions  redundant  irredundant
c         MB    restarts       trail      variables
c          level   conflicts       glue        remaining
c 
c i  0.12 19 23 1  76  765  487 50% 6 117066 6808 69%
c i  0.12 19 23 1  77  769  490 50% 6 117066 6807 69%
c i  0.13 19 29 1  79  934  623 51% 6 117066 6806 69%
c -  0.14 24 29 2  84  956  538 52% 6 116795 6806 69%
c i  0.14 24 29 2  85  990  555 52% 6 116795 6805 69%
c }  0.14 24 29 2  85 1000  563 52% 6 116795 6805 69%
c [  0.14 24  0 2  85 1000  563  0% 0 116795 6805 69%
c O  0.14 24 52 2  85 1002  565 48% 10 116795 6805 69%
c i  0.14 24 15 2  85 1008  569 49% 3 116795 6804 69%
c i  0.15 24  8 2  85 1035  582 57% 3 116795 6803 69%
c i  0.15 24 13 2  85 1206  703 50% 7 116795 6701 68%
c i  0.15 24 13 2  85 1216  711 50% 7 116795 6700 68%
c i  0.16 24 13 2  85 1275  752 50% 6 116795 6699 68%
c i  0.16 24 12 2  85 1305  765 50% 6 116795 5592 57%
c ]  0.16 24 12 2  85 1307  765 50% 6 116795 4930 50%
c 0  0.16 24 12 2  85 1307  765 50% 6 116795 4930 50%
c 
c --- [ closing proof ] ------------------------------------------------------
c 
c DRAT proof file '/tmp/conway99-seven-profile-rank5_13_profile_0000-z2rSjN/proof.drat' closed
c DRAT 7544 added clauses 11.93%
c DRAT 55683 deleted clauses 88.07%
c DRAT 1653824 bytes (1.58 MB)
c 
c --- [ result ] -------------------------------------------------------------
c 
s UNSATISFIABLE
c 
c --- [ run-time profiling ] -------------------------------------------------
c 
c process time taken by individual solving procedures
c (percentage relative to process time for solving)
c 
c         0.08   99.01% search
c         0.07   85.81% parse
c         0.07   80.06% unstable
c         0.01   17.10% stable
c         0.00    1.81% lucky
c         0.00    0.00% simplify
c   =================================
c         0.08   53.55% solve
c 
c last line shows process time for solving
c (percentage relative to total process time)
c 
c --- [ statistics ] ---------------------------------------------------------
c 
c chronological:               609        46.60 %  of conflicts
c conflicts:                  1307     15397.85    per second
c decisions:                  5763     67894.25    per second
c fixed:                      4950        50.10 %  of all variables
c learned:                    1156        88.45 %  per conflict
c learned_lits:              51264       100.00 %  learned literals
c minimized:                     0         0.00 %  learned literals
c shrunken:                  27554        53.75 %  learned literals
c minishrunken:               3608         7.04 %  learned literals
c otfs:                         12         0.92 %  of conflict
c propagations:             706349         8.32 M  per second
c reduced:                      42         3.21 %  per conflict
c rephased:                      1      1307.00    interval
c restarts:                     85        15.38    interval
c stabilizing:                   1        23.49 %  of conflicts
c subsumed:                    257         0.21 %  of all clauses
c strengthened:                 12         0.01 %  of all clauses
c trail reuses:                  0         0.00 %  of incremental calls
c 
c seconds are measured in process time for solving
c 
c --- [ resources ] ----------------------------------------------------------
c 
c total process time since initialization:         0.16    seconds
c total real time since initialization:            0.92    seconds
c maximum resident set size of process:           23.95    MB
c 
c --- [ shutting down ] ------------------------------------------------------
c 
c exit 20
