c --- [ banner ] -------------------------------------------------------------
c 
c CaDiCaL SAT Solver
c Copyright (c) 2016-2023 A. Biere, M. Fleury, N. Froleyks, K. Fazekas, F. Pollitt
c 
c Version 1.9.5 146207318796f094dcded87349a64f0c6927309e
c g++ (Ubuntu 13.3.0-6ubuntu2~24.04.1) 13.3.0 -Wall -Wextra -O3 -DNDEBUG
c Wed Sep 30 06:02:32 JST 2026 Linux ikutoPC 6.6.87.2-microsoft-standard-WSL2 x86_64
c 
c --- [ limit ] --------------------------------------------------------------
c 
c setting conflict limit to 1000000 conflicts (due to '1000000')
c 
c --- [ proof tracing ] ------------------------------------------------------
c 
c opening file to write '/tmp/conway99-balanced-gram-VwAlRm/proof.drat'
c writing non-binary proof trace to '/tmp/conway99-balanced-gram-VwAlRm/proof.drat'
c 
c --- [ parsing input ] ------------------------------------------------------
c 
c reading DIMACS file from '/mnt/c/Users/ikuto/projects/conway-99-graph/acceleration/results/20260930_hadamard_balanced_gram_cnf/instance.cnf'
c opening file to read '/mnt/c/Users/ikuto/projects/conway-99-graph/acceleration/results/20260930_hadamard_balanced_gram_cnf/instance.cnf'
c found 'p cnf 10480 74200' header
c parsed 74200 clauses in 0.03 seconds process time
c 
c --- [ options ] ------------------------------------------------------------
c 
c   --binary=false                 (different from default 'true')
c 
c --- [ solving ] ------------------------------------------------------------
c 
c time measured in process time since initialization
c 
c  seconds  reductions  redundant  irredundant
c         MB    restarts       trail      variables
c          level   conflicts       glue        remaining
c 
c *  0.03 14  0 0   0    0    0  0% 0 74200 10480 100%
c {  0.03 14  0 0   0    0    0  0% 0 74200 10480 100%
c -  0.05 15 18 1  12  301  235 39% 5 74200 10480 100%
c -  0.09 18 23 2  67  901  691 38% 7 74200 10480 100%
c }  0.10 18 23 2  81 1000  749 37% 7 74200 10480 100%
c [  0.10 18  0 2  81 1000  749  0% 0 74200 10480 100%
c O  0.10 18 146 2  81 1045  780 34% 4 74200 10480 100%
c -  0.16 18 28 3  81 1801 1140 55% 9 74200 10480 100%
c ]  0.24 18 38 3  82 3001 2130 50% 15 74200 10480 100%
c {  0.24 18 23 3  82 3001 2130 37% 7 74200 10480 100%
c -  0.25 18 23 4  83 3001 1659 37% 7 74200 10480 100%
c F  0.25 18 25 4  91 3046 1697 37% 7 74200 10480 100%
c -  0.34 18 26 5 208 4504 2034 39% 7 74200 10480 100%
c d  0.37 18 25 5 255 5001 2412 38% 7 74120 10440 100%
c p  0.43 24 25 5 255 5001 110861 38% 7 74120 10440 100%
c d  0.43 25 25 5 255 5001 110807 38% 7 74120 10413 99%
c s  0.50 31 24 5 293 5651 111141 40% 7 74120 10413 99%
c v  0.52 31 24 5 293 5651 111141 40% 7 74116 10413 99%
c w  0.52 31 24 5 293 5651 111119 40% 7 74116 10413 99%
c t  0.53 31 24 5 293 5651 111118 40% 7 74044 10413 99%
c 
c  seconds  reductions   redundant   irredundant
c         MB    restarts         trail     variables
c          level   conflicts         glue       remaining
c 
c e  0.55 31 24 5 293 5651 105761 40% 7 72539 8921 85%
c s  0.56 31 24 5 293 5651 105742 40% 7 72539 8921 85%
c ^  0.56 31 24 5 293 5651 105742 40% 7 72539 8921 85%
c #  0.61 34 24 5 331 6047 106056 49% 7 72539 8921 85%
c -  0.64 28 25 6 373 6304 4880 46% 7 72539 8921 85%
c }  0.67 28 25 6 425 7007 5417 42% 7 72539 8921 85%
c [  0.67 28 38 6 425 7007 5417 59% 15 72539 8921 85%
c i  0.74 28 35 6 426 7951 6134 54% 15 72539 8920 85%
c -  0.77 29 38 7 426 8411 3012 52% 15 72521 8920 85%
c I  0.88 29 56 7 427 10049 4408 49% 19 72521 8920 85%
c -  0.92 32 62 8 428 10811 3933 46% 21 72521 8920 85%
c -  1.10 32 70 9 429 13513 4742 42% 26 72521 8920 85%
c 2  1.21 32 66 9 430 15001 6011 42% 25 72521 8920 85%
c p  1.26 32 66 9 430 15001 120175 42% 25 72521 8920 85%
c d  1.27 32 66 9 430 15001 120171 42% 25 72521 8918 85%
c ]  1.27 32 66 9 430 15008 120178 42% 25 72521 8918 85%
c {  1.27 32 25 9 430 15008 120178 42% 7 72521 8918 85%
c B  1.28 32 25 9 433 15054 120221 43% 7 72521 8918 85%
c -  1.36 32 24 10 509 16516 6688 41% 7 72521 8918 85%
c i  1.38 32 23 10 520 16797 6874 40% 7 72521 8917 85%
c 
c  seconds  reductions    redundant  irredundant
c         MB     restarts        trail     variables
c          level     conflicts       glue       remaining
c 
c s  1.43 32 22 10 526 17747 7676 39% 7 72521 8917 85%
c v  1.44 32 22 10 526 17747 7676 39% 7 72519 8917 85%
c w  1.44 32 22 10 526 17747 7676 39% 7 72519 8917 85%
c t  1.45 32 22 10 526 17747 7676 39% 7 72518 8917 85%
c e  1.47 32 22 10 526 17747 7237 39% 7 72679 8736 83%
c s  1.47 32 22 10 526 17747 7234 39% 7 72679 8736 83%
c ^  1.47 32 22 10 526 17747 7234 39% 7 72679 8736 83%
c i  1.50 32 21 10 535 18411 7682 39% 7 72679 8735 83%
c -  1.59 32 22 11 649 19816 4057 40% 7 72661 8735 83%
c W  1.69 32 22 11 715 21059 5034 41% 7 72661 8735 83%
c i  1.73 32 22 11 726 21798 5588 41% 7 72661 8734 83%
c i  1.76 32 21 11 738 22529 6087 40% 7 72661 8733 83%
c -  1.82 32 22 12 811 23419 4897 40% 7 72625 8733 83%
c i  2.03 32 23 12 1069 27136 7741 41% 7 72625 8732 83%
c -  2.05 33 23 13 1090 27319 6025 41% 7 72607 8732 83%
c F  2.09 33 23 13 1114 28061 6669 41% 7 72607 8732 83%
c 2  2.22 33 24 13 1304 30002 8194 42% 7 72607 8732 83%
c p  2.27 33 24 13 1304 30002 117124 42% 7 72607 8732 83%
c d  2.28 33 24 13 1304 30002 117122 42% 7 72607 8731 83%
c }  2.35 33 24 13 1412 31009 117926 42% 7 72607 8731 83%
c 
c  seconds  reductions      redundant    irredundant
c         MB     restarts           trail      variables
c          level      conflicts         glue        remaining
c 
c [  2.35 33 66 13 1412 31009 117926 42% 25 72607 8731 83%
c -  2.39 33 64 14 1412 31519 9174 42% 24 72607 8731 83%
c i  2.47 33 59 14 1412 32860 10231 41% 22 72607 8730 83%
c -  2.72 33 59 15 1415 36020 8452 43% 22 72589 8730 83%
c B  2.72 33 58 15 1415 36063 8490 43% 22 72589 8730 83%
c s  2.73 33 58 15 1415 36086 8372 43% 22 72589 8730 83%
c w  2.75 33 58 15 1415 36086 8372 43% 22 72589 8730 83%
c t  2.76 33 58 15 1415 36086 8372 43% 22 72584 8730 83%
c e  2.78 33 58 15 1415 36086 7228 43% 22 74217 7840 75%
c s  2.78 33 58 15 1415 36086 7222 43% 22 74217 7840 75%
c ^  2.79 33 58 15 1415 36086 7222 43% 22 74217 7840 75%
c i  3.07 33 51 15 1417 39623 10233 58% 19 74217 7839 75%
c -  3.14 33 51 16 1418 40820 6501 52% 19 74197 7839 75%
c W  3.47 33 52 16 1419 45074 10226 44% 19 74197 7839 75%
c -  3.54 34 52 17 1419 45922 9310 45% 19 74197 7839 75%
c 2  3.88 34 51 17 1420 50002 12935 47% 19 74197 7839 75%
c p  3.92 34 51 17 1420 50002 108151 47% 19 74197 7839 75%
c -  4.06 40 52 18 1420 51326 12458 47% 19 74197 7839 75%
c O  4.40 40 50 18 1420 55081 15848 47% 19 74197 7839 75%
c -  4.53 40 50 19 1422 57028 13173 46% 18 74197 7839 75%
c 
c  seconds  reductions      redundant   irredundant
c         MB     restarts          trail      variables
c          level      conflicts        glue        remaining
c 
c s  5.02 40 53 19 1426 62029 17609 48% 19 74197 7839 75%
c w  5.04 40 53 19 1426 62029 17602 48% 19 74197 7839 75%
c t  5.06 40 53 19 1426 62029 17602 48% 19 74194 7839 75%
c e  5.09 40 53 19 1426 62029 9837 48% 19 75965 7107 68%
c s  5.11 40 53 19 1426 62029 9822 48% 19 75965 7107 68%
c ^  5.11 40 53 19 1426 62029 9822 48% 19 75965 7107 68%
c ]  5.19 40 53 19 1426 63009 10673 48% 18 75965 7107 68%
c {  5.19 40 24 19 1426 63009 10673 48% 7 75965 7107 68%
c -  5.20 40 24 20 1432 63028 8581 48% 7 75965 7107 68%
c i  5.34 40 23 20 1578 65337 10280 47% 7 75965 7106 68%
c B  5.38 40 24 20 1632 66082 10766 46% 7 75965 7106 68%
c i  5.47 40 24 20 1762 67694 12119 45% 7 75965 7105 68%
c -  5.57 40 24 21 1930 69329 9840 45% 7 75925 7105 68%
c i  5.65 40 23 21 1969 70966 11036 45% 7 75925 7104 68%
c i  5.82 40 23 21 2177 73921 13218 44% 7 75925 7103 68%
c p  5.95 40 23 21 2232 75002 104781 44% 7 75925 7103 68%
c d  5.96 40 23 21 2232 75002 102852 44% 7 75885 7102 68%
c i  5.97 40 23 21 2238 75238 103032 44% 7 75885 7101 68%
c -  6.03 40 23 22 2250 75930 12030 44% 7 75865 7101 68%
c W  6.28 40 23 22 2349 78083 13680 44% 7 75865 7101 68%
c 
c  seconds  reductions      redundant  irredundant
c         MB     restarts          trail     variables
c          level      conflicts        glue       remaining
c 
c -  6.54 40 22 23 2654 82832 14026 43% 7 75865 7101 68%
c i  6.55 40 22 23 2657 82969 14113 43% 7 75865 7100 68%
c i  6.62 40 22 23 2695 84165 15022 43% 7 75865 7099 68%
c i  6.83 40 22 23 2978 88115 17909 42% 7 75865 7098 68%
c i  6.89 40 22 23 3020 89449 18854 42% 7 75865 7097 68%
c -  6.94 40 22 24 3060 90033 13508 42% 7 75785 7097 68%
c #  7.00 40 22 24 3150 91084 14303 42% 7 75785 7097 68%
c i  7.14 40 22 24 3267 93435 16135 42% 7 75785 7096 68%
c i  7.18 40 21 24 3285 94180 16734 42% 7 75785 7095 68%
c s  7.32 40 22 24 3447 96212 18045 42% 7 75785 7095 68%
c v  7.34 40 22 24 3447 96212 18045 42% 7 75784 7095 68%
c w  7.35 40 22 24 3447 96212 18037 42% 7 75784 7095 68%
c e  7.39 40 22 24 3447 96212 13910 42% 7 78353 6551 63%
c s  7.41 40 22 24 3447 96212 13888 42% 7 77280 6551 63%
c -  7.50 40 22 25 3543 97535 11429 49% 7 77280 6551 63%
c i  7.55 40 22 25 3603 98474 12137 46% 7 77280 6550 62%
c i  7.57 40 22 25 3605 98841 12396 46% 7 77280 6549 62%
c i  7.82 40 21 25 3868 103696 16006 46% 7 77280 6548 62%
c 2  7.90 40 22 25 3979 105002 17006 46% 7 77280 6548 62%
c p  7.96 40 22 25 3979 105002 110403 46% 7 77280 6548 62%
c 
c  seconds  reductions       redundant   irredundant
c         MB     restarts            trail     variables
c          level      conflicts          glue       remaining
c 
c d  7.96 40 22 25 3979 105002 108616 46% 7 77218 6547 62%
c B  7.97 40 22 25 3986 105085 108671 46% 7 77218 6547 62%
c -  8.01 40 22 26 4003 105335 13582 46% 7 77218 6547 62%
c i  8.16 40 21 26 4125 108149 15637 47% 7 77218 6546 62%
c i  8.36 40 21 26 4341 112166 18703 47% 7 77218 6545 62%
c -  8.45 40 21 27 4417 113437 15217 47% 7 77178 6545 62%
c i  8.50 40 21 27 4433 114293 15877 47% 7 77178 6544 62%
c i  8.56 40 21 27 4527 115392 16716 47% 7 77178 6543 62%
c i  8.61 40 21 27 4591 116539 17495 47% 7 77178 6542 62%
c i  8.66 40 21 27 4601 117544 18309 46% 7 77178 6541 62%
c W  8.99 40 21 27 4766 120086 18368 46% 7 77098 6541 62%
c -  9.09 40 21 28 4841 121837 15913 46% 7 77098 6541 62%
c i  9.09 40 21 28 4841 121880 15934 46% 7 77098 6540 62%
c i  9.19 40 21 28 4986 123558 17243 46% 7 77098 6539 62%
c i  9.34 40 21 28 5193 126279 19232 46% 7 77098 6538 62%
c }  9.40 40 21 28 5277 127012 19826 47% 7 77098 6538 62%
c [  9.40 40 53 28 5277 127012 19826 58% 18 77098 6538 62%
c -  9.67 40 50 29 5278 130537 17526 57% 18 77039 6538 62%
c i  9.92 40 48 29 5280 133699 20033 57% 17 77039 6537 62%
c B 10.13 40 47 29 5281 136087 22090 58% 17 77039 6537 62%
c 
c  seconds  reductions       redundant   irredundant
c         MB     restarts           trail      variables
c          level      conflicts         glue        remaining
c 
c s 10.39 40 46 29 5284 138937 24240 58% 17 77039 6537 62%
c v 10.42 40 46 29 5284 138937 24240 58% 17 77030 6537 62%
c t 10.46 40 46 29 5284 138937 24164 58% 17 76856 6537 62%
c e 10.47 40 46 29 5284 138937 24164 58% 17 76840 6536 62%
c s 10.48 40 46 29 5284 138937 24137 58% 17 76840 6536 62%
c ^ 10.48 40 46 29 5284 138937 24137 58% 17 76840 6536 62%
c - 10.55 40 45 30 5284 139539 17633 58% 17 76840 6536 62%
c 2 10.60 40 45 30 5284 140003 18041 58% 17 76840 6536 62%
c p 10.65 40 45 30 5284 140003 103589 58% 17 76840 6536 62%
c - 11.52 48 42 31 5286 148841 28396 57% 16 76840 6536 62%
c W 12.18 48 41 31 5286 153089 32268 58% 16 76840 6536 62%
c i 12.24 48 41 31 5287 153837 32891 58% 15 76840 6529 62%
c - 12.74 40 41 32 5287 158442 21504 58% 16 76704 6529 62%
c - 13.79 50 41 33 5287 168342 25854 58% 15 76704 6529 62%
c I 14.07 50 40 33 5288 171092 28279 58% 15 76704 6529 62%
c - 14.71 40 40 34 5293 178549 27353 56% 16 76704 6529 62%
c p 14.91 40 40 34 5294 180005 96913 55% 16 76704 6529 62%
c s 15.83 42 38 34 5299 188713 103912 54% 15 76704 6529 62%
c w 15.90 42 38 34 5299 188713 103901 54% 15 76704 6529 62%
c t 15.94 42 38 34 5299 188713 103846 54% 15 76671 6529 62%
c 
c  seconds  reductions       redundant   irredundant
c         MB     restarts           trail      variables
c          level      conflicts         glue        remaining
c 
c e 15.99 42 38 34 5299 188713 79263 54% 15 88327 5463 52%
c s 16.03 45 38 34 5299 188713 79222 54% 15 82653 5463 52%
c e 16.06 48 38 34 5299 188713 74412 54% 15 86547 5110 49%
c - 16.11 48 38 35 5299 189050 19858 48% 15 86547 5110 49%
c B 16.18 48 38 35 5300 190095 20726 50% 15 86547 5110 49%
c - 16.98 50 37 36 5302 199857 24205 58% 15 86547 5110 49%
c W 18.21 50 35 36 5307 210096 33178 59% 15 86547 5110 49%
c - 18.31 50 35 37 5308 210957 27029 59% 15 86547 5110 49%
c - 19.28 50 33 38 5314 222359 28894 58% 14 86547 5110 49%
c 2 19.55 50 33 38 5315 225005 31215 58% 14 86547 5110 49%
c p 19.62 50 33 38 5315 225005 92459 58% 14 86547 5104 49%
c O 20.21 50 32 38 5317 231099 97725 58% 14 86547 5104 49%
c - 20.54 40 32 39 5317 234063 36162 58% 14 86404 5104 49%
c i 20.86 40 31 39 5317 237578 39116 58% 14 86404 5068 48%
c i 21.34 40 30 39 5318 242967 43471 58% 14 86404 4996 48%
c - 21.68 38 30 40 5318 246063 28311 58% 13 83956 4996 48%
c i 21.80 38 30 40 5318 247225 29236 58% 13 83956 4862 46%
c i 21.90 38 30 40 5318 248696 30380 57% 13 83956 4567 44%
c ] 21.93 42 30 40 5318 248698 18159  3% 13 75033 4498 43%
c 0 21.93 42 30 40 5318 248698 18159  3% 13 75033 4498 43%
c 
c --- [ closing proof ] ------------------------------------------------------
c 
c DRAT proof file '/tmp/conway99-balanced-gram-VwAlRm/proof.drat' closed
c DRAT 1185177 added clauses 50.42%
c DRAT 1165533 deleted clauses 49.58%
c DRAT 227098316 bytes (216.58 MB)
c 
c --- [ result ] -------------------------------------------------------------
c 
s UNSATISFIABLE
c 
c --- [ run-time profiling ] -------------------------------------------------
c 
c process time taken by individual solving procedures
c (percentage relative to process time for solving)
c 
c        20.48   93.54% search
c        14.61   66.71% stable
c         4.91   22.44% unstable
c         1.41    6.46% simplify
c         0.96    4.38% walk
c         0.48    2.19% probe
c         0.26    1.19% subsume
c         0.19    0.87% elim
c         0.18    0.82% vivify
c         0.06    0.27% ternary
c         0.03    0.14% parse
c         0.00    0.01% lucky
c   =================================
c        21.90   99.85% solve
c 
c last line shows process time for solving
c (percentage relative to total process time)
c 
c --- [ statistics ] ---------------------------------------------------------
c 
c chronological:             77592        31.20 %  of conflicts
c conflicts:                248698     11357.92    per second
c decisions:                540957     24705.25    per second
c eliminated:                 5259        50.18 %  of all variables
c fixed:                       651         6.21 %  of all variables
c learned:                  235083        94.53 %  per conflict
c learned_lits:           38693842       100.00 %  learned literals
c minimized:                     0         0.00 %  learned literals
c shrunken:               12154146        31.41 %  learned literals
c minishrunken:            7655513        19.78 %  learned literals
c otfs:                       1031         0.41 %  of conflict
c propagations:          213034025         9.73 M  per second
c reduced:                  104211        41.90 %  per conflict
c rephased:                     21     11842.76    interval
c restarts:                   5318        46.77    interval
c stabilizing:                   4        65.82 %  of conflicts
c substituted:                  72         0.69 %  of all variables
c subsumed:                  41632         3.40 %  of all clauses
c strengthened:              19913         1.63 %  of all clauses
c ternary:                      80         0.15 %  of resolved
c trail reuses:                  0         0.00 %  of incremental calls
c vivified:                     91         0.01 %  of all clauses
c walked:                        6     41449.67    interval
c weakened:                  17652         2.40    average size
c 
c seconds are measured in process time for solving
c 
c --- [ resources ] ----------------------------------------------------------
c 
c total process time since initialization:        21.93    seconds
c total real time since initialization:           22.19    seconds
c maximum resident set size of process:           61.30    MB
c 
c --- [ shutting down ] ------------------------------------------------------
c 
c exit 20
