c --- [ banner ] -------------------------------------------------------------
c 
c CaDiCaL SAT Solver
c Copyright (c) 2016-2023 A. Biere, M. Fleury, N. Froleyks, K. Fazekas, F. Pollitt
c 
c Version 1.9.5 146207318796f094dcded87349a64f0c6927309e
c g++ (Ubuntu 13.3.0-6ubuntu2~24.04.1) 13.3.0 -Wall -Wextra -O3 -DNDEBUG
c Wed Sep 30 06:02:32 JST 2026 Linux ikutoPC 6.6.87.2-microsoft-standard-WSL2 x86_64
c 
c --- [ limit ] --------------------------------------------------------------
c 
c setting conflict limit to 1000000 conflicts (due to '1000000')
c 
c --- [ proof tracing ] ------------------------------------------------------
c 
c opening file to write '/tmp/conway99-exact-eight-0121-HL1Pcr/proof.drat'
c writing non-binary proof trace to '/tmp/conway99-exact-eight-0121-HL1Pcr/proof.drat'
c 
c --- [ parsing input ] ------------------------------------------------------
c 
c reading DIMACS file from '/mnt/c/Users/ikuto/projects/conway-99-graph/acceleration/results/20261001_exact_eight_prefix64_batch02_cnfs_part00/case_0121/instance.cnf'
c opening file to read '/mnt/c/Users/ikuto/projects/conway-99-graph/acceleration/results/20261001_exact_eight_prefix64_batch02_cnfs_part00/case_0121/instance.cnf'
c found 'p cnf 9748 167416' header
c parsed 167416 clauses in 0.06 seconds process time
c 
c --- [ options ] ------------------------------------------------------------
c 
c   --binary=false                 (different from default 'true')
c 
c --- [ solving ] ------------------------------------------------------------
c 
c time measured in process time since initialization
c 
c  seconds  reductions  redundant  irredundant
c         MB    restarts       trail      variables
c          level   conflicts       glue        remaining
c 
c *  0.06 17  0 0   0    0    0  0% 0 117492 6820 70%
c {  0.06 18  0 0   0    0    0  0% 0 117492 6820 70%
c i  0.06 18 22 0   0   13   10 47% 3 117492 6819 70%
c i  0.07 18 24 0   2   60   52 54% 6 117492 6818 70%
c i  0.07 18 24 0   8  114   87 52% 5 117492 6817 70%
c i  0.08 19 21 0  13  283  207 56% 5 117492 6816 70%
c i  0.08 19 21 0  13  284  207 56% 5 117492 6815 70%
c i  0.08 19 21 0  14  287  209 56% 5 117492 6704 69%
c -  0.08 19 21 1  18  307  201 56% 5 112934 6704 69%
c i  0.09 19 18 1  26  469  275 57% 5 112934 6703 69%
c i  0.09 19 18 1  26  470  275 57% 5 112934 6673 68%
c i  0.09 19 18 1  26  472  276 57% 5 112934 6672 68%
c i  0.09 19 18 1  26  473  276 57% 5 112934 6671 68%
c i  0.09 19 17 1  26  484  286 57% 5 112934 6670 68%
c i  0.09 19 17 1  26  485  286 57% 5 112934 6669 68%
c i  0.09 19 17 1  26  489  289 57% 5 112934 6650 68%
c i  0.09 19 17 1  31  590  369 57% 5 112934 6649 68%
c i  0.09 19 16 1  34  644  397 56% 5 112934 6648 68%
c i  0.09 19 16 1  34  645  397 56% 5 112934 6647 68%
c i  0.09 19 16 1  34  646  397 56% 5 112934 6618 68%
c 
c  seconds  reductions  redundant  irredundant
c         MB    restarts       trail      variables
c          level   conflicts       glue        remaining
c 
c i  0.10 19 16 1  35  849  544 57% 5 112934 6599 68%
c i  0.10 19 17 1  35  864  558 57% 5 112934 6598 68%
c i  0.10 19 17 1  35  865  558 57% 5 112934 6559 67%
c i  0.10 19 18 1  36  879  567 57% 5 112934 6536 67%
c i  0.11 19 18 1  44  936  611 57% 5 112934 6535 67%
c -  0.12 23 18 2  45  938  384 57% 5 105738 6535 67%
c i  0.12 23 18 2  46  942  385 57% 5 105738 6534 67%
c }  0.12 23 17 2  49 1001  422 57% 5 105738 6534 67%
c [  0.12 23  0 2  49 1001  422  0% 0 105738 6534 67%
c O  0.12 23  0 2  49 1002  422 39% 0 105738 6534 67%
c i  0.12 23  0 2  49 1002  422 39% 0 105738 6530 67%
c i  0.12 23  8 2  49 1068  470 58% 4 105738 6188 63%
c i  0.13 23 12 2  49 1180  547 57% 6 105738 6187 63%
c ]  0.13 23 11 2  49 1190  552 57% 6 105738 4704 48%
c 0  0.13 23 11 2  49 1190  552 57% 6 105738 4704 48%
c 
c --- [ closing proof ] ------------------------------------------------------
c 
c DRAT proof file '/tmp/conway99-exact-eight-0121-HL1Pcr/proof.drat' closed
c DRAT 8451 added clauses 11.58%
c DRAT 64532 deleted clauses 88.42%
c DRAT 2002084 bytes (1.91 MB)
c 
c --- [ result ] -------------------------------------------------------------
c 
s UNSATISFIABLE
c 
c --- [ run-time profiling ] -------------------------------------------------
c 
c process time taken by individual solving procedures
c (percentage relative to process time for solving)
c 
c         0.07   99.07% search
c         0.06   86.90% parse
c         0.06   83.86% unstable
c         0.01   14.66% stable
c         0.00    0.50% lucky
c         0.00    0.00% simplify
c   =================================
c         0.07   53.21% solve
c 
c last line shows process time for solving
c (percentage relative to total process time)
c 
c --- [ statistics ] ---------------------------------------------------------
c 
c chronological:               533        44.79 %  of conflicts
c conflicts:                  1190     17228.40    per second
c decisions:                  3741     54160.88    per second
c fixed:                      5044        51.74 %  of all variables
c learned:                    1054        88.57 %  per conflict
c learned_lits:              57555       100.00 %  learned literals
c minimized:                     0         0.00 %  learned literals
c shrunken:                  31869        55.37 %  learned literals
c minishrunken:               4456         7.74 %  learned literals
c otfs:                          6         0.50 %  of conflict
c propagations:             661277         9.57 M  per second
c reduced:                      19         1.60 %  per conflict
c rephased:                      1      1190.00    interval
c restarts:                     49        24.29    interval
c stabilizing:                   1        15.88 %  of conflicts
c subsumed:                    223         0.19 %  of all clauses
c strengthened:                  5         0.00 %  of all clauses
c trail reuses:                  0         0.00 %  of incremental calls
c 
c seconds are measured in process time for solving
c 
c --- [ resources ] ----------------------------------------------------------
c 
c total process time since initialization:         0.13    seconds
c total real time since initialization:            0.85    seconds
c maximum resident set size of process:           23.34    MB
c 
c --- [ shutting down ] ------------------------------------------------------
c 
c exit 20
