c --- [ banner ] -------------------------------------------------------------
c 
c CaDiCaL SAT Solver
c Copyright (c) 2016-2023 A. Biere, M. Fleury, N. Froleyks, K. Fazekas, F. Pollitt
c 
c Version 1.9.5 146207318796f094dcded87349a64f0c6927309e
c g++ (Ubuntu 13.3.0-6ubuntu2~24.04.1) 13.3.0 -Wall -Wextra -O3 -DNDEBUG
c Wed Sep 30 06:02:32 JST 2026 Linux ikutoPC 6.6.87.2-microsoft-standard-WSL2 x86_64
c 
c --- [ limit ] --------------------------------------------------------------
c 
c setting conflict limit to 1000000 conflicts (due to '1000000')
c 
c --- [ proof tracing ] ------------------------------------------------------
c 
c opening file to write '/tmp/conway99-exact-eight-0096-ICck8T/proof.drat'
c writing non-binary proof trace to '/tmp/conway99-exact-eight-0096-ICck8T/proof.drat'
c 
c --- [ parsing input ] ------------------------------------------------------
c 
c reading DIMACS file from '/mnt/c/Users/ikuto/projects/conway-99-graph/acceleration/results/20260930_exact_eight_next64_cnfs_part03/case_0096/instance.cnf'
c opening file to read '/mnt/c/Users/ikuto/projects/conway-99-graph/acceleration/results/20260930_exact_eight_next64_cnfs_part03/case_0096/instance.cnf'
c found 'p cnf 9748 167416' header
c parsed 167416 clauses in 0.07 seconds process time
c 
c --- [ options ] ------------------------------------------------------------
c 
c   --binary=false                 (different from default 'true')
c 
c --- [ solving ] ------------------------------------------------------------
c 
c time measured in process time since initialization
c 
c  seconds  reductions  redundant  irredundant
c         MB    restarts       trail      variables
c          level   conflicts       glue        remaining
c 
c *  0.07 17  0 0   0    0    0  0% 0 117488 6820 70%
c {  0.07 17  0 0   0    0    0  0% 0 117488 6820 70%
c i  0.08 18 40 0  14  126   91 50% 9 117488 6819 70%
c -  0.09 19 41 1  23  300  202 51% 9 117321 6819 70%
c i  0.12 19 42 1  39  832  629 53% 8 117321 6818 70%
c -  0.13 24 39 2  39  942  449 54% 8 117274 6818 70%
c i  0.13 24 37 2  39 1005  489 54% 8 117274 6817 70%
c }  0.13 24 37 2  39 1005  489 54% 8 117274 6817 70%
c [  0.13 24  0 2  39 1005  489  0% 0 117274 6817 70%
c F  0.13 24  3 2  39 1006  490 55% 2 117274 6817 70%
c i  0.14 24 33 2  39 1041  520 58% 11 117274 6816 70%
c -  0.18 24 38 3  39 1904 1034 57% 13 117180 6816 70%
c ]  0.25 24 38 3  40 3006 2002 56% 15 117180 6816 70%
c {  0.25 24 37 3  40 3006 2002 54% 8 117180 6816 70%
c #  0.26 23 37 3  40 3007 2003 37% 8 117180 6816 70%
c i  0.26 23 37 3  40 3018 2012 29% 8 117180 6815 70%
c i  0.26 23 36 3  40 3046 2033 33% 8 117180 6805 70%
c -  0.27 23 35 4  45 3186 1708 37% 8 114772 6750 69%
c i  0.28 23 35 4  57 3236 1745 37% 8 114772 6749 69%
c i  0.28 23 35 4  59 3240 1748 37% 8 114772 6748 69%
c 
c  seconds  reductions  redundant  irredundant
c         MB    restarts       trail      variables
c          level   conflicts       glue        remaining
c 
c i  0.28 23 35 4  59 3241 1748 37% 8 114772 6747 69%
c i  0.29 23 33 4  62 3540 1957 35% 7 114772 6746 69%
c i  0.29 23 32 4  74 3655 2026 34% 8 114772 6745 69%
c i  0.29 23 32 4  74 3674 2043 35% 8 114772 6744 69%
c i  0.29 23 31 4  74 3691 2056 35% 7 114772 6743 69%
c i  0.29 23 31 4  74 3721 2078 35% 7 114772 6742 69%
c i  0.29 23 31 4  74 3743 2098 35% 7 114772 6741 69%
c i  0.30 23 30 4  74 3812 2135 35% 7 114772 6740 69%
c i  0.30 23 30 4  74 3833 2153 35% 7 114772 6739 69%
c i  0.30 23 30 4  74 3840 2159 35% 7 114772 6738 69%
c i  0.30 23 30 4  74 3855 2173 35% 7 114772 6737 69%
c i  0.30 23 30 4  74 3859 2176 35% 7 114772 6736 69%
c i  0.32 23 28 4 106 4216 2430 35% 7 114772 6735 69%
c i  0.32 23 28 4 106 4222 2433 35% 7 114772 6734 69%
c i  0.32 23 28 4 106 4224 2434 35% 7 114772 6642 68%
c i  0.32 23 28 4 106 4225 2434 35% 7 114772 6641 68%
c i  0.32 23 28 4 106 4231 2439 35% 7 114772 6640 68%
c i  0.32 23 28 4 108 4294 2491 35% 7 114772 6639 68%
c i  0.32 23 28 4 109 4295 2491 35% 7 114772 6638 68%
c i  0.32 23 28 4 115 4327 2519 35% 7 114772 6637 68%
c 
c  seconds  reductions  redundant  irredundant
c         MB    restarts       trail      variables
c          level   conflicts       glue        remaining
c 
c i  0.32 23 28 4 115 4328 2519 35% 7 114772 6634 68%
c i  0.32 23 28 4 116 4336 2524 35% 7 114772 6633 68%
c i  0.32 23 29 4 121 4396 2567 35% 7 114772 6632 68%
c i  0.32 23 28 4 124 4408 2573 35% 7 114772 6631 68%
c i  0.32 23 28 4 124 4409 2573 35% 7 114772 6630 68%
c i  0.33 23 29 4 125 4442 2599 35% 7 114772 6629 68%
c i  0.34 23 28 4 137 4690 2789 35% 7 114772 6627 68%
c i  0.34 23 28 4 137 4692 2790 35% 7 114772 6626 68%
c i  0.34 23 28 4 138 4775 2842 35% 7 114772 6625 68%
c -  0.35 23 28 5 138 4775 1487 35% 7 109396 6625 68%
c i  0.35 23 28 5 138 4790 1501 35% 7 109396 6624 68%
c i  0.35 23 28 5 142 4821 1529 35% 7 109396 6623 68%
c i  0.35 23 28 5 149 4869 1551 34% 7 109396 6621 68%
c i  0.35 23 28 5 150 4876 1550 34% 7 109396 5737 59%
c i  0.35 23 28 5 150 4877 1550 34% 7 109396 5736 59%
c i  0.35 23 28 5 153 4899 1569 34% 7 109396 5735 59%
c i  0.35 23 28 5 154 4900 1569 34% 7 109396 5734 59%
c i  0.35 23 28 5 154 4901 1569 34% 7 109396 5733 59%
c i  0.35 23 28 5 156 4906 1573 34% 7 109396 5732 59%
c i  0.35 23 28 5 156 4907 1573 34% 7 109396 5731 59%
c 
c  seconds  reductions  redundant  irredundant
c         MB    restarts       trail      variables
c          level   conflicts       glue        remaining
c 
c i  0.35 23 28 5 156 4908 1573 34% 7 109396 5730 59%
c i  0.35 23 28 5 157 4909 1573 34% 7 109396 5729 59%
c i  0.35 23 28 5 157 4910 1573 34% 7 109396 5728 59%
c i  0.35 23 28 5 157 4911 1573 34% 7 109396 5727 59%
c i  0.35 23 28 5 158 4924 1578 34% 7 109396 5724 59%
c i  0.35 23 28 5 161 4934 1586 34% 7 109396 5723 59%
c i  0.35 23 28 5 162 4937 1587 34% 7 109396 5722 59%
c i  0.35 23 27 5 164 4945 1590 34% 7 109396 5718 59%
c i  0.35 23 27 5 164 4951 1594 34% 7 109396 5717 59%
c i  0.35 23 27 5 164 4965 1598 34% 7 109396 5716 59%
c }  0.35 23 27 5 164 4968 1598 34% 7 109396 4455 46%
c 0  0.36 23 27 5 164 4968 1598 34% 7 109396 4455 46%
c 
c --- [ closing proof ] ------------------------------------------------------
c 
c DRAT proof file '/tmp/conway99-exact-eight-0096-ICck8T/proof.drat' closed
c DRAT 13094 added clauses 16.94%
c DRAT 64222 deleted clauses 83.06%
c DRAT 3585439 bytes (3.42 MB)
c 
c --- [ result ] -------------------------------------------------------------
c 
s UNSATISFIABLE
c 
c --- [ run-time profiling ] -------------------------------------------------
c 
c process time taken by individual solving procedures
c (percentage relative to process time for solving)
c 
c         0.28   99.74% search
c         0.17   59.23% unstable
c         0.11   40.20% stable
c         0.07   25.26% parse
c         0.00    0.30% lucky
c         0.00    0.00% simplify
c   =================================
c         0.28   79.70% solve
c 
c last line shows process time for solving
c (percentage relative to total process time)
c 
c --- [ statistics ] ---------------------------------------------------------
c 
c chronological:              2294        46.18 %  of conflicts
c conflicts:                  4968     17537.98    per second
c decisions:                 17578     62053.65    per second
c fixed:                      5293        54.30 %  of all variables
c learned:                    4550        91.59 %  per conflict
c learned_lits:             374858       100.00 %  learned literals
c minimized:                     0         0.00 %  learned literals
c shrunken:                 122975        32.81 %  learned literals
c minishrunken:              92272        24.62 %  learned literals
c otfs:                         19         0.38 %  of conflict
c propagations:            2698633         9.53 M  per second
c reduced:                    1005        20.23 %  per conflict
c rephased:                      2      2484.00    interval
c restarts:                    164        30.29    interval
c stabilizing:                   1        40.28 %  of conflicts
c subsumed:                    604         0.50 %  of all clauses
c strengthened:                 19         0.02 %  of all clauses
c trail reuses:                  0         0.00 %  of incremental calls
c 
c seconds are measured in process time for solving
c 
c --- [ resources ] ----------------------------------------------------------
c 
c total process time since initialization:         0.36    seconds
c total real time since initialization:            0.95    seconds
c maximum resident set size of process:           28.08    MB
c 
c --- [ shutting down ] ------------------------------------------------------
c 
c exit 20
