c --- [ banner ] -------------------------------------------------------------
c 
c CaDiCaL SAT Solver
c Copyright (c) 2016-2023 A. Biere, M. Fleury, N. Froleyks, K. Fazekas, F. Pollitt
c 
c Version 1.9.5 146207318796f094dcded87349a64f0c6927309e
c g++ (Ubuntu 13.3.0-6ubuntu2~24.04.1) 13.3.0 -Wall -Wextra -O3 -DNDEBUG
c Wed Sep 30 06:02:32 JST 2026 Linux ikutoPC 6.6.87.2-microsoft-standard-WSL2 x86_64
c 
c --- [ limit ] --------------------------------------------------------------
c 
c setting conflict limit to 1000000 conflicts (due to '1000000')
c 
c --- [ proof tracing ] ------------------------------------------------------
c 
c opening file to write '/tmp/conway99-seven-profile-rank5_17_profile_0001-6yrqmX/proof.drat'
c writing non-binary proof trace to '/tmp/conway99-seven-profile-rank5_17_profile_0001-6yrqmX/proof.drat'
c 
c --- [ parsing input ] ------------------------------------------------------
c 
c reading DIMACS file from '/mnt/c/Users/ikuto/projects/conway-99-graph/acceleration/results/20260930_hadamard_seven_remaining_cnfs/run02/rank5_17_profile_0001/instance.cnf'
c opening file to read '/mnt/c/Users/ikuto/projects/conway-99-graph/acceleration/results/20260930_hadamard_seven_remaining_cnfs/run02/rank5_17_profile_0001/instance.cnf'
c found 'p cnf 9872 170454' header
c parsed 170454 clauses in 0.07 seconds process time
c 
c --- [ options ] ------------------------------------------------------------
c 
c   --binary=false                 (different from default 'true')
c 
c --- [ solving ] ------------------------------------------------------------
c 
c time measured in process time since initialization
c 
c  seconds  reductions  redundant  irredundant
c         MB    restarts       trail      variables
c          level   conflicts       glue        remaining
c 
c *  0.07 18  0 0   0    0    0  0% 0 120522 6945 70%
c {  0.07 18  0 0   0    0    0  0% 0 120522 6945 70%
c -  0.09 19 27 1  12  301  224 55% 6 120402 6945 70%
c i  0.10 19 23 1  27  465  316 56% 6 120402 6944 70%
c i  0.10 19 23 1  28  481  325 56% 6 120402 6943 70%
c i  0.10 19 23 1  28  482  325 56% 6 120402 6942 70%
c i  0.10 19 23 1  28  504  338 56% 6 120402 6941 70%
c i  0.10 19 21 1  42  606  393 56% 6 120402 6926 70%
c i  0.11 19 25 1  46  946  655 55% 6 120402 6925 70%
c i  0.11 19 25 1  46  947  655 55% 6 120402 6924 70%
c i  0.11 19 25 1  46  948  655 55% 6 120402 6923 70%
c i  0.11 19 25 1  46  949  655 55% 6 120402 6922 70%
c -  0.12 24 25 2  46  949  369 55% 6 119504 6922 70%
c i  0.12 24 25 2  46  950  369 55% 6 119504 6921 70%
c i  0.12 24 25 2  46  951  369 55% 6 119504 6920 70%
c i  0.12 24 25 2  46  952  369 55% 6 119504 6919 70%
c i  0.12 24 25 2  46  953  369 55% 6 119504 6918 70%
c i  0.12 24 25 2  46  954  369 55% 6 119504 6917 70%
c i  0.12 24 25 2  46  955  369 55% 6 119504 6916 70%
c i  0.12 24 25 2  46  956  369 55% 6 119504 6915 70%
c 
c  seconds  reductions  redundant  irredundant
c         MB    restarts       trail      variables
c          level   conflicts       glue        remaining
c 
c i  0.12 24 25 2  46  957  369 55% 6 119504 6914 70%
c i  0.12 24 25 2  46  959  370 55% 6 119504 6913 70%
c i  0.13 24 24 2  46  997  403 55% 6 119504 6874 70%
c }  0.13 24 24 2  46 1001  407 55% 6 119504 6874 70%
c [  0.13 24  0 2  46 1001  407  0% 0 119504 6874 70%
c O  0.13 24  1 2  46 1002  408 52% 1 119504 6850 69%
c i  0.13 24 13 2  46 1075  450 56% 5 119504 6848 69%
c i  0.14 24 39 2  46 1303  636 53% 19 119504 6847 69%
c i  0.14 24 38 2  46 1313  641 52% 19 119504 6846 69%
c i  0.14 24 38 2  46 1319  646 52% 18 119504 6845 69%
c i  0.14 24 37 2  46 1326  652 52% 18 119504 6844 69%
c i  0.14 24 37 2  46 1328  653 52% 18 119504 6843 69%
c i  0.14 24 37 2  46 1331  655 51% 18 119504 6842 69%
c i  0.14 24 37 2  46 1333  656 51% 17 119504 6841 69%
c i  0.16 24 31 2  46 1736  903 51% 16 119504 5777 59%
c ]  0.16 24 30 2  46 1754  913 51% 16 119504 4421 45%
c 0  0.16 24 30 2  46 1754  913 51% 16 119504 4421 45%
c 
c --- [ closing proof ] ------------------------------------------------------
c 
c DRAT proof file '/tmp/conway99-seven-profile-rank5_17_profile_0001-6yrqmX/proof.drat' closed
c DRAT 8138 added clauses 13.37%
c DRAT 52723 deleted clauses 86.63%
c DRAT 1629151 bytes (1.55 MB)
c 
c --- [ result ] -------------------------------------------------------------
c 
s UNSATISFIABLE
c 
c --- [ run-time profiling ] -------------------------------------------------
c 
c process time taken by individual solving procedures
c (percentage relative to process time for solving)
c 
c         0.09   99.17% search
c         0.07   70.52% parse
c         0.06   60.41% unstable
c         0.04   37.72% stable
c         0.00    0.99% lucky
c         0.00    0.00% simplify
c   =================================
c         0.10   58.37% solve
c 
c last line shows process time for solving
c (percentage relative to total process time)
c 
c --- [ statistics ] ---------------------------------------------------------
c 
c chronological:               715        40.76 %  of conflicts
c conflicts:                  1754     18381.70    per second
c decisions:                  4936     51728.66    per second
c fixed:                      5451        55.22 %  of all variables
c learned:                    1576        89.85 %  per conflict
c learned_lits:             102340       100.00 %  learned literals
c minimized:                     0         0.00 %  learned literals
c shrunken:                  51740        50.56 %  learned literals
c minishrunken:               9024         8.82 %  learned literals
c otfs:                         21         1.20 %  of conflict
c propagations:             912335         9.56 M  per second
c reduced:                       6         0.34 %  per conflict
c rephased:                      1      1754.00    interval
c restarts:                     46        38.13    interval
c stabilizing:                   1        42.82 %  of conflicts
c subsumed:                    350         0.29 %  of all clauses
c strengthened:                 19         0.02 %  of all clauses
c trail reuses:                  0         0.00 %  of incremental calls
c 
c seconds are measured in process time for solving
c 
c --- [ resources ] ----------------------------------------------------------
c 
c total process time since initialization:         0.16    seconds
c total real time since initialization:            0.88    seconds
c maximum resident set size of process:           24.15    MB
c 
c --- [ shutting down ] ------------------------------------------------------
c 
c exit 20
