c --- [ banner ] -------------------------------------------------------------
c 
c CaDiCaL SAT Solver
c Copyright (c) 2016-2023 A. Biere, M. Fleury, N. Froleyks, K. Fazekas, F. Pollitt
c 
c Version 1.9.5 146207318796f094dcded87349a64f0c6927309e
c g++ (Ubuntu 13.3.0-6ubuntu2~24.04.1) 13.3.0 -Wall -Wextra -O3 -DNDEBUG
c Wed Sep 30 06:02:32 JST 2026 Linux ikutoPC 6.6.87.2-microsoft-standard-WSL2 x86_64
c 
c --- [ limit ] --------------------------------------------------------------
c 
c setting conflict limit to 1000000 conflicts (due to '1000000')
c 
c --- [ proof tracing ] ------------------------------------------------------
c 
c opening file to write '/tmp/conway99-seven-profile-rank5_126_profile_0002-WTlrtn/proof.drat'
c writing non-binary proof trace to '/tmp/conway99-seven-profile-rank5_126_profile_0002-WTlrtn/proof.drat'
c 
c --- [ parsing input ] ------------------------------------------------------
c 
c reading DIMACS file from '/mnt/c/Users/ikuto/projects/conway-99-graph/acceleration/results/20260930_hadamard_seven_remaining_cnfs/run01/rank5_126_profile_0002/instance.cnf'
c opening file to read '/mnt/c/Users/ikuto/projects/conway-99-graph/acceleration/results/20260930_hadamard_seven_remaining_cnfs/run01/rank5_126_profile_0002/instance.cnf'
c found 'p cnf 9872 170454' header
c parsed 170454 clauses in 0.06 seconds process time
c 
c --- [ options ] ------------------------------------------------------------
c 
c   --binary=false                 (different from default 'true')
c 
c --- [ solving ] ------------------------------------------------------------
c 
c time measured in process time since initialization
c 
c  seconds  reductions  redundant  irredundant
c         MB    restarts       trail      variables
c          level   conflicts       glue        remaining
c 
c *  0.07 17  0 0   0    0    0  0% 0 120522 6945 70%
c {  0.07 18  0 0   0    0    0  0% 0 120522 6945 70%
c i  0.07 18 36 0   0   21   18 46% 3 120522 6944 70%
c i  0.08 19 23 0   1  186  156 52% 4 120522 6943 70%
c i  0.08 19 23 0   5  204  168 52% 4 120522 6942 70%
c i  0.08 19 23 0   6  207  170 52% 4 120522 6941 70%
c i  0.08 19 23 0   6  208  170 52% 4 120522 6940 70%
c i  0.08 19 23 0   7  209  170 51% 4 120522 6939 70%
c i  0.08 19 23 0   7  210  170 51% 4 120522 6938 70%
c i  0.08 19 22 0   8  212  171 51% 4 120522 6937 70%
c i  0.08 19 22 0   8  213  171 51% 4 120522 6936 70%
c i  0.08 19 22 0   9  216  173 51% 4 120522 6935 70%
c i  0.08 19 22 0   9  217  173 51% 4 120522 6934 70%
c i  0.08 19 22 0  10  218  173 51% 4 120522 6933 70%
c i  0.08 19 22 0  10  219  173 51% 4 120522 6932 70%
c i  0.08 19 22 0  10  220  173 51% 4 120522 6931 70%
c i  0.08 19 22 0  11  221  173 51% 4 120522 6930 70%
c i  0.08 19 22 0  11  222  173 51% 4 120522 6929 70%
c i  0.08 19 21 0  11  223  173 51% 4 120522 6928 70%
c i  0.08 19 21 0  11  224  173 51% 4 120522 6927 70%
c 
c  seconds  reductions  redundant  irredundant
c         MB    restarts       trail      variables
c          level   conflicts       glue        remaining
c 
c i  0.08 19 21 0  11  225  173 51% 4 120522 6926 70%
c i  0.08 19 21 0  11  226  173 51% 4 120522 6925 70%
c i  0.08 19 21 0  12  229  175 50% 4 120522 6924 70%
c i  0.08 19 21 0  12  231  176 50% 4 120522 6923 70%
c i  0.08 19 21 0  13  233  177 50% 4 120522 6922 70%
c i  0.08 19 21 0  13  234  177 50% 4 120522 6921 70%
c i  0.08 19 21 0  14  236  178 50% 4 120522 6920 70%
c i  0.08 19 21 0  14  237  178 50% 4 120522 6919 70%
c i  0.08 19 20 0  15  238  178 50% 4 120522 6918 70%
c i  0.08 19 20 0  15  239  178 50% 4 120522 6917 70%
c i  0.08 19 20 0  16  242  180 50% 4 120522 6916 70%
c i  0.08 19 20 0  17  244  181 50% 4 120522 6915 70%
c i  0.08 19 20 0  17  245  181 50% 4 120522 6914 70%
c i  0.08 19 20 0  17  246  181 50% 4 120522 6913 70%
c i  0.08 19 20 0  18  247  181 50% 4 120522 6912 70%
c i  0.08 19 20 0  19  251  184 49% 4 120522 6911 70%
c i  0.08 19 20 0  19  253  184 49% 4 120522 6910 70%
c i  0.08 19 20 0  20  254  184 49% 4 120522 6909 70%
c i  0.08 19 19 0  20  256  185 49% 4 120522 6908 70%
c i  0.08 19 19 0  20  257  185 49% 4 120522 6907 70%
c 
c  seconds  reductions  redundant  irredundant
c         MB    restarts       trail      variables
c          level   conflicts       glue        remaining
c 
c i  0.08 19 19 0  20  258  185 49% 4 120522 6906 70%
c i  0.08 19 18 0  20  272  196 49% 4 120522 6905 70%
c i  0.08 19 18 0  20  273  196 49% 4 120522 6904 70%
c i  0.08 19 18 0  20  276  198 49% 4 120522 6821 69%
c -  0.09 19 18 1  20  300  216 50% 4 114829 6821 69%
c i  0.09 19 18 1  21  339  229 50% 4 114829 6820 69%
c i  0.09 19 17 1  21  375  248 51% 4 114829 6819 69%
c i  0.09 19 17 1  21  397  262 51% 4 114829 6785 69%
c i  0.09 19 17 1  21  399  262 51% 4 114829 6784 69%
c i  0.09 19 17 1  21  401  263 51% 4 114829 6783 69%
c i  0.09 19 17 1  22  404  265 51% 4 114829 6782 69%
c }  0.09 19 16 1  25  451  307 51% 4 114829 6687 68%
c 0  0.09 19 16 1  25  451  307 51% 4 114829 6687 68%
c 
c --- [ closing proof ] ------------------------------------------------------
c 
c DRAT proof file '/tmp/conway99-seven-profile-rank5_126_profile_0002-WTlrtn/proof.drat' closed
c DRAT 4964 added clauses 8.00%
c DRAT 57096 deleted clauses 92.00%
c DRAT 1532412 bytes (1.46 MB)
c 
c --- [ result ] -------------------------------------------------------------
c 
s UNSATISFIABLE
c 
c --- [ run-time profiling ] -------------------------------------------------
c 
c process time taken by individual solving procedures
c (percentage relative to process time for solving)
c 
c         0.06  230.61% parse
c         0.03   97.28% search
c         0.03   92.79% unstable
c         0.00    4.38% lucky
c         0.00    0.00% simplify
c   =================================
c         0.03   30.02% solve
c 
c last line shows process time for solving
c (percentage relative to total process time)
c 
c --- [ statistics ] ---------------------------------------------------------
c 
c chronological:               266        58.98 %  of conflicts
c conflicts:                   451     16187.50    per second
c decisions:                  3377    121208.86    per second
c fixed:                      3185        32.26 %  of all variables
c learned:                     402        89.14 %  per conflict
c learned_lits:              14230       100.00 %  learned literals
c minimized:                     0         0.00 %  learned literals
c shrunken:                   7381        51.87 %  learned literals
c minishrunken:               1556        10.93 %  learned literals
c otfs:                          6         1.33 %  of conflict
c propagations:             283736        10.18 M  per second
c restarts:                     25        18.04    interval
c subsumed:                     40         0.03 %  of all clauses
c strengthened:                  6         0.00 %  of all clauses
c trail reuses:                  0         0.00 %  of incremental calls
c 
c seconds are measured in process time for solving
c 
c --- [ resources ] ----------------------------------------------------------
c 
c total process time since initialization:         0.09    seconds
c total real time since initialization:            0.72    seconds
c maximum resident set size of process:           19.98    MB
c 
c --- [ shutting down ] ------------------------------------------------------
c 
c exit 20
