c --- [ banner ] -------------------------------------------------------------
c 
c CaDiCaL SAT Solver
c Copyright (c) 2016-2023 A. Biere, M. Fleury, N. Froleyks, K. Fazekas, F. Pollitt
c 
c Version 1.9.5 146207318796f094dcded87349a64f0c6927309e
c g++ (Ubuntu 13.3.0-6ubuntu2~24.04.1) 13.3.0 -Wall -Wextra -O3 -DNDEBUG
c Wed Sep 30 06:02:32 JST 2026 Linux ikutoPC 6.6.87.2-microsoft-standard-WSL2 x86_64
c 
c --- [ limit ] --------------------------------------------------------------
c 
c setting conflict limit to 1000000 conflicts (due to '1000000')
c 
c --- [ proof tracing ] ------------------------------------------------------
c 
c opening file to write '/tmp/conway99-exact-eight-0002-R7wkAI/proof.drat'
c writing non-binary proof trace to '/tmp/conway99-exact-eight-0002-R7wkAI/proof.drat'
c 
c --- [ parsing input ] ------------------------------------------------------
c 
c reading DIMACS file from '/mnt/c/Users/ikuto/projects/conway-99-graph/acceleration/results/20260930_exact_eight_first12_cnfs/case_0002/instance.cnf'
c opening file to read '/mnt/c/Users/ikuto/projects/conway-99-graph/acceleration/results/20260930_exact_eight_first12_cnfs/case_0002/instance.cnf'
c found 'p cnf 9748 167416' header
c parsed 167416 clauses in 0.05 seconds process time
c 
c --- [ options ] ------------------------------------------------------------
c 
c   --binary=false                 (different from default 'true')
c 
c --- [ solving ] ------------------------------------------------------------
c 
c time measured in process time since initialization
c 
c  seconds  reductions  redundant  irredundant
c         MB    restarts       trail      variables
c          level   conflicts       glue        remaining
c 
c *  0.05 17  0 0   0    0    0  0% 0 117538 6822 70%
c {  0.05 17  0 0   0    0    0  0% 0 117538 6822 70%
c i  0.06 18 24 0   5  162  130 55% 5 117538 6821 70%
c -  0.07 19 30 1  27  303  156 55% 6 117431 6821 70%
c i  0.08 19 27 1  46  474  263 53% 6 117431 6820 70%
c i  0.08 19 26 1  52  542  306 52% 6 117431 6819 70%
c i  0.08 19 26 1  52  543  306 52% 6 117431 6818 70%
c i  0.09 19 25 1  61  791  475 52% 6 117431 6817 70%
c -  0.11 24 24 2  86  944  482 52% 7 117243 6817 70%
c }  0.11 24 23 2  87 1001  513 53% 6 117243 6817 70%
c [  0.11 24  0 2  87 1001  513  0% 0 117243 6817 70%
c O  0.11 24  2 2  87 1002  514 58% 2 117243 6817 70%
c i  0.13 24 24 2  87 1334  773 57% 10 117243 6815 70%
c -  0.16 24 25 3  87 1910  829 55% 12 117194 6815 70%
c i  0.17 24 40 3  88 2225 1090 53% 17 117194 6814 70%
c i  0.19 24 55 3  88 2535 1344 52% 24 117194 6813 70%
c i  0.19 24 58 3  88 2638 1422 52% 26 117194 6812 70%
c i  0.20 24 62 3  88 2894 1637 52% 26 117194 6811 70%
c i  0.20 24 62 3  88 2896 1638 52% 26 117194 6810 70%
c i  0.20 24 61 3  88 2897 1638 52% 26 117194 6809 70%
c 
c  seconds  reductions  redundant   irredundant
c         MB    restarts       trail       variables
c          level   conflicts       glue         remaining
c 
c i  0.21 24 62 3  88 2990 1721 52% 26 117194 6808 70%
c ]  0.21 24 62 3  88 3002 1731 52% 26 117194 6808 70%
c {  0.21 24 23 3  88 3002 1731 53% 6 117194 6808 70%
c F  0.22 23 23 3  88 3003 1711 17% 6 116865 6808 70%
c i  0.22 23 23 3  88 3042 1737 36% 6 116865 6807 70%
c i  0.23 23 22 3  91 3192 1840 32% 6 116865 6806 70%
c -  0.23 24 22 4  91 3192 1463 32% 6 116771 6806 70%
c i  0.24 24 23 4 105 3269 1530 32% 7 116771 6805 70%
c i  0.24 24 22 4 117 3319 1567 31% 7 116771 6802 70%
c i  0.25 24 22 4 129 3498 1701 34% 7 116771 6795 70%
c i  0.25 24 21 4 131 3584 1749 33% 7 116771 6794 70%
c i  0.25 24 21 4 131 3606 1761 33% 6 116771 6793 70%
c i  0.26 24 23 4 143 3884 1948 34% 7 116771 6786 70%
c i  0.26 24 23 4 143 3893 1951 34% 7 116771 6785 70%
c i  0.27 24 23 4 157 3991 2018 34% 7 116771 6784 70%
c i  0.28 24 23 4 186 4396 2330 35% 7 116771 6783 70%
c i  0.30 24 22 4 211 4714 2561 35% 7 116771 6782 70%
c -  0.31 23 22 5 212 4793 1374 35% 7 115776 6782 70%
c i  0.31 23 22 5 220 4915 1470 35% 7 115776 6781 70%
c d  0.32 23 22 5 222 5000 1544 35% 7 115579 6706 69%
c 
c  seconds  reductions  redundant  irredundant
c         MB    restarts       trail      variables
c          level   conflicts       glue        remaining
c 
c d  0.32 23 22 5 222 5000 1544 35% 7 115577 6705 69%
c p  0.39 25 22 5 222 5000 89738 35% 7 115577 6665 68%
c d  0.40 26 22 5 222 5000 84101 35% 7 113759 6646 68%
c d  0.40 26 22 5 222 5000 84101 35% 7 113689 6612 68%
c i  0.40 26 22 5 222 5004 84104 35% 7 113689 6611 68%
c i  0.41 26 22 5 222 5055 84135 35% 7 113689 6610 68%
c i  0.41 26 22 5 222 5158 84227 35% 6 113689 6607 68%
c i  0.42 26 22 5 233 5361 84390 35% 6 113689 6606 68%
c i  0.43 26 22 5 237 5455 84444 35% 6 113689 6605 68%
c #  0.45 26 21 5 270 6006 84886 36% 6 113689 6605 68%
c i  0.46 26 21 5 292 6257 85084 36% 6 113689 6604 68%
c i  0.47 26 21 5 303 6404 85186 35% 6 113689 6603 68%
c i  0.47 26 21 5 303 6433 85202 35% 6 113689 6602 68%
c i  0.47 26 21 5 303 6444 85210 35% 6 113689 6601 68%
c i  0.48 26 20 5 321 6627 85335 35% 6 113689 6600 68%
c -  0.50 31 20 6 321 6709 7071 35% 6 113200 6600 68%
c i  0.50 31 20 6 321 6728 7079 35% 6 113200 6599 68%
c i  0.51 31 20 6 325 6799 7113 35% 6 113200 6598 68%
c i  0.51 31 20 6 340 6981 7246 34% 6 113200 6597 68%
c i  0.51 31 20 6 340 6982 7246 34% 6 113200 6596 68%
c 
c  seconds  reductions  redundant  irredundant
c         MB    restarts       trail      variables
c          level   conflicts       glue        remaining
c 
c }  0.51 31 20 6 340 7002 7263 34% 6 113200 6596 68%
c [  0.51 31 62 6 340 7002 7263 75% 26 113200 6596 68%
c s  0.58 32 50 6 341 8218 8208 57% 21 111273 6596 68%
c v  0.59 32 50 6 341 8218 8208 57% 21 111242 6596 68%
c w  0.60 32 50 6 341 8218 8202 57% 21 111242 6593 68%
c e  0.63 32 50 6 341 8218 7327 57% 21 109753 5500 56%
c s  0.63 32 50 6 341 8218 7314 57% 21 109753 5500 56%
c i  0.65 32 50 6 341 8265 7115 31% 20 109753 4807 49%
c i  0.65 32 49 6 341 8310 7141 31% 20 109753 4806 49%
c ]  0.65 32 49 6 341 8321 7148 31% 20 109753 3803 39%
c 0  0.65 32 49 6 341 8321 7148 31% 20 109753 3803 39%
c 
c --- [ closing proof ] ------------------------------------------------------
c 
c DRAT proof file '/tmp/conway99-exact-eight-0002-R7wkAI/proof.drat' closed
c DRAT 114144 added clauses 41.65%
c DRAT 159935 deleted clauses 58.35%
c DRAT 7627824 bytes (7.27 MB)
c 
c --- [ result ] -------------------------------------------------------------
c 
s UNSATISFIABLE
c 
c --- [ run-time profiling ] -------------------------------------------------
c 
c process time taken by individual solving procedures
c (percentage relative to process time for solving)
c 
c         0.45   74.24% search
c         0.27   45.85% unstable
c         0.17   28.24% stable
c         0.15   25.64% simplify
c         0.06   10.77% probe
c         0.05    8.67% parse
c         0.03    4.50% elim
c         0.02    3.22% subsume
c         0.01    1.98% vivify
c         0.01    1.18% ternary
c         0.00    0.14% lucky
c   =================================
c         0.60   91.94% solve
c 
c last line shows process time for solving
c (percentage relative to total process time)
c 
c --- [ statistics ] ---------------------------------------------------------
c 
c chronological:              3715        44.65 %  of conflicts
c conflicts:                  8321     13873.40    per second
c decisions:                 27489     45831.73    per second
c eliminated:                 1093        11.21 %  of all variables
c fixed:                      4723        48.45 %  of all variables
c learned:                    7761        93.27 %  per conflict
c learned_lits:             514961       100.00 %  learned literals
c minimized:                     0         0.00 %  learned literals
c shrunken:                 240411        46.69 %  learned literals
c minishrunken:              48478         9.41 %  learned literals
c otfs:                         62         0.75 %  of conflict
c propagations:            6528310        10.88 M  per second
c reduced:                    1316        15.82 %  per conflict
c rephased:                      3      2773.67    interval
c restarts:                    341        24.40    interval
c stabilizing:                   2        39.90 %  of conflicts
c substituted:                 129         1.32 %  of all variables
c subsumed:                   3461         1.56 %  of all clauses
c strengthened:                687         0.31 %  of all clauses
c ternary:                       3         0.05 %  of resolved
c trail reuses:                  0         0.00 %  of incremental calls
c vivified:                     41         0.02 %  of all clauses
c weakened:                   3521         2.31    average size
c 
c seconds are measured in process time for solving
c 
c --- [ resources ] ----------------------------------------------------------
c 
c total process time since initialization:         0.65    seconds
c total real time since initialization:            1.28    seconds
c maximum resident set size of process:           32.22    MB
c 
c --- [ shutting down ] ------------------------------------------------------
c 
c exit 20
