c --- [ banner ] -------------------------------------------------------------
c 
c CaDiCaL SAT Solver
c Copyright (c) 2016-2023 A. Biere, M. Fleury, N. Froleyks, K. Fazekas, F. Pollitt
c 
c Version 1.9.5 146207318796f094dcded87349a64f0c6927309e
c g++ (Ubuntu 13.3.0-6ubuntu2~24.04.1) 13.3.0 -Wall -Wextra -O3 -DNDEBUG
c Wed Sep 30 06:02:32 JST 2026 Linux ikutoPC 6.6.87.2-microsoft-standard-WSL2 x86_64
c 
c --- [ limit ] --------------------------------------------------------------
c 
c setting conflict limit to 1000000 conflicts (due to '1000000')
c 
c --- [ proof tracing ] ------------------------------------------------------
c 
c opening file to write '/tmp/conway99-six-profile-rank4_01_profile_0001-CJwick/proof.drat'
c writing non-binary proof trace to '/tmp/conway99-six-profile-rank4_01_profile_0001-CJwick/proof.drat'
c 
c --- [ parsing input ] ------------------------------------------------------
c 
c reading DIMACS file from '/mnt/c/Users/ikuto/projects/conway-99-graph/acceleration/results/20260930_hadamard_six_remaining_cnfs/run01/rank4_01_profile_0001/instance.cnf'
c opening file to read '/mnt/c/Users/ikuto/projects/conway-99-graph/acceleration/results/20260930_hadamard_six_remaining_cnfs/run01/rank4_01_profile_0001/instance.cnf'
c found 'p cnf 10048 174766' header
c parsed 174766 clauses in 0.08 seconds process time
c 
c --- [ options ] ------------------------------------------------------------
c 
c   --binary=false                 (different from default 'true')
c 
c --- [ solving ] ------------------------------------------------------------
c 
c time measured in process time since initialization
c 
c  seconds  reductions  redundant  irredundant
c         MB    restarts       trail      variables
c          level   conflicts       glue        remaining
c 
c *  0.08 18  0 0   0    0    0  0% 0 125027 7152 71%
c {  0.08 19  0 0   0    0    0  0% 0 125027 7152 71%
c i  0.08 19  1 0   0    1    0 31% 0 125027 7151 71%
c i  0.09 20 22 0   6  161  143 57% 5 125027 7150 71%
c i  0.09 20 22 0   6  162  143 57% 4 125027 7149 71%
c i  0.10 20 18 0  12  297  235 55% 4 125027 7148 71%
c -  0.10 20 18 1  12  300  179 55% 4 124571 7148 71%
c i  0.11 20 17 1  35  417  266 54% 5 124571 7147 71%
c i  0.11 20 17 1  35  418  266 54% 5 124571 7146 71%
c i  0.11 20 17 1  35  419  266 54% 5 124571 7145 71%
c i  0.11 20 17 1  35  420  266 54% 5 124571 7144 71%
c i  0.11 20 17 1  35  421  266 54% 5 124571 7143 71%
c i  0.11 20 17 1  35  422  266 54% 5 124571 7142 71%
c i  0.11 20 17 1  35  423  266 54% 5 124571 7141 71%
c i  0.11 20 16 1  35  424  266 54% 5 124571 7140 71%
c i  0.11 20 16 1  35  428  269 54% 5 124571 7057 70%
c i  0.11 20 16 1  35  430  270 54% 5 124571 7056 70%
c i  0.11 20 16 1  35  431  270 54% 5 124571 7055 70%
c i  0.11 20 16 1  35  432  270 54% 5 124571 7018 70%
c i  0.11 20 16 1  35  433  270 54% 5 124571 7017 70%
c 
c  seconds  reductions  redundant  irredundant
c         MB    restarts       trail      variables
c          level   conflicts       glue        remaining
c 
c i  0.11 20 16 1  35  434  270 54% 5 124571 7016 70%
c i  0.11 20 17 1  46  523  346 54% 5 124571 7015 70%
c i  0.11 20 17 1  46  524  346 54% 5 124571 7014 70%
c i  0.11 20 17 1  46  525  346 54% 5 124571 7013 70%
c i  0.11 20 17 1  46  526  346 54% 5 124571 7012 70%
c i  0.11 20 17 1  46  527  346 54% 5 124571 7011 70%
c i  0.11 20 17 1  46  528  346 54% 5 124571 7010 70%
c i  0.11 20 17 1  46  529  346 54% 5 124571 7009 70%
c i  0.11 20 17 1  46  530  346 54% 5 124571 7008 70%
c i  0.11 20 17 1  46  531  346 54% 5 124571 7007 70%
c i  0.11 20 17 1  46  532  346 54% 5 124571 7006 70%
c i  0.11 20 16 1  46  533  346 54% 5 124571 7005 70%
c i  0.11 20 16 1  46  534  346 54% 5 124571 7004 70%
c i  0.11 20 16 1  46  535  346 54% 5 124571 7003 70%
c i  0.11 20 16 1  46  536  346 54% 5 124571 7002 70%
c i  0.11 20 16 1  46  537  346 54% 5 124571 7001 70%
c i  0.11 20 16 1  46  538  346 53% 5 124571 7000 70%
c i  0.11 20 16 1  46  539  346 53% 5 124571 6999 70%
c i  0.11 20 16 1  46  540  346 53% 5 124571 6989 70%
c i  0.11 20 16 1  46  541  346 53% 5 124571 6988 70%
c 
c  seconds  reductions  redundant  irredundant
c         MB    restarts       trail      variables
c          level   conflicts       glue        remaining
c 
c i  0.11 20 16 1  46  542  346 53% 5 124571 6987 70%
c i  0.11 20 16 1  46  543  346 53% 5 124571 6958 69%
c i  0.12 20 16 1  46  551  350 53% 5 124571 6942 69%
c i  0.12 20 16 1  46  553  351 53% 5 124571 6934 69%
c i  0.13 20 16 1  58  741  503 53% 5 124571 6849 68%
c i  0.13 20 17 1  77  859  601 53% 5 124571 6848 68%
c -  0.15 25 17 2  84  957  605 53% 5 113936 6848 68%
c }  0.15 25 17 2  91 1002  638 53% 5 113936 6848 68%
c [  0.15 25  0 2  91 1002  638  0% 0 113936 6848 68%
c O  0.15 25  1 2  91 1003  639 50% 1 113936 6848 68%
c i  0.15 25  2 2  91 1011  645 56% 1 113936 6846 68%
c i  0.16 25 49 2  91 1172  775 54% 17 113936 6845 68%
c i  0.19 25 54 2  91 1736 1257 54% 20 113936 6844 68%
c -  0.21 26 48 3  91 1908 1263 55% 18 113825 6844 68%
c i  0.21 26 46 3  91 1998 1340 55% 17 113825 6843 68%
c i  0.21 26 45 3  91 2036 1368 55% 17 113825 6842 68%
c i  0.22 26 44 3  92 2075 1400 55% 16 113825 6838 68%
c i  0.22 26 42 3  92 2134 1439 55% 16 113825 6039 60%
c i  0.23 23 41 3  92 2194  525 27% 16 84474 6031 60%
c i  0.23 23 40 3  92 2218  536 25% 15 84474 5190 52%
c 
c  seconds  reductions  redundant   irredundant
c         MB    restarts       trail      variables
c          level   conflicts       glue        remaining
c 
c ]  0.23 23 40 3  92 2221  536 24% 15 84474 5035 50%
c 0  0.24 23 40 3  92 2221  536 24% 15 84474 5035 50%
c 
c --- [ closing proof ] ------------------------------------------------------
c 
c DRAT proof file '/tmp/conway99-six-profile-rank4_01_profile_0001-CJwick/proof.drat' closed
c DRAT 11882 added clauses 10.95%
c DRAT 96624 deleted clauses 89.05%
c DRAT 3325249 bytes (3.17 MB)
c 
c --- [ result ] -------------------------------------------------------------
c 
s UNSATISFIABLE
c 
c --- [ run-time profiling ] -------------------------------------------------
c 
c process time taken by individual solving procedures
c (percentage relative to process time for solving)
c 
c         0.15   99.61% search
c         0.08   54.67% stable
c         0.08   53.01% parse
c         0.07   44.13% unstable
c         0.00    0.78% lucky
c         0.00    0.00% simplify
c   =================================
c         0.15   65.10% solve
c 
c last line shows process time for solving
c (percentage relative to total process time)
c 
c --- [ statistics ] ---------------------------------------------------------
c 
c chronological:              1020        45.93 %  of conflicts
c conflicts:                  2221     14512.83    per second
c decisions:                  7813     51053.01    per second
c fixed:                      5013        49.89 %  of all variables
c learned:                    2095        94.33 %  per conflict
c learned_lits:             138546       100.00 %  learned literals
c minimized:                     0         0.00 %  learned literals
c shrunken:                  44038        31.79 %  learned literals
c minishrunken:              23200        16.75 %  learned literals
c otfs:                         14         0.63 %  of conflict
c propagations:            1274748         8.33 M  per second
c reduced:                     134         6.03 %  per conflict
c rephased:                      1      2221.00    interval
c restarts:                     92        24.14    interval
c stabilizing:                   1        54.89 %  of conflicts
c subsumed:                    275         0.22 %  of all clauses
c strengthened:                 14         0.01 %  of all clauses
c trail reuses:                  0         0.00 %  of incremental calls
c 
c seconds are measured in process time for solving
c 
c --- [ resources ] ----------------------------------------------------------
c 
c total process time since initialization:         0.24    seconds
c total real time since initialization:            0.94    seconds
c maximum resident set size of process:           29.61    MB
c 
c --- [ shutting down ] ------------------------------------------------------
c 
c exit 20
