c --- [ banner ] -------------------------------------------------------------
c 
c CaDiCaL SAT Solver
c Copyright (c) 2016-2023 A. Biere, M. Fleury, N. Froleyks, K. Fazekas, F. Pollitt
c 
c Version 1.9.5 146207318796f094dcded87349a64f0c6927309e
c g++ (Ubuntu 13.3.0-6ubuntu2~24.04.1) 13.3.0 -Wall -Wextra -O3 -DNDEBUG
c Wed Sep 30 06:02:32 JST 2026 Linux ikutoPC 6.6.87.2-microsoft-standard-WSL2 x86_64
c 
c --- [ limit ] --------------------------------------------------------------
c 
c setting conflict limit to 1000000 conflicts (due to '1000000')
c 
c --- [ proof tracing ] ------------------------------------------------------
c 
c opening file to write '/tmp/conway99-seven-profile-rank5_64_profile_0019-RHVNz3/proof.drat'
c writing non-binary proof trace to '/tmp/conway99-seven-profile-rank5_64_profile_0019-RHVNz3/proof.drat'
c 
c --- [ parsing input ] ------------------------------------------------------
c 
c reading DIMACS file from '/mnt/c/Users/ikuto/projects/conway-99-graph/acceleration/results/20260930_hadamard_seven_remaining_cnfs/run02/rank5_64_profile_0019/instance.cnf'
c opening file to read '/mnt/c/Users/ikuto/projects/conway-99-graph/acceleration/results/20260930_hadamard_seven_remaining_cnfs/run02/rank5_64_profile_0019/instance.cnf'
c found 'p cnf 9872 170454' header
c parsed 170454 clauses in 0.06 seconds process time
c 
c --- [ options ] ------------------------------------------------------------
c 
c   --binary=false                 (different from default 'true')
c 
c --- [ solving ] ------------------------------------------------------------
c 
c time measured in process time since initialization
c 
c  seconds  reductions  redundant  irredundant
c         MB    restarts       trail      variables
c          level   conflicts       glue        remaining
c 
c *  0.06 17  0 0   0    0    0  0% 0 120550 6945 70%
c {  0.07 18  0 0   0    0    0  0% 0 120550 6945 70%
c i  0.08 19 21 0   4  301  219 55% 8 120550 6944 70%
c -  0.08 19 21 1   4  301   48 55% 8 120425 6944 70%
c i  0.11 19 22 1   8  854  465 55% 6 120425 6943 70%
c -  0.12 24 22 2   9  950  263 55% 6 120378 6943 70%
c }  0.12 24 21 2  10 1000  295 55% 6 120378 6943 70%
c [  0.12 24  0 2  10 1000  295  0% 0 120378 6943 70%
c O  0.12 24 30 2  10 1011  302 60% 5 120378 6943 70%
c i  0.12 24 20 2  10 1017  306 56% 3 120378 6881 70%
c i  0.12 24 14 2  10 1042  322 55% 3 120378 6848 69%
c ]  0.15 24 24 2  10 1570  743 55% 8 120378 5787 59%
c 0  0.15 24 24 2  10 1570  743 55% 8 120378 5787 59%
c 
c --- [ closing proof ] ------------------------------------------------------
c 
c DRAT proof file '/tmp/conway99-seven-profile-rank5_64_profile_0019-RHVNz3/proof.drat' closed
c DRAT 6428 added clauses 11.06%
c DRAT 51675 deleted clauses 88.94%
c DRAT 1609277 bytes (1.53 MB)
c 
c --- [ result ] -------------------------------------------------------------
c 
s UNSATISFIABLE
c 
c --- [ run-time profiling ] -------------------------------------------------
c 
c process time taken by individual solving procedures
c (percentage relative to process time for solving)
c 
c         0.09   99.18% search
c         0.06   70.55% parse
c         0.06   60.98% unstable
c         0.03   36.41% stable
c         0.00    1.70% lucky
c         0.00    0.00% simplify
c   =================================
c         0.09   58.36% solve
c 
c last line shows process time for solving
c (percentage relative to total process time)
c 
c --- [ statistics ] ---------------------------------------------------------
c 
c chronological:               716        45.61 %  of conflicts
c conflicts:                  1570     17401.71    per second
c decisions:                  3724     41276.42    per second
c fixed:                      4085        41.38 %  of all variables
c learned:                    1384        88.15 %  per conflict
c learned_lits:             103880       100.00 %  learned literals
c minimized:                     0         0.00 %  learned literals
c shrunken:                  41771        40.21 %  learned literals
c minishrunken:              14249        13.72 %  learned literals
c otfs:                         17         1.08 %  of conflict
c propagations:             848002         9.40 M  per second
c reduced:                       7         0.45 %  per conflict
c rephased:                      1      1570.00    interval
c restarts:                     10       157.00    interval
c stabilizing:                   1        36.31 %  of conflicts
c subsumed:                    182         0.15 %  of all clauses
c strengthened:                 17         0.01 %  of all clauses
c trail reuses:                  0         0.00 %  of incremental calls
c 
c seconds are measured in process time for solving
c 
c --- [ resources ] ----------------------------------------------------------
c 
c total process time since initialization:         0.15    seconds
c total real time since initialization:            0.89    seconds
c maximum resident set size of process:           24.32    MB
c 
c --- [ shutting down ] ------------------------------------------------------
c 
c exit 20
