c --- [ banner ] -------------------------------------------------------------
c 
c CaDiCaL SAT Solver
c Copyright (c) 2016-2023 A. Biere, M. Fleury, N. Froleyks, K. Fazekas, F. Pollitt
c 
c Version 1.9.5 146207318796f094dcded87349a64f0c6927309e
c g++ (Ubuntu 13.3.0-6ubuntu2~24.04.1) 13.3.0 -Wall -Wextra -O3 -DNDEBUG
c Wed Sep 30 06:02:32 JST 2026 Linux ikutoPC 6.6.87.2-microsoft-standard-WSL2 x86_64
c 
c --- [ limit ] --------------------------------------------------------------
c 
c setting conflict limit to 1000000 conflicts (due to '1000000')
c 
c --- [ proof tracing ] ------------------------------------------------------
c 
c opening file to write '/tmp/conway99-exact-eight-0034-z0FRcn/proof.drat'
c writing non-binary proof trace to '/tmp/conway99-exact-eight-0034-z0FRcn/proof.drat'
c 
c --- [ parsing input ] ------------------------------------------------------
c 
c reading DIMACS file from '/mnt/c/Users/ikuto/projects/conway-99-graph/acceleration/results/20260930_exact_eight_next32_continuation_cnfs/case_0034/instance.cnf'
c opening file to read '/mnt/c/Users/ikuto/projects/conway-99-graph/acceleration/results/20260930_exact_eight_next32_continuation_cnfs/case_0034/instance.cnf'
c found 'p cnf 9748 167416' header
c parsed 167416 clauses in 0.06 seconds process time
c 
c --- [ options ] ------------------------------------------------------------
c 
c   --binary=false                 (different from default 'true')
c 
c --- [ solving ] ------------------------------------------------------------
c 
c time measured in process time since initialization
c 
c  seconds  reductions  redundant  irredundant
c         MB    restarts       trail      variables
c          level   conflicts       glue        remaining
c 
c *  0.06 17  0 0   0    0    0  0% 0 117460 6820 70%
c {  0.06 18  0 0   0    0    0  0% 0 117460 6820 70%
c -  0.08 19 31 1  23  306  232 56% 6 117340 6820 70%
c i  0.09 19 26 1  26  514  397 55% 6 117340 6819 70%
c i  0.10 19 26 1  44  726  560 56% 6 117340 6818 70%
c i  0.10 19 25 1  45  762  587 56% 6 117340 6817 70%
c -  0.12 24 25 2  55  948  656 55% 6 117201 6817 70%
c }  0.12 24 25 2  56 1000  685 55% 6 117201 6817 70%
c [  0.12 24  0 2  56 1000  685  0% 0 117201 6817 70%
c O  0.12 24 15 2  56 1002  687 56% 2 117201 6817 70%
c i  0.12 24  8 2  56 1086  741 58% 3 117201 6816 70%
c i  0.13 24 31 2  56 1309  911 54% 12 117201 6815 70%
c i  0.13 24 31 2  56 1324  921 54% 13 117201 6814 70%
c i  0.13 24 31 2  56 1327  922 54% 13 117201 6798 70%
c i  0.14 24 29 2  56 1471 1026 53% 13 117201 6797 70%
c i  0.15 24 25 2  56 1583 1091 53% 12 117201 5839 60%
c ]  0.15 24 24 2  56 1634 1126 53% 11 117201 4938 51%
c 0  0.15 24 24 2  56 1634 1126 53% 11 117201 4938 51%
c 
c --- [ closing proof ] ------------------------------------------------------
c 
c DRAT proof file '/tmp/conway99-exact-eight-0034-z0FRcn/proof.drat' closed
c DRAT 7285 added clauses 12.38%
c DRAT 51563 deleted clauses 87.62%
c DRAT 1524866 bytes (1.45 MB)
c 
c --- [ result ] -------------------------------------------------------------
c 
s UNSATISFIABLE
c 
c --- [ run-time profiling ] -------------------------------------------------
c 
c process time taken by individual solving procedures
c (percentage relative to process time for solving)
c 
c         0.09   99.18% search
c         0.06   65.35% unstable
c         0.06   64.55% parse
c         0.03   32.82% stable
c         0.00    0.96% lucky
c         0.00    0.00% simplify
c   =================================
c         0.09   60.52% solve
c 
c last line shows process time for solving
c (percentage relative to total process time)
c 
c --- [ statistics ] ---------------------------------------------------------
c 
c chronological:               712        43.57 %  of conflicts
c conflicts:                  1634     18145.68    per second
c decisions:                  5147     57157.77    per second
c fixed:                      4810        49.34 %  of all variables
c learned:                    1461        89.41 %  per conflict
c learned_lits:              84955       100.00 %  learned literals
c minimized:                     0         0.00 %  learned literals
c shrunken:                  36303        42.73 %  learned literals
c minishrunken:              12765        15.03 %  learned literals
c otfs:                         24         1.47 %  of conflict
c propagations:             980150        10.88 M  per second
c reduced:                      44         2.69 %  per conflict
c rephased:                      1      1634.00    interval
c restarts:                     56        29.18    interval
c stabilizing:                   1        38.80 %  of conflicts
c subsumed:                    239         0.20 %  of all clauses
c strengthened:                 24         0.02 %  of all clauses
c trail reuses:                  0         0.00 %  of incremental calls
c 
c seconds are measured in process time for solving
c 
c --- [ resources ] ----------------------------------------------------------
c 
c total process time since initialization:         0.15    seconds
c total real time since initialization:            0.78    seconds
c maximum resident set size of process:           23.92    MB
c 
c --- [ shutting down ] ------------------------------------------------------
c 
c exit 20
