c --- [ banner ] -------------------------------------------------------------
c 
c CaDiCaL SAT Solver
c Copyright (c) 2016-2023 A. Biere, M. Fleury, N. Froleyks, K. Fazekas, F. Pollitt
c 
c Version 1.9.5 146207318796f094dcded87349a64f0c6927309e
c g++ (Ubuntu 13.3.0-6ubuntu2~24.04.1) 13.3.0 -Wall -Wextra -O3 -DNDEBUG
c Wed Sep 30 06:02:32 JST 2026 Linux ikutoPC 6.6.87.2-microsoft-standard-WSL2 x86_64
c 
c --- [ limit ] --------------------------------------------------------------
c 
c setting conflict limit to 5000000 conflicts (due to '5000000')
c 
c --- [ proof tracing ] ------------------------------------------------------
c 
c opening file to write '/tmp/conway99-prism-column-caps-zYYIyT/proof.drat'
c writing non-binary proof trace to '/tmp/conway99-prism-column-caps-zYYIyT/proof.drat'
c 
c --- [ parsing input ] ------------------------------------------------------
c 
c reading DIMACS file from '/mnt/c/Users/ikuto/projects/conway-99-graph/acceleration/results/20260930_prism_column_caps_v3/instance.cnf'
c opening file to read '/mnt/c/Users/ikuto/projects/conway-99-graph/acceleration/results/20260930_prism_column_caps_v3/instance.cnf'
c found 'p cnf 247320 920401' header
c parsed 920401 clauses in 0.42 seconds process time
c 
c --- [ options ] ------------------------------------------------------------
c 
c   --binary=false                 (different from default 'true')
c 
c --- [ solving ] ------------------------------------------------------------
c 
c time measured in process time since initialization
c 
c  seconds   reductions  redundant  irredundant
c          MB    restarts       trail       variables
c           level   conflicts       glue          remaining
c 
c *  0.42 136  0 0   0    0    0  0% 0 917052 155493 63%
c {  0.43 139  0 0   0    0    0  0% 0 917052 155493 63%
c i  0.47 145 67 0  11  108   71 41% 5 917052 155474 63%
c i  0.47 146 67 0  11  117   77 42% 5 917052 155473 63%
c i  0.50 148 63 0  18  175  123 43% 5 917052 155461 63%
c i  0.50 148 64 0  19  179  126 43% 5 917052 155460 63%
c i  0.50 148 64 0  19  180  126 43% 5 917052 155459 63%
c i  0.50 148 64 0  19  181  126 43% 5 917052 155458 63%
c i  0.50 148 64 0  19  182  126 43% 5 917052 155457 63%
c i  0.51 149 64 0  24  206  148 43% 5 917052 155445 63%
c i  0.51 149 63 0  25  209  150 43% 5 917052 155410 63%
c -  0.61 147 56 1  26  301  230 44% 5 632720 155410 63%
c i  0.62 147 55 1  26  319  247 44% 5 632720 155407 63%
c i  0.62 147 55 1  26  332  256 44% 5 632720 155396 63%
c i  0.62 147 53 1  26  355  274 43% 5 632720 155392 63%
c i  0.63 147 54 1  26  384  301 44% 5 632720 155388 63%
c i  0.63 147 54 1  26  385  301 44% 5 632720 155384 63%
c i  0.63 147 55 1  26  389  304 44% 5 632720 155376 63%
c i  0.65 147 64 1  29  447  357 47% 5 632720 155368 63%
c i  0.66 147 64 1  29  448  357 47% 5 632720 155367 63%
c 
c  seconds   reductions  redundant  irredundant
c          MB    restarts       trail       variables
c           level   conflicts       glue          remaining
c 
c i  0.67 147 66 1  36  479  385 47% 5 632720 155362 63%
c i  0.68 147 66 1  37  481  386 47% 5 632720 155358 63%
c i  0.71 147 64 1  51  585  457 47% 5 632720 155356 63%
c }  0.81 147 63 1 109 1000  792 47% 5 632720 155352 63%
c [  0.81 147  0 1 109 1000  792  0% 0 632720 155352 63%
c O  0.81 147 44 1 109 1002  794 44% 1 632720 155352 63%
c i  0.81 147 30 1 109 1003  794 43% 1 632720 155321 63%
c i  0.82 147 23 1 109 1004  794 43% 1 632720 155306 63%
c i  0.82 147 18 1 109 1005  794 44% 1 632720 155298 63%
c i  0.82 147 15 1 109 1006  794 45% 0 632720 155284 63%
c i  0.89 147 32 1 109 1196  977 64% 8 632720 155283 63%
c i  0.94 147 32 1 109 1279 1054 64% 9 632720 155279 63%
c i  0.95 147 32 1 109 1294 1068 64% 10 632720 155273 63%
c i  0.96 147 31 1 109 1322 1093 64% 10 632720 155270 63%
c -  1.10 174 31 2 109 1381 1104 62% 10 631592 155270 63%
c i  1.19 174 32 2 109 1521 1229 62% 9 631592 155262 63%
c i  1.23 174 32 2 109 1643 1340 60% 9 631592 155259 63%
c i  1.27 174 36 2 109 1892 1548 59% 9 631592 155258 63%
c i  1.29 174 37 2 109 1933 1588 59% 9 631592 155257 63%
c i  1.30 174 37 2 109 1948 1601 59% 9 631592 155256 63%
c 
c  seconds   reductions  redundant  irredundant
c          MB    restarts       trail       variables
c           level   conflicts       glue          remaining
c 
c i  1.30 174 38 2 109 1961 1612 59% 8 631592 155253 63%
c i  1.30 174 39 2 109 2005 1648 58% 8 631592 155252 63%
c i  1.33 174 41 2 110 2080 1716 58% 8 631592 155251 63%
c i  1.33 174 41 2 110 2087 1722 58% 8 631592 155249 63%
c i  1.33 174 41 2 110 2089 1723 58% 8 631592 155247 63%
c i  1.33 174 41 2 110 2095 1728 57% 8 631592 155245 63%
c i  1.34 174 42 2 110 2106 1738 57% 8 631592 155244 63%
c i  1.36 174 48 2 110 2226 1846 57% 9 631592 155243 63%
c i  1.37 174 49 2 110 2249 1866 57% 9 631592 155241 63%
c i  1.37 174 50 2 110 2255 1871 57% 9 631592 155240 63%
c i  1.37 174 50 2 110 2262 1877 57% 9 631592 155237 63%
c i  1.37 174 50 2 110 2264 1878 57% 9 631592 155236 63%
c i  1.38 174 52 2 110 2295 1906 58% 9 631592 155234 63%
c i  1.41 174 55 2 110 2364 1970 58% 9 631592 155233 63%
c i  1.41 174 56 2 110 2380 1985 58% 9 631592 155232 63%
c i  1.48 174 62 2 110 2560 2147 58% 10 631592 155222 63%
c i  1.52 174 63 2 110 2683 2258 57% 10 631592 155212 63%
c i  1.53 174 63 2 110 2725 2291 57% 10 631592 155211 63%
c i  1.59 174 63 2 110 2867 2421 57% 10 631592 155208 63%
c i  1.62 174 63 2 110 2952 2501 56% 10 631592 155203 63%
c 
c  seconds   reductions  redundant   irredundant
c          MB    restarts       trail        variables
c           level   conflicts       glue           remaining
c 
c ]  1.63 174 63 2 110 3000 2541 56% 10 631592 155203 63%
c {  1.63 174 63 2 110 3000 2541 47% 5 631592 155203 63%
c -  1.70 174 63 3 110 3001 2160 47% 5 630378 155193 63%
c F  1.87 161 63 3 110 3003 2162 12% 5 630378 155193 63%
c i  1.92 161 64 3 122 3137 2275 23% 5 630378 155172 63%
c i  1.93 161 65 3 125 3174 2310 24% 5 630378 155156 63%
c i  1.99 161 66 3 149 3375 2481 22% 6 630378 155155 63%
c i  1.99 161 66 3 150 3379 2484 22% 5 630378 155154 63%
c i  2.02 161 66 3 171 3513 2584 22% 6 630378 155151 63%
c i  2.03 161 66 3 179 3559 2625 21% 6 630378 155141 63%
c i  2.04 161 65 3 184 3616 2669 20% 6 630378 155137 63%
c i  2.07 161 62 3 205 3789 2795 18% 6 630378 155130 63%
c i  2.07 161 62 3 205 3798 2802 18% 6 630378 155129 63%
c i  2.15 161 63 3 230 4251 3176 18% 6 630378 155122 63%
c i  2.20 161 63 3 241 4456 3357 19% 6 630378 155120 63%
c i  2.21 161 62 3 244 4538 3429 19% 6 630378 155118 63%
c i  2.22 161 63 3 246 4548 3438 19% 6 630378 155110 63%
c i  2.24 161 63 3 257 4598 3481 19% 6 630378 155104 63%
c i  2.25 161 63 3 260 4605 3487 19% 6 630378 155090 63%
c i  2.28 161 63 3 274 4727 3588 20% 6 630378 155088 63%
c 
c  seconds   reductions  redundant  irredundant
c          MB    restarts       trail       variables
c           level   conflicts       glue          remaining
c 
c i  2.28 161 63 3 274 4728 3588 20% 6 630378 155085 63%
c i  2.28 161 62 3 275 4737 3596 19% 6 630378 155084 63%
c i  2.34 161 65 3 284 4952 3795 21% 6 630378 155083 63%
c d  2.41 170 65 3 291 5000 3831 21% 6 616011 149408 60%
c d  2.44 170 65 3 291 5000 3831 21% 6 615044 148992 60%
c 2  2.61 170 65 3 291 5000 3848 21% 6 615036 148992 60%
c p  2.71 171 65 3 291 5000 116066 21% 6 615036 148992 60%
c d  2.76 171 65 3 291 5000 116050 21% 6 615036 148984 60%
c i  2.81 171 66 3 298 5062 116108 21% 6 615036 148981 60%
c i  2.81 171 66 3 298 5064 116109 21% 6 615036 148979 60%
c i  2.82 171 66 3 298 5098 116141 21% 6 615036 148972 60%
c s  2.95 192 66 3 298 5121 115278 21% 6 614427 148971 60%
c w  3.15 192 66 3 298 5121 115277 21% 6 614427 148971 60%
c e  3.60 196 66 3 298 5121 49128 21% 6 535131 75641 31%
c s  3.75 209 66 3 298 5121 48556 21% 6 515548 75641 31%
c e  3.88 209 66 3 298 5121 47010 21% 6 515361 75293 30%
c i  3.95 209 66 3 298 5123 47011 21% 6 515361 75292 30%
c -  4.11 187 67 4 304 5160 1574 21% 6 515313 75292 30%
c i  4.11 187 67 4 304 5161 1574 21% 6 515313 75291 30%
c i  4.12 187 66 4 308 5211 1622 21% 6 515313 75290 30%
c 
c  seconds   reductions  redundant  irredundant
c          MB    restarts       trail       variables
c           level   conflicts       glue         remaining
c 
c i  4.12 187 66 4 308 5214 1624 21% 6 515313 75289 30%
c i  4.14 187 69 4 311 5303 1710 21% 6 515313 75288 30%
c i  4.15 187 69 4 316 5349 1748 21% 6 515313 75287 30%
c i  4.22 187 70 4 341 5768 2142 20% 6 515313 75286 30%
c i  4.22 187 70 4 342 5777 2147 20% 6 515313 75285 30%
c i  4.23 187 69 4 348 5847 2210 20% 6 515313 75284 30%
c i  4.24 187 69 4 352 5902 2248 19% 6 515313 75283 30%
c i  4.24 187 69 4 352 5947 2284 19% 6 515313 75282 30%
c i  4.24 187 69 4 352 5948 2284 19% 6 515313 75281 30%
c i  4.24 187 69 4 352 5950 2284 19% 6 515313 75279 30%
c i  4.24 187 69 4 352 5956 2289 19% 6 515313 75278 30%
c i  4.25 187 69 4 352 5964 2296 19% 6 515313 75277 30%
c i  4.25 187 69 4 352 5965 2296 19% 6 515313 75276 30%
c i  4.25 187 69 4 352 5968 2298 19% 6 515313 75275 30%
c i  4.25 187 70 4 352 6000 2325 19% 6 515313 75274 30%
c i  4.25 187 70 4 352 6001 2325 19% 6 515313 75273 30%
c i  4.25 187 70 4 352 6002 2325 19% 6 515313 75272 30%
c i  4.25 187 70 4 352 6003 2325 19% 6 515313 75271 30%
c #  4.25 187 69 4 352 6004 2325 19% 6 515313 75271 30%
c i  4.25 187 69 4 352 6004 2325 19% 6 515313 75270 30%
c 
c  seconds   reductions  redundant  irredundant
c          MB    restarts       trail       variables
c           level   conflicts       glue         remaining
c 
c i  4.25 187 69 4 352 6005 2325 19% 6 515313 75269 30%
c i  4.25 187 69 4 352 6006 2325 19% 6 515313 75264 30%
c i  4.27 187 69 4 363 6127 2437 19% 6 515313 75263 30%
c i  4.28 187 69 4 366 6193 2494 19% 6 515313 75261 30%
c i  4.28 187 69 4 366 6196 2496 19% 6 515313 75260 30%
c i  4.28 187 69 4 367 6214 2511 19% 6 515313 75259 30%
c i  4.29 187 69 4 369 6256 2550 19% 6 515313 75258 30%
c i  4.29 187 69 4 371 6262 2555 19% 6 515313 75257 30%
c i  4.29 187 69 4 373 6267 2558 19% 6 515313 75256 30%
c i  4.30 187 68 4 383 6346 2612 18% 6 515313 75255 30%
c i  4.30 187 68 4 384 6347 2612 18% 6 515313 75254 30%
c i  4.31 187 68 4 385 6417 2671 18% 6 515313 75253 30%
c i  4.31 187 68 4 385 6418 2671 18% 6 515313 75252 30%
c i  4.32 187 69 4 386 6454 2703 18% 6 515313 75249 30%
c i  4.32 187 69 4 386 6458 2706 18% 6 515313 75248 30%
c i  4.32 187 69 4 386 6517 2762 18% 6 515313 75247 30%
c i  4.33 187 69 4 386 6525 2769 18% 6 515313 75246 30%
c i  4.34 187 70 4 393 6577 2814 18% 6 515313 75243 30%
c i  4.34 187 69 4 393 6579 2815 18% 6 515313 75242 30%
c i  4.34 187 69 4 393 6580 2815 18% 6 515313 75240 30%
c 
c  seconds   reductions  redundant  irredundant
c          MB    restarts       trail       variables
c           level   conflicts       glue         remaining
c 
c i  4.34 187 69 4 393 6581 2815 18% 6 515313 75237 30%
c i  4.35 187 69 4 401 6629 2856 18% 6 515313 75236 30%
c i  4.35 187 69 4 401 6643 2868 18% 6 515313 75235 30%
c i  4.36 187 69 4 408 6772 2986 18% 6 515313 75234 30%
c i  4.36 187 69 4 408 6773 2986 18% 6 515313 75233 30%
c i  4.37 187 69 4 411 6806 3017 18% 6 515313 75232 30%
c i  4.37 187 69 4 412 6821 3031 18% 6 515313 75231 30%
c i  4.38 187 69 4 414 6831 3040 18% 6 515313 75230 30%
c i  4.39 187 69 4 416 6915 3117 18% 6 515313 75229 30%
c i  4.39 187 69 4 416 6925 3126 18% 6 515313 75228 30%
c }  4.41 187 69 4 428 7001 3199 18% 6 515313 75228 30%
c [  4.41 187 63 4 428 7001 3199 90% 10 515313 75228 30%
c i  4.58 191 79 4 429 7299 3479 28% 11 512187 75227 30%
c i  4.61 191 89 4 429 7484 3651 29% 11 512187 75226 30%
c -  4.70 192 101 5 429 7729 3661 34% 12 512073 75226 30%
c i  4.73 192 101 5 429 7858 3780 32% 12 512073 75225 30%
c i  4.74 192 102 5 429 7945 3864 32% 12 512073 75224 30%
c i  4.78 192 103 5 429 8092 4005 33% 12 512073 75222 30%
c i  4.80 192 104 5 429 8215 4121 33% 12 512073 75221 30%
c i  4.81 192 105 5 429 8262 4164 33% 12 512073 75220 30%
c 
c  seconds    reductions  redundant   irredundant
c          MB     restarts       trail        variables
c            level   conflicts       glue          remaining
c 
c i  4.87 192 106 5 429 8551 4444 32% 11 512073 75219 30%
c i  4.87 192 106 5 429 8589 4478 32% 11 512073 75218 30%
c i  4.88 192 106 5 429 8621 4509 32% 11 512073 75217 30%
c i  4.92 192 106 5 429 8872 4738 34% 11 512073 75216 30%
c i  4.97 192 109 5 429 9095 4948 35% 12 512073 75213 30%
c i  5.00 192 109 5 430 9262 5094 34% 12 512073 75212 30%
c i  5.00 192 109 5 430 9311 5132 34% 12 512073 75211 30%
c i  5.00 192 109 5 430 9356 5165 34% 12 512073 75210 30%
c i  5.01 192 109 5 430 9408 5214 34% 12 512073 75209 30%
c i  5.01 192 109 5 430 9410 5215 34% 12 512073 75208 30%
c i  5.03 192 109 5 430 9509 5309 34% 12 512073 75207 30%
c i  5.03 192 109 5 430 9514 5313 34% 12 512073 75206 30%
c i  5.03 192 109 5 430 9520 5317 34% 12 512073 75205 30%
c i  5.03 192 109 5 430 9534 5328 34% 12 512073 75204 30%
c i  5.04 192 109 5 430 9571 5360 34% 12 512073 75203 30%
c i  5.05 192 109 5 430 9644 5424 34% 12 512073 75201 30%
c i  5.05 192 110 5 430 9655 5434 34% 12 512073 75200 30%
c i  5.06 192 110 5 430 9678 5455 34% 12 512073 75199 30%
c i  5.06 192 110 5 430 9688 5463 34% 12 512073 75198 30%
c i  5.07 192 110 5 430 9784 5551 34% 12 512073 75197 30%
c 
c  seconds    reductions  redundant   irredundant
c          MB     restarts       trail        variables
c            level   conflicts       glue          remaining
c 
c i  5.08 192 110 5 430 9846 5600 35% 12 512073 75195 30%
c I  5.12 192 110 5 430 10005 5749 35% 12 512073 75195 30%
c -  5.27 192 111 6 431 10806 5549 33% 12 510355 75195 30%
c i  5.31 192 111 6 431 11169 5880 33% 12 510355 75194 30%
c i  5.32 192 112 6 431 11211 5914 33% 12 510355 75193 30%
c i  5.35 192 116 6 432 11449 6131 33% 12 510355 75192 30%
c i  5.93 192 133 6 433 14142 8660 35% 17 510355 75191 30%
c -  6.04 193 130 7 433 14397 7256 35% 16 510123 75191 30%
c d  6.23 193 124 7 433 15000 7824 36% 16 509871 75074 30%
c 3  6.28 193 124 7 433 15000 8856 36% 16 509864 75074 30%
c 2  6.35 193 124 7 433 15000 8961 36% 16 509860 75074 30%
c p  6.45 193 124 7 433 15000 68680 36% 16 509860 75066 30%
c d  6.48 193 124 7 433 15000 68675 36% 16 509378 75064 30%
c d  6.50 193 124 7 433 15000 68675 36% 16 509358 75055 30%
c ]  6.50 193 124 7 433 15001 68676 36% 16 509358 75055 30%
c {  6.50 193 69 7 433 15001 68676 36% 6 509358 75055 30%
c B  6.51 193 69 7 435 15010 68684 36% 6 509358 75055 30%
c i  6.52 193 69 7 444 15172 68829 36% 6 509358 75054 30%
c i  6.52 193 69 7 444 15176 68832 36% 6 509358 75053 30%
c i  6.52 193 69 7 444 15181 68836 35% 6 509358 75052 30%
c 
c  seconds   reductions    redundant  irredundant
c          MB    restarts         trail       variables
c           level    conflicts        glue         remaining
c 
c i  6.53 193 68 7 447 15355 68992 34% 6 509358 75051 30%
c i  6.60 193 67 7 496 15822 69417 34% 6 509358 75049 30%
c i  6.60 193 67 7 496 15823 69417 34% 6 509358 75048 30%
c i  6.60 193 67 7 496 15824 69417 34% 6 509358 75047 30%
c i  6.60 193 67 7 496 15825 69417 34% 6 509358 75046 30%
c i  6.60 193 67 7 496 15834 69425 34% 6 509358 75045 30%
c i  6.62 193 67 7 507 15929 69510 34% 6 509358 75043 30%
c i  6.65 193 66 7 512 16130 69699 33% 6 509358 75042 30%
c i  6.65 193 67 7 512 16134 69702 33% 6 509358 75041 30%
c s  6.73 193 67 7 512 16221 68605 33% 6 506783 75041 30%
c v  6.88 193 67 7 512 16221 68605 33% 6 506762 75041 30%
c w  6.90 193 67 7 512 16221 68605 33% 6 506762 75041 30%
c t  6.95 193 67 7 512 16221 68605 33% 6 506755 75041 30%
c e  7.05 193 67 7 512 16221 58653 33% 6 503747 72701 29%
c s  7.10 193 67 7 512 16221 58217 33% 6 502137 72701 29%
c e  7.15 193 67 7 512 16221 57906 33% 6 502032 72621 29%
c i  7.21 193 67 7 521 16447 58093 33% 6 502032 72620 29%
c i  7.25 193 65 7 566 16723 58329 32% 6 502032 72618 29%
c i  7.25 193 65 7 566 16728 58333 32% 6 502032 72613 29%
c i  7.26 193 65 7 580 16851 58436 32% 6 502032 72612 29%
c 
c  seconds   reductions    redundant  irredundant
c          MB    restarts         trail       variables
c           level    conflicts        glue         remaining
c 
c i  7.28 193 65 7 591 17015 58589 31% 6 502032 72611 29%
c i  7.28 193 65 7 591 17016 58589 31% 6 502032 72610 29%
c i  7.31 193 65 7 606 17233 58786 31% 6 502032 72609 29%
c i  7.35 193 66 7 638 17537 59065 31% 6 502032 72608 29%
c i  7.36 193 65 7 644 17596 59119 31% 6 502032 72607 29%
c i  7.41 193 66 7 672 18011 59493 30% 6 502032 72606 29%
c -  7.54 193 66 8 699 18495 9002 30% 6 501555 72606 29%
c i  7.60 193 66 8 747 18967 9424 30% 6 501555 72605 29%
c i  7.65 193 68 8 763 19352 9790 29% 6 501555 72604 29%
c i  7.65 193 68 8 763 19423 9857 30% 6 501555 72603 29%
c i  7.66 193 68 8 763 19428 9861 30% 6 501555 72602 29%
c i  7.68 193 68 8 791 19623 10033 29% 6 501555 72601 29%
c i  7.70 193 68 8 819 19751 10155 29% 6 501555 72600 29%
c i  7.72 193 68 8 828 19944 10337 29% 6 501555 72599 29%
c i  7.75 193 68 8 846 20148 10530 29% 6 501555 72597 29%
c i  7.78 193 68 8 863 20340 10704 29% 6 501555 72596 29%
c i  7.79 193 68 8 865 20390 10747 29% 6 501555 72595 29%
c i  7.79 193 68 8 866 20401 10755 29% 6 501555 72593 29%
c i  7.79 193 68 8 873 20425 10778 29% 6 501555 72592 29%
c i  7.80 193 68 8 883 20474 10824 29% 6 501555 72589 29%
c 
c  seconds   reductions    redundant  irredundant
c          MB    restarts         trail       variables
c           level    conflicts        glue         remaining
c 
c i  7.87 193 68 8 921 20925 11251 29% 6 501555 72588 29%
c W  7.98 193 68 8 925 21012 11322 29% 6 500726 72588 29%
c i  8.00 193 68 8 937 21164 11458 28% 6 500726 72587 29%
c i  8.02 193 68 8 950 21260 11548 28% 6 500726 72585 29%
c i  8.07 193 68 8 990 21659 11903 28% 6 500726 72584 29%
c i  8.12 193 68 8 1020 22033 12243 28% 6 500726 72583 29%
c -  8.26 193 67 9 1065 23087 10898 27% 6 500474 72583 29%
c i  8.38 193 66 9 1126 24013 11743 27% 6 500474 72582 29%
c i  8.39 193 66 9 1128 24030 11757 27% 6 500474 72581 29%
c i  8.46 193 66 9 1210 24759 12404 27% 6 500474 72580 29%
c i  8.48 193 66 9 1221 24840 12477 27% 6 500474 72579 29%
c i  8.55 193 67 9 1263 25286 12856 27% 6 500474 72578 29%
c i  8.61 193 67 9 1289 25701 13221 27% 6 500474 72577 29%
c i  8.64 193 67 9 1309 25986 13478 27% 6 500474 72576 29%
c i  8.77 193 67 9 1373 26712 14130 27% 6 500474 72575 29%
c F  8.94 193 68 9 1469 28013 15295 26% 6 500474 72575 29%
c -  9.01 193 68 10 1480 28189 13020 26% 6 500021 72575 29%
c d  9.29 193 68 10 1628 30000 14620 26% 6 499920 72528 29%
c 3  9.34 193 68 10 1628 30000 15248 26% 6 499918 72528 29%
c 2  9.42 193 68 10 1628 30000 15374 26% 6 499913 72528 29%
c 
c  seconds   reductions      redundant  irredundant
c          MB     restarts          trail       variables
c           level      conflicts        glue         remaining
c 
c p  9.52 193 68 10 1628 30000 79663 26% 6 499913 72525 29%
c d  9.55 193 68 10 1628 30000 79661 26% 6 499714 72524 29%
c d  9.57 193 68 10 1628 30000 79661 26% 6 499712 72523 29%
c i  9.66 193 68 10 1672 30656 80237 26% 6 499712 72522 29%
c }  9.69 193 68 10 1697 31001 80518 26% 6 499712 72522 29%
c [  9.69 193 124 10 1697 31001 80518 36% 16 499712 72522 29%
c s 10.10 193 122 10 1697 32958 80824 36% 16 497711 72522 29%
c v 10.24 193 122 10 1697 32958 80824 36% 16 497704 72522 29%
c w 10.27 193 122 10 1697 32958 80821 36% 16 497704 72522 29%
c t 10.33 193 122 10 1697 32958 80821 36% 16 497702 72521 29%
c e 10.40 193 122 10 1697 32958 72085 36% 16 495931 71263 29%
c s 10.43 193 122 10 1697 32958 71655 36% 16 494915 71263 29%
c e 10.48 193 122 10 1697 32958 71414 36% 16 494863 71225 29%
c - 10.82 193 121 11 1698 33795 16022 37% 16 494863 71225 29%
c i 11.16 193 113 11 1699 35605 17709 37% 15 494863 71224 29%
c i 11.17 193 113 11 1699 35683 17782 37% 15 494863 71223 29%
c B 11.23 193 112 11 1700 36014 18080 37% 15 494863 71223 29%
c - 12.22 193 96 12 1702 39895 17738 37% 14 494744 71223 29%
c W 13.43 193 93 12 1704 45015 22539 37% 15 494744 71223 29%
c - 13.71 211 91 13 1705 46505 19811 36% 14 494744 71223 29%
c 
c  seconds   reductions      redundant   irredundant
c          MB     restarts          trail        variables
c           level      conflicts        glue          remaining
c 
c i 14.35 211 92 13 1705 49575 22689 36% 14 494744 71222 29%
c d 14.47 211 93 13 1705 50001 23089 36% 14 494687 71220 29%
c 3 14.51 211 93 13 1705 50001 23581 36% 14 494687 71220 29%
c 2 14.59 211 93 13 1705 50001 23615 36% 14 494686 71220 29%
c p 14.70 211 93 13 1705 50001 88019 36% 14 494686 71219 29%
c d 14.73 211 93 13 1705 50001 88011 36% 14 494615 71215 29%
c d 14.76 211 93 13 1705 50001 88011 36% 14 494612 71214 29%
c - 15.39 156 95 14 1705 53621 23205 35% 15 494612 71214 29%
c O 15.72 156 98 14 1706 55017 24445 35% 16 494612 71214 29%
c s 15.84 160 97 14 1706 55331 24681 35% 16 493559 71214 29%
c v 16.01 160 97 14 1706 55331 24681 35% 16 493152 71214 29%
c t 16.13 160 97 14 1706 55331 24681 35% 16 493150 71214 29%
c e 16.18 160 97 14 1706 55331 24455 35% 16 492492 70704 29%
c s 16.20 160 97 14 1706 55331 24452 35% 16 491898 70704 29%
c e 16.24 160 97 14 1706 55331 24450 35% 16 491861 70688 29%
c - 18.39 175 85 15 1711 61245 24450 37% 16 491861 70688 29%
c ] 18.98 175 81 15 1711 63002 25950 37% 16 491861 70688 29%
c { 18.98 175 68 15 1711 63002 25950 26% 6 491861 70688 29%
c i 19.19 175 68 15 1826 64956 27671 25% 6 491861 70687 29%
c B 19.33 175 68 15 1915 66020 28601 25% 6 491861 70687 29%
c 
c  seconds   reductions      redundant  irredundant
c          MB     restarts          trail       variables
c           level      conflicts        glue         remaining
c 
c - 19.78 175 68 16 2150 69365 26383 25% 6 491796 70687 29%
c 3 20.49 175 67 16 2588 75001 32048 24% 6 491796 70687 29%
c 2 20.56 175 67 16 2588 75001 32082 24% 6 491790 70687 29%
c p 20.69 175 67 16 2588 75001 91422 24% 6 491790 70687 29%
c d 20.72 175 67 16 2588 75001 91416 24% 6 491790 70684 29%
c i 20.88 175 67 16 2701 76061 92330 24% 6 491790 70682 29%
c i 20.88 175 67 16 2701 76064 92329 24% 6 491790 70681 29%
c - 21.19 175 67 17 2892 77994 30591 24% 6 491753 70681 29%
c W 21.37 175 67 17 2897 78022 30616 24% 6 491753 70681 29%
c i 21.49 175 67 17 2989 79057 31528 24% 6 491753 70680 29%
c i 21.49 175 66 17 2989 79097 31559 24% 6 491753 70671 29%
c s 22.10 175 68 17 3296 83319 35314 24% 6 490804 70671 29%
c v 22.27 175 68 17 3296 83319 35314 24% 6 486341 70671 29%
c w 22.30 175 68 17 3296 83319 35309 24% 6 486341 70671 29%
c e 22.47 175 68 17 3296 83319 35008 24% 6 485539 70087 28%
c s 22.49 175 68 17 3296 83319 34992 24% 6 484968 70087 28%
c e 22.53 175 68 17 3296 83319 34971 24% 6 484907 70064 28%
c - 23.03 175 68 18 3594 87129 32764 24% 6 484907 70064 28%
c i 23.30 175 67 18 3736 89808 35140 24% 6 484907 70047 28%
c # 23.47 175 67 18 3824 91023 36255 24% 6 484907 70047 28%
c 
c  seconds   reductions      redundant  irredundant
c          MB     restarts          trail       variables
c           level      conflicts        glue         remaining
c 
c - 24.30 175 67 19 4365 96740 35830 23% 6 484793 70047 28%
c i 25.08 175 66 19 4890 103182 41563 23% 6 484793 70046 28%
c i 25.08 175 66 19 4890 103185 41565 23% 6 484793 70027 28%
c d 25.35 175 66 19 5034 105001 43109 23% 6 484665 70025 28%
c 3 25.40 175 66 19 5034 105001 43715 23% 6 484665 70025 28%
c 3 25.41 175 66 19 5034 105001 43753 23% 6 484665 70025 28%
c 2 25.47 175 66 19 5034 105001 43745 23% 6 484660 70024 28%
c p 25.59 175 66 19 5034 105001 96634 23% 6 484660 70024 28%
c B 25.62 175 67 19 5034 105024 96657 23% 6 484660 70024 28%
c - 25.93 175 66 20 5213 106854 39934 23% 6 484638 70024 28%
c s 27.34 175 67 20 5981 116813 48820 23% 6 483790 70024 28%
c v 27.50 175 67 20 5981 116813 48820 23% 6 479177 70024 28%
c w 27.53 175 67 20 5981 116813 48818 23% 6 479177 70024 28%
c t 27.65 175 67 20 5981 116813 48818 23% 6 479176 70024 28%
c e 27.71 175 67 20 5981 116813 48623 23% 6 478638 69594 28%
c s 27.73 175 67 20 5981 116813 48588 23% 6 478084 69594 28%
c e 27.77 175 67 20 5981 116813 48585 23% 6 478024 69581 28%
c - 27.93 175 67 21 6025 117472 43215 23% 6 478024 69581 28%
c W 28.49 175 67 21 6223 120026 45540 23% 6 478024 69581 28%
c } 29.44 175 67 21 6802 127002 51791 23% 7 478024 69581 28%
c 
c  seconds   reductions       redundant   irredundant
c          MB     restarts           trail        variables
c           level      conflicts         glue          remaining
c 
c [ 29.44 175 81 21 6802 127002 51791 37% 16 478024 69581 28%
c - 29.71 175 84 22 6803 128558 47175 37% 16 478024 69581 28%
c B 32.04 175 78 22 6807 136028 53798 37% 16 478024 69581 28%
c 3 33.47 175 73 22 6810 140001 57733 38% 15 478024 69581 28%
c 2 33.55 175 73 22 6810 140001 57764 38% 15 478012 69581 28%
c p 33.75 175 73 22 6810 140001 196331 38% 15 478012 69581 28%
c - 33.91 176 73 23 6810 140146 52332 38% 15 478012 69581 28%
c - 38.21 176 63 24 6811 152237 53465 40% 15 478012 69581 28%
c W 38.83 176 62 24 6812 153030 54149 40% 15 478012 69581 28%
c s 39.82 176 61 24 6812 155738 56398 40% 15 477405 69581 28%
c v 40.05 176 61 24 6812 155738 56398 40% 15 469021 69581 28%
c w 40.09 176 61 24 6812 155738 56396 40% 15 469021 69581 28%
c t 40.30 176 61 24 6812 155738 56396 40% 15 469019 69581 28%
c e 40.37 176 61 24 6812 155738 56107 40% 15 468496 69163 28%
c s 40.39 176 61 24 6812 155738 56085 40% 15 468010 69163 28%
c e 40.43 176 61 24 6812 155738 56080 40% 15 467968 69154 28%
c - 43.92 191 55 25 6812 164838 55410 41% 15 467968 69154 28%
c I 46.26 191 53 25 6814 171031 60670 41% 15 467968 69154 28%
c - 47.74 191 56 26 6819 177867 58271 41% 15 467968 69154 28%
c 3 48.18 191 56 26 6819 180001 60736 40% 15 467968 69154 28%
c 
c  seconds   reductions       redundant   irredundant
c          MB     restarts           trail        variables
c           level      conflicts         glue          remaining
c 
c 2 48.25 191 56 26 6819 180001 60777 40% 15 467961 69154 28%
c p 48.54 191 56 26 6819 180001 216148 40% 15 467961 69154 28%
c d 48.58 191 56 26 6819 180001 216146 40% 15 467961 69153 28%
c B 51.26 191 53 26 6825 190032 224827 40% 15 467961 69153 28%
c - 51.81 192 53 27 6826 191397 66312 40% 15 467961 69153 28%
c s 54.60 192 50 27 6827 199875 73188 40% 15 467591 69153 28%
c v 54.92 192 50 27 6827 199875 73188 40% 15 459935 69153 28%
c w 54.97 192 50 27 6827 199875 73185 40% 15 459935 69153 28%
c t 55.20 192 50 27 6827 199875 73185 40% 15 459928 69153 28%
c e 55.27 192 50 27 6827 199875 72696 40% 15 459368 68791 28%
c s 55.29 192 50 27 6827 199875 72671 40% 15 459028 68791 28%
c e 55.33 192 50 27 6827 199875 72670 40% 15 458988 68778 28%
c - 57.48 192 48 28 6830 205427 62916 40% 15 458988 68778 28%
c W 59.92 192 47 28 6833 210033 66626 40% 15 458988 68778 28%
c - 63.21 192 44 29 6838 219884 65333 41% 15 458988 68778 28%
c d 64.72 192 44 29 6841 225001 69781 41% 15 458985 68777 28%
c 2 64.81 192 44 29 6841 225001 70137 41% 15 458983 68777 28%
c p 65.10 192 44 29 6841 225001 200696 41% 15 458983 68581 28%
c d 65.14 192 44 29 6841 225001 194399 41% 15 455909 68502 28%
c O 67.06 192 43 29 6842 231034 199621 41% 15 455909 68502 28%
c 
c  seconds   reductions       redundant   irredundant
c          MB     restarts           trail        variables
c           level      conflicts         glue          remaining
c 
c - 68.51 192 42 30 6842 234841 74252 41% 15 455909 68502 28%
c s 74.02 192 40 30 6843 249170 86292 41% 15 454820 68502 28%
c v 74.33 192 40 30 6843 249170 86292 41% 15 447066 68502 28%
c w 74.38 192 40 30 6843 249170 86280 41% 15 447066 68502 28%
c t 74.58 192 40 30 6843 249170 86280 41% 15 447006 68502 28%
c e 74.66 192 40 30 6843 249170 85146 41% 15 446057 68073 28%
c s 74.69 192 40 30 6843 249170 85113 41% 15 445709 68073 28%
c e 74.73 192 40 30 6843 249170 85065 41% 15 445673 68057 28%
c - 75.24 192 40 31 6843 250271 72946 42% 15 445673 68057 28%
c B 76.36 192 39 31 6843 253035 75332 42% 15 445673 68057 28%
c ] 76.96 192 39 31 6844 255005 77132 42% 15 445673 68057 28%
c { 76.96 192 67 31 6844 255005 77132 23% 7 445673 68057 28%
c - 78.59 192 66 32 7914 266104 75402 23% 7 445673 68057 28%
c i 79.54 192 66 32 8497 272759 81435 23% 7 445673 68046 28%
c i 79.54 192 66 32 8497 272788 81450 23% 7 445673 68044 28%
c i 79.54 192 66 32 8497 272790 81450 23% 7 445673 68042 28%
c 2 80.00 192 65 32 8718 275004 83841 23% 7 445666 68042 28%
c p 80.36 192 65 32 8718 275004 291090 23% 7 445666 68042 28%
c d 80.40 192 65 32 8718 275004 291015 23% 7 445575 68036 28%
c F 80.57 192 65 32 8782 276036 291971 23% 7 445575 68036 28%
c 
c  seconds   reductions       redundant  irredundant
c          MB     restarts           trail       variables
c           level      conflicts         glue         remaining
c 
c - 81.64 192 65 33 9264 282431 84050 23% 7 445574 68036 28%
c i 81.73 192 65 33 9299 282895 84481 23% 7 445574 68035 28%
c i 83.13 192 64 33 10265 292611 93078 23% 7 445574 68020 28%
c i 83.95 192 64 33 10867 297879 97803 23% 7 445574 68019 28%
c - 84.19 192 64 34 10956 299250 86118 23% 7 445448 68019 28%
c B 84.32 192 64 34 11021 300037 86826 23% 7 445448 68019 28%
c i 84.61 192 64 34 11190 301674 88297 23% 7 445448 68017 28%
c s 84.91 192 64 34 11347 303394 89647 23% 7 445199 68017 28%
c v 85.15 192 64 34 11347 303394 89647 23% 7 441744 68017 28%
c t 85.33 192 64 34 11347 303394 89645 23% 7 441722 68017 28%
c e 85.38 192 64 34 11347 303394 89380 23% 7 441395 67836 27%
c s 85.40 192 64 34 11347 303394 89357 23% 7 441220 67836 27%
c e 85.43 192 64 34 11347 303394 89349 23% 7 441204 67827 27%
c - 87.51 192 64 35 12614 316562 90440 23% 7 441204 67827 27%
c W 89.09 192 63 35 13363 325039 98168 23% 7 441204 67827 27%
c d 89.89 192 63 35 13856 330004 102609 23% 7 441204 67826 27%
c 2 90.00 192 63 35 13856 330004 103194 23% 7 441202 67826 27%
c p 90.22 192 63 35 13856 330004 202898 23% 7 441202 67826 27%
c - 91.13 192 63 36 14308 334326 97710 23% 7 441202 67826 27%
c # 93.72 192 62 36 15842 351044 112784 23% 7 441202 67826 27%
c 
c  seconds   reductions        redundant   irredundant
c          MB      restarts            trail       variables
c           level       conflicts          glue         remaining
c 
c - 94.03 192 62 37 16047 352586 101591 23% 7 441202 67826 27%
c s 95.66 192 62 37 16935 362844 110686 23% 7 440985 67826 27%
c v 95.91 192 62 37 16935 362844 110686 23% 7 438023 67826 27%
c w 95.96 192 62 37 16935 362844 110682 23% 7 438023 67826 27%
c t 96.17 192 62 37 16935 362844 110682 23% 7 438017 67826 27%
c e 96.22 192 62 37 16935 362844 110493 23% 7 437856 67702 27%
c s 96.24 192 62 37 16935 362844 110466 23% 7 437757 67702 27%
c e 96.28 192 62 37 16935 362844 110458 23% 7 437748 67697 27%
c - 97.72 192 62 38 17738 371335 106294 23% 7 437748 67697 27%
c B 98.99 192 61 38 18558 378046 112378 24% 7 437748 67697 27%
c 3 101.04 192 61 38 19691 390004 124028 25% 7 437748 67697 27%
c 2 101.13 192 61 38 19691 390004 124045 25% 7 437748 67697 27%
c p 101.48 192 61 38 19691 390004 286838 25% 7 437748 67650 27%
c d 101.53 192 61 38 19691 390004 284641 25% 7 436775 67588 27%
c - 101.78 192 61 39 19771 390537 112440 25% 7 436775 67588 27%
c W 104.77 192 61 39 21260 406047 126483 25% 7 436775 67588 27%
c - 105.48 192 61 40 21667 410220 117638 25% 7 436775 67588 27%
c i 106.53 192 61 40 22277 417118 123905 25% 7 436775 67583 27%
c s 108.48 192 61 40 23382 427476 132939 25% 7 436320 67583 27%
c v 108.75 192 61 40 23382 427476 132939 25% 7 434153 67583 27%
c 
c  seconds    reductions        redundant   irredundant
c           MB      restarts            trail       variables
c            level       conflicts          glue         remaining
c 
c w 108.80 192 61 40 23382 427476 132934 25% 7 434153 67583 27%
c t 109.04 192 61 40 23382 427476 132933 25% 7 434047 67583 27%
c e 109.10 192 61 40 23382 427476 132296 25% 7 433557 67379 27%
c s 109.13 192 61 40 23382 427476 132277 25% 7 433440 67379 27%
c e 109.17 192 61 40 23382 427476 132269 25% 7 433421 67372 27%
c - 109.84 192 61 41 23738 430395 122621 25% 7 433421 67372 27%
c F 110.62 192 61 41 24152 435048 126807 25% 7 433421 67372 27%
c i 111.98 192 61 41 25006 443020 134003 25% 8 433421 67371 27%
c i 113.10 192 61 41 25748 448835 139308 25% 8 433421 67365 27%
c - 113.61 193 61 42 26013 451020 128419 25% 8 433358 67365 27%
c d 114.35 193 60 42 26505 455004 131947 25% 8 433358 67364 27%
c 3 114.40 193 60 42 26505 455004 132645 25% 8 433358 67364 27%
c 2 114.47 193 60 42 26505 455004 132632 25% 8 433351 67364 27%
c p 114.79 193 60 42 26505 455004 314061 25% 8 433351 67364 27%
c d 114.83 193 60 42 26505 455004 314059 25% 8 433351 67363 27%
c B 117.12 193 60 42 27620 465051 323293 25% 8 433351 67363 27%
c - 118.78 193 60 43 28285 472135 143856 26% 8 433351 67363 27%
c - 123.08 194 59 44 30518 493743 143642 26% 8 433351 67363 27%
c W 123.97 194 59 44 30791 496052 145754 26% 8 433351 67363 27%
c s 124.30 194 60 44 30884 497302 146551 26% 8 433096 67363 27%
c 
c  seconds    reductions        redundant   irredundant
c           MB      restarts            trail       variables
c            level       conflicts          glue         remaining
c 
c v 124.57 194 60 44 30884 497302 146551 26% 8 432246 67363 27%
c w 124.63 194 60 44 30884 497302 146547 26% 8 432246 67363 27%
c t 125.00 194 60 44 30884 497302 146547 26% 8 431955 67363 27%
c e 125.07 194 60 44 30884 497302 146165 26% 8 431766 67216 27%
c s 125.11 194 60 44 30884 497302 146067 26% 8 431058 67216 27%
c e 125.15 194 60 44 30884 497302 145923 26% 8 431024 67173 27%
c } 127.84 194 60 44 32335 511005 158363 27% 8 431024 67173 27%
c [ 127.84 194 39 44 32335 511005 158363 46% 15 431024 67173 27%
c - 129.50 194 41 45 32335 515841 147223 46% 15 431024 67173 27%
c d 132.97 194 42 45 32335 525007 155628 46% 16 431024 67172 27%
c 2 133.09 194 42 45 32335 525007 156201 46% 16 431020 67172 27%
c p 133.47 194 42 45 32335 525007 312848 46% 16 431020 67105 27%
c d 133.52 194 42 45 32335 525007 310820 46% 16 429803 67083 27%
c W 135.38 223 41 45 32335 528055 313261 46% 16 429803 67083 27%
c - 139.25 217 39 46 32335 538399 157550 46% 16 429803 67083 27%
c I 148.08 217 36 46 32347 561056 176035 47% 16 429803 67083 27%
c - 148.25 194 37 47 32347 561432 152850 47% 16 429803 67083 27%
c s 151.79 194 36 47 32350 572394 162052 47% 16 429403 67083 27%
c v 152.14 194 36 47 32350 572394 162052 47% 16 429219 67083 27%
c w 152.22 194 36 47 32350 572394 162036 47% 16 429219 67083 27%
c 
c  seconds    reductions        redundant    irredundant
c           MB      restarts            trail        variables
c            level       conflicts          glue          remaining
c 
c t 152.57 194 36 47 32350 572394 162035 47% 16 426072 67083 27%
c e 152.65 194 36 47 32350 572394 161689 47% 16 425969 66981 27%
c s 152.72 194 36 47 32350 572394 161484 47% 16 425820 66981 27%
c e 152.76 194 36 47 32350 572394 161479 47% 16 425819 66979 27%
c - 157.22 195 35 48 32357 584951 152567 47% 16 425819 66979 27%
c B 160.44 195 35 48 32362 595059 161210 47% 16 425819 66979 27%
c d 162.31 195 34 48 32364 600010 165238 47% 16 425819 66978 27%
c 2 162.42 195 34 48 32364 600010 165738 47% 16 425815 66978 27%
c p 163.00 195 34 48 32364 600010 476399 47% 16 425815 66895 27%
c d 163.06 195 34 48 32364 600010 472178 47% 16 424516 66879 27%
c - 166.36 195 34 49 32365 608900 163788 47% 16 424516 66879 27%
c W 174.34 195 32 49 32369 630063 181236 47% 16 424516 66879 27%
c - 176.12 195 32 50 32372 633318 162082 48% 16 424516 66879 27%
c s 184.65 195 31 50 32381 652448 178013 48% 16 424050 66879 27%
c v 185.01 195 31 50 32381 652448 178013 48% 16 424020 66879 27%
c w 185.09 195 31 50 32381 652448 178005 48% 16 424020 66879 27%
c t 185.40 195 31 50 32381 652448 178005 48% 16 421930 66879 27%
c e 185.47 195 31 50 32381 652448 177819 48% 16 421830 66823 27%
c s 185.49 195 31 50 32381 652448 177748 48% 16 418319 66823 27%
c e 185.54 195 31 50 32381 652448 177748 48% 16 418319 66821 27%
c 
c  seconds    reductions        redundant    irredundant
c           MB      restarts            trail        variables
c            level       conflicts          glue          remaining
c 
c - 188.06 219 31 51 32381 658224 163305 48% 16 418319 66821 27%
c O 191.59 219 31 51 32386 666064 169885 48% 16 418319 66821 27%
c 2 198.26 219 31 51 32394 680011 181237 48% 17 418318 66821 27%
c p 198.93 219 31 51 32394 680011 523525 48% 17 418318 66821 27%
c - 200.81 243 31 52 32395 683519 170265 48% 17 418318 66821 27%
c B 210.18 243 30 52 32397 703067 186733 49% 17 418318 66821 27%
c - 213.03 243 30 53 32397 709300 173300 49% 17 418318 66821 27%
c - 226.33 243 30 54 32398 735568 172173 49% 18 418318 66821 27%
c s 227.25 243 30 54 32398 737131 173123 49% 18 418184 66821 27%
c v 227.78 243 30 54 32398 737131 173123 49% 18 418051 66821 27%
c w 227.86 243 30 54 32398 737131 173100 49% 18 418051 66821 27%
c t 228.41 243 30 54 32398 737131 172841 49% 18 416092 66821 27%
c e 228.49 243 30 54 32398 737131 172661 49% 18 416086 66794 27%
c s 228.58 243 30 54 32398 737131 172301 49% 18 415520 66794 27%
c W 231.57 243 30 54 32398 741068 175835 49% 18 415520 66794 27%
c - 242.25 243 30 55 32399 762322 172569 49% 18 415520 66794 27%
c d 243.45 243 30 55 32399 765011 174693 49% 18 415520 66793 27%
c 2 243.56 243 30 55 32399 765011 175032 49% 18 415518 66793 27%
c p 244.26 243 30 55 32399 765011 514830 49% 18 415518 66782 27%
c d 244.32 243 30 55 32399 765011 514291 49% 18 415345 66757 27%
c 
c  seconds    reductions        redundant    irredundant
c           MB      restarts            trail        variables
c            level       conflicts          glue          remaining
c 
c I 252.41 243 29 55 32399 780069 526386 49% 18 415345 66757 27%
c - 255.21 243 49 56 32399 789515 192140 49% 19 415345 66757 27%
c - 264.67 204 81 57 32405 817189 181134 50% 24 415345 66757 27%
c B 265.68 204 79 57 32406 820072 183512 50% 24 415345 66757 27%
c s 268.45 204 76 57 32409 826797 189003 50% 23 415129 66757 27%
c v 268.78 204 76 57 32409 826797 189003 50% 23 415127 66757 27%
c w 268.86 204 76 57 32409 826797 188994 50% 23 415127 66757 27%
c t 269.51 204 76 57 32409 826797 188096 50% 23 413976 66757 27%
c e 269.57 204 76 57 32409 826797 188013 50% 23 413873 66740 27%
c s 269.62 204 76 57 32409 826797 187962 50% 23 409521 66740 27%
c e 269.67 204 76 57 32409 826797 187942 50% 23 409520 66735 27%
c - 277.26 197 68 58 32416 845349 176805 51% 23 409520 66735 27%
c d 281.30 197 65 58 32421 855013 184314 50% 22 409520 66734 27%
c 2 281.41 197 65 58 32421 855013 184641 50% 22 409516 66734 27%
c p 282.09 197 65 58 32421 855013 459661 50% 22 409516 66729 27%
c d 282.14 197 65 58 32421 855013 459381 50% 22 409464 66725 27%
c W 284.91 232 63 58 32425 861075 464811 50% 22 409464 66725 27%
c - 290.92 198 59 59 32429 873886 190489 51% 22 409464 66725 27%
c - 304.26 224 52 60 32437 902905 189096 51% 21 409464 66725 27%
c O 304.35 224 52 60 32437 903077 189225 51% 21 409464 66725 27%
c 
c  seconds    reductions        redundant    irredundant
c           MB      restarts            trail        variables
c            level       conflicts          glue          remaining
c 
c s 311.83 224 48 60 32445 921031 203857 51% 21 409364 66725 27%
c v 312.22 224 48 60 32445 921031 203857 51% 21 409301 66725 27%
c w 312.30 224 48 60 32445 921031 203845 51% 21 409301 66725 27%
c t 313.05 224 48 60 32445 921031 202831 51% 21 408737 66725 27%
c e 313.10 224 48 60 32445 921031 202755 51% 21 408710 66705 27%
c s 313.14 224 48 60 32445 921031 202695 51% 21 404571 66705 27%
c e 313.19 224 48 60 32445 921031 202695 51% 21 404571 66703 27%
c - 318.21 250 46 61 32449 932411 185006 51% 21 404571 66703 27%
c B 324.51 250 45 61 32457 946080 196927 51% 21 404571 66703 27%
c d 326.68 250 44 61 32459 950013 200015 51% 21 404571 66702 27%
c 2 326.79 250 44 61 32459 950013 200132 51% 21 404569 66702 27%
c p 327.60 250 44 61 32459 950013 499548 51% 21 404569 66699 27%
c d 327.66 250 44 61 32459 950013 499176 51% 21 404513 66693 27%
c - 333.48 250 43 62 32461 962301 197902 51% 21 404513 66693 27%
c W 346.39 250 40 62 32462 990083 222688 51% 20 404513 66693 27%
c - 347.48 250 39 63 32462 992672 195787 51% 20 404513 66693 27%
c s 359.65 250 37 63 32469 1019856 218380 52% 20 404464 66693 27%
c v 360.09 250 37 63 32469 1019856 218380 52% 20 404427 66693 27%
c w 360.18 250 37 63 32469 1019856 218368 52% 20 404427 66693 27%
c t 360.64 250 37 63 32469 1019856 217261 52% 20 403596 66693 27%
c 
c  seconds    reductions         redundant    irredundant
c           MB      restarts             trail        variables
c            level        conflicts          glue          remaining
c 
c e 360.70 250 37 63 32469 1019856 217053 52% 20 403587 66675 27%
c s 360.77 250 37 63 32469 1019856 216930 52% 20 403559 66675 27%
c e 360.81 250 37 63 32469 1019856 216430 52% 20 403559 66662 27%
c ] 362.47 250 37 63 32469 1023007 218847 51% 20 403559 66662 27%
c { 362.47 250 60 63 32469 1023007 218847 27% 8 403559 66662 27%
c - 362.70 250 60 64 32516 1023525 190555 27% 8 403559 66662 27%
c # 365.25 250 59 64 33871 1035084 201173 26% 8 403559 66662 27%
c i 365.87 250 59 64 34179 1038661 204407 26% 8 403559 66660 27%
c i 365.87 250 59 64 34179 1038759 204487 26% 8 403559 66657 27%
c i 365.87 250 59 64 34179 1038796 204516 26% 8 403559 66647 27%
c d 368.33 250 58 64 35531 1050013 214505 26% 8 403481 66646 27%
c 2 368.45 250 58 64 35531 1050013 214917 26% 8 403479 66646 27%
c p 369.20 250 58 64 35531 1050013 475636 26% 8 403479 66633 27%
c d 369.26 250 58 64 35531 1050013 475065 26% 8 403369 66628 27%
c - 371.03 172 58 65 36178 1054841 194697 27% 8 403369 66628 27%
c B 376.85 172 58 65 38835 1081086 218682 27% 8 403369 66628 27%
c - 378.20 195 58 66 39479 1086634 199107 27% 8 403369 66628 27%
c - 385.70 219 59 67 43008 1118908 205902 28% 9 403369 66628 27%
c s 386.99 219 59 67 43557 1123770 209944 28% 9 403180 66628 27%
c v 387.35 219 59 67 43557 1123770 209944 28% 9 403141 66628 27%
c 
c  seconds    reductions         redundant   irredundant
c           MB      restarts             trail       variables
c            level        conflicts          glue         remaining
c 
c w 387.42 219 59 67 43557 1123770 209924 28% 9 403141 66628 27%
c t 387.65 219 59 67 43557 1123770 209770 28% 9 402998 66627 27%
c e 387.69 219 59 67 43557 1123770 209749 28% 9 402990 66614 27%
c s 387.73 219 59 67 43557 1123770 209679 28% 9 402971 66614 27%
c e 387.76 219 59 67 43557 1123770 209652 28% 9 402971 66613 27%
c W 389.24 244 59 67 43986 1128087 213683 28% 9 402971 66613 27%
c i 392.61 244 59 67 45420 1141580 226066 28% 9 402971 66612 27%
c - 395.16 244 59 68 46402 1151664 212679 28% 9 402959 66612 27%
c d 396.15 244 59 68 46873 1155015 215731 28% 9 402959 66607 27%
c 3 396.21 244 59 68 46873 1155015 216264 28% 9 402959 66607 27%
c 2 396.30 244 59 68 46873 1155015 216272 28% 9 402949 66607 27%
c p 396.95 244 59 68 46873 1155015 454078 28% 9 402949 66602 27%
c d 396.99 244 59 68 46873 1155015 453985 28% 9 402896 66594 27%
c F 403.17 244 59 68 48871 1176088 473717 29% 9 402896 66594 27%
c - 405.76 244 59 69 49771 1184894 241345 29% 9 402896 66594 27%
c - 414.83 247 60 70 53376 1218604 237623 30% 9 402896 66594 27%
c B 416.56 247 60 70 54024 1225091 243572 30% 9 402896 66594 27%
c s 418.64 247 60 70 54717 1232837 250183 30% 9 402647 66594 27%
c v 419.10 247 60 70 54717 1232837 250183 30% 9 401595 66594 27%
c w 419.19 247 60 70 54717 1232837 250169 30% 9 401595 66594 27%
c 
c  seconds    reductions         redundant   irredundant
c           MB      restarts             trail       variables
c            level        conflicts          glue         remaining
c 
c t 419.49 247 60 70 54717 1232837 250044 30% 9 401379 66594 27%
c e 419.54 247 60 70 54717 1232837 249685 30% 9 401352 66523 27%
c s 419.60 247 60 70 54717 1232837 249613 30% 9 401275 66523 27%
c e 419.64 247 60 70 54717 1232837 249595 30% 9 401275 66521 27%
c i 421.10 247 60 70 55229 1238293 254535 30% 9 401275 66506 27%
c - 425.12 247 60 71 56743 1252795 240543 30% 9 401192 66506 27%
c d 428.43 247 60 71 58062 1265016 251748 30% 10 401192 66503 27%
c 2 428.56 247 60 71 58062 1265016 252203 30% 10 401185 66503 27%
c p 429.35 247 60 71 58062 1265016 510648 30% 10 401185 66498 27%
c d 429.41 247 60 71 58062 1265016 510173 30% 10 401135 66491 27%
c W 433.52 247 60 71 59211 1275095 519660 31% 10 401135 66491 27%
c - 437.48 261 60 72 60363 1287428 267900 31% 10 401135 66491 27%
c - 448.56 261 60 73 64033 1322543 263369 32% 10 401135 66491 27%
c # 449.62 261 60 73 64348 1326096 266676 32% 10 401135 66491 27%
c s 456.02 261 60 73 66345 1346917 285253 32% 10 400860 66491 27%
c v 456.52 261 60 73 66345 1346917 285253 32% 10 399911 66491 27%
c w 456.62 261 60 73 66345 1346917 285246 32% 10 399911 66491 27%
c t 456.94 261 60 73 66345 1346917 285107 32% 10 399646 66484 27%
c e 457.00 261 60 73 66345 1346917 284546 32% 10 399588 66372 27%
c s 457.08 261 60 73 66345 1346917 284487 32% 10 399567 66372 27%
c 
c  seconds    reductions         redundant    irredundant
c           MB      restarts             trail        variables
c            level        conflicts          glue          remaining
c 
c - 461.04 261 60 74 67609 1358137 265642 32% 10 399567 66372 27%
c B 467.03 261 60 74 69592 1378097 284155 32% 10 399567 66372 27%
c d 467.61 261 60 74 69765 1380018 285918 32% 10 399561 66368 27%
c 3 467.68 261 60 74 69765 1380018 286344 32% 10 399561 66368 27%
c 2 467.78 261 60 74 69765 1380018 286357 32% 10 399559 66368 27%
c p 468.62 261 60 74 69765 1380018 579444 32% 10 399559 66350 27%
c d 468.68 261 60 74 69765 1380018 578188 32% 10 399418 66342 27%
c - 473.84 261 60 75 71191 1394173 285823 33% 10 399418 66342 27%
c - 484.79 261 61 76 74533 1430686 283591 34% 11 399418 66342 27%
c W 485.35 261 61 76 74579 1431100 283972 34% 11 399418 66342 27%
c s 496.34 261 60 76 77801 1466048 315713 34% 11 398953 66342 27%
c v 496.95 261 60 76 77801 1466048 315713 34% 11 397354 66342 27%
c w 497.05 261 60 76 77801 1466048 315702 34% 11 397354 66342 27%
c t 497.33 261 60 76 77801 1466048 315508 34% 11 397076 66341 27%
c e 497.40 261 60 76 77801 1466048 313608 34% 11 396885 65968 27%
c s 497.50 261 60 76 77801 1466048 313498 34% 11 396810 65968 27%
c e 497.54 261 60 76 77801 1466048 313477 34% 11 396808 65966 27%
c - 498.14 261 60 77 77916 1467678 285370 34% 11 396808 65966 27%
c F 503.49 261 61 77 79564 1485101 301461 34% 11 396808 65966 27%
c i 503.86 261 61 77 79668 1486490 302762 34% 11 396808 65957 27%
c 
c  seconds    reductions         redundant    irredundant
c           MB      restarts             trail        variables
c            level        conflicts          glue          remaining
c 
c d 507.98 261 61 77 80840 1500019 315168 34% 11 396757 65955 27%
c 2 508.15 261 61 77 80840 1500019 315510 34% 11 396754 65955 27%
c p 509.14 261 61 77 80840 1500019 603022 34% 11 396754 65950 27%
c d 509.20 261 61 77 80840 1500019 602712 34% 11 396708 65945 27%
c - 511.34 261 61 78 81361 1505084 298388 34% 11 396708 65945 27%
c i 512.44 261 61 78 81704 1508648 301694 34% 11 396708 65938 27%
c i 512.44 261 61 78 81704 1508673 301713 34% 11 396708 65936 27%
c B 522.23 261 61 78 84391 1540102 330768 34% 11 396708 65936 27%
c - 523.27 261 61 79 84653 1542967 300659 34% 11 396662 65936 27%
c - 535.06 261 62 80 87873 1581329 306016 35% 11 396662 65936 27%
c s 538.17 261 62 80 88549 1590305 313946 35% 12 396513 65936 27%
c v 538.76 261 62 80 88549 1590305 313946 35% 12 395810 65936 27%
c w 538.88 261 62 80 88549 1590305 313937 35% 12 395810 65936 27%
c t 539.13 261 62 80 88549 1590305 313872 35% 12 395437 65935 27%
c e 539.18 261 62 80 88549 1590305 313625 35% 12 395409 65897 27%
c s 539.27 261 62 80 88549 1590305 313554 35% 12 395351 65897 27%
c e 539.30 261 62 80 88549 1590305 313545 35% 12 395351 65895 27%
c W 541.47 205 62 80 89039 1596104 318952 35% 12 395351 65895 27%
c i 548.19 205 63 80 90825 1619082 340238 35% 12 395351 65894 27%
c - 548.65 203 63 81 90926 1620171 311163 35% 12 395336 65894 27%
c 
c  seconds    reductions         redundant    irredundant
c           MB      restarts             trail        variables
c            level        conflicts          glue          remaining
c 
c d 550.29 203 63 81 91342 1625020 315655 35% 12 395336 65889 27%
c 3 550.35 203 63 81 91342 1625020 316014 35% 12 395335 65889 27%
c 2 550.44 203 63 81 91342 1625020 316012 35% 12 395322 65889 27%
c p 551.31 203 63 81 91342 1625020 612501 35% 12 395322 65883 27%
c d 551.36 203 63 81 91342 1625020 611675 35% 12 395270 65874 27%
c i 559.47 203 62 81 93290 1648006 633071 36% 12 395270 65861 27%
c # 561.21 203 61 81 93677 1653109 637832 36% 12 395270 65861 27%
c i 562.48 203 61 81 93981 1657028 641458 36% 12 395270 65860 27%
c - 563.54 240 61 82 94213 1659456 349694 36% 12 395192 65860 27%
c i 574.73 240 61 82 97117 1695559 383100 36% 12 395192 65853 27%
c - 576.11 208 61 83 97427 1699217 336397 36% 12 395144 65853 27%
c B 579.64 208 61 83 98224 1711111 347361 36% 12 395144 65853 27%
c s 582.73 208 61 83 99024 1719551 354634 36% 12 394822 65853 27%
c v 583.20 208 61 83 99024 1719551 354634 36% 12 394749 65853 27%
c w 583.32 208 61 83 99024 1719551 354626 36% 12 394749 65853 27%
c t 583.58 208 61 83 99024 1719551 354475 36% 12 394424 65853 27%
c e 583.63 208 61 83 99024 1719551 354330 36% 12 394405 65822 27%
c s 583.74 208 61 83 99024 1719551 354256 36% 12 394298 65822 27%
c e 583.78 208 61 83 99024 1719551 354249 36% 12 394298 65821 27%
c - 590.43 221 62 84 100677 1739455 336907 36% 12 394298 65821 27%
c 
c  seconds    reductions          redundant    irredundant
c           MB      restarts              trail        variables
c            level         conflicts          glue          remaining
c 
c d 595.08 221 62 84 101720 1755020 351353 36% 12 394298 65820 27%
c 2 595.22 221 62 84 101720 1755020 351687 36% 12 394296 65820 27%
c p 596.17 221 62 84 101720 1755020 651983 36% 12 394296 65812 27%
c W 602.28 268 61 84 102988 1770113 665742 36% 12 394221 65812 27%
c - 605.96 221 60 85 103698 1780150 368023 37% 12 394221 65812 27%
c - 620.32 221 61 86 107130 1821320 357379 37% 13 394221 65812 27%
c F 623.06 221 61 86 107784 1830115 365487 37% 13 394221 65812 27%
c s 630.79 221 62 86 109475 1853850 386853 37% 13 393951 65812 27%
c v 631.39 221 62 86 109475 1853850 386853 37% 13 392788 65812 27%
c w 631.53 221 62 86 109475 1853850 386838 37% 13 392788 65812 27%
c t 631.77 221 62 86 109475 1853850 386805 37% 13 392758 65812 27%
c e 631.85 221 62 86 109475 1853850 386517 37% 13 392745 65771 27%
c s 632.02 221 62 86 109475 1853850 386446 37% 13 392646 65771 27%
c e 632.06 221 62 86 109475 1853850 386442 37% 13 392645 65770 27%
c - 635.25 221 62 87 110131 1862969 357392 37% 13 392645 65770 27%
c d 644.60 221 63 87 112163 1890022 382549 37% 13 392645 65766 27%
c 2 644.74 221 63 87 112163 1890022 382917 37% 13 392636 65766 27%
c p 645.88 221 63 87 112163 1890022 726755 37% 13 392636 65756 27%
c d 645.95 221 63 87 112163 1890022 725958 37% 13 392549 65749 27%
c B 646.40 221 63 87 112231 1891116 726982 37% 13 392549 65749 27%
c 
c  seconds    reductions          redundant    irredundant
c           MB      restarts              trail        variables
c            level         conflicts          glue          remaining
c 
c - 652.09 221 61 88 113301 1905051 379644 38% 13 392549 65749 27%
c - 667.46 256 61 89 116733 1947609 374498 38% 13 392549 65749 27%
c W 669.81 256 62 89 117158 1953117 379585 38% 13 392549 65749 27%
c i 682.17 256 62 89 119818 1988564 412626 38% 13 392549 65747 27%
c - 682.96 221 62 90 119934 1990645 376962 38% 13 392528 65747 27%
c s 684.20 221 62 90 120135 1993049 378664 38% 13 392212 65747 27%
c v 684.82 221 62 90 120135 1993049 378664 38% 13 391623 65747 27%
c w 684.97 221 62 90 120135 1993049 378649 38% 13 391623 65747 27%
c t 685.19 221 62 90 120135 1993049 378544 38% 13 391397 65747 27%
c e 685.25 221 62 90 120135 1993049 378271 38% 13 391395 65719 27%
c s 685.36 221 62 90 120135 1993049 378214 38% 13 391376 65719 27%
c # 693.19 221 62 90 121635 2016119 399670 38% 13 391376 65719 27%
c d 698.10 221 63 90 122612 2030022 412591 38% 13 391376 65716 27%
c 2 698.25 221 63 90 122612 2030022 412969 38% 13 391366 65716 27%
c p 699.48 221 63 90 122612 2030022 810816 38% 13 391366 65712 27%
c d 699.55 221 63 90 122612 2030022 810625 38% 13 391324 65711 27%
c - 701.31 257 62 91 122841 2034158 387503 38% 13 391324 65711 27%
c } 705.38 257 62 91 123633 2047007 399475 38% 13 391324 65711 27%
c [ 705.38 257 37 91 123633 2047007 399475 51% 20 391324 65711 27%
c - 722.09 221 35 92 123648 2078113 380444 51% 20 391324 65711 27%
c 
c  seconds    reductions          redundant    irredundant
c           MB      restarts              trail        variables
c            level         conflicts          glue          remaining
c 
c I 723.08 221 35 92 123648 2080122 382133 51% 20 391324 65711 27%
c - 742.95 257 33 93 123660 2122544 376058 49% 19 391324 65711 27%
c s 751.38 257 32 93 123669 2137203 388110 49% 19 391069 65711 27%
c v 752.11 257 32 93 123669 2137203 388110 49% 19 390602 65711 27%
c w 752.28 257 32 93 123669 2137203 388087 49% 19 390602 65711 27%
c t 752.37 257 32 93 123669 2137203 388062 49% 19 390501 65711 27%
c e 752.42 257 32 93 123669 2137203 387916 49% 19 390492 65682 27%
c s 752.53 257 32 93 123669 2137203 387856 49% 19 390489 65682 27%
c B 757.35 257 32 93 123672 2145125 394297 48% 19 390489 65682 27%
c - 768.70 260 40 94 123682 2167453 375076 48% 21 390489 65682 27%
c p 774.51 260 40 94 123686 2175026 931165 48% 21 390489 65644 27%
c d 774.58 260 40 94 123686 2175026 928673 48% 21 390146 65643 27%
c W 797.12 288 37 94 123689 2211130 959897 48% 21 390146 65643 27%
c - 798.23 260 37 95 123689 2212814 406023 48% 21 390146 65643 27%
c - 824.29 221 34 96 123690 2258641 390568 48% 20 390146 65643 27%
c O 835.26 221 33 96 123690 2278131 407101 49% 20 390146 65643 27%
c s 839.79 221 32 96 123690 2286368 413507 49% 20 389572 65643 27%
c v 840.51 221 32 96 123690 2286368 413507 49% 20 389330 65643 27%
c w 840.68 221 32 96 123690 2286368 413482 49% 20 389330 65643 27%
c t 840.73 221 32 96 123690 2286368 413458 49% 20 389298 65643 27%
c 
c  seconds    reductions          redundant    irredundant
c           MB      restarts              trail        variables
c            level         conflicts          glue          remaining
c 
c e 840.78 221 32 96 123690 2286368 413189 49% 20 389294 65608 27%
c s 840.89 221 32 96 123690 2286368 413125 49% 20 389277 65608 27%
c e 840.93 221 32 96 123690 2286368 413115 49% 20 389277 65607 27%
c - 851.97 257 31 97 123691 2304945 383565 48% 19 389277 65607 27%
c d 864.30 257 31 97 123691 2325027 400413 48% 19 389277 65604 27%
c 2 864.44 257 31 97 123691 2325027 400580 48% 19 389264 65604 27%
c p 866.05 257 31 97 123691 2325027 852508 48% 19 389264 65591 27%
c d 866.12 257 31 97 123691 2325027 851329 48% 19 389162 65585 27%
c B 878.32 257 30 97 123691 2346132 869718 48% 19 389162 65585 27%
c - 881.93 260 30 98 123691 2351702 407899 48% 19 389162 65585 27%
c 
c caught signal 15 (SIGTERM)
c 
c --- [ result ] -------------------------------------------------------------
c 
c UNKNOWN
c 
c --- [ run-time profiling ] -------------------------------------------------
c 
c process time taken by individual solving procedures
c (percentage relative to process time for solving)
c 
c       842.78   94.06% search
c       458.00   51.12% stable
c       377.00   42.08% unstable
c        53.20    5.94% simplify
c        17.76    1.98% probe
c        12.19    1.36% vivify
c         7.77    0.87% walk
c         5.53    0.62% subsume
c         3.23    0.36% elim
c         2.46    0.27% ternary
c         0.42    0.05% parse
c         0.01    0.00% lucky
c   =================================
c       895.97   99.95% solve
c 
c last line shows process time for solving
c (percentage relative to total process time)
c 
c --- [ statistics ] ---------------------------------------------------------
c 
c chronological:           1016324        42.79 %  of conflicts
c conflicts:               2374985      2650.73    per second
c decisions:              11623228     12972.73    per second
c eliminated:                81975        33.15 %  of all variables
c fixed:                     93155        37.67 %  of all variables
c learned:                 2282783        96.12 %  per conflict
c learned_lits:          294414263       100.00 %  learned literals
c minimized:                     0         0.00 %  learned literals
c shrunken:              166910184        56.69 %  learned literals
c minishrunken:           27986694         9.51 %  learned literals
c otfs:                       8375         0.35 %  of conflict
c propagations:         8912866228         9.95 M  per second
c reduced:                 1686597        71.02 %  per conflict
c rephased:                     68     34926.25    interval
c restarts:                 123691        19.20    interval
c stabilizing:                   6        42.52 %  of conflicts
c substituted:                6605         2.67 %  of all variables
c subsumed:                 294046         2.73 %  of all clauses
c strengthened:             198122         1.84 %  of all clauses
c ternary:                   14266         0.20 %  of resolved
c trail reuses:                  0         0.00 %  of incremental calls
c vivified:                  87870         0.82 %  of all clauses
c walked:                       21    113094.52    interval
c weakened:                 264342         2.33    average size
c 
c seconds are measured in process time for solving
c 
c --- [ resources ] ----------------------------------------------------------
c 
c total process time since initialization:       896.40    seconds
c total real time since initialization:          899.99    seconds
c maximum resident set size of process:          326.96    MB
c 
c raising signal 15 (SIGTERM)
