c --- [ banner ] -------------------------------------------------------------
c 
c CaDiCaL SAT Solver
c Copyright (c) 2016-2023 A. Biere, M. Fleury, N. Froleyks, K. Fazekas, F. Pollitt
c 
c Version 1.9.5 146207318796f094dcded87349a64f0c6927309e
c g++ (Ubuntu 13.3.0-6ubuntu2~24.04.1) 13.3.0 -Wall -Wextra -O3 -DNDEBUG
c Wed Sep 30 06:02:32 JST 2026 Linux ikutoPC 6.6.87.2-microsoft-standard-WSL2 x86_64
c 
c --- [ limit ] --------------------------------------------------------------
c 
c setting conflict limit to 1000000 conflicts (due to '1000000')
c 
c --- [ proof tracing ] ------------------------------------------------------
c 
c opening file to write '/tmp/conway99-seven-profile-rank5_52_profile_0004-mmSskC/proof.drat'
c writing non-binary proof trace to '/tmp/conway99-seven-profile-rank5_52_profile_0004-mmSskC/proof.drat'
c 
c --- [ parsing input ] ------------------------------------------------------
c 
c reading DIMACS file from '/mnt/c/Users/ikuto/projects/conway-99-graph/acceleration/results/20260930_hadamard_seven_remaining_cnfs/run02/rank5_52_profile_0004/instance.cnf'
c opening file to read '/mnt/c/Users/ikuto/projects/conway-99-graph/acceleration/results/20260930_hadamard_seven_remaining_cnfs/run02/rank5_52_profile_0004/instance.cnf'
c found 'p cnf 9872 170454' header
c parsed 170454 clauses in 0.06 seconds process time
c 
c --- [ options ] ------------------------------------------------------------
c 
c   --binary=false                 (different from default 'true')
c 
c --- [ solving ] ------------------------------------------------------------
c 
c time measured in process time since initialization
c 
c  seconds  reductions  redundant  irredundant
c         MB    restarts       trail      variables
c          level   conflicts       glue        remaining
c 
c *  0.06 17  0 0   0    0    0  0% 0 120522 6945 70%
c {  0.06 18  0 0   0    0    0  0% 0 120522 6945 70%
c -  0.08 19 29 1  11  304  239 52% 6 120444 6945 70%
c i  0.08 19 28 1  11  310  244 52% 6 120444 6881 70%
c i  0.09 19 26 1  11  351  273 53% 6 120444 6872 70%
c i  0.09 19 25 1  11  427  331 52% 6 120444 6871 70%
c i  0.09 19 24 1  11  443  341 52% 6 120444 6870 70%
c }  0.10 19 23 1  11  594  434 53% 5 120444 6417 65%
c 0  0.10 19 23 1  11  594  434 53% 5 120444 6417 65%
c 
c --- [ closing proof ] ------------------------------------------------------
c 
c DRAT proof file '/tmp/conway99-seven-profile-rank5_52_profile_0004-mmSskC/proof.drat' closed
c DRAT 4813 added clauses 8.63%
c DRAT 50933 deleted clauses 91.37%
c DRAT 1316744 bytes (1.26 MB)
c 
c --- [ result ] -------------------------------------------------------------
c 
s UNSATISFIABLE
c 
c --- [ run-time profiling ] -------------------------------------------------
c 
c process time taken by individual solving procedures
c (percentage relative to process time for solving)
c 
c         0.06  197.67% parse
c         0.03   97.51% search
c         0.03   95.70% unstable
c         0.00    1.63% lucky
c         0.00    0.00% simplify
c   =================================
c         0.03   33.29% solve
c 
c last line shows process time for solving
c (percentage relative to total process time)
c 
c --- [ statistics ] ---------------------------------------------------------
c 
c chronological:               317        53.37 %  of conflicts
c conflicts:                   594     18543.38    per second
c decisions:                  1639     51165.99    per second
c fixed:                      3455        35.00 %  of all variables
c learned:                     500        84.18 %  per conflict
c learned_lits:              29309       100.00 %  learned literals
c minimized:                     0         0.00 %  learned literals
c shrunken:                  18417        62.84 %  learned literals
c minishrunken:               2333         7.96 %  learned literals
c otfs:                          5         0.84 %  of conflict
c propagations:             290045         9.05 M  per second
c restarts:                     11        54.00    interval
c subsumed:                     61         0.05 %  of all clauses
c strengthened:                  5         0.00 %  of all clauses
c trail reuses:                  0         0.00 %  of incremental calls
c 
c seconds are measured in process time for solving
c 
c --- [ resources ] ----------------------------------------------------------
c 
c total process time since initialization:         0.10    seconds
c total real time since initialization:            0.72    seconds
c maximum resident set size of process:           19.29    MB
c 
c --- [ shutting down ] ------------------------------------------------------
c 
c exit 20
