c --- [ banner ] -------------------------------------------------------------
c 
c CaDiCaL SAT Solver
c Copyright (c) 2016-2023 A. Biere, M. Fleury, N. Froleyks, K. Fazekas, F. Pollitt
c 
c Version 1.9.5 146207318796f094dcded87349a64f0c6927309e
c g++ (Ubuntu 13.3.0-6ubuntu2~24.04.1) 13.3.0 -Wall -Wextra -O3 -DNDEBUG
c Wed Sep 30 06:02:32 JST 2026 Linux ikutoPC 6.6.87.2-microsoft-standard-WSL2 x86_64
c 
c --- [ limit ] --------------------------------------------------------------
c 
c setting conflict limit to 1000000 conflicts (due to '1000000')
c 
c --- [ proof tracing ] ------------------------------------------------------
c 
c opening file to write '/tmp/conway99-six-profile-dvluLb/proof.drat'
c writing non-binary proof trace to '/tmp/conway99-six-profile-dvluLb/proof.drat'
c 
c --- [ parsing input ] ------------------------------------------------------
c 
c reading DIMACS file from '/mnt/c/Users/ikuto/projects/conway-99-graph/acceleration/results/20260930_hadamard_six_profile_cnf/profile_0000/instance.cnf'
c opening file to read '/mnt/c/Users/ikuto/projects/conway-99-graph/acceleration/results/20260930_hadamard_six_profile_cnf/profile_0000/instance.cnf'
c found 'p cnf 10156 177412' header
c parsed 177412 clauses in 0.10 seconds process time
c 
c --- [ options ] ------------------------------------------------------------
c 
c   --binary=false                 (different from default 'true')
c 
c --- [ solving ] ------------------------------------------------------------
c 
c time measured in process time since initialization
c 
c  seconds  reductions  redundant  irredundant
c         MB    restarts       trail      variables
c          level   conflicts       glue        remaining
c 
c *  0.10 18  0 0   0    0    0  0% 0 127796 7288 72%
c {  0.10 19  0 0   0    0    0  0% 0 127796 7288 72%
c -  0.12 20 22 1  14  302  262 54% 7 127796 7288 72%
c i  0.15 20 18 1  30  793  591 57% 6 127796 7287 72%
c -  0.18 25 18 2  43  965  300 57% 7 127749 7287 72%
c }  0.18 25 18 2  43 1001  326 56% 6 127749 7287 72%
c [  0.18 25  0 2  43 1001  326  0% 0 127749 7287 72%
c O  0.18 25  3 2  43 1002  327 66% 3 127749 7287 72%
c i  0.20 25 25 2  43 1219  483 56% 9 127749 7285 72%
c -  0.26 26 89 3  43 1964  874 53% 29 127700 7285 72%
c ]  0.32 26 97 3  44 3002 1754 52% 33 127700 7285 72%
c {  0.32 26 18 3  44 3002 1754 56% 6 127700 7285 72%
c F  0.34 26 18 3  44 3003 1755 36% 6 127700 7285 72%
c i  0.34 26 18 3  48 3128 1855 40% 6 127700 7284 72%
c i  0.35 26 17 3  57 3262 1956 39% 6 127700 7283 72%
c -  0.36 25 19 4  61 3291 1446 38% 6 127606 7283 72%
c i  0.36 25 18 4  66 3316 1453 37% 6 127606 7282 72%
c i  0.42 25 19 4 137 4247 2098 38% 6 127606 7281 72%
c -  0.47 25 20 5 197 4949 1860 39% 7 127512 7281 72%
c d  0.48 25 20 5 205 5002 1902 39% 7 127414 7232 71%
c 
c  seconds  reductions   redundant  irredundant
c         MB    restarts        trail      variables
c          level   conflicts        glue        remaining
c 
c p  0.57 26 20 5 205 5002 78968 39% 7 127414 7226 71%
c d  0.58 26 20 5 205 5002 78275 39% 7 127082 7216 71%
c d  0.58 26 20 5 205 5002 78275 39% 7 127080 7215 71%
c i  0.59 26 20 5 224 5146 78370 39% 7 127080 7214 71%
c i  0.60 26 20 5 224 5251 78438 39% 7 127080 7213 71%
c i  0.60 26 20 5 224 5303 78474 39% 6 127080 7212 71%
c i  0.61 26 20 5 224 5487 78605 38% 6 127080 7211 71%
c i  0.63 26 19 5 246 5852 78864 38% 6 127080 7210 71%
c #  0.64 26 20 5 277 6005 78988 38% 7 127080 7210 71%
c i  0.65 26 20 5 296 6145 79091 38% 7 127080 7209 71%
c i  0.66 26 19 5 296 6304 79162 38% 7 127080 7208 71%
c i  0.66 26 19 5 296 6380 79205 37% 7 127080 7207 71%
c -  0.71 32 20 6 360 6938 5890 37% 7 126704 7207 71%
c }  0.72 32 19 6 363 7002 5919 37% 7 126704 7207 71%
c [  0.72 32 97 6 363 7002 5919 72% 33 126704 7207 71%
c i  0.73 32 88 6 364 7253 6110 68% 30 126704 7206 71%
c s  0.81 33 83 6 364 8265 6967 58% 27 124817 7206 71%
c v  0.83 33 83 6 364 8265 6967 58% 27 124802 7206 71%
c w  0.83 33 83 6 364 8265 6966 58% 27 124802 7206 71%
c e  0.87 33 83 6 364 8265 6321 58% 27 123535 6013 59%
c 
c  seconds  reductions  redundant   irredundant
c         MB    restarts       trail       variables
c          level   conflicts       glue         remaining
c 
c s  0.88 33 83 6 364 8265 6312 58% 27 123535 6013 59%
c ^  0.88 33 83 6 364 8265 6312 58% 27 123535 6013 59%
c -  0.95 36 80 7 365 9254 3630 35% 26 123535 6013 59%
c I  0.99 36 76 7 365 10006 4260 36% 25 123535 6013 59%
c i  1.07 36 69 7 366 11193 5248 35% 23 123535 4979 49%
c i  1.07 36 69 7 366 11196 5246 35% 23 123535 4978 49%
c ]  1.07 36 69 7 366 11205 5247 35% 23 123535 4133 41%
c 0  1.07 36 69 7 366 11205 5247 35% 23 123535 4133 41%
c 
c --- [ closing proof ] ------------------------------------------------------
c 
c DRAT proof file '/tmp/conway99-six-profile-dvluLb/proof.drat' closed
c DRAT 103107 added clauses 41.23%
c DRAT 146966 deleted clauses 58.77%
c DRAT 8409167 bytes (8.02 MB)
c 
c --- [ result ] -------------------------------------------------------------
c 
s UNSATISFIABLE
c 
c --- [ run-time profiling ] -------------------------------------------------
c 
c process time taken by individual solving procedures
c (percentage relative to process time for solving)
c 
c         0.79   81.35% search
c         0.41   42.63% stable
c         0.38   38.53% unstable
c         0.18   18.52% simplify
c         0.10    9.80% parse
c         0.07    7.41% probe
c         0.03    2.66% elim
c         0.03    2.58% subsume
c         0.02    1.69% vivify
c         0.01    1.05% ternary
c         0.00    0.18% lucky
c   =================================
c         0.97   90.99% solve
c 
c last line shows process time for solving
c (percentage relative to total process time)
c 
c --- [ statistics ] ---------------------------------------------------------
c 
c chronological:              4692        41.87 %  of conflicts
c conflicts:                 11205     11509.28    per second
c decisions:                 30648     31480.28    per second
c eliminated:                 1193        11.75 %  of all variables
c fixed:                      4770        46.97 %  of all variables
c learned:                   10519        93.88 %  per conflict
c learned_lits:             948129       100.00 %  learned literals
c minimized:                     0         0.00 %  learned literals
c shrunken:                 373371        39.38 %  learned literals
c minishrunken:             147412        15.55 %  learned literals
c otfs:                        113         1.01 %  of conflict
c propagations:            8639015         8.87 M  per second
c reduced:                    2242        20.01 %  per conflict
c rephased:                      4      2801.25    interval
c restarts:                    366        30.61    interval
c stabilizing:                   2        55.35 %  of conflicts
c substituted:                  60         0.59 %  of all variables
c subsumed:                   3733         1.68 %  of all clauses
c strengthened:                685         0.31 %  of all clauses
c ternary:                       1         0.02 %  of resolved
c trail reuses:                  0         0.00 %  of incremental calls
c vivified:                     18         0.01 %  of all clauses
c weakened:                   3690         2.32    average size
c 
c seconds are measured in process time for solving
c 
c --- [ resources ] ----------------------------------------------------------
c 
c total process time since initialization:         1.07    seconds
c total real time since initialization:            1.74    seconds
c maximum resident set size of process:           35.87    MB
c 
c --- [ shutting down ] ------------------------------------------------------
c 
c exit 20
