c --- [ banner ] -------------------------------------------------------------
c 
c CaDiCaL SAT Solver
c Copyright (c) 2016-2023 A. Biere, M. Fleury, N. Froleyks, K. Fazekas, F. Pollitt
c 
c Version 1.9.5 146207318796f094dcded87349a64f0c6927309e
c g++ (Ubuntu 13.3.0-6ubuntu2~24.04.1) 13.3.0 -Wall -Wextra -O3 -DNDEBUG
c Wed Sep 30 06:02:32 JST 2026 Linux ikutoPC 6.6.87.2-microsoft-standard-WSL2 x86_64
c 
c --- [ limit ] --------------------------------------------------------------
c 
c setting conflict limit to 1000000 conflicts (due to '1000000')
c 
c --- [ proof tracing ] ------------------------------------------------------
c 
c opening file to write '/tmp/conway99-seven-profile-rank5_176_profile_0004-tdeMC6/proof.drat'
c writing non-binary proof trace to '/tmp/conway99-seven-profile-rank5_176_profile_0004-tdeMC6/proof.drat'
c 
c --- [ parsing input ] ------------------------------------------------------
c 
c reading DIMACS file from '/mnt/c/Users/ikuto/projects/conway-99-graph/acceleration/results/20260930_hadamard_seven_remaining_cnfs/run01/rank5_176_profile_0004/instance.cnf'
c opening file to read '/mnt/c/Users/ikuto/projects/conway-99-graph/acceleration/results/20260930_hadamard_seven_remaining_cnfs/run01/rank5_176_profile_0004/instance.cnf'
c found 'p cnf 9872 170454' header
c parsed 170454 clauses in 0.06 seconds process time
c 
c --- [ options ] ------------------------------------------------------------
c 
c   --binary=false                 (different from default 'true')
c 
c --- [ solving ] ------------------------------------------------------------
c 
c time measured in process time since initialization
c 
c  seconds  reductions  redundant  irredundant
c         MB    restarts       trail      variables
c          level   conflicts       glue        remaining
c 
c *  0.06 18  0 0   0    0    0  0% 0 120522 6945 70%
c {  0.07 18  0 0   0    0    0  0% 0 120522 6945 70%
c i  0.07 19 25 0   4   42   30 51% 4 120522 6926 70%
c i  0.07 19 28 0   6   51   38 51% 5 120522 6880 70%
c i  0.07 19 28 0   6   52   38 50% 5 120522 6879 70%
c i  0.07 19 27 0   7   53   38 50% 5 120522 6878 70%
c i  0.07 19 27 0   7   54   38 50% 5 120522 6877 70%
c -  0.08 19 27 1  18  300  203 55% 5 117411 6877 70%
c i  0.09 19 27 1  26  353  243 54% 5 117411 6876 70%
c i  0.09 19 23 1  29  484  351 52% 5 117411 6859 69%
c i  0.10 19 23 1  39  584  428 53% 5 117411 6856 69%
c i  0.10 19 23 1  43  599  436 52% 5 117411 6855 69%
c i  0.10 19 22 1  60  685  490 53% 5 117411 6854 69%
c i  0.10 19 22 1  60  689  493 53% 5 117411 6853 69%
c i  0.10 19 22 1  60  690  493 53% 5 117411 6852 69%
c i  0.11 19 22 1  60  698  500 53% 5 117411 6851 69%
c i  0.11 19 22 1  60  706  503 53% 5 117411 6850 69%
c i  0.11 19 22 1  60  707  503 53% 5 117411 6849 69%
c i  0.11 19 21 1  60  721  512 53% 5 117411 6848 69%
c i  0.11 19 21 1  60  726  516 53% 5 117411 6846 69%
c 
c  seconds  reductions  redundant  irredundant
c         MB    restarts       trail      variables
c          level   conflicts       glue        remaining
c 
c i  0.11 19 22 1  60  739  525 53% 5 117411 6845 69%
c i  0.11 19 22 1  60  744  528 53% 5 117411 6843 69%
c i  0.11 19 22 1  60  791  566 53% 5 117411 6773 69%
c i  0.11 19 22 1  60  798  571 53% 5 117411 6772 69%
c i  0.11 19 23 1  60  810  577 53% 5 117411 6771 69%
c i  0.11 19 22 1  70  868  608 52% 5 117411 6760 68%
c i  0.11 19 22 1  70  869  608 52% 5 117411 6680 68%
c i  0.11 19 22 1  70  872  609 52% 5 117411 6676 68%
c i  0.11 19 22 1  70  874  610 52% 5 117411 5912 60%
c }  0.11 19 22 1  70  876  610 52% 5 117411 4786 48%
c 0  0.11 19 22 1  70  876  610 52% 5 117411 4786 48%
c 
c --- [ closing proof ] ------------------------------------------------------
c 
c DRAT proof file '/tmp/conway99-seven-profile-rank5_176_profile_0004-tdeMC6/proof.drat' closed
c DRAT 7130 added clauses 11.57%
c DRAT 54476 deleted clauses 88.43%
c DRAT 1517989 bytes (1.45 MB)
c 
c --- [ result ] -------------------------------------------------------------
c 
s UNSATISFIABLE
c 
c --- [ run-time profiling ] -------------------------------------------------
c 
c process time taken by individual solving procedures
c (percentage relative to process time for solving)
c 
c         0.06  126.36% parse
c         0.05   98.27% search
c         0.05   95.41% unstable
c         0.00    2.81% lucky
c         0.00    0.00% simplify
c   =================================
c         0.05   43.87% solve
c 
c last line shows process time for solving
c (percentage relative to total process time)
c 
c --- [ statistics ] ---------------------------------------------------------
c 
c chronological:               416        47.49 %  of conflicts
c conflicts:                   876     17526.66    per second
c decisions:                  3688     73788.04    per second
c fixed:                      5086        51.52 %  of all variables
c learned:                     795        90.75 %  per conflict
c learned_lits:              39088       100.00 %  learned literals
c minimized:                     0         0.00 %  learned literals
c shrunken:                  20876        53.41 %  learned literals
c minishrunken:               3272         8.37 %  learned literals
c otfs:                         15         1.71 %  of conflict
c propagations:             485138         9.71 M  per second
c restarts:                     70        12.51    interval
c subsumed:                    157         0.13 %  of all clauses
c strengthened:                 13         0.01 %  of all clauses
c trail reuses:                  0         0.00 %  of incremental calls
c 
c seconds are measured in process time for solving
c 
c --- [ resources ] ----------------------------------------------------------
c 
c total process time since initialization:         0.11    seconds
c total real time since initialization:            0.83    seconds
c maximum resident set size of process:           20.00    MB
c 
c --- [ shutting down ] ------------------------------------------------------
c 
c exit 20
