c --- [ banner ] -------------------------------------------------------------
c 
c CaDiCaL SAT Solver
c Copyright (c) 2016-2023 A. Biere, M. Fleury, N. Froleyks, K. Fazekas, F. Pollitt
c 
c Version 1.9.5 146207318796f094dcded87349a64f0c6927309e
c g++ (Ubuntu 13.3.0-6ubuntu2~24.04.1) 13.3.0 -Wall -Wextra -O3 -DNDEBUG
c Wed Sep 30 06:02:32 JST 2026 Linux ikutoPC 6.6.87.2-microsoft-standard-WSL2 x86_64
c 
c --- [ limit ] --------------------------------------------------------------
c 
c setting conflict limit to 1000000 conflicts (due to '1000000')
c 
c --- [ proof tracing ] ------------------------------------------------------
c 
c opening file to write '/tmp/conway99-seven-profile-rank5_159_profile_0001-WPRJ7M/proof.drat'
c writing non-binary proof trace to '/tmp/conway99-seven-profile-rank5_159_profile_0001-WPRJ7M/proof.drat'
c 
c --- [ parsing input ] ------------------------------------------------------
c 
c reading DIMACS file from '/mnt/c/Users/ikuto/projects/conway-99-graph/acceleration/results/20260930_hadamard_seven_remaining_cnfs/run01/rank5_159_profile_0001/instance.cnf'
c opening file to read '/mnt/c/Users/ikuto/projects/conway-99-graph/acceleration/results/20260930_hadamard_seven_remaining_cnfs/run01/rank5_159_profile_0001/instance.cnf'
c found 'p cnf 9872 170454' header
c parsed 170454 clauses in 0.07 seconds process time
c 
c --- [ options ] ------------------------------------------------------------
c 
c   --binary=false                 (different from default 'true')
c 
c --- [ solving ] ------------------------------------------------------------
c 
c time measured in process time since initialization
c 
c  seconds  reductions  redundant  irredundant
c         MB    restarts       trail      variables
c          level   conflicts       glue        remaining
c 
c *  0.07 17  0 0   0    0    0  0% 0 120522 6945 70%
c {  0.07 18  0 0   0    0    0  0% 0 120522 6945 70%
c i  0.08 19 29 0   3  111   78 47% 8 120522 6944 70%
c i  0.08 19 29 0   3  112   78 47% 8 120522 6943 70%
c i  0.08 19 25 0   3  152   99 46% 7 120522 6942 70%
c -  0.09 19 19 1   3  300  200 46% 6 120251 6942 70%
c i  0.09 19 21 1   3  340  238 48% 6 120251 6941 70%
c i  0.09 19 21 1   4  349  246 48% 6 120251 6940 70%
c i  0.09 19 21 1   4  369  255 47% 6 120251 6939 70%
c i  0.09 19 21 1   5  380  264 47% 6 120251 6938 70%
c i  0.09 19 21 1   6  383  265 47% 6 120251 6937 70%
c i  0.09 19 20 1   8  387  266 47% 6 120251 6936 70%
c i  0.09 19 21 1   9  443  309 48% 6 120251 6935 70%
c i  0.10 19 21 1  14  574  396 49% 6 120251 6933 70%
c i  0.10 19 20 1  16  704  500 50% 6 120251 6932 70%
c i  0.11 19 22 1  35  933  659 51% 6 120251 6931 70%
c i  0.11 19 21 1  35  945  670 51% 6 120251 6930 70%
c -  0.12 24 21 2  35  948  626 51% 6 119739 6930 70%
c }  0.13 24 21 2  36 1000  668 51% 6 119739 6930 70%
c [  0.13 24  0 2  36 1000  668  0% 0 119739 6930 70%
c 
c  seconds  reductions  redundant  irredundant
c         MB    restarts       trail      variables
c          level   conflicts       glue        remaining
c 
c O  0.13 24 44 2  36 1037  688 71% 5 119739 6930 70%
c i  0.13 24 21 2  36 1103  730 61% 4 119739 6929 70%
c i  0.14 24 22 2  36 1344  910 56% 8 119739 6927 70%
c i  0.16 24 30 2  36 1535 1062 54% 11 119739 6926 70%
c i  0.16 24 30 2  36 1537 1063 54% 11 119739 6925 70%
c i  0.16 24 30 2  36 1539 1064 54% 11 119739 6864 70%
c i  0.17 24 28 2  36 1720 1204 54% 11 119739 6789 69%
c i  0.17 24 26 2  36 1801 1250 54% 10 119739 5600 57%
c i  0.17 24 26 2  36 1822 1262 54% 10 119739 5599 57%
c i  0.17 24 26 2  36 1824 1260 54% 10 119739 5579 57%
c i  0.17 24 25 2  36 1865 1289 54% 10 119739 5578 57%
c i  0.17 24 25 2  36 1867 1290 54% 10 119739 5545 56%
c i  0.17 24 25 2  36 1873 1293 54% 10 119739 4908 50%
c ]  0.17 24 25 2  36 1880 1295 54% 10 119739 4576 46%
c 0  0.18 24 25 2  36 1880 1295 54% 10 119739 4576 46%
c 
c --- [ closing proof ] ------------------------------------------------------
c 
c DRAT proof file '/tmp/conway99-seven-profile-rank5_159_profile_0001-WPRJ7M/proof.drat' closed
c DRAT 8257 added clauses 13.62%
c DRAT 52380 deleted clauses 86.38%
c DRAT 1691040 bytes (1.61 MB)
c 
c --- [ result ] -------------------------------------------------------------
c 
s UNSATISFIABLE
c 
c --- [ run-time profiling ] -------------------------------------------------
c 
c process time taken by individual solving procedures
c (percentage relative to process time for solving)
c 
c         0.10   99.30% search
c         0.07   66.27% parse
c         0.05   52.00% unstable
c         0.05   46.19% stable
c         0.00    1.08% lucky
c         0.00    0.00% simplify
c   =================================
c         0.10   59.87% solve
c 
c last line shows process time for solving
c (percentage relative to total process time)
c 
c --- [ statistics ] ---------------------------------------------------------
c 
c chronological:               839        44.63 %  of conflicts
c conflicts:                  1880     17918.41    per second
c decisions:                  5021     47855.51    per second
c fixed:                      5296        53.65 %  of all variables
c learned:                    1658        88.19 %  per conflict
c learned_lits:             102389       100.00 %  learned literals
c minimized:                     0         0.00 %  learned literals
c shrunken:                  44024        43.00 %  learned literals
c minishrunken:              13698        13.38 %  learned literals
c otfs:                         19         1.01 %  of conflict
c propagations:            1175513        11.20 M  per second
c reduced:                      36         1.91 %  per conflict
c rephased:                      1      1880.00    interval
c restarts:                     36        52.22    interval
c stabilizing:                   1        46.81 %  of conflicts
c subsumed:                    289         0.24 %  of all clauses
c strengthened:                 18         0.01 %  of all clauses
c trail reuses:                  0         0.00 %  of incremental calls
c 
c seconds are measured in process time for solving
c 
c --- [ resources ] ----------------------------------------------------------
c 
c total process time since initialization:         0.18    seconds
c total real time since initialization:            0.83    seconds
c maximum resident set size of process:           24.32    MB
c 
c --- [ shutting down ] ------------------------------------------------------
c 
c exit 20
