c --- [ banner ] -------------------------------------------------------------
c 
c CaDiCaL SAT Solver
c Copyright (c) 2016-2023 A. Biere, M. Fleury, N. Froleyks, K. Fazekas, F. Pollitt
c 
c Version 1.9.5 146207318796f094dcded87349a64f0c6927309e
c g++ (Ubuntu 13.3.0-6ubuntu2~24.04.1) 13.3.0 -Wall -Wextra -O3 -DNDEBUG
c Wed Sep 30 06:02:32 JST 2026 Linux ikutoPC 6.6.87.2-microsoft-standard-WSL2 x86_64
c 
c --- [ limit ] --------------------------------------------------------------
c 
c setting conflict limit to 1000000 conflicts (due to '1000000')
c 
c --- [ proof tracing ] ------------------------------------------------------
c 
c opening file to write '/tmp/conway99-six-profile-rank4_03_profile_0004-47Jqjr/proof.drat'
c writing non-binary proof trace to '/tmp/conway99-six-profile-rank4_03_profile_0004-47Jqjr/proof.drat'
c 
c --- [ parsing input ] ------------------------------------------------------
c 
c reading DIMACS file from '/mnt/c/Users/ikuto/projects/conway-99-graph/acceleration/results/20260930_hadamard_six_remaining_cnfs/run01/rank4_03_profile_0004/instance.cnf'
c opening file to read '/mnt/c/Users/ikuto/projects/conway-99-graph/acceleration/results/20260930_hadamard_six_remaining_cnfs/run01/rank4_03_profile_0004/instance.cnf'
c found 'p cnf 10048 174766' header
c parsed 174766 clauses in 0.08 seconds process time
c 
c --- [ options ] ------------------------------------------------------------
c 
c   --binary=false                 (different from default 'true')
c 
c --- [ solving ] ------------------------------------------------------------
c 
c time measured in process time since initialization
c 
c  seconds  reductions  redundant  irredundant
c         MB    restarts       trail      variables
c          level   conflicts       glue        remaining
c 
c *  0.08 18  0 0   0    0    0  0% 0 125009 7152 71%
c {  0.08 18  0 0   0    0    0  0% 0 125009 7152 71%
c i  0.08 19 13 0  12   89   81 47% 4 125009 7151 71%
c i  0.08 19 13 0  12   90   81 47% 4 125009 7150 71%
c i  0.08 19 12 0  13  104   90 47% 4 125009 7149 71%
c -  0.10 19 11 1  23  300  237 51% 4 124602 7149 71%
c i  0.10 19 10 1  23  308  243 52% 4 124602 7148 71%
c i  0.11 19 16 1  53  480  355 53% 6 124602 7146 71%
c i  0.12 19 25 1  70  664  507 53% 6 124602 7144 71%
c i  0.12 19 25 1  71  689  529 53% 6 124602 7143 71%
c -  0.15 25 22 2  84  957  572 54% 6 124407 7143 71%
c }  0.15 25 21 2  84 1000  605 55% 6 124407 7143 71%
c [  0.15 25  0 2  84 1000  605  0% 0 124407 7143 71%
c O  0.15 25 64 2  84 1014  615 64% 4 124407 7143 71%
c i  0.15 25 17 2  84 1058  634 58% 4 124407 7142 71%
c i  0.18 25 27 2  84 1505  989 54% 9 124407 7141 71%
c i  0.18 25 29 2  84 1588 1061 54% 10 124407 7140 71%
c i  0.18 25 30 2  84 1597 1069 54% 10 124407 7136 71%
c i  0.19 25 32 2  84 1647 1111 54% 11 124407 7134 71%
c i  0.19 25 33 2  84 1665 1124 53% 11 124407 7132 71%
c 
c  seconds  reductions  redundant   irredundant
c         MB    restarts       trail       variables
c          level   conflicts       glue         remaining
c 
c i  0.19 25 36 2  84 1721 1164 53% 12 124407 7131 71%
c -  0.21 25 45 3  84 1943 1017 52% 17 123923 7131 71%
c i  0.23 24 49 3  85 2123 1167 30% 18 123923 7127 71%
c i  0.24 24 57 3  85 2214 1236 27% 22 123923 7106 71%
c ]  0.28 24 67 3  85 3001 1861 29% 28 123923 7098 71%
c {  0.28 24 21 3  85 3001 1861 77% 6 123923 7098 71%
c F  0.29 24 22 3  88 3016 1874 76% 6 123923 7098 71%
c i  0.29 24 22 3  89 3021 1877 76% 6 123923 7097 71%
c -  0.31 25 22 4 128 3255 1676 68% 6 122531 7097 71%
c i  0.31 25 22 4 128 3256 1676 68% 6 122531 7065 70%
c i  0.31 25 22 4 132 3308 1717 66% 6 122531 7064 70%
c i  0.31 25 22 4 132 3317 1725 66% 6 122531 7063 70%
c i  0.31 25 21 4 136 3437 1807 64% 6 122531 7062 70%
c i  0.31 25 21 4 136 3451 1816 63% 6 122531 7061 70%
c i  0.33 25 22 4 164 3695 1991 59% 6 122531 7060 70%
c i  0.33 25 22 4 164 3714 1997 58% 6 122531 7059 70%
c i  0.33 25 22 4 165 3729 2010 58% 6 122531 7045 70%
c i  0.33 25 22 4 165 3785 2053 58% 6 122531 6975 69%
c i  0.33 25 22 4 165 3797 2062 57% 6 122531 6974 69%
c i  0.34 25 21 4 176 4031 2224 55% 6 122531 6973 69%
c 
c  seconds  reductions  redundant  irredundant
c         MB    restarts       trail      variables
c          level   conflicts       glue        remaining
c 
c i  0.35 25 21 4 183 4108 2264 54% 6 122531 6972 69%
c i  0.37 25 21 4 218 4469 2507 50% 6 122531 6971 69%
c i  0.37 25 21 4 230 4653 2639 49% 7 122531 6970 69%
c i  0.37 25 21 4 231 4664 2643 49% 7 122531 6946 69%
c i  0.38 25 21 4 231 4689 2657 49% 7 122531 6891 69%
c i  0.38 25 21 4 231 4698 2664 49% 7 122531 6890 69%
c i  0.38 25 21 4 231 4729 2677 49% 6 122531 6889 69%
c i  0.38 25 21 4 241 4863 2777 48% 6 122531 6888 69%
c i  0.38 25 21 4 242 4881 2794 47% 6 122531 6887 69%
c -  0.39 25 21 5 244 4888 1485 47% 7 115164 6887 69%
c i  0.40 25 21 5 245 4895 1490 47% 7 115164 6886 69%
c i  0.40 25 21 5 251 4916 1497 47% 7 115164 6885 69%
c i  0.40 25 21 5 251 4964 1523 47% 6 115164 6884 69%
c i  0.40 25 21 5 251 4965 1523 47% 6 115164 6883 69%
c d  0.41 25 21 5 253 5000 1513 47% 6 114564 6676 66%
c d  0.41 25 21 5 253 5000 1513 47% 6 114556 6672 66%
c 2  0.41 25 21 5 253 5000 1513 47% 6 114556 6592 66%
c p  0.48 26 21 5 253 5000 90762 47% 6 114556 6528 65%
c d  0.49 27 21 5 253 5000 80758 47% 6 108256 6500 65%
c d  0.50 27 21 5 253 5000 80756 47% 6 107991 6371 63%
c 
c  seconds  reductions   redundant  irredundant
c         MB    restarts        trail      variables
c          level   conflicts        glue        remaining
c 
c i  0.50 27 21 5 257 5086 80810 47% 6 107991 6369 63%
c i  0.50 27 21 5 257 5125 80840 46% 6 107991 6368 63%
c i  0.50 27 21 5 266 5191 80876 46% 6 107991 6367 63%
c i  0.51 27 21 5 266 5235 80904 46% 6 107991 6366 63%
c i  0.51 27 21 5 273 5287 80933 46% 6 107991 6365 63%
c i  0.51 27 21 5 273 5288 80933 46% 6 107991 6364 63%
c i  0.52 27 20 5 278 5441 81045 45% 6 107991 6306 63%
c i  0.53 27 20 5 278 5598 81151 44% 6 107991 5618 56%
c }  0.53 27 20 5 278 5623 81171 44% 6 107991 4348 43%
c 0  0.53 27 20 5 278 5623 81171 44% 6 107991 4348 43%
c 
c --- [ closing proof ] ------------------------------------------------------
c 
c DRAT proof file '/tmp/conway99-six-profile-rank4_03_profile_0004-47Jqjr/proof.drat' closed
c DRAT 108090 added clauses 60.81%
c DRAT 69649 deleted clauses 39.19%
c DRAT 6191165 bytes (5.90 MB)
c 
c --- [ result ] -------------------------------------------------------------
c 
s UNSATISFIABLE
c 
c --- [ run-time profiling ] -------------------------------------------------
c 
c process time taken by individual solving procedures
c (percentage relative to process time for solving)
c 
c         0.36   79.07% search
c         0.22   48.81% unstable
c         0.14   29.95% stable
c         0.09   20.62% simplify
c         0.08   16.85% parse
c         0.07   15.27% probe
c         0.01    1.25% ternary
c         0.00    0.29% lucky
c   =================================
c         0.45   85.34% solve
c 
c last line shows process time for solving
c (percentage relative to total process time)
c 
c --- [ statistics ] ---------------------------------------------------------
c 
c chronological:              2512        44.67 %  of conflicts
c conflicts:                  5623     12433.06    per second
c decisions:                 19409     42915.39    per second
c fixed:                      5332        53.07 %  of all variables
c learned:                    5238        93.15 %  per conflict
c learned_lits:             381293       100.00 %  learned literals
c minimized:                     0         0.00 %  learned literals
c shrunken:                 178489        46.81 %  learned literals
c minishrunken:              40151        10.53 %  learned literals
c otfs:                         18         0.32 %  of conflict
c propagations:            4296870         9.50 M  per second
c reduced:                    1008        17.93 %  per conflict
c rephased:                      2      2811.50    interval
c restarts:                    278        20.23    interval
c stabilizing:                   1        35.59 %  of conflicts
c substituted:                 368         3.66 %  of all variables
c subsumed:                   1000         0.45 %  of all clauses
c strengthened:                 18         0.01 %  of all clauses
c trail reuses:                  0         0.00 %  of incremental calls
c weakened:                    736         2.00    average size
c 
c seconds are measured in process time for solving
c 
c --- [ resources ] ----------------------------------------------------------
c 
c total process time since initialization:         0.53    seconds
c total real time since initialization:            1.17    seconds
c maximum resident set size of process:           29.42    MB
c 
c --- [ shutting down ] ------------------------------------------------------
c 
c exit 20
