c --- [ banner ] -------------------------------------------------------------
c 
c CaDiCaL SAT Solver
c Copyright (c) 2016-2023 A. Biere, M. Fleury, N. Froleyks, K. Fazekas, F. Pollitt
c 
c Version 1.9.5 146207318796f094dcded87349a64f0c6927309e
c g++ (Ubuntu 13.3.0-6ubuntu2~24.04.1) 13.3.0 -Wall -Wextra -O3 -DNDEBUG
c Wed Sep 30 06:02:32 JST 2026 Linux ikutoPC 6.6.87.2-microsoft-standard-WSL2 x86_64
c 
c --- [ limit ] --------------------------------------------------------------
c 
c setting conflict limit to 1000000 conflicts (due to '1000000')
c 
c --- [ proof tracing ] ------------------------------------------------------
c 
c opening file to write '/tmp/conway99-seven-profile-rank5_82_profile_0004-L1fp3O/proof.drat'
c writing non-binary proof trace to '/tmp/conway99-seven-profile-rank5_82_profile_0004-L1fp3O/proof.drat'
c 
c --- [ parsing input ] ------------------------------------------------------
c 
c reading DIMACS file from '/mnt/c/Users/ikuto/projects/conway-99-graph/acceleration/results/20260930_hadamard_seven_remaining_cnfs/run02/rank5_82_profile_0004/instance.cnf'
c opening file to read '/mnt/c/Users/ikuto/projects/conway-99-graph/acceleration/results/20260930_hadamard_seven_remaining_cnfs/run02/rank5_82_profile_0004/instance.cnf'
c found 'p cnf 9872 170454' header
c parsed 170454 clauses in 0.07 seconds process time
c 
c --- [ options ] ------------------------------------------------------------
c 
c   --binary=false                 (different from default 'true')
c 
c --- [ solving ] ------------------------------------------------------------
c 
c time measured in process time since initialization
c 
c  seconds  reductions  redundant  irredundant
c         MB    restarts       trail      variables
c          level   conflicts       glue        remaining
c 
c *  0.07 17  0 0   0    0    0  0% 0 120522 6945 70%
c {  0.07 18  0 0   0    0    0  0% 0 120522 6945 70%
c i  0.07 18  1 0   0    3    2 32% 1 120522 6929 70%
c i  0.07 18  6 0   0   10    3 34% 1 120522 6928 70%
c i  0.07 18 41 0   0   48   21 36% 13 120522 6927 70%
c -  0.08 19 26 1   3  300  210 54% 7 119735 6927 70%
c i  0.09 19 24 1   3  313  219 54% 7 119735 6926 70%
c i  0.09 19 24 1   3  314  219 54% 7 119735 6925 70%
c i  0.09 19 24 1   3  315  219 54% 7 119735 6924 70%
c i  0.09 19 24 1   3  316  219 54% 7 119735 6923 70%
c i  0.09 19 24 1   3  318  220 54% 7 119735 6922 70%
c i  0.09 19 24 1   3  331  227 54% 7 119735 6921 70%
c i  0.09 19 25 1  12  395  286 54% 7 119735 6920 70%
c i  0.09 19 24 1  12  421  308 54% 7 119735 6919 70%
c i  0.09 19 24 1  12  431  317 54% 7 119735 6918 70%
c i  0.09 19 23 1  12  438  318 54% 7 119735 6917 70%
c i  0.09 19 23 1  12  443  321 54% 7 119735 6913 70%
c i  0.09 19 23 1  12  444  321 54% 7 119735 6912 70%
c i  0.09 19 23 1  12  445  321 54% 7 119735 6911 70%
c i  0.09 19 23 1  12  446  321 54% 7 119735 6910 70%
c 
c  seconds  reductions  redundant  irredundant
c         MB    restarts       trail      variables
c          level   conflicts       glue        remaining
c 
c i  0.09 19 23 1  12  448  322 54% 7 119735 6909 70%
c i  0.09 19 23 1  12  449  322 54% 7 119735 6908 70%
c i  0.09 19 23 1  12  450  322 54% 7 119735 6907 70%
c i  0.09 19 23 1  12  451  322 54% 7 119735 6906 70%
c i  0.09 19 23 1  12  452  322 54% 7 119735 6905 70%
c i  0.09 19 22 1  12  457  325 54% 7 119735 6904 70%
c i  0.09 19 22 1  12  480  341 53% 6 119735 6903 70%
c i  0.10 19 21 1  12  516  374 53% 6 119735 6902 70%
c i  0.10 19 22 1  12  521  378 53% 6 119735 6882 70%
c i  0.10 19 24 1  12  532  387 53% 6 119735 6881 70%
c i  0.10 19 25 1  14  550  403 53% 6 119735 6880 70%
c i  0.10 19 24 1  14  558  408 53% 6 119735 6879 70%
c i  0.10 19 24 1  14  579  407 53% 6 119735 6878 70%
c i  0.10 19 24 1  14  581  407 53% 6 119735 6870 70%
c i  0.10 19 24 1  14  582  407 53% 6 119735 6803 69%
c i  0.10 19 24 1  14  594  418 53% 6 119735 6802 69%
c i  0.10 19 23 1  14  608  427 54% 6 119735 6801 69%
c i  0.10 19 23 1  14  611  429 54% 6 119735 6800 69%
c i  0.10 19 23 1  14  656  466 54% 6 119735 6799 69%
c i  0.11 19 22 1  14  692  490 54% 6 119735 6798 69%
c 
c  seconds  reductions  redundant  irredundant
c         MB    restarts       trail      variables
c          level   conflicts       glue        remaining
c 
c i  0.11 19 22 1  14  707  498 54% 6 119735 6797 69%
c i  0.11 19 22 1  14  713  503 55% 6 119735 6796 69%
c i  0.11 19 22 1  14  726  510 55% 6 119735 6794 69%
c i  0.11 19 22 1  14  727  510 55% 6 119735 6793 69%
c i  0.11 19 22 1  14  728  510 55% 6 119735 6792 69%
c i  0.11 19 22 1  14  735  516 55% 6 119735 6791 69%
c i  0.11 19 21 1  14  740  519 55% 6 119735 6770 69%
c i  0.11 19 21 1  14  744  522 55% 6 119735 6769 69%
c }  0.11 19 21 1  14  749  523 55% 6 119735 5067 51%
c 0  0.11 19 21 1  14  749  523 55% 6 119735 5067 51%
c 
c --- [ closing proof ] ------------------------------------------------------
c 
c DRAT proof file '/tmp/conway99-seven-profile-rank5_82_profile_0004-L1fp3O/proof.drat' closed
c DRAT 6449 added clauses 11.06%
c DRAT 51839 deleted clauses 88.94%
c DRAT 1424694 bytes (1.36 MB)
c 
c --- [ result ] -------------------------------------------------------------
c 
s UNSATISFIABLE
c 
c --- [ run-time profiling ] -------------------------------------------------
c 
c process time taken by individual solving procedures
c (percentage relative to process time for solving)
c 
c         0.07  161.29% parse
c         0.04   98.14% search
c         0.04   95.52% unstable
c         0.00    2.56% lucky
c         0.00    0.00% simplify
c   =================================
c         0.04   38.01% solve
c 
c last line shows process time for solving
c (percentage relative to total process time)
c 
c --- [ statistics ] ---------------------------------------------------------
c 
c chronological:               382        51.00 %  of conflicts
c conflicts:                   749     18118.48    per second
c decisions:                  2524     61056.15    per second
c fixed:                      4805        48.67 %  of all variables
c learned:                     662        88.38 %  per conflict
c learned_lits:              37293       100.00 %  learned literals
c minimized:                     0         0.00 %  learned literals
c shrunken:                  13812        37.04 %  learned literals
c minishrunken:               6347        17.02 %  learned literals
c otfs:                          8         1.07 %  of conflict
c propagations:             425765        10.30 M  per second
c restarts:                     14        53.50    interval
c subsumed:                     91         0.08 %  of all clauses
c strengthened:                  8         0.01 %  of all clauses
c trail reuses:                  0         0.00 %  of incremental calls
c 
c seconds are measured in process time for solving
c 
c --- [ resources ] ----------------------------------------------------------
c 
c total process time since initialization:         0.11    seconds
c total real time since initialization:            0.76    seconds
c maximum resident set size of process:           19.89    MB
c 
c --- [ shutting down ] ------------------------------------------------------
c 
c exit 20
