c --- [ banner ] -------------------------------------------------------------
c 
c CaDiCaL SAT Solver
c Copyright (c) 2016-2023 A. Biere, M. Fleury, N. Froleyks, K. Fazekas, F. Pollitt
c 
c Version 1.9.5 146207318796f094dcded87349a64f0c6927309e
c g++ (Ubuntu 13.3.0-6ubuntu2~24.04.1) 13.3.0 -Wall -Wextra -O3 -DNDEBUG
c Wed Sep 30 06:02:32 JST 2026 Linux ikutoPC 6.6.87.2-microsoft-standard-WSL2 x86_64
c 
c --- [ limit ] --------------------------------------------------------------
c 
c setting conflict limit to 1000000 conflicts (due to '1000000')
c 
c --- [ proof tracing ] ------------------------------------------------------
c 
c opening file to write '/tmp/conway99-seven-profile-rank5_113_profile_0001-gDfItv/proof.drat'
c writing non-binary proof trace to '/tmp/conway99-seven-profile-rank5_113_profile_0001-gDfItv/proof.drat'
c 
c --- [ parsing input ] ------------------------------------------------------
c 
c reading DIMACS file from '/mnt/c/Users/ikuto/projects/conway-99-graph/acceleration/results/20260930_hadamard_seven_remaining_cnfs/run01/rank5_113_profile_0001/instance.cnf'
c opening file to read '/mnt/c/Users/ikuto/projects/conway-99-graph/acceleration/results/20260930_hadamard_seven_remaining_cnfs/run01/rank5_113_profile_0001/instance.cnf'
c found 'p cnf 9898 171091' header
c parsed 171091 clauses in 0.07 seconds process time
c 
c --- [ options ] ------------------------------------------------------------
c 
c   --binary=false                 (different from default 'true')
c 
c --- [ solving ] ------------------------------------------------------------
c 
c time measured in process time since initialization
c 
c  seconds  reductions  redundant  irredundant
c         MB    restarts       trail      variables
c          level   conflicts       glue        remaining
c 
c *  0.07 18  0 0   0    0    0  0% 0 121257 6983 71%
c {  0.07 18  0 0   0    0    0  0% 0 121257 6983 71%
c i  0.07 18  6 0   0   28   22 41% 2 121257 6974 70%
c i  0.07 18  6 0   0   29   22 41% 2 121257 6973 70%
c i  0.07 18  6 0   0   30   22 40% 2 121257 6972 70%
c i  0.07 18  5 0   0   31   22 40% 2 121257 6971 70%
c i  0.07 18  5 0   0   32   22 40% 2 121257 6970 70%
c i  0.07 18  5 0   0   33   22 40% 2 121257 6969 70%
c i  0.07 18  5 0   0   34   22 39% 2 121257 6968 70%
c i  0.07 18  5 0   0   35   22 39% 2 121257 6967 70%
c i  0.07 18  5 0   0   36   22 39% 2 121257 6966 70%
c i  0.07 18  5 0   0   37   22 39% 2 121257 6965 70%
c i  0.07 18  5 0   0   38   22 39% 2 121257 6964 70%
c i  0.07 18  5 0   0   39   22 39% 2 121257 6963 70%
c i  0.07 18  4 0   0   40   22 38% 2 121257 6962 70%
c i  0.07 18  4 0   0   41   22 38% 2 121257 6957 70%
c i  0.08 19 15 0  26  256  161 50% 7 121257 6956 70%
c -  0.09 19 22 1  29  302   72 50% 7 119991 6956 70%
c i  0.09 19 21 1  29  326   71 51% 7 119991 6955 70%
c -  0.13 24 20 2  45  950  473 54% 6 119944 6955 70%
c 
c  seconds  reductions  redundant  irredundant
c         MB    restarts       trail      variables
c          level   conflicts       glue        remaining
c 
c i  0.13 24 20 2  45  975  488 54% 6 119944 6954 70%
c }  0.13 24 20 2  46 1001  501 54% 6 119944 6954 70%
c [  0.13 24  0 2  46 1001  501  0% 0 119944 6954 70%
c O  0.13 24  2 2  46 1002  502 58% 2 119944 6954 70%
c i  0.13 24 19 2  46 1030  518 53% 8 119944 6953 70%
c i  0.13 24 22 2  46 1042  529 53% 9 119944 6952 70%
c i  0.13 24 21 2  46 1051  532 53% 10 119944 6951 70%
c i  0.13 24 20 2  46 1053  533 53% 10 119944 6950 70%
c i  0.14 24 15 2  46 1107  565 52% 8 119944 6948 70%
c i  0.14 24 15 2  46 1121  577 52% 8 119944 6947 70%
c i  0.14 24 15 2  46 1166  618 52% 7 119944 6944 70%
c i  0.14 24 15 2  46 1245  682 52% 7 119944 6943 70%
c i  0.14 24 15 2  46 1265  694 51% 7 119944 6941 70%
c i  0.14 24 16 2  46 1289  713 51% 8 119944 6935 70%
c i  0.15 24 29 2  46 1452  854 51% 11 119944 6934 70%
c i  0.15 24 29 2  46 1471  870 51% 11 119944 6892 70%
c -  0.18 24 36 3  46 1921  786 50% 14 117634 6892 70%
c ]  0.23 24 33 3  47 3001 1666 49% 14 117634 6892 70%
c {  0.23 24 20 3  47 3001 1666 54% 6 117634 6892 70%
c F  0.23 24 20 3  48 3003 1668 36% 6 117634 6892 70%
c 
c  seconds  reductions  redundant  irredundant
c         MB    restarts       trail      variables
c          level   conflicts       glue        remaining
c 
c i  0.24 24 20 3  48 3013 1676 34% 6 117634 6891 70%
c i  0.24 24 20 3  48 3036 1691 33% 6 117634 6890 70%
c i  0.24 24 19 3  62 3174 1789 34% 6 117634 6889 70%
c -  0.25 24 19 4  65 3213 1493 34% 6 117497 6889 70%
c i  0.26 24 19 4  72 3486 1693 33% 6 117497 6888 70%
c i  0.26 24 18 4  72 3496 1696 33% 6 117497 6887 70%
c i  0.26 24 18 4  72 3561 1720 33% 6 117497 6886 70%
c i  0.27 24 18 4  72 3595 1745 33% 6 117497 6885 70%
c i  0.27 24 18 4  82 3716 1829 33% 6 117497 6884 70%
c i  0.28 24 19 4 108 4063 2130 34% 6 117497 6883 70%
c i  0.28 24 19 4 109 4065 2131 34% 6 117497 6882 70%
c i  0.28 24 19 4 109 4066 2131 34% 6 117497 6881 70%
c i  0.29 24 19 4 142 4234 2265 33% 6 117497 6880 70%
c i  0.31 24 18 4 157 4674 2542 33% 6 117497 6879 69%
c -  0.32 24 18 5 166 4818 1486 33% 6 117056 6879 69%
c i  0.32 24 18 5 168 4851 1498 34% 6 117056 6878 69%
c i  0.33 24 19 5 187 4960 1584 33% 6 117056 6877 69%
c i  0.33 24 19 5 188 4969 1588 33% 6 117056 6876 69%
c d  0.33 24 19 5 188 5002 1493 33% 6 116689 6761 68%
c d  0.34 24 19 5 188 5002 1493 33% 6 116683 6758 68%
c 
c  seconds  reductions   redundant  irredundant
c         MB    restarts        trail      variables
c          level   conflicts        glue        remaining
c 
c p  0.41 26 19 5 188 5002 93064 33% 6 116683 6729 68%
c d  0.41 27 19 5 188 5002 87593 33% 6 115311 6717 68%
c d  0.42 27 19 5 188 5002 87593 33% 6 115255 6689 68%
c i  0.42 27 18 5 196 5061 87632 33% 6 115255 6688 68%
c i  0.44 27 19 5 257 5347 87827 33% 7 115255 6678 67%
c i  0.44 27 20 5 272 5416 87880 33% 7 115255 6669 67%
c i  0.45 27 20 5 275 5527 87969 33% 7 115255 6668 67%
c i  0.45 27 20 5 275 5533 87972 33% 7 115255 6664 67%
c i  0.45 27 20 5 282 5601 88027 33% 7 115255 6663 67%
c i  0.45 27 19 5 288 5658 88076 33% 7 115255 6662 67%
c i  0.46 27 19 5 288 5687 88090 33% 7 115255 6661 67%
c i  0.46 27 19 5 288 5738 88111 33% 7 115255 6660 67%
c i  0.46 27 19 5 288 5776 88127 33% 7 115255 6659 67%
c i  0.46 27 19 5 288 5834 88160 33% 7 115255 6658 67%
c i  0.46 27 19 5 288 5838 88163 33% 7 115255 6657 67%
c #  0.47 27 19 5 301 6004 88284 32% 7 115255 6657 67%
c i  0.48 27 18 5 317 6302 88510 31% 7 115255 6653 67%
c i  0.48 27 18 5 317 6304 88511 31% 7 115255 6652 67%
c -  0.52 32 18 6 374 6741 5600 31% 7 113753 6652 67%
c i  0.53 32 18 6 398 6950 5748 30% 7 113753 6622 67%
c 
c  seconds  reductions  redundant  irredundant
c         MB    restarts       trail      variables
c          level   conflicts       glue        remaining
c 
c }  0.53 32 18 6 401 7001 5783 30% 7 113753 6622 67%
c [  0.53 32 33 6 401 7001 5783 70% 14 113753 6622 67%
c i  0.54 32 32 6 401 7093 5829 68% 13 113753 6461 65%
c i  0.54 32 31 6 402 7231 5913 65% 13 113753 6306 64%
c i  0.54 32 30 6 402 7263 5931 65% 13 113753 6305 64%
c ]  0.54 32 30 6 402 7266 5931 65% 13 113753 5553 56%
c 0  0.54 32 30 6 402 7266 5931 65% 13 113753 5553 56%
c 
c --- [ closing proof ] ------------------------------------------------------
c 
c DRAT proof file '/tmp/conway99-seven-profile-rank5_113_profile_0001-gDfItv/proof.drat' closed
c DRAT 108235 added clauses 41.05%
c DRAT 155454 deleted clauses 58.95%
c DRAT 6542722 bytes (6.24 MB)
c 
c --- [ result ] -------------------------------------------------------------
c 
s UNSATISFIABLE
c 
c --- [ run-time profiling ] -------------------------------------------------
c 
c process time taken by individual solving procedures
c (percentage relative to process time for solving)
c 
c         0.39   81.33% search
c         0.28   58.82% unstable
c         0.11   22.21% stable
c         0.09   18.51% simplify
c         0.07   14.47% parse
c         0.06   13.30% probe
c         0.01    1.47% ternary
c         0.00    0.29% lucky
c   =================================
c         0.48   87.25% solve
c 
c last line shows process time for solving
c (percentage relative to total process time)
c 
c --- [ statistics ] ---------------------------------------------------------
c 
c chronological:              2982        41.04 %  of conflicts
c conflicts:                  7266     15286.19    per second
c decisions:                 23202     48812.30    per second
c fixed:                      4187        42.30 %  of all variables
c learned:                    6722        92.51 %  per conflict
c learned_lits:             427308       100.00 %  learned literals
c minimized:                     0         0.00 %  learned literals
c shrunken:                 231905        54.27 %  learned literals
c minishrunken:              32711         7.66 %  learned literals
c otfs:                         55         0.76 %  of conflict
c propagations:            4808230        10.12 M  per second
c reduced:                    1283        17.66 %  per conflict
c rephased:                      3      2422.00    interval
c restarts:                    402        18.07    interval
c stabilizing:                   2        31.17 %  of conflicts
c substituted:                 158         1.60 %  of all variables
c subsumed:                   1369         0.62 %  of all clauses
c strengthened:                 55         0.02 %  of all clauses
c ternary:                       9         0.14 %  of resolved
c trail reuses:                  0         0.00 %  of incremental calls
c weakened:                    316         2.00    average size
c 
c seconds are measured in process time for solving
c 
c --- [ resources ] ----------------------------------------------------------
c 
c total process time since initialization:         0.54    seconds
c total real time since initialization:            1.25    seconds
c maximum resident set size of process:           31.71    MB
c 
c --- [ shutting down ] ------------------------------------------------------
c 
c exit 20
