c --- [ banner ] -------------------------------------------------------------
c 
c CaDiCaL SAT Solver
c Copyright (c) 2016-2023 A. Biere, M. Fleury, N. Froleyks, K. Fazekas, F. Pollitt
c 
c Version 1.9.5 146207318796f094dcded87349a64f0c6927309e
c g++ (Ubuntu 13.3.0-6ubuntu2~24.04.1) 13.3.0 -Wall -Wextra -O3 -DNDEBUG
c Wed Sep 30 06:02:32 JST 2026 Linux ikutoPC 6.6.87.2-microsoft-standard-WSL2 x86_64
c 
c --- [ limit ] --------------------------------------------------------------
c 
c setting conflict limit to 1000000 conflicts (due to '1000000')
c 
c --- [ proof tracing ] ------------------------------------------------------
c 
c opening file to write '/tmp/conway99-seven-profile-rank5_119_profile_0002-9NeMg0/proof.drat'
c writing non-binary proof trace to '/tmp/conway99-seven-profile-rank5_119_profile_0002-9NeMg0/proof.drat'
c 
c --- [ parsing input ] ------------------------------------------------------
c 
c reading DIMACS file from '/mnt/c/Users/ikuto/projects/conway-99-graph/acceleration/results/20260930_hadamard_seven_remaining_cnfs/run01/rank5_119_profile_0002/instance.cnf'
c opening file to read '/mnt/c/Users/ikuto/projects/conway-99-graph/acceleration/results/20260930_hadamard_seven_remaining_cnfs/run01/rank5_119_profile_0002/instance.cnf'
c found 'p cnf 9872 170454' header
c parsed 170454 clauses in 0.07 seconds process time
c 
c --- [ options ] ------------------------------------------------------------
c 
c   --binary=false                 (different from default 'true')
c 
c --- [ solving ] ------------------------------------------------------------
c 
c time measured in process time since initialization
c 
c  seconds  reductions  redundant  irredundant
c         MB    restarts       trail      variables
c          level   conflicts       glue        remaining
c 
c *  0.07 17  0 0   0    0    0  0% 0 120522 6945 70%
c {  0.07 18  0 0   0    0    0  0% 0 120522 6945 70%
c i  0.07 18  1 0   0    1    0 31% 0 120522 6944 70%
c -  0.09 19 32 1  26  302  208 59% 8 120345 6944 70%
c i  0.10 19 33 1  30  489  361 58% 7 120345 6943 70%
c i  0.10 19 33 1  30  668  521 58% 6 120345 6941 70%
c i  0.10 19 33 1  30  669  521 58% 6 120345 6940 70%
c i  0.10 19 33 1  30  670  521 58% 6 120345 6939 70%
c i  0.11 19 29 1  40  854  654 58% 6 120345 6938 70%
c -  0.13 24 29 2  50  951  666 58% 6 120068 6938 70%
c }  0.13 24 28 2  57 1004  698 58% 6 120068 6938 70%
c [  0.13 24  0 2  57 1004  698  0% 0 120068 6938 70%
c O  0.13 24  2 2  57 1005  699 71% 2 120068 6938 70%
c i  0.14 24 12 2  57 1083  734 62% 5 120068 6936 70%
c i  0.14 24 17 2  57 1150  785 58% 7 120068 6935 70%
c i  0.15 24 24 2  57 1380  965 56% 11 120068 6926 70%
c i  0.15 24 24 2  57 1397  980 56% 11 120068 6925 70%
c i  0.16 24 22 2  57 1489 1059 56% 10 120068 6924 70%
c i  0.17 24 21 2  57 1736 1224 55% 10 120068 6012 61%
c ]  0.17 24 21 2  57 1744 1228 55% 10 120068 4194 42%
c 
c  seconds  reductions  redundant   irredundant
c         MB    restarts       trail       variables
c          level   conflicts       glue         remaining
c 
c 0  0.17 24 21 2  57 1744 1228 55% 10 120068 4194 42%
c 
c --- [ closing proof ] ------------------------------------------------------
c 
c DRAT proof file '/tmp/conway99-seven-profile-rank5_119_profile_0002-9NeMg0/proof.drat' closed
c DRAT 8354 added clauses 13.88%
c DRAT 51833 deleted clauses 86.12%
c DRAT 1665740 bytes (1.59 MB)
c 
c --- [ result ] -------------------------------------------------------------
c 
s UNSATISFIABLE
c 
c --- [ run-time profiling ] -------------------------------------------------
c 
c process time taken by individual solving procedures
c (percentage relative to process time for solving)
c 
c         0.10   99.30% search
c         0.07   62.40% parse
c         0.06   60.28% unstable
c         0.04   37.70% stable
c         0.00    1.27% lucky
c         0.00    0.00% simplify
c   =================================
c         0.11   61.31% solve
c 
c last line shows process time for solving
c (percentage relative to total process time)
c 
c --- [ statistics ] ---------------------------------------------------------
c 
c chronological:               732        41.97 %  of conflicts
c conflicts:                  1744     16540.06    per second
c decisions:                  5258     49866.75    per second
c fixed:                      5678        57.52 %  of all variables
c learned:                    1599        91.69 %  per conflict
c learned_lits:             127711       100.00 %  learned literals
c minimized:                     0         0.00 %  learned literals
c shrunken:                  54027        42.30 %  learned literals
c minishrunken:              19641        15.38 %  learned literals
c otfs:                         24         1.38 %  of conflict
c propagations:             972093         9.22 M  per second
c reduced:                      47         2.69 %  per conflict
c rephased:                      1      1744.00    interval
c restarts:                     57        30.60    interval
c stabilizing:                   1        42.37 %  of conflicts
c subsumed:                    292         0.24 %  of all clauses
c strengthened:                 23         0.02 %  of all clauses
c trail reuses:                  0         0.00 %  of incremental calls
c 
c seconds are measured in process time for solving
c 
c --- [ resources ] ----------------------------------------------------------
c 
c total process time since initialization:         0.17    seconds
c total real time since initialization:            0.88    seconds
c maximum resident set size of process:           24.16    MB
c 
c --- [ shutting down ] ------------------------------------------------------
c 
c exit 20
