c --- [ banner ] -------------------------------------------------------------
c 
c CaDiCaL SAT Solver
c Copyright (c) 2016-2023 A. Biere, M. Fleury, N. Froleyks, K. Fazekas, F. Pollitt
c 
c Version 1.9.5 146207318796f094dcded87349a64f0c6927309e
c g++ (Ubuntu 13.3.0-6ubuntu2~24.04.1) 13.3.0 -Wall -Wextra -O3 -DNDEBUG
c Wed Sep 30 06:02:32 JST 2026 Linux ikutoPC 6.6.87.2-microsoft-standard-WSL2 x86_64
c 
c --- [ limit ] --------------------------------------------------------------
c 
c setting conflict limit to 1000000 conflicts (due to '1000000')
c 
c --- [ proof tracing ] ------------------------------------------------------
c 
c opening file to write '/tmp/conway99-seven-profile-rank5_176_profile_0002-8SNBgz/proof.drat'
c writing non-binary proof trace to '/tmp/conway99-seven-profile-rank5_176_profile_0002-8SNBgz/proof.drat'
c 
c --- [ parsing input ] ------------------------------------------------------
c 
c reading DIMACS file from '/mnt/c/Users/ikuto/projects/conway-99-graph/acceleration/results/20260930_hadamard_seven_remaining_cnfs/run01/rank5_176_profile_0002/instance.cnf'
c opening file to read '/mnt/c/Users/ikuto/projects/conway-99-graph/acceleration/results/20260930_hadamard_seven_remaining_cnfs/run01/rank5_176_profile_0002/instance.cnf'
c found 'p cnf 9872 170454' header
c parsed 170454 clauses in 0.06 seconds process time
c 
c --- [ options ] ------------------------------------------------------------
c 
c   --binary=false                 (different from default 'true')
c 
c --- [ solving ] ------------------------------------------------------------
c 
c time measured in process time since initialization
c 
c  seconds  reductions  redundant  irredundant
c         MB    restarts       trail      variables
c          level   conflicts       glue        remaining
c 
c *  0.07 18  0 0   0    0    0  0% 0 120522 6945 70%
c {  0.07 18  0 0   0    0    0  0% 0 120522 6945 70%
c i  0.07 19 24 0   5   91   68 53% 4 120522 6943 70%
c i  0.07 19 21 0  13  150  119 52% 5 120522 6865 70%
c i  0.08 19 20 0  16  167  132 53% 5 120522 6848 69%
c i  0.08 19 38 0  22  209  169 53% 10 120522 6805 69%
c i  0.08 19 33 0  32  254  204 54% 9 120522 6804 69%
c i  0.08 19 33 0  32  256  205 54% 8 120522 6803 69%
c i  0.08 19 34 0  32  274  215 54% 8 120522 6802 69%
c -  0.09 19 34 1  32  310  152 53% 8 114222 6802 69%
c i  0.10 20 33 1  53  469  284 53% 10 114222 6801 69%
c i  0.10 20 33 1  57  486  296 53% 9 114222 6800 69%
c i  0.10 20 32 1  57  508  314 53% 9 114222 6799 69%
c i  0.10 20 32 1  57  510  315 53% 9 114222 6737 68%
c i  0.11 20 27 1  57  715  456 54% 8 114222 6720 68%
c i  0.11 20 27 1  57  719  450 54% 8 114222 6701 68%
c i  0.11 20 27 1  70  828  518 54% 8 114222 6700 68%
c i  0.11 20 26 1  70  858  540 54% 8 114222 6699 68%
c i  0.11 20 26 1  70  861  542 54% 8 114222 6698 68%
c i  0.11 20 26 1  70  872  550 54% 8 114222 6659 67%
c 
c  seconds  reductions  redundant  irredundant
c         MB    restarts       trail      variables
c          level   conflicts       glue        remaining
c 
c -  0.13 24 26 2  70  945  393 54% 8 106551 6628 67%
c i  0.13 24 25 2  70  979  414 54% 8 106551 6627 67%
c i  0.13 24 26 2  70  989  423 54% 8 106551 6626 67%
c }  0.13 24 28 2  70 1021  438 54% 8 106551 6626 67%
c [  0.13 24  0 2  70 1021  438  0% 0 106551 6626 67%
c O  0.13 24  2 2  70 1022  439 63% 1 106551 6626 67%
c i  0.13 24  9 2  70 1081  474 63% 4 106551 6624 67%
c i  0.14 24 50 2  70 1170  551 56% 11 106551 6623 67%
c i  0.14 24 50 2  70 1178  558 55% 11 106551 6622 67%
c i  0.14 24 50 2  70 1179  558 55% 11 106551 6621 67%
c i  0.14 24 50 2  70 1182  560 55% 11 106551 6620 67%
c i  0.14 24 53 2  70 1242  617 53% 13 106551 6618 67%
c i  0.14 24 54 2  70 1250  624 53% 14 106551 6617 67%
c i  0.14 24 54 2  70 1252  624 53% 14 106551 6616 67%
c i  0.14 24 54 2  70 1254  624 53% 14 106551 6615 67%
c i  0.14 24 54 2  70 1256  624 53% 15 106551 6614 67%
c i  0.14 24 54 2  70 1257  624 53% 15 106551 6528 66%
c i  0.15 24 53 2  70 1340  696 52% 16 106551 6527 66%
c i  0.15 24 52 2  70 1374  722 52% 16 106551 6526 66%
c i  0.15 24 51 2  70 1390  731 52% 16 106551 6525 66%
c 
c  seconds  reductions  redundant   irredundant
c         MB    restarts       trail       variables
c          level   conflicts       glue         remaining
c 
c i  0.15 24 49 2  70 1433  759 52% 17 106551 6524 66%
c i  0.15 24 49 2  70 1434  759 52% 17 106551 6523 66%
c i  0.15 24 49 2  70 1435  759 52% 17 106551 6522 66%
c i  0.15 24 49 2  70 1436  759 52% 17 106551 6521 66%
c i  0.15 24 48 2  70 1438  760 52% 17 106551 6520 66%
c i  0.15 24 48 2  70 1440  760 52% 16 106551 6519 66%
c i  0.15 24 48 2  70 1441  760 52% 16 106551 6515 66%
c i  0.15 24 48 2  70 1444  762 52% 16 106551 6514 66%
c i  0.15 24 47 2  70 1455  767 52% 16 106551 6513 66%
c i  0.15 24 47 2  70 1456  767 52% 16 106551 6512 66%
c i  0.16 24 45 2  70 1484  785 53% 16 106551 6511 66%
c i  0.16 24 45 2  70 1489  787 53% 16 106551 6510 66%
c i  0.16 24 44 2  70 1492  788 53% 15 106551 6508 66%
c i  0.16 24 44 2  70 1497  790 53% 15 106551 6506 66%
c i  0.16 24 43 2  70 1504  795 53% 15 106551 5428 55%
c ]  0.16 24 42 2  70 1523  810 53% 15 106551 4097 42%
c 0  0.16 24 42 2  70 1523  810 53% 15 106551 4097 42%
c 
c --- [ closing proof ] ------------------------------------------------------
c 
c DRAT proof file '/tmp/conway99-seven-profile-rank5_176_profile_0002-8SNBgz/proof.drat' closed
c DRAT 9967 added clauses 12.90%
c DRAT 67284 deleted clauses 87.10%
c DRAT 2331141 bytes (2.22 MB)
c 
c --- [ result ] -------------------------------------------------------------
c 
s UNSATISFIABLE
c 
c --- [ run-time profiling ] -------------------------------------------------
c 
c process time taken by individual solving procedures
c (percentage relative to process time for solving)
c 
c         0.09   99.24% search
c         0.06   68.62% parse
c         0.06   68.35% unstable
c         0.03   29.80% stable
c         0.00    1.05% lucky
c         0.00    0.00% simplify
c   =================================
c         0.09   59.01% solve
c 
c last line shows process time for solving
c (percentage relative to total process time)
c 
c --- [ statistics ] ---------------------------------------------------------
c 
c chronological:               722        47.41 %  of conflicts
c conflicts:                  1523     16203.68    per second
c decisions:                  6506     69219.39    per second
c fixed:                      5775        58.50 %  of all variables
c learned:                    1383        90.81 %  per conflict
c learned_lits:              79914       100.00 %  learned literals
c minimized:                     0         0.00 %  learned literals
c shrunken:                  44060        55.13 %  learned literals
c minishrunken:               4255         5.32 %  learned literals
c otfs:                         24         1.58 %  of conflict
c propagations:             917886         9.77 M  per second
c reduced:                      38         2.50 %  per conflict
c rephased:                      1      1523.00    interval
c restarts:                     70        21.76    interval
c stabilizing:                   1        32.90 %  of conflicts
c subsumed:                    230         0.19 %  of all clauses
c strengthened:                 22         0.02 %  of all clauses
c trail reuses:                  0         0.00 %  of incremental calls
c 
c seconds are measured in process time for solving
c 
c --- [ resources ] ----------------------------------------------------------
c 
c total process time since initialization:         0.16    seconds
c total real time since initialization:            0.80    seconds
c maximum resident set size of process:           23.83    MB
c 
c --- [ shutting down ] ------------------------------------------------------
c 
c exit 20
