c --- [ banner ] -------------------------------------------------------------
c 
c CaDiCaL SAT Solver
c Copyright (c) 2016-2023 A. Biere, M. Fleury, N. Froleyks, K. Fazekas, F. Pollitt
c 
c Version 1.9.5 146207318796f094dcded87349a64f0c6927309e
c g++ (Ubuntu 13.3.0-6ubuntu2~24.04.1) 13.3.0 -Wall -Wextra -O3 -DNDEBUG
c Wed Sep 30 06:02:32 JST 2026 Linux ikutoPC 6.6.87.2-microsoft-standard-WSL2 x86_64
c 
c --- [ limit ] --------------------------------------------------------------
c 
c setting conflict limit to 1000000 conflicts (due to '1000000')
c 
c --- [ proof tracing ] ------------------------------------------------------
c 
c opening file to write '/tmp/conway99-seven-profile-rank5_136_profile_0003-Uy82ZI/proof.drat'
c writing non-binary proof trace to '/tmp/conway99-seven-profile-rank5_136_profile_0003-Uy82ZI/proof.drat'
c 
c --- [ parsing input ] ------------------------------------------------------
c 
c reading DIMACS file from '/mnt/c/Users/ikuto/projects/conway-99-graph/acceleration/results/20260930_hadamard_seven_remaining_cnfs/run01/rank5_136_profile_0003/instance.cnf'
c opening file to read '/mnt/c/Users/ikuto/projects/conway-99-graph/acceleration/results/20260930_hadamard_seven_remaining_cnfs/run01/rank5_136_profile_0003/instance.cnf'
c found 'p cnf 9872 170454' header
c parsed 170454 clauses in 0.06 seconds process time
c 
c --- [ options ] ------------------------------------------------------------
c 
c   --binary=false                 (different from default 'true')
c 
c --- [ solving ] ------------------------------------------------------------
c 
c time measured in process time since initialization
c 
c  seconds  reductions  redundant  irredundant
c         MB    restarts       trail      variables
c          level   conflicts       glue        remaining
c 
c *  0.06 17  0 0   0    0    0  0% 0 120522 6945 70%
c {  0.06 18  0 0   0    0    0  0% 0 120522 6945 70%
c i  0.06 18 29 0   0   12    9 44% 3 120522 6944 70%
c i  0.06 18 32 0   0   13    9 44% 3 120522 6943 70%
c i  0.06 18 56 0   0   21   16 48% 8 120522 6942 70%
c i  0.06 18 53 0   1   22   16 48% 7 120522 6940 70%
c i  0.06 18 51 0   1   23   16 48% 7 120522 6938 70%
c i  0.07 18 35 0   4   69   50 54% 8 120522 6937 70%
c i  0.07 18 34 0   4   70   50 54% 8 120522 6936 70%
c i  0.07 19 25 0   7  188  155 55% 7 120522 6935 70%
c -  0.08 19 26 1   9  301  237 53% 6 120052 6935 70%
c i  0.08 19 28 1  16  350  271 53% 7 120052 6924 70%
c i  0.09 19 26 1  17  453  355 54% 7 120052 6917 70%
c i  0.09 19 26 1  21  467  361 54% 7 120052 6916 70%
c i  0.09 19 25 1  21  469  362 54% 7 120052 6915 70%
c i  0.09 19 25 1  21  470  362 54% 7 120052 6914 70%
c i  0.09 19 25 1  21  471  362 54% 7 120052 6913 70%
c i  0.09 19 25 1  21  472  362 53% 7 120052 6910 70%
c i  0.09 19 25 1  21  473  362 53% 7 120052 6909 70%
c i  0.09 19 24 1  26  557  428 54% 6 120052 6907 70%
c 
c  seconds  reductions  redundant  irredundant
c         MB    restarts       trail      variables
c          level   conflicts       glue        remaining
c 
c i  0.10 19 23 1  32  650  488 55% 6 120052 6906 70%
c -  0.12 24 21 2  38  948  538 54% 6 118987 6906 70%
c }  0.13 24 20 2  38 1006  579 54% 6 118987 6906 70%
c [  0.13 24  0 2  38 1006  579  0% 0 118987 6906 70%
c O  0.13 24  3 2  38 1007  580 70% 2 118987 6906 70%
c i  0.13 24 30 2  38 1116  650 62% 13 118987 6827 69%
c i  0.14 24 23 2  38 1218  718 60% 10 118987 6825 69%
c i  0.14 24 19 2  38 1308  784 58% 8 118987 6824 69%
c i  0.14 24 19 2  38 1312  787 58% 8 118987 6823 69%
c i  0.14 24 19 2  38 1313  787 58% 8 118987 6822 69%
c i  0.14 24 19 2  38 1314  787 58% 8 118987 6821 69%
c i  0.14 24 19 2  38 1315  787 58% 8 118987 6820 69%
c i  0.14 24 19 2  38 1318  789 57% 8 118987 6819 69%
c i  0.14 24 19 2  38 1320  789 57% 8 118987 6818 69%
c i  0.15 24 16 2  38 1415  869 57% 7 118987 5903 60%
c i  0.15 24 16 2  38 1417  870 57% 7 118987 5349 54%
c ]  0.15 24 16 2  38 1419  870 57% 7 118987 4763 48%
c 0  0.15 24 16 2  38 1419  870 57% 7 118987 4763 48%
c 
c --- [ closing proof ] ------------------------------------------------------
c 
c DRAT proof file '/tmp/conway99-seven-profile-rank5_136_profile_0003-Uy82ZI/proof.drat' closed
c DRAT 7747 added clauses 12.70%
c DRAT 53234 deleted clauses 87.30%
c DRAT 1576743 bytes (1.50 MB)
c 
c --- [ result ] -------------------------------------------------------------
c 
s UNSATISFIABLE
c 
c --- [ run-time profiling ] -------------------------------------------------
c 
c process time taken by individual solving procedures
c (percentage relative to process time for solving)
c 
c         0.09   99.13% search
c         0.06   71.80% unstable
c         0.06   68.52% parse
c         0.02   25.91% stable
c         0.00    1.36% lucky
c         0.00    0.00% simplify
c   =================================
c         0.09   59.04% solve
c 
c last line shows process time for solving
c (percentage relative to total process time)
c 
c --- [ statistics ] ---------------------------------------------------------
c 
c chronological:               708        49.89 %  of conflicts
c conflicts:                  1419     16132.15    per second
c decisions:                  4671     53103.08    per second
c fixed:                      5109        51.75 %  of all variables
c learned:                    1296        91.33 %  per conflict
c learned_lits:              77378       100.00 %  learned literals
c minimized:                     0         0.00 %  learned literals
c shrunken:                  43600        56.35 %  learned literals
c minishrunken:               7706         9.96 %  learned literals
c otfs:                         11         0.78 %  of conflict
c propagations:             815813         9.27 M  per second
c reduced:                      42         2.96 %  per conflict
c rephased:                      1      1419.00    interval
c restarts:                     38        37.34    interval
c stabilizing:                   1        29.11 %  of conflicts
c subsumed:                    207         0.17 %  of all clauses
c strengthened:                 11         0.01 %  of all clauses
c trail reuses:                  0         0.00 %  of incremental calls
c 
c seconds are measured in process time for solving
c 
c --- [ resources ] ----------------------------------------------------------
c 
c total process time since initialization:         0.15    seconds
c total real time since initialization:            0.86    seconds
c maximum resident set size of process:           24.18    MB
c 
c --- [ shutting down ] ------------------------------------------------------
c 
c exit 20
