c --- [ banner ] -------------------------------------------------------------
c 
c CaDiCaL SAT Solver
c Copyright (c) 2016-2023 A. Biere, M. Fleury, N. Froleyks, K. Fazekas, F. Pollitt
c 
c Version 1.9.5 146207318796f094dcded87349a64f0c6927309e
c g++ (Ubuntu 13.3.0-6ubuntu2~24.04.1) 13.3.0 -Wall -Wextra -O3 -DNDEBUG
c Wed Sep 30 06:02:32 JST 2026 Linux ikutoPC 6.6.87.2-microsoft-standard-WSL2 x86_64
c 
c --- [ limit ] --------------------------------------------------------------
c 
c setting conflict limit to 1000000 conflicts (due to '1000000')
c 
c --- [ proof tracing ] ------------------------------------------------------
c 
c opening file to write '/tmp/conway99-seven-profile-rank5_15_profile_0003-fNMyyA/proof.drat'
c writing non-binary proof trace to '/tmp/conway99-seven-profile-rank5_15_profile_0003-fNMyyA/proof.drat'
c 
c --- [ parsing input ] ------------------------------------------------------
c 
c reading DIMACS file from '/mnt/c/Users/ikuto/projects/conway-99-graph/acceleration/results/20260930_hadamard_seven_remaining_cnfs/run01/rank5_15_profile_0003/instance.cnf'
c opening file to read '/mnt/c/Users/ikuto/projects/conway-99-graph/acceleration/results/20260930_hadamard_seven_remaining_cnfs/run01/rank5_15_profile_0003/instance.cnf'
c found 'p cnf 9952 172414' header
c parsed 172414 clauses in 0.07 seconds process time
c 
c --- [ options ] ------------------------------------------------------------
c 
c   --binary=false                 (different from default 'true')
c 
c --- [ solving ] ------------------------------------------------------------
c 
c time measured in process time since initialization
c 
c  seconds  reductions  redundant  irredundant
c         MB    restarts       trail      variables
c          level   conflicts       glue        remaining
c 
c *  0.07 17  0 0   0    0    0  0% 0 122670 7052 71%
c {  0.07 18  0 0   0    0    0  0% 0 122670 7052 71%
c i  0.07 18 27 0   1   26   20 46% 4 122670 7051 71%
c i  0.07 18 26 0   1   27   20 46% 4 122670 7050 71%
c i  0.08 19 32 0  32  214  163 51% 11 122670 7049 71%
c i  0.08 19 32 0  32  215  163 51% 11 122670 7048 71%
c -  0.09 19 26 1  36  300  223 53% 8 122386 7048 71%
c i  0.09 19 23 1  36  366  258 53% 8 122386 7047 71%
c i  0.10 19 24 1  46  573  426 54% 7 122386 7046 71%
c i  0.10 19 24 1  46  576  427 54% 7 122386 7045 71%
c i  0.11 19 22 1  48  890  665 55% 6 122386 7044 71%
c i  0.12 19 23 1  55  937  707 55% 7 122386 7043 71%
c -  0.13 24 23 2  55  958  350 55% 7 122151 7043 71%
c }  0.13 24 22 2  55 1000  392 55% 6 122151 7043 71%
c [  0.13 24  0 2  55 1000  392  0% 0 122151 7043 71%
c O  0.13 24 13 2  55 1009  399 54% 5 122151 7043 71%
c i  0.14 24 12 2  55 1151  470 57% 6 122151 7042 71%
c i  0.14 24 14 2  55 1220  527 56% 7 122151 7041 71%
c i  0.14 24 14 2  55 1248  543 56% 7 122151 7040 71%
c i  0.16 24 20 2  55 1581  767 55% 8 122151 7039 71%
c 
c  seconds  reductions  redundant  irredundant
c         MB    restarts       trail      variables
c          level   conflicts       glue        remaining
c 
c i  0.16 24 19 2  55 1748  890 56% 8 122151 7038 71%
c i  0.17 24 18 2  55 1794  915 56% 8 122151 7036 71%
c -  0.18 25 21 3  55 1936  473 55% 8 121867 7036 71%
c ]  0.25 25 31 3  56 3003 1383 55% 12 121867 7036 71%
c {  0.25 25 22 3  56 3003 1383 55% 6 121867 7036 71%
c F  0.26 25 22 3  57 3010 1390 29% 7 121867 7036 71%
c i  0.27 25 23 3  90 3236 1519 32% 7 121867 7017 71%
c i  0.27 25 23 3  90 3237 1519 32% 7 121867 7002 70%
c -  0.27 25 23 4  92 3271 1372 30% 7 120820 7002 70%
c i  0.29 25 24 4 116 3788 1742 31% 7 120820 7001 70%
c i  0.30 25 23 4 145 4036 1927 30% 7 120820 7000 70%
c i  0.31 25 23 4 156 4144 1994 30% 7 120820 6999 70%
c i  0.31 25 23 4 168 4232 2051 30% 8 120820 6998 70%
c i  0.31 25 23 4 168 4296 2103 31% 7 120820 6997 70%
c i  0.32 25 23 4 168 4310 2114 31% 7 120820 6996 70%
c i  0.32 25 23 4 168 4350 2140 31% 7 120820 6995 70%
c i  0.32 25 24 4 180 4430 2200 30% 8 120820 6977 70%
c i  0.32 25 24 4 181 4434 2203 30% 8 120820 6972 70%
c i  0.32 25 23 4 187 4536 2252 30% 8 120820 6971 70%
c i  0.33 25 25 4 194 4776 2416 32% 8 120820 6962 70%
c 
c  seconds  reductions  redundant  irredundant
c         MB    restarts       trail      variables
c          level   conflicts       glue        remaining
c 
c -  0.34 25 25 5 196 4895 1553 31% 8 119195 6962 70%
c i  0.35 25 24 5 200 4986 1604 31% 8 119195 6961 70%
c d  0.35 25 24 5 200 5000 1573 31% 8 118952 6862 69%
c d  0.35 25 24 5 200 5000 1573 31% 8 118950 6861 69%
c 3  0.36 25 24 5 200 5000 1592 31% 8 118950 6861 69%
c 2  0.36 25 24 5 200 5000 1592 31% 8 118950 6860 69%
c p  0.42 25 24 5 200 5000 80558 31% 8 118950 6837 69%
c d  0.43 25 24 5 200 5000 79990 31% 8 117862 6828 69%
c d  0.43 25 24 5 200 5000 79989 31% 8 117822 6808 68%
c i  0.43 25 24 5 203 5061 80023 31% 8 117822 6807 68%
c i  0.43 25 24 5 203 5068 80026 31% 8 117822 6806 68%
c i  0.43 25 24 5 203 5101 80035 31% 7 117822 6805 68%
c i  0.44 25 24 5 204 5181 80105 31% 7 117822 6804 68%
c i  0.44 25 24 5 204 5182 80105 31% 7 117822 6803 68%
c i  0.44 25 24 5 204 5226 80143 31% 7 117822 6802 68%
c i  0.44 25 24 5 212 5289 80178 31% 8 117822 6801 68%
c i  0.44 25 24 5 220 5324 80208 31% 8 117822 6800 68%
c i  0.45 25 23 5 235 5543 80366 30% 8 117822 6799 68%
c i  0.45 25 23 5 235 5577 80379 30% 8 117822 6757 68%
c i  0.46 25 23 5 250 5755 80526 30% 8 117822 6755 68%
c 
c  seconds  reductions   redundant  irredundant
c         MB    restarts        trail      variables
c          level   conflicts        glue        remaining
c 
c i  0.46 25 23 5 250 5756 80526 30% 8 117822 6754 68%
c i  0.46 25 23 5 252 5817 80559 30% 8 117822 6723 68%
c i  0.46 25 23 5 252 5879 80597 29% 8 117822 6721 68%
c i  0.47 25 23 5 256 5902 80618 29% 8 117822 6716 67%
c i  0.47 25 23 5 256 5935 80641 29% 8 117822 5832 59%
c i  0.47 25 23 5 256 5936 80641 29% 8 117822 5831 59%
c i  0.47 25 23 5 256 5937 80641 29% 8 117822 5829 59%
c i  0.47 25 23 5 256 5938 80641 29% 8 117822 5828 59%
c i  0.47 25 23 5 256 5939 80641 29% 8 117822 5809 58%
c i  0.47 25 23 5 256 5940 80641 29% 8 117822 5808 58%
c }  0.47 25 23 5 256 5944 80642 29% 8 117822 5516 55%
c 0  0.47 25 23 5 256 5944 80642 29% 8 117822 5516 55%
c 
c --- [ closing proof ] ------------------------------------------------------
c 
c DRAT proof file '/tmp/conway99-seven-profile-rank5_15_profile_0003-fNMyyA/proof.drat' closed
c DRAT 93078 added clauses 60.86%
c DRAT 59851 deleted clauses 39.14%
c DRAT 4322502 bytes (4.12 MB)
c 
c --- [ result ] -------------------------------------------------------------
c 
s UNSATISFIABLE
c 
c --- [ run-time profiling ] -------------------------------------------------
c 
c process time taken by individual solving procedures
c (percentage relative to process time for solving)
c 
c         0.32   79.03% search
c         0.20   49.86% unstable
c         0.12   28.98% stable
c         0.08   20.66% simplify
c         0.07   16.32% parse
c         0.06   14.54% probe
c         0.01    1.80% ternary
c         0.00    0.18% lucky
c   =================================
c         0.40   85.83% solve
c 
c last line shows process time for solving
c (percentage relative to total process time)
c 
c --- [ statistics ] ---------------------------------------------------------
c 
c chronological:              2630        44.25 %  of conflicts
c conflicts:                  5944     14782.28    per second
c decisions:                 19423     48303.54    per second
c fixed:                      4307        43.28 %  of all variables
c learned:                    5392        90.71 %  per conflict
c learned_lits:             401509       100.00 %  learned literals
c minimized:                     0         0.00 %  learned literals
c shrunken:                 168124        41.87 %  learned literals
c minishrunken:              66845        16.65 %  learned literals
c otfs:                         32         0.54 %  of conflict
c propagations:            4154993        10.33 M  per second
c reduced:                     845        14.22 %  per conflict
c rephased:                      2      2972.00    interval
c restarts:                    256        23.22    interval
c stabilizing:                   1        33.68 %  of conflicts
c substituted:                 129         1.30 %  of all variables
c subsumed:                   1011         0.49 %  of all clauses
c strengthened:                 31         0.01 %  of all clauses
c ternary:                      21         0.34 %  of resolved
c trail reuses:                  0         0.00 %  of incremental calls
c weakened:                    258         2.00    average size
c 
c seconds are measured in process time for solving
c 
c --- [ resources ] ----------------------------------------------------------
c 
c total process time since initialization:         0.47    seconds
c total real time since initialization:            1.15    seconds
c maximum resident set size of process:           29.79    MB
c 
c --- [ shutting down ] ------------------------------------------------------
c 
c exit 20
