c --- [ banner ] -------------------------------------------------------------
c 
c CaDiCaL SAT Solver
c Copyright (c) 2016-2023 A. Biere, M. Fleury, N. Froleyks, K. Fazekas, F. Pollitt
c 
c Version 1.9.5 146207318796f094dcded87349a64f0c6927309e
c g++ (Ubuntu 13.3.0-6ubuntu2~24.04.1) 13.3.0 -Wall -Wextra -O3 -DNDEBUG
c Wed Sep 30 06:02:32 JST 2026 Linux ikutoPC 6.6.87.2-microsoft-standard-WSL2 x86_64
c 
c --- [ limit ] --------------------------------------------------------------
c 
c setting conflict limit to 1000000 conflicts (due to '1000000')
c 
c --- [ proof tracing ] ------------------------------------------------------
c 
c opening file to write '/tmp/conway99-seven-profile-rank5_46_profile_0003-dAm0Gv/proof.drat'
c writing non-binary proof trace to '/tmp/conway99-seven-profile-rank5_46_profile_0003-dAm0Gv/proof.drat'
c 
c --- [ parsing input ] ------------------------------------------------------
c 
c reading DIMACS file from '/mnt/c/Users/ikuto/projects/conway-99-graph/acceleration/results/20260930_hadamard_seven_remaining_cnfs/run02/rank5_46_profile_0003/instance.cnf'
c opening file to read '/mnt/c/Users/ikuto/projects/conway-99-graph/acceleration/results/20260930_hadamard_seven_remaining_cnfs/run02/rank5_46_profile_0003/instance.cnf'
c found 'p cnf 9872 170454' header
c parsed 170454 clauses in 0.06 seconds process time
c 
c --- [ options ] ------------------------------------------------------------
c 
c   --binary=false                 (different from default 'true')
c 
c --- [ solving ] ------------------------------------------------------------
c 
c time measured in process time since initialization
c 
c  seconds  reductions  redundant  irredundant
c         MB    restarts       trail      variables
c          level   conflicts       glue        remaining
c 
c *  0.06 18  0 0   0    0    0  0% 0 120522 6945 70%
c {  0.07 18  0 0   0    0    0  0% 0 120522 6945 70%
c i  0.07 18 24 0   0    7    6 39% 3 120522 6861 69%
c i  0.07 19 14 0  17  200  141 50% 4 120522 6850 69%
c i  0.07 19 14 0  17  204  144 50% 4 120522 6849 69%
c i  0.08 19 14 0  18  248  165 49% 4 120522 6848 69%
c i  0.08 19 14 0  20  263  176 49% 4 120522 6781 69%
c i  0.08 19 13 0  23  281  186 49% 4 120522 6709 68%
c i  0.08 19 13 0  23  282  186 49% 4 120522 6708 68%
c -  0.08 19 16 1  23  302  139 49% 4 112794 6708 68%
c i  0.08 19 23 1  23  360  192 50% 4 112794 6662 67%
c i  0.09 19 25 1  25  398  218 50% 4 112794 6650 67%
c i  0.09 19 25 1  25  402  221 50% 4 112794 6649 67%
c i  0.09 19 24 1  25  403  221 50% 4 112794 6647 67%
c i  0.09 19 24 1  28  418  231 50% 4 112794 6645 67%
c i  0.09 19 20 1  31  545  334 51% 4 112794 6644 67%
c i  0.09 19 20 1  32  560  345 51% 4 112794 6643 67%
c i  0.09 19 19 1  34  605  363 51% 4 112794 6642 67%
c i  0.09 19 19 1  34  606  363 51% 4 112794 6636 67%
c i  0.09 19 20 1  34  608  363 51% 4 112794 6634 67%
c 
c  seconds  reductions  redundant  irredundant
c         MB    restarts       trail      variables
c          level   conflicts       glue        remaining
c 
c i  0.10 19 20 1  36  619  368 51% 4 112794 6633 67%
c i  0.10 19 20 1  37  627  374 51% 4 112794 6629 67%
c i  0.10 19 20 1  37  628  374 51% 4 112794 6627 67%
c i  0.10 19 20 1  38  632  377 51% 4 112794 5468 55%
c }  0.10 19 20 1  38  634  377 51% 4 112794 4775 48%
c 0  0.10 19 20 1  38  634  377 51% 4 112794 4775 48%
c 
c --- [ closing proof ] ------------------------------------------------------
c 
c DRAT proof file '/tmp/conway99-seven-profile-rank5_46_profile_0003-dAm0Gv/proof.drat' closed
c DRAT 7195 added clauses 10.81%
c DRAT 59380 deleted clauses 89.19%
c DRAT 1692327 bytes (1.61 MB)
c 
c --- [ result ] -------------------------------------------------------------
c 
s UNSATISFIABLE
c 
c --- [ run-time profiling ] -------------------------------------------------
c 
c process time taken by individual solving procedures
c (percentage relative to process time for solving)
c 
c         0.06  194.66% parse
c         0.03   97.70% search
c         0.03   93.19% unstable
c         0.00    4.44% lucky
c         0.00    0.00% simplify
c   =================================
c         0.03   33.71% solve
c 
c last line shows process time for solving
c (percentage relative to total process time)
c 
c --- [ statistics ] ---------------------------------------------------------
c 
c chronological:               291        45.90 %  of conflicts
c conflicts:                   634     19460.99    per second
c decisions:                  2224     68266.93    per second
c fixed:                      5097        51.63 %  of all variables
c learned:                     521        82.18 %  per conflict
c learned_lits:              20175       100.00 %  learned literals
c minimized:                     0         0.00 %  learned literals
c shrunken:                   9766        48.41 %  learned literals
c minishrunken:               1919         9.51 %  learned literals
c otfs:                          9         1.42 %  of conflict
c propagations:             330899        10.16 M  per second
c restarts:                     38        16.68    interval
c subsumed:                     64         0.05 %  of all clauses
c strengthened:                  9         0.01 %  of all clauses
c trail reuses:                  0         0.00 %  of incremental calls
c 
c seconds are measured in process time for solving
c 
c --- [ resources ] ----------------------------------------------------------
c 
c total process time since initialization:         0.10    seconds
c total real time since initialization:            0.71    seconds
c maximum resident set size of process:           19.95    MB
c 
c --- [ shutting down ] ------------------------------------------------------
c 
c exit 20
