c --- [ banner ] -------------------------------------------------------------
c 
c CaDiCaL SAT Solver
c Copyright (c) 2016-2023 A. Biere, M. Fleury, N. Froleyks, K. Fazekas, F. Pollitt
c 
c Version 1.9.5 146207318796f094dcded87349a64f0c6927309e
c g++ (Ubuntu 13.3.0-6ubuntu2~24.04.1) 13.3.0 -Wall -Wextra -O3 -DNDEBUG
c Wed Sep 30 06:02:32 JST 2026 Linux ikutoPC 6.6.87.2-microsoft-standard-WSL2 x86_64
c 
c --- [ limit ] --------------------------------------------------------------
c 
c setting conflict limit to 1000000 conflicts (due to '1000000')
c 
c --- [ proof tracing ] ------------------------------------------------------
c 
c opening file to write '/tmp/conway99-six-profile-rank4_04_profile_0003-jE6zz5/proof.drat'
c writing non-binary proof trace to '/tmp/conway99-six-profile-rank4_04_profile_0003-jE6zz5/proof.drat'
c 
c --- [ parsing input ] ------------------------------------------------------
c 
c reading DIMACS file from '/mnt/c/Users/ikuto/projects/conway-99-graph/acceleration/results/20260930_hadamard_six_remaining_cnfs/run01/rank4_04_profile_0003/instance.cnf'
c opening file to read '/mnt/c/Users/ikuto/projects/conway-99-graph/acceleration/results/20260930_hadamard_six_remaining_cnfs/run01/rank4_04_profile_0003/instance.cnf'
c found 'p cnf 10156 177412' header
c parsed 177412 clauses in 0.08 seconds process time
c 
c --- [ options ] ------------------------------------------------------------
c 
c   --binary=false                 (different from default 'true')
c 
c --- [ solving ] ------------------------------------------------------------
c 
c time measured in process time since initialization
c 
c  seconds  reductions  redundant  irredundant
c         MB    restarts       trail      variables
c          level   conflicts       glue        remaining
c 
c *  0.08 18  0 0   0    0    0  0% 0 127796 7288 72%
c {  0.08 19  0 0   0    0    0  0% 0 127796 7288 72%
c -  0.11 20 19 1   3  301  250 56% 6 127796 7288 72%
c i  0.12 20 20 1  16  555  443 56% 6 127796 7287 72%
c -  0.16 26 25 2  71  968  561 55% 7 127749 7287 72%
c }  0.16 26 25 2  73 1001  581 55% 7 127749 7287 72%
c [  0.16 26  0 2  73 1001  581  0% 0 127749 7287 72%
c O  0.16 26  2 2  73 1002  582 57% 2 127749 7287 72%
c -  0.22 26 34 3  73 1963 1125 57% 13 127749 7287 72%
c i  0.24 26 30 3  74 2280 1379 58% 11 127749 7285 72%
c ]  0.29 25 41 3  74 3006 1097 38% 16 127700 7285 72%
c {  0.29 25 25 3  74 3006 1097 76% 7 127700 7285 72%
c F  0.29 25 25 3  75 3007 1098 76% 7 127700 7285 72%
c -  0.31 30 28 4 100 3290 1139 67% 8 127700 7285 72%
c i  0.35 30 25 4 141 4103 1739 55% 8 127700 7284 72%
c -  0.40 30 24 5 187 4949 1365 50% 8 127653 7284 72%
c d  0.40 30 24 5 192 5000 1390 50% 8 127561 7238 71%
c p  0.48 30 24 5 192 5000 85920 50% 8 127561 7232 71%
c d  0.48 30 24 5 192 5000 85278 50% 8 127219 7219 71%
c i  0.49 30 24 5 192 5005 85281 50% 8 127219 7218 71%
c 
c  seconds  reductions   redundant  irredundant
c         MB    restarts        trail      variables
c          level   conflicts        glue        remaining
c 
c i  0.51 30 23 5 210 5297 85451 49% 8 127219 7217 71%
c i  0.54 30 23 5 256 5879 85866 47% 8 127219 7216 71%
c #  0.55 30 24 5 264 6008 85983 46% 8 127219 7216 71%
c -  0.62 31 24 6 356 6939 8588 44% 8 127078 7216 71%
c }  0.62 31 24 6 356 7012 8646 44% 8 127078 7216 71%
c [  0.62 31 41 6 356 7012 8646 38% 16 127078 7216 71%
c i  0.63 31 41 6 356 7106 8714 37% 16 127078 7215 71%
c s  0.71 33 51 6 357 8268 9631 36% 20 125191 7215 71%
c v  0.73 33 51 6 357 8268 9631 36% 20 125177 7215 71%
c w  0.73 33 51 6 357 8268 9629 36% 20 125177 7215 71%
c e  0.77 33 51 6 357 8268 8848 36% 20 123889 6024 59%
c s  0.77 33 51 6 357 8268 8846 36% 20 123889 6024 59%
c ^  0.78 33 51 6 357 8268 8846 36% 20 123889 6024 59%
c -  0.86 34 89 7 357 9258 4867 37% 37 123889 6024 59%
c I  0.91 34 109 7 358 10012 5500 37% 45 123889 6024 59%
c -  1.05 30 124 8 360 11881 5105 37% 54 123889 6024 59%
c -  1.25 35 114 9 361 14832 5550 38% 45 123889 6024 59%
c d  1.26 35 114 9 361 15000 5683 37% 45 123889 6023 59%
c 2  1.27 35 114 9 361 15000 5674 37% 45 123877 6023 59%
c p  1.34 35 114 9 361 15000 93305 37% 45 123877 6022 59%
c 
c  seconds   reductions    redundant   irredundant
c         MB     restarts         trail       variables
c           level    conflicts        glue         remaining
c 
c d  1.35 35 114 9 361 15000 93022 37% 45 123829 6021 59%
c ]  1.36 35 114 9 361 15017 93039 37% 45 123829 6021 59%
c {  1.36 35 24 9 361 15017 93039 53% 8 123829 6021 59%
c B  1.36 35 24 9 362 15018 93040 53% 8 123829 6021 59%
c i  1.37 35 24 9 394 15245 93214 52% 8 123829 6020 59%
c i  1.39 35 23 9 396 15575 93458 51% 8 123829 6019 59%
c i  1.40 35 23 9 415 15710 93551 51% 8 123829 6018 59%
c i  1.41 35 24 9 431 15827 93619 51% 8 123829 6017 59%
c i  1.42 35 23 9 433 16001 93734 50% 8 123829 6016 59%
c i  1.44 35 23 9 458 16247 93907 50% 8 123829 6015 59%
c i  1.45 35 23 9 472 16424 94027 50% 8 123829 6014 59%
c i  1.46 35 23 9 472 16576 94114 49% 8 123829 6013 59%
c -  1.57 30 23 10 555 18115 12361 47% 8 123447 6013 59%
c i  1.62 30 24 10 649 19023 13013 47% 8 123447 6012 59%
c i  1.63 30 24 10 657 19191 13126 46% 8 123447 6011 59%
c i  1.64 30 24 10 666 19352 13236 46% 8 123447 6010 59%
c i  1.69 30 24 10 722 20300 13884 46% 8 123447 6009 59%
c W  1.83 36 23 10 763 21026 13881 45% 8 123256 6009 59%
c i  1.84 36 23 10 806 21299 14091 45% 8 123256 6008 59%
c i  1.86 36 23 10 835 21514 14228 45% 8 123256 6007 59%
c 
c  seconds  reductions     redundant  irredundant
c         MB     restarts         trail      variables
c          level     conflicts        glue        remaining
c 
c i  1.86 36 23 10 835 21565 14263 45% 8 123256 6006 59%
c -  1.88 30 23 11 847 21721 9082 45% 8 123112 6006 59%
c i  1.90 30 23 11 871 22258 9399 44% 8 123112 6005 59%
c i  1.92 30 23 11 888 22524 9559 44% 8 123112 6004 59%
c i  1.99 30 23 11 989 24010 10603 43% 8 123112 6003 59%
c i  2.05 30 23 11 1044 25084 11372 43% 8 123112 6002 59%
c i  2.07 30 22 11 1044 25472 11670 43% 8 123112 6001 59%
c -  2.09 34 22 12 1047 25647 8420 43% 8 122872 6001 59%
c i  2.09 34 22 12 1047 25659 8429 43% 8 122872 6000 59%
c s  2.11 34 23 12 1057 25718 8285 43% 8 122870 6000 59%
c w  2.13 34 23 12 1057 25718 8282 43% 8 122870 6000 59%
c e  2.16 34 23 12 1057 25718 8277 43% 8 122808 5980 59%
c s  2.17 34 23 12 1057 25718 8268 43% 8 122808 5980 59%
c ^  2.17 34 23 12 1057 25718 8268 43% 8 122808 5980 59%
c i  2.18 34 22 12 1077 26026 8502 43% 8 122808 5979 59%
c i  2.19 34 23 12 1091 26214 8654 43% 8 122808 5978 59%
c i  2.26 34 23 12 1182 27550 9650 42% 8 122808 5977 59%
c F  2.28 34 23 12 1185 28037 10004 42% 8 122808 5977 59%
c i  2.32 34 23 12 1212 28721 10545 42% 8 122808 5976 59%
c i  2.34 34 22 12 1241 29195 10871 42% 8 122808 5975 59%
c 
c  seconds  reductions     redundant  irredundant
c         MB     restarts         trail      variables
c          level      conflicts       glue        remaining
c 
c -  2.39 34 23 13 1264 29895 8212 42% 8 122572 5975 59%
c 2  2.40 34 23 13 1272 30004 8310 42% 8 122572 5975 59%
c p  2.47 34 23 13 1272 30004 88687 42% 8 122572 5973 59%
c d  2.48 34 23 13 1272 30004 88556 42% 8 122476 5969 59%
c i  2.51 34 23 13 1280 30449 88828 42% 8 122476 5968 59%
c }  2.55 34 23 13 1323 31017 89257 42% 8 122476 5968 59%
c [  2.55 34 114 13 1323 31017 89257 37% 45 122476 5968 59%
c -  2.84 40 94 14 1324 34470 17799 38% 38 122429 5968 59%
c B  2.95 40 88 14 1326 36039 18990 38% 36 122429 5968 59%
c i  3.03 40 84 14 1326 37249 19971 37% 34 122429 5967 59%
c -  3.19 34 77 15 1328 39365 14460 37% 32 122381 5967 59%
c i  3.21 34 77 15 1328 39677 14728 37% 32 122381 5966 59%
c i  3.22 34 76 15 1328 39710 14753 37% 32 122381 5965 59%
c i  3.54 34 66 15 1330 44350 18361 37% 28 122381 4741 47%
c i  3.56 32 66 15 1330 44356 3237 19% 28 79004 4740 47%
c i  3.56 32 66 15 1330 44358 3238 16% 28 79004 4739 47%
c i  3.56 32 66 15 1330 44360 3239 14% 28 79004 4738 47%
c i  3.56 32 66 15 1330 44362 3240 13% 28 79004 4737 47%
c i  3.56 32 66 15 1330 44364 3241 13% 28 79004 4736 47%
c i  3.56 32 66 15 1330 44365 3241 13% 28 79004 4735 47%
c 
c  seconds  reductions     redundant   irredundant
c         MB     restarts         trail      variables
c          level      conflicts       glue        remaining
c 
c i  3.56 32 66 15 1330 44366 3241 13% 28 79004 4734 47%
c i  3.56 32 66 15 1330 44368 3241 13% 28 79004 4733 47%
c i  3.56 32 66 15 1330 44372 3244 13% 28 79004 4732 47%
c i  3.56 32 66 15 1330 44375 3245 13% 28 79004 4731 47%
c i  3.56 32 66 15 1330 44376 3245 13% 28 79004 4730 47%
c i  3.56 32 66 15 1330 44379 3247 13% 28 79004 4729 47%
c i  3.56 32 66 15 1330 44381 3248 13% 28 79004 4627 46%
c i  3.56 32 66 15 1330 44382 3248 14% 28 79004 4576 45%
c ]  3.56 32 66 15 1330 44390 3250 15% 28 79004 3349 33%
c 0  3.56 32 66 15 1330 44390 3250 15% 28 79004 3349 33%
c 
c --- [ closing proof ] ------------------------------------------------------
c 
c DRAT proof file '/tmp/conway99-six-profile-rank4_04_profile_0003-jE6zz5/proof.drat' closed
c DRAT 319315 added clauses 43.85%
c DRAT 408941 deleted clauses 56.15%
c DRAT 34036536 bytes (32.46 MB)
c 
c --- [ result ] -------------------------------------------------------------
c 
s UNSATISFIABLE
c 
c --- [ run-time profiling ] -------------------------------------------------
c 
c process time taken by individual solving procedures
c (percentage relative to process time for solving)
c 
c         3.06   88.00% search
c         1.70   48.91% stable
c         1.27   36.61% unstable
c         0.42   11.99% simplify
c         0.20    5.85% probe
c         0.08    2.43% walk
c         0.08    2.33% parse
c         0.05    1.47% elim
c         0.04    1.26% subsume
c         0.03    0.78% vivify
c         0.02    0.59% ternary
c         0.00    0.04% lucky
c   =================================
c         3.48   97.70% solve
c 
c last line shows process time for solving
c (percentage relative to total process time)
c 
c --- [ statistics ] ---------------------------------------------------------
c 
c chronological:             16789        37.82 %  of conflicts
c conflicts:                 44390     12763.61    per second
c decisions:                121030     34800.19    per second
c eliminated:                 1211        11.92 %  of all variables
c fixed:                      5531        54.46 %  of all variables
c learned:                   41755        94.06 %  per conflict
c learned_lits:            4448558       100.00 %  learned literals
c minimized:                     0         0.00 %  learned literals
c shrunken:                1743400        39.19 %  learned literals
c minishrunken:             641626        14.42 %  learned literals
c otfs:                        204         0.46 %  of conflict
c propagations:           28351906         8.15 M  per second
c reduced:                   14649        33.00 %  per conflict
c rephased:                      8      5548.75    interval
c restarts:                   1330        33.38    interval
c stabilizing:                   3        52.67 %  of conflicts
c substituted:                  65         0.64 %  of all variables
c subsumed:                   9713         2.26 %  of all clauses
c strengthened:               1575         0.37 %  of all clauses
c ternary:                      31         0.33 %  of resolved
c trail reuses:                  0         0.00 %  of incremental calls
c vivified:                     26         0.01 %  of all clauses
c walked:                        1     44390.00    interval
c weakened:                   3759         2.32    average size
c 
c seconds are measured in process time for solving
c 
c --- [ resources ] ----------------------------------------------------------
c 
c total process time since initialization:         3.56    seconds
c total real time since initialization:            4.21    seconds
c maximum resident set size of process:           39.89    MB
c 
c --- [ shutting down ] ------------------------------------------------------
c 
c exit 20
