c --- [ banner ] -------------------------------------------------------------
c 
c CaDiCaL SAT Solver
c Copyright (c) 2016-2023 A. Biere, M. Fleury, N. Froleyks, K. Fazekas, F. Pollitt
c 
c Version 1.9.5 146207318796f094dcded87349a64f0c6927309e
c g++ (Ubuntu 13.3.0-6ubuntu2~24.04.1) 13.3.0 -Wall -Wextra -O3 -DNDEBUG
c Wed Sep 30 06:02:32 JST 2026 Linux ikutoPC 6.6.87.2-microsoft-standard-WSL2 x86_64
c 
c --- [ limit ] --------------------------------------------------------------
c 
c setting conflict limit to 1000000 conflicts (due to '1000000')
c 
c --- [ proof tracing ] ------------------------------------------------------
c 
c opening file to write '/tmp/conway99-seven-profile-rank5_64_profile_0015-bQwPAa/proof.drat'
c writing non-binary proof trace to '/tmp/conway99-seven-profile-rank5_64_profile_0015-bQwPAa/proof.drat'
c 
c --- [ parsing input ] ------------------------------------------------------
c 
c reading DIMACS file from '/mnt/c/Users/ikuto/projects/conway-99-graph/acceleration/results/20260930_hadamard_seven_remaining_cnfs/run02/rank5_64_profile_0015/instance.cnf'
c opening file to read '/mnt/c/Users/ikuto/projects/conway-99-graph/acceleration/results/20260930_hadamard_seven_remaining_cnfs/run02/rank5_64_profile_0015/instance.cnf'
c found 'p cnf 9872 170454' header
c parsed 170454 clauses in 0.06 seconds process time
c 
c --- [ options ] ------------------------------------------------------------
c 
c   --binary=false                 (different from default 'true')
c 
c --- [ solving ] ------------------------------------------------------------
c 
c time measured in process time since initialization
c 
c  seconds  reductions  redundant  irredundant
c         MB    restarts       trail      variables
c          level   conflicts       glue        remaining
c 
c *  0.06 17  0 0   0    0    0  0% 0 120550 6945 70%
c {  0.06 18  0 0   0    0    0  0% 0 120550 6945 70%
c i  0.06 18 32 0   1   56   33 45% 7 120550 6944 70%
c i  0.07 19 39 0  11  216  158 49% 7 120550 6943 70%
c -  0.08 19 31 1  11  306  218 50% 6 120383 6943 70%
c i  0.08 19 32 1  18  363  253 51% 7 120383 6942 70%
c i  0.08 19 31 1  26  426  305 51% 7 120383 6941 70%
c i  0.08 19 30 1  27  439  317 51% 7 120383 6940 70%
c i  0.08 19 28 1  27  479  340 52% 7 120383 6939 70%
c i  0.09 19 27 1  27  577  386 51% 7 120383 6864 70%
c i  0.09 19 27 1  27  588  394 51% 7 120383 6842 69%
c i  0.09 19 27 1  27  590  395 51% 7 120383 6841 69%
c i  0.09 19 27 1  27  591  395 51% 7 120383 6840 69%
c i  0.09 19 26 1  27  592  395 51% 7 120383 6839 69%
c i  0.09 19 26 1  27  618  412 51% 7 120383 6838 69%
c i  0.10 19 24 1  33  870  581 51% 7 120383 6835 69%
c i  0.10 19 24 1  33  871  581 51% 7 120383 6834 69%
c i  0.10 19 24 1  33  872  581 51% 7 120383 6832 69%
c i  0.10 19 24 1  33  879  587 51% 7 120383 6831 69%
c i  0.10 19 23 1  33  907  611 51% 6 120383 5742 58%
c 
c  seconds  reductions  redundant  irredundant
c         MB    restarts       trail      variables
c          level   conflicts       glue        remaining
c 
c i  0.10 19 23 1  33  908  611 51% 6 120383 5741 58%
c }  0.10 19 23 1  33  929  623 51% 6 120383 4416 45%
c 0  0.10 19 23 1  33  929  623 51% 6 120383 4416 45%
c 
c --- [ closing proof ] ------------------------------------------------------
c 
c DRAT proof file '/tmp/conway99-seven-profile-rank5_64_profile_0015-bQwPAa/proof.drat' closed
c DRAT 7084 added clauses 12.18%
c DRAT 51075 deleted clauses 87.82%
c DRAT 1398882 bytes (1.33 MB)
c 
c --- [ result ] -------------------------------------------------------------
c 
s UNSATISFIABLE
c 
c --- [ run-time profiling ] -------------------------------------------------
c 
c process time taken by individual solving procedures
c (percentage relative to process time for solving)
c 
c         0.06  135.41% parse
c         0.04   98.14% search
c         0.04   95.34% unstable
c         0.00    2.73% lucky
c         0.00    0.00% simplify
c   =================================
c         0.04   42.18% solve
c 
c last line shows process time for solving
c (percentage relative to total process time)
c 
c --- [ statistics ] ---------------------------------------------------------
c 
c chronological:               416        44.78 %  of conflicts
c conflicts:                   929     20969.23    per second
c decisions:                  3301     74509.63    per second
c fixed:                      5456        55.27 %  of all variables
c learned:                     738        79.44 %  per conflict
c learned_lits:              41565       100.00 %  learned literals
c minimized:                     0         0.00 %  learned literals
c shrunken:                  18748        45.11 %  learned literals
c minishrunken:               4336        10.43 %  learned literals
c otfs:                          4         0.43 %  of conflict
c propagations:             502965        11.35 M  per second
c restarts:                     33        28.15    interval
c subsumed:                     84         0.07 %  of all clauses
c strengthened:                  4         0.00 %  of all clauses
c trail reuses:                  0         0.00 %  of incremental calls
c 
c seconds are measured in process time for solving
c 
c --- [ resources ] ----------------------------------------------------------
c 
c total process time since initialization:         0.11    seconds
c total real time since initialization:            0.74    seconds
c maximum resident set size of process:           19.75    MB
c 
c --- [ shutting down ] ------------------------------------------------------
c 
c exit 20
