c --- [ banner ] -------------------------------------------------------------
c 
c CaDiCaL SAT Solver
c Copyright (c) 2016-2023 A. Biere, M. Fleury, N. Froleyks, K. Fazekas, F. Pollitt
c 
c Version 1.9.5 146207318796f094dcded87349a64f0c6927309e
c g++ (Ubuntu 13.3.0-6ubuntu2~24.04.1) 13.3.0 -Wall -Wextra -O3 -DNDEBUG
c Wed Sep 30 06:02:32 JST 2026 Linux ikutoPC 6.6.87.2-microsoft-standard-WSL2 x86_64
c 
c --- [ limit ] --------------------------------------------------------------
c 
c setting conflict limit to 1000000 conflicts (due to '1000000')
c 
c --- [ proof tracing ] ------------------------------------------------------
c 
c opening file to write '/tmp/conway99-direct-cell-lex-F4JSDT/proof.drat'
c writing non-binary proof trace to '/tmp/conway99-direct-cell-lex-F4JSDT/proof.drat'
c 
c --- [ parsing input ] ------------------------------------------------------
c 
c reading DIMACS file from '/mnt/c/Users/ikuto/projects/conway-99-graph/acceleration/results/20260930_direct_cell_lex/standalone/instance.cnf'
c opening file to read '/mnt/c/Users/ikuto/projects/conway-99-graph/acceleration/results/20260930_direct_cell_lex/standalone/instance.cnf'
c found 'p cnf 23272 321684' header
c parsed 321684 clauses in 0.17 seconds process time
c 
c --- [ options ] ------------------------------------------------------------
c 
c   --binary=false                 (different from default 'true')
c 
c --- [ solving ] ------------------------------------------------------------
c 
c time measured in process time since initialization
c 
c  seconds  reductions  redundant  irredundant
c         MB    restarts       trail       variables
c          level   conflicts       glue         remaining
c 
c *  0.17 39  0 0   0    0    0  0% 0 321612 23200 100%
c {  0.17 40  0 0   0    0    0  0% 0 321612 23200 100%
c i  0.17 40  0 0   0    1    0  0% 0 321612 23199 100%
c i  0.17 40  0 0   0    2    0  0% 0 321612 23198 100%
c i  0.17 40  0 0   0    3    0  0% 0 321612 23197 100%
c i  0.17 40  0 0   0    4    0  0% 0 321612 23196 100%
c i  0.17 40  0 0   0    5    0  0% 0 321612 23195 100%
c i  0.17 40  1 0   0    6    0  0% 0 321612 23194 100%
c i  0.17 40  1 0   1    7    0  0% 0 321612 23193 100%
c i  0.17 40  1 0   1    8    0  0% 0 321612 23192 100%
c i  0.17 40  1 0   1    9    0  0% 0 321612 23191 100%
c i  0.17 40  1 0   2   10    0  0% 0 321612 23190 100%
c i  0.17 40  1 0   2   11    0  0% 0 321612 23189 100%
c i  0.17 40  1 0   2   12    0  0% 0 321612 23188 100%
c i  0.17 40  1 0   3   13    0  0% 0 321612 23187 100%
c i  0.17 40  1 0   3   14    0  0% 0 321612 23186 100%
c i  0.17 40  1 0   3   15    0  0% 0 321612 23185 100%
c i  0.17 40  1 0   4   16    0  0% 0 321612 23184 100%
c i  0.17 40  1 0   4   17    0  0% 0 321612 23183 100%
c i  0.17 40  1 0   4   18    0  0% 0 321612 23182 100%
c 
c  seconds  reductions  redundant  irredundant
c         MB    restarts       trail       variables
c          level   conflicts       glue         remaining
c 
c i  0.17 40  1 0   5   19    0  0% 0 321612 23181 100%
c i  0.17 40  1 0   5   20    0  0% 0 321612 23180 100%
c i  0.17 40  1 0   5   21    0  0% 0 321612 23179 100%
c i  0.17 40  1 0   6   22    0  0% 0 321612 23178 100%
c i  0.17 40  1 0   6   23    0  0% 0 321612 23177 100%
c i  0.17 40  1 0   6   24    0  0% 0 321612 23176 100%
c i  0.17 40  1 0   7   25    0  1% 0 321612 23175 100%
c i  0.17 40  1 0   7   26    0  1% 0 321612 23174 100%
c i  0.17 40  1 0   7   27    0  1% 0 321612 23173 100%
c i  0.17 40  1 0   8   28    0  1% 0 321612 23172 100%
c i  0.17 40  1 0   8   29    0  1% 0 321612 23171 100%
c i  0.17 40  1 0   8   30    0  1% 0 321612 23170 100%
c i  0.17 40  1 0   9   31    0  1% 0 321612 23169 100%
c i  0.17 40  1 0   9   32    0  1% 0 321612 23168 100%
c i  0.17 40  1 0   9   33    0  1% 0 321612 23167 100%
c i  0.17 40  1 0  10   34    0  1% 0 321612 23166 100%
c i  0.17 40  1 0  10   35    0  1% 0 321612 23165 100%
c i  0.17 40  1 0  10   36    0  1% 0 321612 23164 100%
c i  0.17 40  1 0  11   37    0  1% 0 321612 23163 100%
c i  0.17 40  1 0  11   38    0  1% 0 321612 23162 100%
c 
c  seconds  reductions  redundant  irredundant
c         MB    restarts       trail       variables
c          level   conflicts       glue         remaining
c 
c i  0.17 40  1 0  11   39    0  1% 0 321612 23161 100%
c i  0.17 40  1 0  12   40    0  1% 0 321612 23160 100%
c i  0.17 40  1 0  12   41    0  1% 0 321612 23159 100%
c i  0.17 40  1 0  12   42    0  1% 0 321612 23158 100%
c i  0.17 40  1 0  13   43    0  1% 0 321612 23157 100%
c i  0.17 40  1 0  13   44    0  1% 0 321612 23156 100%
c i  0.17 40  1 0  13   45    0  1% 0 321612 23155 99%
c i  0.17 40  1 0  14   46    0  1% 0 321612 23154 99%
c i  0.17 40  1 0  14   47    0  1% 0 321612 23153 99%
c i  0.17 40  1 0  14   48    0  1% 0 321612 23152 99%
c i  0.17 40  1 0  15   49    0  1% 0 321612 23151 99%
c i  0.17 40  1 0  15   50    0  1% 0 321612 23150 99%
c i  0.17 40  1 0  15   51    0  1% 0 321612 23149 99%
c i  0.17 40  1 0  16   52    0  1% 0 321612 23148 99%
c i  0.17 40  1 0  16   53    0  1% 0 321612 23147 99%
c i  0.17 40  1 0  16   54    0  1% 0 321612 23146 99%
c i  0.17 40  1 0  17   55    0  1% 0 321612 23145 99%
c i  0.17 40  1 0  17   56    0  1% 0 321612 23144 99%
c i  0.17 40  1 0  17   57    0  1% 0 321612 23143 99%
c i  0.17 40  1 0  18   58    0  1% 0 321612 23142 99%
c 
c  seconds  reductions  redundant  irredundant
c         MB    restarts       trail       variables
c          level   conflicts       glue         remaining
c 
c i  0.17 40  1 0  18   59    0  1% 0 321612 23141 99%
c i  0.17 40  1 0  18   60    0  1% 0 321612 23140 99%
c i  0.17 40  1 0  19   61    0  1% 0 321612 23139 99%
c i  0.17 40  1 0  19   62    0  1% 0 321612 23138 99%
c i  0.17 40  1 0  19   63    0  1% 0 321612 23137 99%
c i  0.17 40  1 0  20   64    0  1% 0 321612 23136 99%
c i  0.17 40  1 0  20   65    0  1% 0 321612 23135 99%
c i  0.17 40  1 0  20   66    0  1% 0 321612 23134 99%
c i  0.17 40  1 0  21   67    0  1% 0 321612 23133 99%
c i  0.17 40  1 0  21   68    0  1% 0 321612 23132 99%
c i  0.17 40  1 0  21   69    0  1% 0 321612 23131 99%
c i  0.17 40  1 0  22   70    0  1% 0 321612 23130 99%
c i  0.17 40  1 0  22   71    0  1% 0 321612 23129 99%
c i  0.17 40  1 0  22   72    0  1% 0 321612 23128 99%
c i  0.17 40  1 0  23   73    0  1% 0 321612 23127 99%
c i  0.17 40  1 0  23   74    0  1% 0 321612 23126 99%
c i  0.17 40  1 0  23   75    0  1% 0 321612 23125 99%
c i  0.17 40  1 0  24   76    0  1% 0 321612 23124 99%
c i  0.17 40  1 0  24   77    0  1% 0 321612 23123 99%
c i  0.17 40  1 0  24   78    0  1% 0 321612 23122 99%
c 
c  seconds  reductions  redundant  irredundant
c         MB    restarts       trail       variables
c          level   conflicts       glue         remaining
c 
c i  0.17 40  1 0  25   79    0  1% 0 321612 23121 99%
c i  0.17 40  1 0  25   80    0  1% 0 321612 23120 99%
c i  0.17 40  1 0  25   81    0  1% 0 321612 23119 99%
c i  0.17 40  1 0  26   82    0  1% 0 321612 23118 99%
c i  0.17 40  1 0  26   83    0  1% 0 321612 23117 99%
c i  0.17 40  1 0  26   84    0  1% 0 321612 23116 99%
c i  0.17 40  1 0  27   85    0  1% 0 321612 23115 99%
c i  0.17 40  1 0  27   86    0  1% 0 321612 23114 99%
c i  0.17 40  1 0  27   87    0  1% 0 321612 23113 99%
c i  0.17 40  1 0  28   88    0  1% 0 321612 23112 99%
c i  0.17 40  1 0  28   89    0  1% 0 321612 23111 99%
c i  0.17 40  1 0  28   90    0  1% 0 321612 23110 99%
c i  0.17 40  1 0  29   91    0  1% 0 321612 23109 99%
c i  0.17 40  1 0  29   92    0  1% 0 321612 23108 99%
c i  0.17 40  1 0  29   93    0  1% 0 321612 23107 99%
c i  0.17 40  1 0  30   94    0  1% 0 321612 23106 99%
c i  0.17 40  1 0  30   95    0  1% 0 321612 23105 99%
c i  0.17 40  1 0  30   96    0  1% 0 321612 23104 99%
c i  0.17 40  1 0  31   97    0  1% 0 321612 23103 99%
c i  0.17 40  1 0  31   98    0  1% 0 321612 23102 99%
c 
c  seconds  reductions  redundant  irredundant
c         MB    restarts       trail       variables
c          level   conflicts       glue         remaining
c 
c i  0.17 40  1 0  31   99    0  1% 0 321612 23101 99%
c i  0.17 40  1 0  32  100    0  1% 0 321612 23100 99%
c i  0.17 40  1 0  32  101    0  1% 0 321612 23099 99%
c i  0.17 40  1 0  32  102    0  1% 0 321612 23098 99%
c i  0.17 40  1 0  33  103    0  1% 0 321612 23097 99%
c i  0.17 40  1 0  33  104    0  1% 0 321612 23096 99%
c i  0.17 40  1 0  33  105    0  1% 0 321612 23095 99%
c i  0.17 40  1 0  34  106    0  1% 0 321612 23094 99%
c i  0.17 40  1 0  34  107    0  1% 0 321612 23093 99%
c i  0.17 40  1 0  34  108    0  1% 0 321612 23092 99%
c i  0.17 40  1 0  35  109    0  1% 0 321612 23091 99%
c i  0.17 40  1 0  35  110    0  1% 0 321612 23090 99%
c i  0.17 40  1 0  35  111    0  1% 0 321612 23089 99%
c i  0.17 40  1 0  36  112    0  1% 0 321612 23088 99%
c i  0.17 40  1 0  36  113    0  1% 0 321612 23087 99%
c i  0.17 40  1 0  36  114    0  1% 0 321612 23086 99%
c i  0.17 40  1 0  37  115    0  1% 0 321612 23085 99%
c i  0.17 40  1 0  37  116    0  1% 0 321612 23084 99%
c i  0.17 40  1 0  37  117    0  1% 0 321612 23083 99%
c i  0.17 40  1 0  38  118    0  1% 0 321612 23082 99%
c 
c  seconds  reductions  redundant  irredundant
c         MB    restarts       trail       variables
c          level   conflicts       glue         remaining
c 
c i  0.17 40  1 0  38  119    0  1% 0 321612 23081 99%
c i  0.17 40  1 0  38  120    0  1% 0 321612 23080 99%
c -  0.19 41 67 1  84  300   89  4% 7 320644 23080 99%
c }  0.20 41 30 1 248 1000  478  4% 11 320644 23080 99%
c [  0.20 41  0 1 248 1000  478  0% 0 320644 23080 99%
c O  0.20 41 23 1 248 1002  480  7% 3 320644 23080 99%
c -  0.23 55 52 2 248 1203  631 20% 9 320644 23080 99%
c -  0.30 55 48 3 249 2558 1566 19% 15 320644 23080 99%
c ]  0.32 55 47 3 249 3001 1990 19% 16 320644 23080 99%
c {  0.32 55 30 3 249 3001 1990  4% 11 320644 23080 99%
c F  0.32 55 30 3 250 3003 1992  4% 11 320644 23080 99%
c -  0.37 55 42 4 287 4366 2533 10% 10 320644 23080 99%
c 3  0.41 55 44 4 312 5000 3616 11% 10 319060 23044 99%
c 3  0.41 55 44 4 312 5000 3706 11% 10 319060 23044 99%
c 2  0.43 55 44 4 312 5000 3706 11% 10 319060 23008 99%
c p  0.49 55 44 4 312 5000 21684 11% 10 319060 22778 98%
c #  0.53 55 44 4 346 6004 22641 13% 9 319060 22778 98%
c -  0.57 56 44 5 368 6626 4349 14% 9 317098 22778 98%
c }  0.59 56 44 5 381 7005 4707 14% 9 317098 22778 98%
c [  0.59 56 47 5 381 7005 4707 19% 16 317098 22778 98%
c 
c  seconds  reductions  redundant   irredundant
c         MB    restarts       trail        variables
c          level   conflicts       glue          remaining
c 
c s  0.63 64 50 5 382 7587 5235 19% 15 316508 22778 98%
c v  0.68 64 50 5 382 7587 5235 19% 15 315302 22778 98%
c w  0.69 64 50 5 382 7587 5233 19% 15 315302 22778 98%
c t  0.70 64 50 5 382 7587 5229 19% 15 315248 22777 98%
c e  0.79 64 50 5 382 7587 4392 19% 15 283908 19611 84%
c s  0.81 64 50 5 382 7587 4390 19% 15 283816 19611 84%
c e  0.83 64 50 5 382 7587 4390 19% 15 283434 19593 84%
c -  0.96 71 47 6 383 9329 4418 24% 14 283434 19593 84%
c I  0.98 71 46 6 383 10007 5036 22% 14 283434 19593 84%
c -  1.03 71 37 7 385 12379 5073 14% 12 283434 19593 84%
c 3  1.10 71 33 7 386 15000 11355 12% 12 281159 19593 84%
c 3  1.11 71 33 7 386 15000 12638 12% 12 281159 19593 84%
c 2  1.12 71 33 7 386 15000 12622 12% 12 281159 19592 84%
c p  1.19 71 33 7 386 15000 21091 12% 12 281159 19590 84%
c ]  1.20 71 33 7 386 15005 21094 12% 12 281159 19590 84%
c {  1.20 71 44 7 386 15005 21094 17% 9 281159 19590 84%
c B  1.20 71 44 7 387 15008 21097 17% 9 281159 19590 84%
c -  1.24 71 44 8 427 15865 6279 17% 9 281142 19590 84%
c -  1.32 71 35 9 574 19777 6864 14% 9 281142 19590 84%
c W  1.38 71 36 9 631 21009 8020 14% 9 281142 19590 84%
c 
c  seconds  reductions   redundant  irredundant
c         MB    restarts        trail       variables
c          level    conflicts       glue         remaining
c 
c s  1.47 71 35 9 710 23006 9819 14% 9 280115 19590 84%
c v  1.52 71 35 9 710 23006 9819 14% 9 280045 19590 84%
c w  1.53 71 35 9 710 23006 9816 14% 9 280045 19590 84%
c t  1.54 71 35 9 710 23006 9816 14% 9 280040 19587 84%
c e  1.57 71 35 9 710 23006 9794 14% 9 278752 19209 83%
c ^  1.58 71 35 9 710 23006 9794 14% 9 278752 19209 83%
c -  1.63 71 35 10 733 24124 8216 14% 9 278752 19209 83%
c F  1.69 71 31 10 879 28010 11533 13% 9 278752 19209 83%
c -  1.72 75 31 11 894 28896 9111 13% 8 278752 19209 83%
c 3  1.77 75 30 11 897 30000 14260 12% 8 276992 19209 83%
c 3  1.78 75 30 11 897 30000 15497 12% 8 276992 19209 83%
c p  1.87 75 30 11 897 30000 28357 12% 8 276992 19178 82%
c i  1.89 75 29 11 897 30434 28650 12% 8 276992 19177 82%
c }  1.90 75 29 11 898 31006 29078 12% 8 276992 19177 82%
c [  1.90 75 33 11 898 31006 29078 12% 12 276992 19177 82%
c -  2.06 75 34 12 899 34098 10872 16% 12 276695 19177 82%
c B  2.16 75 35 12 901 36013 12672 18% 13 276695 19177 82%
c -  2.40 75 36 13 903 39722 11822 21% 14 276695 19177 82%
c W  2.82 75 36 13 905 45014 16620 24% 16 276695 19177 82%
c -  2.90 77 36 14 905 45778 12597 24% 16 276695 19177 82%
c 
c  seconds  reductions     redundant   irredundant
c         MB     restarts         trail        variables
c          level     conflicts        glue          remaining
c 
c v  2.99 77 37 14 906 46164 12956 24% 16 276222 19177 82%
c w  3.00 77 37 14 906 46164 12956 24% 16 276222 19177 82%
c t  3.01 77 37 14 906 46164 12955 24% 16 276179 19177 82%
c e  3.07 77 37 14 906 46164 11220 24% 16 275927 18519 80%
c s  3.08 77 37 14 906 46164 11198 24% 16 274178 18519 80%
c e  3.10 77 37 14 906 46164 11177 24% 16 274174 18433 79%
c 3  3.39 77 38 14 906 50000 17034 25% 18 274157 18433 79%
c 3  3.40 77 38 14 906 50000 17840 25% 18 274156 18433 79%
c 2  3.41 77 38 14 906 50000 17836 25% 18 274156 18433 79%
c p  3.50 77 38 14 906 50000 35795 25% 18 274156 18426 79%
c -  3.70 77 38 15 906 52269 13603 26% 18 274089 18426 79%
c O  3.93 77 38 15 907 55017 16093 26% 19 274089 18426 79%
c -  4.24 77 41 16 910 59170 14827 27% 20 274089 18426 79%
c ]  4.51 77 42 16 913 63006 18369 27% 21 274089 18426 79%
c {  4.51 77 29 16 913 63006 18369 12% 8 274089 18426 79%
c B  4.58 77 28 16 1146 66019 20960 11% 8 274089 18426 79%
c -  4.61 77 28 17 1161 66503 15261 11% 8 274089 18426 79%
c -  4.79 77 26 18 1450 74269 15241 11% 8 274089 18426 79%
c 3  4.82 77 25 18 1450 75000 16460 11% 8 274089 18426 79%
c 3  4.82 77 25 18 1450 75000 16882 11% 8 274089 18426 79%
c 
c  seconds  reductions      redundant  irredundant
c         MB     restarts          trail       variables
c          level      conflicts        glue         remaining
c 
c p  4.92 77 25 18 1450 75000 35647 11% 8 274089 18418 79%
c s  5.02 77 24 18 1505 77322 36569 10% 8 271919 18418 79%
c v  5.08 77 24 18 1505 77322 36569 10% 8 271793 18418 79%
c w  5.10 77 24 18 1505 77322 36560 10% 8 271793 18418 79%
c t  5.10 77 24 18 1505 77322 36553 10% 8 271729 18418 79%
c e  5.12 77 24 18 1505 77322 33901 10% 8 271648 18233 78%
c s  5.15 77 24 18 1505 77322 33791 10% 8 271060 18233 78%
c e  5.16 77 24 18 1505 77322 33192 10% 8 271066 18204 78%
c W  5.28 77 24 18 1533 78020 33450 10% 8 271066 18204 78%
c i  5.28 77 24 18 1533 78427 33719 10% 8 271066 18191 78%
c -  5.40 77 24 19 1623 82466 16727 10% 7 270189 18191 78%
c i  5.55 77 23 19 1892 89135 22126 10% 7 270189 18175 78%
c #  5.59 77 23 19 1969 91021 23641 10% 7 270189 18175 78%
c -  5.61 51 23 20 1979 91058 17884 10% 7 269266 18175 78%
c i  5.75 51 22 20 2275 96627 22012 10% 7 269266 18164 78%
c -  5.85 64 22 21 2389 100068 19335 10% 7 268400 18164 78%
c d  5.98 64 21 21 2582 105000 23084 10% 7 268378 18155 78%
c 3  6.00 64 21 21 2582 105000 24782 10% 7 268377 18155 78%
c 3  6.01 64 21 21 2582 105000 25130 10% 7 268377 18155 78%
c 2  6.02 64 21 21 2582 105000 25126 10% 7 268377 18155 78%
c 
c  seconds  reductions       redundant  irredundant
c         MB     restarts           trail       variables
c          level      conflicts         glue         remaining
c 
c p  6.11 64 21 21 2582 105000 41680 10% 7 268377 18147 78%
c B  6.13 64 21 21 2582 105026 41700 10% 7 268377 18147 78%
c -  6.29 74 21 22 2985 109498 21732 10% 7 268319 18147 78%
c s  6.50 74 20 22 3332 116288 26636 10% 7 268063 18147 78%
c v  6.55 74 20 22 3332 116288 26636 10% 7 267809 18147 78%
c w  6.56 74 20 22 3332 116288 26625 10% 7 267809 18147 78%
c t  6.56 74 20 22 3332 116288 26612 10% 7 267763 18147 78%
c e  6.58 74 20 22 3332 116288 26109 10% 7 267789 17966 77%
c s  6.60 74 20 22 3332 116288 26042 10% 7 267665 17966 77%
c e  6.61 74 20 22 3332 116288 25927 10% 7 267660 17962 77%
c -  6.75 74 20 23 3587 119355 22590 10% 7 267660 17962 77%
c W  6.88 74 20 23 3690 120027 23145 10% 7 267660 17962 77%
c i  7.10 74 20 23 4262 126570 28276 10% 7 267660 17948 77%
c }  7.13 74 20 23 4331 127006 28676 10% 7 267660 17948 77%
c [  7.13 74 42 23 4331 127006 28676 27% 21 267660 17948 77%
c -  7.32 74 42 24 4331 129633 24746 27% 20 266755 17948 77%
c B  7.79 74 41 24 4335 136028 30922 28% 19 266755 17948 77%
c d  8.11 74 41 24 4338 140000 34656 29% 20 266753 17947 77%
c 3  8.13 74 41 24 4338 140000 35980 29% 20 266753 17947 77%
c 3  8.14 74 41 24 4338 140000 36351 29% 20 266753 17947 77%
c 
c  seconds  reductions       redundant   irredundant
c         MB     restarts           trail        variables
c          level      conflicts         glue          remaining
c 
c 2  8.15 74 41 24 4338 140000 36348 29% 20 266753 17947 77%
c p  8.25 74 41 24 4338 140000 45553 29% 20 266753 17937 77%
c -  8.33 53 41 25 4338 140328 27413 29% 20 265898 17937 77%
c -  9.34 56 40 26 4339 151441 27440 30% 20 265898 17937 77%
c W  9.67 56 40 26 4340 153029 28947 30% 20 265898 17937 77%
c - 10.61 56 38 27 4340 162981 28646 30% 19 265898 17937 77%
c s 10.65 59 38 27 4340 163059 28557 30% 19 265824 17937 77%
c v 10.70 59 38 27 4340 163059 28557 30% 19 265468 17937 77%
c w 10.72 59 38 27 4340 163059 28549 30% 19 265468 17937 77%
c t 10.72 59 38 27 4340 163059 28544 30% 19 265366 17937 77%
c e 10.74 59 38 27 4340 163059 27351 30% 19 265349 17894 77%
c s 10.75 59 38 27 4340 163059 27303 30% 19 265282 17894 77%
c I 11.54 59 38 27 4343 171032 34691 30% 20 265282 17894 77%
c - 11.85 73 39 28 4346 174948 29511 30% 20 265282 17894 77%
c d 12.20 73 38 28 4347 180001 34304 30% 20 265273 17893 77%
c 3 12.21 73 38 28 4347 180001 35181 30% 20 265273 17893 77%
c 3 12.21 73 38 28 4347 180001 35481 30% 20 265273 17893 77%
c p 12.33 73 38 28 4347 180001 48260 30% 20 265273 17885 77%
c d 12.34 73 38 28 4347 180001 48193 30% 20 265215 17884 77%
c - 12.83 60 38 29 4353 187335 31456 29% 19 265215 17884 77%
c 
c  seconds  reductions       redundant   irredundant
c         MB     restarts           trail        variables
c          level      conflicts         glue          remaining
c 
c B 13.02 60 38 29 4354 190037 33958 29% 19 265215 17884 77%
c - 13.89 74 40 30 4355 200147 32044 29% 21 265215 17884 77%
c W 15.08 74 41 30 4362 210038 41128 30% 22 265215 17884 77%
c - 15.46 60 41 31 4362 213391 32831 30% 22 265215 17884 77%
c s 15.90 61 41 31 4365 217519 36506 30% 22 265193 17884 77%
c v 15.96 61 41 31 4365 217519 36506 30% 22 264709 17884 77%
c w 15.98 61 41 31 4365 217519 36503 30% 22 264709 17884 77%
c t 15.98 61 41 31 4365 217519 36503 30% 22 264699 17884 77%
c e 16.00 61 41 31 4365 217519 36474 30% 22 264672 17870 77%
c s 16.01 61 41 31 4365 217519 36462 30% 22 264667 17870 77%
c 3 16.74 61 41 31 4369 225002 44126 30% 22 264667 17870 77%
c 3 16.75 61 41 31 4369 225002 44450 30% 22 264667 17870 77%
c p 16.88 61 41 31 4369 225002 56910 30% 22 264667 17868 77%
c - 17.15 76 41 32 4370 227058 34988 30% 22 264653 17868 77%
c O 17.50 76 40 32 4370 231042 38817 30% 22 264653 17868 77%
c - 18.24 61 40 33 4371 241142 35051 29% 22 264653 17868 77%
c B 19.25 61 38 33 4372 253044 46040 29% 21 264653 17868 77%
c ] 19.42 61 38 33 4372 255007 47935 29% 21 264653 17868 77%
c { 19.42 61 20 33 4372 255007 47935 10% 7 264653 17868 77%
c - 19.47 71 20 34 4450 255655 36310 10% 7 264653 17868 77%
c 
c  seconds  reductions       redundant  irredundant
c         MB     restarts           trail       variables
c          level      conflicts         glue         remaining
c 
c i 19.54 71 20 34 4598 257682 37782 10% 7 264653 17853 77%
c i 19.56 71 20 34 4648 257995 38042 10% 7 264653 17840 77%
c i 19.56 71 20 34 4685 258156 38142 10% 7 264653 17839 77%
c i 19.79 71 20 34 5212 263620 42879 10% 7 264653 17824 77%
c - 20.17 71 21 35 6388 270593 35202 11% 7 262423 17824 77%
c d 20.42 71 21 35 7075 275004 39080 11% 7 262410 17818 77%
c 3 20.44 71 21 35 7075 275004 40419 11% 7 262410 17818 77%
c 3 20.44 71 21 35 7075 275004 40783 11% 7 262410 17818 77%
c 2 20.46 71 21 35 7075 275004 40782 11% 7 262410 17818 77%
c p 20.56 71 21 35 7075 275004 53572 11% 7 262410 17807 77%
c d 20.57 71 21 35 7075 275004 53279 11% 7 262293 17806 77%
c F 20.63 71 21 35 7278 276045 54181 11% 7 262293 17806 77%
c s 20.87 71 21 35 7942 279737 56508 11% 8 262149 17806 77%
c v 20.93 71 21 35 7942 279737 56508 11% 8 262070 17806 77%
c w 20.95 71 21 35 7942 279737 56487 11% 8 262070 17793 76%
c t 20.96 71 21 35 7942 279737 56478 11% 8 262063 17793 76%
c e 20.98 71 21 35 7942 279737 53940 11% 8 261147 17698 76%
c s 21.01 71 21 35 7942 279737 53774 11% 8 261031 17698 76%
c e 21.03 71 21 35 7942 279737 53516 11% 8 261018 17683 76%
c - 21.30 71 21 36 9386 285918 36971 11% 8 261018 17683 76%
c 
c  seconds  reductions        redundant  irredundant
c         MB      restarts           trail       variables
c          level       conflicts         glue         remaining
c 
c i 21.81 71 21 36 11607 297618 46527 11% 8 261018 17672 76%
c B 21.94 71 21 36 11852 300049 48754 11% 8 261018 17672 76%
c - 22.06 77 21 37 12138 301645 38876 11% 8 260325 17672 76%
c - 22.82 77 21 38 14691 317781 41368 11% 8 260325 17672 76%
c W 23.52 77 21 38 15643 325050 47650 11% 9 260325 17672 76%
c d 23.81 77 22 38 16513 330005 51815 11% 9 260321 17671 76%
c 3 23.82 77 22 38 16513 330005 53647 11% 9 260321 17671 76%
c 3 23.83 77 22 38 16513 330005 54117 11% 9 260321 17671 76%
c 2 23.85 77 22 38 16513 330005 54116 11% 9 260321 17671 76%
c p 23.96 77 22 38 16513 330005 66491 11% 9 260321 17667 76%
c - 24.30 77 22 39 17345 334342 44285 11% 9 260281 17667 76%
c s 24.95 77 21 39 19757 349647 56326 11% 9 260159 17667 76%
c v 25.00 77 21 39 19757 349647 56326 11% 9 259621 17667 76%
c w 25.03 77 21 39 19757 349647 56306 11% 9 259621 17667 76%
c t 25.03 77 21 39 19757 349647 56300 11% 9 259607 17667 76%
c e 25.04 77 21 39 19757 349647 56052 11% 9 259558 17636 76%
c s 25.06 77 21 39 19757 349647 55923 11% 9 259529 17636 76%
c e 25.07 77 21 39 19757 349647 55923 11% 9 259529 17635 76%
c # 25.14 77 21 39 19923 351051 57096 11% 9 259529 17635 76%
c - 25.17 78 21 40 19929 351328 44039 11% 9 259529 17635 76%
c 
c  seconds  reductions        redundant  irredundant
c         MB      restarts           trail       variables
c          level       conflicts         glue         remaining
c 
c - 25.90 78 21 41 21982 368722 45017 11% 9 259529 17635 76%
c B 26.27 78 20 41 23319 378052 52298 11% 9 259529 17635 76%
c - 26.56 78 20 42 23947 386540 45967 11% 9 259529 17635 76%
c 3 26.66 78 20 42 24024 390005 50327 11% 9 259529 17635 76%
c 2 26.69 78 20 42 24024 390005 50756 11% 9 259529 17635 76%
c p 26.79 78 20 42 24024 390005 62681 11% 9 259529 17634 76%
c d 26.80 78 20 42 24024 390005 62637 11% 9 259518 17633 76%
c - 27.49 79 20 43 26203 404783 48388 10% 9 259518 17633 76%
c W 27.94 79 20 43 26220 406054 49436 10% 9 259518 17633 76%
c - 28.78 79 20 44 28026 423450 50519 12% 9 259518 17633 76%
c s 28.92 79 20 44 28253 427235 53245 11% 9 259471 17633 76%
c v 28.97 79 20 44 28253 427235 53245 11% 9 259194 17633 76%
c w 28.99 79 20 44 28253 427235 53234 11% 9 259194 17633 76%
c t 28.99 79 20 44 28253 427235 53234 11% 9 259180 17633 76%
c e 29.01 79 20 44 28253 427235 52884 11% 9 259180 17627 76%
c s 29.02 79 20 44 28253 427235 52858 11% 9 259161 17627 76%
c F 29.43 79 20 44 29189 435055 59168 12% 9 259161 17627 76%
c - 29.80 79 20 45 29950 442541 51626 12% 9 259161 17627 76%
c 3 30.42 79 20 45 31868 455005 63417 11% 10 259161 17627 76%
c 3 30.43 79 20 45 31868 455005 63843 11% 10 259161 17627 76%
c 
c  seconds  reductions        redundant   irredundant
c         MB      restarts           trail        variables
c          level       conflicts         glue          remaining
c 
c p 30.56 79 20 45 31868 455005 75937 11% 10 259161 17622 76%
c - 30.93 79 20 46 32388 462048 53757 11% 10 259117 17622 76%
c B 31.05 79 20 46 32721 465057 56057 11% 10 259117 17622 76%
c - 31.69 79 19 47 34256 481978 54372 11% 10 259117 17622 76%
c W 32.69 79 19 47 35676 496059 65039 10% 10 259117 17622 76%
c - 32.92 79 19 48 36159 502332 54331 10% 10 259117 17622 76%
c } 33.15 79 18 48 36519 511009 60838 10% 9 259117 17622 76%
c [ 33.15 79 38 48 36519 511009 60838 32% 21 259117 17622 76%
c s 33.26 79 38 48 36519 512552 62115 32% 21 259104 17622 76%
c w 33.34 79 38 48 36519 512552 62109 32% 21 259104 17622 76%
c t 33.35 79 38 48 36519 512552 62109 32% 21 259102 17622 76%
c e 33.36 79 38 48 36519 512552 62101 32% 21 259090 17611 76%
c s 33.38 79 38 48 36519 512552 62075 32% 21 259082 17611 76%
c - 34.40 79 37 49 36519 523111 56624 32% 21 259081 17611 76%
c 3 34.62 79 37 49 36519 525007 59899 32% 21 259081 17611 76%
c 3 34.63 79 37 49 36519 525007 60334 32% 21 259081 17611 76%
c p 34.74 79 37 49 36519 525007 72525 32% 21 259081 17611 76%
c W 35.61 79 37 49 36519 528060 75323 32% 21 259081 17611 76%
c - 37.22 57 37 50 36522 544313 61191 32% 21 259081 17611 76%
c I 38.96 57 36 50 36532 561062 76576 32% 21 259081 17611 76%
c 
c  seconds  reductions        redundant   irredundant
c         MB      restarts           trail        variables
c          level       conflicts         glue          remaining
c 
c - 39.36 59 36 51 36534 565940 60824 32% 21 259081 17611 76%
c - 41.32 59 36 52 36543 587989 60721 31% 21 259081 17611 76%
c B 41.93 59 36 52 36548 595063 67187 31% 21 259081 17611 76%
c 3 42.44 59 36 52 36549 600007 72806 31% 21 259081 17611 76%
c 3 42.45 59 36 52 36549 600007 73378 31% 21 259081 17611 76%
c p 42.58 59 36 52 36549 600007 84809 31% 21 259081 17611 76%
c s 43.24 62 36 52 36549 605647 89641 31% 21 259072 17611 76%
c w 43.36 62 36 52 36549 605647 89624 31% 21 259072 17611 76%
c t 43.36 62 36 52 36549 605647 89622 31% 21 259070 17611 76%
c e 43.38 62 36 52 36549 605647 89544 31% 21 259064 17606 76%
c s 43.41 62 36 52 36549 605647 89500 31% 21 259052 17606 76%
c - 43.99 75 36 53 36550 610462 62437 31% 21 259052 17606 76%
c W 46.74 75 35 53 36556 630064 80415 31% 21 259052 17606 76%
c - 47.15 57 35 54 36557 633358 64293 30% 21 259052 17606 76%
c - 49.28 59 34 55 36565 656680 65107 30% 21 259052 17606 76%
c O 50.25 59 34 55 36572 666066 73862 30% 21 259052 17606 76%
c 3 51.39 59 33 55 36579 680007 88476 30% 20 259052 17606 76%
c p 51.53 59 33 55 36579 680007 99510 30% 20 259052 17606 76%
c - 51.62 76 33 56 36579 680424 66791 30% 20 259052 17606 76%
c B 53.93 76 31 56 36581 703067 87022 30% 19 259052 17606 76%
c 
c  seconds  reductions        redundant   irredundant
c         MB      restarts           trail        variables
c          level       conflicts         glue          remaining
c 
c - 54.12 76 32 57 36581 704593 66760 30% 19 259052 17606 76%
c s 54.37 76 32 57 36581 706508 68543 30% 20 259051 17606 76%
c w 54.48 76 32 57 36581 706508 68530 30% 20 259051 17606 76%
c t 54.48 76 32 57 36581 706508 68530 30% 20 259045 17606 76%
c e 54.49 76 32 57 36581 706508 68530 30% 20 259045 17605 76%
c s 54.53 76 32 57 36581 706508 68514 30% 20 259039 17605 76%
c - 56.86 76 32 58 36582 729185 67368 30% 20 259039 17605 76%
c 
c caught signal 15 (SIGTERM)
c 
c --- [ result ] -------------------------------------------------------------
c 
c UNKNOWN
c 
c --- [ run-time profiling ] -------------------------------------------------
c 
c process time taken by individual solving procedures
c (percentage relative to process time for solving)
c 
c        53.60   92.05% search
c        36.51   62.71% stable
c        13.71   23.55% unstable
c         4.63    7.95% simplify
c         3.37    5.79% walk
c         1.54    2.64% probe
c         0.90    1.55% vivify
c         0.74    1.27% subsume
c         0.48    0.82% elim
c         0.42    0.71% ternary
c         0.17    0.29% parse
c         0.00    0.00% lucky
c   =================================
c        58.23   99.71% solve
c 
c last line shows process time for solving
c (percentage relative to total process time)
c 
c --- [ statistics ] ---------------------------------------------------------
c 
c chronological:            154379        20.83 %  of conflicts
c conflicts:                741068     12726.57    per second
c decisions:               1472282     25283.91    per second
c eliminated:                 4332        18.61 %  of all variables
c fixed:                      1278         5.49 %  of all variables
c learned:                  726239        98.00 %  per conflict
c learned_lits:           46594859       100.00 %  learned literals
c minimized:                     0         0.00 %  learned literals
c shrunken:               15311797        32.86 %  learned literals
c minishrunken:            6344686        13.62 %  learned literals
c otfs:                       6625         0.89 %  of conflict
c propagations:          489019770         8.40 M  per second
c reduced:                  557093        75.17 %  per conflict
c rephased:                     38     19501.79    interval
c restarts:                  36583        20.26    interval
c stabilizing:                   5        53.98 %  of conflicts
c substituted:                  57         0.24 %  of all variables
c subsumed:                 109151         8.02 %  of all clauses
c strengthened:              66708         4.90 %  of all clauses
c ternary:                   42800         0.28 %  of resolved
c trail reuses:                  0         0.00 %  of incremental calls
c vivified:                   4290         0.32 %  of all clauses
c walked:                       12     61755.67    interval
c weakened:                  23730         3.44    average size
c 
c seconds are measured in process time for solving
c 
c --- [ resources ] ----------------------------------------------------------
c 
c total process time since initialization:        58.40    seconds
c total real time since initialization:           59.99    seconds
c maximum resident set size of process:           96.04    MB
c 
c raising signal 15 (SIGTERM)
