c --- [ banner ] -------------------------------------------------------------
c 
c CaDiCaL SAT Solver
c Copyright (c) 2016-2023 A. Biere, M. Fleury, N. Froleyks, K. Fazekas, F. Pollitt
c 
c Version 1.9.5 146207318796f094dcded87349a64f0c6927309e
c g++ (Ubuntu 13.3.0-6ubuntu2~24.04.1) 13.3.0 -Wall -Wextra -O3 -DNDEBUG
c Wed Sep 30 06:02:32 JST 2026 Linux ikutoPC 6.6.87.2-microsoft-standard-WSL2 x86_64
c 
c --- [ limit ] --------------------------------------------------------------
c 
c setting conflict limit to 1000000 conflicts (due to '1000000')
c 
c --- [ proof tracing ] ------------------------------------------------------
c 
c opening file to write '/tmp/conway99-exact-eight-0141-khNFAp/proof.drat'
c writing non-binary proof trace to '/tmp/conway99-exact-eight-0141-khNFAp/proof.drat'
c 
c --- [ parsing input ] ------------------------------------------------------
c 
c reading DIMACS file from '/mnt/c/Users/ikuto/projects/conway-99-graph/acceleration/results/20261001_exact_eight_prefix64_batch02_cnfs_part02/case_0141/instance.cnf'
c opening file to read '/mnt/c/Users/ikuto/projects/conway-99-graph/acceleration/results/20261001_exact_eight_prefix64_batch02_cnfs_part02/case_0141/instance.cnf'
c found 'p cnf 9748 167416' header
c parsed 167416 clauses in 0.06 seconds process time
c 
c --- [ options ] ------------------------------------------------------------
c 
c   --binary=false                 (different from default 'true')
c 
c --- [ solving ] ------------------------------------------------------------
c 
c time measured in process time since initialization
c 
c  seconds  reductions  redundant  irredundant
c         MB    restarts       trail      variables
c          level   conflicts       glue        remaining
c 
c *  0.06 17  0 0   0    0    0  0% 0 117462 6820 70%
c {  0.06 18  0 0   0    0    0  0% 0 117462 6820 70%
c i  0.06 18 26 0   1   56   35 45% 5 117462 6819 70%
c i  0.06 18 15 0   4  179  116 53% 4 117462 6818 70%
c -  0.07 19 30 1  10  300  107 53% 5 117248 6818 70%
c i  0.08 19 28 1  33  419  188 53% 6 117248 6817 70%
c i  0.08 19 28 1  35  431  198 53% 6 117248 6816 70%
c i  0.08 19 27 1  40  460  215 53% 6 117248 6815 70%
c i  0.08 19 27 1  40  461  215 52% 6 117248 6814 70%
c i  0.08 19 27 1  41  462  215 52% 6 117248 6813 70%
c i  0.08 19 27 1  42  469  220 52% 6 117248 6812 70%
c i  0.08 19 25 1  46  523  252 52% 6 117248 6811 70%
c i  0.08 19 25 1  46  525  253 52% 6 117248 6810 70%
c i  0.08 19 25 1  46  526  253 52% 6 117248 6809 70%
c i  0.08 19 25 1  46  527  253 52% 6 117248 6808 70%
c i  0.08 19 25 1  46  528  253 52% 6 117248 6806 70%
c i  0.08 19 25 1  46  529  253 52% 6 117248 6805 70%
c i  0.08 19 25 1  46  530  253 52% 6 117248 6804 70%
c i  0.08 19 24 1  46  549  268 52% 6 117248 6803 70%
c i  0.08 19 24 1  46  555  268 52% 6 117248 6801 70%
c 
c  seconds  reductions  redundant  irredundant
c         MB    restarts       trail      variables
c          level   conflicts       glue        remaining
c 
c i  0.08 19 24 1  46  559  271 52% 6 117248 6800 70%
c i  0.08 19 24 1  46  560  271 52% 6 117248 6799 70%
c i  0.09 19 24 1  48  711  371 53% 6 117248 6798 70%
c i  0.10 19 22 1  58  927  521 53% 6 117248 6797 70%
c i  0.10 19 22 1  58  933  525 53% 6 117248 6794 70%
c -  0.11 23 21 2  58  942  314 53% 6 116283 6794 70%
c }  0.11 23 22 2  62 1000  355 54% 6 116283 6794 70%
c [  0.11 23  0 2  62 1000  355  0% 0 116283 6794 70%
c O  0.11 23 26 2  62 1002  357 54% 1 116283 6794 70%
c i  0.11 23  7 2  62 1009  362 57% 1 116283 6793 70%
c i  0.12 23 26 2  62 1164  482 52% 8 116283 6792 70%
c -  0.16 25 25 3  62 1907  948 50% 11 116189 6792 70%
c i  0.16 25 24 3  62 1989 1012 50% 11 116189 6791 70%
c i  0.17 25 24 3  62 2031 1043 50% 11 116189 6790 70%
c i  0.17 25 23 3  62 2039 1046 50% 11 116189 6789 70%
c i  0.17 25 23 3  62 2066 1055 50% 10 116189 5906 61%
c ]  0.18 22 23 3  63 2117  379 21% 10 89974 4791 49%
c 0  0.18 22 23 3  63 2117  379 21% 10 89974 4791 49%
c 
c --- [ closing proof ] ------------------------------------------------------
c 
c DRAT proof file '/tmp/conway99-exact-eight-0141-khNFAp/proof.drat' closed
c DRAT 10403 added clauses 11.20%
c DRAT 82508 deleted clauses 88.80%
c DRAT 2570354 bytes (2.45 MB)
c 
c --- [ result ] -------------------------------------------------------------
c 
s UNSATISFIABLE
c 
c --- [ run-time profiling ] -------------------------------------------------
c 
c process time taken by individual solving procedures
c (percentage relative to process time for solving)
c 
c         0.12   99.55% search
c         0.07   54.87% stable
c         0.06   44.88% parse
c         0.05   43.57% unstable
c         0.00    1.06% lucky
c         0.00    0.00% simplify
c   =================================
c         0.12   68.80% solve
c 
c last line shows process time for solving
c (percentage relative to total process time)
c 
c --- [ statistics ] ---------------------------------------------------------
c 
c chronological:               921        43.50 %  of conflicts
c conflicts:                  2117     17112.46    per second
c decisions:                  6484     52412.48    per second
c fixed:                      4957        50.85 %  of all variables
c learned:                    1898        89.66 %  per conflict
c learned_lits:             114899       100.00 %  learned literals
c minimized:                     0         0.00 %  learned literals
c shrunken:                  53717        46.75 %  learned literals
c minishrunken:              10911         9.50 %  learned literals
c otfs:                         24         1.13 %  of conflict
c propagations:            1153945         9.33 M  per second
c reduced:                      56         2.65 %  per conflict
c rephased:                      1      2117.00    interval
c restarts:                     63        33.60    interval
c stabilizing:                   1        52.76 %  of conflicts
c subsumed:                    424         0.36 %  of all clauses
c strengthened:                 24         0.02 %  of all clauses
c trail reuses:                  0         0.00 %  of incremental calls
c 
c seconds are measured in process time for solving
c 
c --- [ resources ] ----------------------------------------------------------
c 
c total process time since initialization:         0.18    seconds
c total real time since initialization:            0.82    seconds
c maximum resident set size of process:           28.38    MB
c 
c --- [ shutting down ] ------------------------------------------------------
c 
c exit 20
