Running HiGHS 1.15.1 (git hash: 04024d7): Copyright (c) 2026 under MIT licence terms
Includes third-party software components, see THIRD_PARTY_NOTICES.md for full details
MIP has 1 row; 1 col; 1 nonzero; 1 integer variable (1 binary)
Coefficient ranges:
  Matrix  [1e+00, 1e+00]
  Cost    [0e+00, 0e+00]
  Bound   [1e+00, 1e+00]
  RHS     [2e+00, 2e+00]
Presolving model
Presolve: Infeasible

Src: B => Branching; C => Central rounding; F => Feasibility pump; H => Heuristic;
     I => Shifting; J => Feasibility jump; L => Sub-MIP; P => Empty MIP; R => Randomized rounding;
     S => Solve LP; T => Evaluate node; U => Unbounded; X => User solution; Y => HiGHS solution;
     Z => ZI Round; l => Trivial lower; p => Trivial point; u => Trivial upper; z => Trivial zero

        Nodes      |    B&B Tree     |            Objective Bounds              |  Dynamic Constraints |       Work      
Src  Proc. InQueue |  Leaves   Expl. | BestBound       BestSol              Gap |   Cuts   InLp Confl. | LpIters     Time

         0       0         0   0.00%   -inf            inf                  inf        0      0      0         0     0.0s

Solving report
  Status            Infeasible
  Primal bound      inf
  Dual bound        -inf
  Gap               inf
  P-D integral      0
  Solution status   -
  Timing            0.00
                    0.00 (Presolve)
                    0.00 (Solve)
                    0.00 (Postsolve)
  Max sub-MIP depth 0
  Nodes             0
  Repair LPs        0
  LP iterations     0
