c --- [ banner ] -------------------------------------------------------------
c 
c CaDiCaL SAT Solver
c Copyright (c) 2016-2023 A. Biere, M. Fleury, N. Froleyks, K. Fazekas, F. Pollitt
c 
c Version 1.9.5 146207318796f094dcded87349a64f0c6927309e
c g++ (Ubuntu 13.3.0-6ubuntu2~24.04.1) 13.3.0 -Wall -Wextra -O3 -DNDEBUG
c Wed Sep 30 06:02:32 JST 2026 Linux ikutoPC 6.6.87.2-microsoft-standard-WSL2 x86_64
c 
c --- [ limit ] --------------------------------------------------------------
c 
c setting conflict limit to 1000000 conflicts (due to '1000000')
c 
c --- [ proof tracing ] ------------------------------------------------------
c 
c opening file to write '/tmp/conway99-seven-profile-rank5_126_profile_0004-2nrb3g/proof.drat'
c writing non-binary proof trace to '/tmp/conway99-seven-profile-rank5_126_profile_0004-2nrb3g/proof.drat'
c 
c --- [ parsing input ] ------------------------------------------------------
c 
c reading DIMACS file from '/mnt/c/Users/ikuto/projects/conway-99-graph/acceleration/results/20260930_hadamard_seven_remaining_cnfs/run01/rank5_126_profile_0004/instance.cnf'
c opening file to read '/mnt/c/Users/ikuto/projects/conway-99-graph/acceleration/results/20260930_hadamard_seven_remaining_cnfs/run01/rank5_126_profile_0004/instance.cnf'
c found 'p cnf 9872 170454' header
c parsed 170454 clauses in 0.06 seconds process time
c 
c --- [ options ] ------------------------------------------------------------
c 
c   --binary=false                 (different from default 'true')
c 
c --- [ solving ] ------------------------------------------------------------
c 
c time measured in process time since initialization
c 
c  seconds  reductions  redundant  irredundant
c         MB    restarts       trail      variables
c          level   conflicts       glue        remaining
c 
c *  0.07 17  0 0   0    0    0  0% 0 120522 6945 70%
c {  0.07 18  0 0   0    0    0  0% 0 120522 6945 70%
c i  0.07 18  3 0   0    9    6 37% 2 120522 6887 70%
c i  0.07 18 39 0   1   35   29 51% 4 120522 6878 70%
c i  0.07 18 40 0   2   38   30 50% 5 120522 6877 70%
c i  0.08 19 20 0  14  274  211 57% 5 120522 6876 70%
c -  0.09 19 19 1  14  300  106 56% 5 117411 6876 70%
c i  0.09 19 18 1  14  332  118 57% 5 117411 6875 70%
c i  0.09 19 20 1  14  340  125 57% 5 117411 6874 70%
c i  0.09 19 29 1  17  401  171 56% 5 117411 6873 70%
c i  0.09 19 28 1  17  417  183 55% 5 117411 6117 62%
c i  0.09 19 28 1  17  418  183 55% 5 117411 6035 61%
c i  0.09 19 27 1  17  421  180 55% 5 117411 6005 61%
c i  0.09 19 27 1  17  440  190 55% 5 117411 6003 61%
c i  0.09 19 26 1  17  449  197 55% 5 117411 6002 61%
c i  0.09 19 26 1  17  452  197 55% 5 117411 6001 61%
c }  0.10 19 26 1  17  455  197 55% 5 117411 4963 50%
c 0  0.10 19 26 1  17  455  197 55% 5 117411 4963 50%
c 
c --- [ closing proof ] ------------------------------------------------------
c 
c DRAT proof file '/tmp/conway99-seven-profile-rank5_126_profile_0004-2nrb3g/proof.drat' closed
c DRAT 6589 added clauses 10.78%
c DRAT 54525 deleted clauses 89.22%
c DRAT 1526995 bytes (1.46 MB)
c 
c --- [ result ] -------------------------------------------------------------
c 
s UNSATISFIABLE
c 
c --- [ run-time profiling ] -------------------------------------------------
c 
c process time taken by individual solving procedures
c (percentage relative to process time for solving)
c 
c         0.06  211.06% parse
c         0.03   97.20% search
c         0.03   93.85% unstable
c         0.00    3.26% lucky
c         0.00    0.00% simplify
c   =================================
c         0.03   31.88% solve
c 
c last line shows process time for solving
c (percentage relative to total process time)
c 
c --- [ statistics ] ---------------------------------------------------------
c 
c chronological:               207        45.49 %  of conflicts
c conflicts:                   455     14905.81    per second
c decisions:                  1735     56838.66    per second
c fixed:                      4909        49.73 %  of all variables
c learned:                     393        86.37 %  per conflict
c learned_lits:              25739       100.00 %  learned literals
c minimized:                     0         0.00 %  learned literals
c shrunken:                  14247        55.35 %  learned literals
c minishrunken:               1794         6.97 %  learned literals
c otfs:                          6         1.32 %  of conflict
c propagations:             262709         8.61 M  per second
c restarts:                     17        26.76    interval
c subsumed:                     56         0.05 %  of all clauses
c strengthened:                  6         0.00 %  of all clauses
c trail reuses:                  0         0.00 %  of incremental calls
c 
c seconds are measured in process time for solving
c 
c --- [ resources ] ----------------------------------------------------------
c 
c total process time since initialization:         0.10    seconds
c total real time since initialization:            0.79    seconds
c maximum resident set size of process:           19.71    MB
c 
c --- [ shutting down ] ------------------------------------------------------
c 
c exit 20
