CHECKPOINT 200000 2245 4168 2245 4168
CHECKPOINT 400000 2209 4198 2209 4168
CHECKPOINT 600000 2186 4118 2185 4144
CHECKPOINT 800000 2209 4246 2183 4136
CHECKPOINT 1000000 2185 4372 2183 4136
CHECKPOINT 1200000 2179 4312 2179 4312
CHECKPOINT 1400000 2181 4326 2179 4312
CHECKPOINT 1600000 2180 4292 2179 4282
CHECKPOINT 1800000 2184 4320 2179 4282
CHECKPOINT 2000000 2167 4384 2167 4324
CHECKPOINT 2200000 2158 4306 2157 4314
CHECKPOINT 2400000 2152 4240 2152 4240
CHECKPOINT 2600000 2147 4280 2147 4280
CHECKPOINT 2800000 2134 4282 2134 4282
CHECKPOINT 3000000 2128 4294 2127 4296
CHECKPOINT 3200000 2132 4346 2127 4296
CHECKPOINT 3400000 2132 4262 2127 4296
CHECKPOINT 3600000 2132 4244 2127 4296
CHECKPOINT 3800000 2132 4244 2127 4296
CHECKPOINT 4000000 2132 4244 2127 4296
CHECKPOINT 4200000 2135 4238 2127 4296
CHECKPOINT 4400000 2133 4224 2127 4296
CHECKPOINT 4600000 2132 4244 2127 4296
CHECKPOINT 4800000 2133 4224 2127 4296
CHECKPOINT 5000000 2133 4224 2127 4296
CHECKPOINT 5200000 2125 4270 2125 4270
CHECKPOINT 5400000 2122 4288 2119 4258
CHECKPOINT 5600000 2122 4288 2119 4258
CHECKPOINT 5800000 2122 4270 2119 4258
CHECKPOINT 6000000 2119 4258 2119 4258
CHECKPOINT 6200000 2119 4258 2119 4258
CHECKPOINT 6400000 2119 4258 2119 4258
CHECKPOINT 6600000 2119 4258 2119 4258
CHECKPOINT 6800000 2119 4258 2119 4258
CHECKPOINT 7000000 2119 4258 2119 4258
CHECKPOINT 7200000 2119 4258 2119 4258
CHECKPOINT 7400000 2119 4258 2119 4258
CHECKPOINT 7600000 2119 4258 2119 4258
CHECKPOINT 7800000 2119 4258 2119 4258
CHECKPOINT 8000000 2119 4258 2119 4258
CHECKPOINT 8200000 2119 4258 2119 4258
CHECKPOINT 8400000 2119 4258 2119 4258
CHECKPOINT 8600000 2119 4258 2119 4258
CHECKPOINT 8800000 2119 4258 2119 4258
CHECKPOINT 9000000 2119 4258 2119 4258
CHECKPOINT 9200000 2119 4258 2119 4258
CHECKPOINT 9400000 2119 4258 2119 4258
CHECKPOINT 9600000 2119 4258 2119 4258
CHECKPOINT 9800000 2119 4258 2119 4258
CHECKPOINT 10000000 2119 4258 2119 4258
CHECKPOINT 10200000 2119 4258 2119 4258
CHECKPOINT 10400000 2119 4258 2119 4258
CHECKPOINT 10600000 2119 4258 2119 4258
CHECKPOINT 10800000 2119 4258 2119 4258
CHECKPOINT 11000000 2119 4258 2119 4258
CHECKPOINT 11200000 2119 4258 2119 4258
CHECKPOINT 11400000 2119 4258 2119 4258
CHECKPOINT 11600000 2119 4258 2119 4258
CHECKPOINT 11800000 2119 4258 2119 4258
CHECKPOINT 12000000 2119 4258 2119 4258
CHECKPOINT 12200000 2119 4258 2119 4258
CHECKPOINT 12400000 2119 4258 2119 4258
CHECKPOINT 12600000 2119 4258 2119 4258
CHECKPOINT 12800000 2119 4258 2119 4258
CHECKPOINT 13000000 2119 4258 2119 4258
CHECKPOINT 13200000 2119 4258 2119 4258
CHECKPOINT 13400000 2119 4258 2119 4258
CHECKPOINT 13600000 2119 4258 2119 4258
CHECKPOINT 13800000 2119 4258 2119 4258
CHECKPOINT 14000000 2119 4258 2119 4258
CHECKPOINT 14200000 2119 4258 2119 4258
CHECKPOINT 14400000 2119 4258 2119 4258
CHECKPOINT 14600000 2119 4258 2119 4258
CHECKPOINT 14800000 2119 4258 2119 4258
CHECKPOINT 15000000 2119 4258 2119 4258
CHECKPOINT 15200000 2119 4258 2119 4258
CHECKPOINT 15400000 2119 4258 2119 4258
CHECKPOINT 15600000 2119 4258 2119 4258
CHECKPOINT 15800000 2119 4258 2119 4258
CHECKPOINT 16000000 2119 4258 2119 4258
CHECKPOINT 16200000 2119 4258 2119 4258
CHECKPOINT 16400000 2119 4258 2119 4258
CHECKPOINT 16600000 2119 4258 2119 4258
CHECKPOINT 16800000 2119 4258 2119 4258
CHECKPOINT 17000000 2119 4258 2119 4258
CHECKPOINT 17200000 2119 4258 2119 4258
CHECKPOINT 17400000 2119 4258 2119 4258
CHECKPOINT 17600000 2119 4258 2119 4258
CHECKPOINT 17800000 2119 4258 2119 4258
CHECKPOINT 18000000 2119 4258 2119 4258
CHECKPOINT 18200000 2119 4258 2119 4258
CHECKPOINT 18400000 2119 4258 2119 4258
CHECKPOINT 18600000 2119 4258 2119 4258
CHECKPOINT 18800000 2119 4258 2119 4258
CHECKPOINT 19000000 2119 4258 2119 4258
CHECKPOINT 19200000 2119 4258 2119 4258
CHECKPOINT 19400000 2119 4258 2119 4258
CHECKPOINT 19600000 2119 4258 2119 4258
CHECKPOINT 19800000 2119 4258 2119 4258
CHECKPOINT 20000000 2119 4258 2119 4258
NATIVE_RESULT_PRESERVED 99 2119 4258 2119 4258
