c --- [ banner ] -------------------------------------------------------------
c 
c CaDiCaL SAT Solver
c Copyright (c) 2016-2023 A. Biere, M. Fleury, N. Froleyks, K. Fazekas, F. Pollitt
c 
c Version 1.9.5 146207318796f094dcded87349a64f0c6927309e
c g++ (Ubuntu 13.3.0-6ubuntu2~24.04.1) 13.3.0 -Wall -Wextra -O3 -DNDEBUG
c Wed Sep 30 06:02:32 JST 2026 Linux ikutoPC 6.6.87.2-microsoft-standard-WSL2 x86_64
c 
c --- [ limit ] --------------------------------------------------------------
c 
c setting conflict limit to 2000000 conflicts (due to '2000000')
c 
c --- [ proof tracing ] ------------------------------------------------------
c 
c opening file to write '/tmp/conway99-prism-coarse60-bitflip-XNjXFj/proof.drat'
c writing non-binary proof trace to '/tmp/conway99-prism-coarse60-bitflip-XNjXFj/proof.drat'
c 
c --- [ parsing input ] ------------------------------------------------------
c 
c reading DIMACS file from '/mnt/c/Users/ikuto/projects/conway-99-graph/acceleration/results/20260930_prism_coarse60_bitflip/instance.cnf'
c opening file to read '/mnt/c/Users/ikuto/projects/conway-99-graph/acceleration/results/20260930_prism_coarse60_bitflip/instance.cnf'
c found 'p cnf 5238 85704' header
c parsed 85704 clauses in 0.13 seconds process time
c 
c --- [ options ] ------------------------------------------------------------
c 
c   --binary=false                 (different from default 'true')
c 
c --- [ solving ] ------------------------------------------------------------
c 
c time measured in process time since initialization
c 
c  seconds  reductions  redundant  irredundant
c         MB    restarts       trail     variables
c          level   conflicts       glue       remaining
c 
c *  0.13 19  0 0   0    0    0  0% 0 85680 4404 84%
c {  0.13 19  0 0   0    0    0  0% 0 85680 4404 84%
c -  0.17 20 349 1   0  300  250 70% 77 72144 4404 84%
c -  0.22 27 287 2  23  902  596 62% 71 72144 4404 84%
c }  0.22 27 271 2  23 1001  677 62% 64 72144 4404 84%
c [  0.22 27  0 2  23 1001  677  0% 0 72144 4404 84%
c O  0.22 27  3 2  23 1002  678 32% 1 72144 4404 84%
c -  0.24 27 165 3  23 1802  965 55% 12 72144 4404 84%
c ]  0.25 27 121 3  24 3002 1822 52% 17 72144 4404 84%
c {  0.25 27 271 3  24 3002 1822 62% 64 72144 4404 84%
c -  0.26 27 271 4  24 3002 1518 62% 64 72144 4404 84%
c F  0.27 33 271 4  24 3003 1519 33% 64 72144 4404 84%
c -  0.30 38 129 5  24 4505 2095 51% 31 72144 4404 84%
c d  0.32 38 123 5  28 5004 2507 51% 29 72096 4380 84%
c p  0.61 72 123 5  28 5004 595396 51% 29 72096 4380 84%
c #  0.68 77 107 5  38 6008 596266 54% 26 72096 4380 84%
c -  0.76 79 102 6  48 6307 15757 54% 26 72096 4380 84%
c }  0.78 79 92 6  49 7005 16293 55% 23 72096 4380 84%
c [  0.78 79 121 6  49 7005 16293 62% 17 72096 4380 84%
c -  0.83 74 129 7  50 8411 4847 59% 27 72096 4380 84%
c 
c  seconds   reductions  redundant   irredundant
c         MB     restarts       trail      variables
c           level   conflicts       glue        remaining
c 
c s  0.85 74 129 7  50 8568 4785 59% 27 72075 4380 84%
c v  0.88 74 129 7  50 8568 4785 59% 27 72063 4380 84%
c e  0.92 74 129 7  50 8568 4380 59% 27 70711 3262 62%
c s  0.94 74 129 7  50 8568 4368 59% 27 70711 3262 62%
c ^  0.94 74 129 7  50 8568 4368 59% 27 70711 3262 62%
c I  1.00 80 122 7  51 10009 5603 65% 27 70711 3262 62%
c -  1.03 80 150 8  52 10817 4133 64% 30 70711 3262 62%
c -  1.14 80 149 9  54 13517 4746 64% 31 70711 3262 62%
c ]  1.19 80 141 9  54 15005 5899 64% 29 70711 3262 62%
c {  1.19 80 92 9  54 15005 5899 74% 23 70711 3262 62%
c p  1.40 80 92 9  54 15005 556214 74% 23 70711 3262 62%
c B  1.41 80 92 9  54 15010 556219 74% 23 70711 3262 62%
c -  1.54 87 91 10  63 16518 17710 72% 21 70711 3262 62%
c -  1.65 87 71 11  81 19819 9941 69% 18 70711 3262 62%
c W  1.71 87 65 11  85 21013 10800 68% 17 70711 3262 62%
c -  1.79 87 66 12 295 23419 8324 65% 17 70709 3262 62%
c s  1.90 87 60 12 396 26321 10559 63% 16 70708 3262 62%
c v  1.93 87 60 12 396 26321 10559 63% 16 70662 3262 62%
c t  1.94 87 60 12 396 26321 10559 63% 16 70661 3262 62%
c s  1.97 87 60 12 396 26321 10559 63% 16 70661 3262 62%
c 
c  seconds  reductions     redundant   irredundant
c         MB     restarts         trail      variables
c          level     conflicts        glue        remaining
c 
c ^  1.97 87 60 12 396 26321 10559 63% 16 70661 3262 62%
c -  2.01 87 60 13 482 27323 8425 63% 16 70660 3262 62%
c F  2.04 87 58 13 482 28015 9000 63% 15 70660 3262 62%
c p  2.30 87 61 13 782 30007 523012 61% 16 70659 3262 62%
c }  2.34 87 63 13 794 31006 523713 61% 16 70659 3262 62%
c [  2.34 87 141 13 794 31006 523713 64% 29 70659 3262 62%
c -  2.40 87 139 14 794 31523 16108 65% 28 70659 3262 62%
c B  2.55 87 133 14 797 36017 19773 63% 24 70659 3262 62%
c -  2.56 87 133 15 797 36028 12299 63% 24 70659 3262 62%
c -  2.76 87 153 16 800 40831 11878 60% 32 70659 3262 62%
c W  2.99 87 167 16 801 45018 15201 58% 42 70658 3262 62%
c -  3.04 87 177 17 801 45931 12940 59% 44 70658 3262 62%
c p  3.46 87 208 17 802 50007 514637 59% 55 70658 3262 62%
c -  3.66 78 211 18 802 51333 22634 59% 59 70658 3262 62%
c s  3.83 78 215 18 802 52946 23506 59% 63 70634 3262 62%
c v  3.86 78 215 18 802 52946 23506 59% 63 70554 3262 62%
c t  3.87 78 215 18 802 52946 23506 59% 63 70548 3262 62%
c e  3.89 78 215 18 802 52946 22749 59% 63 71434 2819 54%
c s  3.93 78 215 18 802 52946 22745 59% 63 71434 2819 54%
c O  4.09 78 221 18 803 55019 24558 64% 69 71434 2819 54%
c 
c  seconds   reductions     redundant   irredundant
c         MB      restarts         trail      variables
c           level     conflicts        glue        remaining
c 
c -  4.19 76 217 19 805 57034 17034 65% 67 71434 2819 54%
c ]  4.52 76 205 19 808 63006 21895 66% 65 71434 2819 54%
c {  4.52 76 63 19 808 63006 21895 71% 16 71434 2819 54%
c -  4.54 85 63 20 808 63034 15962 71% 16 71434 2819 54%
c B  4.64 85 62 20 1106 66020 18364 69% 16 71431 2819 54%
c -  4.76 85 64 21 1538 69334 17088 67% 17 71427 2819 54%
c 2  4.94 85 61 21 1875 75007 21517 65% 17 71423 2819 54%
c p  5.15 85 61 21 1875 75007 513143 65% 17 71423 2819 54%
c -  5.25 85 60 22 1884 75934 24257 65% 17 71422 2819 54%
c W  5.39 85 59 22 2022 78037 25952 65% 17 71421 2819 54%
c -  5.55 85 57 23 2253 82839 20818 64% 17 71419 2819 54%
c -  5.77 85 52 24 2431 90041 22171 62% 16 71418 2819 54%
c s  5.84 85 52 24 2474 90254 22187 62% 16 71342 2819 54%
c v  5.87 85 52 24 2474 90254 22187 62% 16 71265 2819 54%
c w  5.88 85 52 24 2474 90254 22182 62% 16 71265 2819 54%
c t  5.89 85 52 24 2474 90254 22182 62% 16 68409 2819 54%
c s  5.92 85 52 24 2474 90254 22182 62% 16 68408 2819 54%
c #  5.94 85 52 24 2477 91040 22736 62% 15 68408 2819 54%
c -  6.14 85 53 25 2945 97544 23971 60% 16 68408 2819 54%
c p  6.58 71 52 25 3405 105008 529077 60% 16 68408 2819 54%
c 
c  seconds  reductions       redundant    irredundant
c         MB     restarts            trail      variables
c          level      conflicts          glue        remaining
c 
c B  6.60 73 52 25 3405 105052 529093 60% 16 68408 2819 54%
c -  6.66 82 52 26 3406 105344 29103 60% 16 68408 2819 54%
c -  6.98 90 51 27 4032 113456 27166 59% 16 68406 2819 54%
c W  7.24 90 50 27 4348 120053 32245 59% 16 68406 2819 54%
c -  7.31 91 51 28 4697 121856 28732 58% 16 68406 2819 54%
c }  7.49 91 51 28 4904 127007 32740 58% 16 68406 2819 54%
c [  7.49 91 205 28 4904 127007 32740 66% 65 68406 2819 54%
c -  7.64 91 197 29 4905 130557 30589 64% 63 68406 2819 54%
c B  7.90 91 181 29 4909 136054 34587 62% 60 68406 2819 54%
c s  7.98 91 181 29 4909 136264 34292 62% 61 68355 2819 54%
c v  8.01 91 181 29 4909 136264 34292 62% 61 68228 2819 54%
c t  8.02 91 181 29 4909 136264 34277 62% 61 68228 2819 54%
c s  8.06 91 181 29 4909 136264 34245 62% 61 68182 2819 54%
c e  8.07 91 181 29 4909 136264 34062 62% 61 68173 2817 54%
c -  8.23 98 173 30 4911 139557 31954 62% 59 68173 2817 54%
c 3  8.25 98 172 30 4912 140011 33038 62% 59 68171 2817 54%
c 3  8.25 98 172 30 4912 140011 33080 62% 59 68171 2817 54%
c p  8.46 98 172 30 4912 140011 530405 62% 59 68171 2817 54%
c -  9.00 98 155 31 4913 148859 76268 64% 54 68171 2817 54%
c W  9.34 98 149 31 4914 153059 79963 65% 52 68171 2817 54%
c 
c  seconds   reductions       redundant   irredundant
c         MB      restarts           trail      variables
c           level      conflicts         glue        remaining
c 
c -  9.70 98 143 32 4914 158460 47489 65% 51 68171 2817 54%
c - 10.44 86 130 33 4914 168365 42908 66% 47 68171 2817 54%
c I 10.63 86 127 33 4916 171061 45242 66% 46 68171 2817 54%
c - 11.12 86 135 34 4921 178566 40507 66% 50 68171 2817 54%
c p 11.44 87 135 34 4921 180011 545633 66% 50 68171 2817 54%
c - 12.31 94 134 35 4927 189067 96358 66% 54 68171 2817 54%
c B 12.41 94 134 35 4927 190066 97188 66% 54 68171 2817 54%
c s 12.57 94 133 35 4928 191431 96235 66% 54 68111 2817 54%
c v 12.61 94 133 35 4928 191431 96235 66% 54 67976 2817 54%
c w 12.63 94 133 35 4928 191431 96235 66% 54 67976 2817 54%
c t 12.63 94 133 35 4928 191431 96231 66% 54 67956 2817 54%
c e 12.64 94 133 35 4928 191431 95741 66% 54 67954 2816 54%
c s 12.71 94 133 35 4928 191431 95726 66% 54 67952 2816 54%
c - 13.27 90 130 36 4929 199870 51009 65% 52 67952 2816 54%
c W 13.99 90 124 36 4935 210067 59516 65% 50 67952 2816 54%
c - 14.07 87 125 37 4935 210971 44342 65% 50 67952 2816 54%
c - 14.81 103 127 38 4942 222374 44432 65% 50 67952 2816 54%
c 3 14.97 103 129 38 4943 225011 46938 65% 51 67951 2816 54%
c p 15.23 103 129 38 4943 225011 550383 65% 51 67951 2816 54%
c O 15.86 103 133 38 4944 231069 555843 65% 53 67951 2816 54%
c 
c  seconds    reductions       redundant    irredundant
c          MB      restarts            trail      variables
c            level      conflicts          glue        remaining
c 
c - 16.16 123 130 39 4944 234074 111811 66% 52 67951 2816 54%
c - 17.08 104 117 40 4945 246075 65922 66% 48 67951 2816 54%
c B 17.55 104 110 40 4945 253072 71209 67% 45 67951 2816 54%
c i 17.56 104 109 40 4946 253252 71307 67% 45 67951 2815 54%
c ] 17.64 104 110 40 4946 255007 72654 67% 45 67951 2815 54%
c { 17.64 104 51 40 4946 255007 72654 58% 16 67951 2815 54%
c s 17.77 104 51 40 5005 255732 72663 58% 16 67949 2815 54%
c v 17.81 104 51 40 5005 255732 72663 58% 16 67788 2815 54%
c w 17.83 104 51 40 5005 255732 72657 58% 16 67788 2815 54%
c t 17.83 104 51 40 5005 255732 72656 58% 16 67785 2815 54%
c s 17.93 104 51 40 5005 255732 72626 58% 16 67756 2815 54%
c - 18.07 104 50 41 5117 258375 49553 58% 16 67756 2815 54%
c - 18.51 104 50 42 5959 270976 45709 58% 16 67756 2815 54%
c p 18.87 104 50 42 6255 275011 559786 58% 16 67756 2815 54%
c F 18.94 104 50 42 6266 276073 560570 58% 16 67756 2815 54%
c - 19.33 104 47 43 6404 283878 101047 59% 15 67756 2815 54%
c - 19.79 111 45 44 6830 297080 55398 59% 15 67756 2815 54%
c B 19.89 111 44 44 6919 300076 57697 59% 15 67756 2815 54%
c - 20.28 111 45 45 7820 310582 55157 58% 15 67756 2815 54%
c - 20.80 111 44 46 8563 324384 57388 58% 15 67756 2815 54%
c 
c  seconds   reductions       redundant   irredundant
c          MB     restarts           trail      variables
c           level      conflicts         glue        remaining
c 
c W 21.03 111 44 46 8623 325077 57873 57% 15 67756 2815 54%
c s 21.27 111 45 46 8937 329159 60060 57% 15 67754 2815 54%
c v 21.31 111 45 46 8937 329159 60060 57% 15 67584 2815 54%
c w 21.33 111 45 46 8937 329159 60040 57% 15 67584 2815 54%
c t 21.33 111 45 46 8937 329159 60037 57% 15 67581 2815 54%
c s 21.40 111 45 46 8937 329159 59988 57% 15 67581 2815 54%
c ^ 21.41 111 45 46 8937 329159 59988 57% 15 67581 2815 54%
c 2 21.45 111 45 46 8999 330011 61057 57% 15 67581 2815 54%
c p 21.67 111 45 46 8999 330011 572742 57% 15 67581 2815 54%
c - 22.07 113 43 47 9100 338488 94163 58% 14 67581 2815 54%
c # 22.54 113 41 47 9510 351080 104037 59% 14 67581 2815 54%
c - 22.63 113 41 48 9542 352888 65358 59% 14 67581 2815 54%
c - 23.17 113 42 49 10737 367588 65250 58% 14 67581 2815 54%
c B 23.58 113 42 49 11248 378083 73582 58% 14 67581 2815 54%
c - 23.75 113 42 50 11463 382588 67628 58% 14 67581 2815 54%
c p 24.22 113 42 50 12076 390012 591258 57% 14 67581 2815 54%
c - 24.63 113 40 51 12241 397888 121940 58% 14 67581 2815 54%
c W 25.15 113 40 51 12553 406084 128004 58% 14 67581 2815 54%
c s 25.52 113 39 51 12753 411697 129031 58% 14 67580 2815 54%
c v 25.57 113 39 51 12753 411697 129031 58% 14 67361 2815 54%
c 
c  seconds   reductions        redundant    irredundant
c          MB      restarts            trail      variables
c           level       conflicts          glue        remaining
c 
c w 25.59 113 39 51 12753 411697 129027 58% 14 67361 2815 54%
c t 25.59 113 39 51 12753 411697 129018 58% 14 67361 2815 54%
c e 25.60 113 39 51 12753 411697 128351 58% 14 67385 2809 54%
c s 25.63 113 39 51 12753 411697 128351 58% 14 67385 2809 54%
c ^ 25.64 113 39 51 12753 411697 128351 58% 14 67385 2809 54%
c - 25.71 113 39 52 12829 413488 73340 58% 14 67385 2809 54%
c - 26.30 113 39 53 13795 429388 72479 58% 14 67385 2809 54%
c F 26.52 113 39 53 14150 435085 76931 58% 14 67385 2809 54%
c - 26.93 113 39 54 15012 445589 75091 57% 14 67385 2809 54%
c p 27.55 113 41 54 15883 455017 610534 57% 14 67385 2809 54%
c - 27.91 113 39 55 15942 462089 102962 58% 14 67385 2809 54%
c B 28.02 113 39 55 16094 465087 105152 58% 14 67385 2809 54%
c - 28.58 113 39 56 16700 478892 84577 58% 14 67385 2809 54%
c - 29.28 113 40 57 18277 495996 83650 57% 14 67385 2809 54%
c W 29.60 113 40 57 18277 496088 83726 57% 14 67385 2809 54%
c s 30.00 113 40 57 18797 503384 88506 57% 14 67385 2809 54%
c v 30.05 113 40 57 18797 503384 88506 57% 14 67171 2809 54%
c w 30.07 113 40 57 18797 503384 88468 57% 14 67171 2809 54%
c t 30.07 113 40 57 18797 503384 88450 57% 14 67135 2809 54%
c e 30.09 113 40 57 18797 503384 87528 57% 14 67267 2787 53%
c 
c  seconds   reductions        redundant   irredundant
c          MB      restarts           trail      variables
c           level       conflicts         glue        remaining
c 
c s 30.19 113 40 57 18797 503384 87467 57% 14 67267 2787 53%
c } 30.52 113 40 57 19310 511007 93498 57% 14 67267 2787 53%
c [ 30.52 113 110 57 19310 511007 93498 67% 45 67267 2787 53%
c - 30.66 113 109 58 19310 513397 85017 67% 45 67267 2787 53%
c 2 31.38 113 105 58 19310 525021 95300 66% 43 67267 2787 53%
c p 31.65 113 105 58 19310 525021 629871 66% 43 67267 2787 53%
c W 32.25 113 103 58 19310 528092 632339 66% 43 67267 2787 53%
c - 32.54 120 102 59 19310 531097 133238 66% 43 67267 2787 53%
c - 33.80 137 91 60 19316 549099 117713 66% 39 67267 2787 53%
c I 34.61 137 89 60 19322 561093 127799 65% 38 67267 2787 53%
c - 35.10 137 98 61 19324 567400 99406 65% 42 67267 2787 53%
c - 36.61 116 116 62 19332 586000 98631 64% 49 67267 2787 53%
c B 37.36 116 121 62 19338 595094 106504 64% 52 67267 2787 53%
c p 38.08 121 121 62 19339 600022 631671 64% 52 67267 2787 53%
c s 38.81 149 118 62 19340 604435 630107 64% 51 67267 2787 53%
c v 38.88 149 118 62 19340 604435 630107 64% 51 67021 2787 53%
c w 38.93 149 118 62 19340 604435 630097 64% 51 67021 2787 53%
c t 38.93 149 118 62 19340 604435 630095 64% 51 66777 2787 53%
c s 39.13 149 118 62 19340 604435 630086 64% 51 66777 2787 53%
c - 39.33 130 118 63 19340 604902 119420 64% 51 66777 2787 53%
c 
c  seconds    reductions        redundant    irredundant
c          MB       restarts            trail      variables
c            level       conflicts          glue        remaining
c 
c - 40.92 138 104 64 19341 624110 116369 65% 45 66777 2787 53%
c i 40.93 138 103 64 19341 624237 116420 65% 45 66777 2786 53%
c W 41.81 143 104 64 19344 630098 104407 65% 46 66753 2786 53%
c - 42.66 143 102 65 19352 643611 93006 65% 46 66753 2786 53%
c - 44.08 143 100 66 19359 663419 98864 64% 45 66753 2786 53%
c O 44.29 143 103 66 19361 666099 101230 64% 46 66753 2786 53%
c p 45.55 143 96 66 19369 680023 642080 63% 43 66753 2786 53%
c - 45.91 143 94 67 19370 683521 134356 64% 43 66753 2786 53%
c i 46.45 143 89 67 19371 690985 139963 64% 41 66753 2785 53%
c B 47.45 143 102 67 19372 703101 150673 64% 46 66753 2785 53%
c - 47.59 143 104 68 19372 703921 106579 64% 47 66726 2785 53%
c s 48.73 143 120 68 19373 714418 114046 63% 54 66726 2785 53%
c v 48.78 143 120 68 19373 714418 114046 63% 54 66507 2785 53%
c w 48.81 143 120 68 19373 714418 114042 63% 54 66507 2785 53%
c t 48.81 143 120 68 19373 714418 114041 63% 54 66507 2785 53%
c s 48.95 143 120 68 19373 714418 114015 63% 54 66507 2785 53%
c - 50.00 119 126 69 19373 724621 105331 63% 57 66507 2785 53%
c W 52.12 119 136 69 19373 741113 119672 63% 62 66507 2785 53%
c - 52.68 121 138 70 19374 745625 110201 63% 63 66507 2785 53%
c p 55.13 127 145 70 19374 765023 647972 62% 66 66507 2785 53%
c 
c  seconds    reductions        redundant    irredundant
c          MB       restarts            trail      variables
c            level       conflicts          glue        remaining
c 
c - 55.58 131 145 71 19374 766926 122450 62% 67 66507 2785 53%
c I 56.80 131 145 71 19374 780116 133793 63% 67 66507 2785 53%
c - 57.78 120 149 72 19374 788526 120659 63% 68 66507 2785 53%
c - 60.19 153 151 73 19374 810428 119340 63% 69 66507 2785 53%
c B 61.32 153 151 73 19381 820122 127485 63% 70 66507 2785 53%
c - 62.72 152 143 74 19388 832630 121924 63% 66 66507 2785 53%
c p 65.52 152 150 74 19396 855025 669319 62% 69 66507 2785 53%
c - 65.69 153 150 75 19396 855131 125129 62% 69 66507 2785 53%
c W 66.97 153 152 75 19399 861127 130291 62% 70 66507 2785 53%
c - 69.03 154 152 76 19404 877931 126989 62% 71 66507 2785 53%
c - 71.30 154 152 77 19410 901032 129320 62% 70 66507 2785 53%
c O 71.54 154 153 77 19411 903134 131043 62% 71 66507 2785 53%
c - 73.36 120 140 78 19420 924433 130499 62% 65 66507 2785 53%
c B 75.21 120 124 78 19431 946135 147848 62% 57 66507 2785 53%
c - 75.41 141 123 79 19433 948134 133270 61% 57 66507 2785 53%
c i 75.47 141 122 79 19433 949058 133901 61% 56 66507 2784 53%
c s 75.70 141 122 79 19433 949058 133502 61% 56 66507 2784 53%
c v 75.77 141 122 79 19433 949058 133502 61% 56 66031 2784 53%
c w 75.81 141 122 79 19433 949058 133484 61% 56 66031 2784 53%
c t 75.82 141 122 79 19433 949058 133484 61% 56 66029 2784 53%
c 
c  seconds    reductions        redundant    irredundant
c          MB       restarts            trail      variables
c            level       conflicts          glue        remaining
c 
c s 76.05 141 122 79 19433 949058 133443 61% 56 65998 2784 53%
c ^ 76.05 141 122 79 19433 949058 133443 61% 56 65998 2784 53%
c p 76.44 141 123 79 19434 950026 656852 61% 57 65998 2784 53%
c i 78.39 141 116 79 19436 970131 672309 63% 55 65998 2783 53%
c - 78.67 141 115 80 19436 972135 179081 63% 55 65968 2783 53%
c W 80.83 141 108 80 19437 990136 194423 64% 52 65968 2783 53%
c - 81.36 141 108 81 19437 996436 146233 64% 51 65968 2783 53%
c - 83.89 178 112 82 19444 1021037 143665 64% 53 65968 2783 53%
c ] 84.07 178 113 82 19444 1023008 145372 64% 53 65968 2783 53%
c { 84.07 178 40 82 19444 1023008 145372 57% 14 65968 2783 53%
c # 84.75 178 39 82 20077 1035137 154131 57% 14 65968 2783 53%
c - 85.51 141 39 83 20820 1045943 139594 56% 14 65968 2783 53%
c p 86.01 141 39 83 21087 1050027 673165 56% 14 65968 2783 53%
c - 87.41 141 35 84 21573 1071146 233210 58% 13 65968 2783 53%
c s 88.05 141 35 84 21747 1076942 226539 58% 13 65968 2783 53%
c v 88.11 141 35 84 21747 1076942 226539 58% 13 65608 2783 53%
c w 88.16 141 35 84 21747 1076942 226513 58% 13 65608 2783 53%
c t 88.17 141 35 84 21747 1076942 226510 58% 13 65608 2783 53%
c e 88.19 141 35 84 21747 1076942 222778 58% 13 68460 2577 49%
c s 88.27 141 35 84 21747 1076942 222657 58% 13 68460 2577 49%
c 
c  seconds   reductions         redundant    irredundant
c          MB      restarts             trail      variables
c           level        conflicts          glue        remaining
c 
c B 88.46 141 34 84 22048 1081141 225577 58% 13 68460 2577 49%
c - 89.16 141 34 85 22809 1096646 147474 58% 13 68460 2577 49%
c - 90.32 141 34 86 24261 1122448 141896 57% 13 68460 2577 49%
c W 91.24 141 35 86 24816 1128144 146306 57% 14 68460 2577 49%
c - 92.23 141 35 87 26005 1148551 144895 56% 14 68460 2577 49%
c 3 92.59 141 35 87 26522 1155035 149975 56% 14 68460 2577 49%
c 2 92.60 141 35 87 26522 1155035 150048 56% 14 68460 2577 49%
c p 92.86 141 35 87 26522 1155035 675798 56% 14 68460 2577 49%
c - 94.06 141 33 88 26998 1174952 237704 58% 13 68460 2577 49%
c F 94.12 141 33 88 27038 1176145 238635 58% 13 68460 2577 49%
c - 95.27 141 32 89 28057 1201662 163793 59% 13 68460 2577 49%
c s 96.34 141 32 89 29232 1218892 171845 58% 13 68460 2577 49%
c v 96.41 141 32 89 29232 1218892 171845 58% 13 68235 2577 49%
c w 96.45 141 32 89 29232 1218892 171795 58% 13 68235 2577 49%
c t 96.46 141 32 89 29232 1218892 171771 58% 13 64901 2577 49%
c s 96.73 141 32 89 29232 1218892 171505 58% 13 64901 2577 49%
c B 97.06 141 32 89 29776 1225148 176040 58% 13 64901 2577 49%
c - 97.26 141 32 90 30115 1228662 153554 58% 13 64901 2577 49%
c - 98.58 141 33 91 31750 1255962 155385 57% 13 64901 2577 49%
c 2 99.04 141 34 91 32333 1265035 162443 56% 14 64901 2577 49%
c 
c  seconds   reductions         redundant    irredundant
c          MB      restarts             trail      variables
c           level        conflicts          glue        remaining
c 
c p 99.30 141 34 91 32333 1265035 708633 56% 14 64901 2577 49%
c W 100.91 141 32 91 32742 1275149 715344 57% 13 64901 2577 49%
c - 101.48 141 32 92 33072 1283562 271224 58% 13 64901 2577 49%
c - 102.98 141 30 93 34129 1311466 183587 58% 13 64901 2577 49%
c # 103.64 141 30 93 34724 1326154 194343 58% 13 64901 2577 49%
c - 104.33 141 29 94 35251 1339666 170439 58% 12 64901 2577 49%
c s 106.15 141 29 94 36532 1367840 185565 57% 12 64901 2577 49%
c v 106.21 141 29 94 36532 1367840 185565 57% 12 64871 2577 49%
c w 106.25 141 29 94 36532 1367840 185539 57% 12 64871 2577 49%
c t 106.26 141 29 94 36532 1367840 185521 57% 12 64871 2577 49%
c s 106.50 141 29 94 36532 1367840 185331 57% 12 64871 2577 49%
c - 106.56 141 29 95 36532 1368166 164658 57% 12 64871 2577 49%
c B 107.04 141 29 95 37165 1378157 172192 57% 12 64871 2577 49%
c 2 107.14 141 29 95 37282 1380036 174038 57% 12 64871 2577 49%
c p 107.39 141 29 95 37282 1380036 691453 57% 12 64871 2577 49%
c - 108.34 141 28 96 37956 1396968 236221 58% 12 64871 2577 49%
c - 109.86 141 27 97 39442 1426070 183688 58% 12 64871 2577 49%
c W 111.48 141 27 97 39859 1431159 187419 58% 12 64871 2577 49%
c - 112.68 141 28 98 41450 1455477 176060 57% 12 64871 2577 49%
c F 114.18 141 28 98 43307 1485160 197235 56% 12 64871 2577 49%
c 
c  seconds    reductions         redundant    irredundant
c           MB      restarts             trail      variables
c            level        conflicts          glue        remaining
c 
c - 114.22 141 28 99 43307 1485178 176345 56% 12 64871 2577 49%
c p 115.27 141 29 99 44127 1500038 727590 56% 13 64871 2577 49%
c - 116.31 141 28 100 44808 1515179 268282 57% 12 64871 2577 49%
c i 116.54 141 27 100 44909 1518587 270480 58% 12 64871 2576 49%
c s 117.26 141 27 100 45377 1526072 264129 58% 12 64871 2576 49%
c v 117.32 141 27 100 45377 1526072 264129 58% 12 64867 2576 49%
c w 117.37 141 27 100 45377 1526072 264096 58% 12 64867 2576 49%
c t 117.38 141 27 100 45377 1526072 264087 58% 12 64865 2576 49%
c s 117.46 141 27 100 45377 1526072 264087 58% 12 64832 2576 49%
c B 118.20 141 27 100 46222 1540166 274002 57% 12 64832 2576 49%
c - 118.51 141 27 101 46478 1545479 194961 57% 12 64832 2576 49%
c - 119.98 141 27 102 48085 1576080 176417 57% 12 64832 2576 49%
c W 122.41 141 28 102 49573 1596169 190996 56% 13 64832 2576 49%
c - 122.99 141 28 103 50138 1606980 177484 56% 13 64832 2576 49%
c p 124.16 141 28 103 51264 1625038 708385 56% 13 64832 2576 49%
c - 125.01 141 27 104 51690 1638182 231630 57% 12 64832 2576 49%
c # 125.80 141 27 104 52551 1653170 242054 58% 12 64832 2576 49%
c - 126.72 141 27 105 53346 1669682 194756 58% 12 64832 2576 49%
c s 128.24 141 28 105 54837 1693601 207312 57% 12 64832 2576 49%
c v 128.30 141 28 105 54837 1693601 207312 57% 12 64774 2576 49%
c 
c  seconds     reductions         redundant    irredundant
c           MB       restarts             trail      variables
c            level         conflicts          glue        remaining
c 
c w 128.35 141 28 105 54837 1693601 207275 57% 12 64774 2576 49%
c t 128.35 141 28 105 54837 1693601 207255 57% 12 64773 2576 49%
c s 128.64 141 28 105 54837 1693601 207061 57% 12 64773 2576 49%
c - 129.08 141 28 106 55344 1701482 185411 57% 12 64773 2576 49%
c B 129.60 141 28 106 56006 1711173 192227 56% 13 64773 2576 49%
c - 130.87 141 29 107 57561 1733583 186730 56% 13 64773 2576 49%
c p 132.32 141 30 107 59246 1755042 739136 56% 13 64773 2576 49%
c - 133.09 141 29 108 59773 1765986 263309 57% 13 64773 2576 49%
c W 134.94 141 29 108 59871 1770174 266189 57% 13 64773 2576 49%
c - 136.42 141 28 109 61133 1798687 213969 57% 13 64773 2576 49%
c F 138.08 141 29 109 62919 1830177 236567 56% 13 64773 2576 49%
c - 138.19 141 29 110 63011 1831687 201832 56% 13 64773 2576 49%
c - 140.03 141 28 111 64617 1864988 200720 56% 13 64773 2576 49%
c p 141.68 141 28 111 65977 1890042 736464 56% 13 64773 2576 49%
c B 141.79 141 28 111 66014 1891180 737211 56% 13 64773 2576 49%
c - 142.35 141 27 112 66243 1898593 245247 57% 13 64773 2576 49%
c - 144.23 141 27 113 67831 1932496 214755 57% 12 64773 2576 49%
c W 146.88 141 27 113 69025 1953181 229458 57% 12 64773 2576 49%
c - 147.68 141 27 114 69779 1966696 211435 57% 12 64773 2576 49%
c } 149.46 141 27 114 71556 2000001 235420 56% 12 64773 2576 49%
c 
c  seconds     reductions         redundant    irredundant
c           MB       restarts             trail      variables
c            level         conflicts          glue        remaining
c 
c ? 149.47 141 27 114 71556 2000001 235420 56% 12 64773 2576 49%
c 
c --- [ closing proof ] ------------------------------------------------------
c 
c DRAT proof file '/tmp/conway99-prism-coarse60-bitflip-XNjXFj/proof.drat' closed
c DRAT 16200725 added clauses 50.33%
c DRAT 15985396 deleted clauses 49.67%
c DRAT 2055785844 bytes (1960.55 MB)
c 
c --- [ result ] -------------------------------------------------------------
c 
c UNKNOWN
c 
c --- [ run-time profiling ] -------------------------------------------------
c 
c process time taken by individual solving procedures
c (percentage relative to process time for solving)
c 
c       135.14   90.49% search
c        65.56   43.90% unstable
c        58.30   39.04% stable
c        14.20    9.51% simplify
c        11.27    7.55% walk
c         6.77    4.53% probe
c         4.99    3.34% subsume
c         1.26    0.85% vivify
c         0.35    0.23% elim
c         0.20    0.14% ternary
c         0.13    0.09% parse
c         0.00    0.00% lucky
c   =================================
c       149.34   99.91% solve
c 
c last line shows process time for solving
c (percentage relative to total process time)
c 
c --- [ statistics ] ---------------------------------------------------------
c 
c chronological:            652312        32.62 %  of conflicts
c conflicts:               2000001     13392.29    per second
c decisions:               6657464     44579.33    per second
c eliminated:                 1798        34.33 %  of all variables
c fixed:                       840        16.04 %  of all variables
c learned:                 1920712        96.04 %  per conflict
c learned_lits:          335945460       100.00 %  learned literals
c minimized:                     0         0.00 %  learned literals
c shrunken:              136919760        40.76 %  learned literals
c minishrunken:           22315858         6.64 %  learned literals
c otfs:                      23704         1.19 %  of conflict
c propagations:          310027506         2.08 M  per second
c reduced:                 1097153        54.86 %  per conflict
c rephased:                     62     32258.08    interval
c restarts:                  71556        27.95    interval
c stabilizing:                   5        34.10 %  of conflicts
c substituted:                  24         0.46 %  of all variables
c subsumed:                 447896         2.77 %  of all clauses
c strengthened:              88161         0.54 %  of all clauses
c ternary:                    8718         1.55 %  of resolved
c trail reuses:                  0         0.00 %  of incremental calls
c vivified:                   3282         0.02 %  of all clauses
c walked:                       20    100000.05    interval
c weakened:                   6682         2.45    average size
c 
c seconds are measured in process time for solving
c 
c --- [ resources ] ----------------------------------------------------------
c 
c total process time since initialization:       149.47    seconds
c total real time since initialization:          153.47    seconds
c maximum resident set size of process:          187.63    MB
c 
c --- [ shutting down ] ------------------------------------------------------
c 
c exit 0
