c --- [ banner ] -------------------------------------------------------------
c 
c CaDiCaL SAT Solver
c Copyright (c) 2016-2023 A. Biere, M. Fleury, N. Froleyks, K. Fazekas, F. Pollitt
c 
c Version 1.9.5 146207318796f094dcded87349a64f0c6927309e
c g++ (Ubuntu 13.3.0-6ubuntu2~24.04.1) 13.3.0 -Wall -Wextra -O3 -DNDEBUG
c Wed Sep 30 06:02:32 JST 2026 Linux ikutoPC 6.6.87.2-microsoft-standard-WSL2 x86_64
c 
c --- [ limit ] --------------------------------------------------------------
c 
c setting conflict limit to 1000000 conflicts (due to '1000000')
c 
c --- [ proof tracing ] ------------------------------------------------------
c 
c opening file to write '/tmp/conway99-exact-eight-0117-beWcj5/proof.drat'
c writing non-binary proof trace to '/tmp/conway99-exact-eight-0117-beWcj5/proof.drat'
c 
c --- [ parsing input ] ------------------------------------------------------
c 
c reading DIMACS file from '/mnt/c/Users/ikuto/projects/conway-99-graph/acceleration/results/20261001_exact_eight_prefix64_batch02_cnfs_part00/case_0117/instance.cnf'
c opening file to read '/mnt/c/Users/ikuto/projects/conway-99-graph/acceleration/results/20261001_exact_eight_prefix64_batch02_cnfs_part00/case_0117/instance.cnf'
c found 'p cnf 9748 167416' header
c parsed 167416 clauses in 0.06 seconds process time
c 
c --- [ options ] ------------------------------------------------------------
c 
c   --binary=false                 (different from default 'true')
c 
c --- [ solving ] ------------------------------------------------------------
c 
c time measured in process time since initialization
c 
c  seconds  reductions  redundant  irredundant
c         MB    restarts       trail      variables
c          level   conflicts       glue        remaining
c 
c *  0.06 17  0 0   0    0    0  0% 0 117552 6822 70%
c {  0.06 17  0 0   0    0    0  0% 0 117552 6822 70%
c i  0.06 17 35 0   0   38   26 50% 5 117552 6821 70%
c i  0.06 18 29 0   4  131   90 51% 7 117552 6820 70%
c i  0.06 18 28 0   4  132   90 50% 7 117552 6573 67%
c -  0.07 18 28 1   6  302  185 54% 6 111330 6564 67%
c i  0.08 18 25 1   6  391  244 55% 5 111330 6563 67%
c i  0.10 18 25 1  27  798  494 58% 5 111330 6562 67%
c -  0.11 23 25 2  44  929  391 58% 6 111237 6562 67%
c i  0.11 23 26 2  48  954  410 58% 6 111237 6471 66%
c }  0.11 23 25 2  56 1000  446 57% 6 111237 6454 66%
c [  0.11 23  0 2  56 1000  446  0% 0 111237 6454 66%
c O  0.11 23 32 2  56 1003  449 68% 5 111237 6454 66%
c i  0.12 23 17 2  56 1238  638 57% 9 111237 6452 66%
c -  0.16 23 31 3  56 1871  923 57% 15 108688 6452 66%
c i  0.21 23 47 3  57 2848 1732 36% 20 108688 6451 66%
c ]  0.22 23 48 3  57 3000 1854 34% 21 108688 6451 66%
c {  0.22 23 25 3  57 3000 1854 87% 6 108688 6451 66%
c F  0.22 23 26 3  59 3009 1862 86% 6 108688 6451 66%
c -  0.23 23 26 4  78 3115 1426 81% 7 108644 6451 66%
c 
c  seconds  reductions  redundant  irredundant
c         MB    restarts       trail      variables
c          level   conflicts       glue        remaining
c 
c i  0.26 23 22 4 130 3653 1822 66% 7 108644 6450 66%
c i  0.26 23 21 4 130 3719 1866 65% 6 108644 6449 66%
c i  0.26 23 22 4 132 3765 1905 64% 7 108644 6448 66%
c i  0.27 23 22 4 148 3921 2034 62% 6 108644 6447 66%
c i  0.27 23 22 4 152 4134 2174 59% 6 108644 6446 66%
c -  0.30 23 21 5 189 4671 1569 54% 6 108415 6446 66%
c d  0.32 23 21 5 227 5001 1793 52% 7 108307 6392 66%
c p  0.39 25 21 5 227 5001 97452 52% 7 108307 6351 65%
c d  0.40 26 21 5 227 5001 87639 52% 7 106341 6335 65%
c d  0.40 26 21 5 227 5001 87639 52% 7 106267 6298 65%
c i  0.40 26 21 5 229 5017 87648 52% 7 106267 6297 65%
c i  0.41 26 21 5 229 5072 87699 51% 7 106267 6296 65%
c i  0.41 26 20 5 234 5219 87771 50% 7 106267 6295 65%
c i  0.43 26 20 5 269 5531 88015 49% 7 106267 6294 65%
c i  0.45 26 20 5 279 5960 88281 47% 7 106267 6292 65%
c i  0.45 26 20 5 279 5976 88289 47% 7 106267 6291 65%
c #  0.45 26 20 5 280 6010 88321 47% 7 106267 6291 65%
c i  0.45 26 20 5 287 6116 88392 47% 7 106267 6290 65%
c i  0.47 26 19 5 305 6506 88674 46% 7 106267 6289 65%
c -  0.49 31 20 6 305 6538 6380 46% 7 105857 6289 65%
c 
c  seconds  reductions  redundant  irredundant
c         MB    restarts       trail      variables
c          level   conflicts       glue        remaining
c 
c i  0.49 31 20 6 305 6546 6387 46% 7 105857 6288 65%
c i  0.49 31 20 6 314 6605 6426 46% 7 105857 6287 64%
c i  0.49 31 20 6 314 6616 6434 46% 7 105857 6286 64%
c i  0.50 31 19 6 314 6764 6500 45% 6 105857 6285 64%
c i  0.50 31 20 6 327 6881 6592 45% 7 105857 6284 64%
c }  0.51 31 20 6 340 7001 6669 45% 7 105857 6284 64%
c [  0.51 31 48 6 340 7001 6669 34% 21 105857 6284 64%
c i  0.52 31 44 6 341 7298 6904 34% 19 105857 6283 64%
c i  0.53 31 43 6 341 7364 6941 34% 19 105857 6262 64%
c s  0.58 32 42 6 341 8214 7595 32% 18 103955 6262 64%
c v  0.59 32 42 6 341 8214 7595 32% 18 103943 6262 64%
c w  0.59 32 42 6 341 8214 7590 32% 18 103943 6261 64%
c t  0.60 32 42 6 341 8214 7590 32% 18 103942 6260 64%
c e  0.62 32 42 6 341 8214 6504 32% 18 101443 5230 54%
c s  0.63 32 42 6 341 8214 6489 32% 18 101443 5230 54%
c i  0.67 32 40 6 341 8693 6150 36% 17 101443 4435 45%
c -  0.68 32 40 7 341 8693 2814 36% 17 70818 4435 45%
c i  0.68 32 40 7 341 8704 2822 36% 17 70818 4434 45%
c i  0.68 32 40 7 341 8705 2822 36% 17 70818 4433 45%
c i  0.68 32 40 7 341 8712 2826 36% 17 70818 4432 45%
c 
c  seconds  reductions  redundant   irredundant
c         MB    restarts       trail      variables
c          level   conflicts       glue        remaining
c 
c i  0.68 32 40 7 341 8715 2828 36% 17 70818 4430 45%
c i  0.68 32 40 7 341 8719 2830 36% 17 70818 4429 45%
c i  0.68 32 40 7 341 8726 2836 36% 17 70818 4428 45%
c i  0.68 32 40 7 341 8732 2840 36% 17 70818 4427 45%
c i  0.68 32 40 7 341 8735 2839 36% 17 70818 4426 45%
c i  0.68 32 40 7 341 8741 2839 36% 17 70818 4425 45%
c i  0.69 32 39 7 341 8785 2865 37% 17 70818 3845 39%
c i  0.69 32 39 7 341 8788 2867 37% 17 70818 3839 39%
c i  0.69 32 39 7 341 8790 2867 37% 17 70818 3837 39%
c ]  0.69 32 39 7 341 8794 2868 37% 17 70818 3305 34%
c 0  0.69 32 39 7 341 8794 2868 37% 17 70818 3305 34%
c 
c --- [ closing proof ] ------------------------------------------------------
c 
c DRAT proof file '/tmp/conway99-exact-eight-0117-beWcj5/proof.drat' closed
c DRAT 124605 added clauses 36.91%
c DRAT 213028 deleted clauses 63.09%
c DRAT 9508450 bytes (9.07 MB)
c 
c --- [ result ] -------------------------------------------------------------
c 
s UNSATISFIABLE
c 
c --- [ run-time profiling ] -------------------------------------------------
c 
c process time taken by individual solving procedures
c (percentage relative to process time for solving)
c 
c         0.48   75.97% search
c         0.26   40.94% unstable
c         0.22   34.89% stable
c         0.15   23.95% simplify
c         0.06   10.24% probe
c         0.06    9.07% parse
c         0.03    4.97% elim
c         0.01    2.30% subsume
c         0.01    1.74% vivify
c         0.01    1.05% ternary
c         0.00    0.12% lucky
c   =================================
c         0.63   91.60% solve
c 
c last line shows process time for solving
c (percentage relative to total process time)
c 
c --- [ statistics ] ---------------------------------------------------------
c 
c chronological:              3719        42.29 %  of conflicts
c conflicts:                  8794     13993.05    per second
c decisions:                 28746     45740.75    per second
c eliminated:                 1030        10.57 %  of all variables
c fixed:                      5306        54.43 %  of all variables
c learned:                    8082        91.90 %  per conflict
c learned_lits:             604317       100.00 %  learned literals
c minimized:                     0         0.00 %  learned literals
c shrunken:                 268278        44.39 %  learned literals
c minishrunken:              69294        11.47 %  learned literals
c otfs:                         69         0.78 %  of conflict
c propagations:            6621960        10.54 M  per second
c reduced:                    1474        16.76 %  per conflict
c rephased:                      3      2931.33    interval
c restarts:                    341        25.79    interval
c stabilizing:                   2        43.12 %  of conflicts
c substituted:                 107         1.10 %  of all variables
c subsumed:                   3488         1.53 %  of all clauses
c strengthened:                603         0.26 %  of all clauses
c ternary:                       9         0.13 %  of resolved
c trail reuses:                  0         0.00 %  of incremental calls
c vivified:                     18         0.01 %  of all clauses
c weakened:                   3266         2.31    average size
c 
c seconds are measured in process time for solving
c 
c --- [ resources ] ----------------------------------------------------------
c 
c total process time since initialization:         0.69    seconds
c total real time since initialization:            1.39    seconds
c maximum resident set size of process:           31.96    MB
c 
c --- [ shutting down ] ------------------------------------------------------
c 
c exit 20
