[
  {
    "matrix": "27I-9A+J",
    "result": {
      "psd": false,
      "rank": null,
      "rank_null_reason": "A negative-direction certificate already falsifies PSD; full rank was not needed.",
      "reason": "NEGATIVE_DIAGONAL_CONGRUENCE_PIVOT",
      "integer_negative_vector": [
        -7404261394,
        1681560630,
        -4008474833,
        -1513874984,
        9978399396,
        -8450257574,
        -813039219,
        4331484882,
        0,
        -5503167205,
        1631107555,
        -3448612105,
        -4251724605,
        2760281345,
        4197404795,
        -7863998145,
        -6785640495,
        -442140755,
        0,
        693423110,
        1216336955,
        3780080200,
        8947526455,
        8123829840,
        6141134140,
        1834924415,
        -1093884595,
        2095380875,
        0,
        -8237011985,
        -6556629695,
        -2095101290,
        -1772040845,
        -7559535815,
        -5734036510,
        0,
        0,
        0,
        0,
        0,
        0,
        0,
        0,
        0,
        0,
        0,
        0,
        0,
        0,
        0,
        0,
        0,
        6792752905,
        0,
        0,
        0,
        0,
        0,
        0
      ],
      "support": [
        0,
        1,
        2,
        3,
        4,
        5,
        6,
        7,
        9,
        10,
        11,
        12,
        13,
        14,
        15,
        16,
        17,
        19,
        20,
        21,
        22,
        23,
        24,
        25,
        26,
        27,
        29,
        30,
        31,
        32,
        33,
        34,
        52
      ],
      "quadratic_value": -28839656574361975230
    }
  },
  {
    "matrix": "A+4I",
    "result": {
      "psd": false,
      "rank": null,
      "rank_null_reason": "A negative-direction certificate already falsifies PSD; full rank was not needed.",
      "reason": "NEGATIVE_DIAGONAL_CONGRUENCE_PIVOT",
      "integer_negative_vector": [
        184214798679609,
        -13032305277902,
        -48372627615301,
        -24816343716230,
        -32820202703081,
        -15540631934635,
        -36588589176973,
        -50892747249619,
        37848648994132,
        -75810084372867,
        -60580373213320,
        -66442054775693,
        -65400459748689,
        -72896942747265,
        -46117428901370,
        -70026381613611,
        -41944138575687,
        -81885222130432,
        -32946242853096,
        31379004944740,
        42478468942729,
        26753747622901,
        16825707436672,
        34455217021312,
        17701103091653,
        25912190063161,
        8327216084689,
        31730183782853,
        0,
        33071784975128,
        24528303810669,
        27512725986218,
        -1082430520742,
        1608607208087,
        11613354052297,
        25956778425327,
        -4694547717414,
        11808476559450,
        0,
        26816572585361,
        21331776766552,
        25873855110325,
        38033172911164,
        40703811378466,
        11294513633029,
        40160892485958,
        14528212862903,
        29420629428542,
        0,
        0,
        0,
        0,
        0,
        0,
        0,
        0,
        0,
        0,
        0
      ],
      "support": [
        0,
        1,
        2,
        3,
        4,
        5,
        6,
        7,
        8,
        9,
        10,
        11,
        12,
        13,
        14,
        15,
        16,
        17,
        18,
        19,
        20,
        21,
        22,
        23,
        24,
        25,
        26,
        27,
        29,
        30,
        31,
        32,
        33,
        34,
        35,
        36,
        37,
        39,
        40,
        41,
        42,
        43,
        44,
        45,
        46,
        47
      ],
      "quadratic_value": -125613073837417971723335494
    }
  }
]
