c --- [ banner ] -------------------------------------------------------------
c 
c CaDiCaL SAT Solver
c Copyright (c) 2016-2023 A. Biere, M. Fleury, N. Froleyks, K. Fazekas, F. Pollitt
c 
c Version 1.9.5 146207318796f094dcded87349a64f0c6927309e
c g++ (Ubuntu 13.3.0-6ubuntu2~24.04.1) 13.3.0 -Wall -Wextra -O3 -DNDEBUG
c Wed Sep 30 06:02:32 JST 2026 Linux ikutoPC 6.6.87.2-microsoft-standard-WSL2 x86_64
c 
c --- [ limit ] --------------------------------------------------------------
c 
c setting conflict limit to 1000000 conflicts (due to '1000000')
c 
c --- [ proof tracing ] ------------------------------------------------------
c 
c opening file to write '/tmp/conway99-seven-profile-rank5_52_profile_0003-Rrdjv5/proof.drat'
c writing non-binary proof trace to '/tmp/conway99-seven-profile-rank5_52_profile_0003-Rrdjv5/proof.drat'
c 
c --- [ parsing input ] ------------------------------------------------------
c 
c reading DIMACS file from '/mnt/c/Users/ikuto/projects/conway-99-graph/acceleration/results/20260930_hadamard_seven_remaining_cnfs/run02/rank5_52_profile_0003/instance.cnf'
c opening file to read '/mnt/c/Users/ikuto/projects/conway-99-graph/acceleration/results/20260930_hadamard_seven_remaining_cnfs/run02/rank5_52_profile_0003/instance.cnf'
c found 'p cnf 9872 170454' header
c parsed 170454 clauses in 0.06 seconds process time
c 
c --- [ options ] ------------------------------------------------------------
c 
c   --binary=false                 (different from default 'true')
c 
c --- [ solving ] ------------------------------------------------------------
c 
c time measured in process time since initialization
c 
c  seconds  reductions  redundant  irredundant
c         MB    restarts       trail      variables
c          level   conflicts       glue        remaining
c 
c *  0.06 18  0 0   0    0    0  0% 0 120522 6945 70%
c {  0.07 18  0 0   0    0    0  0% 0 120522 6945 70%
c i  0.07 18 11 0   0   10    7 40% 2 120522 6944 70%
c i  0.07 19 25 0   6   45   37 53% 5 120522 6943 70%
c i  0.08 19 18 0  29  262  174 55% 7 120522 6590 67%
c -  0.09 19 18 1  34  302  182 54% 7 108378 6590 67%
c i  0.09 19 18 1  35  306  184 54% 7 108378 6589 67%
c i  0.09 19 18 1  38  320  196 53% 7 108378 6547 66%
c i  0.09 19 16 1  45  457  296 55% 6 108378 6531 66%
c i  0.09 19 16 1  45  458  296 55% 6 108378 6530 66%
c i  0.09 19 16 1  45  459  296 55% 6 108378 6529 66%
c i  0.09 19 16 1  45  460  296 55% 6 108378 6528 66%
c i  0.09 19 16 1  45  461  296 55% 6 108378 6527 66%
c i  0.09 19 16 1  45  462  296 55% 6 108378 6526 66%
c i  0.09 19 16 1  45  463  296 55% 6 108378 6525 66%
c i  0.09 19 16 1  45  465  297 55% 6 108378 6524 66%
c }  0.10 19 16 1  45  473  301 55% 6 108378 6292 64%
c 0  0.10 19 16 1  45  473  301 55% 6 108378 6292 64%
c 
c --- [ closing proof ] ------------------------------------------------------
c 
c DRAT proof file '/tmp/conway99-seven-profile-rank5_52_profile_0003-Rrdjv5/proof.drat' closed
c DRAT 5841 added clauses 8.36%
c DRAT 64035 deleted clauses 91.64%
c DRAT 1812453 bytes (1.73 MB)
c 
c --- [ result ] -------------------------------------------------------------
c 
s UNSATISFIABLE
c 
c --- [ run-time profiling ] -------------------------------------------------
c 
c process time taken by individual solving procedures
c (percentage relative to process time for solving)
c 
c         0.06  202.03% parse
c         0.03   97.30% search
c         0.03   92.23% unstable
c         0.00    4.97% lucky
c         0.00    0.00% simplify
c   =================================
c         0.03   32.85% solve
c 
c last line shows process time for solving
c (percentage relative to total process time)
c 
c --- [ statistics ] ---------------------------------------------------------
c 
c chronological:               201        42.49 %  of conflicts
c conflicts:                   473     15003.01    per second
c decisions:                  1673     53065.63    per second
c fixed:                      3580        36.26 %  of all variables
c learned:                     392        82.88 %  per conflict
c learned_lits:              26504       100.00 %  learned literals
c minimized:                     0         0.00 %  learned literals
c shrunken:                  17678        66.70 %  learned literals
c minishrunken:               1782         6.72 %  learned literals
c otfs:                          8         1.69 %  of conflict
c propagations:             276017         8.75 M  per second
c restarts:                     45        10.51    interval
c subsumed:                     72         0.06 %  of all clauses
c strengthened:                  8         0.01 %  of all clauses
c trail reuses:                  0         0.00 %  of incremental calls
c 
c seconds are measured in process time for solving
c 
c --- [ resources ] ----------------------------------------------------------
c 
c total process time since initialization:         0.10    seconds
c total real time since initialization:            0.80    seconds
c maximum resident set size of process:           19.99    MB
c 
c --- [ shutting down ] ------------------------------------------------------
c 
c exit 20
