c --- [ banner ] -------------------------------------------------------------
c 
c CaDiCaL SAT Solver
c Copyright (c) 2016-2023 A. Biere, M. Fleury, N. Froleyks, K. Fazekas, F. Pollitt
c 
c Version 1.9.5 146207318796f094dcded87349a64f0c6927309e
c g++ (Ubuntu 13.3.0-6ubuntu2~24.04.1) 13.3.0 -Wall -Wextra -O3 -DNDEBUG
c Wed Sep 30 06:02:32 JST 2026 Linux ikutoPC 6.6.87.2-microsoft-standard-WSL2 x86_64
c 
c --- [ limit ] --------------------------------------------------------------
c 
c setting conflict limit to 1000000 conflicts (due to '1000000')
c 
c --- [ proof tracing ] ------------------------------------------------------
c 
c opening file to write '/tmp/conway99-seven-profile-rank5_17_profile_0004-XAOdTt/proof.drat'
c writing non-binary proof trace to '/tmp/conway99-seven-profile-rank5_17_profile_0004-XAOdTt/proof.drat'
c 
c --- [ parsing input ] ------------------------------------------------------
c 
c reading DIMACS file from '/mnt/c/Users/ikuto/projects/conway-99-graph/acceleration/results/20260930_hadamard_seven_remaining_cnfs/run02/rank5_17_profile_0004/instance.cnf'
c opening file to read '/mnt/c/Users/ikuto/projects/conway-99-graph/acceleration/results/20260930_hadamard_seven_remaining_cnfs/run02/rank5_17_profile_0004/instance.cnf'
c found 'p cnf 9872 170454' header
c parsed 170454 clauses in 0.07 seconds process time
c 
c --- [ options ] ------------------------------------------------------------
c 
c   --binary=false                 (different from default 'true')
c 
c --- [ solving ] ------------------------------------------------------------
c 
c time measured in process time since initialization
c 
c  seconds  reductions  redundant  irredundant
c         MB    restarts       trail      variables
c          level   conflicts       glue        remaining
c 
c *  0.07 18  0 0   0    0    0  0% 0 120522 6945 70%
c {  0.07 18  0 0   0    0    0  0% 0 120522 6945 70%
c i  0.08 19 22 0   9  108   66 53% 6 120522 6944 70%
c i  0.08 19 16 0  10  298  207 52% 5 120522 6943 70%
c -  0.09 19 16 1  10  300   91 53% 5 120308 6943 70%
c i  0.09 19 17 1  15  430  207 54% 6 120308 6942 70%
c i  0.10 19 17 1  20  445  220 54% 6 120308 6941 70%
c i  0.10 19 17 1  20  448  222 54% 6 120308 6940 70%
c i  0.10 19 17 1  22  456  227 54% 6 120308 6939 70%
c i  0.10 19 17 1  22  476  236 55% 6 120308 6938 70%
c i  0.10 19 16 1  22  498  251 55% 5 120308 6937 70%
c i  0.11 19 27 1  36  717  432 55% 6 120308 6936 70%
c i  0.11 19 27 1  36  718  432 55% 6 120308 6935 70%
c i  0.11 19 27 1  36  721  434 55% 6 120308 6934 70%
c i  0.11 19 27 1  37  723  435 55% 6 120308 6933 70%
c i  0.11 19 27 1  38  730  441 55% 6 120308 6932 70%
c i  0.12 19 27 1  52  834  505 55% 6 120308 6931 70%
c i  0.12 19 27 1  52  835  505 55% 6 120308 6930 70%
c i  0.12 19 26 1  54  873  514 55% 6 120308 6928 70%
c i  0.12 19 26 1  54  922  552 55% 6 120308 6927 70%
c 
c  seconds  reductions  redundant  irredundant
c         MB    restarts       trail      variables
c          level   conflicts       glue        remaining
c 
c i  0.12 19 26 1  54  924  553 55% 6 120308 6926 70%
c -  0.13 24 25 2  54  949  517 56% 6 119636 6926 70%
c }  0.13 24 24 2  54 1001  563 55% 6 119636 6926 70%
c [  0.13 24  0 2  54 1001  563  0% 0 119636 6926 70%
c O  0.13 24  1 2  54 1002  564 51% 1 119636 6926 70%
c i  0.13 24 23 2  54 1013  573 60% 3 119636 6925 70%
c i  0.14 24 26 2  54 1088  620 59% 13 119636 6924 70%
c i  0.14 24 25 2  54 1092  623 59% 12 119636 6923 70%
c i  0.14 24 25 2  54 1097  627 59% 12 119636 6922 70%
c i  0.14 24 25 2  54 1099  627 58% 12 119636 6921 70%
c i  0.14 24 23 2  54 1121  641 58% 12 119636 6920 70%
c i  0.14 24 23 2  54 1131  648 57% 12 119636 6919 70%
c i  0.14 24 19 2  54 1166  667 57% 10 119636 6917 70%
c i  0.14 24 31 2  54 1266  741 54% 10 119636 6916 70%
c i  0.15 24 35 2  54 1303  770 54% 11 119636 6915 70%
c i  0.15 24 30 2  54 1387  839 53% 10 119636 6914 70%
c i  0.15 24 30 2  54 1483  927 53% 10 119636 6851 69%
c i  0.16 24 30 2  54 1515  954 52% 10 119636 6850 69%
c i  0.16 24 29 2  54 1607 1029 52% 10 119636 6849 69%
c i  0.17 24 31 2  54 1706 1089 52% 11 119636 6848 69%
c 
c  seconds  reductions  redundant   irredundant
c         MB    restarts       trail       variables
c          level   conflicts       glue         remaining
c 
c i  0.17 24 33 2  54 1734 1106 51% 12 119636 6847 69%
c i  0.17 24 36 2  54 1779 1138 51% 13 119636 6846 69%
c i  0.17 24 36 2  54 1818 1164 51% 14 119636 6845 69%
c i  0.17 24 36 2  54 1855 1187 51% 14 119636 6844 69%
c i  0.17 24 36 2  54 1856 1187 51% 14 119636 6843 69%
c -  0.18 25 35 3  54 1919 1063 51% 14 115928 6843 69%
c i  0.20 25 31 3  55 2194 1294 51% 12 115928 6840 69%
c i  0.20 25 30 3  55 2274 1353 52% 12 115928 6839 69%
c i  0.20 25 30 3  55 2278 1355 51% 12 115928 6836 69%
c i  0.20 25 30 3  55 2319 1376 52% 12 115928 5731 58%
c ]  0.22 22 30 3  55 2326  313 13% 12 82483 4215 43%
c 0  0.22 22 30 3  55 2326  313 13% 12 82483 4215 43%
c 
c --- [ closing proof ] ------------------------------------------------------
c 
c DRAT proof file '/tmp/conway99-seven-profile-rank5_17_profile_0004-XAOdTt/proof.drat' closed
c DRAT 12665 added clauses 11.80%
c DRAT 94665 deleted clauses 88.20%
c DRAT 3430573 bytes (3.27 MB)
c 
c --- [ result ] -------------------------------------------------------------
c 
s UNSATISFIABLE
c 
c --- [ run-time profiling ] -------------------------------------------------
c 
c process time taken by individual solving procedures
c (percentage relative to process time for solving)
c 
c         0.15   99.51% search
c         0.08   55.94% stable
c         0.07   45.40% parse
c         0.06   42.59% unstable
c         0.00    0.95% lucky
c         0.00    0.00% simplify
c   =================================
c         0.15   68.49% solve
c 
c last line shows process time for solving
c (percentage relative to total process time)
c 
c --- [ statistics ] ---------------------------------------------------------
c 
c chronological:              1108        47.64 %  of conflicts
c conflicts:                  2326     15689.61    per second
c decisions:                  8299     55979.39    per second
c fixed:                      5657        57.30 %  of all variables
c learned:                    2154        92.61 %  per conflict
c learned_lits:             134495       100.00 %  learned literals
c minimized:                     0         0.00 %  learned literals
c shrunken:                  58571        43.55 %  learned literals
c minishrunken:              13762        10.23 %  learned literals
c otfs:                         24         1.03 %  of conflict
c propagations:            1337899         9.02 M  per second
c reduced:                      98         4.21 %  per conflict
c rephased:                      1      2326.00    interval
c restarts:                     55        42.29    interval
c stabilizing:                   1        56.96 %  of conflicts
c subsumed:                    387         0.32 %  of all clauses
c strengthened:                 24         0.02 %  of all clauses
c trail reuses:                  0         0.00 %  of incremental calls
c 
c seconds are measured in process time for solving
c 
c --- [ resources ] ----------------------------------------------------------
c 
c total process time since initialization:         0.22    seconds
c total real time since initialization:            0.89    seconds
c maximum resident set size of process:           28.52    MB
c 
c --- [ shutting down ] ------------------------------------------------------
c 
c exit 20
