c --- [ banner ] -------------------------------------------------------------
c 
c CaDiCaL SAT Solver
c Copyright (c) 2016-2023 A. Biere, M. Fleury, N. Froleyks, K. Fazekas, F. Pollitt
c 
c Version 1.9.5 146207318796f094dcded87349a64f0c6927309e
c g++ (Ubuntu 13.3.0-6ubuntu2~24.04.1) 13.3.0 -Wall -Wextra -O3 -DNDEBUG
c Wed Sep 30 06:02:32 JST 2026 Linux ikutoPC 6.6.87.2-microsoft-standard-WSL2 x86_64
c 
c --- [ limit ] --------------------------------------------------------------
c 
c setting conflict limit to 1000000 conflicts (due to '1000000')
c 
c --- [ proof tracing ] ------------------------------------------------------
c 
c opening file to write '/tmp/conway99-seven-profile-rank5_100_profile_0003-3if1h8/proof.drat'
c writing non-binary proof trace to '/tmp/conway99-seven-profile-rank5_100_profile_0003-3if1h8/proof.drat'
c 
c --- [ parsing input ] ------------------------------------------------------
c 
c reading DIMACS file from '/mnt/c/Users/ikuto/projects/conway-99-graph/acceleration/results/20260930_hadamard_seven_remaining_cnfs/run01/rank5_100_profile_0003/instance.cnf'
c opening file to read '/mnt/c/Users/ikuto/projects/conway-99-graph/acceleration/results/20260930_hadamard_seven_remaining_cnfs/run01/rank5_100_profile_0003/instance.cnf'
c found 'p cnf 9872 170454' header
c parsed 170454 clauses in 0.07 seconds process time
c 
c --- [ options ] ------------------------------------------------------------
c 
c   --binary=false                 (different from default 'true')
c 
c --- [ solving ] ------------------------------------------------------------
c 
c time measured in process time since initialization
c 
c  seconds  reductions  redundant  irredundant
c         MB    restarts       trail      variables
c          level   conflicts       glue        remaining
c 
c *  0.07 18  0 0   0    0    0  0% 0 120522 6945 70%
c {  0.07 18  0 0   0    0    0  0% 0 120522 6945 70%
c -  0.09 19 26 1   7  300  239 56% 6 120402 6945 70%
c i  0.09 19 25 1   7  305  243 56% 6 120402 6944 70%
c i  0.09 19 25 1   7  306  243 56% 6 120402 6943 70%
c i  0.10 19 23 1   8  506  383 55% 5 120402 6942 70%
c }  0.10 19 22 1   8  510  383 55% 5 120402 5987 61%
c 0  0.10 19 22 1   8  510  383 55% 5 120402 5987 61%
c 
c --- [ closing proof ] ------------------------------------------------------
c 
c DRAT proof file '/tmp/conway99-seven-profile-rank5_100_profile_0003-3if1h8/proof.drat' closed
c DRAT 5216 added clauses 9.28%
c DRAT 50999 deleted clauses 90.72%
c DRAT 1339840 bytes (1.28 MB)
c 
c --- [ result ] -------------------------------------------------------------
c 
s UNSATISFIABLE
c 
c --- [ run-time profiling ] -------------------------------------------------
c 
c process time taken by individual solving procedures
c (percentage relative to process time for solving)
c 
c         0.07  219.63% parse
c         0.03   97.68% search
c         0.03   95.37% unstable
c         0.00    2.20% lucky
c         0.00    0.00% simplify
c   =================================
c         0.03   31.05% solve
c 
c last line shows process time for solving
c (percentage relative to total process time)
c 
c --- [ statistics ] ---------------------------------------------------------
c 
c chronological:               266        52.16 %  of conflicts
c conflicts:                   510     15658.10    per second
c decisions:                  1922     59009.55    per second
c fixed:                      3885        39.35 %  of all variables
c learned:                     475        93.14 %  per conflict
c learned_lits:              32757       100.00 %  learned literals
c minimized:                     0         0.00 %  learned literals
c shrunken:                  19227        58.70 %  learned literals
c minishrunken:               1857         5.67 %  learned literals
c otfs:                          4         0.78 %  of conflict
c propagations:             288366         8.85 M  per second
c restarts:                      8        63.75    interval
c subsumed:                     86         0.07 %  of all clauses
c strengthened:                  4         0.00 %  of all clauses
c trail reuses:                  0         0.00 %  of incremental calls
c 
c seconds are measured in process time for solving
c 
c --- [ resources ] ----------------------------------------------------------
c 
c total process time since initialization:         0.10    seconds
c total real time since initialization:            0.72    seconds
c maximum resident set size of process:           19.97    MB
c 
c --- [ shutting down ] ------------------------------------------------------
c 
c exit 20
