c --- [ banner ] -------------------------------------------------------------
c 
c CaDiCaL SAT Solver
c Copyright (c) 2016-2023 A. Biere, M. Fleury, N. Froleyks, K. Fazekas, F. Pollitt
c 
c Version 1.9.5 146207318796f094dcded87349a64f0c6927309e
c g++ (Ubuntu 13.3.0-6ubuntu2~24.04.1) 13.3.0 -Wall -Wextra -O3 -DNDEBUG
c Wed Sep 30 06:02:32 JST 2026 Linux ikutoPC 6.6.87.2-microsoft-standard-WSL2 x86_64
c 
c --- [ limit ] --------------------------------------------------------------
c 
c setting conflict limit to 2000000 conflicts (due to '2000000')
c 
c --- [ proof tracing ] ------------------------------------------------------
c 
c opening file to write '/tmp/conway99-prism-coarse60-c977XL/proof.drat'
c writing non-binary proof trace to '/tmp/conway99-prism-coarse60-c977XL/proof.drat'
c 
c --- [ parsing input ] ------------------------------------------------------
c 
c reading DIMACS file from '/mnt/c/Users/ikuto/projects/conway-99-graph/acceleration/results/20260930_prism_coarse60_bitlift/instance.cnf'
c opening file to read '/mnt/c/Users/ikuto/projects/conway-99-graph/acceleration/results/20260930_prism_coarse60_bitlift/instance.cnf'
c found 'p cnf 5238 85698' header
c parsed 85698 clauses in 0.13 seconds process time
c 
c --- [ options ] ------------------------------------------------------------
c 
c   --binary=false                 (different from default 'true')
c 
c --- [ solving ] ------------------------------------------------------------
c 
c time measured in process time since initialization
c 
c  seconds  reductions  redundant  irredundant
c         MB    restarts       trail     variables
c          level   conflicts       glue       remaining
c 
c *  0.13 18  0 0   0    0    0  0% 0 85680 5220 100%
c {  0.13 19  0 0   0    0    0  0% 0 85680 5220 100%
c -  0.15 20 414 1   5  303  228 62% 83 85644 5220 100%
c -  0.18 28 332 2   5  903  569 58% 43 85644 5220 100%
c }  0.19 28 327 2   5 1000  621 57% 41 85644 5220 100%
c [  0.19 28  0 2   5 1000  621  0% 0 85644 5220 100%
c O  0.19 28 246 2   5 1006  626 58% 7 85644 5220 100%
c -  0.21 28 159 3   5 1803 1095 37% 28 85644 5220 100%
c ]  0.25 28 134 3   6 3003 2039 40% 28 85644 5220 100%
c {  0.25 28 327 3   6 3003 2039 57% 41 85644 5220 100%
c -  0.25 29 327 4   6 3003 1673 57% 41 85644 5220 100%
c F  0.26 29 326 4   6 3008 1678 57% 41 85644 5220 100%
c -  0.31 28 160 5   6 4503 2187 56% 25 85644 5220 100%
c d  0.34 28 139 5   6 5002 2610 56% 22 85608 5202 99%
c p  0.65 85 139 5   6 5002 710033 56% 22 85608 5202 99%
c #  0.72 87 109 5   6 6011 710744 57% 19 85608 5202 99%
c -  0.80 83 105 6  14 6307 11494 58% 19 85608 5202 99%
c }  0.83 83 92 6  14 7003 11977 58% 18 85608 5202 99%
c [  0.83 83 134 6  14 7003 11977 40% 28 85608 5202 99%
c s  0.88 85 133 6  15 8076 12345 47% 29 85608 5202 99%
c 
c  seconds   reductions   redundant   irredundant
c         MB     restarts        trail      variables
c           level   conflicts        glue        remaining
c 
c w  0.92 85 133 6  15 8076 12344 47% 29 85608 5202 99%
c t  0.93 85 133 6  15 8076 12344 47% 29 85607 5202 99%
c e  0.96 86 133 6  15 8076 10712 47% 29 83983 3858 74%
c s  0.98 86 133 6  15 8076 10699 47% 29 83983 3858 74%
c ^  0.98 86 133 6  15 8076 10699 47% 29 83983 3858 74%
c -  1.01 91 152 7  15 8408 3364 64% 32 83983 3858 74%
c I  1.09 91 202 7  16 10013 4607 62% 61 83983 3858 74%
c -  1.12 91 204 8  17 10808 3393 60% 59 83983 3858 74%
c -  1.27 91 159 9  19 13510 3937 58% 51 83981 3858 74%
c ]  1.35 91 144 9  19 15017 5049 59% 48 83981 3858 74%
c {  1.35 91 92 9  19 15017 5049 79% 18 83981 3858 74%
c p  1.53 91 92 9  19 15017 439968 79% 18 83981 3858 74%
c B  1.54 91 92 9  19 15018 439969 79% 18 83981 3858 74%
c -  1.65 98 81 10  67 16512 8219 76% 17 83981 3858 74%
c -  1.83 98 60 11  73 19812 6556 72% 14 83981 3858 74%
c W  1.92 98 63 11 155 21020 7583 71% 14 83981 3858 74%
c -  2.01 98 79 12 695 23412 6749 66% 19 83979 3858 74%
c s  2.12 98 79 12 923 25853 8762 63% 19 83979 3858 74%
c v  2.15 98 79 12 923 25853 8762 63% 19 83963 3858 74%
c s  2.19 98 79 12 923 25853 8762 63% 19 83963 3858 74%
c 
c  seconds  reductions    redundant   irredundant
c         MB     restarts        trail      variables
c          level     conflicts       glue        remaining
c 
c ^  2.20 98 79 12 923 25853 8762 63% 19 83963 3858 74%
c -  2.24 98 86 13 1072 27313 7252 62% 19 83963 3858 74%
c F  2.27 98 87 13 1138 28021 7819 62% 20 83963 3858 74%
c p  2.62 98 91 13 1380 30026 696845 61% 20 83963 3858 74%
c }  2.68 98 88 13 1400 31017 697689 61% 19 83963 3858 74%
c [  2.68 98 144 13 1400 31017 697689 59% 48 83963 3858 74%
c -  2.77 102 139 14 1400 31514 16968 60% 46 83963 3858 74%
c -  2.92 81 166 15 1403 36016 11324 64% 54 83963 3858 74%
c B  2.92 81 166 15 1403 36023 11330 64% 54 83963 3858 74%
c -  3.10 90 140 16 1406 40818 11140 65% 47 83963 3858 74%
c W  3.33 90 129 16 1407 45027 14511 66% 44 83963 3858 74%
c -  3.39 100 126 17 1407 45918 12362 66% 43 83963 3858 74%
c p  3.78 100 116 17 1408 50027 421094 67% 41 83963 3858 74%
c -  3.91 110 112 18 1408 51318 16338 67% 40 83963 3858 74%
c s  4.02 110 109 18 1408 52517 16747 67% 39 83963 3858 74%
c v  4.05 110 109 18 1408 52517 16747 67% 39 83915 3858 74%
c t  4.07 110 109 18 1408 52517 16745 67% 39 83909 3858 74%
c e  4.08 110 109 18 1408 52517 15388 67% 39 84981 3322 63%
c s  4.12 110 109 18 1408 52517 15387 67% 39 84981 3322 63%
c O  4.23 81 105 18 1409 55028 17406 74% 37 84980 3322 63%
c 
c  seconds   reductions      redundant   irredundant
c         MB      restarts          trail      variables
c           level      conflicts        glue        remaining
c 
c -  4.32 90 104 19 1411 57020 14183 72% 36 84980 3322 63%
c ]  4.54 90 100 19 1415 63018 18879 70% 36 84980 3322 63%
c {  4.54 90 88 19 1415 63018 18879 71% 19 84980 3322 63%
c -  4.56 99 88 20 1415 63020 14955 71% 19 84980 3322 63%
c B  4.66 99 92 20 1839 66030 17455 69% 21 84980 3322 63%
c -  4.77 99 91 21 2087 69320 15200 69% 20 84980 3322 63%
c p  5.26 99 91 21 2565 75027 730614 67% 20 84980 3322 63%
c -  5.39 106 89 22 2568 75920 23388 68% 20 84980 3322 63%
c W  5.51 106 91 22 2641 78031 25067 68% 20 84980 3322 63%
c -  5.69 106 92 23 3170 82824 19742 66% 21 84980 3322 63%
c s  6.07 106 89 23 3530 89935 25499 66% 20 84980 3322 63%
c v  6.12 106 89 23 3530 89935 25499 66% 20 84952 3322 63%
c t  6.13 106 89 23 3530 89935 25495 66% 20 84918 3322 63%
c s  6.17 106 89 23 3530 89935 25495 66% 20 84888 3322 63%
c -  6.20 106 88 24 3530 90027 21710 66% 20 84888 3322 63%
c #  6.24 106 89 24 3673 91032 22559 65% 20 84888 3322 63%
c -  6.45 85 87 25 4203 97527 24148 64% 21 84888 3322 63%
c p  6.92 92 85 25 4796 105028 505636 63% 21 84888 3322 63%
c B  6.94 92 85 25 4796 105033 505641 63% 21 84888 3322 63%
c -  7.00 102 85 26 4843 105327 27036 63% 21 84888 3322 63%
c 
c  seconds   reductions       redundant   irredundant
c          MB     restarts           trail      variables
c           level      conflicts         glue        remaining
c 
c -  7.28 102 82 27 5401 113427 27933 62% 21 84887 3322 63%
c W  7.60 102 78 27 5545 120034 33275 62% 20 84887 3322 63%
c -  7.68 103 79 28 5747 121833 30143 61% 20 84887 3322 63%
c }  7.90 103 76 28 5827 127019 34168 62% 20 84887 3322 63%
c [  7.90 103 100 28 5827 127019 34168 70% 36 84887 3322 63%
c -  8.09 104 95 29 5827 130535 32265 69% 34 84887 3322 63%
c B  8.42 104 92 29 5831 136037 36566 67% 34 84887 3322 63%
c s  8.54 104 95 29 5832 136692 36944 67% 34 84868 3322 63%
c v  8.59 104 95 29 5832 136692 36944 67% 34 84824 3322 63%
c t  8.61 104 95 29 5832 136692 36931 67% 34 81427 3322 63%
c s  8.64 104 95 29 5832 136692 36931 67% 34 81427 3322 63%
c ^  8.64 104 95 29 5832 136692 36931 67% 34 81427 3322 63%
c -  8.83 117 105 30 5834 139535 34706 66% 39 81427 3322 63%
c p  9.13 117 106 30 5834 140028 711586 66% 40 81427 3322 63%
c -  9.54 104 106 31 5835 148836 54827 69% 40 81427 3322 63%
c W  9.80 104 105 31 5836 153039 58284 70% 40 81427 3322 63%
c - 10.10 107 114 32 5836 158450 43227 70% 40 81427 3322 63%
c - 10.64 119 129 33 5836 168351 40218 70% 45 81427 3322 63%
c I 10.78 119 133 33 5839 171045 42350 70% 46 81427 3322 63%
c - 11.13 119 155 34 5843 178558 40391 68% 51 81427 3322 63%
c 
c  seconds    reductions       redundant    irredundant
c          MB      restarts            trail      variables
c            level      conflicts          glue        remaining
c 
c p 11.41 119 157 34 5843 180031 537007 68% 51 81427 3322 63%
c - 12.07 119 154 35 5849 189058 63152 68% 52 81427 3322 63%
c B 12.16 119 153 35 5850 190048 63955 68% 52 81427 3322 63%
c s 12.39 119 157 35 5850 192077 64879 68% 53 81360 3322 63%
c v 12.43 119 157 35 5850 192077 64879 68% 53 81307 3322 63%
c t 12.45 119 157 35 5850 192077 64879 68% 53 81306 3322 63%
c e 12.47 119 157 35 5850 192077 64204 68% 53 81329 3312 63%
c s 12.51 119 157 35 5850 192077 64204 68% 53 81329 3312 63%
c - 13.12 119 163 36 5851 199860 46566 67% 58 81329 3312 63%
c W 13.93 119 173 36 5857 210052 54580 66% 61 81329 3312 63%
c - 14.02 119 172 37 5858 210960 44582 66% 61 81329 3312 63%
c - 14.88 119 162 38 5864 222361 47044 66% 58 81329 3312 63%
c 3 15.10 119 159 38 5865 225037 49484 66% 57 81324 3312 63%
c 3 15.10 119 159 38 5865 225037 49613 66% 57 81324 3312 63%
c p 15.40 119 159 38 5865 225037 731232 66% 57 81324 3312 63%
c O 15.67 119 152 38 5866 231053 736374 66% 55 81324 3312 63%
c - 15.84 119 148 39 5866 234063 68233 67% 53 81324 3312 63%
c - 16.45 119 140 40 5867 246063 55372 67% 50 81324 3312 63%
c B 16.92 119 136 40 5868 253054 60886 67% 49 81324 3312 63%
c ] 17.08 119 134 40 5868 255019 62340 67% 49 81324 3312 63%
c 
c  seconds   reductions       redundant   irredundant
c          MB     restarts           trail      variables
c           level      conflicts         glue        remaining
c 
c { 17.08 119 76 40 5868 255019 62340 62% 20 81324 3312 63%
c s 17.26 119 76 40 5937 256729 62964 61% 19 81260 3312 63%
c v 17.30 119 76 40 5937 256729 62964 61% 19 81195 3312 63%
c w 17.32 119 76 40 5937 256729 62964 61% 19 81195 3312 63%
c t 17.32 119 76 40 5937 256729 62963 61% 19 81144 3312 63%
c s 17.36 119 76 40 5937 256729 62961 61% 19 81144 3312 63%
c ^ 17.36 119 76 40 5937 256729 62961 61% 19 81144 3312 63%
c - 17.44 119 76 41 6053 258368 53548 61% 19 81144 3312 63%
c - 17.95 119 75 42 7056 270968 55583 61% 20 81144 3312 63%
c p 18.30 119 74 42 7316 275040 545739 60% 20 81144 3312 63%
c F 18.36 119 74 42 7399 276055 546509 60% 20 81144 3312 63%
c - 18.82 119 69 43 7462 283868 78259 61% 19 81143 3312 63%
c - 19.43 119 64 44 7937 297073 70239 61% 18 81143 3312 63%
c B 19.52 119 62 44 7949 300056 72446 61% 18 81143 3312 63%
c - 19.89 119 62 45 8609 310575 63100 60% 18 81143 3312 63%
c - 20.36 119 65 46 9876 324377 65771 59% 19 81143 3312 63%
c W 20.62 119 66 46 10037 325057 66379 58% 19 81143 3312 63%
c p 21.10 119 68 46 10302 330041 752810 58% 19 81143 3312 63%
c s 21.28 132 68 46 10302 330565 747037 58% 19 81139 3312 63%
c v 21.36 132 68 46 10302 330565 747037 58% 19 81063 3312 63%
c 
c  seconds   reductions        redundant    irredundant
c          MB      restarts            trail      variables
c           level       conflicts          glue        remaining
c 
c w 21.40 132 68 46 10302 330565 747032 58% 19 81063 3312 63%
c t 21.40 132 68 46 10302 330565 747031 58% 19 81060 3312 63%
c e 21.43 132 68 46 10302 330565 744596 58% 19 81191 3290 63%
c s 21.56 108 68 46 10302 330565 744595 58% 19 81191 3290 63%
c ^ 21.57 108 68 46 10302 330565 744595 58% 19 81191 3290 63%
c - 21.94 120 66 47 10345 338480 79673 60% 18 81191 3290 63%
c # 22.46 120 62 47 10647 351060 89594 60% 17 81191 3290 63%
c - 22.54 120 63 48 10875 352881 66788 60% 17 81191 3290 63%
c - 23.22 120 59 49 11458 367581 69014 61% 17 81191 3290 63%
c B 23.63 120 61 49 12439 378061 77656 60% 17 81191 3290 63%
c - 23.81 120 63 50 13067 382581 72823 60% 18 81191 3290 63%
c p 24.32 120 68 50 14331 390041 568509 59% 19 81191 3290 63%
c - 24.64 120 65 51 14456 397889 94233 59% 18 81191 3290 63%
c W 25.19 120 66 51 15207 406064 101086 59% 18 81191 3290 63%
c - 25.45 120 67 52 15811 413489 81235 58% 19 81191 3290 63%
c s 25.54 120 67 52 15811 413818 81468 58% 19 81190 3290 63%
c v 25.59 120 67 52 15811 413818 81468 58% 19 81087 3290 63%
c w 25.61 120 67 52 15811 413818 81468 58% 19 81087 3290 63%
c t 25.61 120 67 52 15811 413818 81468 58% 19 80842 3290 63%
c e 25.63 120 67 52 15811 413818 80998 58% 19 84414 3034 58%
c 
c  seconds   reductions        redundant   irredundant
c          MB      restarts           trail      variables
c           level       conflicts         glue        remaining
c 
c s 25.72 120 67 52 15811 413818 80705 58% 19 84414 3034 58%
c - 26.27 120 68 53 17189 429396 82726 57% 19 84414 3034 58%
c F 26.44 120 69 53 17659 435066 87287 56% 19 84414 3034 58%
c - 26.80 120 71 54 18472 445596 87001 56% 19 84414 3034 58%
c p 27.42 120 71 54 19204 455041 779186 55% 20 84414 3034 58%
c - 27.88 125 69 55 19269 462096 111613 56% 19 84414 3034 58%
c B 27.98 125 70 55 19468 465072 114102 56% 19 84414 3034 58%
c - 28.52 125 70 56 20604 478896 95610 56% 19 84414 3034 58%
c - 29.23 125 73 57 22313 495998 98960 55% 20 84414 3034 58%
c W 29.62 125 73 57 22313 496073 99026 55% 20 84414 3034 58%
c s 30.48 125 69 57 22673 509783 109711 56% 19 84411 3034 58%
c v 30.54 125 69 57 22673 509783 109711 56% 19 84275 3034 58%
c w 30.56 125 69 57 22673 509783 109701 56% 19 84275 3034 58%
c t 30.57 125 69 57 22673 509783 109701 56% 19 80123 3034 58%
c s 30.71 125 69 57 22673 509783 109683 56% 19 80123 3034 58%
c } 30.76 125 70 57 22838 511019 110740 56% 19 80123 3034 58%
c [ 30.76 125 134 57 22838 511019 110740 67% 49 80123 3034 58%
c - 30.88 125 138 58 22838 513398 102515 67% 49 80123 3034 58%
c p 31.73 125 138 58 22838 525045 605731 65% 48 80123 3034 58%
c W 32.41 125 145 58 22838 528079 608319 65% 52 80123 3034 58%
c 
c  seconds    reductions        redundant    irredundant
c          MB       restarts            trail      variables
c            level       conflicts          glue        remaining
c 
c - 32.73 105 150 59 22838 531098 124209 65% 56 80123 3034 58%
c - 34.00 108 180 60 22844 549098 115326 64% 75 80123 3034 58%
c I 34.84 108 193 60 22851 561081 125354 63% 84 80123 3034 58%
c - 35.43 110 202 61 22853 567401 114345 63% 89 80123 3034 58%
c - 37.46 116 224 62 22860 586003 114372 63% 105 80123 3034 58%
c B 38.38 116 232 62 22866 595083 121443 63% 111 80123 3034 58%
c p 39.19 132 239 62 22867 600045 810663 63% 114 80123 3034 58%
c - 39.76 137 244 63 22868 604903 124095 63% 116 80123 3034 58%
c s 40.67 138 256 63 22869 613693 131001 63% 120 80123 3034 58%
c v 40.72 138 256 63 22869 613693 131001 63% 120 79991 3034 58%
c w 40.75 138 256 63 22869 613693 130990 63% 120 79991 3034 58%
c t 40.75 138 256 63 22869 613693 130990 63% 120 79990 3034 58%
c s 40.94 140 256 63 22869 613693 130966 63% 120 79990 3034 58%
c - 42.02 140 266 64 22869 624103 119105 63% 126 79990 3034 58%
c W 42.96 140 273 64 22873 630088 124172 63% 129 79990 3034 58%
c - 44.47 144 282 65 22881 643605 121171 63% 136 79990 3034 58%
c - 46.53 144 300 66 22887 663406 122444 63% 146 79990 3034 58%
c O 46.84 144 303 66 22890 666090 124842 64% 147 79990 3034 58%
c p 48.16 144 277 66 22897 680046 634536 64% 135 79990 3034 58%
c - 48.64 128 271 67 22898 683507 137663 64% 133 79990 3034 58%
c 
c  seconds    reductions        redundant     irredundant
c          MB       restarts            trail       variables
c            level       conflicts           glue        remaining
c 
c B 50.37 128 243 67 22900 703093 153553 64% 120 79990 3034 58%
c - 50.46 149 244 68 22900 703907 132616 64% 119 79990 3034 58%
c - 52.22 180 261 69 22901 724607 129123 63% 125 79990 3034 58%
c W 54.23 180 274 69 22901 741094 141984 63% 129 79990 3034 58%
c - 54.77 150 274 70 22902 745608 131159 63% 129 79990 3034 58%
c p 57.30 150 274 70 22902 765050 827802 63% 134 79990 3034 58%
c - 57.63 184 275 71 22902 766909 137942 63% 134 79990 3034 58%
c I 59.04 184 284 71 22902 780096 149042 64% 139 79990 3034 58%
c - 60.10 151 303 72 22902 788509 139240 63% 148 79990 3034 58%
c - 62.79 195 332 73 22903 810412 142285 63% 164 79990 3034 58%
c B 63.99 195 339 73 22909 820098 150170 63% 170 79990 3034 58%
c - 65.49 151 327 74 22916 832613 144206 63% 165 79990 3034 58%
c p 68.35 152 299 74 22924 855051 658246 62% 151 79990 3034 58%
c - 68.53 184 299 75 22924 855113 143908 62% 151 79990 3034 58%
c W 69.64 184 291 75 22928 861101 148641 62% 147 79990 3034 58%
c - 71.27 152 271 76 22933 877913 148080 62% 137 79990 3034 58%
c - 73.21 161 244 77 22939 901013 152329 62% 122 79990 3034 58%
c O 73.40 161 242 77 22940 903103 154043 62% 121 79990 3034 58%
c - 75.02 161 215 78 22948 924414 153783 62% 107 79990 3034 58%
c B 76.81 161 198 78 22960 946105 172040 62% 98 79990 3034 58%
c 
c  seconds    reductions        redundant    irredundant
c          MB       restarts            trail      variables
c            level       conflicts          glue        remaining
c 
c - 77.00 161 198 79 22961 948119 157483 62% 98 79990 3034 58%
c p 77.49 161 199 79 22962 950051 838211 62% 98 79990 3034 58%
c - 79.15 182 188 80 22964 972121 196950 64% 90 79990 3034 58%
c W 81.08 182 184 80 22965 990106 212508 65% 86 79990 3034 58%
c - 81.57 182 183 81 22965 996423 177947 65% 85 79990 3034 58%
c - 83.52 182 184 82 22972 1021026 177431 65% 85 79990 3034 58%
c ] 83.69 182 184 82 22972 1023025 179035 65% 85 79990 3034 58%
c { 83.69 182 70 82 22972 1023025 179035 56% 19 79990 3034 58%
c # 84.19 182 70 82 23889 1035107 188810 55% 19 79990 3034 58%
c - 84.72 182 70 83 24804 1045927 170121 55% 19 79990 3034 58%
c p 85.15 182 70 83 25012 1050068 673951 56% 19 79990 3034 58%
c - 86.03 182 62 84 25167 1071127 205269 56% 18 79990 3034 58%
c B 86.40 182 62 84 25841 1081116 213141 56% 18 79990 3034 58%
c - 87.02 182 64 85 27323 1096627 180752 55% 18 79990 3034 58%
c - 88.23 182 64 86 29226 1122428 183161 55% 18 79990 3034 58%
c W 89.28 182 64 86 29540 1128119 187810 56% 18 79990 3034 58%
c - 90.13 182 69 87 31965 1148528 189364 54% 19 79990 3034 58%
c p 90.74 182 69 87 32726 1155068 864614 54% 19 79990 3034 58%
c - 91.56 182 63 88 32852 1174929 225490 58% 18 79990 3034 58%
c F 91.61 182 62 88 32874 1176120 226365 58% 18 79990 3034 58%
c 
c  seconds   reductions         redundant    irredundant
c          MB      restarts             trail      variables
c           level        conflicts          glue        remaining
c 
c - 92.57 182 61 89 34825 1201629 202641 57% 18 79990 3034 58%
c s 92.87 182 61 89 34825 1201629 201877 57% 18 79990 3034 58%
c v 93.02 182 61 89 34825 1201629 201877 57% 18 79165 3034 58%
c w 93.07 182 61 89 34825 1201629 201863 57% 18 79165 3034 58%
c t 93.07 182 61 89 34825 1201629 201858 57% 18 79165 3034 58%
c s 93.14 182 61 89 34825 1201629 201858 57% 18 79165 3034 58%
c B 94.08 182 66 89 37289 1225121 221412 56% 19 79165 3034 58%
c - 94.23 182 66 90 37494 1228632 206191 56% 19 79165 3034 58%
c - 95.43 182 69 91 39478 1255932 212660 56% 19 79165 3034 58%
c p 96.10 182 71 91 40268 1265068 710703 56% 19 79165 3034 58%
c W 97.63 182 67 91 40442 1275122 718733 57% 19 79165 3034 58%
c - 98.14 182 64 92 40539 1283536 249561 57% 18 79165 3034 58%
c - 99.30 182 65 93 42599 1311442 226437 57% 19 79165 3034 58%
c # 99.90 182 70 93 44334 1326124 238663 56% 20 79165 3034 58%
c - 100.48 182 71 94 45669 1339643 229058 55% 20 79165 3034 58%
c - 101.67 182 74 95 48151 1368149 234169 55% 21 79165 3034 58%
c B 102.07 182 71 95 48272 1378125 241880 55% 20 79165 3034 58%
c p 102.46 182 72 95 48401 1380071 910971 55% 20 79165 3034 58%
c - 103.27 182 67 96 48623 1396949 269380 58% 19 79165 3034 58%
c - 104.56 182 65 97 50488 1426050 249015 58% 18 79165 3034 58%
c 
c  seconds    reductions         redundant    irredundant
c           MB      restarts             trail      variables
c            level        conflicts          glue        remaining
c 
c W 105.67 182 65 97 50772 1431126 253044 58% 18 79165 3034 58%
c - 106.68 182 65 98 52406 1455466 253421 57% 18 79165 3034 58%
c F 108.04 182 69 98 55324 1485131 277924 57% 19 79165 3034 58%
c - 108.07 182 69 99 55324 1485166 260909 57% 19 79165 3034 58%
c 3 108.78 182 67 99 56132 1500072 273210 57% 19 79165 3034 58%
c p 109.04 182 67 99 56132 1500072 761595 57% 19 79165 3034 58%
c - 109.81 182 62 100 56454 1515169 298884 58% 18 79165 3034 58%
c B 110.90 182 63 100 58452 1540133 318946 58% 18 79165 3034 58%
c - 111.13 182 62 101 58610 1545469 278827 57% 18 79165 3034 58%
c - 112.51 182 62 102 61197 1576070 279517 56% 19 79165 3034 58%
c W 114.60 182 62 102 62463 1596134 295330 56% 19 79165 3034 58%
c - 115.14 182 63 103 63199 1606971 285001 56% 19 79165 3034 58%
c p 116.27 182 63 103 64431 1625074 964830 56% 18 79165 3034 58%
c - 116.89 182 59 104 64591 1638173 309520 58% 18 79165 3034 58%
c # 117.57 182 59 104 65699 1653140 321669 57% 18 79165 3034 58%
c - 118.36 182 60 105 67189 1669673 299516 57% 18 79165 3034 58%
c - 119.91 182 59 106 69220 1701473 305097 57% 18 79165 3034 58%
c B 120.39 182 61 106 70219 1711144 312891 57% 18 79165 3034 58%
c - 121.49 182 61 107 71721 1733573 312370 57% 18 79165 3034 58%
c p 122.94 182 64 107 74030 1755074 816360 56% 19 79165 3034 58%
c 
c  seconds     reductions         redundant    irredundant
c           MB       restarts             trail      variables
c            level         conflicts          glue        remaining
c 
c - 123.49 182 60 108 74202 1765976 337791 57% 18 79165 3034 58%
c W 124.83 182 62 108 74781 1770145 341376 57% 19 79165 3034 58%
c - 126.08 182 61 109 76431 1798676 328661 57% 18 79165 3034 58%
c F 127.41 182 61 109 78450 1830150 353604 57% 18 79165 3034 58%
c - 127.51 182 61 110 78553 1831677 330907 57% 18 79165 3034 58%
c s 127.81 182 61 110 78553 1831677 329878 57% 18 79165 3034 58%
c v 127.98 182 61 110 78553 1831677 329878 57% 18 78309 3034 58%
c w 128.07 182 61 110 78553 1831677 329861 57% 18 78309 3034 58%
c t 128.08 182 61 110 78553 1831677 329859 57% 18 78306 3034 58%
c s 128.34 182 61 110 78553 1831677 329856 57% 18 78306 3034 58%
c - 129.77 182 60 111 80882 1864978 336047 57% 18 78306 3034 58%
c p 131.26 182 62 111 82870 1890078 1017618 56% 18 78306 3034 58%
c B 131.33 182 62 111 82907 1891151 1018417 56% 18 78306 3034 58%
c - 131.74 184 61 112 83076 1898579 356396 57% 18 78306 3034 58%
c - 133.31 184 63 113 85799 1932481 351306 57% 18 78306 3034 58%
c W 135.86 184 57 113 86132 1953155 367404 58% 17 78306 3034 58%
c - 136.55 184 58 114 87040 1966681 357170 57% 17 78306 3034 58%
c } 138.23 184 57 114 89035 2000000 383799 57% 17 78306 3034 58%
c ? 138.23 184 57 114 89035 2000000 383799 57% 17 78306 3034 58%
c 
c --- [ closing proof ] ------------------------------------------------------
c 
c DRAT proof file '/tmp/conway99-prism-coarse60-c977XL/proof.drat' closed
c DRAT 17823378 added clauses 50.53%
c DRAT 17446953 deleted clauses 49.47%
c DRAT 2330193949 bytes (2222.25 MB)
c 
c --- [ result ] -------------------------------------------------------------
c 
c UNKNOWN
c 
c --- [ run-time profiling ] -------------------------------------------------
c 
c process time taken by individual solving procedures
c (percentage relative to process time for solving)
c 
c       125.88   91.15% search
c        57.93   41.95% unstable
c        57.42   41.58% stable
c        12.22    8.85% simplify
c        10.52    7.62% walk
c         7.16    5.18% probe
c         2.73    1.98% subsume
c         1.09    0.79% vivify
c         0.27    0.20% elim
c         0.24    0.18% ternary
c         0.13    0.09% parse
c         0.00    0.00% lucky
c   =================================
c       138.10   99.91% solve
c 
c last line shows process time for solving
c (percentage relative to total process time)
c 
c --- [ statistics ] ---------------------------------------------------------
c 
c chronological:            846313        42.32 %  of conflicts
c conflicts:               2000000     14481.90    per second
c decisions:              13801033     99932.61    per second
c eliminated:                 2168        41.39 %  of all variables
c fixed:                        18         0.34 %  of all variables
c learned:                 1944205        97.21 %  per conflict
c learned_lits:          341342732       100.00 %  learned literals
c minimized:                     0         0.00 %  learned literals
c shrunken:              121788545        35.68 %  learned literals
c minishrunken:           21527061         6.31 %  learned literals
c otfs:                      22671         1.13 %  of conflict
c propagations:          263498583         1.91 M  per second
c reduced:                 1182931        59.15 %  per conflict
c rephased:                     62     32258.06    interval
c restarts:                  89035        22.46    interval
c stabilizing:                   5        34.10 %  of conflicts
c substituted:                  18         0.34 %  of all variables
c subsumed:                 337832         1.89 %  of all clauses
c strengthened:              32324         0.18 %  of all clauses
c ternary:                    6064         1.52 %  of resolved
c trail reuses:                  0         0.00 %  of incremental calls
c vivified:                   2562         0.01 %  of all clauses
c walked:                       20    100000.00    interval
c weakened:                   8056         2.46    average size
c 
c seconds are measured in process time for solving
c 
c --- [ resources ] ----------------------------------------------------------
c 
c total process time since initialization:       138.23    seconds
c total real time since initialization:          139.90    seconds
c maximum resident set size of process:          194.63    MB
c 
c --- [ shutting down ] ------------------------------------------------------
c 
c exit 0
