c --- [ banner ] -------------------------------------------------------------
c 
c CaDiCaL SAT Solver
c Copyright (c) 2016-2023 A. Biere, M. Fleury, N. Froleyks, K. Fazekas, F. Pollitt
c 
c Version 1.9.5 146207318796f094dcded87349a64f0c6927309e
c g++ (Ubuntu 13.3.0-6ubuntu2~24.04.1) 13.3.0 -Wall -Wextra -O3 -DNDEBUG
c Wed Sep 30 06:02:32 JST 2026 Linux ikutoPC 6.6.87.2-microsoft-standard-WSL2 x86_64
c 
c --- [ limit ] --------------------------------------------------------------
c 
c setting conflict limit to 1000000 conflicts (due to '1000000')
c 
c --- [ proof tracing ] ------------------------------------------------------
c 
c opening file to write '/tmp/conway99-oriented-triples-S7TSWr/proof.drat'
c writing non-binary proof trace to '/tmp/conway99-oriented-triples-S7TSWr/proof.drat'
c 
c --- [ parsing input ] ------------------------------------------------------
c 
c reading DIMACS file from '/mnt/c/Users/ikuto/projects/conway-99-graph/acceleration/results/20260930_hadamard_oriented_triples/instance.cnf'
c opening file to read '/mnt/c/Users/ikuto/projects/conway-99-graph/acceleration/results/20260930_hadamard_oriented_triples/instance.cnf'
c found 'p cnf 800 109340' header
c parsed 109340 clauses in 0.03 seconds process time
c 
c --- [ options ] ------------------------------------------------------------
c 
c   --binary=false                 (different from default 'true')
c 
c --- [ solving ] ------------------------------------------------------------
c 
c time measured in process time since initialization
c 
c  seconds  reductions  redundant  irredundant
c         MB    restarts       trail      variables
c          level   conflicts       glue       remaining
c 
c *  0.03 16  0 0   0    0    0  0% 0 109340 800 100%
c {  0.03 16  0 0   0    0    0  0% 0 109340 800 100%
c -  0.04 16 10 1   0  303  204 87% 6 109340 800 100%
c -  0.05 20 11 2  50  928  494 88% 7 109340 800 100%
c }  0.05 20 11 2  50 1002  556 88% 7 109340 800 100%
c [  0.05 20  0 2  50 1002  556  0% 0 109340 800 100%
c O  0.05 20  4 2  50 1003  557 89% 3 109340 800 100%
c -  0.07 20 27 3  50 1866 1011 88% 15 109340 800 100%
c ]  0.08 20 26 3  51 3003 1913 87% 14 109340 800 100%
c {  0.08 20 11 3  51 3003 1913 88% 7 109340 800 100%
c F  0.08 20 11 3  51 3004 1914 88% 6 109340 800 100%
c -  0.09 20 11 4  53 3116 1424 89% 6 109340 800 100%
c -  0.11 20 11 5 152 4674 1503 88% 7 109340 800 100%
c 2  0.12 20 11 5 159 5003 1711 88% 7 83756 800 100%
c p  0.13 20 11 5 159 5003 1711 88% 7 83756 800 100%
c #  0.14 20 11 5 203 6005 2309 88% 7 83756 800 100%
c -  0.15 18 11 6 238 6546 1960 88% 7 83756 800 100%
c }  0.16 18 11 6 260 7003 2292 89% 7 83756 800 100%
c [  0.16 18 26 6 260 7003 2292 87% 14 83756 800 100%
c -  0.18 21 24 7 261 8647 2701 87% 13 83756 800 100%
c 
c  seconds  reductions   redundant   irredundant
c         MB    restarts        trail      variables
c          level    conflicts       glue       remaining
c 
c I  0.20 21 25 7 262 10007 3831 88% 14 83756 800 100%
c -  0.23 24 56 8 263 11048 3322 87% 24 83756 800 100%
c -  0.29 24 70 9 265 13748 3631 87% 32 83756 800 100%
c s  0.30 24 70 9 265 14192 3680 88% 32 83756 800 100%
c s  0.31 24 70 9 265 14192 3533 88% 32 83756 800 100%
c ^  0.32 24 70 9 265 14192 3533 88% 32 83756 800 100%
c ]  0.33 24 68 9 265 15004 4228 87% 32 83756 800 100%
c {  0.33 24 11 9 265 15004 4228 89% 7 83756 800 100%
c p  0.34 24 11 9 265 15004 4228 89% 7 83756 800 100%
c B  0.34 24 11 9 267 15011 4235 89% 7 83756 800 100%
c -  0.37 24 12 10 357 16748 3372 88% 7 83756 800 100%
c -  0.41 24 12 11 450 20048 3565 88% 7 83756 800 100%
c W  0.44 24 12 11 488 21014 4222 88% 7 83756 800 100%
c -  0.48 24 12 12 587 23648 4194 88% 7 83756 800 100%
c -  0.53 24 12 13 733 27548 4496 89% 7 83756 800 100%
c F  0.54 24 12 13 755 28015 4801 89% 7 83756 800 100%
c p  0.57 24 12 13 922 30004 6091 89% 7 83756 800 100%
c }  0.59 24 12 13 955 31004 6689 89% 7 83756 800 100%
c [  0.59 24 68 13 955 31004 6689 87% 32 83756 800 100%
c -  0.60 24 66 14 955 31750 5190 88% 31 83756 800 100%
c 
c  seconds  reductions    redundant   irredundant
c         MB     restarts        trail      variables
c          level     conflicts       glue       remaining
c 
c B  0.67 24 55 14 958 36018 8768 88% 26 83756 800 100%
c -  0.67 24 54 15 958 36250 6405 88% 25 83756 800 100%
c s  0.76 24 50 15 961 41033 9585 88% 24 83756 800 100%
c s  0.78 24 50 15 961 41033 9217 88% 24 83756 800 100%
c ^  0.78 24 50 15 961 41033 9217 88% 24 83756 800 100%
c -  0.78 25 50 16 961 41051 5996 88% 24 83756 800 100%
c W  0.86 25 45 16 962 45022 9219 88% 22 83756 800 100%
c -  0.88 25 44 17 963 46152 6469 88% 22 83756 800 100%
c 2  0.94 25 42 17 963 50005 9653 88% 21 83756 800 100%
c p  0.95 25 42 17 963 50005 9661 88% 21 83756 800 100%
c -  0.97 25 41 18 963 51553 7356 88% 20 83756 800 100%
c O  1.03 25 40 18 964 55023 10204 88% 20 83756 800 100%
c -  1.07 25 38 19 966 57253 7729 88% 19 83756 800 100%
c ]  1.16 25 37 19 970 63004 12328 88% 19 83756 800 100%
c {  1.16 25 12 19 970 63004 12328 89% 7 83756 800 100%
c -  1.17 25 12 20 987 63256 8063 89% 7 83756 800 100%
c B  1.20 25 12 20 1125 66027 9605 89% 7 83756 800 100%
c -  1.26 25 12 21 1328 69557 7199 89% 7 83756 800 100%
c p  1.33 25 11 21 1593 75006 10627 89% 7 83756 800 100%
c -  1.36 19 12 22 1648 76163 7980 89% 7 83756 800 100%
c 
c  seconds  reductions     redundant  irredundant
c         MB     restarts         trail     variables
c          level      conflicts       glue      remaining
c 
c W  1.40 19 12 22 1791 78029 9033 89% 7 83756 800 100%
c s  1.44 20 11 22 1928 81295 10415 89% 7 83756 800 100%
c s  1.46 20 11 22 1928 81295 10360 89% 7 83756 800 100%
c ^  1.46 20 11 22 1928 81295 10360 89% 7 83756 800 100%
c -  1.49 22 11 23 1952 83063 7901 89% 7 83756 800 100%
c -  1.59 25 11 24 2314 90263 8488 89% 7 83756 800 100%
c #  1.60 25 11 24 2333 91031 8978 89% 7 83756 800 100%
c -  1.69 25 11 25 2684 97764 9065 89% 7 83756 800 100%
c p  1.78 25 11 25 3094 105006 13374 89% 7 83756 800 100%
c B  1.79 25 11 25 3094 105032 13384 89% 7 83756 800 100%
c -  1.80 25 11 26 3121 105566 9440 89% 7 83756 800 100%
c -  1.91 25 11 27 3507 113666 9965 89% 7 83756 800 100%
c W  2.01 25 11 27 3794 120035 13920 89% 7 83756 800 100%
c -  2.04 25 11 28 3883 122066 10413 89% 7 83756 800 100%
c }  2.11 25 11 28 4105 127006 13524 89% 7 83756 800 100%
c [  2.11 25 37 28 4105 127006 13524 88% 19 83756 800 100%
c -  2.17 25 37 29 4105 130766 11734 88% 18 83756 800 100%
c s  2.25 25 37 29 4108 134977 14459 88% 18 83756 800 100%
c w  2.26 25 37 29 4108 134977 14452 88% 18 83756 800 100%
c s  2.27 25 37 29 4108 134977 14357 88% 18 83756 800 100%
c 
c  seconds  reductions       redundant   irredundant
c         MB     restarts           trail      variables
c          level      conflicts         glue       remaining
c 
c ^  2.27 25 37 29 4108 134977 14357 88% 18 83756 800 100%
c B  2.29 25 37 29 4109 136036 15267 88% 18 83756 800 100%
c -  2.37 20 44 30 4112 139766 12926 88% 21 83756 800 100%
c p  2.39 20 44 30 4112 140006 13162 88% 21 83756 800 100%
c -  2.58 20 47 31 4113 149066 13068 88% 23 83756 800 100%
c W  2.69 20 47 31 4114 153039 16391 88% 23 83756 800 100%
c -  2.80 20 51 32 4114 158666 13443 88% 25 83756 800 100%
c -  3.01 20 55 33 4115 168566 13988 88% 27 83756 800 100%
c I  3.07 20 55 33 4117 171041 16111 88% 27 83756 800 100%
c -  3.27 22 72 34 4121 178766 14066 87% 36 83756 800 100%
c p  3.31 22 74 34 4121 180008 15144 87% 37 83756 800 100%
c -  3.61 24 87 35 4127 189267 14737 86% 46 83756 800 100%
c B  3.63 24 88 35 4128 190042 15385 86% 46 83756 800 100%
c -  3.95 24 96 36 4129 200068 15613 86% 51 83756 800 100%
c s  4.02 26 98 36 4130 202082 16801 86% 51 83756 800 100%
c w  4.03 26 98 36 4130 202082 16798 86% 51 83756 800 100%
c s  4.04 26 98 36 4130 202082 16720 86% 51 83756 800 100%
c ^  4.04 26 98 36 4130 202082 16720 86% 51 83756 800 100%
c W  4.29 26 102 36 4135 210047 23769 86% 53 83756 800 100%
c -  4.33 23 101 37 4136 211168 15983 86% 53 83756 800 100%
c 
c  seconds  reductions       redundant   irredundant
c         MB     restarts           trail      variables
c          level      conflicts         glue       remaining
c 
c -  4.62 29 95 38 4142 222568 15972 86% 49 83756 800 100%
c 2  4.68 29 93 38 4143 225015 17921 87% 48 83756 800 100%
c p  4.69 29 93 38 4143 225015 17946 87% 48 83756 800 100%
c O  4.83 29 90 38 4144 231048 23101 87% 46 83756 800 100%
c -  4.91 29 87 39 4144 234272 16860 87% 45 83756 800 100%
c -  5.21 29 80 40 4145 246272 18265 87% 41 83756 800 100%
c B  5.36 29 76 40 4146 253050 23933 87% 39 83756 800 100%
c ]  5.40 29 75 40 4146 255006 25606 87% 39 83756 800 100%
c {  5.40 29 11 40 4146 255006 25606 89% 7 83756 800 100%
c -  5.46 29 11 41 4361 258572 17795 89% 7 83756 800 100%
c -  5.65 29 11 42 4929 271172 16259 89% 7 83756 800 100%
c p  5.72 29 11 42 5068 275016 18687 89% 7 83756 800 100%
c F  5.74 29 11 42 5093 276054 19297 89% 7 83756 800 100%
c s  5.84 29 11 42 5440 282603 21149 89% 7 83756 800 100%
c w  5.85 29 11 42 5440 282603 21134 89% 7 83756 800 100%
c s  5.87 29 11 42 5440 282603 20409 89% 7 83756 800 100%
c -  5.90 29 11 43 5514 284075 14765 89% 7 83756 800 100%
c -  6.08 29 11 44 6047 297275 16056 89% 7 83756 800 100%
c B  6.12 29 11 44 6189 300056 17707 89% 7 83756 800 100%
c -  6.28 29 11 45 6771 310775 17108 89% 7 83756 800 100%
c 
c  seconds  reductions       redundant  irredundant
c         MB     restarts           trail     variables
c          level      conflicts         glue      remaining
c 
c -  6.48 29 11 46 7449 324580 17781 89% 7 83756 800 100%
c W  6.54 29 11 46 7494 325060 18092 89% 7 83756 800 100%
c 2  6.62 29 11 46 7768 330017 20855 89% 7 83756 800 100%
c p  6.62 29 11 46 7768 330017 20920 89% 7 83756 800 100%
c -  6.75 29 11 47 8166 338681 18135 89% 7 83756 800 100%
c #  6.92 29 11 47 8762 351061 25544 89% 7 83756 800 100%
c -  6.95 29 11 48 8864 353082 18768 89% 7 83756 800 100%
c -  7.16 29 11 49 9771 367784 19314 89% 7 83756 800 100%
c B  7.31 29 11 49 10312 378062 25504 89% 7 83756 800 100%
c -  7.38 29 11 50 10460 382784 19831 89% 7 83756 800 100%
c p  7.49 29 11 50 10798 390017 24062 89% 7 83756 800 100%
c -  7.61 29 11 51 11219 398089 20168 89% 7 83756 800 100%
c W  7.80 29 11 51 11517 406063 24980 89% 7 83756 800 100%
c -  7.91 29 11 52 11845 413689 20683 89% 7 83756 800 100%
c -  8.14 29 11 53 12587 429590 21392 89% 7 83756 800 100%
c F  8.22 29 11 53 12830 435064 24658 89% 7 83756 800 100%
c -  8.37 29 11 54 13396 445792 21982 89% 7 83756 800 100%
c p  8.50 29 11 54 13848 455019 27550 89% 7 83756 800 100%
c -  8.61 29 11 55 14192 462294 22327 89% 7 83756 800 100%
c B  8.65 29 11 55 14322 465065 23917 89% 7 83756 800 100%
c 
c  seconds  reductions        redundant  irredundant
c         MB      restarts           trail     variables
c          level       conflicts         glue      remaining
c 
c -  8.85 29 11 56 14909 479094 22637 89% 7 83756 800 100%
c W  9.17 29 11 56 15865 496068 32579 89% 7 83756 800 100%
c -  9.18 29 11 57 15871 496194 22945 89% 7 83756 800 100%
c }  9.38 29 11 57 16549 511008 31383 89% 7 83756 800 100%
c [  9.38 29 75 57 16549 511008 31383 87% 39 83756 800 100%
c -  9.43 29 74 58 16549 513594 23599 87% 38 83756 800 100%
c p  9.64 29 72 58 16549 525019 33172 87% 37 83756 800 100%
c W  9.80 29 72 58 16549 528069 35820 87% 37 83756 800 100%
c -  9.88 29 70 59 16549 531295 27834 87% 36 83756 800 100%
c - 10.37 33 68 60 16555 549297 27839 87% 35 83756 800 100%
c I 10.67 33 65 60 16562 561070 37428 87% 34 83756 800 100%
c - 10.86 41 73 61 16564 567598 28402 87% 37 83756 800 100%
c - 11.41 33 86 62 16571 586201 28834 87% 43 83756 800 100%
c B 11.68 33 90 62 16577 595074 36552 87% 45 83756 800 100%
c p 11.82 33 89 62 16578 600020 40884 87% 45 83756 800 100%
c - 11.95 41 86 63 16579 605103 29410 87% 43 83756 800 100%
c - 12.46 33 81 64 16580 624306 28805 87% 41 83756 800 100%
c W 12.73 33 78 64 16584 630079 33497 87% 40 83756 800 100%
c - 13.09 34 73 65 16592 643809 29544 87% 38 83756 800 100%
c - 13.54 41 68 66 16599 663610 30404 87% 35 83756 800 100%
c 
c  seconds  reductions        redundant   irredundant
c         MB      restarts           trail      variables
c          level       conflicts         glue       remaining
c 
c O 13.61 41 68 66 16601 666081 32539 87% 35 83756 800 100%
c p 13.93 41 66 66 16609 680021 44361 87% 34 83756 800 100%
c - 14.02 41 65 67 16610 683710 30217 87% 33 83756 800 100%
c B 14.53 41 62 67 16611 703083 46255 87% 32 83756 800 100%
c - 14.56 41 62 68 16611 704110 31409 87% 32 83756 800 100%
c - 15.04 41 66 69 16612 724810 31475 87% 34 83756 800 100%
c W 15.63 41 65 69 16612 741085 45009 87% 34 83756 800 100%
c - 15.80 41 64 70 16613 745810 32307 87% 34 83756 800 100%
c p 16.44 41 61 70 16613 765023 47776 87% 33 83756 800 100%
c - 16.52 41 60 71 16613 767110 33942 87% 32 83756 800 100%
c s 16.53 41 60 71 16613 767110 30320 87% 32 83756 800 100%
c w 16.55 41 60 71 16613 767110 30296 87% 32 83756 800 100%
c i 16.89 41 56 71 16613 778998 39170 87% 31 83756 799 100%
c s 16.90 41 56 71 16613 778998 39092 87% 31 83541 799 100%
c I 16.93 41 56 71 16613 780086 40051 87% 31 83541 799 100%
c - 17.18 41 65 72 16613 788712 13999 87% 34 83541 799 100%
c - 17.84 41 81 73 16615 810613 27810 87% 42 83541 799 100%
c B 18.17 41 87 73 16620 820090 35941 87% 45 83541 799 100%
c - 18.71 53 93 74 16627 832815 32938 86% 49 83541 799 100%
c 2 19.54 53 99 74 16636 855023 51660 86% 53 83541 799 100%
c 
c  seconds  reductions        redundant   irredundant
c         MB      restarts           trail      variables
c          level       conflicts         glue       remaining
c 
c p 19.60 53 99 74 16636 855023 51796 86% 53 83541 799 100%
c - 19.64 41 99 75 16636 855315 35889 86% 53 83541 799 100%
c W 19.98 41 100 75 16641 861091 40954 86% 53 83541 799 100%
c - 20.52 47 92 76 16644 878117 34628 87% 50 83541 799 100%
c s 20.80 47 89 76 16644 886329 41110 87% 48 83541 799 100%
c w 20.82 47 89 76 16644 886329 41100 87% 48 83541 799 100%
c s 20.87 47 89 76 16644 886329 41052 87% 48 83541 799 100%
c - 21.35 47 81 77 16651 901218 35129 87% 44 83541 799 100%
c O 21.41 47 80 77 16651 903093 36656 87% 44 83541 799 100%
c i 22.08 47 72 77 16659 923846 52627 87% 39 83541 798 100%
c - 22.12 47 72 78 16659 924618 8826 87% 39 83329 798 100%
c B 22.61 47 68 78 16672 946095 26815 87% 37 83329 798 100%
c - 22.68 47 67 79 16673 948318 26958 87% 37 83329 798 100%
c p 22.76 47 67 79 16673 950025 28522 87% 37 83329 798 100%
c i 23.34 47 60 79 16675 969895 43878 87% 33 83329 797 100%
c - 23.41 47 60 80 16675 972318 8870 87% 33 83121 797 100%
c W 24.03 47 62 80 16676 990096 24251 87% 33 83121 797 100%
c - 24.17 47 61 81 16676 996618 27692 87% 33 83121 797 100%
c ] 24.26 47 62 81 16676 1000000 30526 87% 33 83121 797 100%
c ? 24.26 47 62 81 16676 1000000 30526 87% 33 83121 797 100%
c 
c --- [ closing proof ] ------------------------------------------------------
c 
c DRAT proof file '/tmp/conway99-oriented-triples-S7TSWr/proof.drat' closed
c DRAT 1043485 added clauses 50.10%
c DRAT 1039175 deleted clauses 49.90%
c DRAT 331620166 bytes (316.26 MB)
c 
c --- [ result ] -------------------------------------------------------------
c 
c UNKNOWN
c 
c --- [ run-time profiling ] -------------------------------------------------
c 
c process time taken by individual solving procedures
c (percentage relative to process time for solving)
c 
c        23.52   97.11% search
c        17.64   72.81% stable
c         4.84   19.97% unstable
c         1.05    4.34% walk
c         0.70    2.89% simplify
c         0.26    1.07% probe
c         0.18    0.74% subsume
c         0.07    0.30% vivify
c         0.04    0.18% ternary
c         0.03    0.13% parse
c         0.02    0.06% elim
c         0.00    0.00% lucky
c   =================================
c        24.22   99.86% solve
c 
c last line shows process time for solving
c (percentage relative to total process time)
c 
c --- [ statistics ] ---------------------------------------------------------
c 
c chronological:            273464        27.35 %  of conflicts
c conflicts:               1000000     41282.14    per second
c decisions:               1464530     60458.94    per second
c fixed:                         3         0.38 %  of all variables
c learned:                  978422        97.84 %  per conflict
c learned_lits:           88750734       100.00 %  learned literals
c minimized:                     0         0.00 %  learned literals
c shrunken:               39291137        44.27 %  learned literals
c minishrunken:            9247575        10.42 %  learned literals
c otfs:                       6687         0.67 %  of conflict
c propagations:           93084880         3.84 M  per second
c reduced:                  602661        60.27 %  per conflict
c rephased:                     44     22727.27    interval
c restarts:                  16676        59.97    interval
c stabilizing:                   5        65.90 %  of conflicts
c subsumed:                 261538        24.02 %  of all clauses
c strengthened:              63611         5.84 %  of all clauses
c trail reuses:                  0         0.00 %  of incremental calls
c vivified:                    175         0.02 %  of all clauses
c walked:                       14     71428.57    interval
c 
c seconds are measured in process time for solving
c 
c --- [ resources ] ----------------------------------------------------------
c 
c total process time since initialization:        24.26    seconds
c total real time since initialization:           24.56    seconds
c maximum resident set size of process:           53.14    MB
c 
c --- [ shutting down ] ------------------------------------------------------
c 
c exit 0
