c --- [ banner ] -------------------------------------------------------------
c 
c CaDiCaL SAT Solver
c Copyright (c) 2016-2023 A. Biere, M. Fleury, N. Froleyks, K. Fazekas, F. Pollitt
c 
c Version 1.9.5 146207318796f094dcded87349a64f0c6927309e
c g++ (Ubuntu 13.3.0-6ubuntu2~24.04.1) 13.3.0 -Wall -Wextra -O3 -DNDEBUG
c Wed Sep 30 06:02:32 JST 2026 Linux ikutoPC 6.6.87.2-microsoft-standard-WSL2 x86_64
c 
c --- [ limit ] --------------------------------------------------------------
c 
c setting conflict limit to 1000000 conflicts (due to '1000000')
c 
c --- [ proof tracing ] ------------------------------------------------------
c 
c opening file to write '/tmp/conway99-seven-profile-rank5_144_profile_0074-nvVqNy/proof.drat'
c writing non-binary proof trace to '/tmp/conway99-seven-profile-rank5_144_profile_0074-nvVqNy/proof.drat'
c 
c --- [ parsing input ] ------------------------------------------------------
c 
c reading DIMACS file from '/mnt/c/Users/ikuto/projects/conway-99-graph/acceleration/results/20260930_hadamard_seven_remaining_cnfs/run01/rank5_144_profile_0074/instance.cnf'
c opening file to read '/mnt/c/Users/ikuto/projects/conway-99-graph/acceleration/results/20260930_hadamard_seven_remaining_cnfs/run01/rank5_144_profile_0074/instance.cnf'
c found 'p cnf 9872 170454' header
c parsed 170454 clauses in 0.07 seconds process time
c 
c --- [ options ] ------------------------------------------------------------
c 
c   --binary=false                 (different from default 'true')
c 
c --- [ solving ] ------------------------------------------------------------
c 
c time measured in process time since initialization
c 
c  seconds  reductions  redundant  irredundant
c         MB    restarts       trail      variables
c          level   conflicts       glue        remaining
c 
c *  0.07 17  0 0   0    0    0  0% 0 120550 6945 70%
c {  0.07 18  0 0   0    0    0  0% 0 120550 6945 70%
c -  0.09 19 21 1  21  307  249 52% 8 120430 6945 70%
c i  0.10 19 17 1  21  498  396 54% 6 120430 6944 70%
c i  0.11 19 16 1  30  786  585 55% 6 120430 6940 70%
c i  0.11 19 16 1  30  787  585 55% 6 120430 6939 70%
c i  0.12 19 18 1  46  900  666 54% 6 120430 6933 70%
c -  0.13 24 17 2  47  955  257 54% 6 120157 6933 70%
c }  0.13 24 17 2  47 1001  285 54% 6 120157 6933 70%
c [  0.13 24  0 2  47 1001  285  0% 0 120157 6933 70%
c O  0.13 24  2 2  47 1002  286 64% 2 120157 6933 70%
c i  0.13 24 11 2  47 1040  304 59% 5 120157 6931 70%
c i  0.14 24 25 2  47 1202  430 55% 14 120157 6930 70%
c i  0.17 24 21 2  47 1758  859 53% 10 120157 6929 70%
c i  0.17 24 21 2  47 1761  860 53% 10 120157 5735 58%
c ]  0.17 24 21 2  47 1769  865 53% 10 120157 5258 53%
c 0  0.17 24 21 2  47 1769  865 53% 10 120157 5258 53%
c 
c --- [ closing proof ] ------------------------------------------------------
c 
c DRAT proof file '/tmp/conway99-seven-profile-rank5_144_profile_0074-nvVqNy/proof.drat' closed
c DRAT 7332 added clauses 12.33%
c DRAT 52149 deleted clauses 87.67%
c DRAT 1593493 bytes (1.52 MB)
c 
c --- [ result ] -------------------------------------------------------------
c 
s UNSATISFIABLE
c 
c --- [ run-time profiling ] -------------------------------------------------
c 
c process time taken by individual solving procedures
c (percentage relative to process time for solving)
c 
c         0.10   99.27% search
c         0.07   62.83% parse
c         0.06   61.28% unstable
c         0.04   36.12% stable
c         0.00    1.83% lucky
c         0.00    0.00% simplify
c   =================================
c         0.10   61.09% solve
c 
c last line shows process time for solving
c (percentage relative to total process time)
c 
c --- [ statistics ] ---------------------------------------------------------
c 
c chronological:               832        47.03 %  of conflicts
c conflicts:                  1769     16954.68    per second
c decisions:                  5278     50586.08    per second
c fixed:                      4614        46.74 %  of all variables
c learned:                    1661        93.89 %  per conflict
c learned_lits:             112371       100.00 %  learned literals
c minimized:                     0         0.00 %  learned literals
c shrunken:                  48242        42.93 %  learned literals
c minishrunken:              21630        19.25 %  learned literals
c otfs:                          9         0.51 %  of conflict
c propagations:             982127         9.41 M  per second
c reduced:                      20         1.13 %  per conflict
c rephased:                      1      1769.00    interval
c restarts:                     47        37.64    interval
c stabilizing:                   1        43.41 %  of conflicts
c subsumed:                    344         0.28 %  of all clauses
c strengthened:                  9         0.01 %  of all clauses
c trail reuses:                  0         0.00 %  of incremental calls
c 
c seconds are measured in process time for solving
c 
c --- [ resources ] ----------------------------------------------------------
c 
c total process time since initialization:         0.17    seconds
c total real time since initialization:            0.84    seconds
c maximum resident set size of process:           23.88    MB
c 
c --- [ shutting down ] ------------------------------------------------------
c 
c exit 20
