c --- [ banner ] -------------------------------------------------------------
c 
c CaDiCaL SAT Solver
c Copyright (c) 2016-2023 A. Biere, M. Fleury, N. Froleyks, K. Fazekas, F. Pollitt
c 
c Version 1.9.5 146207318796f094dcded87349a64f0c6927309e
c g++ (Ubuntu 13.3.0-6ubuntu2~24.04.1) 13.3.0 -Wall -Wextra -O3 -DNDEBUG
c Wed Sep 30 06:02:32 JST 2026 Linux ikutoPC 6.6.87.2-microsoft-standard-WSL2 x86_64
c 
c --- [ limit ] --------------------------------------------------------------
c 
c setting conflict limit to 1000000 conflicts (due to '1000000')
c 
c --- [ proof tracing ] ------------------------------------------------------
c 
c opening file to write '/tmp/conway99-seven-profile-rank5_122_profile_0000-Vl0VRn/proof.drat'
c writing non-binary proof trace to '/tmp/conway99-seven-profile-rank5_122_profile_0000-Vl0VRn/proof.drat'
c 
c --- [ parsing input ] ------------------------------------------------------
c 
c reading DIMACS file from '/mnt/c/Users/ikuto/projects/conway-99-graph/acceleration/results/20260930_hadamard_seven_remaining_cnfs/run01/rank5_122_profile_0000/instance.cnf'
c opening file to read '/mnt/c/Users/ikuto/projects/conway-99-graph/acceleration/results/20260930_hadamard_seven_remaining_cnfs/run01/rank5_122_profile_0000/instance.cnf'
c found 'p cnf 9880 170650' header
c parsed 170650 clauses in 0.06 seconds process time
c 
c --- [ options ] ------------------------------------------------------------
c 
c   --binary=false                 (different from default 'true')
c 
c --- [ solving ] ------------------------------------------------------------
c 
c time measured in process time since initialization
c 
c  seconds  reductions  redundant  irredundant
c         MB    restarts       trail      variables
c          level   conflicts       glue        remaining
c 
c *  0.07 17  0 0   0    0    0  0% 0 120722 6954 70%
c {  0.07 18  0 0   0    0    0  0% 0 120722 6954 70%
c i  0.07 18 31 0   1   65   53 56% 4 120722 6953 70%
c i  0.08 19 24 0   9  158  118 54% 6 120722 6952 70%
c i  0.08 19 26 0  10  283  212 54% 6 120722 6951 70%
c i  0.08 19 26 0  10  284  212 54% 6 120722 6889 70%
c i  0.08 19 26 0  10  286  213 54% 6 120722 6888 70%
c i  0.08 19 26 0  12  290  216 54% 6 120722 6886 70%
c -  0.09 19 27 1  14  302  173 54% 6 117557 6886 70%
c i  0.09 19 23 1  20  431  236 53% 6 117557 6885 70%
c i  0.09 19 23 1  20  432  236 53% 6 117557 6883 70%
c i  0.09 19 23 1  20  433  236 53% 6 117557 6882 70%
c i  0.10 19 28 1  24  546  319 53% 6 117557 6816 69%
c i  0.10 19 25 1  24  703  430 53% 6 117557 6813 69%
c i  0.10 19 25 1  24  704  430 53% 6 117557 6812 69%
c i  0.10 19 25 1  24  710  435 53% 6 117557 6769 69%
c i  0.10 19 25 1  24  717  440 53% 6 117557 6767 68%
c i  0.10 19 25 1  24  718  440 53% 6 117557 6765 68%
c -  0.12 24 23 2  29  950  378 53% 5 112281 6762 68%
c i  0.12 24 25 2  29  996  413 53% 5 112281 5823 59%
c 
c  seconds  reductions  redundant  irredundant
c         MB    restarts       trail      variables
c          level   conflicts       glue        remaining
c 
c }  0.12 24 25 2  29 1000  417 53% 5 112281 5823 59%
c [  0.12 24  0 2  29 1000  417  0% 0 112281 5823 59%
c O  0.12 24 20 2  29 1005  422 63% 3 112281 5823 59%
c i  0.12 24  7 2  29 1041  442 56% 3 112281 5818 59%
c i  0.12 24  8 2  29 1050  449 55% 4 112281 5817 59%
c i  0.12 24  8 2  29 1054  450 54% 4 112281 5816 59%
c i  0.13 24  7 2  29 1083  469 54% 4 112281 5815 59%
c i  0.13 24  6 2  29 1116  488 53% 4 112281 5798 59%
c ]  0.13 24  6 2  29 1127  493 53% 3 112281 5234 53%
c 0  0.13 24  6 2  29 1127  493 53% 3 112281 5234 53%
c 
c --- [ closing proof ] ------------------------------------------------------
c 
c DRAT proof file '/tmp/conway99-seven-profile-rank5_122_profile_0000-Vl0VRn/proof.drat' closed
c DRAT 7523 added clauses 11.02%
c DRAT 60752 deleted clauses 88.98%
c DRAT 1820157 bytes (1.74 MB)
c 
c --- [ result ] -------------------------------------------------------------
c 
s UNSATISFIABLE
c 
c --- [ run-time profiling ] -------------------------------------------------
c 
c process time taken by individual solving procedures
c (percentage relative to process time for solving)
c 
c         0.06  104.48% parse
c         0.06   98.90% search
c         0.05   88.68% unstable
c         0.00    7.85% stable
c         0.00    2.31% lucky
c         0.00    0.00% simplify
c   =================================
c         0.06   48.62% solve
c 
c last line shows process time for solving
c (percentage relative to total process time)
c 
c --- [ statistics ] ---------------------------------------------------------
c 
c chronological:               513        45.52 %  of conflicts
c conflicts:                  1127     18172.44    per second
c decisions:                  3880     62563.49    per second
c fixed:                      4646        47.02 %  of all variables
c learned:                     979        86.87 %  per conflict
c learned_lits:              45937       100.00 %  learned literals
c minimized:                     0         0.00 %  learned literals
c shrunken:                  26552        57.80 %  learned literals
c minishrunken:               2642         5.75 %  learned literals
c otfs:                          9         0.80 %  of conflict
c propagations:             553248         8.92 M  per second
c reduced:                      18         1.60 %  per conflict
c rephased:                      1      1127.00    interval
c restarts:                     29        38.86    interval
c stabilizing:                   1        11.27 %  of conflicts
c subsumed:                    176         0.14 %  of all clauses
c strengthened:                  9         0.01 %  of all clauses
c trail reuses:                  0         0.00 %  of incremental calls
c 
c seconds are measured in process time for solving
c 
c --- [ resources ] ----------------------------------------------------------
c 
c total process time since initialization:         0.13    seconds
c total real time since initialization:            0.77    seconds
c maximum resident set size of process:           23.66    MB
c 
c --- [ shutting down ] ------------------------------------------------------
c 
c exit 20
