c --- [ banner ] -------------------------------------------------------------
c 
c CaDiCaL SAT Solver
c Copyright (c) 2016-2023 A. Biere, M. Fleury, N. Froleyks, K. Fazekas, F. Pollitt
c 
c Version 1.9.5 146207318796f094dcded87349a64f0c6927309e
c g++ (Ubuntu 13.3.0-6ubuntu2~24.04.1) 13.3.0 -Wall -Wextra -O3 -DNDEBUG
c Wed Sep 30 06:02:32 JST 2026 Linux ikutoPC 6.6.87.2-microsoft-standard-WSL2 x86_64
c 
c --- [ limit ] --------------------------------------------------------------
c 
c setting conflict limit to 1000000 conflicts (due to '1000000')
c 
c --- [ proof tracing ] ------------------------------------------------------
c 
c opening file to write '/tmp/conway99-seven-profile-rank5_122_profile_0003-pNQkb1/proof.drat'
c writing non-binary proof trace to '/tmp/conway99-seven-profile-rank5_122_profile_0003-pNQkb1/proof.drat'
c 
c --- [ parsing input ] ------------------------------------------------------
c 
c reading DIMACS file from '/mnt/c/Users/ikuto/projects/conway-99-graph/acceleration/results/20260930_hadamard_seven_remaining_cnfs/run01/rank5_122_profile_0003/instance.cnf'
c opening file to read '/mnt/c/Users/ikuto/projects/conway-99-graph/acceleration/results/20260930_hadamard_seven_remaining_cnfs/run01/rank5_122_profile_0003/instance.cnf'
c found 'p cnf 9872 170454' header
c parsed 170454 clauses in 0.06 seconds process time
c 
c --- [ options ] ------------------------------------------------------------
c 
c   --binary=false                 (different from default 'true')
c 
c --- [ solving ] ------------------------------------------------------------
c 
c time measured in process time since initialization
c 
c  seconds  reductions  redundant  irredundant
c         MB    restarts       trail      variables
c          level   conflicts       glue        remaining
c 
c *  0.06 18  0 0   0    0    0  0% 0 120522 6945 70%
c {  0.06 18  0 0   0    0    0  0% 0 120522 6945 70%
c i  0.06 18  0 0   0    2    0 32% 0 120522 6930 70%
c i  0.06 18  0 0   0    3    0 32% 0 120522 6853 69%
c i  0.06 18  0 0   0    4    0 32% 0 120522 6852 69%
c i  0.06 18  0 0   0    5    0 32% 0 120522 6777 69%
c i  0.06 18  0 0   0    7    0 32% 0 120522 6760 68%
c i  0.06 18  0 0   0    8    0 32% 0 120522 6759 68%
c i  0.07 19  8 0  18  110   80 51% 4 120522 6758 68%
c -  0.08 19 16 1  51  301  156 56% 6 112684 6758 68%
c i  0.09 19 14 1  53  352  175 57% 6 112684 6752 68%
c i  0.09 19 14 1  53  373  192 56% 6 112684 6751 68%
c i  0.09 19 14 1  53  417  216 57% 6 112684 6750 68%
c i  0.09 19 16 1  53  448  245 56% 6 112684 6749 68%
c i  0.09 19 17 1  55  479  271 56% 6 112684 6748 68%
c i  0.09 19 17 1  58  490  279 56% 6 112684 6747 68%
c i  0.09 19 17 1  58  491  279 55% 6 112684 6746 68%
c i  0.09 19 17 1  58  492  279 55% 6 112684 6745 68%
c i  0.09 19 17 1  59  507  292 55% 6 112684 6744 68%
c i  0.09 19 17 1  59  508  292 55% 6 112684 6743 68%
c 
c  seconds  reductions  redundant  irredundant
c         MB    restarts       trail      variables
c          level   conflicts       glue        remaining
c 
c i  0.10 19 17 1  69  649  381 55% 6 112684 6742 68%
c i  0.10 19 17 1  70  650  381 55% 6 112684 6741 68%
c i  0.10 19 17 1  73  662  392 56% 6 112684 6740 68%
c i  0.10 19 17 1  74  663  392 55% 6 112684 6739 68%
c i  0.10 19 17 1  74  664  392 55% 6 112684 6738 68%
c i  0.10 19 17 1  78  676  403 55% 6 112684 6736 68%
c i  0.10 19 17 1  82  699  418 55% 6 112684 6731 68%
c i  0.10 19 17 1  82  700  418 55% 6 112684 6730 68%
c i  0.10 19 17 1  82  711  427 55% 6 112684 6729 68%
c i  0.10 19 17 1  82  712  427 55% 6 112684 6728 68%
c i  0.10 19 17 1  82  713  427 55% 6 112684 6725 68%
c i  0.10 19 17 1  82  714  427 55% 6 112684 6724 68%
c i  0.10 19 17 1  82  715  427 55% 6 112684 6723 68%
c i  0.10 19 17 1  82  716  427 55% 6 112684 6722 68%
c i  0.10 19 17 1  82  717  427 55% 6 112684 6721 68%
c i  0.10 19 17 1  82  732  438 55% 6 112684 6720 68%
c i  0.10 19 17 1  82  756  458 55% 6 112684 6719 68%
c i  0.10 19 17 1  82  815  512 55% 6 112684 6718 68%
c -  0.12 24 16 2  89  934  459 55% 6 111404 6718 68%
c i  0.12 24 16 2  92  972  488 55% 6 111404 6717 68%
c 
c  seconds  reductions  redundant  irredundant
c         MB    restarts       trail      variables
c          level   conflicts       glue        remaining
c 
c i  0.12 24 16 2  92  973  488 55% 6 111404 6716 68%
c i  0.12 24 16 2  92  974  488 55% 6 111404 6715 68%
c i  0.12 24 16 2  92  975  488 55% 6 111404 6714 68%
c i  0.12 24 16 2  92  976  488 55% 6 111404 6713 68%
c i  0.12 24 16 2  92  977  488 55% 6 111404 6711 68%
c }  0.12 24 16 2  92 1002  502 55% 6 111404 6711 68%
c [  0.12 24  0 2  92 1002  502  0% 0 111404 6711 68%
c O  0.12 24  2 2  92 1003  503 65% 2 111404 6711 68%
c i  0.13 24 12 2  92 1094  557 58% 6 111404 6709 68%
c i  0.13 24 13 2  92 1116  576 58% 6 111404 6708 68%
c i  0.14 24 14 2  92 1321  736 56% 7 111404 5814 59%
c ]  0.14 24 14 2  92 1326  736 56% 7 111404 3679 37%
c 0  0.14 24 14 2  92 1326  736 56% 7 111404 3679 37%
c 
c --- [ closing proof ] ------------------------------------------------------
c 
c DRAT proof file '/tmp/conway99-seven-profile-rank5_122_profile_0003-pNQkb1/proof.drat' closed
c DRAT 9417 added clauses 13.27%
c DRAT 61537 deleted clauses 86.73%
c DRAT 1804328 bytes (1.72 MB)
c 
c --- [ result ] -------------------------------------------------------------
c 
s UNSATISFIABLE
c 
c --- [ run-time profiling ] -------------------------------------------------
c 
c process time taken by individual solving procedures
c (percentage relative to process time for solving)
c 
c         0.08   99.09% search
c         0.06   78.00% parse
c         0.06   76.04% unstable
c         0.02   21.46% stable
c         0.00    1.53% lucky
c         0.00    0.00% simplify
c   =================================
c         0.08   55.90% solve
c 
c last line shows process time for solving
c (percentage relative to total process time)
c 
c --- [ statistics ] ---------------------------------------------------------
c 
c chronological:               649        48.94 %  of conflicts
c conflicts:                  1326     17185.96    per second
c decisions:                  6131     79462.39    per second
c fixed:                      6193        62.73 %  of all variables
c learned:                    1212        91.40 %  per conflict
c learned_lits:              63323       100.00 %  learned literals
c minimized:                     0         0.00 %  learned literals
c shrunken:                  35571        56.17 %  learned literals
c minishrunken:               5943         9.39 %  learned literals
c otfs:                          8         0.60 %  of conflict
c propagations:             749902         9.72 M  per second
c reduced:                      33         2.49 %  per conflict
c rephased:                      1      1326.00    interval
c restarts:                     92        14.41    interval
c stabilizing:                   1        24.43 %  of conflicts
c subsumed:                    239         0.20 %  of all clauses
c strengthened:                  8         0.01 %  of all clauses
c trail reuses:                  0         0.00 %  of incremental calls
c 
c seconds are measured in process time for solving
c 
c --- [ resources ] ----------------------------------------------------------
c 
c total process time since initialization:         0.14    seconds
c total real time since initialization:            0.83    seconds
c maximum resident set size of process:           23.69    MB
c 
c --- [ shutting down ] ------------------------------------------------------
c 
c exit 20
