c --- [ banner ] -------------------------------------------------------------
c 
c CaDiCaL SAT Solver
c Copyright (c) 2016-2023 A. Biere, M. Fleury, N. Froleyks, K. Fazekas, F. Pollitt
c 
c Version 1.9.5 146207318796f094dcded87349a64f0c6927309e
c g++ (Ubuntu 13.3.0-6ubuntu2~24.04.1) 13.3.0 -Wall -Wextra -O3 -DNDEBUG
c Wed Sep 30 06:02:32 JST 2026 Linux ikutoPC 6.6.87.2-microsoft-standard-WSL2 x86_64
c 
c --- [ limit ] --------------------------------------------------------------
c 
c setting conflict limit to 1000000 conflicts (due to '1000000')
c 
c --- [ proof tracing ] ------------------------------------------------------
c 
c opening file to write '/tmp/conway99-seven-profile-rank5_64_profile_0077-xunOoh/proof.drat'
c writing non-binary proof trace to '/tmp/conway99-seven-profile-rank5_64_profile_0077-xunOoh/proof.drat'
c 
c --- [ parsing input ] ------------------------------------------------------
c 
c reading DIMACS file from '/mnt/c/Users/ikuto/projects/conway-99-graph/acceleration/results/20260930_hadamard_seven_remaining_cnfs/run02/rank5_64_profile_0077/instance.cnf'
c opening file to read '/mnt/c/Users/ikuto/projects/conway-99-graph/acceleration/results/20260930_hadamard_seven_remaining_cnfs/run02/rank5_64_profile_0077/instance.cnf'
c found 'p cnf 9880 170650' header
c parsed 170650 clauses in 0.07 seconds process time
c 
c --- [ options ] ------------------------------------------------------------
c 
c   --binary=false                 (different from default 'true')
c 
c --- [ solving ] ------------------------------------------------------------
c 
c time measured in process time since initialization
c 
c  seconds  reductions  redundant  irredundant
c         MB    restarts       trail      variables
c          level   conflicts       glue        remaining
c 
c *  0.07 17  0 0   0    0    0  0% 0 120750 6954 70%
c {  0.07 18  0 0   0    0    0  0% 0 120750 6954 70%
c i  0.08 19 25 0   7  207  159 54% 5 120750 6953 70%
c -  0.09 19 34 1  13  300  192 52% 6 120583 6953 70%
c i  0.09 19 36 1  37  438  295 49% 8 120583 6854 69%
c i  0.09 19 36 1  38  442  298 49% 8 120583 6849 69%
c i  0.11 19 27 1  46  820  570 52% 7 120583 6846 69%
c i  0.11 19 27 1  46  821  570 52% 7 120583 6767 68%
c i  0.11 19 27 1  46  843  591 52% 7 120583 6766 68%
c i  0.11 19 27 1  46  847  594 52% 7 120583 6708 68%
c i  0.11 19 27 1  46  914  646 53% 7 120583 6705 68%
c i  0.12 19 26 1  46  949  679 53% 7 120583 6646 67%
c -  0.13 23 26 2  46  949  585 53% 7 112265 6646 67%
c i  0.13 23 26 2  46  968  593 53% 7 112265 6645 67%
c i  0.13 23 26 2  46  971  595 53% 7 112265 5756 58%
c }  0.13 23 26 2  46  974  596 53% 7 112265 5587 57%
c 0  0.13 23 26 2  46  974  596 53% 7 112265 5587 57%
c 
c --- [ closing proof ] ------------------------------------------------------
c 
c DRAT proof file '/tmp/conway99-seven-profile-rank5_64_profile_0077-xunOoh/proof.drat' closed
c DRAT 6753 added clauses 10.08%
c DRAT 60248 deleted clauses 89.92%
c DRAT 1698544 bytes (1.62 MB)
c 
c --- [ result ] -------------------------------------------------------------
c 
s UNSATISFIABLE
c 
c --- [ run-time profiling ] -------------------------------------------------
c 
c process time taken by individual solving procedures
c (percentage relative to process time for solving)
c 
c         0.07  118.95% parse
c         0.06   98.81% search
c         0.06   96.93% unstable
c         0.00    1.85% lucky
c         0.00    0.00% simplify
c   =================================
c         0.06   45.37% solve
c 
c last line shows process time for solving
c (percentage relative to total process time)
c 
c --- [ statistics ] ---------------------------------------------------------
c 
c chronological:               479        49.18 %  of conflicts
c conflicts:                   974     16886.56    per second
c decisions:                  3554     61616.88    per second
c fixed:                      4293        43.45 %  of all variables
c learned:                     863        88.60 %  per conflict
c learned_lits:              50375       100.00 %  learned literals
c minimized:                     0         0.00 %  learned literals
c shrunken:                  20620        40.93 %  learned literals
c minishrunken:               5899        11.71 %  learned literals
c otfs:                          6         0.62 %  of conflict
c propagations:             485110         8.41 M  per second
c reduced:                      36         3.70 %  per conflict
c restarts:                     46        21.17    interval
c subsumed:                    122         0.10 %  of all clauses
c strengthened:                  6         0.00 %  of all clauses
c trail reuses:                  0         0.00 %  of incremental calls
c 
c seconds are measured in process time for solving
c 
c --- [ resources ] ----------------------------------------------------------
c 
c total process time since initialization:         0.13    seconds
c total real time since initialization:            0.73    seconds
c maximum resident set size of process:           23.56    MB
c 
c --- [ shutting down ] ------------------------------------------------------
c 
c exit 20
