c --- [ banner ] -------------------------------------------------------------
c 
c CaDiCaL SAT Solver
c Copyright (c) 2016-2023 A. Biere, M. Fleury, N. Froleyks, K. Fazekas, F. Pollitt
c 
c Version 1.9.5 146207318796f094dcded87349a64f0c6927309e
c g++ (Ubuntu 13.3.0-6ubuntu2~24.04.1) 13.3.0 -Wall -Wextra -O3 -DNDEBUG
c Wed Sep 30 06:02:32 JST 2026 Linux ikutoPC 6.6.87.2-microsoft-standard-WSL2 x86_64
c 
c --- [ limit ] --------------------------------------------------------------
c 
c setting conflict limit to 1000000 conflicts (due to '1000000')
c 
c --- [ proof tracing ] ------------------------------------------------------
c 
c opening file to write '/tmp/conway99-exact-eight-0147-GXGyKq/proof.drat'
c writing non-binary proof trace to '/tmp/conway99-exact-eight-0147-GXGyKq/proof.drat'
c 
c --- [ parsing input ] ------------------------------------------------------
c 
c reading DIMACS file from '/mnt/c/Users/ikuto/projects/conway-99-graph/acceleration/results/20261001_exact_eight_prefix64_batch02_cnfs_part02/case_0147/instance.cnf'
c opening file to read '/mnt/c/Users/ikuto/projects/conway-99-graph/acceleration/results/20261001_exact_eight_prefix64_batch02_cnfs_part02/case_0147/instance.cnf'
c found 'p cnf 9748 167416' header
c parsed 167416 clauses in 0.06 seconds process time
c 
c --- [ options ] ------------------------------------------------------------
c 
c   --binary=false                 (different from default 'true')
c 
c --- [ solving ] ------------------------------------------------------------
c 
c time measured in process time since initialization
c 
c  seconds  reductions  redundant  irredundant
c         MB    restarts       trail      variables
c          level   conflicts       glue        remaining
c 
c *  0.06 17  0 0   0    0    0  0% 0 117492 6820 70%
c {  0.06 18  0 0   0    0    0  0% 0 117492 6820 70%
c -  0.08 19 27 1  38  300  250 52% 9 117372 6820 70%
c i  0.08 19 24 1  38  382  301 51% 9 117372 6819 70%
c i  0.08 19 22 1  38  470  344 51% 8 117372 6818 70%
c -  0.11 24 30 2  53  941  442 54% 8 117278 6818 70%
c }  0.11 24 30 2  53 1010  498 54% 8 117278 6818 70%
c [  0.11 24  0 2  53 1010  498  0% 0 117278 6818 70%
c O  0.11 24  1 2  53 1011  499 58% 1 117278 6818 70%
c i  0.13 24 34 2  53 1289  713 59% 7 117278 6816 70%
c i  0.14 24 35 2  53 1546  912 58% 10 117278 6815 70%
c i  0.15 24 35 2  53 1601  960 57% 10 117278 6814 70%
c -  0.17 24 34 3  53 1903  906 56% 11 117135 6814 70%
c i  0.17 24 32 3  53 1972  934 56% 10 117135 6813 70%
c i  0.18 24 41 3  54 2215 1113 54% 14 117135 6807 70%
c i  0.18 24 41 3  54 2216 1113 54% 14 117135 6806 70%
c i  0.21 24 44 3  54 2622 1455 54% 15 117135 6805 70%
c ]  0.23 24 41 3  54 3010 1774 54% 14 117135 6805 70%
c {  0.23 24 30 3  54 3010 1774 54% 8 117135 6805 70%
c F  0.24 23 30 3  54 3012 1353 26% 8 116747 6805 70%
c 
c  seconds  reductions  redundant  irredundant
c         MB    restarts       trail      variables
c          level   conflicts       glue        remaining
c 
c i  0.24 23 29 3  54 3043 1381 36% 8 116747 6804 70%
c i  0.24 23 29 3  55 3072 1397 31% 8 116747 6803 70%
c i  0.24 23 29 3  56 3136 1429 32% 8 116747 6802 70%
c i  0.24 23 29 3  56 3173 1456 32% 7 116747 6801 70%
c -  0.25 24 29 4  56 3186 1189 32% 7 116559 6801 70%
c i  0.27 24 29 4  63 3709 1609 36% 7 116559 6800 70%
c i  0.28 24 29 4  64 3804 1674 35% 7 116559 6799 70%
c i  0.28 24 29 4  64 3830 1696 35% 7 116559 6797 70%
c i  0.29 24 29 4  93 3986 1808 34% 8 116559 6796 70%
c i  0.29 24 29 4  93 3987 1808 34% 8 116559 6795 70%
c i  0.29 24 29 4  94 3988 1808 34% 8 116559 6794 70%
c i  0.29 24 29 4  95 4091 1889 34% 7 116559 6790 70%
c i  0.29 24 28 4  95 4186 1944 34% 7 116559 6789 70%
c i  0.29 24 28 4  95 4210 1958 34% 7 116559 6787 70%
c i  0.29 24 28 4  95 4222 1968 34% 7 116559 6786 70%
c i  0.30 24 27 4  95 4262 1998 34% 7 116559 6785 70%
c i  0.30 24 27 4  95 4357 2077 34% 7 116559 6784 70%
c i  0.31 24 27 4  95 4500 2204 34% 7 116559 6783 70%
c i  0.31 24 27 4  97 4543 2241 34% 7 116559 6782 70%
c i  0.31 24 27 4  97 4564 2260 34% 7 116559 6781 70%
c 
c  seconds  reductions  redundant  irredundant
c         MB    restarts       trail      variables
c          level   conflicts       glue        remaining
c 
c i  0.31 24 27 4  97 4574 2268 34% 7 116559 6780 70%
c i  0.31 24 27 4  97 4576 2269 34% 7 116559 6779 70%
c -  0.32 24 27 5 106 4788 1320 34% 7 115561 6779 70%
c i  0.33 24 26 5 110 4888 1388 34% 7 115561 6778 70%
c d  0.33 24 26 5 114 5000 1304 34% 7 115370 6705 69%
c d  0.34 24 26 5 114 5000 1304 34% 7 115368 6704 69%
c p  0.40 25 26 5 114 5000 84278 34% 7 115368 6374 65%
c d  0.41 26 26 5 114 5000 80166 34% 7 102010 6358 65%
c d  0.41 26 26 5 114 5000 80165 34% 7 101506 6106 63%
c i  0.42 26 26 5 118 5094 80204 34% 7 101506 6105 63%
c i  0.42 26 25 5 118 5130 80227 34% 7 101506 6104 63%
c i  0.42 26 26 5 118 5157 80243 34% 7 101506 6103 63%
c i  0.46 26 25 5 189 5970 80851 36% 7 101506 6102 63%
c #  0.46 26 25 5 189 6013 80878 36% 7 101506 6102 63%
c i  0.46 26 25 5 193 6079 80911 35% 7 101506 6101 63%
c i  0.47 26 24 5 198 6317 81111 36% 7 101506 6100 63%
c i  0.49 26 24 5 225 6535 81277 36% 7 101506 6090 62%
c i  0.49 26 24 5 228 6565 81301 36% 7 101506 6089 62%
c -  0.51 30 24 6 241 6701 7523 36% 7 100715 6089 62%
c i  0.52 30 24 6 254 6865 7635 36% 7 100715 6088 62%
c 
c  seconds  reductions  redundant  irredundant
c         MB    restarts       trail      variables
c          level   conflicts       glue        remaining
c 
c i  0.52 30 24 6 254 6866 7635 36% 7 100715 6086 62%
c }  0.52 30 23 6 268 7012 7737 36% 7 100715 6086 62%
c [  0.52 30 41 6 268 7012 7737 78% 14 100715 6086 62%
c i  0.54 30 39 6 269 7331 7928 72% 14 100715 6003 62%
c i  0.55 30 38 6 269 7363 7475 34% 14 96934 5038 52%
c i  0.55 30 38 6 269 7373 7484 36% 14 96934 5037 52%
c ]  0.55 30 38 6 269 7381 7487 35% 14 96934 4163 43%
c 0  0.55 30 38 6 269 7381 7487 35% 14 96934 4163 43%
c 
c --- [ closing proof ] ------------------------------------------------------
c 
c DRAT proof file '/tmp/conway99-exact-eight-0147-GXGyKq/proof.drat' closed
c DRAT 103773 added clauses 39.12%
c DRAT 161524 deleted clauses 60.88%
c DRAT 7090803 bytes (6.76 MB)
c 
c --- [ result ] -------------------------------------------------------------
c 
s UNSATISFIABLE
c 
c --- [ run-time profiling ] -------------------------------------------------
c 
c process time taken by individual solving procedures
c (percentage relative to process time for solving)
c 
c         0.41   83.10% search
c         0.27   54.84% unstable
c         0.14   28.02% stable
c         0.08   16.77% simplify
c         0.06   12.12% probe
c         0.06   11.64% parse
c         0.01    1.40% ternary
c         0.00    0.23% lucky
c   =================================
c         0.49   89.47% solve
c 
c last line shows process time for solving
c (percentage relative to total process time)
c 
c --- [ statistics ] ---------------------------------------------------------
c 
c chronological:              3388        45.90 %  of conflicts
c conflicts:                  7381     14997.70    per second
c decisions:                 25712     52245.08    per second
c fixed:                      5243        53.79 %  of all variables
c learned:                    6772        91.75 %  per conflict
c learned_lits:             485074       100.00 %  learned literals
c minimized:                     0         0.00 %  learned literals
c shrunken:                 250799        51.70 %  learned literals
c minishrunken:              54599        11.26 %  learned literals
c otfs:                         32         0.43 %  of conflict
c propagations:            4860763         9.88 M  per second
c reduced:                    1057        14.32 %  per conflict
c rephased:                      3      2460.33    interval
c restarts:                    269        27.44    interval
c stabilizing:                   2        32.10 %  of conflicts
c substituted:                 342         3.51 %  of all variables
c subsumed:                   1221         0.58 %  of all clauses
c strengthened:                 31         0.01 %  of all clauses
c ternary:                       3         0.04 %  of resolved
c trail reuses:                  0         0.00 %  of incremental calls
c weakened:                    684         2.00    average size
c 
c seconds are measured in process time for solving
c 
c --- [ resources ] ----------------------------------------------------------
c 
c total process time since initialization:         0.55    seconds
c total real time since initialization:            1.18    seconds
c maximum resident set size of process:           30.23    MB
c 
c --- [ shutting down ] ------------------------------------------------------
c 
c exit 20
