c --- [ banner ] -------------------------------------------------------------
c 
c CaDiCaL SAT Solver
c Copyright (c) 2016-2023 A. Biere, M. Fleury, N. Froleyks, K. Fazekas, F. Pollitt
c 
c Version 1.9.5 146207318796f094dcded87349a64f0c6927309e
c g++ (Ubuntu 13.3.0-6ubuntu2~24.04.1) 13.3.0 -Wall -Wextra -O3 -DNDEBUG
c Wed Sep 30 06:02:32 JST 2026 Linux ikutoPC 6.6.87.2-microsoft-standard-WSL2 x86_64
c 
c --- [ limit ] --------------------------------------------------------------
c 
c setting conflict limit to 1000000 conflicts (due to '1000000')
c 
c --- [ proof tracing ] ------------------------------------------------------
c 
c opening file to write '/tmp/conway99-seven-profile-rank5_64_profile_0076-Myzsnd/proof.drat'
c writing non-binary proof trace to '/tmp/conway99-seven-profile-rank5_64_profile_0076-Myzsnd/proof.drat'
c 
c --- [ parsing input ] ------------------------------------------------------
c 
c reading DIMACS file from '/mnt/c/Users/ikuto/projects/conway-99-graph/acceleration/results/20260930_hadamard_seven_remaining_cnfs/run02/rank5_64_profile_0076/instance.cnf'
c opening file to read '/mnt/c/Users/ikuto/projects/conway-99-graph/acceleration/results/20260930_hadamard_seven_remaining_cnfs/run02/rank5_64_profile_0076/instance.cnf'
c found 'p cnf 9872 170454' header
c parsed 170454 clauses in 0.08 seconds process time
c 
c --- [ options ] ------------------------------------------------------------
c 
c   --binary=false                 (different from default 'true')
c 
c --- [ solving ] ------------------------------------------------------------
c 
c time measured in process time since initialization
c 
c  seconds  reductions  redundant  irredundant
c         MB    restarts       trail      variables
c          level   conflicts       glue        remaining
c 
c *  0.08 17  0 0   0    0    0  0% 0 120550 6945 70%
c {  0.08 18  0 0   0    0    0  0% 0 120550 6945 70%
c i  0.09 18 22 0   8  121   89 51% 6 120550 6944 70%
c i  0.09 18 33 0   8  172  135 52% 6 120550 6943 70%
c -  0.10 19 41 1  15  300  165 51% 6 120336 6943 70%
c i  0.11 19 33 1  33  483  283 52% 7 120336 6942 70%
c i  0.11 19 29 1  33  606  390 52% 6 120336 6941 70%
c i  0.11 19 29 1  34  625  406 52% 6 120336 6940 70%
c i  0.13 19 24 1  50  910  593 53% 6 120336 6939 70%
c -  0.14 24 24 2  50  953  398 53% 6 120150 6939 70%
c }  0.14 24 23 2  50 1000  437 53% 6 120150 6939 70%
c [  0.14 24  0 2  50 1000  437  0% 0 120150 6939 70%
c O  0.14 24 62 2  50 1002  439 60% 2 120150 6939 70%
c i  0.14 24 19 2  50 1007  442 51% 1 120150 6938 70%
c i  0.14 24  8 2  50 1031  455 57% 2 120150 6937 70%
c i  0.15 24  6 2  50 1060  471 58% 2 120150 6936 70%
c i  0.15 24 13 2  50 1162  559 56% 6 120150 5843 59%
c i  0.15 24 13 2  50 1163  559 56% 6 120150 5071 51%
c ]  0.15 24 13 2  50 1165  559 56% 6 120150 3816 39%
c 0  0.15 24 13 2  50 1165  559 56% 6 120150 3816 39%
c 
c --- [ closing proof ] ------------------------------------------------------
c 
c DRAT proof file '/tmp/conway99-seven-profile-rank5_64_profile_0076-Myzsnd/proof.drat' closed
c DRAT 8162 added clauses 13.60%
c DRAT 51850 deleted clauses 86.40%
c DRAT 1520243 bytes (1.45 MB)
c 
c --- [ result ] -------------------------------------------------------------
c 
s UNSATISFIABLE
c 
c --- [ run-time profiling ] -------------------------------------------------
c 
c process time taken by individual solving procedures
c (percentage relative to process time for solving)
c 
c         0.08  114.35% parse
c         0.07   98.98% search
c         0.06   82.89% unstable
c         0.01   14.44% stable
c         0.00    1.60% lucky
c         0.00    0.00% simplify
c   =================================
c         0.07   46.40% solve
c 
c last line shows process time for solving
c (percentage relative to total process time)
c 
c --- [ statistics ] ---------------------------------------------------------
c 
c chronological:               525        45.06 %  of conflicts
c conflicts:                  1165     16479.47    per second
c decisions:                  4126     58364.22    per second
c fixed:                      6056        61.35 %  of all variables
c learned:                     991        85.06 %  per conflict
c learned_lits:              60104       100.00 %  learned literals
c minimized:                     0         0.00 %  learned literals
c shrunken:                  30789        51.23 %  learned literals
c minishrunken:               6404        10.65 %  learned literals
c otfs:                         20         1.72 %  of conflict
c propagations:             709243        10.03 M  per second
c reduced:                      24         2.06 %  per conflict
c rephased:                      1      1165.00    interval
c restarts:                     50        23.30    interval
c stabilizing:                   1        14.16 %  of conflicts
c subsumed:                    151         0.12 %  of all clauses
c strengthened:                 20         0.02 %  of all clauses
c trail reuses:                  0         0.00 %  of incremental calls
c 
c seconds are measured in process time for solving
c 
c --- [ resources ] ----------------------------------------------------------
c 
c total process time since initialization:         0.15    seconds
c total real time since initialization:            0.79    seconds
c maximum resident set size of process:           24.09    MB
c 
c --- [ shutting down ] ------------------------------------------------------
c 
c exit 20
