c --- [ banner ] -------------------------------------------------------------
c 
c CaDiCaL SAT Solver
c Copyright (c) 2016-2023 A. Biere, M. Fleury, N. Froleyks, K. Fazekas, F. Pollitt
c 
c Version 1.9.5 146207318796f094dcded87349a64f0c6927309e
c g++ (Ubuntu 13.3.0-6ubuntu2~24.04.1) 13.3.0 -Wall -Wextra -O3 -DNDEBUG
c Wed Sep 30 06:02:32 JST 2026 Linux ikutoPC 6.6.87.2-microsoft-standard-WSL2 x86_64
c 
c --- [ limit ] --------------------------------------------------------------
c 
c setting conflict limit to 1000000 conflicts (due to '1000000')
c 
c --- [ proof tracing ] ------------------------------------------------------
c 
c opening file to write '/tmp/conway99-seven-profile-rank5_82_profile_0003-Ywv0ix/proof.drat'
c writing non-binary proof trace to '/tmp/conway99-seven-profile-rank5_82_profile_0003-Ywv0ix/proof.drat'
c 
c --- [ parsing input ] ------------------------------------------------------
c 
c reading DIMACS file from '/mnt/c/Users/ikuto/projects/conway-99-graph/acceleration/results/20260930_hadamard_seven_remaining_cnfs/run02/rank5_82_profile_0003/instance.cnf'
c opening file to read '/mnt/c/Users/ikuto/projects/conway-99-graph/acceleration/results/20260930_hadamard_seven_remaining_cnfs/run02/rank5_82_profile_0003/instance.cnf'
c found 'p cnf 9872 170454' header
c parsed 170454 clauses in 0.06 seconds process time
c 
c --- [ options ] ------------------------------------------------------------
c 
c   --binary=false                 (different from default 'true')
c 
c --- [ solving ] ------------------------------------------------------------
c 
c time measured in process time since initialization
c 
c  seconds  reductions  redundant  irredundant
c         MB    restarts       trail      variables
c          level   conflicts       glue        remaining
c 
c *  0.06 18  0 0   0    0    0  0% 0 120522 6945 70%
c {  0.06 18  0 0   0    0    0  0% 0 120522 6945 70%
c i  0.06 18  0 0   0    2    0 31% 0 120522 6930 70%
c i  0.06 18  0 0   0    3    0 31% 0 120522 6867 70%
c i  0.06 18  0 0   0    4    0 31% 0 120522 6866 70%
c i  0.06 18  0 0   0    5    0 31% 0 120522 6791 69%
c i  0.06 18  0 0   0    7    0 31% 0 120522 6776 69%
c i  0.06 18  0 0   0    8    0 31% 0 120522 6760 68%
c i  0.06 18  0 0   0    9    0 32% 0 120522 6759 68%
c i  0.07 19 19 0  16   65   51 51% 4 120522 6758 68%
c i  0.07 19 16 0  16  109   67 53% 4 120522 6757 68%
c i  0.07 19 18 0  19  121   75 53% 5 120522 6756 68%
c -  0.09 19 23 1  54  300  196 54% 6 112556 6756 68%
c i  0.09 19 20 1  54  429  278 55% 6 112556 6753 68%
c i  0.09 19 23 1  54  468  303 55% 5 112556 6752 68%
c i  0.09 19 23 1  54  471  305 55% 6 112556 6751 68%
c i  0.10 19 24 1  69  613  401 54% 6 112556 6682 68%
c i  0.11 19 24 1  97  738  506 54% 6 112556 6631 67%
c i  0.11 19 23 1 103  851  581 55% 6 112556 6581 67%
c -  0.12 24 23 2 105  933  398 54% 6 107041 6581 67%
c 
c  seconds  reductions  redundant  irredundant
c         MB    restarts       trail      variables
c          level   conflicts       glue        remaining
c 
c }  0.13 24 22 2 108 1000  438 55% 6 107041 6581 67%
c [  0.13 24  0 2 108 1000  438  0% 0 107041 6581 67%
c O  0.13 24 14 2 108 1007  442 56% 5 107041 6581 67%
c i  0.13 24  8 2 108 1075  475 61% 4 107041 6577 67%
c i  0.13 24  7 2 108 1076  475 61% 4 107041 6576 67%
c i  0.14 24 41 2 108 1164  550 58% 6 107041 6575 67%
c i  0.14 24 43 2 108 1190  572 57% 7 107041 6573 67%
c i  0.14 24 44 2 108 1207  585 57% 7 107041 6568 67%
c i  0.14 24 44 2 108 1225  595 56% 8 107041 6565 67%
c i  0.14 24 44 2 108 1229  596 56% 8 107041 6564 66%
c i  0.14 24 39 2 108 1277  633 55% 8 107041 6563 66%
c i  0.14 24 39 2 108 1280  634 55% 8 107041 6562 66%
c i  0.14 24 36 2 108 1305  649 55% 8 107041 6560 66%
c i  0.14 24 35 2 108 1313  653 55% 7 107041 4862 49%
c ]  0.14 24 35 2 108 1318  656 55% 7 107041 3732 38%
c 0  0.14 24 35 2 108 1318  656 55% 7 107041 3732 38%
c 
c --- [ closing proof ] ------------------------------------------------------
c 
c DRAT proof file '/tmp/conway99-seven-profile-rank5_82_profile_0003-Ywv0ix/proof.drat' closed
c DRAT 9554 added clauses 12.62%
c DRAT 66170 deleted clauses 87.38%
c DRAT 1889577 bytes (1.80 MB)
c 
c --- [ result ] -------------------------------------------------------------
c 
s UNSATISFIABLE
c 
c --- [ run-time profiling ] -------------------------------------------------
c 
c process time taken by individual solving procedures
c (percentage relative to process time for solving)
c 
c         0.08   99.17% search
c         0.06   77.15% unstable
c         0.06   77.11% parse
c         0.02   20.40% stable
c         0.00    1.56% lucky
c         0.00    0.00% simplify
c   =================================
c         0.08   56.13% solve
c 
c last line shows process time for solving
c (percentage relative to total process time)
c 
c --- [ statistics ] ---------------------------------------------------------
c 
c chronological:               681        51.67 %  of conflicts
c conflicts:                  1318     16314.91    per second
c decisions:                  6328     78331.37    per second
c fixed:                      6140        62.20 %  of all variables
c learned:                    1189        90.21 %  per conflict
c learned_lits:              60522       100.00 %  learned literals
c minimized:                     0         0.00 %  learned literals
c shrunken:                  35682        58.96 %  learned literals
c minishrunken:               3988         6.59 %  learned literals
c otfs:                         19         1.44 %  of conflict
c propagations:             758126         9.38 M  per second
c reduced:                      15         1.14 %  per conflict
c rephased:                      1      1318.00    interval
c restarts:                    108        12.20    interval
c stabilizing:                   1        24.13 %  of conflicts
c subsumed:                    217         0.18 %  of all clauses
c strengthened:                 19         0.02 %  of all clauses
c trail reuses:                  0         0.00 %  of incremental calls
c 
c seconds are measured in process time for solving
c 
c --- [ resources ] ----------------------------------------------------------
c 
c total process time since initialization:         0.14    seconds
c total real time since initialization:            0.84    seconds
c maximum resident set size of process:           23.74    MB
c 
c --- [ shutting down ] ------------------------------------------------------
c 
c exit 20
