c --- [ banner ] -------------------------------------------------------------
c 
c CaDiCaL SAT Solver
c Copyright (c) 2016-2023 A. Biere, M. Fleury, N. Froleyks, K. Fazekas, F. Pollitt
c 
c Version 1.9.5 146207318796f094dcded87349a64f0c6927309e
c g++ (Ubuntu 13.3.0-6ubuntu2~24.04.1) 13.3.0 -Wall -Wextra -O3 -DNDEBUG
c Wed Sep 30 06:02:32 JST 2026 Linux ikutoPC 6.6.87.2-microsoft-standard-WSL2 x86_64
c 
c --- [ limit ] --------------------------------------------------------------
c 
c setting conflict limit to 1000000 conflicts (due to '1000000')
c 
c --- [ proof tracing ] ------------------------------------------------------
c 
c opening file to write '/tmp/conway99-seven-profile-rank5_189_profile_0003-LkBEEA/proof.drat'
c writing non-binary proof trace to '/tmp/conway99-seven-profile-rank5_189_profile_0003-LkBEEA/proof.drat'
c 
c --- [ parsing input ] ------------------------------------------------------
c 
c reading DIMACS file from '/mnt/c/Users/ikuto/projects/conway-99-graph/acceleration/results/20260930_hadamard_seven_remaining_cnfs/run02/rank5_189_profile_0003/instance.cnf'
c opening file to read '/mnt/c/Users/ikuto/projects/conway-99-graph/acceleration/results/20260930_hadamard_seven_remaining_cnfs/run02/rank5_189_profile_0003/instance.cnf'
c found 'p cnf 9872 170454' header
c parsed 170454 clauses in 0.07 seconds process time
c 
c --- [ options ] ------------------------------------------------------------
c 
c   --binary=false                 (different from default 'true')
c 
c --- [ solving ] ------------------------------------------------------------
c 
c time measured in process time since initialization
c 
c  seconds  reductions  redundant  irredundant
c         MB    restarts       trail      variables
c          level   conflicts       glue        remaining
c 
c *  0.07 18  0 0   0    0    0  0% 0 120522 6945 70%
c {  0.07 19  0 0   0    0    0  0% 0 120522 6945 70%
c -  0.09 19 29 1  16  300  239 51% 6 120402 6945 70%
c i  0.09 19 28 1  19  343  263 51% 6 120402 6944 70%
c i  0.09 19 28 1  20  378  264 49% 6 120402 6851 69%
c i  0.10 19 27 1  37  580  389 51% 6 120402 6850 69%
c i  0.10 19 27 1  37  582  390 51% 6 120402 6849 69%
c -  0.13 24 25 2  43  951  569 54% 6 116254 6849 69%
c }  0.13 24 24 2  43 1004  610 54% 6 116254 6849 69%
c [  0.13 24  0 2  43 1004  610  0% 0 116254 6849 69%
c O  0.13 24  3 2  43 1005  611 72% 2 116254 6849 69%
c i  0.14 24 13 2  43 1067  649 64% 6 116254 6847 69%
c -  0.19 26 24 3  43 1910 1195 57% 11 116205 6847 69%
c i  0.20 26 22 3  43 2047 1284 57% 10 116205 5983 61%
c i  0.22 22 22 3  43 2076  504 28% 10 83976 5982 61%
c ]  0.22 22 22 3  43 2078  504 26% 10 83976 5145 52%
c 0  0.22 22 22 3  43 2078  504 26% 10 83976 5145 52%
c 
c --- [ closing proof ] ------------------------------------------------------
c 
c DRAT proof file '/tmp/conway99-seven-profile-rank5_189_profile_0003-LkBEEA/proof.drat' closed
c DRAT 10661 added clauses 10.39%
c DRAT 91907 deleted clauses 89.61%
c DRAT 3051033 bytes (2.91 MB)
c 
c --- [ result ] -------------------------------------------------------------
c 
s UNSATISFIABLE
c 
c --- [ run-time profiling ] -------------------------------------------------
c 
c process time taken by individual solving procedures
c (percentage relative to process time for solving)
c 
c         0.14   99.58% search
c         0.08   57.27% stable
c         0.07   48.23% parse
c         0.06   40.80% unstable
c         0.00    1.49% lucky
c         0.00    0.00% simplify
c   =================================
c         0.14   67.20% solve
c 
c last line shows process time for solving
c (percentage relative to total process time)
c 
c --- [ statistics ] ---------------------------------------------------------
c 
c chronological:               818        39.36 %  of conflicts
c conflicts:                  2078     14332.22    per second
c decisions:                  6068     41851.74    per second
c fixed:                      4727        47.88 %  of all variables
c learned:                    1849        88.98 %  per conflict
c learned_lits:             131374       100.00 %  learned literals
c minimized:                     0         0.00 %  learned literals
c shrunken:                  48259        36.73 %  learned literals
c minishrunken:              21094        16.06 %  learned literals
c otfs:                         31         1.49 %  of conflict
c propagations:            1095416         7.56 M  per second
c reduced:                     149         7.17 %  per conflict
c rephased:                      1      2078.00    interval
c restarts:                     43        48.33    interval
c stabilizing:                   1        51.68 %  of conflicts
c subsumed:                    276         0.23 %  of all clauses
c strengthened:                 31         0.03 %  of all clauses
c trail reuses:                  0         0.00 %  of incremental calls
c 
c seconds are measured in process time for solving
c 
c --- [ resources ] ----------------------------------------------------------
c 
c total process time since initialization:         0.22    seconds
c total real time since initialization:            0.91    seconds
c maximum resident set size of process:           29.21    MB
c 
c --- [ shutting down ] ------------------------------------------------------
c 
c exit 20
