c --- [ banner ] -------------------------------------------------------------
c 
c CaDiCaL SAT Solver
c Copyright (c) 2016-2023 A. Biere, M. Fleury, N. Froleyks, K. Fazekas, F. Pollitt
c 
c Version 1.9.5 146207318796f094dcded87349a64f0c6927309e
c g++ (Ubuntu 13.3.0-6ubuntu2~24.04.1) 13.3.0 -Wall -Wextra -O3 -DNDEBUG
c Wed Sep 30 06:02:32 JST 2026 Linux ikutoPC 6.6.87.2-microsoft-standard-WSL2 x86_64
c 
c --- [ limit ] --------------------------------------------------------------
c 
c setting conflict limit to 1000000 conflicts (due to '1000000')
c 
c --- [ proof tracing ] ------------------------------------------------------
c 
c opening file to write '/tmp/conway99-seven-profile-rank5_113_profile_0005-8LtLG3/proof.drat'
c writing non-binary proof trace to '/tmp/conway99-seven-profile-rank5_113_profile_0005-8LtLG3/proof.drat'
c 
c --- [ parsing input ] ------------------------------------------------------
c 
c reading DIMACS file from '/mnt/c/Users/ikuto/projects/conway-99-graph/acceleration/results/20260930_hadamard_seven_remaining_cnfs/run01/rank5_113_profile_0005/instance.cnf'
c opening file to read '/mnt/c/Users/ikuto/projects/conway-99-graph/acceleration/results/20260930_hadamard_seven_remaining_cnfs/run01/rank5_113_profile_0005/instance.cnf'
c found 'p cnf 9952 172414' header
c parsed 172414 clauses in 0.07 seconds process time
c 
c --- [ options ] ------------------------------------------------------------
c 
c   --binary=false                 (different from default 'true')
c 
c --- [ solving ] ------------------------------------------------------------
c 
c time measured in process time since initialization
c 
c  seconds  reductions  redundant  irredundant
c         MB    restarts       trail      variables
c          level   conflicts       glue        remaining
c 
c *  0.07 18  0 0   0    0    0  0% 0 122670 7052 71%
c {  0.07 18  0 0   0    0    0  0% 0 122670 7052 71%
c i  0.07 18  9 0   0   22    5 34% 1 122670 7051 71%
c i  0.07 18  8 0   0   23    5 34% 1 122670 7050 71%
c i  0.07 18  7 0   0   24    5 34% 1 122670 7049 71%
c i  0.07 18  9 0   0   27    7 35% 1 122670 7038 71%
c i  0.08 19 24 0  14  181  130 54% 6 122670 7037 71%
c -  0.09 20 25 1  29  301  215 56% 7 121992 7037 71%
c i  0.09 20 25 1  29  305  218 56% 7 121992 7036 71%
c i  0.11 20 24 1  64  700  521 54% 7 121992 7034 71%
c i  0.11 20 24 1  64  701  521 54% 7 121992 7033 71%
c -  0.13 25 24 2  71  952  535 54% 7 121850 7033 71%
c }  0.13 25 25 2  71 1018  574 53% 7 121850 7033 71%
c [  0.13 25  0 2  71 1018  574  0% 0 121850 7033 71%
c O  0.13 25  2 2  71 1019  575 58% 2 121850 7033 71%
c i  0.13 25 13 2  71 1036  581 54% 4 121850 7032 71%
c i  0.14 25 18 2  71 1084  620 53% 10 121850 7031 71%
c i  0.14 25 16 2  71 1097  619 53% 9 121850 7030 71%
c i  0.14 25 15 2  71 1104  622 54% 9 121850 7028 71%
c i  0.14 25 12 2  71 1221  701 52% 7 121850 7027 71%
c 
c  seconds  reductions  redundant  irredundant
c         MB    restarts       trail      variables
c          level   conflicts       glue        remaining
c 
c i  0.16 25 24 2  71 1629 1060 53% 9 121850 7026 71%
c i  0.17 25 50 2  71 1890 1266 52% 21 121850 7025 71%
c -  0.18 25 52 3  71 1931 1054 52% 22 121519 7025 71%
c i  0.20 25 54 3  72 2277 1318 51% 24 121519 7024 71%
c i  0.20 25 54 3  72 2292 1331 51% 24 121519 7023 71%
c i  0.20 25 53 3  72 2317 1351 50% 24 121519 7022 71%
c i  0.21 25 51 3  72 2487 1477 50% 23 121519 7021 71%
c i  0.21 25 51 3  72 2519 1504 50% 23 121519 7020 71%
c i  0.22 25 50 3  72 2719 1654 50% 22 121519 7019 71%
c ]  0.23 25 45 3  72 3018 1890 50% 21 121519 7019 71%
c {  0.23 25 25 3  72 3018 1890 53% 7 121519 7019 71%
c F  0.24 24 25 3  73 3020 1882 22% 7 121237 7019 71%
c -  0.26 25 24 4  93 3234 1656 31% 8 121237 7019 71%
c i  0.26 25 24 4 101 3321 1708 29% 8 121237 7016 70%
c i  0.27 25 24 4 109 3521 1847 32% 7 121237 7015 70%
c i  0.27 25 24 4 109 3522 1847 32% 7 121237 7014 70%
c i  0.27 25 24 4 109 3567 1871 33% 7 121237 6999 70%
c i  0.27 25 23 4 109 3596 1889 33% 7 121237 6987 70%
c i  0.27 25 23 4 110 3641 1932 33% 7 121237 6986 70%
c i  0.27 25 23 4 110 3642 1932 33% 7 121237 6985 70%
c 
c  seconds  reductions  redundant  irredundant
c         MB    restarts       trail      variables
c          level   conflicts       glue        remaining
c 
c i  0.30 25 22 4 168 4217 2378 34% 8 121237 6984 70%
c i  0.30 25 22 4 168 4238 2390 34% 8 121237 6983 70%
c i  0.30 25 22 4 168 4239 2390 34% 8 121237 6982 70%
c i  0.31 25 23 4 183 4491 2602 33% 8 121237 6981 70%
c i  0.31 25 23 4 184 4493 2600 33% 8 121237 6980 70%
c i  0.31 25 23 4 186 4560 2620 33% 8 121237 6979 70%
c i  0.31 25 23 4 191 4601 2652 33% 8 121237 6978 70%
c i  0.31 25 22 4 191 4643 2675 33% 8 121237 6977 70%
c -  0.33 24 22 5 198 4867 1513 32% 8 119740 6977 70%
c i  0.33 24 22 5 198 4873 1516 32% 8 119740 6976 70%
c d  0.34 24 22 5 206 5002 1436 32% 7 119519 6888 69%
c d  0.34 24 22 5 206 5002 1436 32% 7 119517 6887 69%
c 2  0.35 24 22 5 206 5002 1440 32% 7 119517 6887 69%
c p  0.41 26 22 5 206 5002 85674 32% 7 119517 6834 69%
c d  0.41 26 22 5 206 5002 84101 32% 7 117375 6813 68%
c d  0.42 26 22 5 206 5002 84101 32% 7 117301 6776 68%
c i  0.42 26 22 5 206 5098 84152 32% 7 117301 6775 68%
c i  0.43 26 22 5 218 5248 84265 32% 7 117301 6774 68%
c i  0.43 26 21 5 218 5249 84265 32% 7 117301 6773 68%
c i  0.44 26 21 5 226 5511 84483 32% 7 117301 6772 68%
c 
c  seconds  reductions   redundant  irredundant
c         MB    restarts        trail      variables
c          level   conflicts        glue        remaining
c 
c i  0.44 26 21 5 234 5617 84552 31% 7 117301 6771 68%
c i  0.45 26 21 5 236 5734 84627 31% 7 117301 6770 68%
c i  0.45 26 21 5 236 5742 84630 31% 7 117301 6769 68%
c i  0.45 26 21 5 238 5916 84750 31% 7 117301 6768 68%
c #  0.46 26 21 5 238 6021 84834 31% 7 117301 6768 68%
c i  0.46 26 21 5 238 6021 84834 31% 7 117301 6767 68%
c i  0.47 26 20 5 254 6349 85068 31% 7 117301 6766 68%
c i  0.48 26 20 5 279 6512 85158 30% 7 117301 6629 67%
c }  0.48 26 20 5 279 6544 85177 30% 7 117301 6561 66%
c 0  0.48 26 20 5 279 6544 85177 30% 7 117301 6561 66%
c 
c --- [ closing proof ] ------------------------------------------------------
c 
c DRAT proof file '/tmp/conway99-seven-profile-rank5_113_profile_0005-8LtLG3/proof.drat' closed
c DRAT 99163 added clauses 62.10%
c DRAT 60515 deleted clauses 37.90%
c DRAT 4967285 bytes (4.74 MB)
c 
c --- [ result ] -------------------------------------------------------------
c 
s UNSATISFIABLE
c 
c --- [ run-time profiling ] -------------------------------------------------
c 
c process time taken by individual solving procedures
c (percentage relative to process time for solving)
c 
c         0.33   79.60% search
c         0.23   54.63% unstable
c         0.10   24.67% stable
c         0.08   20.09% simplify
c         0.07   15.84% parse
c         0.06   14.40% probe
c         0.01    1.73% ternary
c         0.00    0.28% lucky
c   =================================
c         0.41   86.20% solve
c 
c last line shows process time for solving
c (percentage relative to total process time)
c 
c --- [ statistics ] ---------------------------------------------------------
c 
c chronological:              2805        42.86 %  of conflicts
c conflicts:                  6544     15813.68    per second
c decisions:                 19764     47760.01    per second
c fixed:                      3244        32.60 %  of all variables
c learned:                    5988        91.50 %  per conflict
c learned_lits:             443295       100.00 %  learned literals
c minimized:                     0         0.00 %  learned literals
c shrunken:                 211010        47.60 %  learned literals
c minishrunken:              42293         9.54 %  learned literals
c otfs:                         41         0.63 %  of conflict
c propagations:            4225191        10.21 M  per second
c reduced:                    1151        17.59 %  per conflict
c rephased:                      3      2181.33    interval
c restarts:                    279        23.46    interval
c stabilizing:                   1        30.56 %  of conflicts
c substituted:                 147         1.48 %  of all variables
c subsumed:                   1154         0.54 %  of all clauses
c strengthened:                 41         0.02 %  of all clauses
c ternary:                       5         0.08 %  of resolved
c trail reuses:                  0         0.00 %  of incremental calls
c weakened:                    294         2.00    average size
c 
c seconds are measured in process time for solving
c 
c --- [ resources ] ----------------------------------------------------------
c 
c total process time since initialization:         0.48    seconds
c total real time since initialization:            1.20    seconds
c maximum resident set size of process:           29.39    MB
c 
c --- [ shutting down ] ------------------------------------------------------
c 
c exit 20
