c --- [ banner ] -------------------------------------------------------------
c 
c CaDiCaL SAT Solver
c Copyright (c) 2016-2023 A. Biere, M. Fleury, N. Froleyks, K. Fazekas, F. Pollitt
c 
c Version 1.9.5 146207318796f094dcded87349a64f0c6927309e
c g++ (Ubuntu 13.3.0-6ubuntu2~24.04.1) 13.3.0 -Wall -Wextra -O3 -DNDEBUG
c Wed Sep 30 06:02:32 JST 2026 Linux ikutoPC 6.6.87.2-microsoft-standard-WSL2 x86_64
c 
c --- [ limit ] --------------------------------------------------------------
c 
c setting conflict limit to 1000000 conflicts (due to '1000000')
c 
c --- [ proof tracing ] ------------------------------------------------------
c 
c opening file to write '/tmp/conway99-seven-profile-rank5_82_profile_0000-pKC6As/proof.drat'
c writing non-binary proof trace to '/tmp/conway99-seven-profile-rank5_82_profile_0000-pKC6As/proof.drat'
c 
c --- [ parsing input ] ------------------------------------------------------
c 
c reading DIMACS file from '/mnt/c/Users/ikuto/projects/conway-99-graph/acceleration/results/20260930_hadamard_seven_remaining_cnfs/run02/rank5_82_profile_0000/instance.cnf'
c opening file to read '/mnt/c/Users/ikuto/projects/conway-99-graph/acceleration/results/20260930_hadamard_seven_remaining_cnfs/run02/rank5_82_profile_0000/instance.cnf'
c found 'p cnf 9880 170650' header
c parsed 170650 clauses in 0.06 seconds process time
c 
c --- [ options ] ------------------------------------------------------------
c 
c   --binary=false                 (different from default 'true')
c 
c --- [ solving ] ------------------------------------------------------------
c 
c time measured in process time since initialization
c 
c  seconds  reductions  redundant  irredundant
c         MB    restarts       trail      variables
c          level   conflicts       glue        remaining
c 
c *  0.07 17  0 0   0    0    0  0% 0 120722 6954 70%
c {  0.07 18  0 0   0    0    0  0% 0 120722 6954 70%
c -  0.09 19 20 1  13  300  238 55% 5 120602 6954 70%
c i  0.09 19 19 1  13  332  255 55% 5 120602 6953 70%
c i  0.09 19 18 1  16  397  306 55% 5 120602 6951 70%
c i  0.09 19 18 1  16  398  306 55% 5 120602 6950 70%
c i  0.09 19 18 1  16  399  306 55% 5 120602 6949 70%
c i  0.09 19 18 1  16  400  306 55% 5 120602 6948 70%
c i  0.09 19 18 1  16  401  306 55% 5 120602 6947 70%
c i  0.09 19 18 1  20  421  321 55% 5 120602 6946 70%
c i  0.09 19 18 1  20  422  321 55% 5 120602 6945 70%
c i  0.09 19 18 1  21  426  324 55% 5 120602 6944 70%
c i  0.09 19 18 1  22  427  324 55% 5 120602 6943 70%
c i  0.09 19 18 1  22  428  324 55% 5 120602 6942 70%
c i  0.09 19 18 1  22  429  324 55% 5 120602 6941 70%
c i  0.09 19 18 1  23  430  324 55% 5 120602 6940 70%
c i  0.09 19 18 1  23  432  325 55% 5 120602 6939 70%
c i  0.10 19 18 1  29  459  347 54% 5 120602 6938 70%
c i  0.10 19 18 1  29  478  362 54% 5 120602 6937 70%
c i  0.10 19 18 1  29  602  455 55% 5 120602 6936 70%
c 
c  seconds  reductions  redundant  irredundant
c         MB    restarts       trail      variables
c          level   conflicts       glue        remaining
c 
c i  0.10 19 18 1  29  603  455 55% 5 120602 6935 70%
c i  0.10 19 18 1  29  604  455 55% 5 120602 6932 70%
c i  0.10 19 18 1  29  606  456 55% 5 120602 6931 70%
c i  0.10 19 18 1  29  628  467 55% 5 120602 6930 70%
c i  0.11 19 17 1  38  807  594 55% 5 120602 6929 70%
c i  0.11 19 17 1  38  874  644 55% 4 120602 6928 70%
c i  0.11 19 16 1  38  894  658 55% 4 120602 6927 70%
c -  0.13 24 17 2  42  950  414 55% 5 119407 6927 70%
c }  0.13 24 17 2  49 1003  444 55% 5 119407 6927 70%
c [  0.13 24  0 2  49 1003  444  0% 0 119407 6927 70%
c O  0.13 24  2 2  49 1004  445 61% 2 119407 6927 70%
c i  0.14 24 34 2  49 1181  554 54% 13 119407 6925 70%
c i  0.14 24 29 2  49 1229  598 55% 12 119407 6924 70%
c i  0.14 24 28 2  49 1245  612 55% 11 119407 6923 70%
c i  0.14 24 24 2  49 1345  703 55% 10 119407 6922 70%
c i  0.14 24 25 2  49 1354  708 55% 10 119407 6921 70%
c i  0.14 24 25 2  49 1357  710 55% 10 119407 6920 70%
c i  0.14 24 24 2  49 1359  710 55% 10 119407 6916 70%
c i  0.14 24 24 2  49 1363  712 54% 10 119407 6915 70%
c i  0.14 24 24 2  49 1365  712 54% 10 119407 6764 68%
c 
c  seconds  reductions  redundant   irredundant
c         MB    restarts       trail       variables
c          level   conflicts       glue         remaining
c 
c i  0.16 24 27 2  49 1621  937 55% 10 119407 6761 68%
c i  0.16 24 26 2  49 1628  942 55% 10 119407 6758 68%
c i  0.16 24 25 2  49 1683  982 55% 9 119407 6064 61%
c i  0.16 24 25 2  49 1695  991 55% 9 119407 6061 61%
c i  0.16 24 25 2  49 1699  993 55% 9 119407 6060 61%
c i  0.16 24 25 2  49 1700  993 55% 9 119407 6059 61%
c i  0.16 24 24 2  49 1731 1017 55% 9 119407 5208 53%
c i  0.16 24 24 2  49 1732 1017 55% 9 119407 5207 53%
c i  0.16 24 24 2  49 1754 1036 55% 9 119407 5205 53%
c i  0.16 24 24 2  49 1768 1049 55% 9 119407 5203 53%
c i  0.16 24 24 2  49 1771 1050 55% 9 119407 5200 53%
c ]  0.16 24 23 2  49 1781 1049 55% 9 119407 4661 47%
c 0  0.16 24 23 2  49 1781 1049 55% 9 119407 4661 47%
c 
c --- [ closing proof ] ------------------------------------------------------
c 
c DRAT proof file '/tmp/conway99-seven-profile-rank5_82_profile_0000-pKC6As/proof.drat' closed
c DRAT 8174 added clauses 13.33%
c DRAT 53148 deleted clauses 86.67%
c DRAT 1658507 bytes (1.58 MB)
c 
c --- [ result ] -------------------------------------------------------------
c 
s UNSATISFIABLE
c 
c --- [ run-time profiling ] -------------------------------------------------
c 
c process time taken by individual solving procedures
c (percentage relative to process time for solving)
c 
c         0.10   99.24% search
c         0.06   66.48% parse
c         0.06   63.64% unstable
c         0.03   34.28% stable
c         0.00    1.29% lucky
c         0.00    0.00% simplify
c   =================================
c         0.10   59.78% solve
c 
c last line shows process time for solving
c (percentage relative to total process time)
c 
c --- [ statistics ] ---------------------------------------------------------
c 
c chronological:               962        54.01 %  of conflicts
c conflicts:                  1781     18281.67    per second
c decisions:                  7739     79439.54    per second
c fixed:                      5219        52.82 %  of all variables
c learned:                    1644        92.31 %  per conflict
c learned_lits:             102573       100.00 %  learned literals
c minimized:                     0         0.00 %  learned literals
c shrunken:                  50810        49.54 %  learned literals
c minishrunken:              10106         9.85 %  learned literals
c otfs:                         16         0.90 %  of conflict
c propagations:             936182         9.61 M  per second
c reduced:                      28         1.57 %  per conflict
c rephased:                      1      1781.00    interval
c restarts:                     49        36.35    interval
c stabilizing:                   1        43.68 %  of conflicts
c subsumed:                    262         0.21 %  of all clauses
c strengthened:                 16         0.01 %  of all clauses
c trail reuses:                  0         0.00 %  of incremental calls
c 
c seconds are measured in process time for solving
c 
c --- [ resources ] ----------------------------------------------------------
c 
c total process time since initialization:         0.16    seconds
c total real time since initialization:            0.84    seconds
c maximum resident set size of process:           24.09    MB
c 
c --- [ shutting down ] ------------------------------------------------------
c 
c exit 20
