c --- [ banner ] -------------------------------------------------------------
c 
c CaDiCaL SAT Solver
c Copyright (c) 2016-2023 A. Biere, M. Fleury, N. Froleyks, K. Fazekas, F. Pollitt
c 
c Version 1.9.5 146207318796f094dcded87349a64f0c6927309e
c g++ (Ubuntu 13.3.0-6ubuntu2~24.04.1) 13.3.0 -Wall -Wextra -O3 -DNDEBUG
c Wed Sep 30 06:02:32 JST 2026 Linux ikutoPC 6.6.87.2-microsoft-standard-WSL2 x86_64
c 
c --- [ limit ] --------------------------------------------------------------
c 
c setting conflict limit to 1000000 conflicts (due to '1000000')
c 
c --- [ proof tracing ] ------------------------------------------------------
c 
c opening file to write '/tmp/conway99-exact-eight-0148-oRsWIF/proof.drat'
c writing non-binary proof trace to '/tmp/conway99-exact-eight-0148-oRsWIF/proof.drat'
c 
c --- [ parsing input ] ------------------------------------------------------
c 
c reading DIMACS file from '/mnt/c/Users/ikuto/projects/conway-99-graph/acceleration/results/20261001_exact_eight_prefix64_batch02_cnfs_part02/case_0148/instance.cnf'
c opening file to read '/mnt/c/Users/ikuto/projects/conway-99-graph/acceleration/results/20261001_exact_eight_prefix64_batch02_cnfs_part02/case_0148/instance.cnf'
c found 'p cnf 9748 167416' header
c parsed 167416 clauses in 0.06 seconds process time
c 
c --- [ options ] ------------------------------------------------------------
c 
c   --binary=false                 (different from default 'true')
c 
c --- [ solving ] ------------------------------------------------------------
c 
c time measured in process time since initialization
c 
c  seconds  reductions  redundant  irredundant
c         MB    restarts       trail      variables
c          level   conflicts       glue        remaining
c 
c *  0.06 17  0 0   0    0    0  0% 0 117492 6820 70%
c {  0.06 18  0 0   0    0    0  0% 0 117492 6820 70%
c i  0.07 18 26 0  21  221  150 50% 7 117492 6819 70%
c -  0.08 19 25 1  26  300  208 52% 8 117325 6819 70%
c i  0.10 19 20 1  48  711  520 54% 7 117325 6818 70%
c i  0.10 19 21 1  59  770  555 53% 7 117325 6817 70%
c -  0.11 24 22 2  68  946  510 54% 7 117231 6817 70%
c }  0.12 24 22 2  72 1001  558 53% 7 117231 6817 70%
c [  0.12 24  0 2  72 1001  558  0% 0 117231 6817 70%
c O  0.12 24  1 2  72 1002  559 54% 1 117231 6817 70%
c i  0.15 24 43 2  72 1640 1073 60% 12 117231 6815 70%
c -  0.17 24 42 3  72 1908  732 57% 13 117182 6815 70%
c i  0.18 24 41 3  72 1997  807 57% 12 117182 6814 70%
c ]  0.23 24 47 3  73 3001 1658 56% 15 117182 6814 70%
c {  0.23 24 22 3  73 3001 1658 53% 7 117182 6814 70%
c F  0.23 23 22 3  73 3003 1659 42% 7 117135 6814 70%
c -  0.25 24 24 4  73 3191 1584 38% 7 117135 6814 70%
c i  0.27 24 27 4  89 3654 1940 37% 7 117135 6813 70%
c i  0.27 24 26 4  90 3707 1981 37% 7 117135 6812 70%
c i  0.28 24 25 4  95 3882 2085 37% 7 117135 6811 70%
c 
c  seconds  reductions  redundant  irredundant
c         MB    restarts       trail      variables
c          level   conflicts       glue        remaining
c 
c i  0.29 24 24 4 110 4153 2278 37% 7 117135 6810 70%
c i  0.29 24 24 4 110 4155 2279 37% 7 117135 6809 70%
c i  0.31 24 24 4 144 4666 2578 37% 7 117135 6808 70%
c -  0.32 24 24 5 170 4794 1622 36% 7 116843 6808 70%
c d  0.33 24 23 5 188 5001 1784 36% 7 116745 6759 69%
c p  0.40 24 23 5 188 5001 74947 36% 7 116745 6589 68%
c d  0.40 25 23 5 188 5001 72369 36% 7 109707 6576 67%
c d  0.41 25 23 5 188 5001 72369 36% 7 109441 6443 66%
c i  0.44 25 23 5 253 5652 72778 37% 7 109441 6442 66%
c i  0.45 25 22 5 260 5808 72867 37% 7 109441 6441 66%
c i  0.45 25 22 5 260 5830 72868 37% 7 109441 6440 66%
c i  0.45 25 22 5 260 5839 72873 37% 7 109441 6439 66%
c #  0.46 25 22 5 261 6004 72997 37% 7 109441 6439 66%
c i  0.46 25 22 5 273 6091 73074 37% 7 109441 6438 66%
c i  0.46 25 22 5 273 6104 73080 37% 7 109441 6437 66%
c i  0.46 25 22 5 273 6112 73087 37% 7 109441 6436 66%
c i  0.46 25 22 5 273 6114 73088 37% 7 109441 6435 66%
c i  0.46 25 22 5 280 6146 73117 37% 7 109441 6433 66%
c i  0.47 25 22 5 281 6221 73159 36% 7 109441 6432 66%
c -  0.50 29 21 6 305 6715 6205 36% 7 108933 6432 66%
c 
c  seconds  reductions  redundant  irredundant
c         MB    restarts       trail      variables
c          level   conflicts       glue        remaining
c 
c i  0.50 29 21 6 305 6729 6216 36% 7 108933 6431 66%
c i  0.51 29 21 6 309 6843 6300 36% 7 108933 6429 66%
c i  0.51 29 21 6 310 6848 6304 36% 7 108933 6428 66%
c i  0.51 29 21 6 318 6955 6351 35% 7 108933 6427 66%
c }  0.51 29 21 6 318 7001 6385 35% 7 108933 6427 66%
c [  0.51 29 47 6 318 7001 6385 81% 15 108933 6427 66%
c i  0.51 29 48 6 318 7038 6410 80% 15 108933 6426 66%
c i  0.52 29 47 6 319 7258 6592 75% 15 108933 6413 66%
c i  0.54 29 44 6 319 7665 6917 67% 14 108933 6412 66%
c i  0.55 29 42 6 319 7867 7076 64% 14 108933 6411 66%
c i  0.55 29 41 6 319 7996 7173 63% 14 108933 6410 66%
c i  0.56 29 40 6 319 8130 7288 61% 14 108933 6409 66%
c s  0.57 29 40 6 319 8215 7292 60% 14 107014 6409 66%
c v  0.58 29 40 6 319 8215 7292 60% 14 106987 6409 66%
c w  0.59 29 40 6 319 8215 7291 60% 14 106987 6409 66%
c t  0.59 29 40 6 319 8215 7289 60% 14 106987 6397 66%
c e  0.62 29 40 6 319 8215 6406 60% 14 104285 5342 55%
c s  0.62 29 40 6 319 8215 6402 60% 14 104285 5342 55%
c e  0.63 29 40 6 319 8215 6392 60% 14 104244 5341 55%
c -  0.67 31 37 7 319 8893 3812 29% 13 104244 5341 55%
c 
c  seconds  reductions  redundant   irredundant
c         MB    restarts       trail       variables
c          level   conflicts       glue         remaining
c 
c i  0.68 31 36 7 319 9062 3935 30% 13 104244 4543 47%
c i  0.68 31 36 7 319 9083 3947 30% 13 104244 4542 47%
c i  0.68 31 36 7 319 9087 3947 30% 13 104244 4541 47%
c i  0.68 31 36 7 319 9092 3948 30% 13 104244 4539 47%
c i  0.68 31 36 7 319 9098 3951 30% 13 104244 3788 39%
c ]  0.68 31 36 7 319 9101 3951 30% 13 104244 3684 38%
c 0  0.68 31 36 7 319 9101 3951 30% 13 104244 3684 38%
c 
c --- [ closing proof ] ------------------------------------------------------
c 
c DRAT proof file '/tmp/conway99-exact-eight-0148-oRsWIF/proof.drat' closed
c DRAT 98677 added clauses 39.20%
c DRAT 153081 deleted clauses 60.80%
c DRAT 6890524 bytes (6.57 MB)
c 
c --- [ result ] -------------------------------------------------------------
c 
s UNSATISFIABLE
c 
c --- [ run-time profiling ] -------------------------------------------------
c 
c process time taken by individual solving procedures
c (percentage relative to process time for solving)
c 
c         0.49   77.61% search
c         0.27   42.49% unstable
c         0.22   34.88% stable
c         0.14   22.28% simplify
c         0.06    9.06% parse
c         0.05    8.65% probe
c         0.03    4.47% elim
c         0.02    2.54% subsume
c         0.01    1.77% vivify
c         0.01    1.13% ternary
c         0.00    0.23% lucky
c   =================================
c         0.63   91.61% solve
c 
c last line shows process time for solving
c (percentage relative to total process time)
c 
c --- [ statistics ] ---------------------------------------------------------
c 
c chronological:              3987        43.81 %  of conflicts
c conflicts:                  9101     14511.66    per second
c decisions:                 27405     43697.61    per second
c eliminated:                 1053        10.80 %  of all variables
c fixed:                      4816        49.41 %  of all variables
c learned:                    8415        92.46 %  per conflict
c learned_lits:             587707       100.00 %  learned literals
c minimized:                     0         0.00 %  learned literals
c shrunken:                 290491        49.43 %  learned literals
c minishrunken:              66120        11.25 %  learned literals
c otfs:                         52         0.57 %  of conflict
c propagations:            6724761        10.72 M  per second
c reduced:                    1734        19.05 %  per conflict
c rephased:                      3      3033.67    interval
c restarts:                    319        28.53    interval
c stabilizing:                   2        45.04 %  of conflicts
c substituted:                 195         2.00 %  of all variables
c subsumed:                   3597         1.74 %  of all clauses
c strengthened:                467         0.23 %  of all clauses
c ternary:                      10         0.14 %  of resolved
c trail reuses:                  0         0.00 %  of incremental calls
c vivified:                     25         0.01 %  of all clauses
c weakened:                   3643         2.32    average size
c 
c seconds are measured in process time for solving
c 
c --- [ resources ] ----------------------------------------------------------
c 
c total process time since initialization:         0.68    seconds
c total real time since initialization:            1.34    seconds
c maximum resident set size of process:           31.34    MB
c 
c --- [ shutting down ] ------------------------------------------------------
c 
c exit 20
