Running HiGHS 1.15.1 (git hash: 04024d7): Copyright (c) 2026 under MIT licence terms
Includes third-party software components, see THIRD_PARTY_NOTICES.md for full details
LP has 5250 rows; 22181 cols; 679939 nonzeros
Coefficient ranges:
  Matrix  [1e+00, 2e+00]
  Cost    [1e+00, 1e+00]
  Bound   [0e+00, 0e+00]
  RHS     [1e+00, 2e+00]
Presolving model
4793 rows, 21495 cols, 679252 nonzeros 0s
Dependent equations search running on 1535 equations with time limit of 1.00s
Dependent equations search removed 0 rows and 0 nonzeros in 0.00s (limit = 1.00s)
4793 rows, 21495 cols, 679252 nonzeros 0s
Presolve reductions: rows 4793(-457); columns 21495(-686); nonzeros 679252(-687) 
Solving the presolved LP
IPX model has 4793 rows, 21495 columns and 679252 nonzeros
Input
    Number of variables:                                21495
    Number of free variables:                           0
    Number of constraints:                              4793
    Number of equality constraints:                     1535
    Number of matrix entries:                           679252
    Matrix range:                                       [1e+00, 2e+00]
    RHS range:                                          [1e+00, 2e+00]
    Objective range:                                    [1e+00, 1e+00]
    Bounds range:                                       [0e+00, 0e+00]
Preprocessing
    Dualized model:                                     no
    Number of dense columns:                            0
    Range of scaling factors:                           [1.00e+00, 1.00e+00]
    Scaled cost norm:                                   1
    Scaled bounds norm:                                 2
IPX version 1.0
Interior point solve
 Iter       primal obj         dual obj       pinf       dinf       gap      time
   0   -2.57525380e+02  -2.59755645e+02   1.26e+00   1.53e+00  8.59e-03       0.4
   1    9.96868736e+03  -5.40162608e+02   3.60e-01   1.67e-01  2.23e+00       0.5
   2    6.98876126e+03  -8.30315412e+02   1.46e-01   1.67e-07  2.54e+00       0.7
   3    1.00541447e+03  -5.87074213e+02   2.42e-02   1.75e-13  7.58e+00       0.9
   4    4.58062740e+02  -3.62922534e+02   4.65e-03   3.09e-14  1.69e+01       1.1
   5    1.75539402e+02  -1.67962473e+02   8.56e-04   1.02e-14  7.17e+01       1.1
   6    1.19537743e+02  -6.83972965e+01   4.07e-04   4.88e-15  7.07e+00       1.2
   7    8.85847169e+01  -3.54910695e+01   2.30e-04   3.11e-15  4.50e+00       1.4
   8    6.36564036e+01  -1.70179305e+01   1.23e-04   2.94e-15  3.32e+00       1.6
 Constructing starting basis...
 Iter       primal obj         dual obj       pinf       dinf       gap      time
   9    4.81317793e+01  -9.75358867e+00   6.11e-05   2.78e-15  2.87e+00       1.9
  10    3.54546542e+01  -1.37629582e+00   2.83e-05   2.28e-15  2.04e+00       2.0
  11    2.78253098e+01   3.34457533e+00   1.30e-05   2.72e-15  1.48e+00       2.2
  12    2.26379782e+01   5.80925127e+00   6.58e-06   2.66e-15  1.11e+00       2.4
  13    1.82850141e+01   8.14821031e+00   2.78e-06   3.40e-15  7.13e-01       2.6
  14    1.70133074e+01   8.69394849e+00   1.58e-06   2.88e-15  6.01e-01       2.8
  15    1.48736185e+01   9.74700365e+00   6.54e-07   2.55e-15  3.85e-01       2.9
  16    1.38008715e+01   1.03217697e+01   2.58e-07   3.34e-15  2.66e-01       3.1
  17    1.29185198e+01   1.08278722e+01   1.04e-07   4.00e-15  1.62e-01       3.2
  18    1.25833578e+01   1.10078855e+01   6.56e-08   2.93e-15  1.23e-01       3.4
  19    1.21152430e+01   1.11970335e+01   1.77e-08   3.39e-15  7.26e-02       3.5
  20    1.19123781e+01   1.12999564e+01   9.16e-09   2.62e-15  4.86e-02       3.6
  21    1.17420268e+01   1.13720455e+01   4.27e-09   2.98e-15  2.95e-02       3.7
  22    1.16792475e+01   1.13952470e+01   2.48e-09   3.96e-15  2.27e-02       3.8
  23    1.15605769e+01   1.14229687e+01   8.74e-10   2.91e-15  1.10e-02       3.9
  24    1.15153342e+01   1.14400451e+01   3.76e-10   3.16e-15  6.03e-03       4.0
  25    1.14962283e+01   1.14514537e+01   1.53e-10   2.57e-15  3.59e-03       4.1
  26    1.14892785e+01   1.14557302e+01   7.31e-11   3.05e-15  2.69e-03       4.2
  27    1.14755203e+01   1.14616970e+01   2.44e-11   2.61e-15  1.11e-03       4.3
  28    1.14715170e+01   1.14632355e+01   1.32e-11   2.83e-15  6.64e-04       4.4
  29    1.14684846e+01   1.14635824e+01   2.82e-12   2.96e-15  3.93e-04       4.5
  30    1.14660622e+01   1.14642421e+01   8.60e-13   2.98e-15  1.46e-04       4.6
  31    1.14659009e+01   1.14644059e+01   6.00e-13   2.28e-15  1.20e-04       4.7
  32    1.14653050e+01   1.14646920e+01   1.67e-13   4.30e-15  4.92e-05       4.7
  33    1.14648283e+01   1.14647649e+01   8.73e-15   3.33e-15  5.09e-06       4.8
  34    1.14647949e+01   1.14647887e+01   2.16e-15   2.71e-15  4.97e-07       4.9
  35    1.14647951e+01   1.14647943e+01   1.63e-15   3.89e-15  6.46e-08       5.0
  36*   1.14647948e+01   1.14647947e+01   2.66e-15   3.83e-15  6.93e-09       5.1
Summary
    Runtime:                                            5.08s
    Status interior point solve:                        optimal
    Status crossover:                                   not run
    objective value:                                    1.14647948e+01
    interior solution primal residual (abs/rel):        8.41e-10 / 2.80e-10
    interior solution dual residual (abs/rel):          9.62e-11 / 4.81e-11
    interior solution objective gap (abs/rel):          8.52e-08 / 6.84e-09
Ipx: IPM       optimal

Performed postsolve

Model status        : Optimal
IPM       iterations: 36
Objective value     :  1.1464794811e+01
P-D objective error :  3.5615844748e-09
HiGHS run time      :          5.09
