c --- [ banner ] -------------------------------------------------------------
c 
c CaDiCaL SAT Solver
c Copyright (c) 2016-2023 A. Biere, M. Fleury, N. Froleyks, K. Fazekas, F. Pollitt
c 
c Version 1.9.5 146207318796f094dcded87349a64f0c6927309e
c g++ (Ubuntu 13.3.0-6ubuntu2~24.04.1) 13.3.0 -Wall -Wextra -O3 -DNDEBUG
c Wed Sep 30 06:02:32 JST 2026 Linux ikutoPC 6.6.87.2-microsoft-standard-WSL2 x86_64
c 
c --- [ limit ] --------------------------------------------------------------
c 
c setting conflict limit to 1000000 conflicts (due to '1000000')
c 
c --- [ proof tracing ] ------------------------------------------------------
c 
c opening file to write '/tmp/conway99-exact-eight-0071-ddT6t2/proof.drat'
c writing non-binary proof trace to '/tmp/conway99-exact-eight-0071-ddT6t2/proof.drat'
c 
c --- [ parsing input ] ------------------------------------------------------
c 
c reading DIMACS file from '/mnt/c/Users/ikuto/projects/conway-99-graph/acceleration/results/20260930_exact_eight_next64_cnfs_part01/case_0071/instance.cnf'
c opening file to read '/mnt/c/Users/ikuto/projects/conway-99-graph/acceleration/results/20260930_exact_eight_next64_cnfs_part01/case_0071/instance.cnf'
c found 'p cnf 9748 167416' header
c parsed 167416 clauses in 0.06 seconds process time
c 
c --- [ options ] ------------------------------------------------------------
c 
c   --binary=false                 (different from default 'true')
c 
c --- [ solving ] ------------------------------------------------------------
c 
c time measured in process time since initialization
c 
c  seconds  reductions  redundant  irredundant
c         MB    restarts       trail      variables
c          level   conflicts       glue        remaining
c 
c *  0.06 17  0 0   0    0    0  0% 0 117496 6820 70%
c {  0.06 18  0 0   0    0    0  0% 0 117496 6820 70%
c i  0.07 18 25 0   3   37   31 49% 8 117496 6819 70%
c i  0.07 18 25 0   3   38   31 48% 8 117496 6818 70%
c i  0.07 18 24 0   3   39   31 48% 7 117496 6817 70%
c i  0.07 18 23 0   4   40   31 48% 7 117496 6816 70%
c i  0.07 18 23 0   4   41   31 48% 7 117496 6815 70%
c i  0.07 18 22 0   4   42   31 48% 7 117496 6814 70%
c i  0.07 18 22 0   4   43   31 47% 7 117496 6813 70%
c i  0.07 18 21 0   4   44   31 47% 6 117496 6812 70%
c i  0.07 18 21 0   4   45   31 47% 6 117496 6811 70%
c i  0.07 18 20 0   4   46   31 47% 6 117496 6810 70%
c i  0.07 18 20 0   4   47   31 47% 6 117496 6809 70%
c i  0.07 18 19 0   4   48   31 47% 6 117496 6808 70%
c i  0.07 18 19 0   4   49   31 47% 6 117496 6807 70%
c i  0.07 18 19 0   4   50   31 46% 6 117496 6806 70%
c i  0.07 18 18 0   4   51   31 46% 6 117496 6805 70%
c i  0.07 18 18 0   4   52   31 46% 5 117496 6804 70%
c i  0.07 18 18 0   4   53   31 46% 5 117496 6803 70%
c i  0.07 18 17 0   4   54   31 46% 5 117496 6802 70%
c 
c  seconds  reductions  redundant  irredundant
c         MB    restarts       trail      variables
c          level   conflicts       glue        remaining
c 
c i  0.07 18 17 0   4   55   31 46% 5 117496 6801 70%
c i  0.07 18 17 0   4   56   31 46% 5 117496 6800 70%
c i  0.07 18 16 0   4   57   31 46% 5 117496 6799 70%
c i  0.07 18 16 0   4   58   31 46% 5 117496 6798 70%
c i  0.07 18 16 0   4   59   31 46% 5 117496 6797 70%
c i  0.07 18 16 0   4   60   31 46% 5 117496 6796 70%
c i  0.07 18 15 0   4   61   31 45% 5 117496 6795 70%
c i  0.07 18 15 0   4   62   31 45% 4 117496 6794 70%
c i  0.07 18 15 0   4   63   31 45% 4 117496 6793 70%
c i  0.07 18 15 0   4   64   31 45% 4 117496 6792 70%
c i  0.07 18 14 0   4   66   31 45% 4 117496 6777 70%
c i  0.08 19 13 0  16  275  182 53% 5 117496 6776 70%
c -  0.08 19 13 1  16  300  155 53% 5 115676 6776 70%
c i  0.09 19 15 1  30  383  201 52% 6 115676 6775 70%
c i  0.09 19 15 1  30  384  201 52% 6 115676 6774 69%
c i  0.09 19 16 1  39  431  241 52% 6 115676 6771 69%
c i  0.10 19 17 1  63  546  312 51% 6 115676 6770 69%
c i  0.10 19 18 1  79  623  372 52% 7 115676 6679 69%
c i  0.10 19 18 1  88  686  424 52% 6 115676 6678 69%
c i  0.11 19 18 1  88  846  557 53% 6 115676 6677 68%
c 
c  seconds  reductions  redundant  irredundant
c         MB    restarts       trail      variables
c          level   conflicts       glue        remaining
c 
c i  0.11 19 18 1  90  876  579 53% 6 115676 6676 68%
c -  0.13 24 18 2  91  937  529 53% 6 111471 6676 68%
c }  0.13 24 17 2  95 1000  575 54% 6 111471 6676 68%
c [  0.13 24  0 2  95 1000  575  0% 0 111471 6676 68%
c O  0.13 24  3 2  95 1002  576 49% 2 111471 6676 68%
c i  0.13 24  3 2  95 1002  576 49% 2 111471 6675 68%
c i  0.13 24  2 2  95 1003  576 43% 1 111471 6674 68%
c i  0.14 24 29 2  95 1227  745 51% 11 111471 6673 68%
c i  0.15 24 24 2  95 1307  816 53% 9 111471 6672 68%
c i  0.15 24 23 2  95 1319  824 53% 9 111471 5682 58%
c i  0.15 24 23 2  95 1323  827 53% 9 111471 5659 58%
c ]  0.15 24 22 2  95 1332  833 53% 9 111471 4868 50%
c 0  0.15 24 22 2  95 1332  833 53% 9 111471 4868 50%
c 
c --- [ closing proof ] ------------------------------------------------------
c 
c DRAT proof file '/tmp/conway99-exact-eight-0071-ddT6t2/proof.drat' closed
c DRAT 7693 added clauses 11.72%
c DRAT 57924 deleted clauses 88.28%
c DRAT 1711313 bytes (1.63 MB)
c 
c --- [ result ] -------------------------------------------------------------
c 
s UNSATISFIABLE
c 
c --- [ run-time profiling ] -------------------------------------------------
c 
c process time taken by individual solving procedures
c (percentage relative to process time for solving)
c 
c         0.08   99.11% search
c         0.07   77.30% unstable
c         0.06   73.59% parse
c         0.02   20.69% stable
c         0.00    1.07% lucky
c         0.00    0.00% simplify
c   =================================
c         0.09   57.31% solve
c 
c last line shows process time for solving
c (percentage relative to total process time)
c 
c --- [ statistics ] ---------------------------------------------------------
c 
c chronological:               649        48.72 %  of conflicts
c conflicts:                  1332     15585.69    per second
c decisions:                  4993     58422.94    per second
c fixed:                      4880        50.06 %  of all variables
c learned:                    1208        90.69 %  per conflict
c learned_lits:              65460       100.00 %  learned literals
c minimized:                     0         0.00 %  learned literals
c shrunken:                  33612        51.35 %  learned literals
c minishrunken:               6786        10.37 %  learned literals
c otfs:                         15         1.13 %  of conflict
c propagations:             827147         9.68 M  per second
c reduced:                      27         2.03 %  per conflict
c rephased:                      1      1332.00    interval
c restarts:                     95        14.02    interval
c stabilizing:                   1        24.92 %  of conflicts
c subsumed:                    196         0.17 %  of all clauses
c strengthened:                 14         0.01 %  of all clauses
c trail reuses:                  0         0.00 %  of incremental calls
c 
c seconds are measured in process time for solving
c 
c --- [ resources ] ----------------------------------------------------------
c 
c total process time since initialization:         0.15    seconds
c total real time since initialization:            0.73    seconds
c maximum resident set size of process:           23.60    MB
c 
c --- [ shutting down ] ------------------------------------------------------
c 
c exit 20
