c --- [ banner ] -------------------------------------------------------------
c 
c CaDiCaL SAT Solver
c Copyright (c) 2016-2023 A. Biere, M. Fleury, N. Froleyks, K. Fazekas, F. Pollitt
c 
c Version 1.9.5 146207318796f094dcded87349a64f0c6927309e
c g++ (Ubuntu 13.3.0-6ubuntu2~24.04.1) 13.3.0 -Wall -Wextra -O3 -DNDEBUG
c Wed Sep 30 06:02:32 JST 2026 Linux ikutoPC 6.6.87.2-microsoft-standard-WSL2 x86_64
c 
c --- [ limit ] --------------------------------------------------------------
c 
c setting conflict limit to 1000000 conflicts (due to '1000000')
c 
c --- [ proof tracing ] ------------------------------------------------------
c 
c opening file to write '/tmp/conway99-seven-profile-rank5_136_profile_0000-OGBVBQ/proof.drat'
c writing non-binary proof trace to '/tmp/conway99-seven-profile-rank5_136_profile_0000-OGBVBQ/proof.drat'
c 
c --- [ parsing input ] ------------------------------------------------------
c 
c reading DIMACS file from '/mnt/c/Users/ikuto/projects/conway-99-graph/acceleration/results/20260930_hadamard_seven_remaining_cnfs/run01/rank5_136_profile_0000/instance.cnf'
c opening file to read '/mnt/c/Users/ikuto/projects/conway-99-graph/acceleration/results/20260930_hadamard_seven_remaining_cnfs/run01/rank5_136_profile_0000/instance.cnf'
c found 'p cnf 9880 170650' header
c parsed 170650 clauses in 0.06 seconds process time
c 
c --- [ options ] ------------------------------------------------------------
c 
c   --binary=false                 (different from default 'true')
c 
c --- [ solving ] ------------------------------------------------------------
c 
c time measured in process time since initialization
c 
c  seconds  reductions  redundant  irredundant
c         MB    restarts       trail      variables
c          level   conflicts       glue        remaining
c 
c *  0.06 18  0 0   0    0    0  0% 0 120722 6954 70%
c {  0.07 18  0 0   0    0    0  0% 0 120722 6954 70%
c i  0.07 18 26 0   0   12    9 44% 3 120722 6953 70%
c i  0.07 18 27 0   0   13    9 44% 3 120722 6952 70%
c i  0.07 18 40 0   0   21   16 48% 4 120722 6951 70%
c i  0.07 18 27 0   4   67   48 50% 5 120722 6950 70%
c i  0.07 18 26 0   4   70   48 50% 5 120722 6949 70%
c i  0.07 18 26 0   4   73   49 50% 5 120722 6948 70%
c i  0.07 18 25 0   4   75   49 50% 6 120722 6947 70%
c i  0.07 19 24 0   4   91   63 51% 5 120722 6945 70%
c i  0.07 19 21 0   4  121   74 50% 5 120722 6944 70%
c i  0.07 19 20 0   4  130   82 50% 5 120722 6943 70%
c i  0.08 19 40 0  14  215  150 50% 8 120722 6942 70%
c i  0.08 19 40 0  14  216  150 50% 8 120722 6941 70%
c i  0.08 19 40 0  14  217  150 50% 8 120722 6940 70%
c i  0.08 19 39 0  15  218  150 50% 8 120722 6939 70%
c i  0.08 19 39 0  15  219  150 50% 8 120722 6938 70%
c -  0.08 19 34 1  20  313  163 52% 7 119924 6938 70%
c i  0.09 19 26 1  20  515  302 53% 7 119924 6937 70%
c i  0.09 19 25 1  20  542  318 53% 6 119924 6936 70%
c 
c  seconds  reductions  redundant  irredundant
c         MB    restarts       trail      variables
c          level   conflicts       glue        remaining
c 
c i  0.09 19 25 1  20  548  323 53% 7 119924 6875 70%
c i  0.10 19 24 1  20  580  340 53% 6 119924 6856 69%
c i  0.10 19 25 1  23  608  360 52% 6 119924 6855 69%
c i  0.10 19 25 1  23  609  360 52% 6 119924 6854 69%
c i  0.10 19 25 1  26  634  378 52% 6 119924 6853 69%
c i  0.10 19 25 1  26  637  380 52% 6 119924 6831 69%
c i  0.10 19 24 1  26  670  410 52% 6 119924 6776 69%
c }  0.10 19 23 1  26  711  442 52% 6 119924 6775 69%
c 0  0.10 19 23 1  26  711  442 52% 6 119924 6775 69%
c 
c --- [ closing proof ] ------------------------------------------------------
c 
c DRAT proof file '/tmp/conway99-seven-profile-rank5_136_profile_0000-OGBVBQ/proof.drat' closed
c DRAT 4822 added clauses 8.49%
c DRAT 52000 deleted clauses 91.51%
c DRAT 1450770 bytes (1.38 MB)
c 
c --- [ result ] -------------------------------------------------------------
c 
s UNSATISFIABLE
c 
c --- [ run-time profiling ] -------------------------------------------------
c 
c process time taken by individual solving procedures
c (percentage relative to process time for solving)
c 
c         0.06  169.97% parse
c         0.04   97.94% search
c         0.04   94.55% unstable
c         0.00    3.29% lucky
c         0.00    0.00% simplify
c   =================================
c         0.04   36.79% solve
c 
c last line shows process time for solving
c (percentage relative to total process time)
c 
c --- [ statistics ] ---------------------------------------------------------
c 
c chronological:               349        49.09 %  of conflicts
c conflicts:                   711     19031.05    per second
c decisions:                  2916     78051.39    per second
c fixed:                      3105        31.43 %  of all variables
c learned:                     610        85.79 %  per conflict
c learned_lits:              35588       100.00 %  learned literals
c minimized:                     0         0.00 %  learned literals
c shrunken:                  21110        59.32 %  learned literals
c minishrunken:                953         2.68 %  learned literals
c otfs:                          6         0.84 %  of conflict
c propagations:             366520         9.81 M  per second
c restarts:                     26        27.35    interval
c subsumed:                     83         0.07 %  of all clauses
c strengthened:                  6         0.00 %  of all clauses
c trail reuses:                  0         0.00 %  of incremental calls
c 
c seconds are measured in process time for solving
c 
c --- [ resources ] ----------------------------------------------------------
c 
c total process time since initialization:         0.10    seconds
c total real time since initialization:            0.86    seconds
c maximum resident set size of process:           19.96    MB
c 
c --- [ shutting down ] ------------------------------------------------------
c 
c exit 20
