c --- [ banner ] -------------------------------------------------------------
c 
c CaDiCaL SAT Solver
c Copyright (c) 2016-2023 A. Biere, M. Fleury, N. Froleyks, K. Fazekas, F. Pollitt
c 
c Version 1.9.5 146207318796f094dcded87349a64f0c6927309e
c g++ (Ubuntu 13.3.0-6ubuntu2~24.04.1) 13.3.0 -Wall -Wextra -O3 -DNDEBUG
c Wed Sep 30 06:02:32 JST 2026 Linux ikutoPC 6.6.87.2-microsoft-standard-WSL2 x86_64
c 
c --- [ limit ] --------------------------------------------------------------
c 
c setting conflict limit to 1000000 conflicts (due to '1000000')
c 
c --- [ proof tracing ] ------------------------------------------------------
c 
c opening file to write '/tmp/conway99-seven-profile-rank5_195_profile_0001-r1UzsC/proof.drat'
c writing non-binary proof trace to '/tmp/conway99-seven-profile-rank5_195_profile_0001-r1UzsC/proof.drat'
c 
c --- [ parsing input ] ------------------------------------------------------
c 
c reading DIMACS file from '/mnt/c/Users/ikuto/projects/conway-99-graph/acceleration/results/20260930_hadamard_seven_remaining_cnfs/run02/rank5_195_profile_0001/instance.cnf'
c opening file to read '/mnt/c/Users/ikuto/projects/conway-99-graph/acceleration/results/20260930_hadamard_seven_remaining_cnfs/run02/rank5_195_profile_0001/instance.cnf'
c found 'p cnf 9872 170454' header
c parsed 170454 clauses in 0.07 seconds process time
c 
c --- [ options ] ------------------------------------------------------------
c 
c   --binary=false                 (different from default 'true')
c 
c --- [ solving ] ------------------------------------------------------------
c 
c time measured in process time since initialization
c 
c  seconds  reductions  redundant  irredundant
c         MB    restarts       trail      variables
c          level   conflicts       glue        remaining
c 
c *  0.07 18  0 0   0    0    0  0% 0 120522 6945 70%
c {  0.07 18  0 0   0    0    0  0% 0 120522 6945 70%
c i  0.08 19 28 0  14  248  165 51% 8 120522 6944 70%
c i  0.08 19 36 0  14  309  217 51% 9 120522 6940 70%
c -  0.09 19 36 1  14  309  188 51% 9 120157 6940 70%
c i  0.10 19 30 1  22  554  351 51% 8 120157 6939 70%
c i  0.10 19 29 1  25  608  380 51% 8 120157 6938 70%
c i  0.10 19 27 1  25  671  421 51% 8 120157 6937 70%
c i  0.10 19 27 1  25  677  422 51% 8 120157 6934 70%
c -  0.13 24 30 2  25  958  520 52% 7 119957 6934 70%
c }  0.13 24 31 2  25 1002  563 53% 7 119957 6934 70%
c [  0.13 24  0 2  25 1002  563  0% 0 119957 6934 70%
c O  0.13 24  1 2  25 1003  564 55% 1 119957 6934 70%
c i  0.13 24 13 2  25 1034  574 55% 4 119957 6933 70%
c i  0.13 24  9 2  25 1046  576 54% 3 119957 6931 70%
c i  0.14 24 21 2  25 1197  707 53% 9 119957 6930 70%
c i  0.14 24 20 2  25 1224  728 53% 8 119957 6929 70%
c i  0.14 24 20 2  25 1228  727 52% 8 119957 6928 70%
c i  0.14 24 18 2  25 1302  788 52% 8 119957 6927 70%
c i  0.14 24 17 2  25 1332  802 52% 7 119957 6925 70%
c 
c  seconds  reductions  redundant  irredundant
c         MB    restarts       trail      variables
c          level   conflicts       glue        remaining
c 
c i  0.15 24 17 2  25 1334  803 52% 7 119957 6923 70%
c i  0.15 24 17 2  25 1335  803 52% 7 119957 6922 70%
c i  0.15 24 16 2  25 1343  808 52% 7 119957 6921 70%
c i  0.15 24 16 2  25 1345  807 52% 7 119957 6920 70%
c i  0.15 24 14 2  25 1498  916 52% 7 119957 5684 58%
c i  0.15 24 14 2  25 1499  916 52% 7 119957 5678 58%
c ]  0.15 24 14 2  25 1502  916 52% 7 119957 5225 53%
c 0  0.15 24 14 2  25 1502  916 52% 7 119957 5225 53%
c 
c --- [ closing proof ] ------------------------------------------------------
c 
c DRAT proof file '/tmp/conway99-seven-profile-rank5_195_profile_0001-r1UzsC/proof.drat' closed
c DRAT 7271 added clauses 12.23%
c DRAT 52204 deleted clauses 87.77%
c DRAT 1628513 bytes (1.55 MB)
c 
c --- [ result ] -------------------------------------------------------------
c 
s UNSATISFIABLE
c 
c --- [ run-time profiling ] -------------------------------------------------
c 
c process time taken by individual solving procedures
c (percentage relative to process time for solving)
c 
c         0.09   99.17% search
c         0.07   76.43% parse
c         0.06   69.57% unstable
c         0.02   28.21% stable
c         0.00    1.35% lucky
c         0.00    0.00% simplify
c   =================================
c         0.09   56.42% solve
c 
c last line shows process time for solving
c (percentage relative to total process time)
c 
c --- [ statistics ] ---------------------------------------------------------
c 
c chronological:               691        46.01 %  of conflicts
c conflicts:                  1502     17216.28    per second
c decisions:                  4548     52130.26    per second
c fixed:                      4647        47.07 %  of all variables
c learned:                    1361        90.61 %  per conflict
c learned_lits:              84335       100.00 %  learned literals
c minimized:                     0         0.00 %  learned literals
c shrunken:                  30891        36.63 %  learned literals
c minishrunken:              11917        14.13 %  learned literals
c otfs:                         13         0.87 %  of conflict
c propagations:             879801        10.08 M  per second
c reduced:                      37         2.46 %  per conflict
c rephased:                      1      1502.00    interval
c restarts:                     25        60.08    interval
c stabilizing:                   1        33.29 %  of conflicts
c subsumed:                    247         0.20 %  of all clauses
c strengthened:                 13         0.01 %  of all clauses
c trail reuses:                  0         0.00 %  of incremental calls
c 
c seconds are measured in process time for solving
c 
c --- [ resources ] ----------------------------------------------------------
c 
c total process time since initialization:         0.15    seconds
c total real time since initialization:            0.86    seconds
c maximum resident set size of process:           24.25    MB
c 
c --- [ shutting down ] ------------------------------------------------------
c 
c exit 20
