c --- [ banner ] -------------------------------------------------------------
c 
c CaDiCaL SAT Solver
c Copyright (c) 2016-2023 A. Biere, M. Fleury, N. Froleyks, K. Fazekas, F. Pollitt
c 
c Version 1.9.5 146207318796f094dcded87349a64f0c6927309e
c g++ (Ubuntu 13.3.0-6ubuntu2~24.04.1) 13.3.0 -Wall -Wextra -O3 -DNDEBUG
c Wed Sep 30 06:02:32 JST 2026 Linux ikutoPC 6.6.87.2-microsoft-standard-WSL2 x86_64
c 
c --- [ limit ] --------------------------------------------------------------
c 
c setting conflict limit to 1000000 conflicts (due to '1000000')
c 
c --- [ proof tracing ] ------------------------------------------------------
c 
c opening file to write '/tmp/conway99-prism-all-columns-bxM6UC/proof.drat'
c writing non-binary proof trace to '/tmp/conway99-prism-all-columns-bxM6UC/proof.drat'
c 
c --- [ parsing input ] ------------------------------------------------------
c 
c reading DIMACS file from '/mnt/c/Users/ikuto/projects/conway-99-graph/acceleration/results/20260930_prism_all_columns/instance.cnf'
c opening file to read '/mnt/c/Users/ikuto/projects/conway-99-graph/acceleration/results/20260930_prism_all_columns/instance.cnf'
c found 'p cnf 245880 874800' header
c parsed 874800 clauses in 0.42 seconds process time
c 
c --- [ options ] ------------------------------------------------------------
c 
c   --binary=false                 (different from default 'true')
c 
c --- [ solving ] ------------------------------------------------------------
c 
c time measured in process time since initialization
c 
c  seconds   reductions  redundant  irredundant
c          MB    restarts       trail       variables
c           level   conflicts       glue          remaining
c 
c *  0.42 131  0 0   0    0    0  0% 0 873720 159840 65%
c {  0.47 143  0 0   0    0    0  0% 0 873720 159840 65%
c i  0.48 144 953 0   1   68   43 42% 36 873720 159837 65%
c -  0.64 143 396 1   1  300  245 57% 17 616668 159837 65%
c i  0.88 143 225 1  15  864  737 59% 14 616668 159834 65%
c }  0.90 143 210 1  15 1000  860 59% 14 616668 159834 65%
c [  0.90 143  0 1  15 1000  860  0% 0 616668 159834 65%
c O  0.91 143 120 1  15 1006  863 58% 18 616668 159834 65%
c -  1.24 169 72 2  15 1374 1100 68% 19 616656 159834 65%
c -  2.19 170 77 3  16 2989 2085 69% 29 616656 159834 65%
c ]  2.20 170 77 3  16 3000 2096 69% 29 616656 159834 65%
c {  2.20 170 210 3  16 3000 2096 59% 14 616656 159834 65%
c F  2.37 154 209 3  16 3007 2103  6% 14 616656 159834 65%
c s  2.97 178 162 3  70 4904 3758 38% 12 616544 159834 65%
c v  3.10 179 162 3  70 4904 3758 38% 12 615816 159834 65%
c w  3.13 179 162 3  70 4904 3757 38% 12 615816 159834 65%
c t  3.18 179 162 3  70 4904 3757 38% 12 615816 159833 65%
c e  3.56 183 162 3  70 4904   48 38% 12 531921 80872 33%
c s  3.68 189 162 3  70 4904   44 38% 12 512599 80872 33%
c e  3.80 189 162 3  70 4904   43 38% 12 512202 80413 33%
c 
c  seconds    reductions   redundant   irredundant
c          MB     restarts        trail        variables
c            level   conflicts        glue          remaining
c 
c p  4.19 189 164 3  71 5001 34372 37% 12 512202 80413 33%
c d  4.23 189 164 3  71 5001 34370 37% 12 512200 80411 33%
c -  4.41 170 161 4  71 5137  388 35% 12 512200 80411 33%
c #  4.60 170 151 4 121 6009 1128 30% 12 512200 80411 33%
c }  4.77 170 138 4 155 7001 1969 27% 11 512200 80411 33%
c [  4.77 170 77 4 155 7001 1969 106% 29 512200 80411 33%
c -  5.07 188 126 5 156 7708 2431 42% 27 512200 80411 33%
c I  5.65 188 169 5 157 10010 4562 43% 31 512200 80411 33%
c -  5.86 189 168 6 158 10784 4275 43% 30 512200 80411 33%
c -  6.91 189 136 7 160 14377 5094 47% 28 512200 80411 33%
c ]  7.13 189 130 7 160 15005 5650 47% 28 512200 80411 33%
c {  7.13 189 138 7 160 15005 5650 53% 11 512200 80411 33%
c d  7.15 189 138 7 161 15005 5649 53% 11 512197 80410 33%
c 3  7.20 189 138 7 161 15005 5660 53% 11 512197 80410 33%
c 2  7.27 189 138 7 161 15005 5663 53% 11 512188 80410 33%
c p  7.31 189 138 7 161 15005 22455 53% 11 512188 80410 33%
c d  7.34 189 138 7 161 15005 22453 53% 11 512188 80409 33%
c B  7.36 189 138 7 163 15012 22460 53% 11 512188 80409 33%
c s  7.52 189 136 7 191 15589 22359 51% 11 510967 80409 33%
c v  7.66 189 136 7 191 15589 22359 51% 11 509975 80409 33%
c 
c  seconds    reductions    redundant   irredundant
c          MB     restarts         trail        variables
c            level    conflicts        glue          remaining
c 
c w  7.69 189 136 7 191 15589 22358 51% 11 509975 80409 33%
c t  7.75 189 136 7 191 15589 22358 51% 11 509974 80409 33%
c e  7.82 189 136 7 191 15589 20086 51% 11 509093 79589 32%
c s  7.85 189 136 7 191 15589 19919 51% 11 507972 79589 32%
c e  7.90 189 136 7 191 15589 19891 51% 11 507904 79580 32%
c -  8.43 189 127 8 319 18479 6170 46% 11 507904 79580 32%
c W  8.97 189 123 8 457 21015 8377 44% 11 507904 79580 32%
c -  9.41 189 121 9 579 23084 7214 42% 11 507904 79580 32%
c i  9.93 189 118 9 705 26590 10185 40% 11 507904 79579 32%
c i  9.93 189 118 9 705 26604 10189 40% 11 507904 79573 32%
c i  9.93 189 118 9 705 26607 10189 40% 11 507904 79572 32%
c i  9.93 189 118 9 705 26612 10191 40% 11 507904 79571 32%
c F 10.19 189 118 9 781 28016 11388 39% 11 507904 79571 32%
c - 10.27 189 117 10 791 28201 8259 39% 11 507850 79571 32%
c d 10.60 189 116 10 884 30005 9810 39% 11 507841 79568 32%
c 3 10.65 189 116 10 884 30005 10052 39% 11 507841 79568 32%
c 2 10.72 189 116 10 884 30005 10057 39% 11 507839 79568 32%
c p 10.77 189 116 10 884 30005 30789 39% 11 507839 79568 32%
c } 10.98 189 116 10 932 31007 31595 38% 11 507839 79568 32%
c [ 10.98 189 130 10 932 31007 31595 47% 28 507839 79568 32%
c 
c  seconds    reductions     redundant   irredundant
c          MB      restarts         trail        variables
c            level     conflicts        glue          remaining
c 
c s 11.13 189 133 10 932 31639 31650 47% 28 507224 79568 32%
c v 11.30 189 133 10 932 31639 31650 47% 28 505990 79568 32%
c w 11.32 189 133 10 932 31639 31650 47% 28 505990 79568 32%
c e 11.46 189 133 10 932 31639 28252 47% 28 505253 79158 32%
c s 11.47 189 133 10 932 31639 28051 47% 28 504986 79158 32%
c e 11.52 189 133 10 932 31639 28044 47% 28 504982 79155 32%
c - 12.08 189 147 11 933 33829 9755 45% 29 504982 79155 32%
c B 12.66 189 158 11 935 36018 11754 45% 30 504982 79155 32%
c - 13.67 191 152 12 937 39963 10796 44% 30 504982 79155 32%
c W 14.97 191 138 12 939 45019 15410 42% 31 504982 79155 32%
c - 15.29 191 135 13 939 46605 11421 42% 31 504982 79155 32%
c p 16.17 191 130 13 940 50012 33881 42% 31 504982 79155 32%
c d 16.20 191 130 13 940 50012 33879 42% 31 504982 79154 32%
c s 17.00 191 132 13 940 53027 36241 42% 32 504445 79154 32%
c v 17.17 191 132 13 940 53027 36241 42% 32 503198 79154 32%
c w 17.20 191 132 13 940 53027 36240 42% 32 503198 79154 32%
c t 17.31 191 132 13 940 53027 36240 42% 32 503196 79154 32%
c e 17.37 191 132 13 940 53027 33183 42% 32 502522 78789 32%
c s 17.38 191 132 13 940 53027 32989 42% 32 502239 78789 32%
c e 17.43 191 132 13 940 53027 32974 42% 32 502235 78787 32%
c 
c  seconds    reductions     redundant   irredundant
c          MB      restarts         trail        variables
c            level     conflicts        glue          remaining
c 
c - 17.69 191 133 14 940 53758 12876 42% 32 502235 78787 32%
c O 18.00 191 132 14 940 55021 14023 43% 32 502235 78787 32%
c - 19.82 191 123 15 945 61412 13677 44% 31 502235 78787 32%
c ] 20.26 191 121 15 946 63007 15123 44% 31 502235 78787 32%
c { 20.26 191 116 15 946 63007 15123 38% 11 502235 78787 32%
c B 20.81 191 116 15 1109 66024 17756 38% 11 502235 78787 32%
c - 21.51 191 115 16 1289 69578 14755 37% 11 502235 78787 32%
c 3 22.42 191 114 16 1477 75014 19611 36% 11 502235 78787 32%
c p 22.59 191 114 16 1477 75014 95050 36% 11 502235 78787 32%
c d 22.62 191 114 16 1477 75014 95042 36% 11 502235 78783 32%
c i 22.76 191 113 16 1509 75627 95572 36% 11 502235 78773 32%
c i 23.03 191 113 16 1586 77206 96939 36% 11 502235 78772 32%
c W 23.38 191 113 16 1620 78027 97525 36% 11 502165 78772 32%
c i 23.38 191 113 16 1620 78097 97582 36% 11 502165 78771 32%
c i 23.38 191 113 16 1620 78098 97582 36% 11 502165 78770 32%
c - 23.47 191 113 17 1621 78253 17675 36% 11 502153 78770 32%
c s 23.75 191 112 17 1690 79751 18914 36% 11 500935 78770 32%
c v 23.92 191 112 17 1690 79751 18914 36% 11 498800 78770 32%
c w 23.95 191 112 17 1690 79751 18913 36% 11 498800 78770 32%
c t 24.07 191 112 17 1690 79751 18913 36% 11 498799 78770 32%
c 
c  seconds    reductions      redundant   irredundant
c          MB      restarts          trail        variables
c            level      conflicts        glue          remaining
c 
c e 24.13 191 112 17 1690 79751 18632 36% 11 497977 78057 32%
c s 24.15 191 112 17 1690 79751 18602 36% 11 497128 78057 32%
c e 24.19 191 112 17 1690 79751 18601 36% 11 497042 78050 32%
c - 25.49 191 110 18 2037 87437 18302 35% 11 497042 78050 32%
c # 26.09 191 110 18 2201 91028 21457 35% 11 497042 78050 32%
c - 26.95 191 108 19 2360 97110 19736 34% 10 497042 78050 32%
c 3 28.42 191 108 19 2790 105018 27136 34% 10 497042 78050 32%
c 2 28.51 191 108 19 2790 105018 27151 34% 10 497030 78050 32%
c p 28.61 191 108 19 2790 105018 101450 34% 10 497030 78050 32%
c d 28.65 191 108 19 2790 105018 101446 34% 10 497030 78048 32%
c B 28.69 191 108 19 2790 105029 101456 34% 10 497030 78048 32%
c - 29.19 191 108 20 2918 107288 22165 34% 10 497030 78048 32%
c i 29.82 191 109 20 3067 110569 25015 34% 10 497030 78047 32%
c s 30.10 191 109 20 3134 111802 26005 34% 10 495820 78047 32%
c v 30.28 191 109 20 3134 111802 26005 34% 10 494034 78047 32%
c w 30.31 191 109 20 3134 111802 26005 34% 10 494034 78047 32%
c e 30.52 191 109 20 3134 111802 25592 34% 10 493310 77478 32%
c s 30.53 191 109 20 3134 111802 25577 34% 10 492672 77478 32%
c e 30.57 191 109 20 3134 111802 25564 34% 10 492607 77468 32%
c - 31.76 191 108 21 3472 117977 23409 34% 10 492607 77468 32%
c 
c  seconds    reductions       redundant   irredundant
c          MB      restarts           trail        variables
c            level      conflicts         glue          remaining
c 
c W 32.34 191 108 21 3564 120032 25202 34% 10 492607 77468 32%
c } 33.57 191 108 21 3951 127011 31216 33% 10 492607 77468 32%
c [ 33.57 191 121 21 3951 127011 31216 44% 31 492607 77468 32%
c - 34.37 191 120 22 3952 129147 25336 44% 31 492607 77468 32%
c B 36.85 191 112 22 3955 136033 31659 45% 30 492607 77468 32%
c i 37.45 191 113 22 3958 138393 33846 44% 30 492607 77467 32%
c 3 38.06 191 110 22 3958 140018 36126 44% 30 492607 77467 32%
c 2 38.14 191 110 22 3958 140018 36157 44% 30 492587 77467 32%
c p 38.33 192 110 22 3958 140018 205488 44% 30 492587 76995 31%
c d 38.37 192 110 22 3958 140018 188081 44% 30 488264 76914 31%
c - 38.75 193 110 23 3959 140825 30708 44% 30 488264 76914 31%
c i 40.25 193 104 23 3960 144897 34391 45% 29 488264 76913 31%
c s 41.88 193 99 23 3960 149166 37978 44% 29 485073 76913 31%
c v 42.10 193 99 23 3960 149166 37978 44% 29 481085 76913 31%
c w 42.13 193 99 23 3960 149166 37976 44% 29 481085 76913 31%
c t 42.33 193 99 23 3960 149166 37976 44% 29 481064 76913 31%
c e 42.41 193 99 23 3960 149166 35791 44% 29 479401 76177 31%
c s 42.42 193 99 23 3960 149166 35762 44% 29 478513 76177 31%
c e 42.47 193 99 23 3960 149166 35759 44% 29 478440 76173 31%
c - 43.97 193 96 24 3960 152983 28719 44% 28 478440 76173 31%
c 
c  seconds   reductions       redundant   irredundant
c          MB     restarts           trail        variables
c           level      conflicts         glue          remaining
c 
c W 44.32 193 96 24 3960 153034 28762 44% 28 478440 76173 31%
c - 48.89 195 88 25 3961 165582 29959 44% 29 478440 76173 31%
c I 50.93 195 87 25 3962 171037 34999 45% 29 478440 76173 31%
c - 53.20 195 87 26 3968 178687 31950 44% 28 478440 76173 31%
c 3 53.64 195 86 26 3968 180018 34024 44% 28 478439 76173 31%
c d 53.71 195 86 26 3968 180018 33989 44% 28 478431 76169 31%
c 2 53.74 195 86 26 3968 180018 33929 44% 28 478410 76169 31%
c p 53.98 195 86 26 3968 180018 223759 44% 28 478410 76169 31%
c d 54.01 195 86 26 3968 180018 223749 44% 28 478410 76164 31%
c B 58.28 195 81 26 3974 190038 232758 45% 27 478410 76164 31%
c s 59.02 195 80 26 3975 191582 231560 45% 27 477148 76164 31%
c v 59.47 195 80 26 3975 191582 231560 45% 27 471235 76164 31%
c w 59.58 195 80 26 3975 191582 231550 45% 27 471235 76163 31%
c t 59.97 195 80 26 3975 191582 231550 45% 27 471151 76163 31%
c e 60.20 195 80 26 3975 191582 204415 45% 27 469257 75352 31%
c s 60.28 195 80 26 3975 191582 203708 45% 27 468606 75352 31%
c e 60.40 195 80 26 3975 191582 203276 45% 27 468586 75335 31%
c - 61.41 195 80 27 3975 192293 36870 45% 27 468586 75335 31%
c - 69.00 217 77 28 3979 206328 36126 45% 28 468586 75335 31%
c W 72.82 217 76 28 3981 210039 39538 45% 28 468586 75335 31%
c 
c  seconds   reductions       redundant   irredundant
c          MB     restarts           trail        variables
c           level      conflicts         glue          remaining
c 
c - 78.67 195 72 29 3986 220863 36656 45% 28 468586 75335 31%
c d 80.33 195 72 29 3989 225019 40308 45% 28 468584 75334 31%
c 3 80.38 195 72 29 3989 225019 40814 45% 28 468584 75334 31%
c 2 80.46 195 72 29 3989 225019 40876 45% 28 468580 75334 31%
c p 80.65 195 72 29 3989 225019 83131 45% 28 468580 75334 31%
c O 82.93 195 70 29 3991 231042 88578 45% 28 468580 75334 31%
c - 84.81 195 68 30 3991 235900 39349 45% 28 468580 75334 31%
c s 85.77 195 68 30 3992 239048 42159 44% 27 468241 75334 31%
c v 86.03 195 68 30 3992 239048 42159 44% 27 461625 75334 31%
c w 86.08 195 68 30 3992 239048 42157 44% 27 461625 75334 31%
c t 86.27 195 68 30 3992 239048 42157 44% 27 461555 75334 31%
c e 86.33 195 68 30 3992 239048 41723 44% 27 461399 75206 31%
c s 86.34 195 68 30 3992 239048 41675 44% 27 461230 75206 31%
c e 86.38 195 68 30 3992 239048 41675 44% 27 461228 75205 31%
c - 90.79 195 66 31 3992 251440 39201 44% 27 461228 75205 31%
c B 91.49 195 65 31 3992 253046 40539 44% 27 461228 75205 31%
c ] 92.01 195 68 31 3993 255012 42327 44% 27 461228 75205 31%
c { 92.02 195 108 31 3993 255012 42327 33% 10 461228 75205 31%
c - 94.30 195 107 32 4607 267416 39898 33% 10 461228 75205 31%
c d 95.71 195 107 32 5069 275020 46439 32% 10 461228 75203 31%
c 
c  seconds    reductions       redundant   irredundant
c          MB      restarts           trail        variables
c            level      conflicts         glue          remaining
c 
c 2 95.81 195 107 32 5069 275020 46767 32% 10 461219 75203 31%
c p 96.03 195 107 32 5069 275020 161573 32% 10 461219 75136 31%
c d 96.07 195 107 32 5069 275020 160076 32% 10 460125 75109 31%
c F 96.37 195 107 32 5150 276047 160988 32% 10 460125 75109 31%
c - 97.98 195 106 33 5574 283888 45708 32% 10 460125 75109 31%
c s 99.54 195 105 33 6029 291380 52131 32% 10 459331 75109 31%
c v 99.78 195 105 33 6029 291380 52131 32% 10 455149 75109 31%
c w 99.83 195 105 33 6029 291380 52127 32% 10 455149 75109 31%
c t 99.98 195 105 33 6029 291380 52127 32% 10 455077 75109 31%
c e 100.05 195 105 33 6029 291380 51797 32% 10 454858 75002 31%
c s 100.06 195 105 33 6029 291380 51771 32% 10 454710 75002 31%
c e 100.09 195 105 33 6029 291380 51771 32% 10 454708 75001 31%
c B 101.70 195 105 33 6516 300048 59296 32% 10 454708 75001 31%
c - 101.93 195 105 34 6572 300853 46534 32% 10 454708 75001 31%
c - 107.53 195 105 35 7613 318259 48973 32% 10 454708 75001 31%
c W 109.41 195 105 35 8049 325049 54898 32% 10 454708 75001 31%
c d 110.36 195 104 35 8349 330020 59232 31% 10 454708 75000 31%
c 3 110.41 195 104 35 8349 330020 59534 31% 10 454708 75000 31%
c 2 110.50 195 104 35 8349 330020 59579 31% 10 454700 75000 31%
c p 110.71 195 104 35 8349 330020 187181 31% 10 454700 75000 31%
c 
c  seconds     reductions       redundant    irredundant
c           MB      restarts            trail        variables
c             level      conflicts          glue          remaining
c 
c d 110.74 195 104 35 8349 330020 187175 31% 10 454700 74997 31%
c - 112.13 195 105 36 8700 336168 54052 32% 10 454700 74997 31%
c i 112.87 195 104 36 8921 339902 57360 31% 10 454700 74995 31%
c s 114.67 195 105 36 9522 348585 64833 31% 10 454413 74995 31%
c v 114.91 195 105 36 9522 348585 64833 31% 10 448855 74995 31%
c w 114.96 195 105 36 9522 348585 64823 31% 10 448855 74995 31%
c t 115.16 195 105 36 9522 348585 64823 31% 10 448804 74995 31%
c e 115.23 195 105 36 9522 348585 64609 31% 10 448714 74947 30%
c s 115.23 195 105 36 9522 348585 64595 31% 10 448666 74947 30%
c # 115.83 195 105 36 9661 351052 66803 31% 10 448666 74947 30%
c - 116.55 195 105 37 9862 354568 55110 31% 10 448666 74947 30%
c i 118.17 195 104 37 10382 362311 61995 31% 10 448666 74946 30%
c - 120.59 195 105 38 11067 373399 57509 31% 10 448645 74946 30%
c B 121.41 195 104 38 11298 378053 61623 31% 10 448645 74946 30%
c i 122.43 195 104 38 11610 383176 66175 31% 10 448645 74945 30%
c 3 123.95 195 104 38 12049 390022 72406 31% 10 448645 74945 30%
c 3 123.97 195 104 38 12049 390022 72454 31% 10 448645 74945 30%
c 2 124.03 195 104 38 12049 390022 72452 31% 10 448645 74945 30%
c p 124.19 195 104 38 12049 390022 95935 31% 10 448645 74945 30%
c - 124.87 195 104 39 12209 392732 60638 31% 10 448629 74945 30%
c 
c  seconds     reductions        redundant   irredundant
c           MB       restarts           trail        variables
c             level       conflicts         glue          remaining
c 
c i 125.21 195 104 39 12303 394460 62162 31% 10 448629 74943 30%
c W 127.95 195 104 39 13010 406054 72298 31% 10 448618 74943 30%
c s 128.79 195 104 39 13282 410546 76077 30% 10 448351 74943 30%
c v 129.06 195 104 39 13282 410546 76077 30% 10 444365 74943 30%
c w 129.11 195 104 39 13282 410546 76072 30% 10 444365 74943 30%
c t 129.40 195 104 39 13282 410546 76072 30% 10 444273 74943 30%
c e 129.46 195 104 39 13282 410546 75696 30% 10 444221 74887 30%
c s 129.46 195 104 39 13282 410546 75668 30% 10 444180 74887 30%
c e 129.50 195 104 39 13282 410546 75651 30% 10 444167 74885 30%
c - 130.00 195 104 40 13406 412554 62458 30% 10 444167 74885 30%
c i 131.88 195 104 40 14023 422044 70755 30% 10 444167 74884 30%
c - 134.01 195 103 41 14663 432819 65381 30% 10 444149 74884 30%
c F 134.49 195 103 41 14828 435059 67362 30% 10 444149 74884 30%
c i 137.59 195 103 41 15837 451035 81633 30% 10 444149 74883 30%
c i 137.62 195 103 41 15837 451602 82088 30% 10 444149 74882 30%
c - 138.02 195 103 42 15958 453578 68668 30% 10 444129 74882 30%
c i 138.25 195 103 42 16011 454764 69728 30% 10 444129 74881 30%
c d 138.33 195 103 42 16022 455022 69947 30% 10 444113 74879 30%
c 3 138.38 195 103 42 16022 455022 70209 30% 10 444113 74879 30%
c 2 138.46 195 103 42 16022 455022 70259 30% 10 444103 74879 30%
c 
c  seconds     reductions        redundant    irredundant
c           MB       restarts            trail        variables
c             level       conflicts          glue          remaining
c 
c p 138.77 195 103 42 16022 455022 255925 30% 10 444103 74811 30%
c d 138.81 195 103 42 16022 455022 252315 30% 10 443110 74755 30%
c B 141.21 195 103 42 16774 465060 261170 30% 10 443110 74755 30%
c - 143.72 195 103 43 17553 474830 84673 30% 10 443110 74755 30%
c s 144.39 195 103 43 17745 477324 86477 30% 10 442476 74755 30%
c v 144.67 195 103 43 17745 477324 86477 30% 10 439538 74755 30%
c w 144.72 195 103 43 17745 477324 86461 30% 10 439538 74755 30%
c t 145.09 195 103 43 17745 477324 86461 30% 10 439450 74755 30%
c e 145.14 195 103 43 17745 477324 85709 30% 10 439154 74648 30%
c s 145.16 195 103 43 17745 477324 85668 30% 10 439046 74648 30%
c e 145.19 195 103 43 17745 477324 85616 30% 10 439037 74643 30%
c W 149.48 195 102 43 19050 496061 102177 29% 10 439037 74643 30%
c - 149.66 195 102 44 19081 496563 79834 29% 10 439037 74643 30%
c } 152.94 195 102 44 20073 511012 92675 29% 10 439037 74643 30%
c [ 152.94 195 68 44 20073 511012 92675 44% 27 439037 74643 30%
c - 155.12 220 77 45 20073 518736 81166 44% 28 439037 74643 30%
c 3 157.61 220 84 45 20073 525024 87430 45% 29 439037 74643 30%
c 2 157.70 220 84 45 20073 525024 87475 45% 29 439032 74643 30%
c p 157.94 220 84 45 20073 525024 147938 45% 29 439032 74643 30%
c d 157.98 220 84 45 20073 525024 147936 45% 29 439032 74642 30%
c 
c  seconds    reductions        redundant    irredundant
c           MB      restarts            trail        variables
c            level       conflicts          glue          remaining
c 
c W 159.71 220 86 45 20073 528063 150783 45% 31 439032 74642 30%
c - 164.05 228 89 46 20073 541403 83882 45% 31 439032 74642 30%
c s 166.27 228 92 46 20077 548902 90585 45% 31 438803 74642 30%
c v 166.59 228 92 46 20077 548902 90585 45% 31 437132 74642 30%
c w 166.66 228 92 46 20077 548902 90583 45% 31 437132 74642 30%
c t 166.95 228 92 46 20077 548902 90583 45% 31 435560 74642 30%
c e 167.02 228 92 46 20077 548902 87497 45% 31 435492 74571 30%
c s 167.03 228 92 46 20077 548902 87480 45% 31 435435 74571 30%
c I 170.83 228 95 46 20083 561064 98830 45% 32 435435 74571 30%
c - 171.82 195 98 47 20086 564564 80880 45% 33 435435 74571 30%
c - 179.90 223 102 48 20095 588165 82085 45% 34 435435 74571 30%
c B 183.17 223 99 48 20098 595066 88407 45% 33 435435 74571 30%
c d 185.10 223 97 48 20102 600026 92925 45% 33 435435 74569 30%
c 3 185.16 223 97 48 20102 600026 93045 45% 33 435435 74569 30%
c 2 185.25 223 97 48 20102 600026 93088 45% 33 435427 74569 30%
c p 185.66 223 97 48 20102 600026 236912 45% 33 435427 74536 30%
c d 185.70 223 97 48 20102 600026 236006 45% 33 434826 74518 30%
c - 190.95 195 94 49 20103 612258 88059 45% 33 434826 74518 30%
c s 196.67 195 89 49 20104 625276 99820 45% 32 434520 74518 30%
c v 196.97 195 89 49 20104 625276 99820 45% 32 434088 74518 30%
c 
c  seconds    reductions        redundant   irredundant
c           MB      restarts           trail        variables
c            level       conflicts         glue          remaining
c 
c w 197.05 195 89 49 20104 625276 99811 45% 32 434088 74518 30%
c t 197.36 195 89 49 20104 625276 99811 45% 32 432049 74518 30%
c e 197.44 195 89 49 20104 625276 97378 45% 32 431922 74430 30%
c s 197.47 195 89 49 20104 625276 97257 45% 32 430882 74430 30%
c e 197.54 195 89 49 20104 625276 97210 45% 32 430871 74416 30%
c W 200.23 195 88 49 20105 630068 101684 45% 32 430871 74416 30%
c - 203.36 217 86 50 20110 636833 87967 45% 31 430871 74416 30%
c - 216.73 217 78 51 20119 661844 88835 45% 31 430871 74416 30%
c O 219.25 217 77 51 20122 666069 92372 45% 31 430871 74416 30%
c 2 224.47 217 76 51 20129 680028 105355 45% 31 430869 74416 30%
c p 224.92 217 76 51 20129 680028 247650 45% 31 430869 74392 30%
c d 224.97 217 76 51 20129 680028 246492 45% 31 430439 74389 30%
c - 227.76 217 75 52 20133 687339 95183 45% 30 430439 74389 30%
c B 234.09 217 72 52 20135 703074 109758 45% 30 430439 74389 30%
c s 235.59 217 73 52 20135 706352 112622 45% 30 430218 74389 30%
c v 235.98 217 73 52 20135 706352 112622 45% 30 430202 74389 30%
c w 236.06 217 73 52 20135 706352 112607 45% 30 430202 74389 30%
c t 236.40 217 73 52 20135 706352 112607 45% 30 428416 74389 30%
c e 236.49 217 73 52 20135 706352 112209 45% 30 428395 74350 30%
c s 236.52 217 73 52 20135 706352 111819 45% 30 428344 74350 30%
c 
c  seconds    reductions        redundant    irredundant
c           MB      restarts            trail        variables
c            level       conflicts          glue          remaining
c 
c e 236.57 217 73 52 20135 706352 111809 45% 30 428344 74349 30%
c - 240.21 245 75 53 20135 713319 95504 45% 31 428344 74349 30%
c - 254.09 217 71 54 20136 739754 97418 45% 31 428344 74349 30%
c W 255.19 217 71 54 20136 741079 98602 45% 31 428344 74349 30%
c 2 269.26 217 69 54 20137 765029 120606 45% 32 428344 74349 30%
c p 269.94 217 69 54 20137 765029 287993 45% 32 428344 74349 30%
c - 271.38 246 69 55 20137 766681 99998 45% 32 428344 74349 30%
c I 279.13 246 67 55 20137 780080 112251 45% 32 428344 74349 30%
c s 283.75 246 75 55 20137 792250 123306 45% 34 428305 74349 30%
c v 284.10 246 75 55 20137 792250 123306 45% 34 428304 74349 30%
c w 284.20 246 75 55 20137 792250 123299 45% 34 428304 74349 30%
c t 284.61 246 75 55 20137 792250 121615 45% 34 426167 74349 30%
c e 284.68 246 75 55 20137 792250 121602 45% 34 426156 74345 30%
c s 284.69 246 75 55 20137 792250 121478 45% 34 422086 74345 30%
c e 284.75 246 75 55 20137 792250 121400 45% 34 422086 74343 30%
c - 285.83 217 75 56 20137 794101 99608 45% 34 422086 74343 30%
c 
c caught signal 15 (SIGTERM)
c 
c --- [ result ] -------------------------------------------------------------
c 
c UNKNOWN
c 
c --- [ run-time profiling ] -------------------------------------------------
c 
c process time taken by individual solving procedures
c (percentage relative to process time for solving)
c 
c       276.97   93.49% search
c       201.82   68.12% stable
c        71.33   24.08% unstable
c        19.30    6.51% simplify
c         4.65    1.57% vivify
c         3.77    1.27% walk
c         3.67    1.24% probe
c         2.40    0.81% elim
c         1.38    0.47% ternary
c         1.27    0.43% subsume
c         0.42    0.14% parse
c         0.05    0.02% lucky
c   =================================
c       296.27   99.86% solve
c 
c last line shows process time for solving
c (percentage relative to total process time)
c 
c --- [ statistics ] ---------------------------------------------------------
c 
c chronological:            330777        40.47 %  of conflicts
c conflicts:                817260      2758.53    per second
c decisions:               3650330     12321.08    per second
c eliminated:                84565        34.39 %  of all variables
c fixed:                     86752        35.28 %  of all variables
c learned:                  770811        94.32 %  per conflict
c learned_lits:          139819613       100.00 %  learned literals
c minimized:                     0         0.00 %  learned literals
c shrunken:               61178516        43.76 %  learned literals
c minishrunken:           20746933        14.84 %  learned literals
c otfs:                       5000         0.61 %  of conflict
c propagations:         2983467231        10.07 M  per second
c reduced:                  596172        72.95 %  per conflict
c rephased:                     39     20955.38    interval
c restarts:                  20140        40.58    interval
c stabilizing:                   5        58.27 %  of conflicts
c substituted:                 220         0.09 %  of all variables
c subsumed:                 133313         3.46 %  of all clauses
c strengthened:              99192         2.57 %  of all clauses
c ternary:                    6009         0.67 %  of resolved
c trail reuses:                  0         0.00 %  of incremental calls
c vivified:                  63454         1.65 %  of all clauses
c walked:                       12     68105.00    interval
c weakened:                 260041         2.35    average size
c 
c seconds are measured in process time for solving
c 
c --- [ resources ] ----------------------------------------------------------
c 
c total process time since initialization:       296.68    seconds
c total real time since initialization:          299.99    seconds
c maximum resident set size of process:          251.72    MB
c 
c raising signal 15 (SIGTERM)
