c --- [ banner ] -------------------------------------------------------------
c 
c CaDiCaL SAT Solver
c Copyright (c) 2016-2023 A. Biere, M. Fleury, N. Froleyks, K. Fazekas, F. Pollitt
c 
c Version 1.9.5 146207318796f094dcded87349a64f0c6927309e
c g++ (Ubuntu 13.3.0-6ubuntu2~24.04.1) 13.3.0 -Wall -Wextra -O3 -DNDEBUG
c Wed Sep 30 06:02:32 JST 2026 Linux ikutoPC 6.6.87.2-microsoft-standard-WSL2 x86_64
c 
c --- [ limit ] --------------------------------------------------------------
c 
c setting conflict limit to 1000000 conflicts (due to '1000000')
c 
c --- [ proof tracing ] ------------------------------------------------------
c 
c opening file to write '/tmp/conway99-six-profile-rank4_03_profile_0039-VovODI/proof.drat'
c writing non-binary proof trace to '/tmp/conway99-six-profile-rank4_03_profile_0039-VovODI/proof.drat'
c 
c --- [ parsing input ] ------------------------------------------------------
c 
c reading DIMACS file from '/mnt/c/Users/ikuto/projects/conway-99-graph/acceleration/results/20260930_hadamard_six_remaining_cnfs/run01/rank4_03_profile_0039/instance.cnf'
c opening file to read '/mnt/c/Users/ikuto/projects/conway-99-graph/acceleration/results/20260930_hadamard_six_remaining_cnfs/run01/rank4_03_profile_0039/instance.cnf'
c found 'p cnf 10048 174766' header
c parsed 174766 clauses in 0.08 seconds process time
c 
c --- [ options ] ------------------------------------------------------------
c 
c   --binary=false                 (different from default 'true')
c 
c --- [ solving ] ------------------------------------------------------------
c 
c time measured in process time since initialization
c 
c  seconds  reductions  redundant  irredundant
c         MB    restarts       trail      variables
c          level   conflicts       glue        remaining
c 
c *  0.08 18  0 0   0    0    0  0% 0 125007 7152 71%
c {  0.08 19  0 0   0    0    0  0% 0 125007 7152 71%
c i  0.09 19 29 0   4  143  104 51% 5 125007 7151 71%
c i  0.09 19 29 0   4  144  104 51% 5 125007 7150 71%
c -  0.10 19 26 1  22  305  239 52% 5 124676 7150 71%
c i  0.13 19 24 1  66  793  581 53% 5 124676 7149 71%
c i  0.13 19 24 1  66  818  598 53% 5 124676 7148 71%
c i  0.13 19 24 1  66  835  612 53% 5 124676 7144 71%
c -  0.14 25 26 2  66  964  477 53% 5 124381 7143 71%
c }  0.15 25 26 2  68 1001  494 53% 5 124381 7143 71%
c [  0.15 25  0 2  68 1001  494  0% 0 124381 7143 71%
c O  0.15 25  1 2  68 1002  494 42% 0 124381 7143 71%
c i  0.15 25  1 2  68 1002  494 42% 0 124381 7142 71%
c i  0.15 25 13 2  68 1048  516 58% 3 124381 7140 71%
c i  0.16 25 11 2  68 1155  603 59% 3 124381 7138 71%
c i  0.18 25 43 2  68 1599  981 54% 10 124381 7132 71%
c -  0.21 26 41 3  68 1949 1074 54% 10 124167 7132 71%
c i  0.22 26 39 3  69 2186 1264 53% 10 124167 7131 71%
c i  0.23 26 39 3  69 2192 1268 53% 10 124167 7130 71%
c i  0.23 26 39 3  69 2193 1268 53% 10 124167 7129 71%
c 
c  seconds  reductions  redundant   irredundant
c         MB    restarts       trail       variables
c          level   conflicts       glue         remaining
c 
c i  0.23 26 39 3  69 2219 1292 53% 10 124167 7128 71%
c i  0.23 26 38 3  69 2307 1365 53% 10 124167 7127 71%
c i  0.24 26 37 3  69 2349 1395 53% 10 124167 7009 70%
c i  0.26 26 33 3  69 2713 1661 53% 9 124167 5895 59%
c i  0.27 23 33 3  69 2742  226 25% 9 86708 5894 59%
c i  0.27 23 32 3  69 2818  264 18% 9 86708 5893 59%
c ]  0.27 23 32 3  69 2831  271 19% 9 86708 5004 50%
c 0  0.27 23 32 3  69 2831  271 19% 9 86708 5004 50%
c 
c --- [ closing proof ] ------------------------------------------------------
c 
c DRAT proof file '/tmp/conway99-six-profile-rank4_03_profile_0039-VovODI/proof.drat' closed
c DRAT 11727 added clauses 11.04%
c DRAT 94469 deleted clauses 88.96%
c DRAT 3318605 bytes (3.16 MB)
c 
c --- [ result ] -------------------------------------------------------------
c 
s UNSATISFIABLE
c 
c --- [ run-time profiling ] -------------------------------------------------
c 
c process time taken by individual solving procedures
c (percentage relative to process time for solving)
c 
c         0.19   99.68% search
c         0.13   64.50% stable
c         0.08   40.16% parse
c         0.07   34.53% unstable
c         0.00    0.63% lucky
c         0.00    0.00% simplify
c   =================================
c         0.19   71.10% solve
c 
c last line shows process time for solving
c (percentage relative to total process time)
c 
c --- [ statistics ] ---------------------------------------------------------
c 
c chronological:              1288        45.50 %  of conflicts
c conflicts:                  2831     14519.66    per second
c decisions:                  8214     42128.05    per second
c fixed:                      5044        50.20 %  of all variables
c learned:                    2586        91.35 %  per conflict
c learned_lits:             188634       100.00 %  learned literals
c minimized:                     0         0.00 %  learned literals
c shrunken:                  65132        34.53 %  learned literals
c minishrunken:              40507        21.47 %  learned literals
c otfs:                         47         1.66 %  of conflict
c propagations:            1566656         8.04 M  per second
c reduced:                     144         5.09 %  per conflict
c rephased:                      1      2831.00    interval
c restarts:                     69        41.03    interval
c stabilizing:                   1        64.61 %  of conflicts
c subsumed:                    396         0.31 %  of all clauses
c strengthened:                 46         0.04 %  of all clauses
c trail reuses:                  0         0.00 %  of incremental calls
c 
c seconds are measured in process time for solving
c 
c --- [ resources ] ----------------------------------------------------------
c 
c total process time since initialization:         0.27    seconds
c total real time since initialization:            0.88    seconds
c maximum resident set size of process:           30.06    MB
c 
c --- [ shutting down ] ------------------------------------------------------
c 
c exit 20
