c --- [ banner ] -------------------------------------------------------------
c 
c CaDiCaL SAT Solver
c Copyright (c) 2016-2023 A. Biere, M. Fleury, N. Froleyks, K. Fazekas, F. Pollitt
c 
c Version 1.9.5 146207318796f094dcded87349a64f0c6927309e
c g++ (Ubuntu 13.3.0-6ubuntu2~24.04.1) 13.3.0 -Wall -Wextra -O3 -DNDEBUG
c Wed Sep 30 06:02:32 JST 2026 Linux ikutoPC 6.6.87.2-microsoft-standard-WSL2 x86_64
c 
c --- [ limit ] --------------------------------------------------------------
c 
c setting conflict limit to 1000000 conflicts (due to '1000000')
c 
c --- [ proof tracing ] ------------------------------------------------------
c 
c opening file to write '/tmp/conway99-component-factor-uEq41Y/proof.drat'
c writing non-binary proof trace to '/tmp/conway99-component-factor-uEq41Y/proof.drat'
c 
c --- [ parsing input ] ------------------------------------------------------
c 
c reading DIMACS file from '/mnt/c/Users/ikuto/projects/conway-99-graph/acceleration/results/20260930_triangle_factor_components/instance.cnf'
c opening file to read '/mnt/c/Users/ikuto/projects/conway-99-graph/acceleration/results/20260930_triangle_factor_components/instance.cnf'
c found 'p cnf 61296 212580' header
c parsed 212580 clauses in 0.10 seconds process time
c 
c --- [ options ] ------------------------------------------------------------
c 
c   --binary=false                 (different from default 'true')
c 
c --- [ solving ] ------------------------------------------------------------
c 
c time measured in process time since initialization
c 
c  seconds  reductions  redundant  irredundant
c         MB    restarts       trail       variables
c          level   conflicts       glue         remaining
c 
c *  0.10 35  0 0   0    0    0  0% 0 210888 42704 70%
c {  0.10 36  0 0   0    0    0  0% 0 210888 42704 70%
c i  0.10 36  1 0   0    1    0 32% 0 210888 42703 70%
c i  0.10 36  1 0   0    2    0 32% 0 210888 42702 70%
c i  0.10 36  1 0   0    3    0 33% 0 210888 42701 70%
c i  0.10 36  1 0   1    4    0 33% 0 210888 42700 70%
c i  0.10 36  1 0   1    5    0 34% 0 210888 42699 70%
c i  0.10 36  1 0   1    6    0 35% 0 210888 42698 70%
c i  0.10 36 15 0   2    7    0 36% 0 210888 42697 70%
c i  0.11 37 58 0   8   35   27 41% 5 210888 42696 70%
c i  0.11 37 64 0  10   41   32 43% 4 210888 42695 70%
c i  0.11 37 69 0  10   45   35 45% 4 210888 42694 70%
c i  0.12 37 65 0  32  127  110 45% 8 210888 42693 70%
c i  0.12 37 64 0  34  135  116 45% 8 210888 42692 70%
c i  0.12 37 63 0  34  136  116 45% 8 210888 42691 70%
c i  0.13 38 63 0  40  170  149 46% 9 210888 42690 70%
c i  0.15 38 64 0  69  288  261 46% 11 210888 42689 70%
c -  0.16 37 65 1  71  301  274 46% 11 154899 42689 70%
c i  0.18 37 67 1  86  364  334 47% 12 154899 42688 70%
c i  0.18 37 67 1  86  365  334 47% 12 154899 42687 70%
c 
c  seconds  reductions  redundant   irredundant
c         MB    restarts       trail        variables
c          level   conflicts       glue          remaining
c 
c i  0.18 37 67 1  86  366  334 47% 12 154899 42686 70%
c i  0.18 37 66 1  87  368  335 47% 12 154899 42685 70%
c i  0.18 37 66 1  87  370  336 47% 11 154899 42684 70%
c i  0.18 37 66 1  87  371  336 46% 11 154899 42683 70%
c i  0.18 37 66 1  87  372  336 46% 11 154899 42682 70%
c i  0.18 37 66 1  87  373  336 46% 11 154899 42681 70%
c i  0.18 37 66 1  87  375  337 46% 11 154899 42680 70%
c i  0.19 37 65 1  96  432  392 46% 12 154899 42679 70%
c i  0.20 37 66 1 106  485  442 47% 12 154899 42675 70%
c i  0.22 37 69 1 122  671  618 47% 12 154899 42674 70%
c i  0.22 37 69 1 122  673  619 47% 12 154899 42673 70%
c i  0.22 37 68 1 123  674  619 47% 12 154899 42672 70%
c i  0.22 37 68 1 123  675  619 47% 12 154899 42671 70%
c i  0.22 37 68 1 123  676  619 47% 12 154899 42670 70%
c i  0.23 37 68 1 133  781  717 47% 12 154899 42669 70%
c i  0.23 37 68 1 134  782  717 47% 12 154899 42668 70%
c i  0.23 37 68 1 134  783  717 47% 12 154899 42667 70%
c i  0.23 37 68 1 134  784  717 47% 12 154899 42666 70%
c i  0.25 37 69 1 155  921  850 48% 12 154899 42665 70%
c i  0.25 37 69 1 156  927  854 48% 12 154899 42664 70%
c 
c  seconds  reductions  redundant   irredundant
c         MB    restarts       trail        variables
c          level   conflicts       glue          remaining
c 
c i  0.26 37 69 1 162  949  875 48% 12 154899 42663 70%
c i  0.26 37 69 1 162  950  875 48% 12 154899 42662 70%
c i  0.26 37 68 1 170  982  903 48% 13 154899 42658 70%
c i  0.26 37 68 1 170  990  910 48% 12 154899 42657 70%
c }  0.26 37 68 1 170 1000  920 48% 12 154899 42657 70%
c [  0.26 37  0 1 170 1000  920  0% 0 154899 42657 70%
c O  0.27 37 45 1 170 1002  922 43% 4 154899 42657 70%
c -  0.29 44 29 2 170 1015  806 46% 5 154770 42657 70%
c i  0.38 44 46 2 171 2067 1814 61% 21 154770 42656 70%
c -  0.40 44 46 3 171 2086 1399 60% 21 154766 42656 70%
c ]  0.52 41 52 3 171 3000 2264 37% 24 154766 42656 70%
c {  0.53 41 68 3 171 3000 2264 68% 12 154766 42656 70%
c F  0.53 41 68 3 172 3006 2270 68% 13 154766 42656 70%
c i  0.53 41 69 3 178 3029 2292 67% 13 154766 42655 70%
c i  0.53 41 69 3 178 3030 2292 67% 13 154766 42654 70%
c i  0.53 41 69 3 178 3032 2293 67% 13 154766 42653 70%
c i  0.55 41 69 3 196 3172 2428 63% 13 154766 42652 70%
c i  0.55 41 70 3 199 3226 2480 62% 13 154766 42651 70%
c i  0.56 41 70 3 204 3256 2509 61% 13 154766 42650 70%
c i  0.57 41 70 3 213 3365 2608 58% 13 154766 42649 70%
c 
c  seconds  reductions  redundant   irredundant
c         MB    restarts       trail        variables
c          level   conflicts       glue          remaining
c 
c i  0.57 41 70 3 217 3378 2619 58% 13 154766 42648 70%
c i  0.57 41 70 3 217 3379 2619 58% 13 154766 42647 70%
c i  0.57 41 70 3 220 3412 2651 57% 13 154766 42646 70%
c i  0.57 41 69 3 224 3429 2665 56% 13 154766 42643 70%
c i  0.57 41 69 3 224 3431 2666 56% 13 154766 42642 70%
c i  0.58 41 69 3 225 3442 2676 56% 13 154766 42641 70%
c i  0.58 41 69 3 236 3506 2736 55% 13 154766 42640 70%
c i  0.58 41 69 3 237 3509 2738 55% 13 154766 42639 70%
c -  0.60 42 69 4 239 3514 1955 55% 13 154697 42639 70%
c i  0.60 42 69 4 239 3515 1955 55% 13 154697 42638 70%
c i  0.61 42 70 4 253 3705 2133 52% 13 154697 42637 70%
c i  0.62 42 69 4 258 3765 2188 51% 13 154697 42636 70%
c i  0.62 42 69 4 265 3821 2240 50% 13 154697 42635 70%
c i  0.62 42 69 4 266 3824 2242 50% 13 154697 42630 70%
c i  0.63 42 69 4 278 3903 2315 49% 13 154697 42629 70%
c i  0.64 42 69 4 281 3922 2333 49% 13 154697 42628 70%
c i  0.64 42 69 4 286 3946 2355 49% 13 154697 42627 70%
c i  0.65 42 69 4 295 4005 2411 48% 13 154697 42626 70%
c i  0.66 42 69 4 307 4111 2511 47% 14 154697 42625 70%
c i  0.66 42 69 4 307 4113 2512 47% 14 154697 42624 70%
c 
c  seconds  reductions  redundant   irredundant
c         MB    restarts       trail        variables
c          level   conflicts       glue          remaining
c 
c i  0.66 42 69 4 317 4147 2541 47% 14 154697 42623 70%
c i  0.66 42 69 4 317 4149 2542 46% 14 154697 42619 70%
c i  0.67 42 69 4 329 4291 2676 45% 14 154697 42618 70%
c i  0.67 42 69 4 329 4292 2676 45% 14 154697 42617 70%
c i  0.68 42 69 4 333 4340 2719 45% 14 154697 42616 70%
c i  0.68 42 70 4 342 4432 2809 44% 14 154697 42615 70%
c i  0.69 42 70 4 346 4484 2856 43% 14 154697 42614 70%
c i  0.70 42 70 4 370 4579 2947 43% 14 154697 42613 70%
c i  0.70 42 70 4 371 4594 2961 43% 14 154697 42612 70%
c s  0.72 48 70 4 375 4612 2971 43% 14 153708 42612 70%
c v  0.75 48 70 4 375 4612 2971 43% 14 153455 42612 70%
c w  0.75 48 70 4 375 4612 2971 43% 14 153455 42612 70%
c t  0.76 48 70 4 375 4612 2969 43% 14 153123 42468 69%
c e  0.87 50 70 4 375 4612  100 43% 14 118729 19476 32%
c s  0.88 50 70 4 375 4612   99 43% 14 116658 19476 32%
c e  0.91 50 70 4 375 4612   99 43% 14 116433 19182 31%
c i  0.92 50 71 4 387 4672  152 42% 14 116432 19181 31%
c d  0.95 50 80 4 422 5002  456 38% 14 116418 19180 31%
c 3  0.97 50 80 4 422 5002 2722 38% 14 116414 19180 31%
c 3  0.97 50 80 4 422 5002 3481 38% 14 116414 19180 31%
c 
c  seconds  reductions   redundant   irredundant
c         MB    restarts        trail        variables
c          level   conflicts        glue          remaining
c 
c p  1.06 48 80 4 422 5002 27784 38% 14 116414 18234 30%
c d  1.07 52 80 4 422 5002 18199 38% 14 110769 18207 30%
c d  1.08 52 80 4 422 5002 18199 38% 14 110701 18184 30%
c -  1.12 54 78 5 455 5298 1765 36% 14 110701 18184 30%
c #  1.16 54 76 5 538 6008 2427 32% 14 110701 18184 30%
c }  1.23 54 74 5 657 7000 3351 24% 15 110701 18184 30%
c [  1.23 54 52 5 657 7000 3351 86% 24 110701 18184 30%
c -  1.24 54 55 6 658 7177 3098 76% 24 110701 18184 30%
c -  1.42 54 64 7 659 9371 4071 45% 28 110701 18184 30%
c I  1.46 54 65 7 659 10012 4693 44% 28 110701 18184 30%
c -  1.57 54 67 8 661 11877 4595 40% 28 110701 18184 30%
c -  1.75 54 68 9 662 14696 5238 38% 29 110701 18184 30%
c ]  1.77 54 68 9 662 15001 5528 38% 29 110701 18184 30%
c {  1.77 54 74 9 662 15001 5528 24% 15 110701 18184 30%
c d  1.77 54 74 9 663 15002 5529 24% 15 110677 18177 30%
c 3  1.78 54 74 9 663 15002 5961 24% 15 110677 18177 30%
c 2  1.79 54 74 9 663 15002 5867 24% 15 110608 18163 30%
c p  1.86 54 74 9 663 15002 25870 24% 15 110608 17365 28%
c d  1.87 54 74 9 663 15002 19666 24% 15 106561 17350 28%
c B  1.88 54 74 9 666 15016 19677 24% 15 106561 17350 28%
c 
c  seconds  reductions    redundant   irredundant
c         MB    restarts         trail        variables
c          level    conflicts        glue          remaining
c 
c s  1.90 54 74 9 667 15019 19382 24% 15 105736 17350 28%
c v  1.93 54 74 9 667 15019 19382 24% 15 105727 17350 28%
c w  1.93 54 74 9 667 15019 19381 24% 15 105727 17350 28%
c t  1.95 54 74 9 667 15019 19339 24% 15 105249 17282 28%
c e  1.98 54 74 9 667 15019 13645 24% 15 103931 16214 26%
c s  1.99 54 74 9 667 15019 13533 24% 15 103592 16214 26%
c e  2.00 54 74 9 667 15019 13411 24% 15 103551 16178 26%
c -  2.19 54 75 10 970 17828 5293 29% 15 103551 16178 26%
c W  2.38 54 75 10 1267 21017 8311 29% 16 103551 16178 26%
c -  2.40 54 75 11 1285 21178 5835 29% 16 103551 16178 26%
c -  2.59 54 76 12 1568 24832 6390 29% 16 103551 16178 26%
c F  2.77 54 76 12 1873 28018 9443 29% 16 103551 16178 26%
c -  2.82 54 76 13 1936 28791 7021 29% 16 103551 16178 26%
c d  2.89 54 76 13 2028 30003 8170 29% 16 103541 16176 26%
c 3  2.90 54 76 13 2028 30003 9935 29% 16 103537 16176 26%
c 3  2.90 54 76 13 2028 30003 10485 29% 16 103537 16176 26%
c p  2.98 54 76 13 2028 30003 27131 29% 16 103537 15828 26%
c d  2.99 54 76 13 2028 30003 22282 29% 16 101273 15827 26%
c }  3.05 54 76 13 2114 31003 23239 29% 16 101273 15827 26%
c [  3.05 54 68 13 2114 31003 23239 42% 29 101273 15827 26%
c 
c  seconds  reductions      redundant   irredundant
c         MB     restarts          trail        variables
c          level      conflicts        glue          remaining
c 
c s  3.07 54 68 13 2114 31089 22905 42% 29 100797 15827 26%
c v  3.10 54 68 13 2114 31089 22905 42% 29 100789 15827 26%
c w  3.11 54 68 13 2114 31089 22904 42% 29 100789 15827 26%
c t  3.12 54 68 13 2114 31089 22859 42% 29 100708 15827 26%
c e  3.13 54 68 13 2114 31089 21807 42% 29 100299 15447 25%
c s  3.14 54 68 13 2114 31089 21737 42% 29 100212 15447 25%
c e  3.15 54 68 13 2114 31089 21726 42% 29 100204 15439 25%
c -  3.28 54 75 14 2114 33057 7813 42% 30 100204 15439 25%
c B  3.46 54 75 14 2117 36020 10665 40% 30 100204 15439 25%
c -  3.56 54 79 15 2117 37560 8040 39% 31 100204 15439 25%
c -  3.85 54 80 16 2121 42367 8292 38% 32 100204 15439 25%
c W  4.07 54 79 16 2121 45022 10851 37% 33 100204 15439 25%
c -  4.25 54 77 17 2122 47471 8979 37% 33 100204 15439 25%
c 3  4.46 54 76 17 2122 50006 13220 36% 33 100204 15439 25%
c p  4.54 54 76 17 2122 50006 24833 36% 33 100204 15417 25%
c s  4.77 54 74 17 2122 52680 27059 37% 34 100156 15417 25%
c v  4.80 54 74 17 2122 52680 27059 37% 34 100136 15417 25%
c w  4.81 54 74 17 2122 52680 27057 37% 34 100136 15417 25%
c t  4.81 54 74 17 2122 52680 27057 37% 34 100134 15417 25%
c e  4.82 54 74 17 2122 52680 26692 37% 34 99894 15360 25%
c 
c  seconds  reductions      redundant   irredundant
c         MB     restarts          trail       variables
c          level      conflicts        glue         remaining
c 
c s  4.82 54 74 17 2122 52680 26632 37% 34 99882 15360 25%
c e  4.83 54 74 17 2122 52680 26621 37% 34 99881 15358 25%
c -  4.87 54 74 18 2122 52876 9529 37% 34 99881 15358 25%
c O  5.01 54 72 18 2123 55024 11534 37% 33 99881 15358 25%
c -  5.23 54 70 19 2126 58576 10197 37% 33 99881 15358 25%
c ]  5.50 54 68 19 2129 63004 14427 37% 32 99881 15358 25%
c {  5.50 54 76 19 2129 63004 14427 29% 16 99881 15358 25%
c -  5.60 54 76 20 2259 64576 10677 30% 17 99881 15358 25%
c B  5.69 54 76 20 2388 66025 12052 30% 17 99881 15358 25%
c -  5.99 54 76 21 2828 70877 11101 30% 17 99881 15358 25%
c d  6.22 54 76 21 3154 75007 15023 30% 17 99876 15357 25%
c 3  6.23 54 76 21 3154 75007 15399 30% 17 99876 15357 25%
c p  6.30 54 76 21 3154 75007 27223 30% 17 99876 15348 25%
c -  6.47 54 76 22 3372 77477 12152 30% 17 99825 15348 25%
c W  6.55 54 76 22 3408 78026 12668 30% 17 99825 15348 25%
c s  6.64 54 76 22 3493 79693 14225 30% 17 99751 15348 25%
c v  6.67 54 76 22 3493 79693 14225 30% 17 99737 15348 25%
c w  6.67 54 76 22 3493 79693 14225 30% 17 99737 15348 25%
c t  6.68 54 76 22 3493 79693 14224 30% 17 99735 15348 25%
c e  6.68 54 76 22 3493 79693 14119 30% 17 99711 15323 25%
c 
c  seconds  reductions      redundant   irredundant
c         MB     restarts          trail       variables
c          level      conflicts        glue         remaining
c 
c s  6.69 54 76 22 3493 79693 14110 30% 17 99691 15323 25%
c -  6.96 54 76 23 3886 84379 12703 30% 17 99691 15323 25%
c #  7.36 54 75 23 4493 91029 19048 30% 18 99691 15323 25%
c -  7.40 54 75 24 4529 91579 13387 30% 18 99691 15323 25%
c i  7.55 54 75 24 4747 93970 15699 30% 18 99691 15322 25%
c -  7.86 54 74 25 5223 99080 14412 29% 18 99684 15322 25%
c d  8.19 54 75 25 5663 105010 20104 30% 18 99611 15304 25%
c 3  8.19 54 75 25 5663 105010 20503 30% 18 99594 15304 25%
c d  8.21 54 75 25 5663 105010 20595 30% 18 99590 15303 25%
c p  8.24 54 75 25 5663 105010 30941 30% 18 99590 15302 25%
c B  8.25 54 75 25 5663 105032 30962 30% 18 99590 15302 25%
c -  8.38 54 75 26 5783 106881 15579 30% 18 99583 15302 25%
c s  8.69 54 75 26 6196 112115 20556 30% 18 99472 15302 25%
c v  8.73 54 75 26 6196 112115 20556 30% 18 99249 15302 25%
c w  8.74 54 75 26 6196 112115 20554 30% 18 99249 15302 25%
c t  8.74 54 75 26 6196 112115 20553 30% 18 99225 15302 25%
c e  8.75 54 75 26 6196 112115 20279 30% 18 99221 15286 25%
c s  8.75 54 75 26 6196 112115 20269 30% 18 99213 15286 25%
c -  8.94 54 76 27 6409 114983 15844 30% 18 99213 15286 25%
c W  9.33 54 76 27 6753 120033 20712 30% 18 99213 15286 25%
c 
c  seconds  reductions       redundant   irredundant
c         MB     restarts           trail       variables
c          level      conflicts         glue         remaining
c 
c -  9.54 54 76 28 7002 123383 16921 30% 18 99213 15286 25%
c }  9.76 54 76 28 7314 127006 20369 30% 18 99213 15286 25%
c [  9.76 54 68 28 7314 127006 20369 37% 32 99213 15286 25%
c - 10.09 60 69 29 7316 132083 17706 37% 32 99213 15286 25%
c B 10.31 60 68 29 7319 136035 21476 38% 32 99213 15286 25%
c d 10.58 60 67 29 7321 140012 25263 38% 32 99205 15284 25%
c 3 10.59 60 67 29 7321 140012 25362 38% 32 99203 15284 25%
c 3 10.59 60 67 29 7321 140012 25400 38% 32 99203 15284 25%
c p 10.63 60 67 29 7321 140012 35619 38% 32 99203 15284 25%
c - 10.71 54 67 30 7321 141083 17939 38% 32 99203 15284 25%
c s 11.26 54 65 30 7322 149892 26372 38% 32 99166 15284 25%
c v 11.30 54 65 30 7322 149892 26372 38% 32 98884 15284 25%
c w 11.31 54 65 30 7322 149892 26370 38% 32 98884 15284 25%
c t 11.31 54 65 30 7322 149892 26370 38% 32 98881 15284 25%
c e 11.32 54 65 30 7322 149892 26344 38% 32 98875 15276 25%
c s 11.33 54 65 30 7322 149892 26340 38% 32 98872 15276 25%
c - 11.38 54 65 31 7322 150385 18344 38% 32 98872 15276 25%
c W 11.64 54 64 31 7323 153036 20908 38% 32 98872 15276 25%
c - 12.11 61 63 32 7323 159986 18686 38% 32 98872 15276 25%
c - 12.78 54 61 33 7325 169886 19625 39% 31 98871 15276 25%
c 
c  seconds  reductions       redundant   irredundant
c         MB     restarts           trail       variables
c          level      conflicts         glue         remaining
c 
c I 12.86 54 61 33 7326 171037 20708 39% 31 98871 15276 25%
c d 13.43 54 70 33 7330 180013 29385 39% 33 98866 15275 25%
c 3 13.44 54 70 33 7330 180013 29444 39% 33 98865 15275 25%
c p 13.47 54 70 33 7330 180013 39585 39% 33 98865 15275 25%
c - 13.51 61 70 34 7330 180090 20029 39% 33 98865 15275 25%
c B 14.20 61 70 34 7337 190040 29583 39% 34 98865 15275 25%
c - 14.25 54 71 35 7337 190590 20529 39% 34 98865 15275 25%
c s 14.43 54 72 35 7337 193001 22790 39% 35 98852 15275 25%
c v 14.47 54 72 35 7337 193001 22790 39% 35 98567 15275 25%
c w 14.48 54 72 35 7337 193001 22788 39% 35 98567 15275 25%
c t 14.48 54 72 35 7337 193001 22788 39% 35 98566 15275 25%
c e 14.49 54 72 35 7337 193001 22763 39% 35 98565 15272 25%
c s 14.50 54 72 35 7337 193001 22761 39% 35 98564 15272 25%
c e 14.50 54 72 35 7337 193001 22636 39% 35 98564 15271 25%
c - 15.06 55 73 36 7338 201391 20635 39% 35 98564 15271 25%
c W 15.77 55 71 36 7345 210043 28840 39% 35 98564 15271 25%
c - 15.97 55 71 37 7345 212492 21498 39% 35 98564 15271 25%
c - 16.83 63 69 38 7352 223893 22756 40% 35 98564 15271 25%
c d 16.90 63 69 38 7352 225013 23828 40% 35 98560 15270 25%
c 3 16.90 63 69 38 7352 225013 23888 40% 35 98560 15270 25%
c 
c  seconds  reductions       redundant   irredundant
c         MB     restarts           trail       variables
c          level      conflicts         glue         remaining
c 
c 3 16.90 63 69 38 7352 225013 23910 40% 35 98560 15270 25%
c p 16.94 63 69 38 7352 225013 34052 40% 35 98560 15270 25%
c O 17.38 63 68 38 7353 231044 39771 40% 35 98560 15270 25%
c - 17.68 55 68 39 7354 235593 23583 40% 35 98560 15270 25%
c s 18.08 55 67 39 7354 241426 29124 40% 35 98553 15270 25%
c v 18.14 55 67 39 7354 241426 29124 40% 35 98121 15270 25%
c w 18.15 55 67 39 7354 241426 29124 40% 35 98121 15270 25%
c e 18.16 55 67 39 7354 241426 29092 40% 35 98103 15253 25%
c s 18.17 55 67 39 7354 241426 29082 40% 35 98102 15253 25%
c - 18.61 56 67 40 7354 247595 23685 40% 35 98102 15253 25%
c B 19.01 56 66 40 7355 253046 28790 40% 35 98102 15253 25%
c ] 19.16 56 66 40 7355 255010 30683 40% 35 98102 15253 25%
c { 19.16 56 76 40 7355 255010 30683 30% 18 98102 15253 25%
c - 19.49 56 75 41 7733 259895 24872 30% 18 98102 15253 25%
c - 20.36 56 75 42 8711 272495 25353 30% 19 98102 15253 25%
c d 20.56 56 75 42 8857 275016 27770 30% 19 98082 15248 25%
c 3 20.58 56 75 42 8857 275016 27862 30% 19 98079 15248 25%
c 3 20.58 56 75 42 8857 275016 27889 30% 19 98079 15248 25%
c p 20.67 56 75 42 8857 275016 38481 30% 19 98079 15235 25%
c F 20.75 56 75 42 8930 276053 39468 30% 19 98079 15235 25%
c 
c  seconds  reductions       redundant   irredundant
c         MB     restarts           trail       variables
c          level      conflicts         glue         remaining
c 
c - 21.34 56 75 43 9480 285395 26866 30% 19 97978 15235 25%
c s 21.96 56 76 43 10105 295130 36132 30% 19 97904 15235 25%
c v 22.01 56 76 43 10105 295130 36132 30% 19 97485 15235 25%
c w 22.03 56 76 43 10105 295130 36132 30% 19 97485 15235 25%
c t 22.03 56 76 43 10105 295130 36132 30% 19 97482 15235 25%
c e 22.04 56 76 43 10105 295130 35724 30% 19 97397 15181 25%
c s 22.05 56 76 43 10105 295130 35723 30% 19 97387 15181 25%
c e 22.06 56 76 43 10105 295130 35706 30% 19 97386 15180 25%
c - 22.31 56 76 44 10323 298595 27557 30% 19 97386 15180 25%
c B 22.40 56 76 44 10413 300056 28949 30% 19 97386 15180 25%
c - 23.17 56 76 45 11170 312096 28997 31% 19 97386 15180 25%
c W 24.15 56 75 45 11983 325058 41495 31% 19 97386 15180 25%
c - 24.22 56 75 46 12043 325896 30449 31% 19 97386 15180 25%
c d 24.47 56 75 46 12317 330016 34402 31% 19 97382 15179 25%
c 3 24.49 56 75 46 12317 330016 34690 31% 19 97382 15179 25%
c p 24.54 56 75 46 12317 330016 44960 31% 19 97382 15178 25%
c - 25.30 56 75 47 13069 339997 32002 31% 19 97377 15178 25%
c # 26.06 56 74 47 13870 351061 42637 31% 19 97377 15178 25%
c s 26.33 56 74 47 14146 354126 45550 31% 19 97327 15178 25%
c v 26.39 56 74 47 14146 354126 45550 31% 19 96916 15178 25%
c 
c  seconds  reductions        redundant   irredundant
c         MB      restarts           trail       variables
c          level       conflicts         glue         remaining
c 
c w 26.41 56 74 47 14146 354126 45549 31% 19 96916 15178 25%
c t 26.41 56 74 47 14146 354126 45548 31% 19 96916 15178 25%
c e 26.42 56 74 47 14146 354126 44459 31% 19 96865 15137 25%
c s 26.43 56 74 47 14146 354126 44444 31% 19 96848 15137 25%
c - 26.48 56 74 48 14156 354398 32164 31% 19 96848 15137 25%
c - 27.51 56 74 49 15179 369099 33569 30% 19 96848 15137 25%
c B 28.08 56 74 49 15771 378062 42180 30% 19 96848 15137 25%
c - 28.48 56 74 50 16151 384099 34979 31% 19 96848 15137 25%
c 3 28.89 56 74 50 16530 390017 41043 31% 20 96848 15137 25%
c p 28.99 56 74 50 16530 390017 50981 31% 20 96848 15110 25%
c - 29.62 56 74 51 17077 399399 36678 31% 20 96702 15110 25%
c W 30.29 56 74 51 17599 406070 43117 31% 20 96702 15110 25%
c - 30.97 56 74 52 18182 415000 37812 31% 20 96702 15110 25%
c s 31.25 56 74 52 18451 418392 41023 31% 20 96658 15110 25%
c v 31.32 56 74 52 18451 418392 41023 31% 20 96267 15110 25%
c w 31.33 56 74 52 18451 418392 41023 31% 20 96267 15110 25%
c e 31.35 56 74 52 18451 418392 40401 31% 20 96224 15055 25%
c s 31.36 56 74 52 18451 418392 40387 31% 20 96076 15055 25%
c - 32.20 56 74 53 19175 430900 38570 31% 20 96076 15055 25%
c F 32.45 56 74 53 19387 435071 42581 31% 20 96076 15055 25%
c 
c  seconds  reductions        redundant   irredundant
c         MB      restarts           trail       variables
c          level       conflicts         glue         remaining
c 
c - 33.33 56 74 54 20204 447101 40002 31% 20 96076 15055 25%
c d 33.94 56 73 54 20771 455019 47645 31% 20 96073 15054 25%
c 3 33.96 56 73 54 20771 455019 48024 31% 20 96073 15054 25%
c d 33.97 56 73 54 20771 455019 48020 31% 20 96069 15053 25%
c p 34.04 56 73 54 20771 455019 57302 31% 20 96069 15051 25%
c d 34.05 56 73 54 20771 455019 57280 31% 20 96054 15050 25%
c - 34.75 56 73 55 21312 463601 41365 31% 20 96054 15050 25%
c B 34.86 56 73 55 21414 465072 42790 31% 20 96054 15050 25%
c - 36.01 64 73 56 22358 480402 42498 31% 20 96054 15050 25%
c s 36.58 64 73 56 22814 487915 49693 31% 20 96040 15050 25%
c v 36.65 64 73 56 22814 487915 49693 31% 20 94973 15050 25%
c w 36.66 64 73 56 22814 487915 49690 31% 20 94973 15050 25%
c t 36.66 64 73 56 22814 487915 49688 31% 20 94970 15050 25%
c e 36.68 64 73 56 22814 487915 49688 31% 20 94965 15041 25%
c s 36.69 64 73 56 22814 487915 49680 31% 20 94956 15041 25%
c W 37.48 64 73 56 23273 496073 57568 31% 20 94956 15041 25%
c - 37.58 56 73 57 23312 497503 43612 31% 20 94956 15041 25%
c } 38.55 56 73 57 24191 511010 56658 31% 20 94956 15041 25%
c [ 38.55 56 66 57 24191 511010 56658 40% 35 94956 15041 25%
c - 38.85 65 66 58 24191 514904 44724 40% 34 94956 15041 25%
c 
c  seconds  reductions        redundant   irredundant
c         MB      restarts           trail       variables
c          level       conflicts         glue         remaining
c 
c 3 39.63 65 66 58 24191 525020 54949 39% 33 94956 15041 25%
c p 39.68 65 66 58 24191 525020 63971 39% 33 94956 15041 25%
c W 40.20 65 66 58 24191 528074 66928 39% 33 94956 15041 25%
c - 40.64 56 66 59 24191 532605 45163 38% 33 94956 15041 25%
c - 42.19 66 65 60 24198 550605 44390 38% 33 94956 15041 25%
c I 42.98 66 64 60 24204 561078 54451 38% 33 94956 15041 25%
c s 43.09 66 65 60 24205 562350 55661 38% 33 94949 15041 25%
c v 43.15 66 65 60 24205 562350 55661 38% 33 94557 15041 25%
c w 43.17 66 65 60 24205 562350 55661 38% 33 94557 15041 25%
c e 43.19 66 65 60 24205 562350 55024 38% 33 94552 15028 25%
c s 43.19 66 65 60 24205 562350 55019 38% 33 94550 15028 25%
c - 43.70 56 65 61 24206 568906 44090 38% 33 94550 15028 25%
c - 45.14 66 64 62 24215 587509 44106 39% 34 94550 15028 25%
c B 45.79 66 63 62 24220 595081 50986 39% 34 94550 15028 25%
c 3 46.14 66 65 62 24221 600020 55975 39% 34 94550 15028 25%
c p 46.18 66 65 62 24221 600020 64803 39% 34 94550 15028 25%
c - 46.65 56 65 63 24221 606411 45610 39% 33 94550 15028 25%
c - 47.99 58 63 64 24224 625611 46115 39% 33 94550 15028 25%
c W 48.63 58 63 64 24228 630082 50386 39% 33 94550 15028 25%
c s 49.46 58 61 64 24234 641954 61774 39% 32 94548 15028 25%
c 
c  seconds  reductions        redundant   irredundant
c         MB      restarts           trail       variables
c          level       conflicts         glue         remaining
c 
c v 49.52 58 61 64 24234 641954 61774 39% 32 94276 15028 25%
c w 49.54 58 61 64 24234 641954 61769 39% 32 94276 15028 25%
c e 49.55 58 61 64 24234 641954 60844 39% 32 94259 15005 24%
c s 49.56 58 61 64 24234 641954 60828 39% 32 94257 15005 24%
c - 49.84 58 61 65 24236 645113 46078 39% 32 94257 15005 24%
c - 51.29 69 61 66 24243 664914 47160 39% 32 94257 15005 24%
c O 51.37 69 60 66 24244 666083 48281 39% 32 94257 15005 24%
c p 52.44 69 58 66 24251 680020 69769 39% 32 94257 15005 24%
c - 52.87 58 58 67 24252 685016 47166 39% 32 94257 15005 24%
c B 54.29 58 57 67 24253 703085 64546 39% 31 94257 15005 24%
c - 54.48 70 57 68 24253 705419 48837 39% 31 94257 15005 24%
c - 56.04 58 59 69 24254 726122 49173 39% 32 94257 15005 24%
c s 56.12 58 59 69 24254 726792 49797 39% 32 94251 15005 24%
c v 56.18 58 59 69 24254 726792 49797 39% 32 94149 15005 24%
c w 56.20 58 59 69 24254 726792 49794 39% 32 94149 15005 24%
c e 56.21 58 59 69 24254 726792 49782 39% 32 94146 15000 24%
c s 56.22 58 59 69 24254 726792 49621 39% 32 94006 15000 24%
c W 57.81 58 58 69 24255 741086 63041 39% 32 94006 15000 24%
c - 58.32 59 57 70 24255 747122 49345 39% 32 94006 15000 24%
c 3 59.90 59 56 70 24255 765021 67144 40% 32 94006 15000 24%
c 
c  seconds  reductions        redundant   irredundant
c         MB      restarts           trail       variables
c          level       conflicts         glue         remaining
c 
c 3 59.90 59 56 70 24255 765021 67323 40% 32 94006 15000 24%
c p 59.95 59 56 70 24255 765021 75846 40% 32 94006 15000 24%
c - 60.27 59 56 71 24255 768423 51544 40% 32 94006 15000 24%
c I 61.19 59 56 71 24255 780090 62673 40% 32 94006 15000 24%
c - 62.00 71 63 72 24255 790023 51369 38% 34 94005 15000 24%
c - 64.18 59 76 73 24260 811923 52586 36% 40 94005 15000 24%
c s 64.62 59 76 73 24262 816818 57195 36% 40 93986 15000 24%
c v 64.69 59 76 73 24262 816818 57195 36% 40 93762 15000 24%
c w 64.71 59 76 73 24262 816818 57193 36% 40 93762 15000 24%
c e 64.73 59 76 73 24262 816818 55862 36% 40 93743 14958 24%
c s 64.74 59 76 73 24262 816818 55852 36% 40 93728 14958 24%
c e 64.75 59 76 73 24262 816818 55852 36% 40 93728 14955 24%
c B 65.00 59 75 73 24264 820091 58939 36% 39 93728 14955 24%
c - 66.03 71 76 74 24270 834123 51484 37% 39 93728 14955 24%
c 3 67.57 71 73 74 24280 855024 71943 37% 38 93728 14955 24%
c p 67.64 71 73 74 24280 855024 80903 37% 38 93728 14954 24%
c - 67.80 59 73 75 24281 856623 53197 37% 37 93720 14954 24%
c W 68.51 59 72 75 24284 861095 57539 38% 37 93720 14954 24%
c - 69.91 60 68 76 24286 879425 53609 38% 36 93720 14954 24%
c - 71.76 60 64 77 24294 902526 54693 38% 34 93720 14954 24%
c 
c  seconds  reductions        redundant   irredundant
c         MB      restarts           trail       variables
c          level       conflicts         glue         remaining
c 
c O 71.82 60 64 77 24295 903096 55226 38% 34 93720 14954 24%
c s 72.49 60 63 77 24300 912141 63814 38% 34 93715 14954 24%
c v 72.55 60 63 77 24300 912141 63814 38% 34 93688 14954 24%
c w 72.58 60 63 77 24300 912141 63810 38% 34 93688 14954 24%
c e 72.59 60 63 77 24300 912141 63624 38% 34 93686 14949 24%
c s 72.60 60 63 77 24300 912141 63616 38% 34 93685 14949 24%
c - 73.73 60 61 78 24304 925926 54812 38% 33 93685 14949 24%
c B 75.51 60 58 78 24315 946098 73533 37% 32 93685 14949 24%
c - 75.83 60 58 79 24316 949626 56223 38% 32 93685 14949 24%
c p 75.92 60 58 79 24316 950024 65534 38% 32 93685 14949 24%
c - 77.78 72 57 80 24318 973627 57292 38% 32 93685 14949 24%
c W 79.63 72 56 80 24318 990104 73004 39% 32 93685 14949 24%
c - 80.41 60 55 81 24318 997927 58625 39% 32 93685 14949 24%
c ] 80.61 60 55 81 24318 1000002 60599 39% 32 93685 14949 24%
c ? 80.62 60 55 81 24318 1000002 60599 39% 32 93685 14949 24%
c 
c --- [ closing proof ] ------------------------------------------------------
c 
c DRAT proof file '/tmp/conway99-component-factor-uEq41Y/proof.drat' closed
c DRAT 1415527 added clauses 49.35%
c DRAT 1452743 deleted clauses 50.65%
c DRAT 646423799 bytes (616.48 MB)
c 
c --- [ result ] -------------------------------------------------------------
c 
c UNKNOWN
c 
c --- [ run-time profiling ] -------------------------------------------------
c 
c process time taken by individual solving procedures
c (percentage relative to process time for solving)
c 
c        76.86   95.46% search
c        51.04   63.39% stable
c        23.10   28.69% unstable
c         3.65    4.54% simplify
c         2.72    3.38% walk
c         1.04    1.29% vivify
c         0.95    1.18% probe
c         0.48    0.60% subsume
c         0.48    0.59% elim
c         0.28    0.34% ternary
c         0.10    0.12% parse
c         0.00    0.00% lucky
c   =================================
c        80.52   99.88% solve
c 
c last line shows process time for solving
c (percentage relative to total process time)
c 
c --- [ statistics ] ---------------------------------------------------------
c 
c chronological:            213599        21.36 %  of conflicts
c conflicts:               1000002     12418.98    per second
c decisions:               2976375     36963.48    per second
c eliminated:                25158        41.04 %  of all variables
c fixed:                     21080        34.39 %  of all variables
c learned:                  979732        97.97 %  per conflict
c learned_lits:           91617356       100.00 %  learned literals
c minimized:                     0         0.00 %  learned literals
c shrunken:               16985465        18.54 %  learned literals
c minishrunken:           10666698        11.64 %  learned literals
c otfs:                       1547         0.15 %  of conflict
c propagations:          638350486         7.93 M  per second
c reduced:                  886792        88.68 %  per conflict
c rephased:                     44     22727.32    interval
c restarts:                  24318        41.12    interval
c stabilizing:                   5        65.90 %  of conflicts
c substituted:                 109         0.18 %  of all variables
c subsumed:                  36378         2.32 %  of all clauses
c strengthened:              16152         1.03 %  of all clauses
c ternary:                   13426         0.27 %  of resolved
c trail reuses:                  0         0.00 %  of incremental calls
c vivified:                   6319         0.40 %  of all clauses
c walked:                       14     71428.71    interval
c weakened:                  87412         2.45    average size
c 
c seconds are measured in process time for solving
c 
c --- [ resources ] ----------------------------------------------------------
c 
c total process time since initialization:        80.62    seconds
c total real time since initialization:           81.39    seconds
c maximum resident set size of process:           72.17    MB
c 
c --- [ shutting down ] ------------------------------------------------------
c 
c exit 0
