c --- [ banner ] -------------------------------------------------------------
c 
c CaDiCaL SAT Solver
c Copyright (c) 2016-2023 A. Biere, M. Fleury, N. Froleyks, K. Fazekas, F. Pollitt
c 
c Version 1.9.5 146207318796f094dcded87349a64f0c6927309e
c g++ (Ubuntu 13.3.0-6ubuntu2~24.04.1) 13.3.0 -Wall -Wextra -O3 -DNDEBUG
c Wed Sep 30 06:02:32 JST 2026 Linux ikutoPC 6.6.87.2-microsoft-standard-WSL2 x86_64
c 
c --- [ limit ] --------------------------------------------------------------
c 
c setting conflict limit to 1000000 conflicts (due to '1000000')
c 
c --- [ proof tracing ] ------------------------------------------------------
c 
c opening file to write '/tmp/conway99-six-profile-rank4_08_profile_0246-czuf3C/proof.drat'
c writing non-binary proof trace to '/tmp/conway99-six-profile-rank4_08_profile_0246-czuf3C/proof.drat'
c 
c --- [ parsing input ] ------------------------------------------------------
c 
c reading DIMACS file from '/mnt/c/Users/ikuto/projects/conway-99-graph/acceleration/results/20260930_hadamard_six_remaining_cnfs/run01/rank4_08_profile_0246/instance.cnf'
c opening file to read '/mnt/c/Users/ikuto/projects/conway-99-graph/acceleration/results/20260930_hadamard_six_remaining_cnfs/run01/rank4_08_profile_0246/instance.cnf'
c found 'p cnf 10156 177412' header
c parsed 177412 clauses in 0.09 seconds process time
c 
c --- [ options ] ------------------------------------------------------------
c 
c   --binary=false                 (different from default 'true')
c 
c --- [ solving ] ------------------------------------------------------------
c 
c time measured in process time since initialization
c 
c  seconds  reductions  redundant  irredundant
c         MB    restarts       trail      variables
c          level   conflicts       glue        remaining
c 
c *  0.09 18  0 0   0    0    0  0% 0 127810 7288 72%
c {  0.09 19  0 0   0    0    0  0% 0 127810 7288 72%
c -  0.11 20 26 1  12  300  260 56% 7 127810 7288 72%
c -  0.16 25 24 2  69  964  715 55% 8 127810 7288 72%
c }  0.16 25 24 2  69 1000  748 56% 8 127810 7288 72%
c [  0.16 25  0 2  69 1000  748  0% 0 127810 7288 72%
c O  0.16 25 20 2  69 1002  750 62% 2 127810 7288 72%
c i  0.19 25 47 2  69 1579 1161 58% 23 127810 7286 72%
c -  0.22 26 49 3  69 1959  928 58% 21 127761 7286 72%
c ]  0.29 26 65 3  70 3004 1817 56% 26 127761 7286 72%
c {  0.29 26 24 3  70 3004 1817 56% 8 127761 7286 72%
c F  0.30 25 24 3  70 3005 1818 27% 8 127761 7286 72%
c i  0.31 25 24 3  81 3194 1937 32% 8 127761 7285 72%
c -  0.33 25 25 4  81 3289 1603 32% 7 127714 7285 72%
c i  0.34 25 23 4  83 3550 1750 35% 7 127714 7284 72%
c i  0.37 25 23 4 124 4077 2118 35% 7 127714 7283 72%
c i  0.39 25 22 4 156 4564 2458 35% 7 127714 7282 72%
c i  0.40 25 22 4 156 4770 2607 35% 7 127714 7281 72%
c -  0.42 25 23 5 171 4950 1446 35% 7 127526 7281 72%
c d  0.42 25 23 5 171 5001 1466 35% 7 127428 7232 71%
c 
c  seconds  reductions   redundant  irredundant
c         MB    restarts        trail      variables
c          level   conflicts        glue        remaining
c 
c p  0.50 26 23 5 171 5001 80976 35% 7 127428 7225 71%
c d  0.50 26 23 5 171 5001 80046 35% 7 127043 7215 71%
c d  0.51 26 23 5 171 5001 80046 35% 7 127041 7214 71%
c i  0.51 26 22 5 171 5027 80063 35% 7 127041 7213 71%
c i  0.52 26 22 5 180 5160 80161 35% 7 127041 7212 71%
c i  0.53 26 22 5 190 5361 80270 35% 7 127041 7211 71%
c i  0.57 26 22 5 227 6000 80718 35% 7 127041 7210 71%
c #  0.57 26 22 5 227 6007 80725 35% 7 127041 7210 71%
c i  0.59 26 21 5 239 6412 81017 36% 7 127041 7209 71%
c -  0.64 33 21 6 253 6942 7801 37% 7 126807 7209 71%
c i  0.64 33 21 6 253 6970 7823 37% 7 126807 7208 71%
c }  0.64 33 21 6 254 7006 7849 37% 7 126807 7208 71%
c [  0.64 33 65 6 254 7006 7849 78% 26 126807 7208 71%
c i  0.69 33 54 6 255 8015 8612 64% 22 126807 7207 71%
c s  0.72 34 56 6 255 8265 8780 61% 23 124919 7207 71%
c v  0.73 34 56 6 255 8265 8780 61% 23 124912 7207 71%
c w  0.74 34 56 6 255 8265 8778 61% 23 124912 7207 71%
c e  0.78 34 56 6 255 8265 8006 61% 23 123578 6012 59%
c s  0.78 34 56 6 255 8265 7999 61% 23 123578 6012 59%
c -  0.86 32 50 7 255 9262 4377 34% 21 123578 6012 59%
c 
c  seconds  reductions   redundant   irredundant
c         MB    restarts        trail       variables
c          level    conflicts       glue         remaining
c 
c I  0.89 32 46 7 256 10010 4974 35% 19 123578 6012 59%
c -  1.01 37 53 8 258 11883 5274 35% 22 123578 6012 59%
c -  1.22 32 51 9 259 14832 5884 36% 20 123578 6012 59%
c 2  1.24 32 50 9 259 15001 6015 36% 20 123578 6012 59%
c p  1.31 32 50 9 259 15001 90563 36% 20 123578 6012 59%
c d  1.32 32 50 9 259 15001 90559 36% 20 123578 6010 59%
c ]  1.33 32 50 9 259 15006 90564 36% 20 123578 6010 59%
c {  1.33 32 21 9 259 15006 90564 44% 7 123578 6010 59%
c B  1.33 32 21 9 261 15012 90570 44% 7 123578 6010 59%
c i  1.34 32 21 9 279 15193 90693 44% 7 123578 6009 59%
c i  1.34 32 21 9 284 15251 90732 44% 7 123578 6008 59%
c i  1.36 32 21 9 300 15603 90974 44% 7 123578 6007 59%
c i  1.43 32 21 9 379 16614 91680 43% 7 123578 6006 59%
c i  1.45 32 21 9 414 16985 91913 43% 7 123578 6005 59%
c i  1.48 32 21 9 448 17537 92303 42% 7 123578 6004 59%
c i  1.51 32 21 9 517 17960 92593 42% 7 123578 6003 59%
c -  1.54 37 21 10 530 18109 9717 42% 7 123245 6003 59%
c i  1.54 37 20 10 530 18188 9761 42% 7 123245 6002 59%
c i  1.58 37 21 10 579 18900 10244 41% 7 123245 6001 59%
c i  1.58 37 21 10 591 19106 10388 41% 7 123245 6000 59%
c 
c  seconds  reductions     redundant  irredundant
c         MB     restarts         trail      variables
c          level     conflicts        glue        remaining
c 
c i  1.61 37 20 10 608 19560 10728 41% 7 123245 5999 59%
c i  1.62 37 20 10 608 19880 10960 41% 7 123245 5998 59%
c i  1.64 37 20 10 620 20112 11134 41% 7 123245 5997 59%
c i  1.64 37 20 10 626 20172 11164 41% 7 123245 5996 59%
c i  1.67 37 20 10 655 20691 11565 41% 7 123245 5995 59%
c i  1.67 37 20 10 655 20745 11590 41% 7 123245 5994 59%
c W  1.76 32 21 10 675 21014 10521 41% 7 122815 5994 59%
c i  1.78 32 21 10 734 21310 10738 40% 7 122815 5993 59%
c i  1.78 32 21 10 739 21391 10790 40% 7 122815 5992 59%
c -  1.81 35 21 11 783 21708 5713 40% 7 122719 5992 59%
c i  1.82 35 21 11 805 22038 5933 40% 7 122719 5991 59%
c i  1.85 35 21 11 842 22656 6404 40% 7 122719 5990 59%
c i  1.87 35 21 11 859 22866 6563 40% 7 122719 5989 59%
c i  1.89 35 20 11 884 23321 6882 40% 7 122719 5988 59%
c i  1.90 35 20 11 899 23476 6984 40% 7 122719 5987 59%
c i  1.91 35 20 11 917 23808 7216 40% 7 122719 5986 59%
c i  1.93 35 20 11 923 24164 7517 40% 7 122719 5985 59%
c i  1.94 35 20 11 951 24440 7715 40% 7 122719 5984 59%
c i  1.96 35 21 11 965 24763 7957 40% 7 122719 5983 59%
c i  1.98 35 21 11 980 25149 8227 40% 7 122719 5982 59%
c 
c  seconds  reductions    redundant  irredundant
c         MB     restarts        trail      variables
c          level     conflicts       glue        remaining
c 
c i  1.98 35 21 11 989 25232 8260 40% 7 122719 5981 59%
c i  1.99 35 21 11 990 25450 8409 40% 7 122719 5980 59%
c -  2.01 35 21 12 1008 25628 5545 40% 7 122152 5980 59%
c s  2.03 35 21 12 1017 25712 5543 40% 7 122151 5980 59%
c w  2.05 35 21 12 1017 25712 5542 40% 7 122151 5980 59%
c e  2.07 35 21 12 1017 25712 5525 40% 7 122137 5953 59%
c s  2.07 35 21 12 1017 25712 5515 40% 7 122137 5953 59%
c ^  2.08 35 21 12 1017 25712 5515 40% 7 122137 5953 59%
c i  2.10 35 21 12 1035 26136 5837 40% 7 122137 5952 59%
c i  2.11 35 21 12 1048 26413 6045 40% 7 122137 5951 59%
c i  2.12 35 21 12 1066 26676 6198 39% 7 122137 5950 59%
c i  2.14 35 21 12 1085 27027 6432 39% 7 122137 5949 59%
c i  2.14 35 21 12 1098 27133 6517 39% 7 122137 5948 59%
c i  2.14 35 21 12 1098 27201 6577 39% 7 122137 5947 59%
c i  2.16 35 21 12 1124 27533 6832 39% 7 122137 5946 59%
c i  2.18 35 21 12 1143 27809 6983 39% 7 122137 5945 59%
c i  2.19 35 21 12 1149 27995 7107 39% 7 122137 5944 59%
c F  2.19 35 21 12 1149 28015 7124 39% 7 122137 5944 59%
c i  2.20 35 21 12 1163 28156 7224 39% 7 122137 5943 59%
c i  2.20 35 21 12 1164 28344 7360 39% 7 122137 5942 59%
c 
c  seconds  reductions     redundant  irredundant
c         MB     restarts         trail      variables
c          level      conflicts       glue        remaining
c 
c i  2.21 35 21 12 1168 28466 7452 39% 7 122137 5941 58%
c i  2.23 35 21 12 1218 28961 7795 39% 7 122137 5940 58%
c i  2.25 35 21 12 1240 29253 7998 39% 7 122137 5939 58%
c i  2.26 35 21 12 1265 29573 8206 39% 7 122137 5938 58%
c -  2.29 35 21 13 1269 29866 5570 39% 7 121422 5938 58%
c 2  2.31 35 21 13 1272 30005 5704 39% 7 121422 5938 58%
c p  2.38 35 21 13 1272 30005 90747 39% 7 121422 5930 58%
c d  2.38 35 21 13 1272 30005 89227 39% 7 121037 5928 58%
c i  2.40 35 20 13 1272 30167 89324 39% 7 121037 5927 58%
c i  2.41 35 20 13 1288 30462 89526 39% 7 121037 5926 58%
c i  2.44 35 21 13 1337 30825 89791 39% 7 121037 5925 58%
c i  2.45 35 21 13 1355 30959 89863 39% 7 121037 5924 58%
c }  2.45 35 21 13 1359 31014 89887 39% 7 121037 5924 58%
c [  2.45 35 50 13 1359 31014 89887 36% 20 121037 5924 58%
c i  2.46 35 50 13 1359 31125 89972 36% 20 121037 5923 58%
c -  2.70 31 47 14 1360 34420 17827 35% 20 120802 5923 58%
c B  2.81 31 45 14 1362 36017 18996 35% 19 120802 5923 58%
c i  2.91 31 43 14 1362 37224 19885 35% 19 120802 5779 57%
c i  2.92 31 43 14 1362 37390 20021 35% 19 120802 5778 57%
c i  2.92 31 43 14 1362 37438 20054 35% 19 120802 5777 57%
c 
c  seconds  reductions      redundant   irredundant
c         MB     restarts          trail       variables
c          level      conflicts        glue         remaining
c 
c i  2.92 31 43 14 1362 37500 20104 35% 19 120802 5776 57%
c i  2.93 31 43 14 1362 37557 20133 35% 19 120802 5775 57%
c i  2.93 31 43 14 1362 37590 20156 35% 19 120802 5772 57%
c i  2.97 31 42 14 1363 38174 20548 35% 19 120802 4841 48%
c ]  3.00 28 42 14 1363 38215 6155 26% 19 80031 3296 32%
c 0  3.00 28 42 14 1363 38215 6155 26% 19 80031 3296 32%
c 
c --- [ closing proof ] ------------------------------------------------------
c 
c DRAT proof file '/tmp/conway99-six-profile-rank4_08_profile_0246-czuf3C/proof.drat' closed
c DRAT 312693 added clauses 43.98%
c DRAT 398344 deleted clauses 56.02%
c DRAT 26532536 bytes (25.30 MB)
c 
c --- [ result ] -------------------------------------------------------------
c 
s UNSATISFIABLE
c 
c --- [ run-time profiling ] -------------------------------------------------
c 
c process time taken by individual solving procedures
c (percentage relative to process time for solving)
c 
c         2.50   86.08% search
c         1.23   42.11% unstable
c         1.20   41.15% stable
c         0.40   13.89% simplify
c         0.20    7.00% probe
c         0.09    3.03% parse
c         0.08    2.76% walk
c         0.04    1.53% subsume
c         0.04    1.38% elim
c         0.03    0.92% vivify
c         0.02    0.78% ternary
c         0.00    0.06% lucky
c   =================================
c         2.91   97.01% solve
c 
c last line shows process time for solving
c (percentage relative to total process time)
c 
c --- [ statistics ] ---------------------------------------------------------
c 
c chronological:             14399        37.68 %  of conflicts
c conflicts:                 38215     13134.32    per second
c decisions:                103506     35574.52    per second
c eliminated:                 1222        12.03 %  of all variables
c fixed:                      5574        54.88 %  of all variables
c learned:                   35829        93.76 %  per conflict
c learned_lits:            3127090       100.00 %  learned literals
c minimized:                     0         0.00 %  learned literals
c shrunken:                1516627        48.50 %  learned literals
c minishrunken:             378846        12.11 %  learned literals
c otfs:                        159         0.42 %  of conflict
c propagations:           25638172         8.81 M  per second
c reduced:                    9657        25.27 %  per conflict
c rephased:                      8      4776.88    interval
c restarts:                   1363        28.04    interval
c stabilizing:                   3        45.01 %  of conflicts
c substituted:                  64         0.63 %  of all variables
c subsumed:                   9362         2.23 %  of all clauses
c strengthened:               1591         0.38 %  of all clauses
c ternary:                      42         0.41 %  of resolved
c trail reuses:                  0         0.00 %  of incremental calls
c vivified:                     14         0.00 %  of all clauses
c walked:                        1     38215.00    interval
c weakened:                   3786         2.32    average size
c 
c seconds are measured in process time for solving
c 
c --- [ resources ] ----------------------------------------------------------
c 
c total process time since initialization:         3.00    seconds
c total real time since initialization:            3.68    seconds
c maximum resident set size of process:           40.28    MB
c 
c --- [ shutting down ] ------------------------------------------------------
c 
c exit 20
