c --- [ banner ] -------------------------------------------------------------
c 
c CaDiCaL SAT Solver
c Copyright (c) 2016-2023 A. Biere, M. Fleury, N. Froleyks, K. Fazekas, F. Pollitt
c 
c Version 1.9.5 146207318796f094dcded87349a64f0c6927309e
c g++ (Ubuntu 13.3.0-6ubuntu2~24.04.1) 13.3.0 -Wall -Wextra -O3 -DNDEBUG
c Wed Sep 30 06:02:32 JST 2026 Linux ikutoPC 6.6.87.2-microsoft-standard-WSL2 x86_64
c 
c --- [ limit ] --------------------------------------------------------------
c 
c setting conflict limit to 1000000 conflicts (due to '1000000')
c 
c --- [ proof tracing ] ------------------------------------------------------
c 
c opening file to write '/tmp/conway99-seven-profile-rank5_190_profile_0000-IjuVmN/proof.drat'
c writing non-binary proof trace to '/tmp/conway99-seven-profile-rank5_190_profile_0000-IjuVmN/proof.drat'
c 
c --- [ parsing input ] ------------------------------------------------------
c 
c reading DIMACS file from '/mnt/c/Users/ikuto/projects/conway-99-graph/acceleration/results/20260930_hadamard_seven_remaining_cnfs/run02/rank5_190_profile_0000/instance.cnf'
c opening file to read '/mnt/c/Users/ikuto/projects/conway-99-graph/acceleration/results/20260930_hadamard_seven_remaining_cnfs/run02/rank5_190_profile_0000/instance.cnf'
c found 'p cnf 9952 172414' header
c parsed 172414 clauses in 0.07 seconds process time
c 
c --- [ options ] ------------------------------------------------------------
c 
c   --binary=false                 (different from default 'true')
c 
c --- [ solving ] ------------------------------------------------------------
c 
c time measured in process time since initialization
c 
c  seconds  reductions  redundant  irredundant
c         MB    restarts       trail      variables
c          level   conflicts       glue        remaining
c 
c *  0.07 18  0 0   0    0    0  0% 0 122670 7052 71%
c {  0.07 19  0 0   0    0    0  0% 0 122670 7052 71%
c i  0.09 20 25 0   5  267  232 57% 5 122670 7051 71%
c i  0.09 20 25 0   5  268  232 57% 5 122670 7050 71%
c -  0.09 20 29 1   8  300  260 58% 5 122470 7050 71%
c i  0.10 20 26 1   8  361  295 57% 5 122470 7049 71%
c i  0.10 20 24 1  19  541  390 59% 5 122470 7048 71%
c i  0.10 20 24 1  19  542  390 59% 5 122470 7047 71%
c i  0.10 20 24 1  20  543  390 58% 5 122470 7045 71%
c i  0.10 20 24 1  20  546  392 58% 5 122470 7044 71%
c i  0.10 20 24 1  21  548  393 58% 5 122470 7043 71%
c i  0.11 20 24 1  28  575  412 58% 6 122470 7041 71%
c i  0.11 20 24 1  28  576  412 58% 6 122470 7040 71%
c i  0.11 20 24 1  28  577  412 58% 6 122470 7039 71%
c i  0.12 20 21 1  52  846  588 57% 6 122470 7038 71%
c i  0.12 20 20 1  52  940  639 57% 6 122470 7037 71%
c -  0.13 25 20 2  52  952  422 57% 6 121953 7037 71%
c }  0.14 25 20 2  52 1000  470 57% 6 121953 7037 71%
c [  0.14 25  0 2  52 1000  470  0% 0 121953 7037 71%
c O  0.14 25 92 2  52 1003  473 60% 2 121953 7037 71%
c 
c  seconds  reductions  redundant  irredundant
c         MB    restarts       trail      variables
c          level   conflicts       glue        remaining
c 
c i  0.14 25 17 2  52 1036  491 53% 3 121953 7036 71%
c i  0.14 25 19 2  52 1057  506 54% 4 121953 7035 71%
c i  0.16 25 32 2  52 1612  989 53% 10 121953 7032 71%
c i  0.17 25 34 2  52 1665 1028 53% 10 121953 7031 71%
c -  0.19 26 31 3  52 1930 1109 53% 10 121758 7031 71%
c i  0.19 26 30 3  52 2004 1173 53% 10 121758 7030 71%
c i  0.19 26 30 3  52 2005 1173 53% 10 121758 7027 71%
c i  0.19 26 30 3  52 2006 1173 53% 10 121758 7026 71%
c i  0.19 26 30 3  52 2007 1173 53% 10 121758 7025 71%
c ]  0.24 26 31 3  53 3001 2026 52% 11 121758 7025 71%
c {  0.24 26 20 3  53 3001 2026 57% 6 121758 7025 71%
c F  0.25 25 20 3  53 3004 2029 36% 6 121566 7025 71%
c i  0.25 25 19 3  53 3075 2077 33% 6 121566 7024 71%
c -  0.26 25 19 4  59 3233 1767 35% 6 121519 7024 71%
c i  0.27 25 18 4  59 3327 1831 35% 5 121519 7023 71%
c i  0.28 25 18 4  87 3588 2014 33% 6 121519 7022 71%
c i  0.30 25 19 4 106 4129 2443 36% 6 121519 7021 71%
c i  0.30 25 19 4 106 4131 2444 35% 6 121519 7020 71%
c i  0.30 25 21 4 106 4187 2495 35% 6 121519 7019 71%
c i  0.31 25 21 4 112 4243 2540 35% 6 121519 7018 71%
c 
c  seconds  reductions  redundant  irredundant
c         MB    restarts       trail      variables
c          level   conflicts       glue        remaining
c 
c i  0.32 25 21 4 155 4662 2833 35% 6 121519 7017 71%
c -  0.34 25 22 5 166 4886 1495 36% 6 121190 7017 71%
c i  0.35 25 21 5 167 4988 1560 36% 6 121190 7016 70%
c d  0.35 25 22 5 167 5000 1418 36% 6 121013 6951 70%
c d  0.35 25 22 5 167 5000 1418 36% 6 121011 6950 70%
c p  0.42 26 22 5 167 5000 82081 36% 6 121011 6883 69%
c d  0.42 26 22 5 167 5000 79615 36% 6 118161 6871 69%
c d  0.43 26 22 5 167 5000 79615 36% 6 118049 6815 68%
c i  0.44 26 21 5 174 5209 79744 36% 6 118049 6814 68%
c i  0.46 26 21 5 228 5589 80012 36% 6 118049 6798 68%
c #  0.48 26 21 5 288 6005 80307 36% 6 118049 6798 68%
c i  0.49 26 20 5 293 6177 80428 36% 6 118049 6797 68%
c i  0.50 26 20 5 308 6360 80535 36% 6 118049 6796 68%
c i  0.50 26 20 5 308 6432 80585 36% 6 118049 6795 68%
c -  0.54 31 20 6 357 6838 7346 35% 6 117184 6795 68%
c }  0.54 31 21 6 383 7002 7462 35% 6 117184 6795 68%
c [  0.54 31 31 6 383 7002 7462 73% 11 117184 6795 68%
c i  0.56 31 30 6 384 7271 7654 69% 11 117184 6787 68%
c i  0.59 31 31 6 384 7847 8049 62% 12 117184 6775 68%
c s  0.63 32 39 6 384 8242 8322 58% 15 115300 6775 68%
c 
c  seconds  reductions  redundant   irredundant
c         MB    restarts       trail       variables
c          level   conflicts       glue         remaining
c 
c v  0.64 32 39 6 384 8242 8322 58% 15 115274 6775 68%
c w  0.64 32 39 6 384 8242 8320 58% 15 115274 6775 68%
c t  0.65 32 39 6 384 8242 8320 58% 15 115273 6774 68%
c e  0.67 33 39 6 384 8242 7461 58% 15 113491 5649 57%
c s  0.68 33 39 6 384 8242 7445 58% 15 113491 5649 57%
c e  0.68 33 39 6 384 8242 7441 58% 15 113456 5648 57%
c -  0.74 33 39 7 384 9082 4479 39% 15 113456 5648 57%
c I  0.80 33 37 7 385 10009 5240 38% 15 113456 5648 57%
c i  0.83 33 36 7 386 10411 5552 38% 14 113456 4891 49%
c i  0.83 33 35 7 386 10496 5609 38% 14 113456 4248 43%
c ]  0.83 33 35 7 386 10500 5610 38% 14 113456 3402 34%
c 0  0.83 33 35 7 386 10500 5610 38% 14 113456 3402 34%
c 
c --- [ closing proof ] ------------------------------------------------------
c 
c DRAT proof file '/tmp/conway99-seven-profile-rank5_190_profile_0000-IjuVmN/proof.drat' closed
c DRAT 107582 added clauses 40.87%
c DRAT 155639 deleted clauses 59.13%
c DRAT 7923796 bytes (7.56 MB)
c 
c --- [ result ] -------------------------------------------------------------
c 
s UNSATISFIABLE
c 
c --- [ run-time profiling ] -------------------------------------------------
c 
c process time taken by individual solving procedures
c (percentage relative to process time for solving)
c 
c         0.61   80.53% search
c         0.33   42.59% stable
c         0.29   37.62% unstable
c         0.15   19.36% simplify
c         0.07    9.18% parse
c         0.06    7.64% probe
c         0.03    3.63% elim
c         0.02    2.34% subsume
c         0.01    1.53% vivify
c         0.01    0.96% ternary
c         0.00    0.31% lucky
c   =================================
c         0.76   91.50% solve
c 
c last line shows process time for solving
c (percentage relative to total process time)
c 
c --- [ statistics ] ---------------------------------------------------------
c 
c chronological:              4135        39.38 %  of conflicts
c conflicts:                 10500     13757.92    per second
c decisions:                 28893     37857.85    per second
c eliminated:                 1126        11.31 %  of all variables
c fixed:                      5290        53.16 %  of all variables
c learned:                    9773        93.08 %  per conflict
c learned_lits:             807433       100.00 %  learned literals
c minimized:                     0         0.00 %  learned literals
c shrunken:                 355156        43.99 %  learned literals
c minishrunken:             117965        14.61 %  learned literals
c otfs:                         54         0.51 %  of conflict
c propagations:            7764121        10.17 M  per second
c reduced:                    1801        17.15 %  per conflict
c rephased:                      4      2625.00    interval
c restarts:                    386        27.20    interval
c stabilizing:                   2        52.36 %  of conflicts
c substituted:                 134         1.35 %  of all variables
c subsumed:                   3774         1.71 %  of all clauses
c strengthened:                484         0.22 %  of all clauses
c ternary:                       1         0.02 %  of resolved
c trail reuses:                  0         0.00 %  of incremental calls
c vivified:                     30         0.01 %  of all clauses
c weakened:                   3648         2.31    average size
c 
c seconds are measured in process time for solving
c 
c --- [ resources ] ----------------------------------------------------------
c 
c total process time since initialization:         0.83    seconds
c total real time since initialization:            1.58    seconds
c maximum resident set size of process:           32.63    MB
c 
c --- [ shutting down ] ------------------------------------------------------
c 
c exit 20
