c --- [ banner ] -------------------------------------------------------------
c 
c CaDiCaL SAT Solver
c Copyright (c) 2016-2023 A. Biere, M. Fleury, N. Froleyks, K. Fazekas, F. Pollitt
c 
c Version 1.9.5 146207318796f094dcded87349a64f0c6927309e
c g++ (Ubuntu 13.3.0-6ubuntu2~24.04.1) 13.3.0 -Wall -Wextra -O3 -DNDEBUG
c Wed Sep 30 06:02:32 JST 2026 Linux ikutoPC 6.6.87.2-microsoft-standard-WSL2 x86_64
c 
c --- [ limit ] --------------------------------------------------------------
c 
c setting conflict limit to 1000000 conflicts (due to '1000000')
c 
c --- [ proof tracing ] ------------------------------------------------------
c 
c opening file to write '/tmp/conway99-six-profile-rank4_00_profile_0041-pqNMiF/proof.drat'
c writing non-binary proof trace to '/tmp/conway99-six-profile-rank4_00_profile_0041-pqNMiF/proof.drat'
c 
c --- [ parsing input ] ------------------------------------------------------
c 
c reading DIMACS file from '/mnt/c/Users/ikuto/projects/conway-99-graph/acceleration/results/20260930_hadamard_six_remaining_cnfs/run01/rank4_00_profile_0041/instance.cnf'
c opening file to read '/mnt/c/Users/ikuto/projects/conway-99-graph/acceleration/results/20260930_hadamard_six_remaining_cnfs/run01/rank4_00_profile_0041/instance.cnf'
c found 'p cnf 10048 174766' header
c parsed 174766 clauses in 0.08 seconds process time
c 
c --- [ options ] ------------------------------------------------------------
c 
c   --binary=false                 (different from default 'true')
c 
c --- [ solving ] ------------------------------------------------------------
c 
c time measured in process time since initialization
c 
c  seconds  reductions  redundant  irredundant
c         MB    restarts       trail      variables
c          level   conflicts       glue        remaining
c 
c *  0.08 18  0 0   0    0    0  0% 0 125011 7152 71%
c {  0.08 19  0 0   0    0    0  0% 0 125011 7152 71%
c -  0.11 20 21 1  12  302  245 55% 6 124753 7152 71%
c -  0.15 25 19 2  38  960  733 57% 6 124753 7152 71%
c }  0.15 25 19 2  42 1001  765 56% 6 124753 7152 71%
c [  0.15 25  0 2  42 1001  765  0% 0 124753 7152 71%
c O  0.15 25  0 2  42 1002  765 34% 0 124753 7152 71%
c i  0.15 25  0 2  42 1002  765 34% 0 124753 7150 71%
c i  0.16 25 33 2  42 1199  927 52% 13 124753 7138 71%
c i  0.19 25 58 2  42 1663 1304 51% 22 124753 7137 71%
c i  0.19 25 57 2  42 1675 1312 51% 22 124753 7111 71%
c -  0.22 26 48 3  42 1946 1360 52% 19 123293 7111 71%
c i  0.22 26 48 3  42 1947 1360 52% 19 123293 7110 71%
c i  0.22 26 48 3  42 1948 1360 52% 19 123293 7106 71%
c i  0.27 26 34 3  43 2736 1963 53% 15 123293 6065 60%
c i  0.28 23 34 3  43 2777  645 24% 15 87487 6064 60%
c i  0.29 23 33 3  43 2833  671 26% 14 87487 4839 48%
c ]  0.29 23 33 3  43 2836  671 25% 14 87487 4709 47%
c 0  0.29 23 33 3  43 2836  671 25% 14 87487 4709 47%
c 
c --- [ closing proof ] ------------------------------------------------------
c 
c DRAT proof file '/tmp/conway99-six-profile-rank4_00_profile_0041-pqNMiF/proof.drat' closed
c DRAT 12573 added clauses 11.82%
c DRAT 93841 deleted clauses 88.18%
c DRAT 3582926 bytes (3.42 MB)
c 
c --- [ result ] -------------------------------------------------------------
c 
s UNSATISFIABLE
c 
c --- [ run-time profiling ] -------------------------------------------------
c 
c process time taken by individual solving procedures
c (percentage relative to process time for solving)
c 
c         0.21   99.46% search
c         0.14   65.85% stable
c         0.08   39.34% parse
c         0.07   32.97% unstable
c         0.00    0.61% lucky
c         0.00    0.00% simplify
c   =================================
c         0.21   71.55% solve
c 
c last line shows process time for solving
c (percentage relative to total process time)
c 
c --- [ statistics ] ---------------------------------------------------------
c 
c chronological:              1147        40.44 %  of conflicts
c conflicts:                  2836     13644.19    per second
c decisions:                  7016     33754.46    per second
c fixed:                      5339        53.13 %  of all variables
c learned:                    2680        94.50 %  per conflict
c learned_lits:             219708       100.00 %  learned literals
c minimized:                     0         0.00 %  learned literals
c shrunken:                  84329        38.38 %  learned literals
c minishrunken:              34639        15.77 %  learned literals
c otfs:                         25         0.88 %  of conflict
c propagations:            1695838         8.16 M  per second
c reduced:                     206         7.26 %  per conflict
c rephased:                      1      2836.00    interval
c restarts:                     43        65.95    interval
c stabilizing:                   1        64.67 %  of conflicts
c subsumed:                    423         0.33 %  of all clauses
c strengthened:                 24         0.02 %  of all clauses
c trail reuses:                  0         0.00 %  of incremental calls
c 
c seconds are measured in process time for solving
c 
c --- [ resources ] ----------------------------------------------------------
c 
c total process time since initialization:         0.29    seconds
c total real time since initialization:            0.97    seconds
c maximum resident set size of process:           29.84    MB
c 
c --- [ shutting down ] ------------------------------------------------------
c 
c exit 20
