c --- [ banner ] -------------------------------------------------------------
c 
c CaDiCaL SAT Solver
c Copyright (c) 2016-2023 A. Biere, M. Fleury, N. Froleyks, K. Fazekas, F. Pollitt
c 
c Version 1.9.5 146207318796f094dcded87349a64f0c6927309e
c g++ (Ubuntu 13.3.0-6ubuntu2~24.04.1) 13.3.0 -Wall -Wextra -O3 -DNDEBUG
c Wed Sep 30 06:02:32 JST 2026 Linux ikutoPC 6.6.87.2-microsoft-standard-WSL2 x86_64
c 
c --- [ limit ] --------------------------------------------------------------
c 
c setting conflict limit to 1000000 conflicts (due to '1000000')
c 
c --- [ proof tracing ] ------------------------------------------------------
c 
c opening file to write '/tmp/conway99-exact-eight-0073-laNPlJ/proof.drat'
c writing non-binary proof trace to '/tmp/conway99-exact-eight-0073-laNPlJ/proof.drat'
c 
c --- [ parsing input ] ------------------------------------------------------
c 
c reading DIMACS file from '/mnt/c/Users/ikuto/projects/conway-99-graph/acceleration/results/20260930_exact_eight_next64_cnfs_part01/case_0073/instance.cnf'
c opening file to read '/mnt/c/Users/ikuto/projects/conway-99-graph/acceleration/results/20260930_exact_eight_next64_cnfs_part01/case_0073/instance.cnf'
c found 'p cnf 9748 167416' header
c parsed 167416 clauses in 0.07 seconds process time
c 
c --- [ options ] ------------------------------------------------------------
c 
c   --binary=false                 (different from default 'true')
c 
c --- [ solving ] ------------------------------------------------------------
c 
c time measured in process time since initialization
c 
c  seconds  reductions  redundant  irredundant
c         MB    restarts       trail      variables
c          level   conflicts       glue        remaining
c 
c *  0.07 17  0 0   0    0    0  0% 0 117488 6820 70%
c {  0.07 18  0 0   0    0    0  0% 0 117488 6820 70%
c i  0.07 18 24 0   0   10    7 40% 4 117488 6819 70%
c i  0.08 18 32 0  11  140  132 56% 8 117488 6818 70%
c i  0.08 19 33 0  11  163  148 55% 7 117488 6817 70%
c i  0.08 19 33 0  11  164  148 55% 7 117488 6815 70%
c i  0.08 19 33 0  11  165  148 55% 7 117488 6814 70%
c i  0.08 19 34 0  11  166  148 55% 7 117488 6813 70%
c i  0.08 19 34 0  11  167  148 55% 7 117488 6812 70%
c i  0.08 19 34 0  11  168  148 55% 7 117488 6810 70%
c -  0.09 19 34 1  25  302  248 56% 8 116978 6810 70%
c i  0.09 19 32 1  28  470  371 56% 7 116978 6809 70%
c i  0.09 19 33 1  28  473  371 56% 7 116978 6806 70%
c i  0.10 19 32 1  39  607  440 55% 7 116978 6805 70%
c i  0.10 19 32 1  39  608  440 55% 7 116978 6803 70%
c i  0.10 19 31 1  39  609  440 55% 7 116978 6710 69%
c i  0.10 19 36 1  44  739  554 55% 7 116978 6709 69%
c i  0.10 19 36 1  44  741  555 55% 7 116978 6708 69%
c i  0.11 19 35 1  51  793  591 55% 7 116978 6707 69%
c i  0.11 19 32 1  61  928  693 55% 7 116978 6706 69%
c 
c  seconds  reductions  redundant  irredundant
c         MB    restarts       trail      variables
c          level   conflicts       glue        remaining
c 
c -  0.12 23 32 2  61  942  447 55% 7 112496 6706 69%
c }  0.13 23 32 2  61 1018  497 55% 8 112496 6706 69%
c [  0.13 23  0 2  61 1018  497  0% 0 112496 6706 69%
c O  0.13 23  0 2  61 1019  497 39% 0 112496 6706 69%
c i  0.13 23  0 2  61 1019  497 39% 0 112496 6704 69%
c i  0.13 23 12 2  61 1021  497 38% 0 112496 6691 69%
c i  0.13 23 67 2  61 1048  510 56% 2 112496 6685 69%
c i  0.16 23 47 2  61 1661 1017 56% 5 112496 6623 68%
c i  0.16 23 44 2  61 1783 1119 56% 5 112496 6621 68%
c i  0.16 23 43 2  61 1803 1137 56% 5 112496 6620 68%
c i  0.16 23 43 2  61 1807 1140 56% 6 112496 6619 68%
c i  0.16 23 43 2  61 1808 1140 56% 5 112496 6618 68%
c -  0.17 24 42 3  61 1888 1063 56% 6 108835 6618 68%
c i  0.18 24 42 3  61 1921 1094 56% 6 108835 6617 68%
c i  0.18 24 41 3  61 1958 1116 56% 6 108835 6616 68%
c i  0.19 24 38 3  61 2070 1210 56% 6 108835 6613 68%
c i  0.19 24 37 3  61 2085 1219 56% 6 108835 6612 68%
c ]  0.20 24 37 3  62 2102 1217 29% 6 108553 6610 68%
c 0  0.20 24 37 3  62 2102 1217 29% 6 108553 6610 68%
c 
c --- [ closing proof ] ------------------------------------------------------
c 
c DRAT proof file '/tmp/conway99-exact-eight-0073-laNPlJ/proof.drat' closed
c DRAT 7565 added clauses 10.86%
c DRAT 62072 deleted clauses 89.14%
c DRAT 2159325 bytes (2.06 MB)
c 
c --- [ result ] -------------------------------------------------------------
c 
s UNSATISFIABLE
c 
c --- [ run-time profiling ] -------------------------------------------------
c 
c process time taken by individual solving procedures
c (percentage relative to process time for solving)
c 
c         0.13   99.48% search
c         0.07   53.41% stable
c         0.07   50.85% parse
c         0.06   45.27% unstable
c         0.00    0.74% lucky
c         0.00    0.00% simplify
c   =================================
c         0.13   66.04% solve
c 
c last line shows process time for solving
c (percentage relative to total process time)
c 
c --- [ statistics ] ---------------------------------------------------------
c 
c chronological:               961        45.72 %  of conflicts
c conflicts:                  2102     16189.90    per second
c decisions:                  7353     56633.86    per second
c fixed:                      3138        32.19 %  of all variables
c learned:                    1933        91.96 %  per conflict
c learned_lits:             121587       100.00 %  learned literals
c minimized:                     0         0.00 %  learned literals
c shrunken:                  46760        38.46 %  learned literals
c minishrunken:              23192        19.07 %  learned literals
c otfs:                         38         1.81 %  of conflict
c propagations:            1159372         8.93 M  per second
c reduced:                     212        10.09 %  per conflict
c rephased:                      1      2102.00    interval
c restarts:                     62        33.90    interval
c stabilizing:                   1        51.52 %  of conflicts
c subsumed:                    262         0.22 %  of all clauses
c strengthened:                 37         0.03 %  of all clauses
c trail reuses:                  0         0.00 %  of incremental calls
c 
c seconds are measured in process time for solving
c 
c --- [ resources ] ----------------------------------------------------------
c 
c total process time since initialization:         0.20    seconds
c total real time since initialization:            0.85    seconds
c maximum resident set size of process:           27.45    MB
c 
c --- [ shutting down ] ------------------------------------------------------
c 
c exit 20
