c --- [ banner ] -------------------------------------------------------------
c 
c CaDiCaL SAT Solver
c Copyright (c) 2016-2023 A. Biere, M. Fleury, N. Froleyks, K. Fazekas, F. Pollitt
c 
c Version 1.9.5 146207318796f094dcded87349a64f0c6927309e
c g++ (Ubuntu 13.3.0-6ubuntu2~24.04.1) 13.3.0 -Wall -Wextra -O3 -DNDEBUG
c Wed Sep 30 06:02:32 JST 2026 Linux ikutoPC 6.6.87.2-microsoft-standard-WSL2 x86_64
c 
c --- [ limit ] --------------------------------------------------------------
c 
c setting conflict limit to 1000000 conflicts (due to '1000000')
c 
c --- [ proof tracing ] ------------------------------------------------------
c 
c opening file to write '/tmp/conway99-exact-eight-0139-rA2nzq/proof.drat'
c writing non-binary proof trace to '/tmp/conway99-exact-eight-0139-rA2nzq/proof.drat'
c 
c --- [ parsing input ] ------------------------------------------------------
c 
c reading DIMACS file from '/mnt/c/Users/ikuto/projects/conway-99-graph/acceleration/results/20261001_exact_eight_prefix64_batch02_cnfs_part01/case_0139/instance.cnf'
c opening file to read '/mnt/c/Users/ikuto/projects/conway-99-graph/acceleration/results/20261001_exact_eight_prefix64_batch02_cnfs_part01/case_0139/instance.cnf'
c found 'p cnf 9748 167416' header
c parsed 167416 clauses in 0.06 seconds process time
c 
c --- [ options ] ------------------------------------------------------------
c 
c   --binary=false                 (different from default 'true')
c 
c --- [ solving ] ------------------------------------------------------------
c 
c time measured in process time since initialization
c 
c  seconds  reductions  redundant  irredundant
c         MB    restarts       trail      variables
c          level   conflicts       glue        remaining
c 
c *  0.06 17  0 0   0    0    0  0% 0 117462 6820 70%
c {  0.06 18  0 0   0    0    0  0% 0 117462 6820 70%
c -  0.08 19 36 1   4  300  251 53% 7 117342 6820 70%
c i  0.08 19 36 1   4  305  255 53% 7 117342 6819 70%
c i  0.10 19 26 1  26  812  641 53% 7 117342 6818 70%
c i  0.10 19 29 1  30  882  706 53% 8 117342 6817 70%
c i  0.10 19 29 1  30  883  706 53% 8 117342 6816 70%
c i  0.10 19 29 1  30  884  706 53% 8 117342 6815 70%
c i  0.10 19 29 1  31  885  706 53% 8 117342 6814 70%
c i  0.10 19 29 1  31  886  706 53% 8 117342 6813 70%
c i  0.10 19 29 1  31  887  706 53% 8 117342 6812 70%
c i  0.11 19 29 1  33  907  721 53% 8 117342 6811 70%
c -  0.12 24 30 2  37  947  513 53% 8 116910 6811 70%
c }  0.12 24 29 2  46 1009  563 53% 8 116910 6811 70%
c [  0.12 24  0 2  46 1009  563  0% 0 116910 6811 70%
c O  0.12 24  2 2  46 1010  564 68% 2 116910 6811 70%
c -  0.17 25 50 3  46 1910 1076 58% 18 116910 6811 70%
c ]  0.23 25 48 3  47 3015 2011 57% 16 116910 6811 70%
c {  0.23 25 29 3  47 3015 2011 53% 8 116910 6811 70%
c F  0.23 24 29 3  47 3016 2012 27% 8 116910 6811 70%
c 
c  seconds  reductions  redundant  irredundant
c         MB    restarts       trail      variables
c          level   conflicts       glue        remaining
c 
c i  0.23 24 28 3  47 3039 2026 27% 8 116910 6809 70%
c i  0.24 24 28 3  47 3061 2037 30% 7 116910 6808 70%
c -  0.25 24 28 4  59 3194 1640 32% 8 116814 6808 70%
c i  0.25 24 27 4  65 3213 1657 33% 8 116814 6807 70%
c i  0.26 24 28 4  65 3336 1758 35% 7 116814 6806 70%
c i  0.26 24 28 4  65 3337 1758 35% 7 116814 6805 70%
c i  0.26 24 28 4  65 3338 1758 35% 7 116814 6804 70%
c i  0.26 24 28 4  65 3339 1758 35% 7 116814 6803 70%
c i  0.26 24 28 4  65 3340 1758 35% 7 116814 6802 70%
c i  0.26 24 28 4  65 3341 1758 35% 7 116814 6799 70%
c i  0.26 24 26 4  68 3536 1870 36% 7 116814 6798 70%
c i  0.27 24 27 4  68 3555 1887 36% 7 116814 6796 70%
c i  0.28 24 27 4 115 3864 2135 34% 8 116814 6795 70%
c i  0.28 24 26 4 118 3938 2187 34% 8 116814 6794 70%
c i  0.28 24 26 4 118 3957 2196 34% 8 116814 6793 70%
c i  0.29 24 24 4 118 4166 2336 33% 7 116814 6792 70%
c i  0.29 24 24 4 118 4185 2352 33% 7 116814 6791 70%
c i  0.30 24 23 4 120 4421 2542 34% 7 116814 6790 70%
c i  0.30 24 23 4 120 4422 2542 34% 7 116814 6780 70%
c i  0.31 24 23 4 122 4655 2747 34% 7 116814 6779 70%
c 
c  seconds  reductions  redundant  irredundant
c         MB    restarts       trail      variables
c          level   conflicts       glue        remaining
c 
c -  0.32 24 24 5 134 4795 1632 34% 7 115770 6779 70%
c i  0.33 24 23 5 143 4884 1694 34% 7 115770 6778 70%
c i  0.33 24 23 5 143 4885 1694 34% 7 115770 6777 70%
c i  0.33 24 23 5 144 4927 1723 34% 7 115770 6776 70%
c i  0.33 24 23 5 147 4948 1738 34% 7 115770 6775 70%
c i  0.33 24 23 5 147 4964 1753 34% 7 115770 6774 69%
c i  0.33 24 23 5 147 4986 1762 34% 7 115770 6773 69%
c d  0.34 24 23 5 147 5000 1624 34% 7 115360 6708 69%
c d  0.34 24 23 5 147 5000 1624 34% 7 115348 6702 69%
c 3  0.34 24 23 5 147 5000 1640 34% 7 115348 6702 69%
c p  0.41 25 23 5 147 5000 87992 34% 7 115348 6439 66%
c d  0.42 26 23 5 147 5000 76983 34% 7 104417 6425 66%
c d  0.42 26 23 5 147 5000 76981 34% 7 103975 6204 64%
c i  0.43 26 23 5 160 5170 77074 34% 7 103975 6203 64%
c }  0.44 26 23 5 177 5241 77124 34% 7 103975 5989 61%
c 0  0.44 26 23 5 177 5241 77124 34% 7 103975 5989 61%
c 
c --- [ closing proof ] ------------------------------------------------------
c 
c DRAT proof file '/tmp/conway99-exact-eight-0139-rA2nzq/proof.drat' closed
c DRAT 103385 added clauses 63.36%
c DRAT 59794 deleted clauses 36.64%
c DRAT 4587625 bytes (4.38 MB)
c 
c --- [ result ] -------------------------------------------------------------
c 
s UNSATISFIABLE
c 
c --- [ run-time profiling ] -------------------------------------------------
c 
c process time taken by individual solving procedures
c (percentage relative to process time for solving)
c 
c         0.29   76.37% search
c         0.18   47.80% unstable
c         0.11   28.14% stable
c         0.09   23.32% simplify
c         0.06   16.40% probe
c         0.06   15.81% parse
c         0.01    1.85% ternary
c         0.00    0.41% lucky
c   =================================
c         0.38   86.23% solve
c 
c last line shows process time for solving
c (percentage relative to total process time)
c 
c --- [ statistics ] ---------------------------------------------------------
c 
c chronological:              2230        42.55 %  of conflicts
c conflicts:                  5241     13877.45    per second
c decisions:                 15965     42273.14    per second
c fixed:                      3453        35.42 %  of all variables
c learned:                    4889        93.28 %  per conflict
c learned_lits:             365785       100.00 %  learned literals
c minimized:                     0         0.00 %  learned literals
c shrunken:                 186773        51.06 %  learned literals
c minishrunken:              38574        10.55 %  learned literals
c otfs:                         35         0.67 %  of conflict
c propagations:            3736834         9.89 M  per second
c reduced:                    1368        26.10 %  per conflict
c rephased:                      2      2620.50    interval
c restarts:                    177        29.61    interval
c stabilizing:                   1        38.28 %  of conflicts
c substituted:                 306         3.14 %  of all variables
c subsumed:                    751         0.35 %  of all clauses
c strengthened:                 34         0.02 %  of all clauses
c ternary:                      18         0.25 %  of resolved
c trail reuses:                  0         0.00 %  of incremental calls
c weakened:                    612         2.00    average size
c 
c seconds are measured in process time for solving
c 
c --- [ resources ] ----------------------------------------------------------
c 
c total process time since initialization:         0.44    seconds
c total real time since initialization:            1.03    seconds
c maximum resident set size of process:           29.04    MB
c 
c --- [ shutting down ] ------------------------------------------------------
c 
c exit 20
