c --- [ banner ] -------------------------------------------------------------
c 
c CaDiCaL SAT Solver
c Copyright (c) 2016-2023 A. Biere, M. Fleury, N. Froleyks, K. Fazekas, F. Pollitt
c 
c Version 1.9.5 146207318796f094dcded87349a64f0c6927309e
c g++ (Ubuntu 13.3.0-6ubuntu2~24.04.1) 13.3.0 -Wall -Wextra -O3 -DNDEBUG
c Wed Sep 30 06:02:32 JST 2026 Linux ikutoPC 6.6.87.2-microsoft-standard-WSL2 x86_64
c 
c --- [ limit ] --------------------------------------------------------------
c 
c setting conflict limit to 1000000 conflicts (due to '1000000')
c 
c --- [ proof tracing ] ------------------------------------------------------
c 
c opening file to write '/tmp/conway99-strengthened-four-irVyuy/a1_complement.drat'
c writing non-binary proof trace to '/tmp/conway99-strengthened-four-irVyuy/a1_complement.drat'
c 
c --- [ parsing input ] ------------------------------------------------------
c 
c reading DIMACS file from '/mnt/c/Users/ikuto/projects/conway-99-graph/acceleration/results/20260930_four_branch_strengthened_preparation/a1_complement/instance.cnf'
c opening file to read '/mnt/c/Users/ikuto/projects/conway-99-graph/acceleration/results/20260930_four_branch_strengthened_preparation/a1_complement/instance.cnf'
c found 'p cnf 1186500 4141120' header
c parsed 4141120 clauses in 2.03 seconds process time
c 
c --- [ options ] ------------------------------------------------------------
c 
c   --binary=false                 (different from default 'true')
c 
c --- [ solving ] ------------------------------------------------------------
c 
c time measured in process time since initialization
c 
c  seconds   reductions  redundant   irredundant
c          MB    restarts       trail        variables
c           level   conflicts       glue           remaining
c 
c *  2.03 612  0 0   0    0    0  0% 0 4131624 870495 73%
c {  2.07 619  0 0   0    0    0  0% 0 4131624 870495 73%
c -  3.54 652 199 1  43  302  274 38% 17 3172532 870495 73%
c i  4.97 654 165 1 100  737  683 39% 19 3172532 870494 73%
c }  5.62 654 155 1 132 1000  927 39% 20 3172532 870494 73%
c [  5.62 654  0 1 132 1000  927  0% 0 3172532 870494 73%
c O  5.63 654 79 1 132 1002  929 35% 9 3172532 870494 73%
c i  5.94 655 85 1 132 1259 1180 52% 26 3172532 870493 73%
c i  6.27 655 139 1 132 1462 1375 53% 46 3172532 870492 73%
c i  6.82 655 158 1 132 1739 1635 53% 53 3172532 870491 73%
c -  7.52 763 160 2 132 1805 1561 52% 53 3172516 870491 73%
c i  7.76 763 158 2 132 1863 1617 52% 54 3172516 870490 73%
c i  8.24 763 152 2 133 2101 1836 52% 54 3172516 870489 73%
c i  9.09 763 144 2 133 2467 2183 51% 54 3172516 870488 73%
c i  9.63 763 141 2 133 2701 2408 50% 52 3172516 870487 73%
c i  9.63 763 141 2 133 2702 2408 50% 52 3172516 870486 73%
c i  9.63 763 141 2 133 2703 2408 50% 52 3172516 870485 73%
c i  9.63 763 141 2 133 2704 2408 50% 52 3172516 870484 73%
c ] 10.12 763 139 2 133 3000 2698 50% 51 3172516 870484 73%
c { 10.12 763 155 2 133 3000 2698 39% 20 3172516 870484 73%
c 
c  seconds    reductions  redundant    irredundant
c          MB     restarts       trail         variables
c            level   conflicts       glue            remaining
c 
c F 11.32 736 154 2 133 3006 2704  5% 20 3172488 870484 73%
c i 11.56 737 151 2 139 3100 2792 25% 20 3172488 870483 73%
c i 12.84 737 145 2 181 3698 3360 19% 20 3172488 870481 73%
c - 13.96 761 144 3 212 4058 2792 19% 20 3172476 870481 73%
c i 14.11 761 144 3 217 4085 2816 19% 20 3172476 870480 73%
c i 14.60 761 145 3 241 4263 2983 19% 21 3172476 870479 73%
c s 15.82 725 145 3 261 4494 3199 19% 21 3168575 870479 73%
c v 16.78 765 145 3 261 4494 3199 19% 21 3168059 870479 73%
c w 16.94 765 145 3 261 4494 3199 19% 21 3168059 870479 73%
c t 17.02 765 145 3 261 4494 3199 19% 21 3168033 870443 73%
c e 20.73 785 145 3 261 4494   72 19% 21 2718076 414078 35%
c s 21.59 785 145 3 261 4494   70 19% 21 2702593 414078 35%
c e 22.19 785 145 3 261 4494   70 19% 21 2702108 413798 35%
c 2 24.77 785 145 3 297 5000 20743 16% 21 2702101 413798 35%
c p 25.07 786 145 3 297 5000 39717 16% 21 2702101 413798 35%
c # 26.60 810 141 3 380 6007 40683 13% 21 2702101 413798 35%
c } 27.77 810 139 3 470 7000 41621 12% 21 2702101 413798 35%
c [ 27.78 810 139 3 470 7000 41621 69% 51 2702101 413798 35%
c - 28.42 797 145 4 470 7059 3031 67% 50 2702101 413798 35%
c I 31.15 738 195 4 472 10009 5875 20% 59 2702101 413798 35%
c 
c  seconds    reductions   redundant    irredundant
c          MB     restarts        trail         variables
c            level    conflicts       glue            remaining
c 
c - 31.89 739 191 5 473 10707 4619 20% 57 2702101 413798 35%
c ] 36.43 739 164 5 475 15001 8688 22% 54 2702101 413798 35%
c { 36.43 739 139 5 475 15001 8688 25% 21 2702101 413798 35%
c d 36.65 739 139 5 476 15001 8688 25% 21 2702096 413797 35%
c p 37.46 739 139 5 476 15001 23580 25% 21 2702096 413797 35%
c B 37.64 739 139 5 478 15010 23589 25% 21 2702096 413797 35%
c - 37.95 740 139 6 481 15088 5765 25% 21 2702096 413797 35%
c s 38.43 668 139 6 503 15323 5983 24% 21 2701526 413797 35%
c v 39.72 668 139 6 503 15323 5983 24% 21 2701525 413797 35%
c w 39.88 668 139 6 503 15323 5983 24% 21 2701525 413797 35%
c t 39.99 668 139 6 503 15323 5983 24% 21 2701521 413797 35%
c e 40.26 668 139 6 503 15323 5953 24% 21 2700970 413454 35%
c s 40.32 668 139 6 503 15323 5947 24% 21 2700657 413454 35%
c e 40.55 668 139 6 503 15323 5944 24% 21 2700583 413405 35%
c - 45.48 667 135 7 850 20194 6684 20% 22 2700583 413405 35%
c W 46.53 667 134 7 890 21012 7462 20% 22 2700583 413405 35%
c - 51.10 668 133 8 1234 26029 8130 19% 22 2700583 413405 35%
c F 52.90 668 133 8 1368 28017 10006 19% 22 2700583 413405 35%
c d 54.29 668 130 8 1427 30001 11890 19% 22 2700572 413402 35%
c p 55.15 668 130 8 1427 30001 25796 19% 22 2700572 413402 35%
c 
c  seconds    reductions     redundant    irredundant
c          MB     restarts          trail         variables
c            level     conflicts        glue            remaining
c 
c } 56.14 668 130 8 1494 31001 26748 18% 22 2700572 413402 35%
c [ 56.14 668 164 8 1494 31001 26748 22% 54 2700572 413402 35%
c s 56.77 668 167 8 1494 31570 27148 22% 54 2700183 413402 35%
c v 58.16 668 167 8 1494 31570 27148 22% 54 2700175 413402 35%
c w 58.32 668 167 8 1494 31570 27148 22% 54 2700175 413402 35%
c e 58.87 668 167 8 1494 31570 26132 22% 54 2699770 413162 35%
c s 58.93 668 167 8 1494 31570 26055 22% 54 2699498 413162 35%
c e 59.18 668 167 8 1494 31570 25636 22% 54 2699423 413122 35%
c - 60.26 668 165 9 1494 32594 9549 22% 54 2699423 413122 35%
c B 63.57 668 156 9 1497 36023 12832 22% 54 2699423 413122 35%
c - 66.89 670 143 10 1500 39888 10757 22% 51 2699423 413122 35%
c W 71.90 670 136 10 1501 45024 15583 22% 52 2699423 413122 35%
c - 75.13 670 130 11 1502 47912 11510 21% 52 2699423 413122 35%
c d 77.22 670 127 11 1502 50008 13500 21% 52 2699407 413117 35%
c 2 77.78 670 127 11 1502 50008 13539 21% 52 2699387 413117 35%
c p 78.06 670 127 11 1502 50008 23369 21% 52 2699387 413117 35%
c s 80.89 670 124 11 1502 53237 26439 22% 51 2699284 413117 35%
c v 82.37 670 124 11 1502 53237 26439 22% 51 2699275 413117 35%
c w 82.57 670 124 11 1502 53237 26437 22% 51 2699275 413117 35%
c e 83.22 670 124 11 1502 53237 26427 22% 51 2699147 412998 35%
c 
c  seconds    reductions      redundant    irredundant
c          MB      restarts          trail         variables
c            level      conflicts        glue            remaining
c 
c s 83.25 670 124 11 1502 53237 26392 22% 51 2699103 412998 35%
c e 83.50 670 124 11 1502 53237 26387 22% 51 2699101 412989 35%
c O 84.83 670 123 11 1503 55025 28080 22% 50 2699101 412989 35%
c - 86.65 672 121 12 1505 56664 12944 22% 50 2699101 412989 35%
c ] 90.78 672 116 12 1509 63005 19057 23% 48 2699101 412989 35%
c { 90.78 672 130 12 1509 63005 19057 18% 22 2699101 412989 35%
c B 93.17 672 130 12 1700 66026 21917 18% 22 2699101 412989 35%
c - 93.62 672 130 13 1710 66146 13903 18% 22 2699101 412989 35%
c d 101.34 672 130 13 2264 75008 22284 18% 22 2699061 412981 35%
c 3 101.67 672 130 13 2264 75008 22372 18% 22 2699061 412981 35%
c p 102.50 672 130 13 2264 75008 48166 18% 22 2699061 412981 35%
c - 104.23 670 130 14 2373 76359 15104 18% 22 2699061 412981 35%
c W 106.21 670 130 14 2472 78027 16694 18% 22 2699060 412981 35%
c s 108.21 670 130 14 2619 80324 18818 18% 22 2698941 412981 35%
c v 109.69 670 130 14 2619 80324 18818 18% 22 2698880 412981 35%
c w 109.87 670 130 14 2619 80324 18818 18% 22 2698880 412981 35%
c t 110.16 670 130 14 2619 80324 18818 18% 22 2698845 412706 35%
c e 110.46 670 130 14 2619 80324 18798 18% 22 2696723 412305 35%
c s 110.53 670 130 14 2619 80324 18763 18% 22 2696362 412305 35%
c e 110.77 670 130 14 2619 80324 18763 18% 22 2696359 412299 35%
c 
c  seconds     reductions      redundant    irredundant
c           MB      restarts          trail         variables
c             level      conflicts        glue            remaining
c 
c i 116.18 670 130 14 3041 86088 24242 18% 22 2696359 412298 35%
c i 116.81 670 130 14 3095 86853 24947 18% 22 2696359 412297 35%
c i 116.88 670 129 14 3103 86963 25024 18% 22 2696359 412291 35%
c - 117.51 671 130 15 3117 87300 16814 18% 22 2696306 412291 35%
c i 120.11 671 129 15 3322 89949 19289 18% 23 2696306 412284 35%
c i 120.22 671 129 15 3333 90097 19425 18% 23 2696306 412282 35%
c i 120.24 671 129 15 3336 90110 19433 18% 23 2696306 412279 35%
c i 120.94 671 129 15 3386 90984 20261 18% 23 2696306 412278 35%
c # 120.98 671 129 15 3388 91028 20297 18% 23 2696306 412278 35%
c i 121.76 671 129 15 3458 91780 20986 18% 23 2696306 412276 35%
c i 121.76 671 129 15 3458 91783 20988 18% 23 2696306 412268 35%
c i 122.52 671 129 15 3503 92653 21796 18% 23 2696306 412263 35%
c i 125.46 671 129 15 3755 95570 24553 18% 23 2696306 412262 35%
c i 127.01 671 129 15 3870 97312 26182 18% 23 2696306 412257 35%
c - 129.05 671 129 16 4008 98968 18260 18% 23 2696080 412257 35%
c i 129.21 671 129 16 4019 99129 18412 18% 23 2696080 412256 35%
c i 129.29 671 129 16 4028 99192 18464 18% 23 2696080 412255 35%
c i 129.51 671 129 16 4041 99450 18712 18% 23 2696080 412254 35%
c i 129.87 671 129 16 4068 99825 19054 18% 23 2696080 412250 35%
c d 135.41 671 129 16 4476 105009 23927 18% 23 2695815 412204 35%
c 
c  seconds     reductions       redundant    irredundant
c           MB      restarts           trail         variables
c             level      conflicts         glue            remaining
c 
c 2 136.04 671 129 16 4476 105009 24013 18% 23 2695814 412204 35%
c p 136.57 671 129 16 4476 105009 46626 18% 23 2695814 412201 35%
c B 136.81 671 129 16 4478 105029 46642 18% 23 2695814 412201 35%
c i 138.03 671 129 16 4567 106297 47805 18% 23 2695814 412200 35%
c i 138.03 671 129 16 4567 106302 47806 18% 23 2695814 412196 35%
c i 138.19 671 129 16 4578 106486 47980 18% 23 2695814 412194 35%
c - 143.88 671 129 17 4951 111366 19872 18% 23 2695741 412194 35%
c i 144.46 671 129 17 4982 112064 20516 18% 23 2695741 412193 35%
c s 145.32 671 129 17 5016 112835 21166 18% 23 2695304 412193 35%
c v 147.05 671 129 17 5016 112835 21166 18% 23 2695197 412193 35%
c w 147.26 671 129 17 5016 112835 21165 18% 23 2695197 412193 35%
c t 147.89 671 129 17 5016 112835 21165 18% 23 2695196 412193 35%
c e 148.19 671 129 17 5016 112835 21094 18% 23 2694963 412014 35%
c s 148.23 671 129 17 5016 112835 21057 18% 23 2694844 412014 35%
c e 148.47 671 129 17 5016 112835 21051 18% 23 2694839 412011 35%
c i 152.41 671 129 17 5290 117144 25115 18% 23 2694839 412008 35%
c W 155.76 673 130 17 5488 120034 27850 18% 23 2694818 412008 35%
c - 159.46 671 130 18 5750 124498 21405 18% 23 2694818 412008 35%
c } 161.71 671 130 18 5879 127006 23778 18% 23 2694818 412008 35%
c [ 161.71 671 116 18 5879 127006 23778 23% 48 2694818 412008 35%
c 
c  seconds     reductions       redundant    irredundant
c           MB      restarts           trail         variables
c             level      conflicts         glue            remaining
c 
c B 168.32 671 131 18 5883 136037 32426 23% 51 2694818 412008 35%
c - 170.33 675 134 19 5885 138353 22933 23% 51 2694818 412008 35%
c d 172.16 675 135 19 5886 140012 24504 23% 52 2694795 412003 35%
c p 173.29 675 135 19 5886 140012 38423 23% 52 2694795 412001 35%
c s 183.74 675 130 19 5887 150770 48479 23% 52 2694697 412001 35%
c v 185.44 675 130 19 5887 150770 48479 23% 52 2694633 412001 35%
c w 185.63 675 130 19 5887 150770 48479 23% 52 2694633 412001 35%
c e 186.56 675 130 19 5887 150770 48363 23% 52 2694414 411853 35%
c s 186.59 675 130 19 5887 150770 48279 23% 52 2694319 411853 35%
c e 186.86 675 130 19 5887 150770 48260 23% 52 2694317 411848 35%
c - 189.14 675 131 20 5888 152936 23522 23% 52 2694317 411848 35%
c W 189.89 675 131 20 5888 153038 23622 23% 52 2694317 411848 35%
c i 197.51 675 129 20 5888 162445 32578 24% 52 2694317 411847 35%
c - 203.66 675 127 21 5888 168247 24103 24% 52 2694310 411847 35%
c I 205.75 675 128 21 5891 171039 26796 24% 52 2694310 411847 35%
c i 206.92 675 132 21 5892 172826 28502 24% 53 2694310 411846 35%
c d 211.96 675 133 21 5895 180012 35331 24% 53 2694289 411843 35%
c 2 212.59 675 133 21 5895 180012 35381 24% 53 2694287 411843 35%
c p 213.08 675 133 21 5895 180012 52285 24% 53 2694287 411821 35%
c - 217.40 676 132 22 5898 184288 25388 24% 53 2694106 411821 35%
c 
c  seconds     reductions       redundant    irredundant
c           MB      restarts           trail         variables
c             level      conflicts         glue            remaining
c 
c i 217.85 676 132 22 5898 185071 26137 24% 53 2694106 411820 35%
c B 222.41 676 131 22 5902 190041 30874 24% 53 2694106 411820 35%
c s 225.87 676 136 22 5903 194127 34794 23% 54 2694021 411820 35%
c v 227.57 676 136 22 5903 194127 34794 23% 54 2693993 411820 35%
c w 227.76 676 136 22 5903 194127 34794 23% 54 2693993 411820 35%
c e 228.69 676 136 22 5903 194127 34794 23% 54 2693846 411694 35%
c s 228.72 676 136 22 5903 194127 34775 23% 54 2693810 411694 35%
c e 228.98 676 136 22 5903 194127 34773 23% 54 2693807 411692 35%
c - 235.37 677 136 23 5903 201058 26896 23% 54 2693807 411692 35%
c W 243.08 677 134 23 5909 210045 35545 24% 54 2693807 411692 35%
c - 250.98 677 130 24 5913 218556 28600 24% 53 2693807 411692 35%
c p 256.50 677 128 24 5917 225012 72839 24% 52 2693807 411692 35%
c O 261.20 677 128 24 5918 231046 78584 24% 51 2693807 411692 35%
c - 265.12 677 124 25 5919 236783 29808 24% 50 2693807 411692 35%
c s 269.50 677 119 25 5919 242908 35665 24% 49 2693710 411692 35%
c v 271.17 677 119 25 5919 242908 35665 24% 49 2693694 411692 35%
c w 271.36 677 119 25 5919 242908 35664 24% 49 2693694 411692 35%
c e 272.31 677 119 25 5919 242908 35646 24% 49 2693519 411547 35%
c s 272.35 677 119 25 5919 242908 35602 24% 49 2693463 411547 35%
c e 272.59 677 119 25 5919 242908 35562 24% 49 2693414 411521 35%
c 
c  seconds     reductions       redundant    irredundant
c           MB      restarts           trail         variables
c             level      conflicts         glue            remaining
c 
c i 275.17 677 118 25 5919 246367 38876 24% 49 2693414 411519 35%
c B 279.99 677 118 25 5920 253050 45015 24% 49 2693414 411519 35%
c ] 281.29 677 120 25 5920 255008 46878 24% 50 2693414 411519 35%
c { 281.29 677 130 25 5920 255008 46878 18% 23 2693414 411519 35%
c - 282.35 677 130 26 5974 255739 30825 18% 23 2693400 411519 35%
c 
c caught signal 15 (SIGTERM)
c 
c --- [ result ] -------------------------------------------------------------
c 
c UNKNOWN
c 
c --- [ run-time profiling ] -------------------------------------------------
c 
c process time taken by individual solving procedures
c (percentage relative to process time for solving)
c 
c       239.46   85.23% search
c       146.17   52.03% stable
c        89.76   31.95% unstable
c        41.49   14.77% simplify
c        13.37    4.76% vivify
c         8.20    2.92% elim
c         4.46    1.59% ternary
c         3.52    1.25% probe
c         3.49    1.24% walk
c         3.02    1.07% subsume
c         2.03    0.72% parse
c         0.04    0.01% lucky
c   =================================
c       280.95   99.28% solve
c 
c last line shows process time for solving
c (percentage relative to total process time)
c 
c --- [ statistics ] ---------------------------------------------------------
c 
c chronological:             79081        30.82 %  of conflicts
c conflicts:                256598       913.31    per second
c decisions:               1180980      4203.46    per second
c eliminated:               458483        38.64 %  of all variables
c fixed:                    316427        26.67 %  of all variables
c learned:                  249247        97.14 %  per conflict
c learned_lits:           33478243       100.00 %  learned literals
c minimized:                     0         0.00 %  learned literals
c shrunken:                6099863        18.22 %  learned literals
c minishrunken:            3817261        11.40 %  learned literals
c otfs:                       1125         0.44 %  of conflict
c propagations:         2124743288         7.56 M  per second
c reduced:                  207759        80.97 %  per conflict
c rephased:                     22     11663.55    interval
c restarts:                   6021        42.62    interval
c stabilizing:                   4        66.25 %  of conflicts
c substituted:                  71         0.01 %  of all variables
c subsumed:                  30852         0.40 %  of all clauses
c strengthened:               8631         0.11 %  of all clauses
c ternary:                   20863         1.43 %  of resolved
c trail reuses:                  0         0.00 %  of incremental calls
c vivified:                   1624         0.02 %  of all clauses
c walked:                        6     42766.33    interval
c weakened:                1550618         2.42    average size
c 
c seconds are measured in process time for solving
c 
c --- [ resources ] ----------------------------------------------------------
c 
c total process time since initialization:       282.98    seconds
c total real time since initialization:          299.99    seconds
c maximum resident set size of process:          915.91    MB
c 
c raising signal 15 (SIGTERM)
