c --- [ banner ] -------------------------------------------------------------
c 
c CaDiCaL SAT Solver
c Copyright (c) 2016-2023 A. Biere, M. Fleury, N. Froleyks, K. Fazekas, F. Pollitt
c 
c Version 1.9.5 146207318796f094dcded87349a64f0c6927309e
c g++ (Ubuntu 13.3.0-6ubuntu2~24.04.1) 13.3.0 -Wall -Wextra -O3 -DNDEBUG
c Wed Sep 30 06:02:32 JST 2026 Linux ikutoPC 6.6.87.2-microsoft-standard-WSL2 x86_64
c 
c --- [ limit ] --------------------------------------------------------------
c 
c setting conflict limit to 1000000 conflicts (due to '1000000')
c 
c --- [ proof tracing ] ------------------------------------------------------
c 
c opening file to write '/tmp/conway99-seven-profile-rank5_144_profile_0005-EQGWod/proof.drat'
c writing non-binary proof trace to '/tmp/conway99-seven-profile-rank5_144_profile_0005-EQGWod/proof.drat'
c 
c --- [ parsing input ] ------------------------------------------------------
c 
c reading DIMACS file from '/mnt/c/Users/ikuto/projects/conway-99-graph/acceleration/results/20260930_hadamard_seven_remaining_cnfs/run01/rank5_144_profile_0005/instance.cnf'
c opening file to read '/mnt/c/Users/ikuto/projects/conway-99-graph/acceleration/results/20260930_hadamard_seven_remaining_cnfs/run01/rank5_144_profile_0005/instance.cnf'
c found 'p cnf 9880 170650' header
c parsed 170650 clauses in 0.07 seconds process time
c 
c --- [ options ] ------------------------------------------------------------
c 
c   --binary=false                 (different from default 'true')
c 
c --- [ solving ] ------------------------------------------------------------
c 
c time measured in process time since initialization
c 
c  seconds  reductions  redundant  irredundant
c         MB    restarts       trail      variables
c          level   conflicts       glue        remaining
c 
c *  0.07 18  0 0   0    0    0  0% 0 120750 6954 70%
c {  0.07 18  0 0   0    0    0  0% 0 120750 6954 70%
c i  0.07 18  8 0   0   12    8 35% 1 120750 6922 70%
c i  0.08 19 16 0   8  106   91 51% 4 120750 6921 70%
c i  0.08 19 16 0   8  107   91 51% 4 120750 6920 70%
c i  0.08 19 18 0   8  158  137 53% 4 120750 6918 70%
c i  0.08 19 19 0  10  170  146 53% 5 120750 6917 70%
c i  0.08 19 20 0  17  196  169 53% 5 120750 6916 70%
c -  0.09 19 20 1  20  301  230 53% 5 118986 6916 70%
c i  0.09 19 21 1  24  314  239 53% 5 118986 6915 70%
c i  0.09 19 21 1  24  315  239 53% 5 118986 6914 70%
c i  0.09 19 21 1  24  316  239 53% 5 118986 6913 70%
c i  0.09 19 21 1  25  317  239 53% 5 118986 6912 70%
c i  0.09 19 21 1  25  318  239 53% 5 118986 6911 70%
c i  0.09 19 21 1  25  319  239 53% 5 118986 6910 70%
c i  0.10 19 20 1  31  362  265 53% 5 118986 6909 70%
c i  0.10 19 22 1  34  408  293 52% 5 118986 6901 70%
c i  0.10 19 21 1  38  431  309 51% 5 118986 6827 69%
c i  0.10 19 21 1  40  438  307 51% 5 118986 6825 69%
c i  0.10 19 21 1  40  440  307 51% 5 118986 6824 69%
c 
c  seconds  reductions  redundant  irredundant
c         MB    restarts       trail      variables
c          level   conflicts       glue        remaining
c 
c i  0.10 19 20 1  40  466  325 51% 5 118986 6823 69%
c i  0.10 19 20 1  40  475  330 51% 5 118986 6822 69%
c }  0.10 19 19 1  40  489  339 51% 5 118986 6567 66%
c 0  0.10 19 19 1  40  489  339 51% 5 118986 6567 66%
c 
c --- [ closing proof ] ------------------------------------------------------
c 
c DRAT proof file '/tmp/conway99-seven-profile-rank5_144_profile_0005-EQGWod/proof.drat' closed
c DRAT 4893 added clauses 8.47%
c DRAT 52904 deleted clauses 91.53%
c DRAT 1423107 bytes (1.36 MB)
c 
c --- [ result ] -------------------------------------------------------------
c 
s UNSATISFIABLE
c 
c --- [ run-time profiling ] -------------------------------------------------
c 
c process time taken by individual solving procedures
c (percentage relative to process time for solving)
c 
c         0.07  219.33% parse
c         0.03   97.60% search
c         0.03   92.77% unstable
c         0.00    4.74% lucky
c         0.00    0.00% simplify
c   =================================
c         0.03   31.07% solve
c 
c last line shows process time for solving
c (percentage relative to total process time)
c 
c --- [ statistics ] ---------------------------------------------------------
c 
c chronological:               235        48.06 %  of conflicts
c conflicts:                   489     15304.21    per second
c decisions:                  1763     55176.51    per second
c fixed:                      3313        33.53 %  of all variables
c learned:                     434        88.75 %  per conflict
c learned_lits:              21710       100.00 %  learned literals
c minimized:                     0         0.00 %  learned literals
c shrunken:                   7238        33.34 %  learned literals
c minishrunken:               4650        21.42 %  learned literals
c otfs:                          8         1.64 %  of conflict
c propagations:             337415        10.56 M  per second
c restarts:                     40        12.22    interval
c subsumed:                     54         0.04 %  of all clauses
c strengthened:                  8         0.01 %  of all clauses
c trail reuses:                  0         0.00 %  of incremental calls
c 
c seconds are measured in process time for solving
c 
c --- [ resources ] ----------------------------------------------------------
c 
c total process time since initialization:         0.10    seconds
c total real time since initialization:            0.71    seconds
c maximum resident set size of process:           20.20    MB
c 
c --- [ shutting down ] ------------------------------------------------------
c 
c exit 20
