c --- [ banner ] -------------------------------------------------------------
c 
c CaDiCaL SAT Solver
c Copyright (c) 2016-2023 A. Biere, M. Fleury, N. Froleyks, K. Fazekas, F. Pollitt
c 
c Version 1.9.5 146207318796f094dcded87349a64f0c6927309e
c g++ (Ubuntu 13.3.0-6ubuntu2~24.04.1) 13.3.0 -Wall -Wextra -O3 -DNDEBUG
c Wed Sep 30 06:02:32 JST 2026 Linux ikutoPC 6.6.87.2-microsoft-standard-WSL2 x86_64
c 
c --- [ limit ] --------------------------------------------------------------
c 
c setting conflict limit to 1000000 conflicts (due to '1000000')
c 
c --- [ proof tracing ] ------------------------------------------------------
c 
c opening file to write '/tmp/conway99-six-profile-rank4_00_profile_0007-ek0AaK/proof.drat'
c writing non-binary proof trace to '/tmp/conway99-six-profile-rank4_00_profile_0007-ek0AaK/proof.drat'
c 
c --- [ parsing input ] ------------------------------------------------------
c 
c reading DIMACS file from '/mnt/c/Users/ikuto/projects/conway-99-graph/acceleration/results/20260930_hadamard_six_remaining_cnfs/run01/rank4_00_profile_0007/instance.cnf'
c opening file to read '/mnt/c/Users/ikuto/projects/conway-99-graph/acceleration/results/20260930_hadamard_six_remaining_cnfs/run01/rank4_00_profile_0007/instance.cnf'
c found 'p cnf 10048 174766' header
c parsed 174766 clauses in 0.08 seconds process time
c 
c --- [ options ] ------------------------------------------------------------
c 
c   --binary=false                 (different from default 'true')
c 
c --- [ solving ] ------------------------------------------------------------
c 
c time measured in process time since initialization
c 
c  seconds  reductions  redundant  irredundant
c         MB    restarts       trail      variables
c          level   conflicts       glue        remaining
c 
c *  0.08 18  0 0   0    0    0  0% 0 125009 7152 71%
c {  0.08 18  0 0   0    0    0  0% 0 125009 7152 71%
c i  0.09 19 13 0   7  223  154 56% 4 125009 7151 71%
c i  0.09 19 14 0  14  297  208 56% 4 125009 7150 71%
c i  0.09 19 14 0  14  298  208 56% 4 125009 7149 71%
c i  0.09 19 14 0  14  299  208 56% 4 125009 7147 71%
c i  0.09 19 13 0  15  300  208 56% 4 125009 7146 71%
c -  0.10 19 13 1  15  300   82 56% 4 124504 7146 71%
c i  0.10 19 20 1  16  369  124 55% 4 124504 7144 71%
c i  0.10 19 24 1  24  454  198 55% 4 124504 7143 71%
c i  0.10 19 23 1  25  464  205 54% 4 124504 7142 71%
c i  0.10 19 23 1  26  465  205 54% 4 124504 7141 71%
c i  0.10 19 23 1  26  466  205 54% 4 124504 7139 71%
c i  0.11 19 22 1  26  518  232 54% 4 124504 7138 71%
c i  0.11 19 22 1  26  570  272 54% 4 124504 7137 71%
c i  0.11 19 21 1  27  607  295 54% 4 124504 7136 71%
c i  0.11 19 21 1  27  622  306 54% 4 124504 7135 71%
c i  0.11 19 21 1  27  629  308 54% 4 124504 7134 71%
c i  0.12 19 19 1  28  808  439 54% 4 124504 7133 71%
c i  0.12 19 19 1  28  814  441 54% 4 124504 7130 71%
c 
c  seconds  reductions  redundant  irredundant
c         MB    restarts       trail      variables
c          level   conflicts       glue        remaining
c 
c i  0.12 19 19 1  28  815  441 54% 4 124504 7126 71%
c i  0.12 19 19 1  28  817  441 54% 4 124504 7090 71%
c i  0.12 19 20 1  28  845  465 54% 4 124504 7089 71%
c i  0.12 19 20 1  28  851  470 54% 4 124504 7085 71%
c -  0.14 24 19 2  36  958  209 54% 4 122273 7083 70%
c }  0.14 24 18 2  36 1007  231 54% 4 122273 7083 70%
c [  0.14 24  0 2  36 1007  231  0% 0 122273 7083 70%
c O  0.14 24  1 2  36 1008  232 43% 1 122273 7083 70%
c i  0.14 24  5 2  36 1022  242 54% 2 122273 7081 70%
c i  0.15 24 24 2  36 1123  314 51% 8 122273 7003 70%
c i  0.15 24 25 2  36 1160  342 52% 8 122273 6967 69%
c i  0.18 24 20 2  36 1591  693 55% 7 122273 5964 59%
c ]  0.18 24 20 2  36 1601  698 55% 7 122273 5249 52%
c 0  0.18 24 20 2  36 1601  698 55% 7 122273 5249 52%
c 
c --- [ closing proof ] ------------------------------------------------------
c 
c DRAT proof file '/tmp/conway99-six-profile-rank4_00_profile_0007-ek0AaK/proof.drat' closed
c DRAT 7751 added clauses 12.40%
c DRAT 54746 deleted clauses 87.60%
c DRAT 1699645 bytes (1.62 MB)
c 
c --- [ result ] -------------------------------------------------------------
c 
s UNSATISFIABLE
c 
c --- [ run-time profiling ] -------------------------------------------------
c 
c process time taken by individual solving procedures
c (percentage relative to process time for solving)
c 
c         0.10   99.20% search
c         0.08   74.46% parse
c         0.07   64.31% unstable
c         0.03   33.66% stable
c         0.00    1.18% lucky
c         0.00    0.00% simplify
c   =================================
c         0.10   57.01% solve
c 
c last line shows process time for solving
c (percentage relative to total process time)
c 
c --- [ statistics ] ---------------------------------------------------------
c 
c chronological:               782        48.84 %  of conflicts
c conflicts:                  1601     15788.64    per second
c decisions:                  4778     47119.39    per second
c fixed:                      4799        47.76 %  of all variables
c learned:                    1472        91.94 %  per conflict
c learned_lits:              90912       100.00 %  learned literals
c minimized:                     0         0.00 %  learned literals
c shrunken:                  46013        50.61 %  learned literals
c minishrunken:               9309        10.24 %  learned literals
c otfs:                         16         1.00 %  of conflict
c propagations:             858530         8.47 M  per second
c reduced:                      10         0.62 %  per conflict
c rephased:                      1      1601.00    interval
c restarts:                     36        44.47    interval
c stabilizing:                   1        37.04 %  of conflicts
c subsumed:                    302         0.24 %  of all clauses
c strengthened:                 15         0.01 %  of all clauses
c trail reuses:                  0         0.00 %  of incremental calls
c 
c seconds are measured in process time for solving
c 
c --- [ resources ] ----------------------------------------------------------
c 
c total process time since initialization:         0.18    seconds
c total real time since initialization:            0.86    seconds
c maximum resident set size of process:           24.35    MB
c 
c --- [ shutting down ] ------------------------------------------------------
c 
c exit 20
