c --- [ banner ] -------------------------------------------------------------
c 
c CaDiCaL SAT Solver
c Copyright (c) 2016-2023 A. Biere, M. Fleury, N. Froleyks, K. Fazekas, F. Pollitt
c 
c Version 1.9.5 146207318796f094dcded87349a64f0c6927309e
c g++ (Ubuntu 13.3.0-6ubuntu2~24.04.1) 13.3.0 -Wall -Wextra -O3 -DNDEBUG
c Wed Sep 30 06:02:32 JST 2026 Linux ikutoPC 6.6.87.2-microsoft-standard-WSL2 x86_64
c 
c --- [ limit ] --------------------------------------------------------------
c 
c setting conflict limit to 1000000 conflicts (due to '1000000')
c 
c --- [ proof tracing ] ------------------------------------------------------
c 
c opening file to write '/tmp/conway99-exact-eight-0113-HK961c/proof.drat'
c writing non-binary proof trace to '/tmp/conway99-exact-eight-0113-HK961c/proof.drat'
c 
c --- [ parsing input ] ------------------------------------------------------
c 
c reading DIMACS file from '/mnt/c/Users/ikuto/projects/conway-99-graph/acceleration/results/20261001_exact_eight_prefix64_batch02_cnfs_part00/case_0113/instance.cnf'
c opening file to read '/mnt/c/Users/ikuto/projects/conway-99-graph/acceleration/results/20261001_exact_eight_prefix64_batch02_cnfs_part00/case_0113/instance.cnf'
c found 'p cnf 9748 167416' header
c parsed 167416 clauses in 0.07 seconds process time
c 
c --- [ options ] ------------------------------------------------------------
c 
c   --binary=false                 (different from default 'true')
c 
c --- [ solving ] ------------------------------------------------------------
c 
c time measured in process time since initialization
c 
c  seconds  reductions  redundant  irredundant
c         MB    restarts       trail      variables
c          level   conflicts       glue        remaining
c 
c *  0.07 17  0 0   0    0    0  0% 0 117462 6820 70%
c {  0.07 18  0 0   0    0    0  0% 0 117462 6820 70%
c -  0.09 19 24 1   9  300  240 55% 8 117342 6820 70%
c i  0.09 19 26 1  18  382  297 54% 8 117342 6819 70%
c i  0.09 19 26 1  18  383  297 54% 8 117342 6818 70%
c i  0.10 19 25 1  18  457  359 54% 7 117342 6817 70%
c i  0.10 19 25 1  18  458  359 54% 7 117342 6816 70%
c i  0.10 19 25 1  18  461  360 54% 7 117342 6815 70%
c i  0.10 19 25 1  18  462  360 54% 7 117342 6814 70%
c i  0.10 19 24 1  18  518  407 53% 7 117342 6813 70%
c i  0.10 19 23 1  18  604  486 53% 7 117342 6716 69%
c i  0.10 19 22 1  18  621  500 52% 7 117342 6715 69%
c i  0.11 19 22 1  18  691  557 52% 7 117342 6714 69%
c i  0.11 19 22 1  18  692  557 52% 7 117342 6713 69%
c i  0.11 19 22 1  18  698  560 52% 7 117342 6712 69%
c i  0.11 19 21 1  18  764  599 52% 6 117342 6711 69%
c i  0.11 19 21 1  18  765  599 52% 6 117342 6710 69%
c i  0.11 19 21 1  18  766  599 52% 6 117342 6709 69%
c i  0.11 19 21 1  18  767  599 52% 6 117342 6708 69%
c i  0.11 19 21 1  18  770  601 52% 6 117342 6707 69%
c 
c  seconds  reductions  redundant  irredundant
c         MB    restarts       trail      variables
c          level   conflicts       glue        remaining
c 
c i  0.11 19 21 1  18  771  601 52% 6 117342 6706 69%
c i  0.11 19 21 1  18  772  601 52% 6 117342 6705 69%
c i  0.11 19 21 1  18  773  601 52% 6 117342 6704 69%
c i  0.11 19 21 1  18  774  601 52% 6 117342 6703 69%
c i  0.11 19 21 1  18  775  601 52% 6 117342 6702 69%
c i  0.11 19 21 1  18  776  601 52% 6 117342 6701 69%
c i  0.11 19 21 1  18  778  602 52% 6 117342 6700 69%
c i  0.12 19 20 1  20  864  672 52% 7 117342 6699 69%
c i  0.12 19 20 1  20  865  672 52% 6 117342 6698 69%
c i  0.12 19 20 1  22  871  677 52% 6 117342 6697 69%
c i  0.12 19 20 1  23  873  678 52% 6 117342 6696 69%
c i  0.12 19 20 1  23  879  682 52% 6 117342 6679 69%
c i  0.12 19 20 1  26  893  690 52% 6 117342 6638 68%
c -  0.14 23 20 2  26  943  599 53% 6 109755 6638 68%
c }  0.14 23 20 2  26 1002  654 53% 6 109755 6638 68%
c [  0.14 23  0 2  26 1002  654  0% 0 109755 6638 68%
c O  0.14 23  0 2  26 1003  654 38% 0 109755 6638 68%
c i  0.14 23  0 2  26 1003  654 38% 0 109755 6636 68%
c i  0.16 23 30 2  26 1279  897 55% 12 109755 6635 68%
c i  0.17 23 30 2  26 1310  922 55% 11 109755 6634 68%
c 
c  seconds  reductions  redundant   irredundant
c         MB    restarts       trail       variables
c          level   conflicts       glue         remaining
c 
c i  0.17 23 29 2  26 1321  931 55% 11 109755 6633 68%
c i  0.17 23 29 2  26 1332  936 55% 11 109755 6632 68%
c i  0.17 23 27 2  26 1373  956 55% 11 109755 6631 68%
c i  0.17 23 27 2  26 1376  957 55% 11 109755 6628 68%
c ]  0.19 23 23 2  26 1729 1245 55% 10 109755 6029 62%
c 0  0.19 23 23 2  26 1729 1245 55% 10 109755 6029 62%
c 
c --- [ closing proof ] ------------------------------------------------------
c 
c DRAT proof file '/tmp/conway99-exact-eight-0113-HK961c/proof.drat' closed
c DRAT 6961 added clauses 10.45%
c DRAT 59657 deleted clauses 89.55%
c DRAT 1838020 bytes (1.75 MB)
c 
c --- [ result ] -------------------------------------------------------------
c 
s UNSATISFIABLE
c 
c --- [ run-time profiling ] -------------------------------------------------
c 
c process time taken by individual solving procedures
c (percentage relative to process time for solving)
c 
c         0.12   99.36% search
c         0.07   61.08% unstable
c         0.07   56.70% parse
c         0.05   37.41% stable
c         0.00    0.79% lucky
c         0.00    0.00% simplify
c   =================================
c         0.12   63.59% solve
c 
c last line shows process time for solving
c (percentage relative to total process time)
c 
c --- [ statistics ] ---------------------------------------------------------
c 
c chronological:               813        47.02 %  of conflicts
c conflicts:                  1729     14280.99    per second
c decisions:                  5978     49376.39    per second
c fixed:                      3719        38.15 %  of all variables
c learned:                    1605        92.83 %  per conflict
c learned_lits:              94614       100.00 %  learned literals
c minimized:                     0         0.00 %  learned literals
c shrunken:                  31086        32.86 %  learned literals
c minishrunken:              14050        14.85 %  learned literals
c otfs:                          6         0.35 %  of conflict
c propagations:             936187         7.73 M  per second
c reduced:                      47         2.72 %  per conflict
c rephased:                      1      1729.00    interval
c restarts:                     26        66.50    interval
c stabilizing:                   1        42.05 %  of conflicts
c subsumed:                    188         0.16 %  of all clauses
c strengthened:                  6         0.01 %  of all clauses
c trail reuses:                  0         0.00 %  of incremental calls
c 
c seconds are measured in process time for solving
c 
c --- [ resources ] ----------------------------------------------------------
c 
c total process time since initialization:         0.19    seconds
c total real time since initialization:            0.82    seconds
c maximum resident set size of process:           23.37    MB
c 
c --- [ shutting down ] ------------------------------------------------------
c 
c exit 20
