c --- [ banner ] -------------------------------------------------------------
c 
c CaDiCaL SAT Solver
c Copyright (c) 2016-2023 A. Biere, M. Fleury, N. Froleyks, K. Fazekas, F. Pollitt
c 
c Version 1.9.5 146207318796f094dcded87349a64f0c6927309e
c g++ (Ubuntu 13.3.0-6ubuntu2~24.04.1) 13.3.0 -Wall -Wextra -O3 -DNDEBUG
c Wed Sep 30 06:02:32 JST 2026 Linux ikutoPC 6.6.87.2-microsoft-standard-WSL2 x86_64
c 
c --- [ limit ] --------------------------------------------------------------
c 
c setting conflict limit to 1000000 conflicts (due to '1000000')
c 
c --- [ proof tracing ] ------------------------------------------------------
c 
c opening file to write '/tmp/conway99-seven-profile-rank5_111_profile_0004-6upAtk/proof.drat'
c writing non-binary proof trace to '/tmp/conway99-seven-profile-rank5_111_profile_0004-6upAtk/proof.drat'
c 
c --- [ parsing input ] ------------------------------------------------------
c 
c reading DIMACS file from '/mnt/c/Users/ikuto/projects/conway-99-graph/acceleration/results/20260930_hadamard_seven_remaining_cnfs/run01/rank5_111_profile_0004/instance.cnf'
c opening file to read '/mnt/c/Users/ikuto/projects/conway-99-graph/acceleration/results/20260930_hadamard_seven_remaining_cnfs/run01/rank5_111_profile_0004/instance.cnf'
c found 'p cnf 9872 170454' header
c parsed 170454 clauses in 0.07 seconds process time
c 
c --- [ options ] ------------------------------------------------------------
c 
c   --binary=false                 (different from default 'true')
c 
c --- [ solving ] ------------------------------------------------------------
c 
c time measured in process time since initialization
c 
c  seconds  reductions  redundant  irredundant
c         MB    restarts       trail      variables
c          level   conflicts       glue        remaining
c 
c *  0.07 18  0 0   0    0    0  0% 0 120522 6945 70%
c {  0.07 18  0 0   0    0    0  0% 0 120522 6945 70%
c i  0.07 19 14 0   0   54   46 49% 3 120522 6944 70%
c i  0.07 19 14 0   0   55   46 48% 3 120522 6943 70%
c i  0.07 19 15 0   0   58   48 48% 3 120522 6942 70%
c i  0.08 19 22 0   5  134  113 50% 3 120522 6850 69%
c i  0.08 19 22 0   5  135  113 50% 3 120522 6736 68%
c i  0.08 19 25 0  15  189  152 49% 4 120522 6735 68%
c i  0.08 19 25 0  16  191  152 49% 4 120522 6734 68%
c i  0.08 19 24 0  21  208  166 50% 4 120522 6733 68%
c i  0.08 19 24 0  21  209  166 50% 4 120522 6732 68%
c i  0.08 19 24 0  23  215  171 50% 4 120522 6731 68%
c i  0.08 19 23 0  23  216  171 50% 4 120522 6730 68%
c -  0.09 19 22 1  27  301  231 51% 4 113018 6730 68%
c i  0.09 19 22 1  35  349  261 52% 5 113018 6729 68%
c i  0.10 19 21 1  51  529  355 54% 5 113018 6698 68%
c i  0.10 19 21 1  51  530  355 54% 5 113018 6697 68%
c i  0.10 19 21 1  51  531  355 53% 5 113018 6696 68%
c i  0.11 19 18 1  61  658  463 54% 5 113018 5923 60%
c i  0.11 19 18 1  61  659  463 54% 5 113018 5922 60%
c 
c  seconds  reductions  redundant  irredundant
c         MB    restarts       trail      variables
c          level   conflicts       glue        remaining
c 
c i  0.11 19 19 1  61  663  464 54% 5 113018 5921 60%
c }  0.11 19 18 1  61  671  465 54% 5 113018 5209 53%
c 0  0.11 19 18 1  61  671  465 54% 5 113018 5209 53%
c 
c --- [ closing proof ] ------------------------------------------------------
c 
c DRAT proof file '/tmp/conway99-seven-profile-rank5_111_profile_0004-6upAtk/proof.drat' closed
c DRAT 6702 added clauses 10.20%
c DRAT 59009 deleted clauses 89.80%
c DRAT 1600570 bytes (1.53 MB)
c 
c --- [ result ] -------------------------------------------------------------
c 
s UNSATISFIABLE
c 
c --- [ run-time profiling ] -------------------------------------------------
c 
c process time taken by individual solving procedures
c (percentage relative to process time for solving)
c 
c         0.07  155.49% parse
c         0.04   98.24% search
c         0.04   95.00% unstable
c         0.00    3.16% lucky
c         0.00    0.00% simplify
c   =================================
c         0.04   38.87% solve
c 
c last line shows process time for solving
c (percentage relative to total process time)
c 
c --- [ statistics ] ---------------------------------------------------------
c 
c chronological:               305        45.45 %  of conflicts
c conflicts:                   671     15500.47    per second
c decisions:                  3260     75307.81    per second
c fixed:                      4663        47.23 %  of all variables
c learned:                     601        89.57 %  per conflict
c learned_lits:              34183       100.00 %  learned literals
c minimized:                     0         0.00 %  learned literals
c shrunken:                  16738        48.97 %  learned literals
c minishrunken:               3596        10.52 %  learned literals
c otfs:                          3         0.45 %  of conflict
c propagations:             475786        10.99 M  per second
c restarts:                     61        11.00    interval
c subsumed:                    107         0.09 %  of all clauses
c strengthened:                  3         0.00 %  of all clauses
c trail reuses:                  0         0.00 %  of incremental calls
c 
c seconds are measured in process time for solving
c 
c --- [ resources ] ----------------------------------------------------------
c 
c total process time since initialization:         0.11    seconds
c total real time since initialization:            0.76    seconds
c maximum resident set size of process:           20.16    MB
c 
c --- [ shutting down ] ------------------------------------------------------
c 
c exit 20
