c --- [ banner ] -------------------------------------------------------------
c 
c CaDiCaL SAT Solver
c Copyright (c) 2016-2023 A. Biere, M. Fleury, N. Froleyks, K. Fazekas, F. Pollitt
c 
c Version 1.9.5 146207318796f094dcded87349a64f0c6927309e
c g++ (Ubuntu 13.3.0-6ubuntu2~24.04.1) 13.3.0 -Wall -Wextra -O3 -DNDEBUG
c Wed Sep 30 06:02:32 JST 2026 Linux ikutoPC 6.6.87.2-microsoft-standard-WSL2 x86_64
c 
c --- [ limit ] --------------------------------------------------------------
c 
c setting conflict limit to 1000000 conflicts (due to '1000000')
c 
c --- [ proof tracing ] ------------------------------------------------------
c 
c opening file to write '/tmp/conway99-seven-profile-rank5_190_profile_0001-mlzupI/proof.drat'
c writing non-binary proof trace to '/tmp/conway99-seven-profile-rank5_190_profile_0001-mlzupI/proof.drat'
c 
c --- [ parsing input ] ------------------------------------------------------
c 
c reading DIMACS file from '/mnt/c/Users/ikuto/projects/conway-99-graph/acceleration/results/20260930_hadamard_seven_remaining_cnfs/run02/rank5_190_profile_0001/instance.cnf'
c opening file to read '/mnt/c/Users/ikuto/projects/conway-99-graph/acceleration/results/20260930_hadamard_seven_remaining_cnfs/run02/rank5_190_profile_0001/instance.cnf'
c found 'p cnf 9898 171091' header
c parsed 171091 clauses in 0.07 seconds process time
c 
c --- [ options ] ------------------------------------------------------------
c 
c   --binary=false                 (different from default 'true')
c 
c --- [ solving ] ------------------------------------------------------------
c 
c time measured in process time since initialization
c 
c  seconds  reductions  redundant  irredundant
c         MB    restarts       trail      variables
c          level   conflicts       glue        remaining
c 
c *  0.07 18  0 0   0    0    0  0% 0 121259 6983 71%
c {  0.07 18  0 0   0    0    0  0% 0 121259 6983 71%
c i  0.09 19 15 0  25  232  181 53% 5 121259 6982 71%
c i  0.09 19 15 0  27  285  208 53% 5 121259 6981 71%
c -  0.09 19 17 1  27  300   88 53% 5 120961 6981 71%
c i  0.09 19 17 1  28  304   91 53% 5 120961 6980 71%
c i  0.09 19 17 1  28  305   91 53% 5 120961 6979 71%
c i  0.09 19 17 1  28  306   91 53% 5 120961 6977 70%
c i  0.09 19 17 1  28  307   91 52% 5 120961 6976 70%
c i  0.09 19 17 1  28  308   91 52% 5 120961 6975 70%
c i  0.09 19 17 1  28  310   91 52% 5 120961 6967 70%
c i  0.09 19 17 1  32  357  126 52% 5 120961 6966 70%
c i  0.10 19 17 1  35  421  163 52% 5 120961 6965 70%
c i  0.11 19 19 1  72  566  286 52% 6 120961 6964 70%
c i  0.11 19 19 1  72  567  286 52% 6 120961 6963 70%
c i  0.11 19 19 1  72  568  286 52% 6 120961 6962 70%
c i  0.11 19 19 1  73  569  286 52% 6 120961 6961 70%
c i  0.11 19 19 1  73  570  286 52% 6 120961 6960 70%
c i  0.11 19 19 1  73  571  286 52% 6 120961 6959 70%
c i  0.11 19 18 1  87  699  375 53% 6 120961 6957 70%
c 
c  seconds  reductions  redundant  irredundant
c         MB    restarts       trail      variables
c          level   conflicts       glue        remaining
c 
c -  0.13 24 19 2 124  951  425 53% 6 120104 6957 70%
c i  0.14 24 19 2 124  981  445 53% 6 120104 6956 70%
c }  0.14 24 19 2 125 1000  463 53% 6 120104 6956 70%
c [  0.14 24  0 2 125 1000  463  0% 0 120104 6956 70%
c O  0.14 24 122 2 125 1022  485 58% 2 120104 6956 70%
c i  0.14 24 54 2 125 1063  501 61% 5 120104 6929 70%
c i  0.18 24 19 2 125 1780 1029 58% 7 120104 6909 70%
c -  0.19 25 21 3 125 1923  479 57% 8 118479 6909 70%
c i  0.20 25 27 3 126 2252  747 55% 11 118479 6908 70%
c ]  0.24 25 29 3 126 3007 1380 55% 11 118479 6908 70%
c {  0.24 25 19 3 126 3007 1380 53% 6 118479 6908 70%
c F  0.25 25 20 3 131 3023 1394 35% 6 118434 6908 70%
c -  0.27 25 20 4 158 3218 1405 35% 7 118434 6908 70%
c i  0.28 25 20 4 158 3424 1553 36% 7 118434 6907 70%
c i  0.28 25 21 4 178 3605 1691 35% 7 118434 6906 70%
c i  0.28 25 21 4 178 3606 1691 35% 7 118434 6905 70%
c i  0.28 25 21 4 178 3607 1691 35% 7 118434 6904 70%
c i  0.28 25 21 4 178 3608 1691 35% 7 118434 6903 70%
c i  0.28 25 21 4 178 3609 1691 35% 7 118434 6902 70%
c i  0.28 25 21 4 178 3610 1691 35% 7 118434 6901 70%
c 
c  seconds  reductions  redundant  irredundant
c         MB    restarts       trail      variables
c          level   conflicts       glue        remaining
c 
c i  0.28 25 21 4 178 3611 1691 35% 7 118434 6900 70%
c i  0.28 25 21 4 178 3612 1691 35% 7 118434 6899 70%
c i  0.28 25 21 4 178 3613 1691 35% 7 118434 6898 70%
c i  0.29 25 21 4 196 3725 1757 34% 7 118434 6893 70%
c i  0.29 25 22 4 199 3739 1769 34% 7 118434 6891 70%
c i  0.29 25 22 4 201 3745 1774 34% 7 118434 6890 70%
c i  0.29 25 21 4 206 3810 1811 34% 7 118434 6889 70%
c i  0.29 25 21 4 206 3826 1822 34% 7 118434 6888 70%
c i  0.30 25 22 4 218 3919 1899 34% 8 118434 6886 70%
c i  0.30 25 22 4 219 3920 1899 34% 8 118434 6885 70%
c i  0.31 25 23 4 256 4306 2154 35% 8 118434 6884 70%
c i  0.31 25 23 4 257 4316 2163 35% 8 118434 6883 70%
c i  0.32 25 23 4 260 4345 2188 35% 8 118434 6882 70%
c i  0.33 25 23 4 268 4556 2375 35% 8 118434 6861 69%
c i  0.33 25 23 4 268 4557 2375 35% 8 118434 6860 69%
c i  0.33 25 23 4 268 4562 2370 35% 8 118434 6833 69%
c i  0.33 25 23 4 280 4721 2492 35% 7 118434 6830 69%
c -  0.35 25 22 5 288 4830 1942 35% 7 115578 6830 69%
c i  0.35 25 22 5 291 4900 2002 35% 7 115578 6829 69%
c i  0.35 25 22 5 291 4901 2002 35% 7 115578 6828 69%
c 
c  seconds  reductions  redundant  irredundant
c         MB    restarts       trail      variables
c          level   conflicts       glue        remaining
c 
c d  0.36 25 22 5 291 5000 2050 35% 7 115207 6685 68%
c d  0.36 25 22 5 291 5000 2050 35% 7 115203 6683 68%
c p  0.43 25 22 5 291 5000 89297 35% 7 115203 6621 67%
c d  0.44 26 22 5 291 5000 83642 35% 7 113089 6597 67%
c d  0.44 26 22 5 291 5000 83640 35% 7 113005 6555 66%
c i  0.44 26 22 5 291 5024 83654 35% 7 113005 6554 66%
c i  0.45 26 21 5 312 5228 83793 35% 7 113005 6553 66%
c i  0.46 26 21 5 331 5405 83916 34% 7 113005 6552 66%
c i  0.48 26 20 5 359 5799 84181 34% 7 113005 6547 66%
c i  0.49 26 20 5 365 5963 84265 34% 7 113005 6546 66%
c #  0.49 26 20 5 365 6029 84297 34% 7 113005 6546 66%
c i  0.50 26 19 5 396 6236 84441 34% 7 113005 6543 66%
c i  0.52 26 19 5 419 6715 84781 33% 7 113005 6542 66%
c -  0.54 31 19 6 419 6743 6190 33% 7 112418 6542 66%
c i  0.54 31 19 6 423 6787 6231 33% 7 112418 6541 66%
c }  0.55 31 19 6 432 7009 6419 33% 7 112418 6541 66%
c [  0.55 31 29 6 432 7009 6419 78% 11 112418 6541 66%
c i  0.56 31 28 6 432 7123 6477 75% 11 112418 6538 66%
c i  0.56 31 28 6 433 7160 6501 75% 11 112418 6537 66%
c i  0.57 31 27 6 433 7346 6633 71% 11 112418 6478 65%
c 
c  seconds  reductions  redundant   irredundant
c         MB    restarts       trail       variables
c          level   conflicts       glue         remaining
c 
c ]  0.58 31 26 6 433 7521 6759 68% 11 112418 5774 58%
c 0  0.58 31 26 6 433 7521 6759 68% 11 112418 5774 58%
c 
c --- [ closing proof ] ------------------------------------------------------
c 
c DRAT proof file '/tmp/conway99-seven-profile-rank5_190_profile_0001-mlzupI/proof.drat' closed
c DRAT 104814 added clauses 40.68%
c DRAT 152814 deleted clauses 59.32%
c DRAT 6304624 bytes (6.01 MB)
c 
c --- [ result ] -------------------------------------------------------------
c 
s UNSATISFIABLE
c 
c --- [ run-time profiling ] -------------------------------------------------
c 
c process time taken by individual solving procedures
c (percentage relative to process time for solving)
c 
c         0.42   82.35% search
c         0.29   56.59% unstable
c         0.13   25.45% stable
c         0.09   17.50% simplify
c         0.07   14.18% parse
c         0.06   12.54% probe
c         0.01    1.46% ternary
c         0.00    0.28% lucky
c   =================================
c         0.50   87.46% solve
c 
c last line shows process time for solving
c (percentage relative to total process time)
c 
c --- [ statistics ] ---------------------------------------------------------
c 
c chronological:              3187        42.37 %  of conflicts
c conflicts:                  7521     14896.70    per second
c decisions:                 23777     47094.64    per second
c fixed:                      3913        39.53 %  of all variables
c learned:                    7025        93.41 %  per conflict
c learned_lits:             455768       100.00 %  learned literals
c minimized:                     0         0.00 %  learned literals
c shrunken:                 262285        57.55 %  learned literals
c minishrunken:              39255         8.61 %  learned literals
c otfs:                         43         0.57 %  of conflict
c propagations:            5319181        10.54 M  per second
c reduced:                    1134        15.08 %  per conflict
c rephased:                      3      2507.00    interval
c restarts:                    433        17.37    interval
c stabilizing:                   2        33.49 %  of conflicts
c substituted:                 211         2.13 %  of all variables
c subsumed:                   1501         0.69 %  of all clauses
c strengthened:                 42         0.02 %  of all clauses
c ternary:                       1         0.02 %  of resolved
c trail reuses:                  0         0.00 %  of incremental calls
c weakened:                    422         2.00    average size
c 
c seconds are measured in process time for solving
c 
c --- [ resources ] ----------------------------------------------------------
c 
c total process time since initialization:         0.58    seconds
c total real time since initialization:            1.26    seconds
c maximum resident set size of process:           31.42    MB
c 
c --- [ shutting down ] ------------------------------------------------------
c 
c exit 20
