c --- [ banner ] -------------------------------------------------------------
c 
c CaDiCaL SAT Solver
c Copyright (c) 2016-2023 A. Biere, M. Fleury, N. Froleyks, K. Fazekas, F. Pollitt
c 
c Version 1.9.5 146207318796f094dcded87349a64f0c6927309e
c g++ (Ubuntu 13.3.0-6ubuntu2~24.04.1) 13.3.0 -Wall -Wextra -O3 -DNDEBUG
c Wed Sep 30 06:02:32 JST 2026 Linux ikutoPC 6.6.87.2-microsoft-standard-WSL2 x86_64
c 
c --- [ limit ] --------------------------------------------------------------
c 
c setting conflict limit to 1000000 conflicts (due to '1000000')
c 
c --- [ proof tracing ] ------------------------------------------------------
c 
c opening file to write '/tmp/conway99-seven-profile-rank5_52_profile_0000-hlkbCE/proof.drat'
c writing non-binary proof trace to '/tmp/conway99-seven-profile-rank5_52_profile_0000-hlkbCE/proof.drat'
c 
c --- [ parsing input ] ------------------------------------------------------
c 
c reading DIMACS file from '/mnt/c/Users/ikuto/projects/conway-99-graph/acceleration/results/20260930_hadamard_seven_remaining_cnfs/run02/rank5_52_profile_0000/instance.cnf'
c opening file to read '/mnt/c/Users/ikuto/projects/conway-99-graph/acceleration/results/20260930_hadamard_seven_remaining_cnfs/run02/rank5_52_profile_0000/instance.cnf'
c found 'p cnf 9880 170650' header
c parsed 170650 clauses in 0.07 seconds process time
c 
c --- [ options ] ------------------------------------------------------------
c 
c   --binary=false                 (different from default 'true')
c 
c --- [ solving ] ------------------------------------------------------------
c 
c time measured in process time since initialization
c 
c  seconds  reductions  redundant  irredundant
c         MB    restarts       trail      variables
c          level   conflicts       glue        remaining
c 
c *  0.07 17  0 0   0    0    0  0% 0 120722 6954 70%
c {  0.07 18  0 0   0    0    0  0% 0 120722 6954 70%
c i  0.07 18 34 0   0   19   16 45% 4 120722 6953 70%
c i  0.07 18 43 0   1   35   26 47% 5 120722 6952 70%
c i  0.07 18 49 0   1   38   28 47% 10 120722 6951 70%
c i  0.07 18 53 0   3   43   32 47% 13 120722 6950 70%
c i  0.07 18 50 0   4   48   36 47% 12 120722 6766 68%
c i  0.08 19 42 0   6  208  148 55% 7 120722 6759 68%
c i  0.08 19 40 0   6  276  198 54% 7 120722 6758 68%
c -  0.08 19 39 1   6  302  213 54% 6 115706 6758 68%
c i  0.09 19 34 1   6  347  239 55% 6 115706 6675 68%
c i  0.09 19 31 1   7  395  267 55% 6 115706 6674 68%
c i  0.09 19 31 1   7  396  267 55% 6 115706 6673 68%
c i  0.09 19 30 1   7  405  272 54% 6 115706 6613 67%
c i  0.09 19 30 1   7  408  273 54% 6 115706 6498 66%
c i  0.09 19 30 1   7  409  273 54% 6 115706 6490 66%
c }  0.09 19 30 1   7  416  275 54% 6 115706 5435 55%
c 0  0.09 19 30 1   7  416  275 54% 6 115706 5435 55%
c 
c --- [ closing proof ] ------------------------------------------------------
c 
c DRAT proof file '/tmp/conway99-seven-profile-rank5_52_profile_0000-hlkbCE/proof.drat' closed
c DRAT 6233 added clauses 9.94%
c DRAT 56456 deleted clauses 90.06%
c DRAT 1599128 bytes (1.53 MB)
c 
c --- [ result ] -------------------------------------------------------------
c 
s UNSATISFIABLE
c 
c --- [ run-time profiling ] -------------------------------------------------
c 
c process time taken by individual solving procedures
c (percentage relative to process time for solving)
c 
c         0.07  286.80% parse
c         0.02   96.79% search
c         0.02   92.70% unstable
c         0.00    3.99% lucky
c         0.00    0.00% simplify
c   =================================
c         0.02   25.63% solve
c 
c last line shows process time for solving
c (percentage relative to total process time)
c 
c --- [ statistics ] ---------------------------------------------------------
c 
c chronological:               189        45.43 %  of conflicts
c conflicts:                   416     18169.11    per second
c decisions:                  1449     63286.16    per second
c fixed:                      4445        44.99 %  of all variables
c learned:                     339        81.49 %  per conflict
c learned_lits:              16997       100.00 %  learned literals
c minimized:                     0         0.00 %  learned literals
c shrunken:                   8119        47.77 %  learned literals
c minishrunken:               2217        13.04 %  learned literals
c otfs:                          2         0.48 %  of conflict
c propagations:             195792         8.55 M  per second
c restarts:                      7        59.43    interval
c subsumed:                     40         0.03 %  of all clauses
c strengthened:                  2         0.00 %  of all clauses
c trail reuses:                  0         0.00 %  of incremental calls
c 
c seconds are measured in process time for solving
c 
c --- [ resources ] ----------------------------------------------------------
c 
c total process time since initialization:         0.09    seconds
c total real time since initialization:            0.71    seconds
c maximum resident set size of process:           19.72    MB
c 
c --- [ shutting down ] ------------------------------------------------------
c 
c exit 20
