c --- [ banner ] -------------------------------------------------------------
c 
c CaDiCaL SAT Solver
c Copyright (c) 2016-2023 A. Biere, M. Fleury, N. Froleyks, K. Fazekas, F. Pollitt
c 
c Version 1.9.5 146207318796f094dcded87349a64f0c6927309e
c g++ (Ubuntu 13.3.0-6ubuntu2~24.04.1) 13.3.0 -Wall -Wextra -O3 -DNDEBUG
c Wed Sep 30 06:02:32 JST 2026 Linux ikutoPC 6.6.87.2-microsoft-standard-WSL2 x86_64
c 
c --- [ limit ] --------------------------------------------------------------
c 
c setting conflict limit to 1000000 conflicts (due to '1000000')
c 
c --- [ proof tracing ] ------------------------------------------------------
c 
c opening file to write '/tmp/conway99-seven-profile-rank5_126_profile_0005-D25gja/proof.drat'
c writing non-binary proof trace to '/tmp/conway99-seven-profile-rank5_126_profile_0005-D25gja/proof.drat'
c 
c --- [ parsing input ] ------------------------------------------------------
c 
c reading DIMACS file from '/mnt/c/Users/ikuto/projects/conway-99-graph/acceleration/results/20260930_hadamard_seven_remaining_cnfs/run01/rank5_126_profile_0005/instance.cnf'
c opening file to read '/mnt/c/Users/ikuto/projects/conway-99-graph/acceleration/results/20260930_hadamard_seven_remaining_cnfs/run01/rank5_126_profile_0005/instance.cnf'
c found 'p cnf 9880 170650' header
c parsed 170650 clauses in 0.07 seconds process time
c 
c --- [ options ] ------------------------------------------------------------
c 
c   --binary=false                 (different from default 'true')
c 
c --- [ solving ] ------------------------------------------------------------
c 
c time measured in process time since initialization
c 
c  seconds  reductions  redundant  irredundant
c         MB    restarts       trail      variables
c          level   conflicts       glue        remaining
c 
c *  0.07 17  0 0   0    0    0  0% 0 120722 6954 70%
c {  0.07 18  0 0   0    0    0  0% 0 120722 6954 70%
c i  0.08 19 23 0  17  190  137 52% 7 120722 6953 70%
c i  0.08 19 23 0  17  191  137 52% 7 120722 6859 69%
c i  0.08 19 23 0  17  192  137 52% 7 120722 6793 69%
c i  0.08 19 25 0  17  205  149 52% 7 120722 6762 68%
c i  0.08 19 29 0  17  253  188 52% 7 120722 6761 68%
c i  0.08 19 30 0  17  276  200 52% 7 120722 6724 68%
c -  0.09 19 32 1  17  305  130 52% 7 110427 6724 68%
c i  0.09 20 29 1  31  394  196 51% 7 110427 6723 68%
c i  0.09 20 29 1  31  400  201 51% 7 110427 6722 68%
c i  0.10 20 30 1  34  528  299 51% 7 110427 6721 68%
c i  0.10 20 26 1  37  637  360 51% 7 110427 6720 68%
c i  0.10 20 25 1  37  698  406 52% 7 110427 6719 68%
c -  0.13 24 25 2  54  931  367 52% 7 110218 6719 68%
c i  0.13 24 25 2  54  934  369 52% 7 110218 6718 68%
c i  0.13 24 24 2  54  986  388 53% 7 110218 6717 68%
c }  0.13 24 25 2  56 1002  400 53% 7 110218 6717 68%
c [  0.13 24  0 2  56 1002  400  0% 0 110218 6717 68%
c O  0.13 24  1 2  56 1003  401 50% 1 110218 6717 68%
c 
c  seconds  reductions  redundant  irredundant
c         MB    restarts       trail      variables
c          level   conflicts       glue        remaining
c 
c i  0.13 24  2 2  56 1010  407 49% 1 110218 6715 68%
c i  0.13 24  3 2  56 1012  408 49% 1 110218 6621 67%
c i  0.13 24 17 2  56 1059  440 52% 5 110218 6620 67%
c i  0.13 24 14 2  56 1086  449 51% 5 110218 5914 60%
c i  0.13 24 14 2  56 1087  449 51% 5 110218 5913 60%
c i  0.13 24 14 2  56 1091  451 50% 5 110218 5912 60%
c i  0.13 24 14 2  56 1095  452 51% 5 110218 4821 49%
c i  0.13 24 13 2  56 1096  452 51% 5 110218 4255 43%
c i  0.13 24 13 2  56 1099  453 51% 5 110218 4205 43%
c i  0.13 24 13 2  56 1102  454 51% 5 110218 3548 36%
c ]  0.13 24 13 2  56 1104  454 52% 5 110218 3529 36%
c 0  0.13 24 13 2  56 1104  454 52% 5 110218 3529 36%
c 
c --- [ closing proof ] ------------------------------------------------------
c 
c DRAT proof file '/tmp/conway99-seven-profile-rank5_126_profile_0005-D25gja/proof.drat' closed
c DRAT 9517 added clauses 13.10%
c DRAT 63143 deleted clauses 86.90%
c DRAT 2011163 bytes (1.92 MB)
c 
c --- [ result ] -------------------------------------------------------------
c 
s UNSATISFIABLE
c 
c --- [ run-time profiling ] -------------------------------------------------
c 
c process time taken by individual solving procedures
c (percentage relative to process time for solving)
c 
c         0.07   98.87% search
c         0.07   97.48% parse
c         0.06   89.48% unstable
c         0.01    7.91% stable
c         0.00    1.44% lucky
c         0.00    0.00% simplify
c   =================================
c         0.07   50.34% solve
c 
c last line shows process time for solving
c (percentage relative to total process time)
c 
c --- [ statistics ] ---------------------------------------------------------
c 
c chronological:               574        51.99 %  of conflicts
c conflicts:                  1104     16271.19    per second
c decisions:                  4763     70198.97    per second
c fixed:                      6351        64.28 %  of all variables
c learned:                     975        88.32 %  per conflict
c learned_lits:              55249       100.00 %  learned literals
c minimized:                     0         0.00 %  learned literals
c shrunken:                  34360        62.19 %  learned literals
c minishrunken:               2173         3.93 %  learned literals
c otfs:                          5         0.45 %  of conflict
c propagations:             552218         8.14 M  per second
c reduced:                      19         1.72 %  per conflict
c rephased:                      1      1104.00    interval
c restarts:                     56        19.71    interval
c stabilizing:                   1         9.24 %  of conflicts
c subsumed:                    198         0.16 %  of all clauses
c strengthened:                  5         0.00 %  of all clauses
c trail reuses:                  0         0.00 %  of incremental calls
c 
c seconds are measured in process time for solving
c 
c --- [ resources ] ----------------------------------------------------------
c 
c total process time since initialization:         0.13    seconds
c total real time since initialization:            0.80    seconds
c maximum resident set size of process:           23.75    MB
c 
c --- [ shutting down ] ------------------------------------------------------
c 
c exit 20
