c --- [ banner ] -------------------------------------------------------------
c 
c CaDiCaL SAT Solver
c Copyright (c) 2016-2023 A. Biere, M. Fleury, N. Froleyks, K. Fazekas, F. Pollitt
c 
c Version 1.9.5 146207318796f094dcded87349a64f0c6927309e
c g++ (Ubuntu 13.3.0-6ubuntu2~24.04.1) 13.3.0 -Wall -Wextra -O3 -DNDEBUG
c Wed Sep 30 06:02:32 JST 2026 Linux ikutoPC 6.6.87.2-microsoft-standard-WSL2 x86_64
c 
c --- [ limit ] --------------------------------------------------------------
c 
c setting conflict limit to 1000000 conflicts (due to '1000000')
c 
c --- [ proof tracing ] ------------------------------------------------------
c 
c opening file to write '/tmp/conway99-strengthened-four-irVyuy/a0.drat'
c writing non-binary proof trace to '/tmp/conway99-strengthened-four-irVyuy/a0.drat'
c 
c --- [ parsing input ] ------------------------------------------------------
c 
c reading DIMACS file from '/mnt/c/Users/ikuto/projects/conway-99-graph/acceleration/results/20260930_four_branch_strengthened_preparation/a0/instance.cnf'
c opening file to read '/mnt/c/Users/ikuto/projects/conway-99-graph/acceleration/results/20260930_four_branch_strengthened_preparation/a0/instance.cnf'
c found 'p cnf 1186500 4141120' header
c parsed 4141120 clauses in 2.02 seconds process time
c 
c --- [ options ] ------------------------------------------------------------
c 
c   --binary=false                 (different from default 'true')
c 
c --- [ solving ] ------------------------------------------------------------
c 
c time measured in process time since initialization
c 
c  seconds   reductions  redundant   irredundant
c          MB    restarts       trail        variables
c           level   conflicts       glue           remaining
c 
c *  2.02 611  0 0   0    0    0  0% 0 4131624 879205 74%
c {  2.08 622  0 0   0    0    0  0% 0 4131624 879205 74%
c i  2.25 640 765 0   3   39   38 37% 6 4131624 879204 74%
c -  3.61 652 215 1  53  300  288 38% 16 3217514 879204 74%
c i  4.16 651 180 1  78  471  449 38% 16 3217514 879203 74%
c i  4.18 651 179 1  78  481  458 38% 16 3217514 879202 74%
c i  4.93 651 166 1 114  693  662 38% 18 3217514 879201 74%
c }  6.01 651 157 1 161 1001  959 38% 18 3217514 879201 74%
c [  6.01 651  0 1 161 1001  959  0% 0 3217514 879201 74%
c O  6.02 651  7 1 161 1002  960 28% 2 3217514 879201 74%
c -  7.11 761 52 2 161 1804 1587 40% 13 3217502 879201 74%
c ]  9.28 739 92 2 162 3001 2765 40% 20 3217502 879201 74%
c {  9.28 739 157 2 162 3001 2765 52% 18 3217502 879201 74%
c F  9.31 739 157 2 163 3004 2768 52% 18 3217502 879201 74%
c i  9.37 739 154 2 165 3037 2798 50% 18 3217502 879200 74%
c i 10.39 739 152 2 210 3423 3161 42% 19 3217502 879199 74%
c i 10.39 739 152 2 210 3424 3161 42% 19 3217502 879198 74%
c i 10.43 739 152 2 211 3441 3177 41% 19 3217502 879197 74%
c i 10.43 739 152 2 211 3442 3177 41% 19 3217502 879196 74%
c i 10.43 739 152 2 211 3443 3177 41% 19 3217502 879195 74%
c 
c  seconds    reductions  redundant    irredundant
c          MB     restarts       trail         variables
c            level   conflicts       glue            remaining
c 
c i 10.64 739 152 2 222 3509 3237 40% 19 3217502 879193 74%
c - 12.58 740 149 3 303 4061 2909 34% 20 3217470 879193 74%
c i 13.50 740 149 3 340 4354 3180 32% 20 3217470 879192 74%
c i 13.51 740 149 3 340 4355 3180 32% 20 3217470 879191 74%
c i 13.51 740 149 3 340 4356 3180 32% 20 3217470 879190 74%
c s 14.43 726 148 3 349 4467 3281 31% 20 3217122 879190 74%
c v 15.43 778 148 3 349 4467 3281 31% 20 3216643 879190 74%
c w 15.59 778 148 3 349 4467 3281 31% 20 3216643 879190 74%
c t 15.69 778 148 3 349 4467 3281 31% 20 3216579 879190 74%
c e 19.40 789 148 3 349 4467   77 31% 20 2778865 422375 36%
c s 20.29 789 148 3 349 4467   76 31% 20 2761047 422375 36%
c e 20.89 789 148 3 349 4467   76 31% 20 2760539 422092 36%
c 2 23.60 789 155 3 408 5002 21092 27% 20 2760538 422092 36%
c p 23.89 789 155 3 408 5002 39265 27% 20 2760538 422092 36%
c # 25.23 814 148 3 504 6006 40228 22% 21 2760538 422092 36%
c } 27.51 817 146 3 591 7001 41177 17% 21 2760538 422092 36%
c [ 27.51 817 92 3 591 7001 41177 83% 20 2760538 422092 36%
c - 27.88 786 96 4 592 7072 2634 79% 21 2760538 422092 36%
c I 30.04 786 129 4 593 10007 5471 36% 35 2760538 422092 36%
c - 30.76 788 141 5 594 10736 4638 33% 39 2760538 422092 36%
c 
c  seconds    reductions   redundant    irredundant
c          MB     restarts        trail         variables
c            level    conflicts       glue            remaining
c 
c ] 33.99 788 153 5 596 15001 8700 28% 54 2760538 422092 36%
c { 33.99 788 146 5 596 15001 8700 17% 21 2760538 422092 36%
c d 34.21 788 146 5 597 15004 8703 17% 21 2760533 422091 36%
c p 34.98 703 146 5 597 15004 22393 17% 21 2760533 422091 36%
c B 35.16 735 146 5 597 15008 22397 17% 21 2760533 422091 36%
c - 35.59 736 145 6 612 15130 5799 16% 21 2760533 422091 36%
c s 36.01 737 145 6 633 15306 5953 16% 21 2759947 422091 36%
c v 37.32 737 145 6 633 15306 5953 16% 21 2759653 422091 36%
c w 37.48 737 145 6 633 15306 5953 16% 21 2759653 422091 36%
c t 37.59 737 145 6 633 15306 5953 16% 21 2759644 422091 36%
c e 37.88 737 145 6 633 15306 5953 16% 21 2759128 421752 36%
c s 37.93 737 145 6 633 15306 5950 16% 21 2758805 421752 36%
c e 38.16 737 145 6 633 15306 5950 16% 21 2758734 421708 36%
c - 43.33 736 142 7 1068 20257 6672 17% 22 2758734 421708 36%
c W 44.47 736 142 7 1114 21009 7384 17% 22 2758734 421708 36%
c i 48.50 736 140 7 1468 25503 11622 17% 22 2758734 421707 36%
c - 49.39 736 140 8 1507 26116 8176 17% 22 2758728 421707 36%
c F 51.17 736 140 8 1662 28010 9999 17% 22 2758728 421707 36%
c d 53.22 736 139 8 1816 30004 11881 17% 22 2758723 421706 36%
c 3 53.55 736 139 8 1816 30004 12084 17% 22 2758723 421706 36%
c 
c  seconds    reductions     redundant    irredundant
c          MB     restarts          trail         variables
c            level     conflicts        glue            remaining
c 
c p 54.30 736 139 8 1816 30004 25805 17% 22 2758723 421695 36%
c } 55.41 736 139 8 1910 31003 26743 17% 22 2758723 421695 36%
c [ 55.41 736 153 8 1910 31003 26743 28% 54 2758723 421695 36%
c s 56.01 737 154 8 1910 31566 27227 28% 54 2758398 421695 36%
c v 57.46 737 154 8 1910 31566 27227 28% 54 2758306 421695 36%
c w 57.64 737 154 8 1910 31566 27227 28% 54 2758306 421695 36%
c t 57.95 737 154 8 1910 31566 27227 28% 54 2758305 421695 36%
c e 58.27 737 154 8 1910 31566 26798 28% 54 2757893 421483 36%
c s 58.33 737 154 8 1910 31566 26751 28% 54 2757611 421483 36%
c e 58.58 737 154 8 1910 31566 25968 28% 54 2757462 421416 36%
c - 59.98 738 157 9 1910 32707 9896 27% 56 2757462 421416 36%
c B 62.71 738 159 9 1913 36015 13082 26% 57 2757462 421416 36%
c - 67.04 740 150 10 1916 40031 11040 26% 57 2757462 421416 36%
c W 72.03 740 141 10 1917 45018 15701 26% 57 2757462 421416 36%
c - 74.87 740 138 11 1918 48086 11982 26% 56 2757462 421416 36%
c d 77.13 745 136 11 1918 50004 13800 26% 56 2757455 421414 36%
c 2 77.70 745 136 11 1918 50004 13858 26% 56 2757452 421414 36%
c p 78.00 745 136 11 1918 50004 26233 26% 56 2757452 421398 36%
c s 82.00 745 132 11 1918 53247 29276 25% 55 2757343 421398 36%
c v 83.52 745 132 11 1918 53247 29276 25% 55 2757318 421398 36%
c 
c  seconds    reductions      redundant    irredundant
c          MB      restarts          trail         variables
c            level      conflicts        glue            remaining
c 
c w 83.70 745 132 11 1918 53247 29276 25% 55 2757318 421398 36%
c t 84.05 745 132 11 1918 53247 29276 25% 55 2757317 421398 36%
c e 84.37 745 132 11 1918 53247 29165 25% 55 2756890 421197 35%
c s 84.40 745 132 11 1918 53247 29154 25% 55 2756824 421197 35%
c e 84.65 745 132 11 1918 53247 29134 25% 55 2756804 421173 35%
c O 86.32 745 131 11 1919 55020 30833 25% 54 2756804 421173 35%
c - 88.39 745 128 12 1921 56872 13156 25% 53 2756804 421173 35%
c ] 93.36 745 118 12 1925 63003 19067 25% 50 2756804 421173 35%
c { 93.36 745 139 12 1925 63003 19067 17% 22 2756804 421173 35%
c B 95.95 745 140 12 2140 66021 21908 17% 23 2756804 421173 35%
c - 96.58 745 140 13 2155 66389 14207 17% 23 2756804 421173 35%
c i 99.68 745 140 13 2401 69780 17402 17% 23 2756804 421171 35%
c i 99.68 745 140 13 2401 69789 17406 17% 23 2756804 421170 35%
c i 99.68 745 140 13 2401 69793 17405 17% 23 2756804 421168 35%
c i 99.72 745 139 13 2401 69997 17583 17% 23 2756804 421166 35%
c d 104.38 745 139 13 2775 75004 22330 17% 23 2756730 421161 35%
c 3 104.74 745 139 13 2775 75004 22430 17% 23 2756730 421161 35%
c p 105.60 745 139 13 2775 75004 46600 17% 23 2756730 421150 35%
c i 106.06 745 139 13 2801 75314 46894 17% 23 2756730 421149 35%
c - 107.42 743 139 14 2867 76640 15434 17% 23 2756634 421149 35%
c 
c  seconds     reductions      redundant    irredundant
c           MB      restarts          trail         variables
c             level      conflicts        glue            remaining
c 
c W 109.43 743 139 14 2977 78025 16733 17% 23 2756634 421149 35%
c i 110.56 743 139 14 3067 79383 18004 17% 23 2756634 421148 35%
c s 111.71 743 139 14 3151 80353 18899 17% 23 2756465 421148 35%
c v 113.44 743 139 14 3151 80353 18899 17% 23 2756445 421148 35%
c w 113.60 743 139 14 3151 80353 18899 17% 23 2756445 421148 35%
c e 114.41 743 139 14 3151 80353 18875 17% 23 2756173 420948 35%
c s 114.45 743 139 14 3151 80353 18801 17% 23 2756101 420948 35%
c e 114.71 743 139 14 3151 80353 18801 17% 23 2756060 420930 35%
c - 121.92 743 139 15 3653 87621 17133 17% 23 2756060 420930 35%
c # 124.82 743 139 15 3885 91029 20336 17% 23 2756060 420930 35%
c - 133.25 744 139 16 4531 99336 18824 17% 23 2756060 420930 35%
c d 138.69 744 139 16 4921 105006 24162 17% 23 2756035 420925 35%
c 3 139.06 744 139 16 4921 105006 24387 17% 23 2756035 420925 35%
c p 140.07 744 139 16 4921 105006 46264 17% 23 2756035 420900 35%
c B 140.29 744 139 16 4923 105032 46289 17% 23 2756035 420900 35%
c - 146.88 744 138 17 5386 111782 20713 17% 23 2755857 420900 35%
c s 148.26 744 138 17 5468 112885 21735 17% 24 2755655 420900 35%
c v 150.07 744 138 17 5468 112885 21735 17% 24 2755596 420900 35%
c w 150.27 744 138 17 5468 112885 21735 17% 24 2755596 420900 35%
c t 150.82 744 138 17 5468 112885 21735 17% 24 2755593 420643 35%
c 
c  seconds     reductions       redundant    irredundant
c           MB      restarts           trail         variables
c             level      conflicts         glue            remaining
c 
c e 151.14 744 138 17 5468 112885 21726 17% 24 2753299 420104 35%
c s 151.20 744 138 17 5468 112885 21602 17% 24 2752992 420104 35%
c e 151.45 744 138 17 5468 112885 21594 17% 24 2752983 420084 35%
c W 158.87 745 138 17 6011 120033 28357 17% 24 2752983 420084 35%
c i 161.07 745 139 17 6174 122378 30587 17% 24 2752983 420083 35%
c i 162.16 745 139 17 6250 123599 31723 17% 24 2752983 420081 35%
c - 163.81 744 139 18 6339 124959 22113 17% 24 2752965 420081 35%
c i 165.03 744 139 18 6418 126183 23235 18% 24 2752965 420078 35%
c } 165.82 744 139 18 6467 127005 24019 18% 24 2752965 420078 35%
c [ 165.82 744 118 18 6467 127005 24019 25% 50 2752965 420078 35%
c B 172.16 744 132 18 6471 136037 32752 26% 52 2752965 420078 35%
c - 174.85 747 134 19 6473 138867 23729 26% 52 2752940 420078 35%
c d 176.12 747 135 19 6474 140007 24821 26% 52 2752900 420070 35%
c p 177.22 747 135 19 6474 140007 39812 26% 52 2752900 420036 35%
c s 187.78 747 129 19 6475 150859 50105 26% 51 2752575 420036 35%
c v 189.50 747 129 19 6475 150859 50105 26% 51 2752550 420036 35%
c w 189.68 747 129 19 6475 150859 50104 26% 51 2752550 420036 35%
c e 190.67 747 129 19 6475 150859 49910 26% 51 2751904 419773 35%
c s 190.72 747 129 19 6475 150859 49810 26% 51 2751795 419773 35%
c e 190.99 747 129 19 6475 150859 49784 26% 51 2751788 419762 35%
c 
c  seconds     reductions       redundant    irredundant
c           MB      restarts           trail         variables
c             level      conflicts         glue            remaining
c 
c W 193.94 754 128 19 6476 153038 51576 26% 51 2751788 419762 35%
c - 194.66 748 127 20 6476 153505 24518 26% 51 2751788 419762 35%
c - 210.49 748 119 21 6477 168874 25178 26% 51 2751788 419762 35%
c I 212.83 748 119 21 6479 171039 27207 26% 51 2751788 419762 35%
c 3 220.33 748 128 21 6483 180009 35820 26% 54 2751788 419762 35%
c 2 220.79 748 128 21 6483 180009 35822 26% 54 2751786 419762 35%
c p 221.34 748 128 21 6483 180009 51012 26% 54 2751786 419760 35%
c - 226.78 749 129 22 6486 184976 26931 26% 54 2751768 419760 35%
c B 230.65 749 127 22 6490 190043 31804 26% 53 2751768 419760 35%
c s 234.63 749 133 22 6491 194263 35819 25% 54 2751708 419760 35%
c v 236.39 749 133 22 6491 194263 35819 25% 54 2751690 419760 35%
c w 236.59 749 133 22 6491 194263 35819 25% 54 2751690 419760 35%
c e 237.65 749 133 22 6491 194263 35810 25% 54 2751396 419541 35%
c s 237.68 749 133 22 6491 194263 35796 25% 54 2751371 419541 35%
c e 237.95 749 133 22 6491 194263 35791 25% 54 2751370 419539 35%
c - 244.75 749 134 23 6491 201810 27613 26% 54 2751370 419539 35%
c i 247.10 749 135 23 6494 204274 29945 26% 54 2751370 419538 35%
c i 248.67 749 135 23 6494 205519 31124 25% 54 2751370 419537 35%
c W 254.45 753 135 23 6497 210044 35409 25% 54 2751357 419537 35%
c - 264.22 749 134 24 6502 219374 28334 25% 56 2751357 419537 35%
c 
c  seconds     reductions       redundant    irredundant
c           MB      restarts           trail         variables
c             level      conflicts         glue            remaining
c 
c p 270.91 749 131 24 6505 225010 72921 25% 56 2751357 419537 35%
c O 278.56 749 128 24 6506 231049 78305 25% 55 2751357 419537 35%
c 
c caught signal 15 (SIGTERM)
c 
c --- [ result ] -------------------------------------------------------------
c 
c UNKNOWN
c 
c --- [ run-time profiling ] -------------------------------------------------
c 
c process time taken by individual solving procedures
c (percentage relative to process time for solving)
c 
c       240.68   85.66% search
c       145.36   51.74% stable
c        91.11   32.43% unstable
c        40.29   14.34% simplify
c        12.22    4.35% vivify
c         7.88    2.81% elim
c         4.47    1.59% ternary
c         4.15    1.48% walk
c         3.65    1.30% probe
c         3.01    1.07% subsume
c         2.02    0.72% parse
c         0.06    0.02% lucky
c   =================================
c       280.97   99.29% solve
c 
c last line shows process time for solving
c (percentage relative to total process time)
c 
c --- [ statistics ] ---------------------------------------------------------
c 
c chronological:             75478        32.11 %  of conflicts
c conflicts:                235066       836.62    per second
c decisions:               1251315      4453.53    per second
c eliminated:               459257        38.71 %  of all variables
c fixed:                    307684        25.93 %  of all variables
c learned:                  228318        97.13 %  per conflict
c learned_lits:           31356912       100.00 %  learned literals
c minimized:                     0         0.00 %  learned literals
c shrunken:                7039708        22.45 %  learned literals
c minishrunken:            3398010        10.84 %  learned literals
c otfs:                        783         0.33 %  of conflict
c propagations:         2081392511         7.41 M  per second
c reduced:                  175946        74.85 %  per conflict
c rephased:                     21     11193.62    interval
c restarts:                   6506        36.13    interval
c stabilizing:                   4        63.84 %  of conflicts
c substituted:                  22         0.00 %  of all variables
c subsumed:                  29606         0.38 %  of all clauses
c strengthened:               7820         0.10 %  of all clauses
c ternary:                   21422         1.44 %  of resolved
c trail reuses:                  0         0.00 %  of incremental calls
c vivified:                   2075         0.03 %  of all clauses
c walked:                        6     39177.67    interval
c weakened:                1568286         2.42    average size
c 
c seconds are measured in process time for solving
c 
c --- [ resources ] ----------------------------------------------------------
c 
c total process time since initialization:       282.99    seconds
c total real time since initialization:          300.00    seconds
c maximum resident set size of process:          928.98    MB
c 
c raising signal 15 (SIGTERM)
