c --- [ banner ] -------------------------------------------------------------
c 
c CaDiCaL SAT Solver
c Copyright (c) 2016-2023 A. Biere, M. Fleury, N. Froleyks, K. Fazekas, F. Pollitt
c 
c Version 1.9.5 146207318796f094dcded87349a64f0c6927309e
c g++ (Ubuntu 13.3.0-6ubuntu2~24.04.1) 13.3.0 -Wall -Wextra -O3 -DNDEBUG
c Wed Sep 30 06:02:32 JST 2026 Linux ikutoPC 6.6.87.2-microsoft-standard-WSL2 x86_64
c 
c --- [ limit ] --------------------------------------------------------------
c 
c setting conflict limit to 1000000 conflicts (due to '1000000')
c 
c --- [ proof tracing ] ------------------------------------------------------
c 
c opening file to write '/tmp/conway99-seven-profile-rank5_178_profile_0005-fhV2jc/proof.drat'
c writing non-binary proof trace to '/tmp/conway99-seven-profile-rank5_178_profile_0005-fhV2jc/proof.drat'
c 
c --- [ parsing input ] ------------------------------------------------------
c 
c reading DIMACS file from '/mnt/c/Users/ikuto/projects/conway-99-graph/acceleration/results/20260930_hadamard_seven_remaining_cnfs/run02/rank5_178_profile_0005/instance.cnf'
c opening file to read '/mnt/c/Users/ikuto/projects/conway-99-graph/acceleration/results/20260930_hadamard_seven_remaining_cnfs/run02/rank5_178_profile_0005/instance.cnf'
c found 'p cnf 9880 170650' header
c parsed 170650 clauses in 0.07 seconds process time
c 
c --- [ options ] ------------------------------------------------------------
c 
c   --binary=false                 (different from default 'true')
c 
c --- [ solving ] ------------------------------------------------------------
c 
c time measured in process time since initialization
c 
c  seconds  reductions  redundant  irredundant
c         MB    restarts       trail      variables
c          level   conflicts       glue        remaining
c 
c *  0.07 17  0 0   0    0    0  0% 0 120722 6954 70%
c {  0.07 18  0 0   0    0    0  0% 0 120722 6954 70%
c -  0.09 19 20 1   8  301  213 49% 6 120602 6954 70%
c i  0.09 19 20 1   8  338  236 49% 6 120602 6952 70%
c i  0.10 19 21 1   8  391  276 49% 6 120602 6951 70%
c i  0.10 19 18 1  14  583  412 50% 6 120602 6867 70%
c i  0.10 19 18 1  14  611  433 50% 5 120602 6866 69%
c }  0.11 19 19 1  14  649  447 49% 5 120602 5922 60%
c 0  0.11 19 19 1  14  649  447 49% 5 120602 5922 60%
c 
c --- [ closing proof ] ------------------------------------------------------
c 
c DRAT proof file '/tmp/conway99-seven-profile-rank5_178_profile_0005-fhV2jc/proof.drat' closed
c DRAT 5377 added clauses 9.53%
c DRAT 51019 deleted clauses 90.47%
c DRAT 1329589 bytes (1.27 MB)
c 
c --- [ result ] -------------------------------------------------------------
c 
s UNSATISFIABLE
c 
c --- [ run-time profiling ] -------------------------------------------------
c 
c process time taken by individual solving procedures
c (percentage relative to process time for solving)
c 
c         0.07  205.69% parse
c         0.03   97.46% search
c         0.03   93.31% unstable
c         0.00    4.03% lucky
c         0.00    0.00% simplify
c   =================================
c         0.03   32.46% solve
c 
c last line shows process time for solving
c (percentage relative to total process time)
c 
c --- [ statistics ] ---------------------------------------------------------
c 
c chronological:               321        49.46 %  of conflicts
c conflicts:                   649     18692.93    per second
c decisions:                  2125     61205.68    per second
c fixed:                      3958        40.06 %  of all variables
c learned:                     569        87.67 %  per conflict
c learned_lits:              21604       100.00 %  learned literals
c minimized:                     0         0.00 %  learned literals
c shrunken:                   9714        44.96 %  learned literals
c minishrunken:               2315        10.72 %  learned literals
c otfs:                          5         0.77 %  of conflict
c propagations:             361371        10.41 M  per second
c restarts:                     14        46.36    interval
c subsumed:                    109         0.09 %  of all clauses
c strengthened:                  5         0.00 %  of all clauses
c trail reuses:                  0         0.00 %  of incremental calls
c 
c seconds are measured in process time for solving
c 
c --- [ resources ] ----------------------------------------------------------
c 
c total process time since initialization:         0.11    seconds
c total real time since initialization:            0.73    seconds
c maximum resident set size of process:           19.72    MB
c 
c --- [ shutting down ] ------------------------------------------------------
c 
c exit 20
