c --- [ banner ] -------------------------------------------------------------
c 
c CaDiCaL SAT Solver
c Copyright (c) 2016-2023 A. Biere, M. Fleury, N. Froleyks, K. Fazekas, F. Pollitt
c 
c Version 1.9.5 146207318796f094dcded87349a64f0c6927309e
c g++ (Ubuntu 13.3.0-6ubuntu2~24.04.1) 13.3.0 -Wall -Wextra -O3 -DNDEBUG
c Wed Sep 30 06:02:32 JST 2026 Linux ikutoPC 6.6.87.2-microsoft-standard-WSL2 x86_64
c 
c --- [ limit ] --------------------------------------------------------------
c 
c setting conflict limit to 1000000 conflicts (due to '1000000')
c 
c --- [ proof tracing ] ------------------------------------------------------
c 
c opening file to write '/tmp/conway99-seven-profile-rank5_183_profile_0003-iy1SkM/proof.drat'
c writing non-binary proof trace to '/tmp/conway99-seven-profile-rank5_183_profile_0003-iy1SkM/proof.drat'
c 
c --- [ parsing input ] ------------------------------------------------------
c 
c reading DIMACS file from '/mnt/c/Users/ikuto/projects/conway-99-graph/acceleration/results/20260930_hadamard_seven_remaining_cnfs/run02/rank5_183_profile_0003/instance.cnf'
c opening file to read '/mnt/c/Users/ikuto/projects/conway-99-graph/acceleration/results/20260930_hadamard_seven_remaining_cnfs/run02/rank5_183_profile_0003/instance.cnf'
c found 'p cnf 9952 172414' header
c parsed 172414 clauses in 0.07 seconds process time
c 
c --- [ options ] ------------------------------------------------------------
c 
c   --binary=false                 (different from default 'true')
c 
c --- [ solving ] ------------------------------------------------------------
c 
c time measured in process time since initialization
c 
c  seconds  reductions  redundant  irredundant
c         MB    restarts       trail      variables
c          level   conflicts       glue        remaining
c 
c *  0.07 17  0 0   0    0    0  0% 0 122670 7052 71%
c {  0.07 18  0 0   0    0    0  0% 0 122670 7052 71%
c -  0.09 19 27 1   5  301  266 54% 6 122574 7052 71%
c i  0.09 19 28 1  15  360  309 54% 7 122574 7044 71%
c i  0.10 19 29 1  23  437  353 54% 6 122574 7043 71%
c i  0.10 19 29 1  26  524  398 54% 6 122574 7041 71%
c i  0.12 19 24 1  67  948  719 54% 6 122574 7040 71%
c -  0.13 24 24 2  67  954  383 54% 6 122143 7040 71%
c i  0.13 24 24 2  67  970  395 54% 6 122143 7038 71%
c }  0.14 24 24 2  67 1000  420 54% 6 122143 7038 71%
c [  0.14 24  0 2  67 1000  420  0% 0 122143 7038 71%
c O  0.14 24 68 2  67 1005  425 56% 18 122143 7038 71%
c i  0.14 24 11 2  67 1076  475 56% 5 122143 7037 71%
c i  0.15 24 19 2  67 1298  645 53% 7 122143 7036 71%
c -  0.19 26 50 3  67 1932  897 51% 19 121955 7036 71%
c ]  0.24 26 42 3  68 3007 1823 52% 15 121955 7036 71%
c {  0.24 26 24 3  68 3007 1823 54% 6 121955 7036 71%
c F  0.25 25 24 3  68 3008 1824 35% 6 121955 7036 71%
c i  0.25 25 23 3  70 3159 1935 28% 6 121955 7035 71%
c i  0.26 25 23 3  70 3177 1948 27% 6 121955 7024 71%
c 
c  seconds  reductions  redundant  irredundant
c         MB    restarts       trail      variables
c          level   conflicts       glue        remaining
c 
c -  0.26 25 24 4  70 3235 1718 27% 6 121472 7024 71%
c i  0.27 25 23 4  70 3286 1742 27% 6 121472 7023 71%
c i  0.27 25 23 4  70 3290 1745 27% 6 121472 7022 71%
c i  0.27 25 23 4  70 3326 1773 28% 6 121472 7021 71%
c i  0.27 25 23 4  70 3327 1773 28% 6 121472 7020 71%
c i  0.27 25 23 4  70 3328 1773 28% 6 121472 7019 71%
c i  0.27 25 23 4  70 3329 1773 28% 6 121472 7016 70%
c i  0.27 25 23 4  70 3364 1791 26% 6 121472 6984 70%
c i  0.29 25 20 4  91 3818 2070 29% 6 121472 6983 70%
c i  0.30 25 20 4 104 4075 2248 29% 6 121472 6982 70%
c i  0.30 25 20 4 104 4076 2248 29% 6 121472 6981 70%
c i  0.30 25 20 4 104 4105 2258 29% 6 121472 6980 70%
c i  0.30 25 20 4 115 4158 2299 29% 6 121472 6979 70%
c i  0.31 25 20 4 128 4380 2467 29% 6 121472 6978 70%
c i  0.31 25 20 4 150 4501 2542 29% 6 121472 6977 70%
c i  0.31 25 20 4 150 4502 2542 29% 6 121472 6976 70%
c i  0.31 25 20 4 150 4503 2542 29% 6 121472 6975 70%
c i  0.32 25 20 4 151 4512 2549 29% 6 121472 6909 69%
c i  0.33 25 20 4 178 4780 2728 29% 6 121472 6908 69%
c i  0.33 25 20 4 181 4796 2743 29% 6 121472 6905 69%
c 
c  seconds  reductions  redundant  irredundant
c         MB    restarts       trail      variables
c          level   conflicts       glue        remaining
c 
c }  0.33 25 20 4 183 4823 2756 28% 6 121472 3875 39%
c 0  0.33 25 20 4 183 4823 2756 28% 6 121472 3875 39%
c 
c --- [ closing proof ] ------------------------------------------------------
c 
c DRAT proof file '/tmp/conway99-seven-profile-rank5_183_profile_0003-iy1SkM/proof.drat' closed
c DRAT 12296 added clauses 18.43%
c DRAT 54404 deleted clauses 81.57%
c DRAT 2621267 bytes (2.50 MB)
c 
c --- [ result ] -------------------------------------------------------------
c 
s UNSATISFIABLE
c 
c --- [ run-time profiling ] -------------------------------------------------
c 
c process time taken by individual solving procedures
c (percentage relative to process time for solving)
c 
c         0.26   99.68% search
c         0.15   58.87% unstable
c         0.10   40.32% stable
c         0.07   26.67% parse
c         0.00    0.47% lucky
c         0.00    0.00% simplify
c   =================================
c         0.26   78.78% solve
c 
c last line shows process time for solving
c (percentage relative to total process time)
c 
c --- [ statistics ] ---------------------------------------------------------
c 
c chronological:              2158        44.74 %  of conflicts
c conflicts:                  4823     18637.60    per second
c decisions:                 15199     58733.74    per second
c fixed:                      6077        61.06 %  of all variables
c learned:                    4375        90.71 %  per conflict
c learned_lits:             334612       100.00 %  learned literals
c minimized:                     0         0.00 %  learned literals
c shrunken:                 126336        37.76 %  learned literals
c minishrunken:              52569        15.71 %  learned literals
c otfs:                         25         0.52 %  of conflict
c propagations:            2508221         9.69 M  per second
c reduced:                     451         9.35 %  per conflict
c rephased:                      2      2411.50    interval
c restarts:                    183        26.36    interval
c stabilizing:                   1        41.61 %  of conflicts
c subsumed:                    669         0.53 %  of all clauses
c strengthened:                 25         0.02 %  of all clauses
c trail reuses:                  0         0.00 %  of incremental calls
c 
c seconds are measured in process time for solving
c 
c --- [ resources ] ----------------------------------------------------------
c 
c total process time since initialization:         0.33    seconds
c total real time since initialization:            1.03    seconds
c maximum resident set size of process:           30.02    MB
c 
c --- [ shutting down ] ------------------------------------------------------
c 
c exit 20
