c --- [ banner ] -------------------------------------------------------------
c 
c CaDiCaL SAT Solver
c Copyright (c) 2016-2023 A. Biere, M. Fleury, N. Froleyks, K. Fazekas, F. Pollitt
c 
c Version 1.9.5 146207318796f094dcded87349a64f0c6927309e
c g++ (Ubuntu 13.3.0-6ubuntu2~24.04.1) 13.3.0 -Wall -Wextra -O3 -DNDEBUG
c Wed Sep 30 06:02:32 JST 2026 Linux ikutoPC 6.6.87.2-microsoft-standard-WSL2 x86_64
c 
c --- [ limit ] --------------------------------------------------------------
c 
c setting conflict limit to 1000000 conflicts (due to '1000000')
c 
c --- [ proof tracing ] ------------------------------------------------------
c 
c opening file to write '/tmp/conway99-exact-eight-0111-mDwXdA/proof.drat'
c writing non-binary proof trace to '/tmp/conway99-exact-eight-0111-mDwXdA/proof.drat'
c 
c --- [ parsing input ] ------------------------------------------------------
c 
c reading DIMACS file from '/mnt/c/Users/ikuto/projects/conway-99-graph/acceleration/results/20261001_exact_eight_prefix64_batch02_cnfs_part00/case_0111/instance.cnf'
c opening file to read '/mnt/c/Users/ikuto/projects/conway-99-graph/acceleration/results/20261001_exact_eight_prefix64_batch02_cnfs_part00/case_0111/instance.cnf'
c found 'p cnf 9748 167416' header
c parsed 167416 clauses in 0.06 seconds process time
c 
c --- [ options ] ------------------------------------------------------------
c 
c   --binary=false                 (different from default 'true')
c 
c --- [ solving ] ------------------------------------------------------------
c 
c time measured in process time since initialization
c 
c  seconds  reductions  redundant  irredundant
c         MB    restarts       trail      variables
c          level   conflicts       glue        remaining
c 
c *  0.06 17  0 0   0    0    0  0% 0 117460 6820 70%
c {  0.07 18  0 0   0    0    0  0% 0 117460 6820 70%
c -  0.08 19 35 1   7  300  261 55% 9 117340 6820 70%
c i  0.11 19 26 1  14  825  666 56% 7 117340 6819 70%
c -  0.12 24 25 2  14  941  561 56% 7 117293 6819 70%
c }  0.12 24 25 2  14 1001  616 56% 7 117293 6819 70%
c [  0.12 24  0 2  14 1001  616  0% 0 117293 6819 70%
c O  0.12 24  0 2  14 1002  616 41% 0 117293 6819 70%
c i  0.12 24  0 2  14 1002  616 41% 0 117293 6817 70%
c i  0.14 24 48 2  14 1321  893 55% 12 117293 6816 70%
c i  0.14 24 48 2  14 1344  915 55% 12 117293 6815 70%
c i  0.15 24 51 2  14 1437  987 54% 12 117293 6814 70%
c i  0.15 24 51 2  14 1534 1057 52% 14 117293 6804 70%
c i  0.15 24 50 2  14 1576 1085 52% 13 117293 6803 70%
c i  0.15 24 50 2  14 1583 1090 52% 13 117293 6802 70%
c i  0.15 24 50 2  14 1628 1127 51% 14 117293 6801 70%
c i  0.15 24 49 2  14 1654 1146 51% 14 117293 6800 70%
c i  0.16 24 49 2  14 1794 1233 50% 16 117293 6799 70%
c i  0.16 24 49 2  14 1795 1233 50% 16 117293 6798 70%
c i  0.16 24 49 2  14 1796 1233 50% 16 117293 6797 70%
c 
c  seconds  reductions  redundant   irredundant
c         MB    restarts       trail       variables
c          level   conflicts       glue         remaining
c 
c -  0.17 25 48 3  14 1904 1155 51% 16 116329 6797 70%
c i  0.18 25 46 3  14 2016 1241 51% 15 116329 6795 70%
c i  0.18 25 47 3  14 2026 1249 51% 15 116329 6792 70%
c i  0.19 25 44 3  15 2196 1400 52% 14 116329 6791 70%
c i  0.20 25 44 3  15 2338 1503 52% 15 116329 6790 70%
c i  0.20 25 44 3  15 2352 1514 52% 15 116329 6789 70%
c i  0.20 25 43 3  15 2486 1612 52% 15 116329 6788 70%
c ]  0.21 25 40 3  15 2655 1739 52% 14 116329 5371 55%
c 0  0.21 25 40 3  15 2655 1739 52% 14 116329 5371 55%
c 
c --- [ closing proof ] ------------------------------------------------------
c 
c DRAT proof file '/tmp/conway99-exact-eight-0111-mDwXdA/proof.drat' closed
c DRAT 8207 added clauses 13.37%
c DRAT 53177 deleted clauses 86.63%
c DRAT 1932874 bytes (1.84 MB)
c 
c --- [ result ] -------------------------------------------------------------
c 
s UNSATISFIABLE
c 
c --- [ run-time profiling ] -------------------------------------------------
c 
c process time taken by individual solving procedures
c (percentage relative to process time for solving)
c 
c         0.15   99.49% search
c         0.09   60.37% stable
c         0.06   43.41% parse
c         0.06   38.42% unstable
c         0.00    0.67% lucky
c         0.00    0.00% simplify
c   =================================
c         0.15   69.52% solve
c 
c last line shows process time for solving
c (percentage relative to total process time)
c 
c --- [ statistics ] ---------------------------------------------------------
c 
c chronological:              1255        47.27 %  of conflicts
c conflicts:                  2655     18053.86    per second
c decisions:                  8050     54739.56    per second
c fixed:                      4377        44.90 %  of all variables
c learned:                    2449        92.24 %  per conflict
c learned_lits:             170136       100.00 %  learned literals
c minimized:                     0         0.00 %  learned literals
c shrunken:                  58175        34.19 %  learned literals
c minishrunken:              31100        18.28 %  learned literals
c otfs:                         41         1.54 %  of conflict
c propagations:            1449667         9.86 M  per second
c reduced:                     225         8.47 %  per conflict
c rephased:                      1      2655.00    interval
c restarts:                     15       177.00    interval
c stabilizing:                   1        62.26 %  of conflicts
c subsumed:                    317         0.26 %  of all clauses
c strengthened:                 40         0.03 %  of all clauses
c trail reuses:                  0         0.00 %  of incremental calls
c 
c seconds are measured in process time for solving
c 
c --- [ resources ] ----------------------------------------------------------
c 
c total process time since initialization:         0.21    seconds
c total real time since initialization:            0.78    seconds
c maximum resident set size of process:           28.26    MB
c 
c --- [ shutting down ] ------------------------------------------------------
c 
c exit 20
