c --- [ banner ] -------------------------------------------------------------
c 
c CaDiCaL SAT Solver
c Copyright (c) 2016-2023 A. Biere, M. Fleury, N. Froleyks, K. Fazekas, F. Pollitt
c 
c Version 1.9.5 146207318796f094dcded87349a64f0c6927309e
c g++ (Ubuntu 13.3.0-6ubuntu2~24.04.1) 13.3.0 -Wall -Wextra -O3 -DNDEBUG
c Wed Sep 30 06:02:32 JST 2026 Linux ikutoPC 6.6.87.2-microsoft-standard-WSL2 x86_64
c 
c --- [ limit ] --------------------------------------------------------------
c 
c setting conflict limit to 1000000 conflicts (due to '1000000')
c 
c --- [ proof tracing ] ------------------------------------------------------
c 
c opening file to write '/tmp/conway99-seven-profile-rank5_159_profile_0004-zxQXSz/proof.drat'
c writing non-binary proof trace to '/tmp/conway99-seven-profile-rank5_159_profile_0004-zxQXSz/proof.drat'
c 
c --- [ parsing input ] ------------------------------------------------------
c 
c reading DIMACS file from '/mnt/c/Users/ikuto/projects/conway-99-graph/acceleration/results/20260930_hadamard_seven_remaining_cnfs/run01/rank5_159_profile_0004/instance.cnf'
c opening file to read '/mnt/c/Users/ikuto/projects/conway-99-graph/acceleration/results/20260930_hadamard_seven_remaining_cnfs/run01/rank5_159_profile_0004/instance.cnf'
c found 'p cnf 9872 170454' header
c parsed 170454 clauses in 0.07 seconds process time
c 
c --- [ options ] ------------------------------------------------------------
c 
c   --binary=false                 (different from default 'true')
c 
c --- [ solving ] ------------------------------------------------------------
c 
c time measured in process time since initialization
c 
c  seconds  reductions  redundant  irredundant
c         MB    restarts       trail      variables
c          level   conflicts       glue        remaining
c 
c *  0.07 17  0 0   0    0    0  0% 0 120522 6945 70%
c {  0.07 18  0 0   0    0    0  0% 0 120522 6945 70%
c i  0.07 18 19 0   3  136  106 54% 4 120522 6944 70%
c i  0.08 19 24 0   9  296  226 53% 4 120522 6943 70%
c -  0.08 19 24 1   9  303   99 53% 4 120308 6943 70%
c i  0.09 19 22 1   9  384  155 53% 4 120308 6942 70%
c i  0.09 19 21 1  14  454  213 54% 4 120308 6941 70%
c i  0.09 19 22 1  18  479  235 54% 4 120308 6939 70%
c i  0.09 19 22 1  18  482  237 54% 4 120308 6938 70%
c i  0.10 19 22 1  26  596  325 54% 4 120308 6937 70%
c i  0.10 19 22 1  27  597  325 54% 4 120308 6934 70%
c i  0.10 19 20 1  31  722  391 54% 4 120308 6933 70%
c i  0.10 19 19 1  31  763  428 54% 4 120308 6932 70%
c i  0.10 19 19 1  31  777  437 54% 4 120308 6931 70%
c i  0.11 19 19 1  31  808  457 53% 4 120308 6924 70%
c i  0.11 19 19 1  31  809  457 53% 4 120308 6851 69%
c i  0.11 19 19 1  31  810  457 53% 4 120308 6790 69%
c i  0.11 19 19 1  31  826  467 53% 4 120308 6789 69%
c i  0.11 19 18 1  31  865  494 53% 4 120308 6788 69%
c i  0.11 19 18 1  31  875  501 53% 4 120308 6726 68%
c 
c  seconds  reductions  redundant  irredundant
c         MB    restarts       trail      variables
c          level   conflicts       glue        remaining
c 
c -  0.12 23 20 2  41  951  282 53% 5 111003 6726 68%
c i  0.13 23 21 2  53  996  316 53% 5 111003 6725 68%
c }  0.13 23 21 2  54 1000  320 53% 5 111003 6725 68%
c [  0.13 23  0 2  54 1000  320  0% 0 111003 6725 68%
c O  0.13 23 36 2  54 1002  322 64% 2 111003 6725 68%
c i  0.13 23  8 2  54 1019  332 63% 2 111003 6724 68%
c i  0.13 23  9 2  54 1022  334 62% 2 111003 6723 68%
c i  0.13 23  9 2  54 1058  356 59% 3 111003 6722 68%
c i  0.14 23 11 2  54 1197  481 56% 4 111003 6721 68%
c ]  0.14 23 10 2  54 1235  512 56% 4 111003 6052 61%
c 0  0.14 23 10 2  54 1235  512 56% 4 111003 6052 61%
c 
c --- [ closing proof ] ------------------------------------------------------
c 
c DRAT proof file '/tmp/conway99-seven-profile-rank5_159_profile_0004-zxQXSz/proof.drat' closed
c DRAT 6983 added clauses 10.11%
c DRAT 62101 deleted clauses 89.89%
c DRAT 1854536 bytes (1.77 MB)
c 
c --- [ result ] -------------------------------------------------------------
c 
s UNSATISFIABLE
c 
c --- [ run-time profiling ] -------------------------------------------------
c 
c process time taken by individual solving procedures
c (percentage relative to process time for solving)
c 
c         0.07   98.97% search
c         0.07   90.52% parse
c         0.06   79.25% unstable
c         0.01   17.91% stable
c         0.00    1.74% lucky
c         0.00    0.00% simplify
c   =================================
c         0.07   52.19% solve
c 
c last line shows process time for solving
c (percentage relative to total process time)
c 
c --- [ statistics ] ---------------------------------------------------------
c 
c chronological:               610        49.39 %  of conflicts
c conflicts:                  1235     16913.87    per second
c decisions:                  4986     68285.47    per second
c fixed:                      3820        38.70 %  of all variables
c learned:                    1127        91.26 %  per conflict
c learned_lits:              61007       100.00 %  learned literals
c minimized:                     0         0.00 %  learned literals
c shrunken:                  36523        59.87 %  learned literals
c minishrunken:               4103         6.73 %  learned literals
c otfs:                         11         0.89 %  of conflict
c propagations:             651299         8.92 M  per second
c reduced:                       6         0.49 %  per conflict
c rephased:                      1      1235.00    interval
c restarts:                     54        22.87    interval
c stabilizing:                   1        19.03 %  of conflicts
c subsumed:                    179         0.15 %  of all clauses
c strengthened:                 10         0.01 %  of all clauses
c trail reuses:                  0         0.00 %  of incremental calls
c 
c seconds are measured in process time for solving
c 
c --- [ resources ] ----------------------------------------------------------
c 
c total process time since initialization:         0.14    seconds
c total real time since initialization:            0.87    seconds
c maximum resident set size of process:           23.63    MB
c 
c --- [ shutting down ] ------------------------------------------------------
c 
c exit 20
