c --- [ banner ] -------------------------------------------------------------
c 
c CaDiCaL SAT Solver
c Copyright (c) 2016-2023 A. Biere, M. Fleury, N. Froleyks, K. Fazekas, F. Pollitt
c 
c Version 1.9.5 146207318796f094dcded87349a64f0c6927309e
c g++ (Ubuntu 13.3.0-6ubuntu2~24.04.1) 13.3.0 -Wall -Wextra -O3 -DNDEBUG
c Wed Sep 30 06:02:32 JST 2026 Linux ikutoPC 6.6.87.2-microsoft-standard-WSL2 x86_64
c 
c --- [ limit ] --------------------------------------------------------------
c 
c setting conflict limit to 1000000 conflicts (due to '1000000')
c 
c --- [ proof tracing ] ------------------------------------------------------
c 
c opening file to write '/tmp/conway99-exact-eight-0132-ex0gmS/proof.drat'
c writing non-binary proof trace to '/tmp/conway99-exact-eight-0132-ex0gmS/proof.drat'
c 
c --- [ parsing input ] ------------------------------------------------------
c 
c reading DIMACS file from '/mnt/c/Users/ikuto/projects/conway-99-graph/acceleration/results/20261001_exact_eight_prefix64_batch02_cnfs_part01/case_0132/instance.cnf'
c opening file to read '/mnt/c/Users/ikuto/projects/conway-99-graph/acceleration/results/20261001_exact_eight_prefix64_batch02_cnfs_part01/case_0132/instance.cnf'
c found 'p cnf 9748 167416' header
c parsed 167416 clauses in 0.06 seconds process time
c 
c --- [ options ] ------------------------------------------------------------
c 
c   --binary=false                 (different from default 'true')
c 
c --- [ solving ] ------------------------------------------------------------
c 
c time measured in process time since initialization
c 
c  seconds  reductions  redundant  irredundant
c         MB    restarts       trail      variables
c          level   conflicts       glue        remaining
c 
c *  0.06 17  0 0   0    0    0  0% 0 117462 6820 70%
c {  0.06 18  0 0   0    0    0  0% 0 117462 6820 70%
c i  0.07 19 21 0   7  146  117 54% 6 117462 6819 70%
c i  0.07 19 21 0   7  147  117 54% 6 117462 6818 70%
c i  0.07 19 21 0   9  158  127 54% 7 117462 6817 70%
c i  0.07 19 23 0  20  234  169 55% 7 117462 6816 70%
c i  0.07 19 22 0  20  253  187 54% 7 117462 6815 70%
c i  0.07 19 22 0  20  254  187 54% 7 117462 6814 70%
c i  0.07 19 22 0  20  255  187 54% 7 117462 6811 70%
c i  0.07 19 22 0  20  278  207 54% 6 117462 6810 70%
c i  0.07 19 22 0  20  285  213 54% 7 117462 6809 70%
c i  0.07 19 21 0  20  303  229 53% 7 117462 6807 70%
c -  0.07 19 21 1  20  303  202 53% 7 116801 6807 70%
c i  0.08 19 20 1  30  446  297 53% 7 116801 6806 70%
c i  0.08 19 19 1  30  477  318 53% 6 116801 6805 70%
c i  0.08 19 19 1  30  478  318 53% 6 116801 6804 70%
c i  0.08 19 19 1  30  485  324 53% 6 116801 6803 70%
c i  0.09 19 19 1  32  651  417 51% 6 116801 6802 70%
c i  0.09 19 19 1  32  657  422 51% 6 116801 6801 70%
c i  0.09 19 18 1  32  726  482 51% 6 116801 6800 70%
c 
c  seconds  reductions  redundant  irredundant
c         MB    restarts       trail      variables
c          level   conflicts       glue        remaining
c 
c i  0.09 19 19 1  32  780  531 51% 6 116801 6799 70%
c i  0.09 19 19 1  32  787  536 51% 6 116801 6798 70%
c i  0.09 19 19 1  33  789  534 51% 6 116801 6797 70%
c i  0.09 19 19 1  33  790  534 51% 6 116801 6796 70%
c i  0.10 19 18 1  37  862  586 51% 6 116801 6793 70%
c i  0.10 19 19 1  37  872  594 51% 6 116801 6792 70%
c -  0.11 24 18 2  38  945  454 51% 6 116182 6792 70%
c }  0.11 24 18 2  44 1012  504 50% 6 116182 6792 70%
c [  0.11 24  0 2  44 1012  504  0% 0 116182 6792 70%
c O  0.11 24  0 2  44 1013  504 38% 0 116182 6792 70%
c i  0.11 24  0 2  44 1013  504 38% 0 116182 6790 70%
c i  0.11 24  3 2  44 1018  508 50% 1 116182 6789 70%
c ]  0.12 24  9 2  44 1151  613 50% 4 116182 5965 61%
c 0  0.12 24  9 2  44 1151  613 50% 4 116182 5965 61%
c 
c --- [ closing proof ] ------------------------------------------------------
c 
c DRAT proof file '/tmp/conway99-exact-eight-0132-ex0gmS/proof.drat' closed
c DRAT 6256 added clauses 10.54%
c DRAT 53093 deleted clauses 89.46%
c DRAT 1568341 bytes (1.50 MB)
c 
c --- [ result ] -------------------------------------------------------------
c 
s UNSATISFIABLE
c 
c --- [ run-time profiling ] -------------------------------------------------
c 
c process time taken by individual solving procedures
c (percentage relative to process time for solving)
c 
c         0.06   98.82% search
c         0.06   93.03% parse
c         0.05   87.38% unstable
c         0.01    9.89% stable
c         0.00    1.48% lucky
c         0.00    0.00% simplify
c   =================================
c         0.06   51.54% solve
c 
c last line shows process time for solving
c (percentage relative to total process time)
c 
c --- [ statistics ] ---------------------------------------------------------
c 
c chronological:               523        45.44 %  of conflicts
c conflicts:                  1151     18885.26    per second
c decisions:                  3482     57131.61    per second
c fixed:                      3783        38.81 %  of all variables
c learned:                    1032        89.66 %  per conflict
c learned_lits:              47275       100.00 %  learned literals
c minimized:                     0         0.00 %  learned literals
c shrunken:                  23619        49.96 %  learned literals
c minishrunken:               4964        10.50 %  learned literals
c otfs:                         12         1.04 %  of conflict
c propagations:             601600         9.87 M  per second
c reduced:                      39         3.39 %  per conflict
c rephased:                      1      1151.00    interval
c restarts:                     44        26.16    interval
c stabilizing:                   1        12.08 %  of conflicts
c subsumed:                    174         0.15 %  of all clauses
c strengthened:                 12         0.01 %  of all clauses
c trail reuses:                  0         0.00 %  of incremental calls
c 
c seconds are measured in process time for solving
c 
c --- [ resources ] ----------------------------------------------------------
c 
c total process time since initialization:         0.12    seconds
c total real time since initialization:            0.82    seconds
c maximum resident set size of process:           23.74    MB
c 
c --- [ shutting down ] ------------------------------------------------------
c 
c exit 20
