c --- [ banner ] -------------------------------------------------------------
c 
c CaDiCaL SAT Solver
c Copyright (c) 2016-2023 A. Biere, M. Fleury, N. Froleyks, K. Fazekas, F. Pollitt
c 
c Version 1.9.5 146207318796f094dcded87349a64f0c6927309e
c g++ (Ubuntu 13.3.0-6ubuntu2~24.04.1) 13.3.0 -Wall -Wextra -O3 -DNDEBUG
c Wed Sep 30 06:02:32 JST 2026 Linux ikutoPC 6.6.87.2-microsoft-standard-WSL2 x86_64
c 
c --- [ limit ] --------------------------------------------------------------
c 
c setting conflict limit to 1000000 conflicts (due to '1000000')
c 
c --- [ proof tracing ] ------------------------------------------------------
c 
c opening file to write '/tmp/conway99-exact-eight-0158-ADoqT9/proof.drat'
c writing non-binary proof trace to '/tmp/conway99-exact-eight-0158-ADoqT9/proof.drat'
c 
c --- [ parsing input ] ------------------------------------------------------
c 
c reading DIMACS file from '/mnt/c/Users/ikuto/projects/conway-99-graph/acceleration/results/20261001_exact_eight_prefix64_batch02_cnfs_part03/case_0158/instance.cnf'
c opening file to read '/mnt/c/Users/ikuto/projects/conway-99-graph/acceleration/results/20261001_exact_eight_prefix64_batch02_cnfs_part03/case_0158/instance.cnf'
c found 'p cnf 9748 167416' header
c parsed 167416 clauses in 0.06 seconds process time
c 
c --- [ options ] ------------------------------------------------------------
c 
c   --binary=false                 (different from default 'true')
c 
c --- [ solving ] ------------------------------------------------------------
c 
c time measured in process time since initialization
c 
c  seconds  reductions  redundant  irredundant
c         MB    restarts       trail      variables
c          level   conflicts       glue        remaining
c 
c *  0.06 17  0 0   0    0    0  0% 0 117564 6820 70%
c {  0.06 17  0 0   0    0    0  0% 0 117564 6820 70%
c i  0.06 18 31 0   0   31   28 45% 5 117564 6819 70%
c i  0.06 18 19 0   0   75   64 45% 4 117564 6818 70%
c i  0.06 18 19 0   0   76   64 45% 4 117564 6817 70%
c i  0.07 18 19 0   7  132   94 47% 7 117564 6816 70%
c -  0.08 18 18 1  14  300  198 53% 5 117246 6816 70%
c i  0.08 19 17 1  14  317  210 53% 5 117246 6815 70%
c i  0.08 19 17 1  14  326  217 53% 5 117246 6814 70%
c i  0.08 19 16 1  14  335  216 53% 5 117246 6813 70%
c i  0.08 19 16 1  14  337  217 53% 5 117246 6812 70%
c i  0.08 19 16 1  14  338  217 53% 5 117246 6811 70%
c i  0.08 19 16 1  16  353  227 53% 5 117246 6810 70%
c i  0.08 19 16 1  18  379  244 52% 5 117246 6809 70%
c i  0.09 19 20 1  33  641  443 53% 5 117246 6808 70%
c i  0.09 19 21 1  39  747  503 53% 5 117246 6806 70%
c -  0.11 23 20 2  53  946  593 53% 6 116821 6806 70%
c i  0.11 23 20 2  59 1006  623 53% 6 116821 6805 70%
c }  0.11 23 20 2  59 1006  623 53% 6 116821 6805 70%
c [  0.11 23  0 2  59 1006  623  0% 0 116821 6805 70%
c 
c  seconds  reductions  redundant  irredundant
c         MB    restarts       trail      variables
c          level   conflicts       glue        remaining
c 
c F  0.11 23  3 2  59 1007  624 60% 2 116821 6805 70%
c i  0.14 23 51 2  59 1490 1019 56% 12 116821 6804 70%
c i  0.14 23 50 2  59 1554 1060 56% 12 116821 6803 70%
c i  0.15 23 48 2  59 1813 1258 54% 15 116821 6800 70%
c -  0.16 24 45 3  59 1906 1186 53% 15 116621 6800 70%
c i  0.17 24 40 3  60 2118 1356 53% 13 116621 6784 70%
c i  0.20 24 36 3  60 2484 1481 36% 12 115919 6707 69%
c ]  0.20 24 36 3  60 2492 1485 36% 12 115919 6641 68%
c 0  0.20 24 36 3  60 2492 1485 36% 12 115919 6641 68%
c 
c --- [ closing proof ] ------------------------------------------------------
c 
c DRAT proof file '/tmp/conway99-exact-eight-0158-ADoqT9/proof.drat' closed
c DRAT 7071 added clauses 11.58%
c DRAT 53975 deleted clauses 88.42%
c DRAT 2100604 bytes (2.00 MB)
c 
c --- [ result ] -------------------------------------------------------------
c 
s UNSATISFIABLE
c 
c --- [ run-time profiling ] -------------------------------------------------
c 
c process time taken by individual solving procedures
c (percentage relative to process time for solving)
c 
c         0.14   99.48% search
c         0.09   61.00% stable
c         0.06   40.41% parse
c         0.05   37.54% unstable
c         0.00    0.92% lucky
c         0.00    0.00% simplify
c   =================================
c         0.14   70.97% solve
c 
c last line shows process time for solving
c (percentage relative to total process time)
c 
c --- [ statistics ] ---------------------------------------------------------
c 
c chronological:              1098        44.06 %  of conflicts
c conflicts:                  2492     17349.77    per second
c decisions:                  7631     53128.46    per second
c fixed:                      3107        31.87 %  of all variables
c learned:                    2215        88.88 %  per conflict
c learned_lits:             154434       100.00 %  learned literals
c minimized:                     0         0.00 %  learned literals
c shrunken:                  51763        33.52 %  learned literals
c minishrunken:              20043        12.98 %  learned literals
c otfs:                         16         0.64 %  of conflict
c propagations:            1323631         9.22 M  per second
c reduced:                     134         5.38 %  per conflict
c rephased:                      1      2492.00    interval
c restarts:                     60        41.53    interval
c stabilizing:                   1        59.63 %  of conflicts
c subsumed:                    274         0.23 %  of all clauses
c strengthened:                 16         0.01 %  of all clauses
c trail reuses:                  0         0.00 %  of incremental calls
c 
c seconds are measured in process time for solving
c 
c --- [ resources ] ----------------------------------------------------------
c 
c total process time since initialization:         0.20    seconds
c total real time since initialization:            0.84    seconds
c maximum resident set size of process:           28.52    MB
c 
c --- [ shutting down ] ------------------------------------------------------
c 
c exit 20
