c --- [ banner ] -------------------------------------------------------------
c 
c CaDiCaL SAT Solver
c Copyright (c) 2016-2023 A. Biere, M. Fleury, N. Froleyks, K. Fazekas, F. Pollitt
c 
c Version 1.9.5 146207318796f094dcded87349a64f0c6927309e
c g++ (Ubuntu 13.3.0-6ubuntu2~24.04.1) 13.3.0 -Wall -Wextra -O3 -DNDEBUG
c Wed Sep 30 06:02:32 JST 2026 Linux ikutoPC 6.6.87.2-microsoft-standard-WSL2 x86_64
c 
c --- [ limit ] --------------------------------------------------------------
c 
c setting conflict limit to 1000000 conflicts (due to '1000000')
c 
c --- [ proof tracing ] ------------------------------------------------------
c 
c opening file to write '/tmp/conway99-exact-eight-0168-FnNlqy/proof.drat'
c writing non-binary proof trace to '/tmp/conway99-exact-eight-0168-FnNlqy/proof.drat'
c 
c --- [ parsing input ] ------------------------------------------------------
c 
c reading DIMACS file from '/mnt/c/Users/ikuto/projects/conway-99-graph/acceleration/results/20261001_exact_eight_prefix64_batch02_cnfs_part03/case_0168/instance.cnf'
c opening file to read '/mnt/c/Users/ikuto/projects/conway-99-graph/acceleration/results/20261001_exact_eight_prefix64_batch02_cnfs_part03/case_0168/instance.cnf'
c found 'p cnf 9748 167416' header
c parsed 167416 clauses in 0.07 seconds process time
c 
c --- [ options ] ------------------------------------------------------------
c 
c   --binary=false                 (different from default 'true')
c 
c --- [ solving ] ------------------------------------------------------------
c 
c time measured in process time since initialization
c 
c  seconds  reductions  redundant  irredundant
c         MB    restarts       trail      variables
c          level   conflicts       glue        remaining
c 
c *  0.07 17  0 0   0    0    0  0% 0 117462 6820 70%
c {  0.07 18  0 0   0    0    0  0% 0 117462 6820 70%
c -  0.09 19 23 1  17  302  235 55% 8 117342 6820 70%
c i  0.11 19 22 1  29  658  479 55% 7 117342 6819 70%
c i  0.12 19 22 1  42  863  623 55% 7 117342 6818 70%
c i  0.12 19 23 1  42  899  653 55% 7 117342 6815 70%
c i  0.12 19 23 1  42  913  664 55% 7 117342 6814 70%
c i  0.12 19 23 1  42  915  665 55% 7 117342 6813 70%
c -  0.13 24 23 2  42  943  222 55% 7 117013 6813 70%
c i  0.13 24 23 2  42  950  228 55% 7 117013 6812 70%
c }  0.13 24 22 2  42 1000  245 55% 7 117013 6812 70%
c [  0.13 24  0 2  42 1000  245  0% 0 117013 6812 70%
c O  0.14 24 51 2  42 1016  258 52% 13 117013 6812 70%
c i  0.14 24 17 2  42 1118  318 54% 7 117013 6811 70%
c i  0.14 24 17 2  42 1173  359 55% 8 117013 6810 70%
c i  0.14 24 17 2  42 1174  359 55% 7 117013 6809 70%
c i  0.16 24 15 2  42 1535  585 55% 8 117013 6808 70%
c -  0.19 25 27 3  42 1906  471 54% 12 116778 6808 70%
c i  0.21 25 36 3  43 2362  839 55% 14 116778 6806 70%
c i  0.21 25 37 3  43 2396  859 54% 15 116778 6803 70%
c 
c  seconds  reductions  redundant   irredundant
c         MB    restarts       trail       variables
c          level   conflicts       glue         remaining
c 
c i  0.21 25 38 3  43 2409  865 54% 15 116778 6800 70%
c ]  0.24 25 42 3  43 3001 1346 55% 16 116778 6800 70%
c {  0.24 25 22 3  43 3001 1346 55% 7 116778 6800 70%
c F  0.25 24 23 3  43 3017 1361 32% 7 116574 6800 70%
c i  0.25 24 23 3  43 3017 1361 32% 7 116574 6799 70%
c i  0.25 24 22 3  43 3052 1380 28% 7 116574 6798 70%
c i  0.26 24 22 3  43 3097 1402 34% 7 116574 6797 70%
c i  0.26 24 22 3  43 3098 1402 34% 7 116574 6796 70%
c i  0.26 24 22 3  51 3141 1438 33% 7 116574 6795 70%
c -  0.27 24 22 4  62 3186 1257 34% 7 116339 6795 70%
c i  0.27 24 22 4  68 3313 1331 32% 7 116339 6794 70%
c i  0.27 24 22 4  68 3314 1331 32% 7 116339 6793 70%
c i  0.27 24 22 4  68 3318 1333 32% 7 116339 6792 70%
c i  0.27 24 22 4  68 3327 1340 32% 7 116339 6791 70%
c i  0.28 24 22 4  68 3354 1362 32% 7 116339 6790 70%
c i  0.28 24 22 4  68 3355 1362 32% 7 116339 6789 70%
c i  0.28 24 22 4  68 3357 1363 32% 7 116339 6788 70%
c i  0.28 24 22 4  76 3472 1446 32% 7 116339 6787 70%
c i  0.29 24 21 4 101 3772 1674 33% 7 116339 6786 70%
c i  0.29 24 21 4 101 3776 1677 33% 7 116339 6785 70%
c 
c  seconds  reductions  redundant  irredundant
c         MB    restarts       trail      variables
c          level   conflicts       glue        remaining
c 
c i  0.29 24 21 4 101 3782 1680 33% 7 116339 6784 70%
c i  0.29 24 21 4 101 3817 1700 33% 7 116339 6777 70%
c i  0.29 24 21 4 103 3847 1727 33% 7 116339 6776 70%
c i  0.30 24 20 4 106 3919 1788 34% 7 116339 6775 70%
c i  0.30 24 20 4 106 3920 1788 34% 7 116339 6774 69%
c i  0.31 24 21 4 115 4282 2089 35% 7 116339 6766 69%
c i  0.32 24 21 4 121 4309 2107 35% 7 116339 6763 69%
c i  0.32 24 21 4 127 4469 2184 35% 7 116339 6762 69%
c i  0.33 24 20 4 148 4774 2396 34% 7 116339 6761 69%
c -  0.34 24 20 5 148 4786 1397 34% 7 114900 6761 69%
c d  0.36 24 20 5 157 5003 1581 33% 7 114724 6673 68%
c 2  0.37 24 20 5 157 5003 1583 33% 7 114724 6672 68%
c p  0.43 25 20 5 157 5003 80564 33% 7 114724 6508 67%
c d  0.44 25 20 5 157 5003 77072 33% 7 107564 6497 67%
c d  0.44 25 20 5 157 5003 77072 33% 7 107270 6350 65%
c i  0.44 25 20 5 157 5008 77075 33% 7 107270 6349 65%
c i  0.46 25 20 5 190 5298 77259 33% 7 107270 6348 65%
c i  0.46 25 20 5 191 5299 77259 33% 7 107270 6347 65%
c i  0.46 25 20 5 192 5302 77261 33% 7 107270 6287 64%
c i  0.46 25 20 5 192 5303 77261 33% 7 107270 6264 64%
c 
c  seconds  reductions   redundant  irredundant
c         MB    restarts        trail      variables
c          level   conflicts        glue        remaining
c 
c i  0.47 25 20 5 205 5394 77334 33% 7 107270 6261 64%
c i  0.47 25 20 5 205 5519 77417 33% 7 107270 6260 64%
c i  0.47 25 20 5 206 5566 77453 33% 7 107270 6259 64%
c i  0.48 25 20 5 212 5704 77561 33% 7 107270 6258 64%
c i  0.48 25 20 5 212 5752 77587 33% 7 107270 6257 64%
c i  0.48 25 20 5 212 5753 77587 33% 7 107270 6256 64%
c i  0.49 25 19 5 214 5871 77677 34% 7 107270 6255 64%
c i  0.49 25 19 5 214 5876 77681 34% 7 107270 6254 64%
c #  0.50 25 19 5 230 6019 77791 34% 7 107270 6254 64%
c i  0.50 25 19 5 233 6044 77799 34% 7 107270 6253 64%
c i  0.50 25 19 5 233 6058 77807 34% 7 107270 6246 64%
c i  0.50 25 19 5 233 6067 77809 34% 7 107270 6245 64%
c i  0.50 25 19 5 233 6068 77809 34% 7 107270 6244 64%
c i  0.51 25 20 5 242 6326 77999 34% 7 107270 6243 64%
c i  0.51 25 20 5 242 6327 77999 34% 7 107270 5609 58%
c i  0.51 25 20 5 243 6335 78005 34% 7 107270 5608 58%
c i  0.51 25 20 5 244 6350 78007 34% 7 107270 5603 57%
c i  0.52 25 20 5 251 6378 78026 34% 7 107270 5559 57%
c i  0.52 25 20 5 251 6379 78026 34% 7 107270 5557 57%
c }  0.52 25 20 5 251 6381 78026 34% 7 107270 4097 42%
c 
c  seconds  reductions   redundant  irredundant
c         MB    restarts        trail      variables
c          level   conflicts        glue        remaining
c 
c 0  0.52 25 20 5 251 6381 78026 34% 7 107270 4097 42%
c 
c --- [ closing proof ] ------------------------------------------------------
c 
c DRAT proof file '/tmp/conway99-exact-eight-0168-FnNlqy/proof.drat' closed
c DRAT 96373 added clauses 61.46%
c DRAT 60440 deleted clauses 38.54%
c DRAT 5169420 bytes (4.93 MB)
c 
c --- [ result ] -------------------------------------------------------------
c 
s UNSATISFIABLE
c 
c --- [ run-time profiling ] -------------------------------------------------
c 
c process time taken by individual solving procedures
c (percentage relative to process time for solving)
c 
c         0.36   79.76% search
c         0.25   55.24% unstable
c         0.11   24.23% stable
c         0.09   19.97% simplify
c         0.07   15.56% parse
c         0.06   14.11% probe
c         0.01    1.67% ternary
c         0.00    0.28% lucky
c   =================================
c         0.45   86.42% solve
c 
c last line shows process time for solving
c (percentage relative to total process time)
c 
c --- [ statistics ] ---------------------------------------------------------
c 
c chronological:              2841        44.52 %  of conflicts
c conflicts:                  6381     14263.97    per second
c decisions:                 20567     45975.08    per second
c fixed:                      5405        55.45 %  of all variables
c learned:                    5832        91.40 %  per conflict
c learned_lits:             424108       100.00 %  learned literals
c minimized:                     0         0.00 %  learned literals
c shrunken:                 198763        46.87 %  learned literals
c minishrunken:              49809        11.74 %  learned literals
c otfs:                         57         0.89 %  of conflict
c propagations:            4424473         9.89 M  per second
c reduced:                     842        13.20 %  per conflict
c rephased:                      3      2127.00    interval
c restarts:                    251        25.42    interval
c stabilizing:                   1        31.36 %  of conflicts
c substituted:                 246         2.52 %  of all variables
c subsumed:                   1104         0.54 %  of all clauses
c strengthened:                 56         0.03 %  of all clauses
c ternary:                       2         0.03 %  of resolved
c trail reuses:                  0         0.00 %  of incremental calls
c weakened:                    492         2.00    average size
c 
c seconds are measured in process time for solving
c 
c --- [ resources ] ----------------------------------------------------------
c 
c total process time since initialization:         0.52    seconds
c total real time since initialization:            1.13    seconds
c maximum resident set size of process:           29.14    MB
c 
c --- [ shutting down ] ------------------------------------------------------
c 
c exit 20
