c --- [ banner ] -------------------------------------------------------------
c 
c CaDiCaL SAT Solver
c Copyright (c) 2016-2023 A. Biere, M. Fleury, N. Froleyks, K. Fazekas, F. Pollitt
c 
c Version 1.9.5 146207318796f094dcded87349a64f0c6927309e
c g++ (Ubuntu 13.3.0-6ubuntu2~24.04.1) 13.3.0 -Wall -Wextra -O3 -DNDEBUG
c Wed Sep 30 06:02:32 JST 2026 Linux ikutoPC 6.6.87.2-microsoft-standard-WSL2 x86_64
c 
c --- [ limit ] --------------------------------------------------------------
c 
c setting conflict limit to 1000000 conflicts (due to '1000000')
c 
c --- [ proof tracing ] ------------------------------------------------------
c 
c opening file to write '/tmp/conway99-six-profile-rank4_05_profile_0000-PJQ2wV/proof.drat'
c writing non-binary proof trace to '/tmp/conway99-six-profile-rank4_05_profile_0000-PJQ2wV/proof.drat'
c 
c --- [ parsing input ] ------------------------------------------------------
c 
c reading DIMACS file from '/mnt/c/Users/ikuto/projects/conway-99-graph/acceleration/results/20260930_hadamard_six_remaining_cnfs/run01/rank4_05_profile_0000/instance.cnf'
c opening file to read '/mnt/c/Users/ikuto/projects/conway-99-graph/acceleration/results/20260930_hadamard_six_remaining_cnfs/run01/rank4_05_profile_0000/instance.cnf'
c found 'p cnf 10156 177412' header
c parsed 177412 clauses in 0.08 seconds process time
c 
c --- [ options ] ------------------------------------------------------------
c 
c   --binary=false                 (different from default 'true')
c 
c --- [ solving ] ------------------------------------------------------------
c 
c time measured in process time since initialization
c 
c  seconds  reductions  redundant  irredundant
c         MB    restarts       trail      variables
c          level   conflicts       glue        remaining
c 
c *  0.08 18  0 0   0    0    0  0% 0 127776 7288 72%
c {  0.08 19  0 0   0    0    0  0% 0 127776 7288 72%
c i  0.09 20 22 0   9  281  230 53% 6 127776 7287 72%
c -  0.10 20 21 1   9  301   73 54% 5 127729 7287 72%
c i  0.11 20 23 1  33  443  188 54% 6 127729 7285 72%
c -  0.14 25 21 2  75  964  511 52% 7 127680 7285 72%
c }  0.14 25 20 2  83 1000  542 52% 7 127680 7285 72%
c [  0.14 25  0 2  83 1000  542  0% 0 127680 7285 72%
c O  0.14 25 54 2  83 1003  545 56% 8 127680 7285 72%
c -  0.21 25 43 3  83 1961 1166 55% 18 127680 7285 72%
c ]  0.29 25 49 3  84 3002 2044 57% 18 127680 7285 72%
c {  0.29 25 20 3  84 3002 2044 52% 7 127680 7285 72%
c F  0.30 25 20 3  84 3005 2047 34% 7 127680 7285 72%
c -  0.34 25 20 4 106 3288 1780 31% 7 127680 7285 72%
c i  0.36 25 20 4 126 3713 2049 34% 7 127680 7284 72%
c i  0.40 25 20 4 176 4340 2437 33% 7 127680 7283 72%
c i  0.43 25 22 4 220 4912 2899 34% 7 127680 7282 72%
c -  0.44 25 21 5 220 4948 1832 34% 7 127539 7282 72%
c d  0.45 25 21 5 220 5000 1859 34% 7 127451 7238 71%
c p  0.53 27 21 5 220 5000 93270 34% 7 127451 7230 71%
c 
c  seconds  reductions   redundant  irredundant
c         MB    restarts        trail      variables
c          level   conflicts        glue        remaining
c 
c d  0.53 27 21 5 220 5000 92146 34% 7 127015 7207 71%
c d  0.54 27 21 5 220 5000 92146 34% 7 127011 7205 71%
c i  0.54 27 21 5 220 5045 92173 34% 7 127011 7204 71%
c i  0.56 27 21 5 229 5335 92406 34% 7 127011 7203 71%
c i  0.58 27 21 5 258 5596 92610 34% 7 127011 7202 71%
c i  0.59 28 20 5 276 5816 92769 34% 7 127011 7201 71%
c #  0.60 28 21 5 291 6006 92917 34% 7 127011 7201 71%
c i  0.60 28 21 5 291 6029 92933 34% 7 127011 7200 71%
c i  0.62 28 20 5 293 6244 93063 34% 7 127011 7199 71%
c i  0.62 28 20 5 293 6372 93141 33% 7 127011 7198 71%
c i  0.63 28 19 5 293 6576 93281 34% 7 127011 7197 71%
c i  0.65 28 20 5 328 6793 93444 33% 7 127011 7196 71%
c i  0.65 28 20 5 336 6868 93501 33% 7 127011 7195 71%
c -  0.67 33 20 6 338 6938 6240 33% 7 126541 7195 71%
c }  0.68 33 20 6 344 7002 6291 33% 7 126541 7195 71%
c [  0.68 33 49 6 344 7002 6291 79% 18 126541 7195 71%
c i  0.68 33 49 6 344 7065 6347 78% 18 126541 7194 71%
c s  0.77 34 48 6 345 8264 7328 62% 18 124636 7194 71%
c v  0.78 34 48 6 345 8264 7328 62% 18 124623 7194 71%
c w  0.79 34 48 6 345 8264 7327 62% 18 124623 7194 71%
c 
c  seconds  reductions  redundant   irredundant
c         MB    restarts       trail       variables
c          level   conflicts       glue         remaining
c 
c t  0.80 34 48 6 345 8264 7326 62% 18 124623 7194 71%
c e  0.83 34 48 6 345 8264 6655 62% 18 123305 5999 59%
c s  0.83 34 48 6 345 8264 6646 62% 18 123305 5999 59%
c ^  0.84 34 48 6 345 8264 6646 62% 18 123305 5999 59%
c -  0.91 33 54 7 346 9253 4068 35% 19 123305 5999 59%
c I  0.95 33 56 7 346 10013 4681 35% 21 123305 5999 59%
c -  1.06 35 74 8 348 11878 4747 34% 28 123305 5999 59%
c -  1.24 40 73 9 349 14828 5550 34% 28 123305 5999 59%
c ]  1.26 40 72 9 349 15002 5688 34% 28 123305 5999 59%
c {  1.26 40 20 9 349 15002 5688 41% 7 123305 5999 59%
c 2  1.27 40 20 9 349 15002 5682 41% 7 123305 5999 59%
c p  1.34 40 20 9 349 15002 92807 41% 7 123305 5996 59%
c d  1.34 40 20 9 349 15002 91879 41% 7 123161 5993 59%
c B  1.35 40 20 9 352 15014 91888 41% 7 123161 5993 59%
c i  1.36 40 20 9 362 15107 91939 40% 7 123161 5992 59%
c i  1.37 40 20 9 372 15298 92059 40% 7 123161 5991 59%
c i  1.37 40 20 9 377 15432 92143 40% 7 123161 5990 59%
c i  1.38 40 20 9 380 15658 92281 40% 7 123161 5989 59%
c i  1.39 40 20 9 384 15840 92386 40% 7 123161 5988 59%
c i  1.40 40 19 9 384 16070 92558 40% 7 123161 5987 59%
c 
c  seconds  reductions    redundant  irredundant
c         MB    restarts         trail      variables
c          level    conflicts        glue        remaining
c 
c i  1.41 40 19 9 386 16170 92614 40% 7 123161 5986 59%
c i  1.41 40 19 9 386 16225 92654 40% 7 123161 5985 59%
c i  1.42 40 19 9 386 16301 92691 40% 6 123161 5984 59%
c i  1.42 40 19 9 386 16337 92719 40% 6 123161 5983 59%
c i  1.44 40 21 9 433 16647 92971 40% 7 123161 5982 59%
c i  1.45 40 20 9 440 16903 93142 40% 7 123161 5981 59%
c i  1.46 40 20 9 446 17040 93229 40% 7 123161 5980 59%
c i  1.46 40 20 9 446 17105 93264 40% 7 123161 5979 59%
c i  1.47 40 20 9 453 17332 93464 39% 7 123161 5978 59%
c i  1.48 40 20 9 453 17390 93505 39% 7 123161 5977 59%
c i  1.48 40 20 9 453 17465 93543 39% 7 123161 5976 59%
c i  1.50 40 20 9 463 17771 93749 39% 6 123161 5975 59%
c -  1.54 35 20 10 516 18103 9571 39% 7 122296 5975 59%
c i  1.56 35 20 10 523 18431 9768 39% 7 122296 5974 59%
c i  1.58 35 20 10 557 18781 10058 39% 7 122296 5973 59%
c i  1.61 35 20 10 604 19448 10508 39% 7 122296 5972 59%
c i  1.65 35 20 10 747 20440 11187 38% 7 122296 5971 59%
c i  1.66 35 20 10 747 20535 11255 38% 7 122296 5970 59%
c W  1.75 35 20 10 779 21017 10989 38% 7 122057 5970 59%
c i  1.75 35 20 10 779 21094 11024 38% 7 122057 5969 59%
c 
c  seconds  reductions     redundant  irredundant
c         MB     restarts         trail      variables
c          level     conflicts        glue        remaining
c 
c i  1.77 35 20 10 829 21472 11288 37% 7 122057 5968 59%
c -  1.79 35 20 11 865 21691 5551 37% 7 121962 5968 59%
c i  1.79 35 20 11 865 21773 5594 37% 7 121962 5967 59%
c i  1.80 35 20 11 878 21930 5699 37% 7 121962 5966 59%
c i  1.81 35 20 11 878 22073 5809 37% 7 121962 5965 59%
c i  1.84 35 20 11 904 22651 6277 37% 7 121962 5964 59%
c i  1.87 35 20 11 928 23310 6772 37% 7 121962 5963 59%
c i  1.90 35 20 11 997 23863 7165 37% 7 121962 5962 59%
c i  1.90 35 20 11 1004 23935 7229 37% 7 121962 5961 59%
c i  1.92 35 20 11 1052 24313 7469 37% 7 121962 5960 59%
c i  1.95 35 20 11 1102 24925 7928 37% 7 121962 5959 59%
c i  1.95 35 20 11 1102 24939 7940 37% 7 121962 5958 59%
c i  1.97 35 20 11 1144 25451 8266 37% 7 121962 5957 59%
c -  1.99 35 20 12 1162 25608 6174 37% 7 121436 5957 59%
c i  1.99 35 20 12 1166 25674 6222 37% 7 121436 5956 59%
c s  2.01 35 20 12 1175 25711 6185 37% 7 121433 5956 59%
c w  2.03 35 20 12 1175 25711 6182 37% 7 121433 5956 59%
c e  2.07 35 20 12 1175 25711 6167 37% 7 121345 5922 58%
c s  2.07 35 20 12 1175 25711 6161 37% 7 121345 5922 58%
c ^  2.08 35 20 12 1175 25711 6161 37% 7 121345 5922 58%
c 
c  seconds  reductions     redundant  irredundant
c         MB     restarts         trail      variables
c          level      conflicts       glue        remaining
c 
c i  2.09 35 20 12 1210 26094 6393 36% 7 121345 5921 58%
c i  2.09 35 20 12 1210 26146 6422 36% 7 121345 5920 58%
c i  2.09 35 20 12 1210 26163 6435 36% 7 121345 5919 58%
c i  2.10 35 20 12 1217 26331 6582 36% 7 121345 5918 58%
c i  2.12 35 20 12 1247 26678 6817 36% 7 121345 5917 58%
c i  2.12 35 20 12 1266 26843 6943 36% 7 121345 5916 58%
c i  2.12 35 20 12 1268 26849 6947 36% 7 121345 5915 58%
c i  2.15 35 20 12 1350 27436 7348 36% 7 121345 5914 58%
c i  2.15 35 20 12 1350 27437 7348 36% 7 121345 5913 58%
c i  2.16 35 20 12 1373 27622 7482 36% 7 121345 5912 58%
c i  2.16 35 20 12 1373 27647 7492 36% 7 121345 5911 58%
c i  2.17 35 20 12 1398 27896 7645 36% 7 121345 5910 58%
c i  2.17 35 20 12 1400 28010 7726 36% 7 121345 5909 58%
c F  2.17 35 20 12 1403 28018 7734 36% 7 121345 5909 58%
c i  2.18 35 20 12 1419 28190 7888 36% 7 121345 5908 58%
c i  2.19 35 20 12 1432 28469 8066 35% 7 121345 5907 58%
c i  2.21 35 20 12 1438 28837 8309 35% 7 121345 5906 58%
c i  2.21 35 19 12 1438 28973 8386 35% 7 121345 5905 58%
c i  2.21 35 19 12 1438 28984 8391 35% 7 121345 5904 58%
c i  2.22 35 19 12 1449 29222 8557 35% 7 121345 5903 58%
c 
c  seconds  reductions     redundant  irredundant
c         MB     restarts         trail      variables
c          level      conflicts       glue        remaining
c 
c i  2.22 35 19 12 1451 29279 8600 35% 7 121345 5902 58%
c i  2.23 35 19 12 1453 29401 8705 35% 7 121345 5901 58%
c i  2.23 35 19 12 1453 29472 8747 35% 7 121345 5900 58%
c -  2.26 35 19 13 1473 29836 6165 35% 7 120295 5900 58%
c i  2.26 35 19 13 1488 29921 6227 35% 7 120295 5899 58%
c i  2.27 35 19 13 1488 29988 6281 35% 7 120295 5898 58%
c d  2.27 35 19 13 1488 30002 6196 35% 7 120199 5897 58%
c 2  2.28 35 19 13 1488 30002 6229 35% 7 120199 5897 58%
c p  2.35 35 19 13 1488 30002 76023 35% 7 120199 5882 58%
c d  2.36 35 19 13 1488 30002 74413 35% 7 119480 5881 58%
c d  2.36 35 19 13 1488 30002 74413 35% 7 119478 5880 58%
c i  2.36 35 19 13 1488 30013 74419 35% 7 119478 5879 58%
c i  2.36 35 19 13 1488 30014 74419 35% 7 119478 5878 58%
c i  2.38 35 19 13 1524 30261 74616 35% 7 119478 5877 58%
c i  2.39 35 19 13 1552 30379 74693 35% 7 119478 5876 58%
c i  2.40 35 19 13 1587 30670 74901 35% 7 119478 5875 58%
c i  2.40 35 19 13 1587 30701 74916 35% 7 119478 5874 58%
c i  2.41 35 19 13 1594 30792 74987 35% 7 119478 5873 58%
c }  2.42 35 20 13 1618 31002 75161 35% 7 119478 5873 58%
c [  2.42 35 72 13 1618 31002 75161 34% 28 119478 5873 58%
c 
c  seconds  reductions      redundant   irredundant
c         MB     restarts          trail       variables
c          level      conflicts        glue         remaining
c 
c i  2.45 35 70 13 1618 31574 75579 34% 27 119478 5872 58%
c -  2.64 35 66 14 1619 34374 13643 34% 26 119095 5872 58%
c B  2.73 35 67 14 1621 36021 14932 33% 27 119095 5872 58%
c -  2.94 35 63 15 1623 39216 11386 33% 27 119095 5872 58%
c i  3.12 35 58 15 1624 42088 13692 33% 25 119095 5871 58%
c i  3.26 35 55 15 1625 44221 15361 33% 24 119095 5861 58%
c -  3.28 35 55 16 1625 44380 8930 33% 24 118541 5861 58%
c ]  3.32 35 54 16 1625 44893 9343 33% 23 118541 4845 48%
c 0  3.32 35 54 16 1625 44893 9343 33% 23 118541 4845 48%
c 
c --- [ closing proof ] ------------------------------------------------------
c 
c DRAT proof file '/tmp/conway99-six-profile-rank4_05_profile_0000-PJQ2wV/proof.drat' closed
c DRAT 314907 added clauses 46.63%
c DRAT 360427 deleted clauses 53.37%
c DRAT 28978695 bytes (27.64 MB)
c 
c --- [ result ] -------------------------------------------------------------
c 
s UNSATISFIABLE
c 
c --- [ run-time profiling ] -------------------------------------------------
c 
c process time taken by individual solving procedures
c (percentage relative to process time for solving)
c 
c         2.81   86.64% search
c         1.55   47.72% stable
c         1.19   36.59% unstable
c         0.43   13.32% simplify
c         0.21    6.35% probe
c         0.08    2.34% parse
c         0.07    2.29% walk
c         0.05    1.69% elim
c         0.04    1.37% subsume
c         0.03    0.88% vivify
c         0.02    0.70% ternary
c         0.00    0.04% lucky
c   =================================
c         3.24   97.68% solve
c 
c last line shows process time for solving
c (percentage relative to total process time)
c 
c --- [ statistics ] ---------------------------------------------------------
c 
c chronological:             18522        41.26 %  of conflicts
c conflicts:                 44893     13847.56    per second
c decisions:                128037     39493.92    per second
c eliminated:                 1229        12.10 %  of all variables
c fixed:                      4007        39.45 %  of all variables
c learned:                   42191        93.98 %  per conflict
c learned_lits:            4199366       100.00 %  learned literals
c minimized:                     0         0.00 %  learned literals
c shrunken:                1992320        47.44 %  learned literals
c minishrunken:             486817        11.59 %  learned literals
c otfs:                        249         0.55 %  of conflict
c propagations:           27545936         8.50 M  per second
c reduced:                   13994        31.17 %  per conflict
c rephased:                      8      5611.62    interval
c restarts:                   1625        27.63    interval
c stabilizing:                   3        53.22 %  of conflicts
c substituted:                  75         0.74 %  of all variables
c subsumed:                  10269         2.41 %  of all clauses
c strengthened:               1543         0.36 %  of all clauses
c ternary:                     125         1.14 %  of resolved
c trail reuses:                  0         0.00 %  of incremental calls
c vivified:                     23         0.01 %  of all clauses
c walked:                        1     44893.00    interval
c weakened:                   3825         2.32    average size
c 
c seconds are measured in process time for solving
c 
c --- [ resources ] ----------------------------------------------------------
c 
c total process time since initialization:         3.32    seconds
c total real time since initialization:            3.95    seconds
c maximum resident set size of process:           39.85    MB
c 
c --- [ shutting down ] ------------------------------------------------------
c 
c exit 20
