c --- [ banner ] -------------------------------------------------------------
c 
c CaDiCaL SAT Solver
c Copyright (c) 2016-2023 A. Biere, M. Fleury, N. Froleyks, K. Fazekas, F. Pollitt
c 
c Version 1.9.5 146207318796f094dcded87349a64f0c6927309e
c g++ (Ubuntu 13.3.0-6ubuntu2~24.04.1) 13.3.0 -Wall -Wextra -O3 -DNDEBUG
c Wed Sep 30 06:02:32 JST 2026 Linux ikutoPC 6.6.87.2-microsoft-standard-WSL2 x86_64
c 
c --- [ limit ] --------------------------------------------------------------
c 
c setting conflict limit to 1000000 conflicts (due to '1000000')
c 
c --- [ proof tracing ] ------------------------------------------------------
c 
c opening file to write '/tmp/conway99-exact-eight-0072-UfcHZT/proof.drat'
c writing non-binary proof trace to '/tmp/conway99-exact-eight-0072-UfcHZT/proof.drat'
c 
c --- [ parsing input ] ------------------------------------------------------
c 
c reading DIMACS file from '/mnt/c/Users/ikuto/projects/conway-99-graph/acceleration/results/20260930_exact_eight_next64_cnfs_part01/case_0072/instance.cnf'
c opening file to read '/mnt/c/Users/ikuto/projects/conway-99-graph/acceleration/results/20260930_exact_eight_next64_cnfs_part01/case_0072/instance.cnf'
c found 'p cnf 9748 167416' header
c parsed 167416 clauses in 0.07 seconds process time
c 
c --- [ options ] ------------------------------------------------------------
c 
c   --binary=false                 (different from default 'true')
c 
c --- [ solving ] ------------------------------------------------------------
c 
c time measured in process time since initialization
c 
c  seconds  reductions  redundant  irredundant
c         MB    restarts       trail      variables
c          level   conflicts       glue        remaining
c 
c *  0.07 17  0 0   0    0    0  0% 0 117500 6820 70%
c {  0.07 18  0 0   0    0    0  0% 0 117500 6820 70%
c -  0.09 19 22 1  12  304  258 55% 6 117380 6820 70%
c i  0.09 19 25 1  16  385  314 55% 6 117380 6819 70%
c i  0.10 19 21 1  34  575  442 54% 6 117380 6818 70%
c i  0.11 19 21 1  37  741  556 53% 6 117380 6817 70%
c i  0.11 19 24 1  41  818  616 53% 6 117380 6813 70%
c i  0.11 19 25 1  41  833  627 53% 6 117380 6812 70%
c i  0.11 19 25 1  43  845  638 53% 6 117380 6811 70%
c -  0.13 24 24 2  66  945  559 52% 6 116949 6811 70%
c }  0.13 24 23 2  67 1002  607 53% 6 116949 6811 70%
c [  0.13 24  0 2  67 1002  607  0% 0 116949 6811 70%
c O  0.13 24  2 2  67 1003  608 57% 2 116949 6811 70%
c i  0.13 24  4 2  67 1028  619 58% 3 116949 6808 70%
c i  0.14 24 21 2  67 1209  769 50% 8 116949 6807 70%
c i  0.14 24 20 2  67 1242  798 51% 8 116949 6806 70%
c i  0.14 24 19 2  67 1272  822 51% 7 116949 5740 59%
c i  0.15 24 19 2  67 1344  876 52% 8 116949 5739 59%
c ]  0.15 24 18 2  67 1378  893 53% 8 116949 4847 50%
c 0  0.15 24 18 2  67 1378  893 53% 8 116949 4847 50%
c 
c --- [ closing proof ] ------------------------------------------------------
c 
c DRAT proof file '/tmp/conway99-exact-eight-0072-UfcHZT/proof.drat' closed
c DRAT 7344 added clauses 12.37%
c DRAT 52016 deleted clauses 87.63%
c DRAT 1549554 bytes (1.48 MB)
c 
c --- [ result ] -------------------------------------------------------------
c 
s UNSATISFIABLE
c 
c --- [ run-time profiling ] -------------------------------------------------
c 
c process time taken by individual solving procedures
c (percentage relative to process time for solving)
c 
c         0.08   99.08% search
c         0.07   84.72% parse
c         0.06   72.89% unstable
c         0.02   24.68% stable
c         0.00    1.41% lucky
c         0.00    0.00% simplify
c   =================================
c         0.08   53.84% solve
c 
c last line shows process time for solving
c (percentage relative to total process time)
c 
c --- [ statistics ] ---------------------------------------------------------
c 
c chronological:               669        48.55 %  of conflicts
c conflicts:                  1378     16919.39    per second
c decisions:                  4714     57879.55    per second
c fixed:                      4901        50.28 %  of all variables
c learned:                    1256        91.15 %  per conflict
c learned_lits:              64780       100.00 %  learned literals
c minimized:                     0         0.00 %  learned literals
c shrunken:                  27743        42.83 %  learned literals
c minishrunken:               8481        13.09 %  learned literals
c otfs:                         21         1.52 %  of conflict
c propagations:             738625         9.07 M  per second
c reduced:                      36         2.61 %  per conflict
c rephased:                      1      1378.00    interval
c restarts:                     67        20.57    interval
c stabilizing:                   1        27.29 %  of conflicts
c subsumed:                    210         0.18 %  of all clauses
c strengthened:                 21         0.02 %  of all clauses
c trail reuses:                  0         0.00 %  of incremental calls
c 
c seconds are measured in process time for solving
c 
c --- [ resources ] ----------------------------------------------------------
c 
c total process time since initialization:         0.15    seconds
c total real time since initialization:            0.85    seconds
c maximum resident set size of process:           23.77    MB
c 
c --- [ shutting down ] ------------------------------------------------------
c 
c exit 20
