c --- [ banner ] -------------------------------------------------------------
c 
c CaDiCaL SAT Solver
c Copyright (c) 2016-2023 A. Biere, M. Fleury, N. Froleyks, K. Fazekas, F. Pollitt
c 
c Version 1.9.5 146207318796f094dcded87349a64f0c6927309e
c g++ (Ubuntu 13.3.0-6ubuntu2~24.04.1) 13.3.0 -Wall -Wextra -O3 -DNDEBUG
c Wed Sep 30 06:02:32 JST 2026 Linux ikutoPC 6.6.87.2-microsoft-standard-WSL2 x86_64
c 
c --- [ limit ] --------------------------------------------------------------
c 
c setting conflict limit to 1000000 conflicts (due to '1000000')
c 
c --- [ proof tracing ] ------------------------------------------------------
c 
c opening file to write '/tmp/conway99-seven-profile-rank5_144_profile_0022-FXjM8K/proof.drat'
c writing non-binary proof trace to '/tmp/conway99-seven-profile-rank5_144_profile_0022-FXjM8K/proof.drat'
c 
c --- [ parsing input ] ------------------------------------------------------
c 
c reading DIMACS file from '/mnt/c/Users/ikuto/projects/conway-99-graph/acceleration/results/20260930_hadamard_seven_remaining_cnfs/run01/rank5_144_profile_0022/instance.cnf'
c opening file to read '/mnt/c/Users/ikuto/projects/conway-99-graph/acceleration/results/20260930_hadamard_seven_remaining_cnfs/run01/rank5_144_profile_0022/instance.cnf'
c found 'p cnf 9872 170454' header
c parsed 170454 clauses in 0.07 seconds process time
c 
c --- [ options ] ------------------------------------------------------------
c 
c   --binary=false                 (different from default 'true')
c 
c --- [ solving ] ------------------------------------------------------------
c 
c time measured in process time since initialization
c 
c  seconds  reductions  redundant  irredundant
c         MB    restarts       trail      variables
c          level   conflicts       glue        remaining
c 
c *  0.07 18  0 0   0    0    0  0% 0 120550 6945 70%
c {  0.07 18  0 0   0    0    0  0% 0 120550 6945 70%
c i  0.08 19 36 0   5   59   46 55% 8 120550 6894 70%
c -  0.09 19 18 1   5  300  219 57% 6 117242 6873 70%
c i  0.10 19 18 1  10  355  248 56% 6 117242 6872 70%
c i  0.10 19 17 1  10  423  282 56% 5 117242 6871 70%
c i  0.10 19 17 1  16  505  338 56% 5 117242 6870 70%
c i  0.10 19 17 1  16  507  339 56% 5 117242 6869 70%
c i  0.11 19 17 1  16  581  400 55% 5 117242 6868 70%
c i  0.11 19 17 1  16  592  409 55% 5 117242 6867 70%
c i  0.11 19 17 1  21  649  460 55% 5 117242 6866 70%
c i  0.11 19 16 1  21  741  519 55% 5 117242 6864 70%
c i  0.11 19 16 1  21  742  519 55% 5 117242 6863 70%
c i  0.11 19 16 1  21  766  538 55% 5 117242 6862 70%
c -  0.13 24 16 2  44  946  346 54% 5 116762 6862 70%
c }  0.14 24 16 2  49 1000  393 54% 5 116762 6862 70%
c [  0.14 24  0 2  49 1000  393  0% 0 116762 6862 70%
c O  0.14 24 129 2  49 1018  407 60% 12 116762 6862 70%
c i  0.14 24 32 2  49 1107  464 57% 6 116762 6860 69%
c i  0.15 24 20 2  49 1310  622 53% 6 116762 5639 57%
c 
c  seconds  reductions  redundant  irredundant
c         MB    restarts       trail      variables
c          level   conflicts       glue        remaining
c 
c ]  0.15 24 19 2  49 1317  623 53% 6 116762 5262 53%
c 0  0.15 24 19 2  49 1317  623 53% 6 116762 5262 53%
c 
c --- [ closing proof ] ------------------------------------------------------
c 
c DRAT proof file '/tmp/conway99-seven-profile-rank5_144_profile_0022-FXjM8K/proof.drat' closed
c DRAT 7341 added clauses 11.63%
c DRAT 55799 deleted clauses 88.37%
c DRAT 1713656 bytes (1.63 MB)
c 
c --- [ result ] -------------------------------------------------------------
c 
s UNSATISFIABLE
c 
c --- [ run-time profiling ] -------------------------------------------------
c 
c process time taken by individual solving procedures
c (percentage relative to process time for solving)
c 
c         0.08   99.10% search
c         0.07   87.67% parse
c         0.06   77.61% unstable
c         0.02   19.82% stable
c         0.00    1.62% lucky
c         0.00    0.00% simplify
c   =================================
c         0.08   53.00% solve
c 
c last line shows process time for solving
c (percentage relative to total process time)
c 
c --- [ statistics ] ---------------------------------------------------------
c 
c chronological:               636        48.29 %  of conflicts
c conflicts:                  1317     16261.67    per second
c decisions:                  4707     58119.72    per second
c fixed:                      4610        46.70 %  of all variables
c learned:                    1221        92.71 %  per conflict
c learned_lits:              77880       100.00 %  learned literals
c minimized:                     0         0.00 %  learned literals
c shrunken:                  45008        57.79 %  learned literals
c minishrunken:               6120         7.86 %  learned literals
c otfs:                         11         0.84 %  of conflict
c propagations:             711705         8.79 M  per second
c reduced:                       9         0.68 %  per conflict
c rephased:                      1      1317.00    interval
c restarts:                     49        26.88    interval
c stabilizing:                   1        23.99 %  of conflicts
c subsumed:                    257         0.21 %  of all clauses
c strengthened:                 10         0.01 %  of all clauses
c trail reuses:                  0         0.00 %  of incremental calls
c 
c seconds are measured in process time for solving
c 
c --- [ resources ] ----------------------------------------------------------
c 
c total process time since initialization:         0.15    seconds
c total real time since initialization:            0.76    seconds
c maximum resident set size of process:           24.03    MB
c 
c --- [ shutting down ] ------------------------------------------------------
c 
c exit 20
