c --- [ banner ] -------------------------------------------------------------
c 
c CaDiCaL SAT Solver
c Copyright (c) 2016-2023 A. Biere, M. Fleury, N. Froleyks, K. Fazekas, F. Pollitt
c 
c Version 1.9.5 146207318796f094dcded87349a64f0c6927309e
c g++ (Ubuntu 13.3.0-6ubuntu2~24.04.1) 13.3.0 -Wall -Wextra -O3 -DNDEBUG
c Wed Sep 30 06:02:32 JST 2026 Linux ikutoPC 6.6.87.2-microsoft-standard-WSL2 x86_64
c 
c --- [ limit ] --------------------------------------------------------------
c 
c setting conflict limit to 1000000 conflicts (due to '1000000')
c 
c --- [ proof tracing ] ------------------------------------------------------
c 
c opening file to write '/tmp/conway99-exact-eight-0128-yMF9L4/proof.drat'
c writing non-binary proof trace to '/tmp/conway99-exact-eight-0128-yMF9L4/proof.drat'
c 
c --- [ parsing input ] ------------------------------------------------------
c 
c reading DIMACS file from '/mnt/c/Users/ikuto/projects/conway-99-graph/acceleration/results/20261001_exact_eight_prefix64_batch02_cnfs_part01/case_0128/instance.cnf'
c opening file to read '/mnt/c/Users/ikuto/projects/conway-99-graph/acceleration/results/20261001_exact_eight_prefix64_batch02_cnfs_part01/case_0128/instance.cnf'
c found 'p cnf 9748 167416' header
c parsed 167416 clauses in 0.06 seconds process time
c 
c --- [ options ] ------------------------------------------------------------
c 
c   --binary=false                 (different from default 'true')
c 
c --- [ solving ] ------------------------------------------------------------
c 
c time measured in process time since initialization
c 
c  seconds  reductions  redundant  irredundant
c         MB    restarts       trail      variables
c          level   conflicts       glue        remaining
c 
c *  0.06 17  0 0   0    0    0  0% 0 117552 6822 70%
c {  0.06 18  0 0   0    0    0  0% 0 117552 6822 70%
c -  0.08 19 21 1   3  301  255 59% 5 117492 6822 70%
c i  0.09 19 20 1  29  510  409 58% 6 117492 6821 70%
c -  0.12 24 32 2  53  947  702 57% 6 117445 6821 70%
c }  0.12 24 34 2  58 1001  752 57% 6 117445 6821 70%
c [  0.12 24  0 2  58 1001  752  0% 0 117445 6821 70%
c O  0.12 24  2 2  58 1002  753 60% 2 117445 6821 70%
c i  0.14 24 17 2  58 1279  957 60% 7 117445 6819 70%
c -  0.18 24 35 3  58 1909 1066 56% 13 117396 6819 70%
c ]  0.23 24 41 3  59 3004 1957 54% 14 117396 6819 70%
c {  0.23 24 34 3  59 3004 1957 57% 6 117396 6819 70%
c F  0.24 24 34 3  60 3005 1958 35% 6 117396 6819 70%
c i  0.25 24 33 3  66 3043 1985 30% 6 117396 6818 70%
c i  0.25 24 33 3  66 3044 1985 29% 6 117396 6817 70%
c -  0.26 24 31 4  93 3192 1643 32% 7 117302 6817 70%
c i  0.28 24 30 4 107 3479 1875 33% 7 117302 6816 70%
c i  0.28 24 29 4 107 3508 1886 33% 7 117302 6815 70%
c i  0.28 24 29 4 120 3636 1979 33% 7 117302 6814 70%
c i  0.28 24 29 4 121 3653 1991 33% 7 117302 6813 70%
c 
c  seconds  reductions  redundant  irredundant
c         MB    restarts       trail      variables
c          level   conflicts       glue        remaining
c 
c i  0.29 24 27 4 121 3796 2093 33% 7 117302 6812 70%
c i  0.31 24 26 4 209 4336 2470 33% 7 117302 6811 70%
c i  0.32 24 26 4 210 4433 2528 33% 7 117302 6810 70%
c i  0.33 24 26 4 254 4716 2731 33% 7 117302 6809 70%
c i  0.33 24 26 4 266 4771 2776 33% 8 117302 6808 70%
c -  0.34 24 26 5 268 4796 1840 33% 8 116869 6808 70%
c d  0.35 24 27 5 278 5001 1993 34% 7 116747 6747 69%
c 2  0.36 24 27 5 278 5001 2000 34% 7 116747 6601 68%
c p  0.43 26 27 5 278 5001 92170 34% 7 116747 6512 67%
c d  0.43 27 27 5 278 5001 86517 34% 7 109505 6494 67%
c d  0.44 27 27 5 278 5001 86513 34% 7 109363 6422 66%
c i  0.44 27 26 5 278 5077 86563 34% 7 109363 6421 66%
c i  0.45 27 25 5 291 5304 86692 34% 7 109363 6420 66%
c i  0.46 27 25 5 291 5332 86718 34% 7 109363 6412 66%
c i  0.47 27 25 5 304 5502 86842 34% 7 109363 6400 66%
c i  0.47 27 25 5 305 5508 86844 34% 7 109363 6399 66%
c i  0.47 27 25 5 315 5648 86944 34% 7 109363 6398 66%
c i  0.47 27 25 5 315 5650 86945 34% 7 109363 6397 66%
c i  0.48 27 24 5 323 5732 86980 34% 7 109363 6394 66%
c i  0.48 27 24 5 326 5842 87040 34% 7 109363 6390 66%
c 
c  seconds  reductions   redundant  irredundant
c         MB    restarts        trail      variables
c          level   conflicts        glue        remaining
c 
c i  0.48 27 24 5 326 5855 87052 34% 7 109363 6335 65%
c i  0.49 27 24 5 327 5891 87066 34% 7 109363 6311 65%
c #  0.49 27 24 5 334 6010 87147 34% 7 109363 6311 65%
c i  0.49 27 24 5 334 6013 87149 34% 7 109363 6310 65%
c i  0.49 27 24 5 334 6041 87159 34% 7 109363 6309 65%
c i  0.50 27 24 5 343 6110 87205 34% 7 109363 6308 65%
c i  0.50 27 24 5 345 6134 87222 34% 7 109363 6307 65%
c i  0.50 27 24 5 347 6148 87231 34% 7 109363 6306 65%
c i  0.50 27 24 5 347 6153 87231 34% 7 109363 6305 65%
c i  0.50 27 24 5 347 6155 87232 34% 7 109363 6304 65%
c i  0.50 27 23 5 353 6291 87313 34% 7 109363 5660 58%
c i  0.51 27 24 5 359 6340 87356 34% 7 109363 5659 58%
c i  0.51 27 24 5 372 6399 87388 34% 8 109363 5657 58%
c i  0.51 27 24 5 373 6403 87389 34% 8 109363 5656 58%
c }  0.51 27 24 5 373 6405 87389 34% 8 109363 3971 41%
c 0  0.51 27 24 5 373 6405 87389 34% 8 109363 3971 41%
c 
c --- [ closing proof ] ------------------------------------------------------
c 
c DRAT proof file '/tmp/conway99-exact-eight-0128-yMF9L4/proof.drat' closed
c DRAT 108626 added clauses 64.95%
c DRAT 58631 deleted clauses 35.05%
c DRAT 5322416 bytes (5.08 MB)
c 
c --- [ result ] -------------------------------------------------------------
c 
s UNSATISFIABLE
c 
c --- [ run-time profiling ] -------------------------------------------------
c 
c process time taken by individual solving procedures
c (percentage relative to process time for solving)
c 
c         0.36   80.04% search
c         0.25   54.78% unstable
c         0.11   24.98% stable
c         0.09   19.67% simplify
c         0.07   14.38% probe
c         0.06   12.54% parse
c         0.01    1.58% ternary
c         0.00    0.28% lucky
c   =================================
c         0.45   88.74% solve
c 
c last line shows process time for solving
c (percentage relative to total process time)
c 
c --- [ statistics ] ---------------------------------------------------------
c 
c chronological:              2803        43.76 %  of conflicts
c conflicts:                  6405     14107.93    per second
c decisions:                 22516     49594.71    per second
c fixed:                      5626        57.71 %  of all variables
c learned:                    5956        92.99 %  per conflict
c learned_lits:             463695       100.00 %  learned literals
c minimized:                     0         0.00 %  learned literals
c shrunken:                 233563        50.37 %  learned literals
c minishrunken:              58503        12.62 %  learned literals
c otfs:                         35         0.55 %  of conflict
c propagations:            4629396        10.20 M  per second
c reduced:                    1321        20.62 %  per conflict
c rephased:                      3      2135.00    interval
c restarts:                    373        17.17    interval
c stabilizing:                   1        31.27 %  of conflicts
c substituted:                 151         1.55 %  of all variables
c subsumed:                   1125         0.52 %  of all clauses
c strengthened:                 34         0.02 %  of all clauses
c ternary:                       7         0.11 %  of resolved
c trail reuses:                  0         0.00 %  of incremental calls
c weakened:                    302         2.00    average size
c 
c seconds are measured in process time for solving
c 
c --- [ resources ] ----------------------------------------------------------
c 
c total process time since initialization:         0.51    seconds
c total real time since initialization:            1.25    seconds
c maximum resident set size of process:           28.31    MB
c 
c --- [ shutting down ] ------------------------------------------------------
c 
c exit 20
