make -C "/mnt/c/Users/ikuto/projects/conway-99-graph/build/research-cadical195/source/build"
make[1]: Entering directory '/mnt/c/Users/ikuto/projects/conway-99-graph/build/research-cadical195/source/build'
g++ -Wall -Wextra -O3 -DNDEBUG -I../build -c ../src/analyze.cpp
g++ -Wall -Wextra -O3 -DNDEBUG -I../build -c ../src/arena.cpp
g++ -Wall -Wextra -O3 -DNDEBUG -I../build -c ../src/assume.cpp
g++ -Wall -Wextra -O3 -DNDEBUG -I../build -c ../src/averages.cpp
g++ -Wall -Wextra -O3 -DNDEBUG -I../build -c ../src/backtrack.cpp
g++ -Wall -Wextra -O3 -DNDEBUG -I../build -c ../src/backward.cpp
g++ -Wall -Wextra -O3 -DNDEBUG -I../build -c ../src/bins.cpp
g++ -Wall -Wextra -O3 -DNDEBUG -I../build -c ../src/block.cpp
g++ -Wall -Wextra -O3 -DNDEBUG -I../build -c ../src/ccadical.cpp
g++ -Wall -Wextra -O3 -DNDEBUG -I../build -c ../src/checker.cpp
g++ -Wall -Wextra -O3 -DNDEBUG -I../build -c ../src/clause.cpp
g++ -Wall -Wextra -O3 -DNDEBUG -I../build -c ../src/collect.cpp
g++ -Wall -Wextra -O3 -DNDEBUG -I../build -c ../src/compact.cpp
g++ -Wall -Wextra -O3 -DNDEBUG -I../build -c ../src/condition.cpp
g++ -Wall -Wextra -O3 -DNDEBUG -I../build -c ../src/config.cpp
g++ -Wall -Wextra -O3 -DNDEBUG -I../build -c ../src/constrain.cpp
g++ -Wall -Wextra -O3 -DNDEBUG -I../build -c ../src/contract.cpp
g++ -Wall -Wextra -O3 -DNDEBUG -I../build -c ../src/cover.cpp
g++ -Wall -Wextra -O3 -DNDEBUG -I../build -c ../src/decide.cpp
g++ -Wall -Wextra -O3 -DNDEBUG -I../build -c ../src/decompose.cpp
g++ -Wall -Wextra -O3 -DNDEBUG -I../build -c ../src/deduplicate.cpp
g++ -Wall -Wextra -O3 -DNDEBUG -I../build -c ../src/drattracer.cpp
g++ -Wall -Wextra -O3 -DNDEBUG -I../build -c ../src/elim.cpp
g++ -Wall -Wextra -O3 -DNDEBUG -I../build -c ../src/ema.cpp
g++ -Wall -Wextra -O3 -DNDEBUG -I../build -c ../src/extend.cpp
g++ -Wall -Wextra -O3 -DNDEBUG -I../build -c ../src/external.cpp
g++ -Wall -Wextra -O3 -DNDEBUG -I../build -c ../src/external_propagate.cpp
g++ -Wall -Wextra -O3 -DNDEBUG -I../build -c ../src/file.cpp
g++ -Wall -Wextra -O3 -DNDEBUG -I../build -c ../src/flags.cpp
g++ -Wall -Wextra -O3 -DNDEBUG -I../build -c ../src/flip.cpp
g++ -Wall -Wextra -O3 -DNDEBUG -I../build -c ../src/format.cpp
g++ -Wall -Wextra -O3 -DNDEBUG -I../build -c ../src/frattracer.cpp
g++ -Wall -Wextra -O3 -DNDEBUG -I../build -c ../src/gates.cpp
g++ -Wall -Wextra -O3 -DNDEBUG -I../build -c ../src/idruptracer.cpp
g++ -Wall -Wextra -O3 -DNDEBUG -I../build -c ../src/instantiate.cpp
g++ -Wall -Wextra -O3 -DNDEBUG -I../build -c ../src/internal.cpp
g++ -Wall -Wextra -O3 -DNDEBUG -I../build -c ../src/ipasir.cpp
g++ -Wall -Wextra -O3 -DNDEBUG -I../build -c ../src/limit.cpp
g++ -Wall -Wextra -O3 -DNDEBUG -I../build -c ../src/logging.cpp
g++ -Wall -Wextra -O3 -DNDEBUG -I../build -c ../src/lookahead.cpp
g++ -Wall -Wextra -O3 -DNDEBUG -I../build -c ../src/lratbuilder.cpp
g++ -Wall -Wextra -O3 -DNDEBUG -I../build -c ../src/lratchecker.cpp
g++ -Wall -Wextra -O3 -DNDEBUG -I../build -c ../src/lrattracer.cpp
g++ -Wall -Wextra -O3 -DNDEBUG -I../build -c ../src/lucky.cpp
g++ -Wall -Wextra -O3 -DNDEBUG -I../build -c ../src/message.cpp
g++ -Wall -Wextra -O3 -DNDEBUG -I../build -c ../src/minimize.cpp
g++ -Wall -Wextra -O3 -DNDEBUG -I../build -c ../src/occs.cpp
g++ -Wall -Wextra -O3 -DNDEBUG -I../build -c ../src/options.cpp
g++ -Wall -Wextra -O3 -DNDEBUG -I../build -c ../src/parse.cpp
g++ -Wall -Wextra -O3 -DNDEBUG -I../build -c ../src/phases.cpp
g++ -Wall -Wextra -O3 -DNDEBUG -I../build -c ../src/probe.cpp
g++ -Wall -Wextra -O3 -DNDEBUG -I../build -c ../src/profile.cpp
g++ -Wall -Wextra -O3 -DNDEBUG -I../build -c ../src/proof.cpp
g++ -Wall -Wextra -O3 -DNDEBUG -I../build -c ../src/propagate.cpp
g++ -Wall -Wextra -O3 -DNDEBUG -I../build -c ../src/queue.cpp
g++ -Wall -Wextra -O3 -DNDEBUG -I../build -c ../src/random.cpp
g++ -Wall -Wextra -O3 -DNDEBUG -I../build -c ../src/reap.cpp
g++ -Wall -Wextra -O3 -DNDEBUG -I../build -c ../src/reduce.cpp
g++ -Wall -Wextra -O3 -DNDEBUG -I../build -c ../src/rephase.cpp
g++ -Wall -Wextra -O3 -DNDEBUG -I../build -c ../src/report.cpp
g++ -Wall -Wextra -O3 -DNDEBUG -I../build -c ../src/resources.cpp
g++ -Wall -Wextra -O3 -DNDEBUG -I../build -c ../src/restart.cpp
g++ -Wall -Wextra -O3 -DNDEBUG -I../build -c ../src/restore.cpp
g++ -Wall -Wextra -O3 -DNDEBUG -I../build -c ../src/score.cpp
g++ -Wall -Wextra -O3 -DNDEBUG -I../build -c ../src/shrink.cpp
g++ -Wall -Wextra -O3 -DNDEBUG -I../build -c ../src/signal.cpp
g++ -Wall -Wextra -O3 -DNDEBUG -I../build -c ../src/solution.cpp
g++ -Wall -Wextra -O3 -DNDEBUG -I../build -c ../src/solver.cpp
g++ -Wall -Wextra -O3 -DNDEBUG -I../build -c ../src/stats.cpp
g++ -Wall -Wextra -O3 -DNDEBUG -I../build -c ../src/subsume.cpp
g++ -Wall -Wextra -O3 -DNDEBUG -I../build -c ../src/terminal.cpp
g++ -Wall -Wextra -O3 -DNDEBUG -I../build -c ../src/ternary.cpp
g++ -Wall -Wextra -O3 -DNDEBUG -I../build -c ../src/transred.cpp
g++ -Wall -Wextra -O3 -DNDEBUG -I../build -c ../src/util.cpp
g++ -Wall -Wextra -O3 -DNDEBUG -I../build -c ../src/var.cpp
g++ -Wall -Wextra -O3 -DNDEBUG -I../build -c ../src/veripbtracer.cpp
../scripts/make-build-header.sh > build.hpp
g++ -Wall -Wextra -O3 -DNDEBUG -I../build -c ../src/vivify.cpp
g++ -Wall -Wextra -O3 -DNDEBUG -I../build -c ../src/walk.cpp
g++ -Wall -Wextra -O3 -DNDEBUG -I../build -c ../src/watch.cpp
g++ -Wall -Wextra -O3 -DNDEBUG -I../build -c ../src/cadical.cpp
g++ -Wall -Wextra -O3 -DNDEBUG -I../build -c ../src/mobical.cpp
g++ -Wall -Wextra -O3 -DNDEBUG -I../build -c ../src/version.cpp
ar rc libcadical.a analyze.o arena.o assume.o averages.o backtrack.o backward.o bins.o block.o ccadical.o checker.o clause.o collect.o compact.o condition.o config.o constrain.o contract.o cover.o decide.o decompose.o deduplicate.o drattracer.o elim.o ema.o extend.o external.o external_propagate.o file.o flags.o flip.o format.o frattracer.o gates.o idruptracer.o instantiate.o internal.o ipasir.o limit.o logging.o lookahead.o lratbuilder.o lratchecker.o lrattracer.o lucky.o message.o minimize.o occs.o options.o parse.o phases.o probe.o profile.o proof.o propagate.o queue.o random.o reap.o reduce.o rephase.o report.o resources.o restart.o restore.o score.o shrink.o signal.o solution.o solver.o stats.o subsume.o terminal.o ternary.o transred.o util.o var.o veripbtracer.o version.o vivify.o walk.o watch.o
g++ -Wall -Wextra -O3 -DNDEBUG -I../build -o cadical cadical.o -L. -lcadical 
g++ -Wall -Wextra -O3 -DNDEBUG -I../build -o mobical mobical.o -L. -lcadical
make[1]: Leaving directory '/mnt/c/Users/ikuto/projects/conway-99-graph/build/research-cadical195/source/build'
../src/decompose.cpp: In member function ‘bool CaDiCaL::Internal::decompose_round()’:
../src/decompose.cpp:641:22: warning: array subscript 2 is above array bounds of ‘int [2]’ [-Warray-bounds=]
  641 |         c->literals[l] = clause[l];
      |         ~~~~~~~~~~~~~^
In file included from ../src/internal.hpp:55,
                 from ../src/decompose.cpp:1:
../src/clause.hpp:86:9: note: while referencing ‘CaDiCaL::Clause::<unnamed union>::literals’
   86 |     int literals[2]; // Of variadic 'size' (shrunken if strengthened).
      |         ^~~~~~~~
