c --- [ banner ] -------------------------------------------------------------
c 
c CaDiCaL SAT Solver
c Copyright (c) 2016-2023 A. Biere, M. Fleury, N. Froleyks, K. Fazekas, F. Pollitt
c 
c Version 1.9.5 146207318796f094dcded87349a64f0c6927309e
c g++ (Ubuntu 13.3.0-6ubuntu2~24.04.1) 13.3.0 -Wall -Wextra -O3 -DNDEBUG
c Wed Sep 30 06:02:32 JST 2026 Linux ikutoPC 6.6.87.2-microsoft-standard-WSL2 x86_64
c 
c --- [ limit ] --------------------------------------------------------------
c 
c setting conflict limit to 1000000 conflicts (due to '1000000')
c 
c --- [ proof tracing ] ------------------------------------------------------
c 
c opening file to write '/tmp/conway99-seven-profile-rank5_49_profile_0002-bSHKc1/proof.drat'
c writing non-binary proof trace to '/tmp/conway99-seven-profile-rank5_49_profile_0002-bSHKc1/proof.drat'
c 
c --- [ parsing input ] ------------------------------------------------------
c 
c reading DIMACS file from '/mnt/c/Users/ikuto/projects/conway-99-graph/acceleration/results/20260930_hadamard_seven_remaining_cnfs/run02/rank5_49_profile_0002/instance.cnf'
c opening file to read '/mnt/c/Users/ikuto/projects/conway-99-graph/acceleration/results/20260930_hadamard_seven_remaining_cnfs/run02/rank5_49_profile_0002/instance.cnf'
c found 'p cnf 9872 170454' header
c parsed 170454 clauses in 0.06 seconds process time
c 
c --- [ options ] ------------------------------------------------------------
c 
c   --binary=false                 (different from default 'true')
c 
c --- [ solving ] ------------------------------------------------------------
c 
c time measured in process time since initialization
c 
c  seconds  reductions  redundant  irredundant
c         MB    restarts       trail      variables
c          level   conflicts       glue        remaining
c 
c *  0.06 18  0 0   0    0    0  0% 0 120522 6945 70%
c {  0.07 18  0 0   0    0    0  0% 0 120522 6945 70%
c i  0.07 18  0 0   0    1    0 31% 0 120522 6868 70%
c i  0.07 18 36 0   0   54   36 51% 14 120522 6867 70%
c i  0.08 19 34 0   1  287  214 50% 9 120522 6866 70%
c i  0.08 19 34 0   1  290  215 50% 9 120522 6865 70%
c -  0.08 19 33 1   1  317  220 49% 9 117062 6865 70%
c i  0.09 19 28 1   5  428  314 50% 8 117062 6864 70%
c i  0.09 19 28 1   5  434  319 50% 8 117062 6863 70%
c i  0.09 19 28 1   5  437  317 50% 8 117062 6862 70%
c i  0.09 19 27 1   5  445  324 50% 8 117062 6860 69%
c i  0.09 19 25 1   5  488  354 49% 7 117062 6845 69%
c }  0.09 19 25 1   5  541  388 49% 7 117062 5976 61%
c 0  0.09 19 25 1   5  541  388 49% 7 117062 5976 61%
c 
c --- [ closing proof ] ------------------------------------------------------
c 
c DRAT proof file '/tmp/conway99-seven-profile-rank5_49_profile_0002-bSHKc1/proof.drat' closed
c DRAT 5689 added clauses 9.41%
c DRAT 54796 deleted clauses 90.59%
c DRAT 1514444 bytes (1.44 MB)
c 
c --- [ result ] -------------------------------------------------------------
c 
s UNSATISFIABLE
c 
c --- [ run-time profiling ] -------------------------------------------------
c 
c process time taken by individual solving procedures
c (percentage relative to process time for solving)
c 
c         0.06  230.96% parse
c         0.03   97.13% search
c         0.03   93.11% unstable
c         0.00    3.90% lucky
c         0.00    0.00% simplify
c   =================================
c         0.03   29.97% solve
c 
c last line shows process time for solving
c (percentage relative to total process time)
c 
c --- [ statistics ] ---------------------------------------------------------
c 
c chronological:               296        54.71 %  of conflicts
c conflicts:                   541     19684.18    per second
c decisions:                  1574     57269.68    per second
c fixed:                      3896        39.47 %  of all variables
c learned:                     473        87.43 %  per conflict
c learned_lits:              23227       100.00 %  learned literals
c minimized:                     0         0.00 %  learned literals
c shrunken:                  12215        52.59 %  learned literals
c minishrunken:                862         3.71 %  learned literals
c otfs:                          6         1.11 %  of conflict
c propagations:             291916        10.62 M  per second
c restarts:                      5       108.20    interval
c subsumed:                     74         0.06 %  of all clauses
c strengthened:                  6         0.00 %  of all clauses
c trail reuses:                  0         0.00 %  of incremental calls
c 
c seconds are measured in process time for solving
c 
c --- [ resources ] ----------------------------------------------------------
c 
c total process time since initialization:         0.09    seconds
c total real time since initialization:            0.77    seconds
c maximum resident set size of process:           19.51    MB
c 
c --- [ shutting down ] ------------------------------------------------------
c 
c exit 20
