c --- [ banner ] -------------------------------------------------------------
c 
c CaDiCaL SAT Solver
c Copyright (c) 2016-2023 A. Biere, M. Fleury, N. Froleyks, K. Fazekas, F. Pollitt
c 
c Version 1.9.5 146207318796f094dcded87349a64f0c6927309e
c g++ (Ubuntu 13.3.0-6ubuntu2~24.04.1) 13.3.0 -Wall -Wextra -O3 -DNDEBUG
c Wed Sep 30 06:02:32 JST 2026 Linux ikutoPC 6.6.87.2-microsoft-standard-WSL2 x86_64
c 
c --- [ limit ] --------------------------------------------------------------
c 
c setting conflict limit to 1000000 conflicts (due to '1000000')
c 
c --- [ proof tracing ] ------------------------------------------------------
c 
c opening file to write '/tmp/conway99-seven-profile-rank5_08_profile_0005-ArD8JZ/proof.drat'
c writing non-binary proof trace to '/tmp/conway99-seven-profile-rank5_08_profile_0005-ArD8JZ/proof.drat'
c 
c --- [ parsing input ] ------------------------------------------------------
c 
c reading DIMACS file from '/mnt/c/Users/ikuto/projects/conway-99-graph/acceleration/results/20260930_hadamard_seven_remaining_cnfs/run01/rank5_08_profile_0005/instance.cnf'
c opening file to read '/mnt/c/Users/ikuto/projects/conway-99-graph/acceleration/results/20260930_hadamard_seven_remaining_cnfs/run01/rank5_08_profile_0005/instance.cnf'
c found 'p cnf 9880 170650' header
c parsed 170650 clauses in 0.07 seconds process time
c 
c --- [ options ] ------------------------------------------------------------
c 
c   --binary=false                 (different from default 'true')
c 
c --- [ solving ] ------------------------------------------------------------
c 
c time measured in process time since initialization
c 
c  seconds  reductions  redundant  irredundant
c         MB    restarts       trail      variables
c          level   conflicts       glue        remaining
c 
c *  0.07 17  0 0   0    0    0  0% 0 120722 6954 70%
c {  0.07 18  0 0   0    0    0  0% 0 120722 6954 70%
c i  0.08 18 32 0  21  244  200 56% 7 120722 6953 70%
c i  0.08 18 33 0  21  249  202 55% 7 120722 6952 70%
c i  0.08 18 33 0  21  263  206 54% 7 120722 6950 70%
c i  0.08 19 33 0  25  274  215 55% 7 120722 6949 70%
c i  0.08 19 33 0  25  275  215 55% 7 120722 6948 70%
c i  0.08 19 33 0  25  279  218 55% 7 120722 6947 70%
c -  0.09 19 31 1  25  302  228 55% 6 120278 6947 70%
c i  0.09 19 30 1  25  309  231 55% 6 120278 6946 70%
c i  0.09 19 28 1  25  344  246 54% 6 120278 6945 70%
c i  0.10 19 23 1  30  519  395 55% 6 120278 6944 70%
c i  0.10 19 21 1  33  631  465 56% 5 120278 6943 70%
c i  0.10 19 21 1  33  634  467 56% 5 120278 6904 70%
c i  0.11 19 21 1  34  711  527 56% 5 120278 6875 70%
c i  0.11 19 21 1  49  804  590 56% 6 120278 6874 70%
c i  0.11 19 21 1  49  806  590 56% 6 120278 6873 70%
c i  0.11 19 21 1  51  843  618 56% 6 120278 6872 70%
c i  0.12 19 20 1  61  932  681 56% 6 120278 5287 54%
c -  0.13 21 20 2  62  957  123 56% 6 66570 5287 54%
c 
c  seconds  reductions  redundant  irredundant
c         MB    restarts       trail     variables
c          level   conflicts       glue       remaining
c 
c }  0.13 21 20 2  70 1000  157 56% 6 66570 5287 54%
c [  0.13 21  0 2  70 1000  157  0% 0 66570 5287 54%
c O  0.13 21 14 2  70 1002  159 63% 1 66570 5287 54%
c i  0.13 21  6 2  70 1020  171 61% 3 66570 5285 53%
c i  0.13 21 10 2  70 1038  187 59% 6 66570 5283 53%
c i  0.13 21  9 2  70 1059  197 58% 6 66570 5282 53%
c ]  0.13 21  9 2  70 1063  198 58% 5 66570 4514 46%
c 0  0.14 21  9 2  70 1063  198 58% 5 66570 4514 46%
c 
c --- [ closing proof ] ------------------------------------------------------
c 
c DRAT proof file '/tmp/conway99-seven-profile-rank5_08_profile_0005-ArD8JZ/proof.drat' closed
c DRAT 10904 added clauses 9.06%
c DRAT 109419 deleted clauses 90.94%
c DRAT 2933279 bytes (2.80 MB)
c 
c --- [ result ] -------------------------------------------------------------
c 
s UNSATISFIABLE
c 
c --- [ run-time profiling ] -------------------------------------------------
c 
c process time taken by individual solving procedures
c (percentage relative to process time for solving)
c 
c         0.07  105.39% parse
c         0.06   99.23% search
c         0.06   93.63% unstable
c         0.00    3.66% stable
c         0.00    1.90% lucky
c         0.00    0.00% simplify
c   =================================
c         0.07   48.39% solve
c 
c last line shows process time for solving
c (percentage relative to total process time)
c 
c --- [ statistics ] ---------------------------------------------------------
c 
c chronological:               479        45.06 %  of conflicts
c conflicts:                  1063     16261.28    per second
c decisions:                  3953     60471.16    per second
c fixed:                      5366        54.31 %  of all variables
c learned:                     943        88.71 %  per conflict
c learned_lits:              53906       100.00 %  learned literals
c minimized:                     0         0.00 %  learned literals
c shrunken:                  34031        63.13 %  learned literals
c minishrunken:               2783         5.16 %  learned literals
c otfs:                         14         1.32 %  of conflict
c propagations:             539930         8.26 M  per second
c reduced:                       8         0.75 %  per conflict
c rephased:                      1      1063.00    interval
c restarts:                     70        15.19    interval
c stabilizing:                   1         5.93 %  of conflicts
c subsumed:                    148         0.12 %  of all clauses
c strengthened:                 14         0.01 %  of all clauses
c trail reuses:                  0         0.00 %  of incremental calls
c 
c seconds are measured in process time for solving
c 
c --- [ resources ] ----------------------------------------------------------
c 
c total process time since initialization:         0.14    seconds
c total real time since initialization:            0.89    seconds
c maximum resident set size of process:           21.55    MB
c 
c --- [ shutting down ] ------------------------------------------------------
c 
c exit 20
