[
  {
    "matrix": "27I-9A+J",
    "result": {
      "psd": false,
      "rank": null,
      "rank_null_reason": "A negative-direction certificate already falsifies PSD; full rank was not needed.",
      "reason": "NEGATIVE_DIAGONAL_CONGRUENCE_PIVOT",
      "integer_negative_vector": [
        -2608344714,
        1548676155,
        -4236044793,
        -3027378079,
        4834666856,
        -14959441044,
        340009441,
        3344775892,
        0,
        -1672772970,
        -8423805240,
        8397986930,
        -2794219740,
        583831340,
        -5925741530,
        7560954120,
        -1954032930,
        -1533472070,
        0,
        9111887200,
        4072023610,
        -1354099640,
        -7210682190,
        9228805560,
        -1634282670,
        11162347100,
        5159370380,
        -4248976930,
        0,
        -10194385680,
        -286669310,
        -4557326480,
        -11179164950,
        1302458460,
        -4300508670,
        -1997695310,
        -4328528820,
        -10218721580,
        0,
        0,
        0,
        0,
        0,
        0,
        0,
        0,
        0,
        0,
        0,
        0,
        0,
        0,
        0,
        0,
        12199725280,
        0,
        0,
        0,
        0
      ],
      "support": [
        0,
        1,
        2,
        3,
        4,
        5,
        6,
        7,
        9,
        10,
        11,
        12,
        13,
        14,
        15,
        16,
        17,
        19,
        20,
        21,
        22,
        23,
        24,
        25,
        26,
        27,
        29,
        30,
        31,
        32,
        33,
        34,
        35,
        36,
        37,
        54
      ],
      "quadratic_value": -336188291251762946880
    }
  },
  {
    "matrix": "A+4I",
    "result": {
      "psd": false,
      "rank": null,
      "rank_null_reason": "A negative-direction certificate already falsifies PSD; full rank was not needed.",
      "reason": "NEGATIVE_DIAGONAL_CONGRUENCE_PIVOT",
      "integer_negative_vector": [
        4382973408705522,
        1337479826915093,
        -2798470963150267,
        1613850817790166,
        -18835534339479521,
        11071999613638675,
        -3074841954025340,
        11901112586263894,
        -5598568996658222,
        -423466034535338,
        -2313219123954539,
        2073610417067736,
        -6535956576332526,
        1951046385786310,
        -3980192639535058,
        -6009266776590315,
        3809657585436592,
        -3803818131864870,
        621693532170268,
        3294688448198707,
        3215550270512462,
        8794303469019943,
        8542454722509316,
        143796858044709,
        8680596735496979,
        8629062105234365,
        5188451117779700,
        2928790786514075,
        0,
        -1427922982657817,
        146909931520770,
        429109782469756,
        -7325734136908178,
        -4622425941082070,
        3640265257697741,
        -4569349938816059,
        -3610451086627381,
        -1329675858653618,
        0,
        -6306624835704277,
        -4592967682385402,
        -3386512415429435,
        -1760252300013430,
        -742698211600999,
        -4643929436674043,
        0,
        0,
        0,
        0,
        5294476703905926,
        0,
        0,
        0,
        0,
        0,
        0,
        0,
        0,
        0
      ],
      "support": [
        0,
        1,
        2,
        3,
        4,
        5,
        6,
        7,
        8,
        9,
        10,
        11,
        12,
        13,
        14,
        15,
        16,
        17,
        18,
        19,
        20,
        21,
        22,
        23,
        24,
        25,
        26,
        27,
        29,
        30,
        31,
        32,
        33,
        34,
        35,
        36,
        37,
        39,
        40,
        41,
        42,
        43,
        44,
        49
      ],
      "quadratic_value": -11311694279769967297357867449072
    }
  }
]
