c --- [ banner ] -------------------------------------------------------------
c 
c CaDiCaL SAT Solver
c Copyright (c) 2016-2023 A. Biere, M. Fleury, N. Froleyks, K. Fazekas, F. Pollitt
c 
c Version 1.9.5 146207318796f094dcded87349a64f0c6927309e
c g++ (Ubuntu 13.3.0-6ubuntu2~24.04.1) 13.3.0 -Wall -Wextra -O3 -DNDEBUG
c Wed Sep 30 06:02:32 JST 2026 Linux ikutoPC 6.6.87.2-microsoft-standard-WSL2 x86_64
c 
c --- [ limit ] --------------------------------------------------------------
c 
c setting conflict limit to 1000000 conflicts (due to '1000000')
c 
c --- [ proof tracing ] ------------------------------------------------------
c 
c opening file to write '/tmp/conway99-exact-eight-0058-BPF0oh/proof.drat'
c writing non-binary proof trace to '/tmp/conway99-exact-eight-0058-BPF0oh/proof.drat'
c 
c --- [ parsing input ] ------------------------------------------------------
c 
c reading DIMACS file from '/mnt/c/Users/ikuto/projects/conway-99-graph/acceleration/results/20260930_exact_eight_next64_cnfs_part00/case_0058/instance.cnf'
c opening file to read '/mnt/c/Users/ikuto/projects/conway-99-graph/acceleration/results/20260930_exact_eight_next64_cnfs_part00/case_0058/instance.cnf'
c found 'p cnf 9748 167416' header
c parsed 167416 clauses in 0.06 seconds process time
c 
c --- [ options ] ------------------------------------------------------------
c 
c   --binary=false                 (different from default 'true')
c 
c --- [ solving ] ------------------------------------------------------------
c 
c time measured in process time since initialization
c 
c  seconds  reductions  redundant  irredundant
c         MB    restarts       trail      variables
c          level   conflicts       glue        remaining
c 
c *  0.06 17  0 0   0    0    0  0% 0 117490 6820 70%
c {  0.06 18  0 0   0    0    0  0% 0 117490 6820 70%
c i  0.07 18 19 0   3  253  158 45% 5 117490 6804 70%
c i  0.07 18 19 0   3  254  158 45% 5 117490 6803 70%
c i  0.08 18 21 0   9  302  197 46% 5 117490 6802 70%
c -  0.08 19 21 1   9  302  120 46% 5 116792 6802 70%
c i  0.08 19 21 1  22  419  216 47% 6 116792 6801 70%
c i  0.09 19 20 1  31  698  422 49% 6 116792 6800 70%
c i  0.10 19 20 1  31  699  422 48% 6 116792 6799 70%
c i  0.10 19 22 1  63  902  559 48% 6 116792 6798 70%
c -  0.11 23 22 2  63  954  519 48% 6 116604 6798 70%
c }  0.12 23 22 2  63 1000  554 48% 6 116604 6798 70%
c [  0.12 23  0 2  63 1000  554  0% 0 116604 6798 70%
c O  0.12 23 76 2  63 1017  571 48% 10 116604 6798 70%
c i  0.12 23 28 2  63 1062  597 50% 7 116604 6796 70%
c i  0.12 23 18 2  63 1212  710 49% 6 116604 5960 61%
c i  0.13 23 18 2  63 1228  718 49% 6 116604 5908 61%
c i  0.13 23 17 2  63 1229  718 49% 6 116604 5875 60%
c i  0.13 23 17 2  63 1230  718 49% 6 116604 5874 60%
c i  0.13 23 17 2  63 1231  718 49% 6 116604 5872 60%
c 
c  seconds  reductions  redundant  irredundant
c         MB    restarts       trail      variables
c          level   conflicts       glue        remaining
c 
c i  0.13 23 17 2  63 1232  718 49% 6 116604 5871 60%
c i  0.13 23 17 2  63 1236  719 49% 6 116604 5788 59%
c i  0.13 23 17 2  63 1237  719 49% 6 116604 5784 59%
c i  0.13 23 17 2  63 1238  719 49% 6 116604 5773 59%
c ]  0.13 23 17 2  63 1241  719 49% 6 116604 5558 57%
c 0  0.13 23 17 2  63 1241  719 49% 6 116604 5558 57%
c 
c --- [ closing proof ] ------------------------------------------------------
c 
c DRAT proof file '/tmp/conway99-exact-eight-0058-BPF0oh/proof.drat' closed
c DRAT 6511 added clauses 11.05%
c DRAT 52413 deleted clauses 88.95%
c DRAT 1524747 bytes (1.45 MB)
c 
c --- [ result ] -------------------------------------------------------------
c 
s UNSATISFIABLE
c 
c --- [ run-time profiling ] -------------------------------------------------
c 
c process time taken by individual solving procedures
c (percentage relative to process time for solving)
c 
c         0.06  102.15% parse
c         0.06   98.87% search
c         0.05   81.66% unstable
c         0.01   16.32% stable
c         0.00    0.83% lucky
c         0.00    0.00% simplify
c   =================================
c         0.06   49.20% solve
c 
c last line shows process time for solving
c (percentage relative to total process time)
c 
c --- [ statistics ] ---------------------------------------------------------
c 
c chronological:               557        44.88 %  of conflicts
c conflicts:                  1241     20004.19    per second
c decisions:                  4246     68443.03    per second
c fixed:                      4190        42.98 %  of all variables
c learned:                    1064        85.74 %  per conflict
c learned_lits:              46980       100.00 %  learned literals
c minimized:                     0         0.00 %  learned literals
c shrunken:                  21618        46.02 %  learned literals
c minishrunken:               4910        10.45 %  learned literals
c otfs:                         10         0.81 %  of conflict
c propagations:             660706        10.65 M  per second
c reduced:                      10         0.81 %  per conflict
c rephased:                      1      1241.00    interval
c restarts:                     63        19.70    interval
c stabilizing:                   1        19.42 %  of conflicts
c subsumed:                    175         0.15 %  of all clauses
c strengthened:                 10         0.01 %  of all clauses
c trail reuses:                  0         0.00 %  of incremental calls
c 
c seconds are measured in process time for solving
c 
c --- [ resources ] ----------------------------------------------------------
c 
c total process time since initialization:         0.13    seconds
c total real time since initialization:            0.77    seconds
c maximum resident set size of process:           23.28    MB
c 
c --- [ shutting down ] ------------------------------------------------------
c 
c exit 20
