c --- [ banner ] -------------------------------------------------------------
c 
c CaDiCaL SAT Solver
c Copyright (c) 2016-2023 A. Biere, M. Fleury, N. Froleyks, K. Fazekas, F. Pollitt
c 
c Version 1.9.5 146207318796f094dcded87349a64f0c6927309e
c g++ (Ubuntu 13.3.0-6ubuntu2~24.04.1) 13.3.0 -Wall -Wextra -O3 -DNDEBUG
c Wed Sep 30 06:02:32 JST 2026 Linux ikutoPC 6.6.87.2-microsoft-standard-WSL2 x86_64
c 
c --- [ limit ] --------------------------------------------------------------
c 
c setting conflict limit to 1000000 conflicts (due to '1000000')
c 
c --- [ proof tracing ] ------------------------------------------------------
c 
c opening file to write '/tmp/conway99-exact-eight-0080-YMF7Im/proof.drat'
c writing non-binary proof trace to '/tmp/conway99-exact-eight-0080-YMF7Im/proof.drat'
c 
c --- [ parsing input ] ------------------------------------------------------
c 
c reading DIMACS file from '/mnt/c/Users/ikuto/projects/conway-99-graph/acceleration/results/20260930_exact_eight_next64_cnfs_part02/case_0080/instance.cnf'
c opening file to read '/mnt/c/Users/ikuto/projects/conway-99-graph/acceleration/results/20260930_exact_eight_next64_cnfs_part02/case_0080/instance.cnf'
c found 'p cnf 9748 167416' header
c parsed 167416 clauses in 0.06 seconds process time
c 
c --- [ options ] ------------------------------------------------------------
c 
c   --binary=false                 (different from default 'true')
c 
c --- [ solving ] ------------------------------------------------------------
c 
c time measured in process time since initialization
c 
c  seconds  reductions  redundant  irredundant
c         MB    restarts       trail      variables
c          level   conflicts       glue        remaining
c 
c *  0.06 17  0 0   0    0    0  0% 0 117490 6820 70%
c {  0.06 18  0 0   0    0    0  0% 0 117490 6820 70%
c i  0.07 19 17 0  10  231  181 54% 5 117490 6819 70%
c -  0.08 19 16 1  10  300  131 55% 5 117323 6819 70%
c i  0.09 19 15 1  33  665  407 53% 5 117323 6818 70%
c i  0.10 19 18 1  62  859  532 51% 6 117323 6817 70%
c -  0.11 24 19 2  79  941  547 51% 6 117229 6817 70%
c i  0.11 24 18 2  83  972  575 51% 6 117229 6816 70%
c i  0.11 24 18 2  83  974  576 51% 6 117229 6815 70%
c i  0.11 24 18 2  83  996  592 51% 6 117229 6814 70%
c }  0.11 24 18 2  83 1007  601 51% 6 117229 6814 70%
c [  0.11 24  0 2  83 1007  601  0% 0 117229 6814 70%
c O  0.11 24  2 2  83 1008  602 54% 1 117229 6814 70%
c i  0.12 24  8 2  83 1078  641 59% 4 117229 6812 70%
c i  0.12 24 24 2  83 1168  716 54% 9 117229 6811 70%
c i  0.12 24 24 2  83 1172  717 54% 9 117229 6810 70%
c i  0.12 24 24 2  83 1229  758 53% 10 117229 6809 70%
c i  0.13 24 24 2  83 1258  782 54% 10 117229 6808 70%
c i  0.13 24 24 2  83 1339  848 54% 10 117229 6803 70%
c ]  0.14 24 19 2  83 1597 1048 53% 8 117229 5966 61%
c 
c  seconds  reductions  redundant  irredundant
c         MB    restarts       trail      variables
c          level   conflicts       glue        remaining
c 
c 0  0.14 24 19 2  83 1597 1048 53% 8 117229 5966 61%
c 
c --- [ closing proof ] ------------------------------------------------------
c 
c DRAT proof file '/tmp/conway99-exact-eight-0080-YMF7Im/proof.drat' closed
c DRAT 6257 added clauses 10.81%
c DRAT 51613 deleted clauses 89.19%
c DRAT 1540539 bytes (1.47 MB)
c 
c --- [ result ] -------------------------------------------------------------
c 
s UNSATISFIABLE
c 
c --- [ run-time profiling ] -------------------------------------------------
c 
c process time taken by individual solving procedures
c (percentage relative to process time for solving)
c 
c         0.09   99.12% search
c         0.06   66.66% parse
c         0.05   62.30% unstable
c         0.03   35.58% stable
c         0.00    1.17% lucky
c         0.00    0.00% simplify
c   =================================
c         0.09   59.66% solve
c 
c last line shows process time for solving
c (percentage relative to total process time)
c 
c --- [ statistics ] ---------------------------------------------------------
c 
c chronological:               675        42.27 %  of conflicts
c conflicts:                  1597     18603.08    per second
c decisions:                  5325     62029.68    per second
c fixed:                      3782        38.80 %  of all variables
c learned:                    1460        91.42 %  per conflict
c learned_lits:              85866       100.00 %  learned literals
c minimized:                     0         0.00 %  learned literals
c shrunken:                  40432        47.09 %  learned literals
c minishrunken:              10048        11.70 %  learned literals
c otfs:                         18         1.13 %  of conflict
c propagations:             896625        10.44 M  per second
c reduced:                      24         1.50 %  per conflict
c rephased:                      1      1597.00    interval
c restarts:                     83        19.24    interval
c stabilizing:                   1        36.88 %  of conflicts
c subsumed:                    235         0.20 %  of all clauses
c strengthened:                 17         0.01 %  of all clauses
c trail reuses:                  0         0.00 %  of incremental calls
c 
c seconds are measured in process time for solving
c 
c --- [ resources ] ----------------------------------------------------------
c 
c total process time since initialization:         0.14    seconds
c total real time since initialization:            0.77    seconds
c maximum resident set size of process:           23.81    MB
c 
c --- [ shutting down ] ------------------------------------------------------
c 
c exit 20
