c --- [ banner ] -------------------------------------------------------------
c 
c CaDiCaL SAT Solver
c Copyright (c) 2016-2023 A. Biere, M. Fleury, N. Froleyks, K. Fazekas, F. Pollitt
c 
c Version 1.9.5 146207318796f094dcded87349a64f0c6927309e
c g++ (Ubuntu 13.3.0-6ubuntu2~24.04.1) 13.3.0 -Wall -Wextra -O3 -DNDEBUG
c Wed Sep 30 06:02:32 JST 2026 Linux ikutoPC 6.6.87.2-microsoft-standard-WSL2 x86_64
c 
c --- [ limit ] --------------------------------------------------------------
c 
c setting conflict limit to 1000000 conflicts (due to '1000000')
c 
c --- [ proof tracing ] ------------------------------------------------------
c 
c opening file to write '/tmp/conway99-direct-cell-vrJzsR/proof.drat'
c writing non-binary proof trace to '/tmp/conway99-direct-cell-vrJzsR/proof.drat'
c 
c --- [ parsing input ] ------------------------------------------------------
c 
c reading DIMACS file from '/mnt/c/Users/ikuto/projects/conway-99-graph/acceleration/results/20260930_direct_cell_count_cnf/at_least_seven/instance.cnf'
c opening file to read '/mnt/c/Users/ikuto/projects/conway-99-graph/acceleration/results/20260930_direct_cell_count_cnf/at_least_seven/instance.cnf'
c found 'p cnf 169151 968960' header
c parsed 968960 clauses in 0.44 seconds process time
c 
c --- [ options ] ------------------------------------------------------------
c 
c   --binary=false                 (different from default 'true')
c 
c --- [ solving ] ------------------------------------------------------------
c 
c time measured in process time since initialization
c 
c  seconds   reductions  redundant  irredundant
c          MB    restarts       trail       variables
c           level   conflicts       glue          remaining
c 
c *  0.44 124  0 0   0    0    0  0% 0 960706 169141 100%
c {  0.45 125  0 0   0    0    0  0% 0 960706 169141 100%
c -  0.48 125 434 1   5  300   54  4% 5 960680 169141 100%
c }  0.58 128 350 1  39 1005  353 39% 7 960592 169141 100%
c [  0.58 128  0 1  39 1005  353  0% 0 960592 169141 100%
c O  0.58 129  2 1  39 1006  354 43% 1 960592 169141 100%
c -  0.75 169 175 2  39 1489  644 49% 31 960592 169141 100%
c ]  0.89 169 239 2  40 3117 1303 48% 75 960592 169141 100%
c {  0.89 169 350 2  40 3117 1303 39% 7 960592 169141 100%
c F  0.90 169 350 2  40 3118 1304 39% 7 960592 169141 100%
c -  1.00 170 315 3  40 3274 1272 41% 7 960590 169141 100%
c d  1.29 181 333 3  81 5000 2244 53% 6 960524 169138 100%
c 3  1.36 174 333 3  81 5000 3106 53% 6 960461 169138 100%
c 2  1.44 174 333 3  81 5000 3285 53% 6 960423 169137 100%
c p  1.48 174 333 3  81 5000 14095 53% 6 960423 169137 100%
c s  1.61 188 330 3  82 5014 13427 53% 7 960344 169137 100%
c v  1.70 188 330 3  82 5014 13427 53% 7 960290 169137 100%
c e  2.59 162 330 3  82 5014 10760 53% 7 958314 129572 77%
c s  2.67 162 330 3  82 5014 10753 53% 7 958314 129572 77%
c ^  2.73 170 330 3  82 5014 10753 53% 7 958314 129572 77%
c 
c  seconds    reductions  redundant  irredundant
c          MB     restarts       trail       variables
c            level   conflicts       glue          remaining
c 
c -  3.02 154 294 4 107 5653 1412 57% 7 958304 129572 77%
c #  3.09 154 265 4 120 6120 1679 61% 6 958302 129572 77%
c }  3.29 154 247 4 158 7334 2251 61% 7 958299 129572 77%
c [  3.29 154 239 4 158 7334 2251 62% 75 958299 129572 77%
c -  3.59 157 228 5 158 8626 2610 66% 47 958285 129572 77%
c I  3.78 157 209 5 159 10128 3486 67% 39 958268 129572 77%
c -  4.10 158 483 6 160 12194 4169 67% 58 958247 129572 77%
c d  4.62 159 450 6 162 15001 6355 66% 45 958234 129567 77%
c 3  4.70 160 450 6 162 15001 33390 66% 45 956706 129567 77%
c 3  4.76 160 450 6 162 15001 38086 66% 45 956703 129567 77%
c 2  4.85 160 450 6 162 15001 38085 66% 45 956609 129567 77%
c p  4.87 160 450 6 162 15001 40230 66% 45 956609 129567 77%
c B  4.93 160 443 6 162 15129 40342 66% 45 956609 129567 77%
c ]  4.97 160 440 6 162 15334 40471 66% 45 956609 129567 77%
c {  4.97 160 247 6 162 15334 40471 61% 7 956609 129567 77%
c -  5.28 160 230 7 283 16355 5928 57% 7 956609 129567 77%
c s  5.38 165 238 7 326 16570 5964 56% 8 953489 129567 77%
c v  5.49 165 238 7 326 16570 5964 56% 8 952898 129567 77%
c w  5.54 165 238 7 326 16570 5962 56% 8 952898 129567 77%
c e  6.25 165 238 7 326 16570 5559 56% 8 953076 129272 76%
c 
c  seconds    reductions   redundant  irredundant
c          MB     restarts        trail       variables
c            level    conflicts       glue          remaining
c 
c s  6.26 165 238 7 326 16570 5535 56% 8 952483 129272 76%
c e  6.30 165 238 7 326 16570 5535 56% 8 952414 129271 76%
c i  6.56 165 214 7 455 17974 6324 54% 8 952414 129270 76%
c -  7.03 164 177 8 581 21110 6199 53% 8 952405 129270 76%
c B  7.04 164 177 8 581 21130 6219 53% 8 952405 129270 76%
c -  7.85 165 140 9 777 26452 8008 51% 9 952405 129270 76%
c W  8.39 165 164 9 795 28430 9159 52% 9 952405 129270 76%
c d  8.66 165 160 9 884 30006 10406 52% 9 952405 129263 76%
c 3  8.73 165 160 9 884 30006 14674 52% 9 952405 129263 76%
c 3  8.77 165 160 9 884 30006 14773 52% 9 952405 129263 76%
c 2  8.86 165 160 9 884 30006 14764 52% 9 952160 129263 76%
c p  8.89 165 160 9 884 30006 17992 52% 9 952160 129263 76%
c }  9.11 165 169 9 953 31337 19073 52% 9 952160 129263 76%
c [  9.11 165 440 9 953 31337 19073 66% 45 952160 129263 76%
c -  9.32 165 479 10 953 32390 9393 65% 41 952160 129263 76%
c s  9.52 165 520 10 954 33859 10742 65% 36 952128 129263 76%
c v  9.62 165 520 10 954 33859 10742 65% 36 951972 129263 76%
c w  9.67 165 520 10 954 33859 10741 65% 36 951972 129263 76%
c t  9.70 165 520 10 954 33859 10741 65% 36 951966 129263 76%
c e  9.78 165 520 10 954 33859 10741 65% 36 951964 129262 76%
c 
c  seconds    reductions     redundant   irredundant
c          MB      restarts         trail        variables
c            level     conflicts        glue           remaining
c 
c s  9.79 165 520 10 954 33859 10733 65% 36 951964 129262 76%
c W 10.76 165 414 10 954 36431 13178 62% 31 951964 129262 76%
c - 11.28 170 361 11 957 38919 11960 62% 29 951964 129262 76%
c O 12.39 170 292 11 960 45434 17631 64% 26 951964 129262 76%
c - 12.57 170 284 12 961 46042 12889 64% 25 951964 129262 76%
c d 13.21 170 251 12 961 50006 16324 64% 24 951964 129261 76%
c 3 13.27 170 251 12 961 50006 17329 64% 24 951964 129261 76%
c 3 13.30 170 251 12 961 50006 17725 64% 24 951964 129261 76%
c 2 13.38 170 251 12 961 50006 17723 64% 24 951945 129261 76%
c p 13.40 170 251 12 961 50006 19878 64% 24 951945 129261 76%
c - 13.99 168 218 13 962 53760 14301 63% 22 951945 129261 76%
c B 14.19 168 206 13 962 55435 15816 63% 22 951945 129261 76%
c s 14.48 168 198 13 962 56904 17092 63% 21 951937 129261 76%
c v 14.58 168 198 13 962 56904 17092 63% 21 951863 129261 76%
c w 14.63 168 198 13 962 56904 17089 63% 21 951863 129261 76%
c t 14.65 168 198 13 962 56904 17089 63% 21 951860 129261 76%
c s 14.71 168 198 13 962 56904 17084 63% 21 951860 129261 76%
c - 15.57 170 176 14 965 62070 15357 62% 20 951860 129261 76%
c ] 15.71 170 170 14 965 63337 16513 62% 20 951860 129261 76%
c { 15.71 170 169 14 965 63337 16513 52% 9 951860 129261 76%
c 
c  seconds    reductions      redundant  irredundant
c          MB      restarts          trail       variables
c            level      conflicts        glue          remaining
c 
c F 16.13 170 157 14 1059 66437 18862 52% 9 951860 129261 76%
c - 16.78 167 140 15 1178 70978 16323 52% 10 951860 129261 76%
c 3 17.38 167 137 15 1312 75200 21184 52% 10 951860 129261 76%
c 3 17.41 167 137 15 1312 75200 21696 52% 10 951860 129261 76%
c 2 17.49 167 137 15 1312 75200 21694 52% 10 951860 129261 76%
c p 17.53 167 137 15 1312 75200 24939 52% 10 951860 129261 76%
c B 17.97 167 134 15 1390 78438 27524 51% 10 951860 129261 76%
c - 18.29 167 128 16 1442 80475 17983 51% 10 951860 129261 76%
c s 18.84 167 110 16 1481 85711 22406 51% 10 951848 129261 76%
c v 18.95 167 110 16 1481 85711 22406 51% 10 951686 129261 76%
c w 19.00 167 110 16 1481 85711 22404 51% 10 951686 129261 76%
c s 19.10 167 110 16 1481 85711 22373 51% 10 951686 129261 76%
c - 19.90 167 103 17 1593 90566 20160 51% 10 951686 129261 76%
c W 21.04 167 101 17 1601 91440 20983 51% 10 951686 129261 76%
c - 23.17 171 107 18 2212 102519 21537 50% 11 951686 129261 76%
c d 23.67 171 104 18 2256 105200 23872 51% 11 951686 129259 76%
c 3 23.74 171 104 18 2256 105200 26130 51% 11 951686 129259 76%
c 3 23.77 171 104 18 2256 105200 26898 51% 11 951686 129259 76%
c 2 23.86 171 104 18 2256 105200 26898 51% 11 951632 129259 76%
c p 23.91 171 104 18 2256 105200 31187 51% 11 951632 129259 76%
c 
c  seconds    reductions       redundant   irredundant
c          MB      restarts           trail        variables
c            level      conflicts         glue           remaining
c 
c # 23.99 171 103 18 2258 105441 31401 51% 11 951632 129259 76%
c - 25.05 171 96 19 2410 113798 24134 51% 11 951632 129259 76%
c s 26.16 171 93 19 2632 120274 29359 51% 11 951611 129259 76%
c v 26.29 171 93 19 2632 120274 29359 51% 11 951403 129259 76%
c w 26.34 171 93 19 2632 120274 29355 51% 11 951403 129259 76%
c t 26.40 171 93 19 2632 120274 29355 51% 11 951392 129259 76%
c s 26.48 171 93 19 2632 120274 29341 51% 11 951391 129259 76%
c B 26.59 171 93 19 2648 120444 29459 51% 11 951391 129259 76%
c - 27.48 173 92 20 2830 125668 25165 51% 11 951391 129259 76%
c } 27.85 173 92 20 2909 127337 26332 51% 11 951391 129259 76%
c [ 27.85 173 170 20 2909 127337 26332 62% 20 951391 129259 76%
c W 31.52 173 149 20 2913 136448 33998 62% 19 951391 129259 76%
c - 31.99 208 150 21 2915 138132 27280 61% 20 951391 129259 76%
c d 32.42 210 144 21 2916 140201 29009 61% 19 951391 129253 76%
c 3 32.49 210 144 21 2916 140201 31324 61% 19 951391 129253 76%
c 3 32.52 210 144 21 2916 140201 32314 61% 19 951391 129253 76%
c 2 32.61 210 144 21 2916 140201 32313 61% 19 951290 129253 76%
c p 32.66 210 144 21 2916 140201 37482 61% 19 951290 129253 76%
c - 34.83 199 208 22 2920 151189 26708 61% 26 951290 129253 76%
c I 35.20 199 229 22 2921 153450 28076 62% 26 951290 129253 76%
c 
c  seconds    reductions       redundant   irredundant
c          MB      restarts           trail        variables
c            level      conflicts         glue           remaining
c 
c s 35.79 199 231 22 2921 160626 29130 59% 26 951266 129253 76%
c v 35.91 199 231 22 2921 160626 29130 59% 26 951074 129253 76%
c w 35.98 199 231 22 2921 160626 29127 59% 26 951074 129253 76%
c t 36.03 199 231 22 2921 160626 29127 59% 26 951071 129253 76%
c s 36.12 199 231 22 2921 160626 29109 59% 26 951071 129253 76%
c - 37.12 194 263 23 2921 166134 22697 59% 27 951071 129253 76%
c B 38.03 194 349 23 2921 171454 25896 60% 30 951071 129253 76%
c - 39.74 203 427 24 2922 180573 24244 61% 49 951071 129253 76%
c d 39.78 203 427 24 2922 180573 24242 61% 49 951071 129252 76%
c 3 39.84 203 427 24 2922 180573 26559 61% 49 951071 129252 76%
c 3 39.87 203 427 24 2922 180573 27486 61% 49 951071 129252 76%
c 2 39.95 203 427 24 2922 180573 27480 61% 49 951046 129252 76%
c p 40.00 203 427 24 2922 180573 31321 61% 49 951046 129252 76%
c W 42.98 203 377 24 2922 190455 40192 63% 43 951046 129252 76%
c - 43.76 195 358 25 2924 195411 30965 63% 41 951046 129252 76%
c s 45.92 195 305 25 2929 206696 41268 65% 36 951032 129252 76%
c v 46.03 195 305 25 2929 206696 41268 65% 36 950958 129252 76%
c w 46.11 195 305 25 2929 206696 41260 65% 36 950958 129252 76%
c t 46.15 195 305 25 2929 206696 41260 65% 36 950948 129252 76%
c s 46.22 195 305 25 2929 206696 41249 65% 36 950948 129252 76%
c 
c  seconds    reductions       redundant   irredundant
c          MB      restarts           trail        variables
c            level      conflicts         glue           remaining
c 
c O 47.08 195 288 25 2932 210459 44099 65% 34 950948 129252 76%
c - 47.27 185 287 26 2932 210841 34254 65% 34 950948 129252 76%
c d 49.62 185 250 26 2937 225606 45640 65% 32 950948 129251 76%
c 3 49.69 185 250 26 2937 225606 48257 65% 32 950948 129251 76%
c 3 49.73 185 250 26 2937 225606 49221 65% 32 950948 129251 76%
c 2 49.82 185 250 26 2937 225606 49214 65% 32 950934 129251 76%
c p 49.85 185 250 26 2937 225606 51565 65% 32 950934 129251 76%
c - 50.16 203 270 27 2937 226884 34513 65% 38 950934 129251 76%
c B 50.55 203 287 27 2937 231507 34827 63% 43 950934 129251 76%
c - 52.74 198 282 28 2943 244236 33881 63% 42 950934 129251 76%
c W 55.70 198 257 28 2946 253509 41138 63% 39 950934 129251 76%
c ] 55.97 198 254 28 2947 255620 42444 63% 39 950934 129251 76%
c { 55.97 198 92 28 2947 255620 42444 51% 11 950934 129251 76%
c s 56.29 198 89 28 2948 258525 44822 51% 11 950922 129251 76%
c v 56.40 198 89 28 2948 258525 44822 51% 11 950861 129251 76%
c w 56.48 198 89 28 2948 258525 44818 51% 11 950861 129251 76%
c 
c caught signal 15 (SIGTERM)
c 
c --- [ result ] -------------------------------------------------------------
c 
c UNKNOWN
c 
c --- [ run-time profiling ] -------------------------------------------------
c 
c process time taken by individual solving procedures
c (percentage relative to process time for solving)
c 
c        49.31   87.96% search
c        28.48   50.81% stable
c        13.94   24.87% unstable
c         6.89   12.28% walk
c         6.75   12.04% simplify
c         2.14    3.82% elim
c         1.17    2.09% vivify
c         1.02    1.82% ternary
c         0.54    0.97% subsume
c         0.44    0.79% parse
c         0.34    0.60% probe
c         0.00    0.01% lucky
c   =================================
c        56.06   99.21% solve
c 
c last line shows process time for solving
c (percentage relative to total process time)
c 
c --- [ statistics ] ---------------------------------------------------------
c 
c chronological:             72594        28.08 %  of conflicts
c conflicts:                258525      4611.90    per second
c decisions:               1036285     18486.57    per second
c eliminated:                39860        23.56 %  of all variables
c fixed:                        14         0.01 %  of all variables
c learned:                  201137        77.80 %  per conflict
c learned_lits:          207019613       100.00 %  learned literals
c minimized:                     0         0.00 %  learned literals
c shrunken:              115350466        55.72 %  learned literals
c minishrunken:           25235713        12.19 %  learned literals
c otfs:                       1577         0.61 %  of conflict
c propagations:          938900089        16.75 M  per second
c reduced:                  140437        54.32 %  per conflict
c rephased:                     22     11751.14    interval
c restarts:                   2948        87.70    interval
c stabilizing:                   4        65.87 %  of conflicts
c substituted:                  26         0.02 %  of all variables
c subsumed:                  21179         1.47 %  of all clauses
c strengthened:              20446         1.42 %  of all clauses
c ternary:                   56566         0.54 %  of resolved
c trail reuses:                  0         0.00 %  of incremental calls
c vivified:                   1624         0.11 %  of all clauses
c walked:                        6     43087.50    interval
c weakened:                 159403         2.02    average size
c 
c seconds are measured in process time for solving
c 
c --- [ resources ] ----------------------------------------------------------
c 
c total process time since initialization:        56.50    seconds
c total real time since initialization:           59.99    seconds
c maximum resident set size of process:          270.21    MB
c 
c raising signal 15 (SIGTERM)
