c --- [ banner ] -------------------------------------------------------------
c 
c CaDiCaL SAT Solver
c Copyright (c) 2016-2023 A. Biere, M. Fleury, N. Froleyks, K. Fazekas, F. Pollitt
c 
c Version 1.9.5 146207318796f094dcded87349a64f0c6927309e
c g++ (Ubuntu 13.3.0-6ubuntu2~24.04.1) 13.3.0 -Wall -Wextra -O3 -DNDEBUG
c Wed Sep 30 06:02:32 JST 2026 Linux ikutoPC 6.6.87.2-microsoft-standard-WSL2 x86_64
c 
c --- [ limit ] --------------------------------------------------------------
c 
c setting conflict limit to 1000000 conflicts (due to '1000000')
c 
c --- [ proof tracing ] ------------------------------------------------------
c 
c opening file to write '/tmp/conway99-column-cap-factor-zFOqqB/proof.drat'
c writing non-binary proof trace to '/tmp/conway99-column-cap-factor-zFOqqB/proof.drat'
c 
c --- [ parsing input ] ------------------------------------------------------
c 
c reading DIMACS file from '/mnt/c/Users/ikuto/projects/conway-99-graph/acceleration/results/20260930_triangle_factor_column_caps/instance.cnf'
c opening file to read '/mnt/c/Users/ikuto/projects/conway-99-graph/acceleration/results/20260930_triangle_factor_column_caps/instance.cnf'
c found 'p cnf 61296 256320' header
c parsed 256320 clauses in 0.12 seconds process time
c 
c --- [ options ] ------------------------------------------------------------
c 
c   --binary=false                 (different from default 'true')
c 
c --- [ solving ] ------------------------------------------------------------
c 
c time measured in process time since initialization
c 
c  seconds  reductions  redundant  irredundant
c         MB    restarts       trail       variables
c          level   conflicts       glue         remaining
c 
c *  0.12 39  0 0   0    0    0  0% 0 248280 42704 70%
c {  0.13 40  0 0   0    0    0  0% 0 248280 42704 70%
c i  0.13 40  1 0   0    1    0 32% 0 248280 42703 70%
c i  0.13 40  1 0   0    2    0 32% 0 248280 42702 70%
c i  0.13 40  1 0   0    3    0 33% 0 248280 42701 70%
c i  0.13 40  1 0   1    4    0 33% 0 248280 42700 70%
c i  0.13 40  1 0   1    5    0 34% 0 248280 42699 70%
c i  0.13 40  1 0   1    6    0 35% 0 248280 42698 70%
c i  0.13 40 15 0   2    7    0 36% 0 248280 42697 70%
c i  0.13 41 54 0   9   37   28 41% 4 248280 42696 70%
c i  0.13 41 53 0   9   38   28 41% 4 248280 42695 70%
c i  0.14 41 52 0  16   63   52 43% 7 248280 42694 70%
c i  0.14 41 51 0  16   65   53 42% 7 248280 42693 70%
c i  0.14 41 52 0  19   72   59 43% 7 248280 42692 70%
c i  0.14 41 51 0  20   76   62 43% 6 248280 42691 70%
c i  0.14 41 50 0  20   77   62 44% 6 248280 42690 70%
c i  0.14 41 52 0  20   80   64 44% 6 248280 42689 70%
c i  0.14 42 56 0  26  106   88 45% 7 248280 42688 70%
c i  0.16 42 61 0  43  175  149 46% 8 248280 42687 70%
c i  0.16 42 61 0  46  184  157 46% 9 248280 42686 70%
c 
c  seconds  reductions  redundant  irredundant
c         MB    restarts       trail       variables
c          level   conflicts       glue         remaining
c 
c i  0.16 42 60 0  47  189  161 46% 9 248280 42685 70%
c i  0.17 42 62 0  67  257  226 46% 10 248280 42684 70%
c i  0.17 42 62 0  67  258  226 46% 10 248280 42683 70%
c i  0.17 42 62 0  67  259  226 46% 10 248280 42682 70%
c i  0.17 42 61 0  72  277  242 46% 10 248280 42681 70%
c i  0.17 42 61 0  75  293  257 46% 10 248280 42679 70%
c -  0.19 42 62 1  78  300  263 46% 10 192249 42679 70%
c i  0.20 42 62 1  84  323  284 46% 10 192249 42678 70%
c i  0.21 42 62 1 101  394  350 46% 11 192249 42677 70%
c i  0.21 42 62 1 102  396  351 46% 11 192249 42676 70%
c i  0.21 42 62 1 103  399  353 46% 11 192249 42675 70%
c i  0.21 42 61 1 108  420  371 46% 11 192249 42674 70%
c i  0.21 42 61 1 108  421  371 46% 11 192249 42673 70%
c i  0.21 42 61 1 109  428  377 46% 11 192249 42672 70%
c i  0.21 42 61 1 113  443  391 46% 11 192249 42671 70%
c i  0.21 42 61 1 113  444  391 46% 11 192249 42670 70%
c i  0.21 42 61 1 114  446  392 46% 11 192249 42669 70%
c i  0.21 42 61 1 114  447  392 46% 11 192249 42668 70%
c i  0.22 42 61 1 114  448  392 46% 11 192249 42667 70%
c i  0.22 42 63 1 115  488  429 46% 11 192249 42666 70%
c 
c  seconds  reductions  redundant   irredundant
c         MB    restarts       trail        variables
c          level   conflicts       glue          remaining
c 
c i  0.23 42 63 1 130  563  502 46% 12 192249 42665 70%
c i  0.23 42 63 1 130  564  502 46% 12 192249 42664 70%
c i  0.23 42 63 1 131  565  502 46% 12 192249 42663 70%
c i  0.23 42 62 1 131  566  502 46% 12 192249 42662 70%
c i  0.23 42 62 1 131  567  502 46% 12 192249 42661 70%
c i  0.23 42 62 1 131  570  504 46% 12 192249 42657 70%
c i  0.23 42 62 1 131  584  516 46% 11 192249 42656 70%
c i  0.23 42 63 1 131  588  519 46% 11 192249 42655 70%
c i  0.23 42 63 1 131  589  519 46% 11 192249 42654 70%
c i  0.23 42 63 1 131  590  519 46% 11 192249 42653 70%
c i  0.23 42 63 1 131  594  521 46% 11 192249 42652 70%
c i  0.23 42 63 1 131  596  522 46% 11 192249 42651 70%
c i  0.23 42 63 1 131  598  523 46% 11 192249 42650 70%
c i  0.23 42 63 1 131  602  526 46% 11 192249 42648 70%
c i  0.23 42 63 1 131  615  538 46% 11 192249 42647 70%
c i  0.23 42 63 1 131  622  544 46% 11 192249 42646 70%
c i  0.24 42 63 1 144  712  629 46% 12 192249 42642 70%
c i  0.25 42 63 1 151  748  663 46% 12 192249 42641 70%
c i  0.25 42 64 1 161  791  705 46% 12 192249 42640 70%
c i  0.27 42 64 1 187  933  837 47% 12 192249 42639 70%
c 
c  seconds  reductions  redundant   irredundant
c         MB    restarts       trail        variables
c          level   conflicts       glue          remaining
c 
c i  0.28 42 64 1 196  965  866 47% 12 192249 42638 70%
c i  0.28 42 64 1 196  968  866 47% 12 192249 42634 70%
c }  0.29 42 64 1 201 1004  900 47% 12 192249 42634 70%
c [  0.29 42  0 1 201 1004  900  0% 0 192249 42634 70%
c O  0.29 42  6 1 201 1005  901 34% 2 192249 42634 70%
c -  0.31 50 30 2 201 1071  845 46% 10 192078 42634 70%
c -  0.43 50 57 3 202 2227 1549 58% 24 192078 42634 70%
c ]  0.51 50 58 3 202 3006 2269 57% 27 192078 42634 70%
c {  0.51 50 64 3 202 3006 2269 47% 12 192078 42634 70%
c F  0.54 46 64 3 203 3007 2270 14% 12 192078 42634 70%
c i  0.55 46 64 3 207 3056 2317 31% 12 192078 42633 70%
c i  0.55 46 65 3 211 3093 2351 30% 12 192078 42632 70%
c i  0.56 46 65 3 211 3099 2356 30% 12 192078 42631 70%
c i  0.56 46 65 3 221 3191 2442 28% 12 192078 42630 70%
c i  0.56 46 64 3 221 3192 2442 28% 12 192078 42629 70%
c i  0.57 46 65 3 225 3209 2458 28% 13 192078 42628 70%
c i  0.57 46 65 3 226 3210 2458 28% 13 192078 42627 70%
c i  0.57 46 64 3 226 3211 2458 28% 13 192078 42626 70%
c i  0.59 46 66 3 258 3442 2678 29% 13 192078 42625 70%
c i  0.59 46 66 3 258 3443 2678 29% 13 192078 42624 70%
c 
c  seconds  reductions  redundant   irredundant
c         MB    restarts       trail        variables
c          level   conflicts       glue          remaining
c 
c i  0.60 46 66 3 258 3454 2687 29% 13 192078 42622 70%
c i  0.60 46 66 3 258 3459 2691 29% 13 192078 42621 70%
c i  0.60 46 67 3 262 3526 2755 29% 13 192078 42620 70%
c i  0.61 46 66 3 276 3654 2877 28% 13 192078 42618 70%
c i  0.61 46 66 3 276 3655 2877 28% 13 192078 42617 70%
c -  0.64 47 65 4 286 3768 2162 28% 13 192005 42617 70%
c i  0.64 47 65 4 290 3787 2179 27% 13 192005 42616 70%
c i  0.65 47 66 4 296 3821 2210 28% 13 192005 42615 70%
c i  0.65 47 66 4 296 3825 2213 27% 13 192005 42614 70%
c i  0.65 47 66 4 305 3885 2269 27% 13 192005 42611 70%
c i  0.65 47 66 4 305 3886 2269 27% 13 192005 42610 70%
c i  0.66 47 66 4 314 3957 2334 28% 13 192005 42609 70%
c i  0.66 47 66 4 314 3962 2338 28% 13 192005 42608 70%
c i  0.68 47 66 4 329 4076 2445 28% 13 192005 42607 70%
c i  0.68 47 66 4 337 4128 2494 28% 13 192005 42606 70%
c i  0.68 47 66 4 337 4135 2500 28% 13 192005 42605 70%
c i  0.68 47 66 4 337 4139 2503 28% 13 192005 42604 70%
c i  0.69 47 66 4 346 4185 2547 28% 13 192005 42603 70%
c i  0.70 47 66 4 357 4269 2626 28% 13 192005 42602 70%
c i  0.70 47 66 4 361 4300 2650 28% 13 192005 42600 69%
c 
c  seconds  reductions  redundant   irredundant
c         MB    restarts       trail        variables
c          level   conflicts       glue          remaining
c 
c i  0.72 47 66 4 381 4449 2795 28% 13 192005 42596 69%
c i  0.72 47 66 4 381 4451 2796 28% 13 192005 42595 69%
c i  0.72 47 66 4 383 4470 2813 28% 13 192005 42594 69%
c i  0.72 47 66 4 383 4473 2815 28% 13 192005 42593 69%
c i  0.73 47 66 4 385 4534 2869 27% 13 192005 42592 69%
c i  0.73 47 66 4 385 4540 2874 27% 13 192005 42591 69%
c i  0.73 47 66 4 385 4541 2874 27% 13 192005 42590 69%
c i  0.77 47 66 4 429 4948 3263 27% 13 192005 42589 69%
c i  0.77 47 66 4 435 4999 3311 27% 13 192005 42588 69%
c d  0.79 49 66 4 435 5000 3312 27% 13 185714 39903 65%
c d  0.79 49 66 4 435 5000 3312 27% 13 185636 39869 65%
c 2  0.82 49 66 4 435 5000 3354 27% 13 185508 39869 65%
c p  0.87 50 66 4 435 5000 30831 27% 13 185508 39631 65%
c d  0.88 50 66 4 435 5000 30656 27% 13 184592 39629 65%
c d  0.89 50 66 4 435 5000 30656 27% 13 184306 39486 64%
c i  0.89 50 66 4 435 5018 30673 27% 13 184306 39485 64%
c s  0.93 54 67 4 442 5081 30700 27% 13 179202 39485 64%
c v  0.97 54 67 4 442 5081 30700 27% 13 179056 39485 64%
c w  0.98 54 67 4 442 5081 30698 27% 13 179056 39485 64%
c t  0.99 54 67 4 442 5081 30697 27% 13 178744 39329 64%
c 
c  seconds  reductions  redundant   irredundant
c         MB    restarts       trail        variables
c          level   conflicts       glue          remaining
c 
c e  1.08 55 67 4 442 5081 2151 27% 13 150101 19187 31%
c s  1.12 57 67 4 442 5081 2049 27% 13 144636 19187 31%
c e  1.13 57 67 4 442 5081 1660 27% 13 144175 18908 31%
c i  1.16 57 80 4 468 5269 1837 26% 14 144175 18907 31%
c -  1.21 57 78 5 521 5692  755 24% 14 144164 18907 31%
c #  1.23 57 77 5 569 6008 1053 22% 14 144162 18907 31%
c }  1.28 57 74 5 671 7009 1987 19% 14 144162 18907 31%
c [  1.28 57 58 5 671 7009 1987 82% 27 144162 18907 31%
c -  1.34 57 73 6 672 7777 2380 64% 29 144162 18907 31%
c I  1.52 57 86 6 673 10010 4512  6% 33 144161 18907 31%
c -  1.54 57 88 7 673 10214 3459 23% 33 144161 18907 31%
c -  1.70 57 86 8 675 12995 4037 39% 32 144161 18907 31%
c 3  1.83 57 81 8 676 15001 8152 38% 32 144161 18907 31%
c 3  1.84 57 81 8 676 15001 8852 38% 32 144161 18907 31%
c 2  1.85 57 81 8 676 15001 8826 38% 32 143827 18906 31%
c p  1.94 57 81 8 676 15001 33181 38% 32 143827 18060 29%
c d  1.95 57 81 8 676 15001 22125 38% 32 138702 18023 29%
c d  1.96 57 81 8 676 15001 22125 38% 32 138646 18004 29%
c ]  1.96 57 81 8 676 15012 22135 38% 32 138646 18004 29%
c {  1.96 57 74 8 676 15012 22135 44% 14 138646 18004 29%
c 
c  seconds  reductions    redundant   irredundant
c         MB    restarts         trail        variables
c          level    conflicts        glue          remaining
c 
c B  1.96 57 74 8 676 15013 22136 44% 14 138646 18004 29%
c -  2.06 57 73 9 813 16125 5490 40% 15 138646 18004 29%
c s  2.14 57 71 9 902 16811 6097 38% 15 136598 18004 29%
c v  2.17 57 71 9 902 16811 6097 38% 15 136597 18004 29%
c w  2.17 57 71 9 902 16811 6095 38% 15 136597 18004 29%
c t  2.19 57 71 9 902 16811 6066 38% 15 136043 17967 29%
c e  2.21 57 71 9 902 16811 5097 38% 15 135129 17232 28%
c s  2.22 57 71 9 902 16811 5081 38% 15 134917 17232 28%
c e  2.23 57 71 9 902 16811 5080 38% 15 134909 17225 28%
c -  2.41 57 69 10 1265 19554 5462 34% 15 134909 17225 28%
c W  2.52 57 69 10 1389 21014 6836 33% 15 134909 17225 28%
c -  2.64 57 68 11 1608 23283 6323 32% 16 134909 17225 28%
c i  2.74 57 68 11 1790 25271 8202 31% 16 134909 17224 28%
c i  2.83 57 68 11 1955 26978 9830 31% 16 134909 17220 28%
c -  2.86 57 68 12 1980 27353 7070 31% 16 134873 17219 28%
c F  2.90 57 68 12 2058 28015 7692 31% 16 134873 17219 28%
c i  2.92 57 68 12 2082 28363 8026 31% 16 134873 17213 28%
c d  3.01 57 67 12 2235 30002 9570 30% 16 134680 17173 28%
c 3  3.03 57 67 12 2235 30002 11521 30% 16 134647 17173 28%
c 2  3.04 57 67 12 2235 30002 11956 30% 16 134645 17173 28%
c 
c  seconds  reductions      redundant   irredundant
c         MB     restarts          trail        variables
c          level      conflicts        glue          remaining
c 
c p  3.12 57 67 12 2235 30002 29614 30% 16 134645 16466 27%
c d  3.13 57 67 12 2235 30002 24638 30% 16 130363 16457 27%
c d  3.13 57 67 12 2235 30002 24638 30% 16 130355 16453 27%
c }  3.20 57 67 12 2318 31012 25594 25% 16 130355 16453 27%
c [  3.20 57 81 12 2318 31012 25594 44% 32 130355 16453 27%
c -  3.25 57 80 13 2318 31761 8401 43% 31 130355 16453 27%
c s  3.42 57 78 13 2320 34628 11111 41% 30 129217 16453 27%
c v  3.46 57 78 13 2320 34628 11111 41% 30 129201 16453 27%
c w  3.47 57 78 13 2320 34628 11108 41% 30 129201 16453 27%
c t  3.47 57 78 13 2320 34628 11054 41% 30 129034 16449 27%
c e  3.49 57 78 13 2320 34628 10470 41% 30 128342 15769 26%
c s  3.50 57 78 13 2320 34628 10416 41% 30 128150 15769 26%
c e  3.51 57 78 13 2320 34628 10416 41% 30 128143 15762 26%
c B  3.60 57 76 13 2321 36017 11731 40% 30 128143 15762 26%
c -  3.64 57 75 14 2321 36446 8349 40% 30 128143 15762 26%
c -  3.93 57 67 15 2324 41430 8809 38% 28 128143 15762 26%
c W  4.19 57 63 15 2325 45019 12201 38% 28 128143 15762 26%
c -  4.32 57 62 16 2326 46746 9627 38% 28 128143 15762 26%
c 3  4.54 57 60 16 2326 50002 13768 38% 28 128143 15762 26%
c 3  4.55 57 60 16 2326 50002 14545 38% 28 128143 15762 26%
c 
c  seconds  reductions      redundant   irredundant
c         MB     restarts          trail        variables
c          level      conflicts        glue          remaining
c 
c 2  4.56 57 60 16 2326 50002 14545 38% 28 128141 15762 26%
c p  4.64 57 60 16 2326 50002 29040 38% 28 128141 15556 25%
c d  4.65 57 60 16 2326 50002 26328 38% 28 126735 15555 25%
c -  4.81 57 59 17 2326 52395 10725 38% 28 126735 15555 25%
c O  4.97 57 58 17 2327 55020 13238 37% 29 126735 15555 25%
c -  5.18 57 56 18 2329 58350 11016 37% 28 126735 15555 25%
c s  5.23 57 56 18 2330 58814 11401 37% 28 126520 15555 25%
c v  5.26 57 56 18 2330 58814 11401 37% 28 126508 15555 25%
c w  5.27 57 56 18 2330 58814 11395 37% 28 126508 15555 25%
c t  5.27 57 56 18 2330 58814 11394 37% 28 126496 15555 25%
c e  5.28 57 56 18 2330 58814 11264 37% 28 126249 15307 25%
c s  5.29 57 56 18 2330 58814 11246 37% 28 126199 15307 25%
c e  5.30 57 56 18 2330 58814 11236 37% 28 126187 15302 25%
c ]  5.55 57 55 18 2333 63012 15198 37% 28 126187 15302 25%
c {  5.55 57 67 18 2333 63012 15198 25% 16 126187 15302 25%
c -  5.65 57 67 19 2494 64637 11390 26% 16 126187 15302 25%
c B  5.72 57 67 19 2590 66021 12695 26% 16 126187 15302 25%
c -  6.01 57 67 20 3072 71244 11796 26% 16 126187 15302 25%
c d  6.22 57 68 20 3378 75002 15397 26% 16 126150 15294 25%
c 3  6.23 57 68 20 3378 75002 16150 26% 16 126134 15294 25%
c 
c  seconds  reductions      redundant   irredundant
c         MB     restarts          trail        variables
c          level      conflicts        glue          remaining
c 
c 3  6.23 57 68 20 3378 75002 16717 26% 16 126134 15294 25%
c p  6.29 57 68 20 3378 75002 27916 26% 16 126134 15290 25%
c d  6.29 57 68 20 3378 75002 27765 26% 16 126098 15289 25%
c W  6.55 65 68 20 3627 78022 30659 27% 17 126098 15289 25%
c -  6.57 57 68 21 3638 78182 12859 27% 17 126098 15289 25%
c -  6.98 57 68 22 4266 85446 13753 27% 17 126098 15289 25%
c s  7.22 57 67 22 4582 89252 17317 27% 17 125823 15289 25%
c v  7.26 57 67 22 4582 89252 17317 27% 17 125799 15289 25%
c w  7.27 57 67 22 4582 89252 17317 27% 17 125799 15289 25%
c t  7.27 57 67 22 4582 89252 17317 27% 17 125774 15289 25%
c e  7.28 57 67 22 4582 89252 16894 27% 17 125754 15267 25%
c s  7.28 57 67 22 4582 89252 16822 27% 17 125682 15267 25%
c #  7.40 57 67 22 4707 91023 18520 27% 17 125682 15267 25%
c -  7.53 57 67 23 4887 93041 14335 27% 17 125682 15267 25%
c -  7.99 57 67 24 5552 100955 15626 27% 17 125682 15267 25%
c d  8.24 57 67 24 5935 105002 19503 27% 17 125666 15263 25%
c 3  8.25 57 67 24 5935 105002 20050 27% 17 125657 15263 25%
c 3  8.25 57 67 24 5935 105002 20611 27% 17 125657 15263 25%
c p  8.31 57 67 24 5935 105002 32038 27% 17 125657 15253 25%
c B  8.32 57 67 24 5935 105025 32061 27% 17 125657 15253 25%
c 
c  seconds  reductions       redundant   irredundant
c         MB     restarts           trail        variables
c          level      conflicts         glue          remaining
c 
c -  8.60 57 67 25 6297 109199 17097 27% 17 125589 15253 25%
c i  8.72 57 67 25 6484 111155 18976 27% 17 125589 15252 25%
c -  9.13 57 67 26 6992 117770 17961 27% 17 125581 15252 25%
c W  9.37 57 67 26 7235 120030 20115 27% 18 125581 15252 25%
c s  9.75 57 67 26 7696 125748 25488 27% 18 125401 15252 25%
c v  9.80 57 67 26 7696 125748 25488 27% 18 124097 15252 25%
c w  9.81 57 67 26 7696 125748 25482 27% 18 124097 15252 25%
c t  9.81 57 67 26 7696 125748 25481 27% 18 124080 15252 25%
c e  9.82 57 67 26 7696 125748 23373 27% 18 124058 15221 25%
c s  9.83 57 67 26 7696 125748 23351 27% 18 124017 15221 25%
c e  9.84 57 67 26 7696 125748 23275 27% 18 124017 15220 25%
c -  9.91 57 67 27 7741 126671 17560 27% 18 124017 15220 25%
c }  9.93 57 67 27 7756 127012 17893 27% 18 124017 15220 25%
c [  9.93 57 55 27 7756 127012 17893 37% 28 124017 15220 25%
c - 10.43 65 58 28 7760 135856 19057 37% 28 124017 15220 25%
c B 10.44 65 58 28 7761 136035 19223 37% 28 124017 15220 25%
c 3 10.71 65 58 28 7763 140002 23556 37% 28 124016 15220 25%
c 3 10.71 65 58 28 7763 140002 23881 37% 28 124016 15220 25%
c p 10.74 65 58 28 7763 140002 34959 37% 28 124016 15220 25%
c - 11.08 57 57 29 7764 145370 19430 37% 28 124016 15220 25%
c 
c  seconds  reductions       redundant   irredundant
c         MB     restarts           trail        variables
c          level      conflicts         glue          remaining
c 
c W 11.69 57 56 29 7765 153037 26906 38% 27 124016 15220 25%
c - 11.84 66 56 30 7765 155216 19928 38% 28 124016 15220 25%
c - 12.48 57 57 31 7765 165387 20257 38% 28 124016 15220 25%
c s 12.67 57 57 31 7765 168119 22893 38% 28 123993 15220 25%
c v 12.72 57 57 31 7765 168119 22893 38% 28 123019 15220 25%
c w 12.72 57 57 31 7765 168119 22891 38% 28 123019 15220 25%
c t 12.73 57 57 31 7765 168119 22891 38% 28 123014 15220 25%
c e 12.73 57 57 31 7765 168119 22791 38% 28 123013 15217 25%
c s 12.74 57 57 31 7765 168119 22781 38% 28 123006 15217 25%
c e 12.74 57 57 31 7765 168119 22772 38% 28 123006 15215 25%
c I 12.92 57 57 31 7768 171038 25580 38% 28 123006 15215 25%
c - 13.22 59 61 32 7771 175884 21109 38% 29 123006 15215 25%
c 3 13.47 59 62 32 7772 180002 25581 38% 30 123006 15215 25%
c p 13.50 59 62 32 7772 180002 36573 38% 30 123006 15215 25%
c - 13.93 59 61 33 7777 186674 21655 37% 30 123006 15215 25%
c B 14.15 59 61 33 7779 190044 24852 37% 30 123006 15215 25%
c - 14.70 68 66 34 7780 197794 22125 37% 32 123006 15215 25%
c - 15.49 59 68 35 7786 209240 23076 37% 33 123006 15215 25%
c W 15.68 59 68 35 7787 210046 23856 37% 33 123006 15215 25%
c s 16.08 59 67 35 7790 216364 29864 37% 33 122994 15215 25%
c 
c  seconds  reductions       redundant   irredundant
c         MB     restarts           trail        variables
c          level      conflicts         glue          remaining
c 
c v 16.13 59 67 35 7790 216364 29864 37% 33 121843 15215 25%
c w 16.14 59 67 35 7790 216364 29864 37% 33 121843 15215 25%
c t 16.15 59 67 35 7790 216364 29863 37% 33 121843 15215 25%
c e 16.16 59 67 35 7790 216364 28299 37% 33 121840 15211 25%
c s 16.16 59 67 35 7790 216364 28294 37% 33 121840 15211 25%
c - 16.47 59 66 36 7793 221013 22578 37% 33 121840 15211 25%
c p 16.78 59 65 36 7794 225006 38341 37% 33 121840 15211 25%
c O 17.23 59 64 36 7795 231047 43962 37% 33 121840 15211 25%
c - 17.36 59 63 37 7795 233066 23988 37% 33 121840 15211 25%
c - 18.06 59 63 38 7796 245445 24249 37% 33 121840 15211 25%
c B 18.51 59 63 38 7797 253048 31599 37% 33 121840 15211 25%
c ] 18.63 59 63 38 7797 255015 33520 37% 33 121840 15211 25%
c { 18.63 59 67 38 7797 255015 33520 27% 18 121840 15211 25%
c - 18.85 59 67 39 8055 258150 25049 27% 18 121840 15211 25%
c s 19.61 59 68 39 8959 270398 36709 27% 18 121784 15211 25%
c v 19.67 59 68 39 8959 270398 36709 27% 18 120462 15211 25%
c w 19.68 59 68 39 8959 270398 36708 27% 18 120462 15211 25%
c e 19.70 59 68 39 8959 270398 35381 27% 18 120434 15193 25%
c s 19.71 59 68 39 8959 270398 35359 27% 18 120353 15193 25%
c - 19.81 59 68 40 9015 271179 25053 27% 18 120353 15193 25%
c 
c  seconds  reductions       redundant   irredundant
c         MB     restarts           trail        variables
c          level      conflicts         glue          remaining
c 
c p 20.17 59 67 40 9302 275007 41144 27% 18 120353 15187 25%
c F 20.26 59 67 40 9382 276049 42148 27% 18 120353 15187 25%
c - 20.87 59 68 41 10098 284468 27920 27% 18 120313 15187 25%
c - 21.85 59 68 42 11210 298082 29126 27% 18 120313 15187 25%
c B 21.98 59 68 42 11380 300050 31021 27% 18 120313 15187 25%
c - 22.82 59 68 43 12327 312018 30566 27% 18 120313 15187 25%
c W 23.94 59 68 43 13277 325055 43085 27% 19 120313 15187 25%
c - 24.06 59 68 44 13375 326282 32175 27% 19 120313 15187 25%
c d 24.30 59 68 44 13631 330007 35754 27% 19 120305 15185 25%
c 3 24.31 59 68 44 13631 330007 36640 27% 19 120305 15185 25%
c 3 24.31 59 68 44 13631 330007 36881 27% 19 120305 15185 25%
c p 24.36 59 68 44 13631 330007 47907 27% 19 120305 15184 25%
c s 24.40 59 68 44 13641 330115 47505 27% 19 120109 15184 25%
c v 24.48 59 68 44 13641 330115 47505 27% 19 118171 15184 25%
c w 24.49 59 68 44 13641 330115 47493 27% 19 118171 15184 25%
c t 24.49 59 68 44 13641 330115 47489 27% 19 118151 15184 25%
c e 24.51 59 68 44 13641 330115 46266 27% 19 118091 15127 25%
c s 24.53 59 68 44 13641 330115 46045 27% 19 117961 15127 25%
c e 24.54 59 68 44 13641 330115 45904 27% 19 117959 15117 25%
c - 25.34 59 68 45 14416 340866 32988 27% 19 117959 15117 25%
c 
c  seconds  reductions        redundant   irredundant
c         MB      restarts           trail        variables
c          level       conflicts         glue          remaining
c 
c # 26.06 59 68 45 15127 351057 42819 27% 19 117959 15117 25%
c - 26.45 59 68 46 15451 355655 34501 27% 19 117959 15117 25%
c - 27.45 59 68 47 16451 370768 35799 27% 19 117959 15117 25%
c B 27.89 59 68 47 16842 378058 42845 28% 19 117959 15117 25%
c - 28.44 59 68 48 17402 386200 36766 28% 19 117959 15117 25%
c d 28.69 59 68 48 17614 390009 40422 28% 19 117936 15111 25%
c 3 28.70 59 68 48 17614 390009 42046 28% 19 117930 15111 25%
c 3 28.71 59 68 48 17614 390009 42405 28% 19 117930 15111 25%
c p 28.74 59 68 48 17614 390009 53012 28% 19 117930 15111 25%
c s 29.14 59 68 48 17911 395324 57740 28% 19 117805 15111 25%
c v 29.21 59 68 48 17911 395324 57740 28% 19 116044 15111 25%
c w 29.23 59 68 48 17911 395324 57737 28% 19 116044 15110 25%
c t 29.23 59 68 48 17911 395324 57737 28% 19 116036 15110 25%
c e 29.25 59 68 48 17911 395324 56765 28% 19 116020 15101 25%
c s 29.26 59 68 48 17911 395324 56651 28% 19 116003 15101 25%
c e 29.27 59 68 48 17911 395324 56231 28% 19 116003 15098 25%
c - 29.82 59 68 49 18394 401954 36180 28% 19 116003 15098 25%
c W 30.32 59 68 49 18625 406059 40133 28% 19 116003 15098 25%
c - 31.20 59 68 50 19440 417924 37601 28% 19 116003 15098 25%
c - 32.39 59 68 51 20534 434210 39337 29% 19 116003 15098 25%
c 
c  seconds  reductions        redundant   irredundant
c         MB      restarts           trail        variables
c          level       conflicts         glue          remaining
c 
c F 32.45 59 68 51 20592 435061 40165 29% 19 116003 15098 25%
c i 32.94 59 68 51 21119 442291 47135 29% 19 116003 15097 25%
c - 33.56 68 68 52 21645 450817 40925 29% 19 115997 15097 25%
c d 33.88 68 68 52 21923 455010 44975 29% 20 115990 15095 25%
c 3 33.89 68 68 52 21923 455010 45376 29% 20 115986 15095 25%
c 3 33.89 68 68 52 21923 455010 45513 29% 20 115986 15095 25%
c p 33.96 68 68 52 21923 455010 56415 29% 20 115986 15090 25%
c B 34.64 68 68 52 22507 465062 66079 29% 20 115986 15090 25%
c s 34.75 68 68 52 22558 465926 66622 29% 20 115916 15090 25%
c v 34.83 68 68 52 22558 465926 66622 29% 20 113402 15090 25%
c w 34.86 68 68 52 22558 465926 66616 29% 20 113402 15090 25%
c t 34.86 68 68 52 22558 465926 66610 29% 20 113398 15090 25%
c e 34.87 68 68 52 22558 465926 65915 29% 20 113360 15082 25%
c s 34.89 68 68 52 22558 465926 65889 29% 20 113350 15082 25%
c e 34.90 68 68 52 22558 465926 65873 29% 20 113349 15081 25%
c - 35.05 59 68 53 22613 467744 41763 29% 20 113349 15081 25%
c - 36.23 68 68 54 23565 484827 42311 29% 20 113349 15081 25%
c W 37.26 68 68 54 24165 496067 53127 30% 20 113349 15081 25%
c - 37.79 59 68 55 24598 502224 43138 30% 20 113349 15081 25%
c } 38.44 59 68 55 25115 511015 51602 29% 20 113349 15081 25%
c 
c  seconds  reductions        redundant   irredundant
c         MB      restarts           trail        variables
c          level       conflicts         glue          remaining
c 
c [ 38.44 59 63 55 25115 511015 51602 37% 33 113349 15081 25%
c - 39.10 70 63 56 25115 519938 44324 37% 32 113349 15081 25%
c 3 39.54 70 63 56 25115 525011 49462 37% 32 113349 15081 25%
c 3 39.54 70 63 56 25115 525011 49525 37% 32 113349 15081 25%
c p 39.58 70 63 56 25115 525011 60119 37% 32 113349 15081 25%
c W 40.12 70 62 56 25115 528068 63022 37% 32 113349 15081 25%
c - 40.88 59 62 57 25115 537968 44461 37% 32 113349 15081 25%
c s 41.19 59 61 57 25117 541586 47819 37% 32 113306 15081 25%
c v 41.25 59 61 57 25117 541586 47819 37% 32 113022 15081 25%
c w 41.27 59 61 57 25117 541586 47817 37% 32 113022 15081 25%
c t 41.27 59 61 57 25117 541586 47816 37% 32 113022 15081 25%
c e 41.28 59 61 57 25117 541586 47809 37% 32 113002 15067 25%
c s 41.29 59 61 57 25117 541586 47797 37% 32 112992 15067 25%
c e 41.30 59 61 57 25117 541586 47794 37% 32 112992 15066 25%
c - 42.55 70 60 58 25125 556314 43523 37% 32 112992 15066 25%
c I 42.93 70 59 58 25128 561070 48035 37% 32 112992 15066 25%
c - 43.95 59 63 59 25132 574953 44382 37% 33 112992 15066 25%
c - 45.48 71 65 60 25143 593909 44486 37% 35 112992 15066 25%
c B 45.57 71 65 60 25144 595071 45592 37% 35 112992 15066 25%
c 3 45.98 71 64 60 25145 600011 50464 37% 35 112992 15066 25%
c 
c  seconds  reductions        redundant   irredundant
c         MB      restarts           trail        variables
c          level       conflicts         glue          remaining
c 
c p 46.05 71 64 60 25145 600011 61463 37% 35 112992 15062 25%
c - 47.09 59 62 61 25146 613179 45374 37% 34 112956 15062 25%
c s 47.86 59 60 61 25146 622978 54738 37% 33 112943 15062 25%
c v 47.93 59 60 61 25146 622978 54738 37% 33 112489 15062 25%
c w 47.94 59 60 61 25146 622978 54735 37% 33 112489 15062 25%
c e 47.96 59 60 61 25146 622978 54510 37% 33 112472 15048 25%
c s 47.96 59 60 61 25146 622978 54483 37% 33 112441 15048 25%
c e 47.97 59 60 61 25146 622978 54473 37% 33 112437 15044 25%
c W 48.81 59 60 61 25152 630072 61227 38% 33 112437 15044 25%
c - 49.03 63 60 62 25153 632763 46818 37% 33 112437 15044 25%
c - 50.66 63 59 63 25161 652625 46692 36% 33 112437 15044 25%
c O 51.75 63 58 63 25168 666073 59557 36% 33 112437 15044 25%
c - 52.30 63 57 64 25171 672802 48266 37% 33 112437 15044 25%
c 3 52.99 63 57 64 25175 680013 55086 37% 33 112437 15044 25%
c p 53.04 63 57 64 25175 680013 65772 37% 33 112437 15044 25%
c - 54.24 63 56 65 25177 693294 48243 37% 32 112437 15044 25%
c B 55.09 63 55 65 25177 703074 57420 37% 32 112437 15044 25%
c s 55.79 63 55 65 25178 710034 63883 37% 32 112423 15044 25%
c v 55.87 63 55 65 25178 710034 63883 37% 32 111707 15044 25%
c w 55.89 63 55 65 25178 710034 63876 37% 32 111707 15044 25%
c 
c  seconds  reductions        redundant   irredundant
c         MB      restarts           trail        variables
c          level       conflicts         glue          remaining
c 
c t 55.90 63 55 65 25178 710034 63876 37% 32 111706 15044 25%
c e 55.91 63 55 65 25178 710034 62817 37% 32 111653 14989 24%
c s 55.92 63 55 65 25178 710034 62785 37% 32 111610 14989 24%
c e 55.93 63 55 65 25178 710034 62070 37% 32 111609 14988 24%
c - 56.36 63 54 66 25178 714102 47984 37% 32 111609 14988 24%
c - 58.42 63 53 67 25178 735161 49647 37% 32 111609 14988 24%
c W 59.41 63 53 67 25179 741076 55106 37% 32 111609 14988 24%
c - 60.91 75 52 68 25179 756535 51853 37% 32 111609 14988 24%
c p 61.77 75 51 68 25179 765013 71396 37% 32 111609 14961 24%
c - 62.96 63 51 69 25179 778222 53276 37% 32 111425 14961 24%
c I 63.11 63 51 69 25179 780077 55090 37% 32 111425 14961 24%
c - 64.96 76 67 70 25179 800211 52380 35% 36 111425 14961 24%
c s 65.27 76 69 70 25179 802726 54754 34% 37 111413 14961 24%
c v 65.35 76 69 70 25179 802726 54754 34% 37 110956 14961 24%
c w 65.37 76 69 70 25179 802726 54748 34% 37 110956 14961 24%
c e 65.39 76 69 70 25179 802726 54365 34% 37 110898 14912 24%
c s 65.41 76 69 70 25179 802726 54324 34% 37 110754 14912 24%
c e 65.42 76 69 70 25179 802726 54324 34% 37 110749 14910 24%
c B 66.91 76 77 70 25188 820078 70794 34% 40 110749 14910 24%
c - 67.14 77 77 71 25189 822511 53788 34% 40 110749 14910 24%
c 
c  seconds  reductions        redundant   irredundant
c         MB      restarts           trail        variables
c          level       conflicts         glue          remaining
c 
c - 68.91 63 74 72 25199 845072 52509 33% 39 110749 14910 24%
c p 69.84 63 72 72 25204 855014 72808 33% 38 110749 14902 24%
c W 70.84 79 72 72 25208 861079 78481 33% 38 110687 14902 24%
c - 71.39 63 70 73 25209 867945 54157 33% 38 110687 14902 24%
c - 73.07 63 67 74 25212 891125 55215 33% 36 110687 14902 24%
c s 73.86 63 65 74 25217 901087 64752 34% 35 110668 14902 24%
c v 73.94 63 65 74 25217 901087 64752 34% 35 110081 14902 24%
c w 73.97 63 65 74 25217 901087 64746 34% 35 110081 14902 24%
c e 73.98 63 65 74 25217 901087 64726 34% 35 110075 14893 24%
c s 73.99 63 65 74 25217 901087 64593 34% 35 109263 14893 24%
c O 74.16 63 65 74 25219 903081 66518 34% 35 109263 14893 24%
c - 74.98 63 63 75 25225 914619 56051 34% 34 109263 14893 24%
c - 76.81 63 59 76 25235 938297 56620 34% 33 109263 14893 24%
c B 77.42 63 58 76 25239 946083 63947 34% 33 109263 14893 24%
c p 77.78 63 59 76 25240 950015 78548 35% 34 109263 14891 24%
c - 78.77 77 59 77 25241 962286 57733 35% 34 109251 14891 24%
c - 80.62 90 59 78 25242 986585 58031 35% 33 109251 14891 24%
c W 81.38 90 59 78 25242 990084 61388 35% 33 109251 14891 24%
c ] 82.16 90 58 78 25242 1000001 70887 36% 33 109251 14891 24%
c ? 82.17 90 58 78 25242 1000001 70887 36% 33 109251 14891 24%
c 
c --- [ closing proof ] ------------------------------------------------------
c 
c DRAT proof file '/tmp/conway99-column-cap-factor-zFOqqB/proof.drat' closed
c DRAT 1463875 added clauses 49.08%
c DRAT 1519043 deleted clauses 50.92%
c DRAT 657451587 bytes (626.99 MB)
c 
c --- [ result ] -------------------------------------------------------------
c 
c UNKNOWN
c 
c --- [ run-time profiling ] -------------------------------------------------
c 
c process time taken by individual solving procedures
c (percentage relative to process time for solving)
c 
c        78.08   95.17% search
c        51.38   62.63% stable
c        23.52   28.66% unstable
c         3.96    4.83% simplify
c         3.18    3.87% walk
c         1.15    1.40% vivify
c         0.99    1.21% probe
c         0.69    0.84% subsume
c         0.42    0.51% elim
c         0.29    0.36% ternary
c         0.12    0.15% parse
c         0.00    0.00% lucky
c   =================================
c        82.04   99.85% solve
c 
c last line shows process time for solving
c (percentage relative to total process time)
c 
c --- [ statistics ] ---------------------------------------------------------
c 
c chronological:            210995        21.10 %  of conflicts
c conflicts:               1000001     12188.64    per second
c decisions:               2871475     34999.34    per second
c eliminated:                22397        36.54 %  of all variables
c fixed:                     21014        34.28 %  of all variables
c learned:                  979563        97.96 %  per conflict
c learned_lits:           94951587       100.00 %  learned literals
c minimized:                     0         0.00 %  learned literals
c shrunken:               18626712        19.62 %  learned literals
c minishrunken:           11255403        11.85 %  learned literals
c otfs:                       1716         0.17 %  of conflict
c propagations:          648987353         7.91 M  per second
c reduced:                  866419        86.64 %  per conflict
c rephased:                     44     22727.30    interval
c restarts:                  25242        39.62    interval
c stabilizing:                   5        65.90 %  of conflicts
c substituted:                2994         4.88 %  of all variables
c subsumed:                  59384         3.62 %  of all clauses
c strengthened:              19426         1.18 %  of all clauses
c ternary:                   20431         0.32 %  of resolved
c trail reuses:                  0         0.00 %  of incremental calls
c vivified:                  15383         0.94 %  of all clauses
c walked:                       14     71428.64    interval
c weakened:                  87643         2.46    average size
c 
c seconds are measured in process time for solving
c 
c --- [ resources ] ----------------------------------------------------------
c 
c total process time since initialization:        82.17    seconds
c total real time since initialization:           83.17    seconds
c maximum resident set size of process:           90.17    MB
c 
c --- [ shutting down ] ------------------------------------------------------
c 
c exit 0
