c --- [ banner ] -------------------------------------------------------------
c 
c CaDiCaL SAT Solver
c Copyright (c) 2016-2023 A. Biere, M. Fleury, N. Froleyks, K. Fazekas, F. Pollitt
c 
c Version 1.9.5 146207318796f094dcded87349a64f0c6927309e
c g++ (Ubuntu 13.3.0-6ubuntu2~24.04.1) 13.3.0 -Wall -Wextra -O3 -DNDEBUG
c Wed Sep 30 06:02:32 JST 2026 Linux ikutoPC 6.6.87.2-microsoft-standard-WSL2 x86_64
c 
c --- [ limit ] --------------------------------------------------------------
c 
c setting conflict limit to 1000000 conflicts (due to '1000000')
c 
c --- [ proof tracing ] ------------------------------------------------------
c 
c opening file to write '/tmp/conway99-seven-profile-rank5_144_profile_0002-gywbtT/proof.drat'
c writing non-binary proof trace to '/tmp/conway99-seven-profile-rank5_144_profile_0002-gywbtT/proof.drat'
c 
c --- [ parsing input ] ------------------------------------------------------
c 
c reading DIMACS file from '/mnt/c/Users/ikuto/projects/conway-99-graph/acceleration/results/20260930_hadamard_seven_remaining_cnfs/run01/rank5_144_profile_0002/instance.cnf'
c opening file to read '/mnt/c/Users/ikuto/projects/conway-99-graph/acceleration/results/20260930_hadamard_seven_remaining_cnfs/run01/rank5_144_profile_0002/instance.cnf'
c found 'p cnf 9872 170454' header
c parsed 170454 clauses in 0.06 seconds process time
c 
c --- [ options ] ------------------------------------------------------------
c 
c   --binary=false                 (different from default 'true')
c 
c --- [ solving ] ------------------------------------------------------------
c 
c time measured in process time since initialization
c 
c  seconds  reductions  redundant  irredundant
c         MB    restarts       trail      variables
c          level   conflicts       glue        remaining
c 
c *  0.06 17  0 0   0    0    0  0% 0 120550 6945 70%
c {  0.06 18  0 0   0    0    0  0% 0 120550 6945 70%
c -  0.08 19 24 1  15  304  234 51% 6 120430 6945 70%
c i  0.08 19 23 1  21  338  247 51% 6 120430 6944 70%
c i  0.09 19 27 1  26  488  369 51% 6 120430 6941 70%
c i  0.09 19 27 1  26  492  372 51% 6 120430 6940 70%
c i  0.09 19 27 1  26  496  374 51% 6 120430 6896 70%
c i  0.10 19 33 1  57  793  587 52% 9 120430 6877 70%
c i  0.10 19 33 1  57  850  614 52% 9 120430 6876 70%
c i  0.10 19 33 1  57  856  618 52% 9 120430 6875 70%
c i  0.10 19 33 1  62  879  628 52% 9 120430 6874 70%
c i  0.11 19 33 1  62  880  628 52% 9 120430 6873 70%
c -  0.12 24 32 2  62  961  515 51% 9 117244 6873 70%
c }  0.12 24 31 2  62 1005  547 51% 9 117244 6873 70%
c [  0.12 24  0 2  62 1005  547  0% 0 117244 6873 70%
c O  0.12 24  2 2  62 1006  548 60% 1 117244 6873 70%
c i  0.12 24  6 2  62 1013  551 53% 1 117244 6871 70%
c i  0.12 24  7 2  62 1035  569 45% 3 117244 4992 51%
c i  0.12 24  7 2  62 1038  571 46% 3 117244 4989 51%
c i  0.12 24  6 2  62 1043  574 49% 3 117244 4987 51%
c 
c  seconds  reductions  redundant  irredundant
c         MB    restarts       trail      variables
c          level   conflicts       glue        remaining
c 
c i  0.12 24  6 2  62 1044  574 49% 2 117244 4117 42%
c ]  0.12 24  6 2  62 1046  574 49% 2 117244 3746 38%
c 0  0.12 24  6 2  62 1046  574 49% 2 117244 3746 38%
c 
c --- [ closing proof ] ------------------------------------------------------
c 
c DRAT proof file '/tmp/conway99-seven-profile-rank5_144_profile_0002-gywbtT/proof.drat' closed
c DRAT 8416 added clauses 13.29%
c DRAT 54925 deleted clauses 86.71%
c DRAT 1656049 bytes (1.58 MB)
c 
c --- [ result ] -------------------------------------------------------------
c 
s UNSATISFIABLE
c 
c --- [ run-time profiling ] -------------------------------------------------
c 
c process time taken by individual solving procedures
c (percentage relative to process time for solving)
c 
c         0.06   98.81% search
c         0.06   93.10% unstable
c         0.06   92.21% parse
c         0.00    3.30% stable
c         0.00    2.36% lucky
c         0.00    0.00% simplify
c   =================================
c         0.06   51.73% solve
c 
c last line shows process time for solving
c (percentage relative to total process time)
c 
c --- [ statistics ] ---------------------------------------------------------
c 
c chronological:               523        50.00 %  of conflicts
c conflicts:                  1046     16456.11    per second
c decisions:                  3989     62756.64    per second
c fixed:                      6126        62.05 %  of all variables
c learned:                     893        85.37 %  per conflict
c learned_lits:              51045       100.00 %  learned literals
c minimized:                     0         0.00 %  learned literals
c shrunken:                  20912        40.97 %  learned literals
c minishrunken:               4670         9.15 %  learned literals
c otfs:                          6         0.57 %  of conflict
c propagations:             570405         8.97 M  per second
c reduced:                      28         2.68 %  per conflict
c rephased:                      1      1046.00    interval
c restarts:                     62        16.87    interval
c stabilizing:                   1         3.92 %  of conflicts
c subsumed:                    133         0.11 %  of all clauses
c strengthened:                  6         0.00 %  of all clauses
c trail reuses:                  0         0.00 %  of incremental calls
c 
c seconds are measured in process time for solving
c 
c --- [ resources ] ----------------------------------------------------------
c 
c total process time since initialization:         0.12    seconds
c total real time since initialization:            0.75    seconds
c maximum resident set size of process:           24.04    MB
c 
c --- [ shutting down ] ------------------------------------------------------
c 
c exit 20
