c --- [ banner ] -------------------------------------------------------------
c 
c CaDiCaL SAT Solver
c Copyright (c) 2016-2023 A. Biere, M. Fleury, N. Froleyks, K. Fazekas, F. Pollitt
c 
c Version 1.9.5 146207318796f094dcded87349a64f0c6927309e
c g++ (Ubuntu 13.3.0-6ubuntu2~24.04.1) 13.3.0 -Wall -Wextra -O3 -DNDEBUG
c Wed Sep 30 06:02:32 JST 2026 Linux ikutoPC 6.6.87.2-microsoft-standard-WSL2 x86_64
c 
c --- [ limit ] --------------------------------------------------------------
c 
c setting conflict limit to 1000000 conflicts (due to '1000000')
c 
c --- [ proof tracing ] ------------------------------------------------------
c 
c opening file to write '/tmp/conway99-exact-eight-0059-eh5WOR/proof.drat'
c writing non-binary proof trace to '/tmp/conway99-exact-eight-0059-eh5WOR/proof.drat'
c 
c --- [ parsing input ] ------------------------------------------------------
c 
c reading DIMACS file from '/mnt/c/Users/ikuto/projects/conway-99-graph/acceleration/results/20260930_exact_eight_next64_cnfs_part00/case_0059/instance.cnf'
c opening file to read '/mnt/c/Users/ikuto/projects/conway-99-graph/acceleration/results/20260930_exact_eight_next64_cnfs_part00/case_0059/instance.cnf'
c found 'p cnf 9748 167416' header
c parsed 167416 clauses in 0.06 seconds process time
c 
c --- [ options ] ------------------------------------------------------------
c 
c   --binary=false                 (different from default 'true')
c 
c --- [ solving ] ------------------------------------------------------------
c 
c time measured in process time since initialization
c 
c  seconds  reductions  redundant  irredundant
c         MB    restarts       trail      variables
c          level   conflicts       glue        remaining
c 
c *  0.06 17  0 0   0    0    0  0% 0 117488 6820 70%
c {  0.07 18  0 0   0    0    0  0% 0 117488 6820 70%
c -  0.08 19 27 1   5  300  217 51% 6 117368 6820 70%
c i  0.08 19 24 1   5  351  226 52% 5 117368 6819 70%
c i  0.09 19 21 1   5  484  295 51% 5 117368 6818 70%
c i  0.09 19 21 1   5  485  295 51% 5 117368 6810 70%
c i  0.09 19 22 1  24  644  411 51% 6 117368 6809 70%
c -  0.12 23 19 2  30  943  472 53% 5 116888 6809 70%
c i  0.12 23 19 2  35  992  505 52% 5 116888 6808 70%
c i  0.12 23 19 2  36 1000  510 52% 5 116888 6807 70%
c }  0.12 23 19 2  36 1000  510 52% 5 116888 6807 70%
c [  0.12 23  0 2  36 1000  510  0% 0 116888 6807 70%
c O  0.12 23 91 2  36 1002  512 57% 2 116888 6807 70%
c i  0.12 23 25 2  36 1026  529 48% 5 116888 6806 70%
c i  0.12 23 12 2  36 1114  570 50% 5 116888 6804 70%
c i  0.13 23 20 2  36 1230  649 48% 8 116888 6714 69%
c i  0.13 23 21 2  36 1249  664 48% 9 116888 6713 69%
c i  0.13 23 21 2  36 1315  713 47% 9 116888 6627 68%
c i  0.14 23 20 2  36 1469  834 48% 9 116888 6614 68%
c i  0.14 23 19 2  36 1504  853 47% 8 116888 5798 59%
c 
c  seconds  reductions  redundant  irredundant
c         MB    restarts       trail      variables
c          level   conflicts       glue        remaining
c 
c i  0.14 23 19 2  36 1534  875 48% 8 116888 5797 59%
c i  0.14 23 19 2  36 1543  882 48% 8 116888 5796 59%
c i  0.14 23 19 2  36 1545  882 48% 8 116888 5795 59%
c i  0.14 23 19 2  36 1547  882 48% 8 116888 5789 59%
c ]  0.14 23 18 2  36 1551  884 48% 8 116888 5104 52%
c 0  0.14 23 18 2  36 1551  884 48% 8 116888 5104 52%
c 
c --- [ closing proof ] ------------------------------------------------------
c 
c DRAT proof file '/tmp/conway99-exact-eight-0059-eh5WOR/proof.drat' closed
c DRAT 7080 added clauses 11.97%
c DRAT 52079 deleted clauses 88.03%
c DRAT 1507574 bytes (1.44 MB)
c 
c --- [ result ] -------------------------------------------------------------
c 
s UNSATISFIABLE
c 
c --- [ run-time profiling ] -------------------------------------------------
c 
c process time taken by individual solving procedures
c (percentage relative to process time for solving)
c 
c         0.08   98.93% search
c         0.06   83.22% parse
c         0.05   70.42% unstable
c         0.02   26.99% stable
c         0.00    1.47% lucky
c         0.00    0.00% simplify
c   =================================
c         0.08   54.30% solve
c 
c last line shows process time for solving
c (percentage relative to total process time)
c 
c --- [ statistics ] ---------------------------------------------------------
c 
c chronological:               700        45.13 %  of conflicts
c conflicts:                  1551     20401.45    per second
c decisions:                  4585     60309.90    per second
c fixed:                      4644        47.64 %  of all variables
c learned:                    1368        88.20 %  per conflict
c learned_lits:              67855       100.00 %  learned literals
c minimized:                     0         0.00 %  learned literals
c shrunken:                  31697        46.71 %  learned literals
c minishrunken:               7952        11.72 %  learned literals
c otfs:                          9         0.58 %  of conflict
c propagations:             749345         9.86 M  per second
c reduced:                       9         0.58 %  per conflict
c rephased:                      1      1551.00    interval
c restarts:                     36        43.08    interval
c stabilizing:                   1        35.53 %  of conflicts
c subsumed:                    264         0.22 %  of all clauses
c strengthened:                  9         0.01 %  of all clauses
c trail reuses:                  0         0.00 %  of incremental calls
c 
c seconds are measured in process time for solving
c 
c --- [ resources ] ----------------------------------------------------------
c 
c total process time since initialization:         0.14    seconds
c total real time since initialization:            0.79    seconds
c maximum resident set size of process:           23.43    MB
c 
c --- [ shutting down ] ------------------------------------------------------
c 
c exit 20
