c --- [ banner ] -------------------------------------------------------------
c 
c CaDiCaL SAT Solver
c Copyright (c) 2016-2023 A. Biere, M. Fleury, N. Froleyks, K. Fazekas, F. Pollitt
c 
c Version 1.9.5 146207318796f094dcded87349a64f0c6927309e
c g++ (Ubuntu 13.3.0-6ubuntu2~24.04.1) 13.3.0 -Wall -Wextra -O3 -DNDEBUG
c Wed Sep 30 06:02:32 JST 2026 Linux ikutoPC 6.6.87.2-microsoft-standard-WSL2 x86_64
c 
c --- [ limit ] --------------------------------------------------------------
c 
c setting conflict limit to 1000000 conflicts (due to '1000000')
c 
c --- [ proof tracing ] ------------------------------------------------------
c 
c opening file to write '/tmp/conway99-exact-eight-0097-682l2L/proof.drat'
c writing non-binary proof trace to '/tmp/conway99-exact-eight-0097-682l2L/proof.drat'
c 
c --- [ parsing input ] ------------------------------------------------------
c 
c reading DIMACS file from '/mnt/c/Users/ikuto/projects/conway-99-graph/acceleration/results/20260930_exact_eight_next64_cnfs_part03/case_0097/instance.cnf'
c opening file to read '/mnt/c/Users/ikuto/projects/conway-99-graph/acceleration/results/20260930_exact_eight_next64_cnfs_part03/case_0097/instance.cnf'
c found 'p cnf 9748 167416' header
c parsed 167416 clauses in 0.06 seconds process time
c 
c --- [ options ] ------------------------------------------------------------
c 
c   --binary=false                 (different from default 'true')
c 
c --- [ solving ] ------------------------------------------------------------
c 
c time measured in process time since initialization
c 
c  seconds  reductions  redundant  irredundant
c         MB    restarts       trail      variables
c          level   conflicts       glue        remaining
c 
c *  0.06 17  0 0   0    0    0  0% 0 117490 6820 70%
c {  0.06 17  0 0   0    0    0  0% 0 117490 6820 70%
c i  0.07 18 21 0  15  259  192 49% 7 117490 6789 70%
c -  0.07 19 23 1  15  301  185 50% 6 115967 6789 70%
c i  0.10 19 20 1  44  828  562 53% 7 115967 6788 70%
c -  0.11 23 21 2  45  941  350 53% 6 115920 6788 70%
c }  0.12 23 22 2  55 1002  387 53% 7 115920 6788 70%
c [  0.12 23  0 2  55 1002  387  0% 0 115920 6788 70%
c O  0.12 23  1 2  55 1003  388 57% 1 115920 6788 70%
c i  0.12 23 17 2  55 1005  389 50% 11 115920 6787 70%
c i  0.12 23 33 2  55 1018  401 57% 5 115920 6784 70%
c i  0.12 23 24 2  55 1063  432 56% 5 115920 6783 70%
c i  0.12 23 22 2  55 1071  439 56% 5 115920 6782 70%
c i  0.12 23 22 2  55 1073  439 56% 5 115920 6779 70%
c i  0.13 23 14 2  55 1172  507 57% 4 115920 6777 70%
c i  0.14 23 23 2  55 1527  798 56% 7 115920 6776 70%
c i  0.14 23 23 2  55 1533  803 56% 7 115920 6775 70%
c i  0.15 23 25 2  55 1624  869 56% 7 115920 6774 69%
c i  0.15 23 25 2  55 1647  888 55% 7 115920 6728 69%
c i  0.15 23 26 2  55 1703  939 55% 7 115920 6724 69%
c 
c  seconds  reductions  redundant  irredundant
c         MB    restarts       trail      variables
c          level   conflicts       glue        remaining
c 
c -  0.16 24 23 3  55 1900  897 55% 7 113114 6724 69%
c i  0.17 24 23 3  55 2013  999 55% 7 113114 6670 68%
c i  0.17 24 23 3  55 2055 1031 55% 7 113114 6588 68%
c i  0.18 24 22 3  55 2072 1047 55% 7 113114 6587 68%
c i  0.18 24 22 3  56 2148 1107 55% 7 113114 6586 68%
c i  0.18 24 21 3  56 2158 1110 55% 7 113114 5726 59%
c i  0.19 22 21 3  56 2232  363 27% 7 81194 5724 59%
c i  0.19 22 21 3  56 2237  365 26% 7 81194 5722 59%
c ]  0.19 22 21 3  56 2250  372 26% 7 81194 4781 49%
c 0  0.20 22 21 3  56 2250  372 26% 7 81194 4781 49%
c 
c --- [ closing proof ] ------------------------------------------------------
c 
c DRAT proof file '/tmp/conway99-exact-eight-0097-682l2L/proof.drat' closed
c DRAT 11551 added clauses 11.11%
c DRAT 92433 deleted clauses 88.89%
c DRAT 3092669 bytes (2.95 MB)
c 
c --- [ result ] -------------------------------------------------------------
c 
s UNSATISFIABLE
c 
c --- [ run-time profiling ] -------------------------------------------------
c 
c process time taken by individual solving procedures
c (percentage relative to process time for solving)
c 
c         0.14   99.57% search
c         0.08   56.78% stable
c         0.06   41.88% unstable
c         0.06   41.71% parse
c         0.00    0.88% lucky
c         0.00    0.00% simplify
c   =================================
c         0.14   70.33% solve
c 
c last line shows process time for solving
c (percentage relative to total process time)
c 
c --- [ statistics ] ---------------------------------------------------------
c 
c chronological:              1087        48.31 %  of conflicts
c conflicts:                  2250     16363.04    per second
c decisions:                  7813     56819.75    per second
c fixed:                      4967        50.95 %  of all variables
c learned:                    2098        93.24 %  per conflict
c learned_lits:             142415       100.00 %  learned literals
c minimized:                     0         0.00 %  learned literals
c shrunken:                  53827        37.80 %  learned literals
c minishrunken:              21755        15.28 %  learned literals
c otfs:                         15         0.67 %  of conflict
c propagations:            1187970         8.64 M  per second
c reduced:                      94         4.18 %  per conflict
c rephased:                      1      2250.00    interval
c restarts:                     56        40.18    interval
c stabilizing:                   1        55.47 %  of conflicts
c subsumed:                    339         0.28 %  of all clauses
c strengthened:                 15         0.01 %  of all clauses
c trail reuses:                  0         0.00 %  of incremental calls
c 
c seconds are measured in process time for solving
c 
c --- [ resources ] ----------------------------------------------------------
c 
c total process time since initialization:         0.20    seconds
c total real time since initialization:            0.84    seconds
c maximum resident set size of process:           27.45    MB
c 
c --- [ shutting down ] ------------------------------------------------------
c 
c exit 20
