bash 5.2.21(1)-release
sha256sum (GNU coreutils) 9.4
Copyright (C) 2023 Free Software Foundation, Inc.
License GPLv3+: GNU GPL version 3 or later <https://gnu.org/licenses/gpl.html>.
This is free software: you are free to change and redistribute it.
There is NO WARRANTY, to the extent permitted by law.

Written by Ulrich Drepper, Scott Miller, and David Madore.
timeout (GNU coreutils) 9.4
Copyright (C) 2023 Free Software Foundation, Inc.
License GPLv3+: GNU GPL version 3 or later <https://gnu.org/licenses/gpl.html>.
This is free software: you are free to change and redistribute it.
There is NO WARRANTY, to the extent permitted by law.

Written by Pádraig Brady.
prlimit from util-linux 2.39.3
acceleration/results/20261004_fixed17_per_copy_local_sat_native_controls_inputs01/unsat.cnf: OK
acceleration/run_20261004_fixed17_per_copy_local_sat_native_v2.sh: OK
build/research-cadical195/source/build/cadical: OK
c --- [ banner ] -------------------------------------------------------------
c 
c CaDiCaL SAT Solver
c Copyright (c) 2016-2023 A. Biere, M. Fleury, N. Froleyks, K. Fazekas, F. Pollitt
c 
c Version 1.9.5 146207318796f094dcded87349a64f0c6927309e
c g++ (Ubuntu 13.3.0-6ubuntu2~24.04.1) 13.3.0 -Wall -Wextra -O3 -DNDEBUG
c Wed Sep 30 06:02:32 JST 2026 Linux ikutoPC 6.6.87.2-microsoft-standard-WSL2 x86_64
c 
c --- [ proof tracing ] ------------------------------------------------------
c 
c opening file to write 'acceleration/results/20261004_fixed17_per_copy_local_sat_binary_controls_supervision01/unsat/proof.drat'
c writing binary proof trace to 'acceleration/results/20261004_fixed17_per_copy_local_sat_binary_controls_supervision01/unsat/proof.drat'
c 
c --- [ parsing input ] ------------------------------------------------------
c 
c reading DIMACS file from 'acceleration/results/20261004_fixed17_per_copy_local_sat_native_controls_inputs01/unsat.cnf'
c opening file to read 'acceleration/results/20261004_fixed17_per_copy_local_sat_native_controls_inputs01/unsat.cnf'
c found 'p cnf 2 4' header
c parsed 4 clauses in 0.00 seconds process time
c 
c --- [ options ] ------------------------------------------------------------
c 
c all options are set to their default value
c 
c --- [ solving ] ------------------------------------------------------------
c 
c time measured in process time since initialization
c 
c  seconds  reductions  redundant irredundant
c         MB    restarts       trail    variables
c          level   conflicts       glue     remaining
c 
c *  0.00  4  0 0   0    0    0  0% 0    4   2 100%
c {  0.00  4  0 0   0    0    0  0% 0    4   2 100%
c }  0.00  4  0 0   0    2    0 100% 0    4   0  0%
c 0  0.00  4  0 0   0    2    0 100% 0    4   0  0%
c 
c --- [ closing proof ] ------------------------------------------------------
c 
c DRAT proof file 'acceleration/results/20261004_fixed17_per_copy_local_sat_binary_controls_supervision01/unsat/proof.drat' closed
c DRAT 3 added clauses 100.00%
c DRAT 0 deleted clauses 0.00%
c DRAT 8 bytes (0.00 MB)
c 
c --- [ result ] -------------------------------------------------------------
c 
s UNSATISFIABLE
c 
c --- [ run-time profiling ] -------------------------------------------------
c 
c process time taken by individual solving procedures
c (percentage relative to process time for solving)
c 
c         0.00   56.33% parse
c         0.00   51.97% search
c         0.00   38.86% unstable
c         0.00    6.55% lucky
c         0.00    0.00% simplify
c   =================================
c         0.00   23.98% solve
c 
c last line shows process time for solving
c (percentage relative to total process time)
c 
c --- [ statistics ] ---------------------------------------------------------
c 
c conflicts:                     2      8733.62    per second
c decisions:                     1      4366.81    per second
c fixed:                         2       100.00 %  of all variables
c learned:                       1        50.00 %  per conflict
c learned_lits:                  1       100.00 %  learned literals
c minimized:                     0         0.00 %  learned literals
c shrunken:                      0         0.00 %  learned literals
c minishrunken:                  0         0.00 %  learned literals
c otfs:                          0         0.00 %  of conflict
c propagations:                  2         0.01 M  per second
c trail reuses:                  0         0.00 %  of incremental calls
c 
c seconds are measured in process time for solving
c 
c --- [ resources ] ----------------------------------------------------------
c 
c total process time since initialization:         0.00    seconds
c total real time since initialization:            0.02    seconds
c maximum resident set size of process:            3.75    MB
c 
c --- [ shutting down ] ------------------------------------------------------
c 
c exit 20
