test_actual_claim_unapproved_assumption_rejected (test_validate_claims.EditorialMigrationTests.test_actual_claim_unapproved_assumption_rejected) ... ok
test_archived_schema_is_exact_version_one (test_validate_claims.EditorialMigrationTests.test_archived_schema_is_exact_version_one) ... ok
test_authentic_exact_migration_and_quarantined_dependents (test_validate_claims.EditorialMigrationTests.test_authentic_exact_migration_and_quarantined_dependents) ... ok
test_corrupt_snapshot (test_validate_claims.EditorialMigrationTests.test_corrupt_snapshot) ... ok
test_current_editorial_record_cannot_be_faked (test_validate_claims.EditorialMigrationTests.test_current_editorial_record_cannot_be_faked) ... ok
test_dependency_relation_not_just_revision_is_rejected (test_validate_claims.EditorialMigrationTests.test_dependency_relation_not_just_revision_is_rejected) ... ok
test_duplicate_claim_across_different_migrations (test_validate_claims.EditorialMigrationTests.test_duplicate_claim_across_different_migrations) ... ok
test_historical_checks_and_migration_are_immutable (test_validate_claims.EditorialMigrationTests.test_historical_checks_and_migration_are_immutable) ... ok
test_migration_record_edit_is_rejected_on_later_revision (test_validate_claims.EditorialMigrationTests.test_migration_record_edit_is_rejected_on_later_revision) ... ok
test_migration_removal_is_rejected_on_later_edit (test_validate_claims.EditorialMigrationTests.test_migration_removal_is_rejected_on_later_edit) ... ok
test_missing_unknown_duplicate_and_old_new_mismatches (test_validate_claims.EditorialMigrationTests.test_missing_unknown_duplicate_and_old_new_mismatches) ... ok
test_no_dependent_automatic_promotion (test_validate_claims.EditorialMigrationTests.test_no_dependent_automatic_promotion) ... ok
test_no_previous_still_authenticates_migration (test_validate_claims.EditorialMigrationTests.test_no_previous_still_authenticates_migration) ... ok
test_old_claim_must_exactly_match_reviewed_snapshot (test_validate_claims.EditorialMigrationTests.test_old_claim_must_exactly_match_reviewed_snapshot) ... ok
test_required_noneditorial_prerequisite_needs_its_own_review (test_validate_claims.EditorialMigrationTests.test_required_noneditorial_prerequisite_needs_its_own_review) ... ok
test_review_required_even_with_hashes_disabled (test_validate_claims.EditorialMigrationTests.test_review_required_even_with_hashes_disabled) ... ok
test_reviewer_label_and_updated_self_hash_do_not_authorize (test_validate_claims.EditorialMigrationTests.test_reviewer_label_and_updated_self_hash_do_not_authorize) ... ok
test_same_or_skipped_revision_rejected (test_validate_claims.EditorialMigrationTests.test_same_or_skipped_revision_rejected) ... ok
test_unrelated_field_change_cannot_use_exception (test_validate_claims.EditorialMigrationTests.test_unrelated_field_change_cannot_use_exception) ... ok
test_v1_cannot_opt_into_v2_exception (test_validate_claims.EditorialMigrationTests.test_v1_cannot_opt_into_v2_exception) ... ok
test_bad_state (test_validate_claims.RegistryTests.test_bad_state) ... ok
test_broken_dependency (test_validate_claims.RegistryTests.test_broken_dependency) ... ok
test_conditional_premise_is_not_unconditional (test_validate_claims.RegistryTests.test_conditional_premise_is_not_unconditional) ... ok
test_corrupt_artifact (test_validate_claims.RegistryTests.test_corrupt_artifact) ... ok
test_cycle (test_validate_claims.RegistryTests.test_cycle) ... ok
test_duplicate_ids (test_validate_claims.RegistryTests.test_duplicate_ids) ... ok
test_duplicate_yaml_key (test_validate_claims.RegistryTests.test_duplicate_yaml_key) ... ok
test_hash_binding (test_validate_claims.RegistryTests.test_hash_binding) ... ok
test_impact_artifact_change (test_validate_claims.RegistryTests.test_impact_artifact_change) ... ok
test_impact_dependency_requires_recheck (test_validate_claims.RegistryTests.test_impact_dependency_requires_recheck) ... ok
test_impact_preserves_checks (test_validate_claims.RegistryTests.test_impact_preserves_checks) ... ok
test_impact_scope_requires_new_claim (test_validate_claims.RegistryTests.test_impact_scope_requires_new_claim) ... ok
test_invalid_progress_is_explicitly_untrusted (test_validate_claims.RegistryTests.test_invalid_progress_is_explicitly_untrusted) ... ok
test_local_absence_explicit_skip (test_validate_claims.RegistryTests.test_local_absence_explicit_skip) ... ok
test_local_exclusion_cannot_resolve_target (test_validate_claims.RegistryTests.test_local_exclusion_cannot_resolve_target) ... ok
test_missing_keeps_historical_verification (test_validate_claims.RegistryTests.test_missing_keeps_historical_verification) ... ok
test_missing_public_is_fatal (test_validate_claims.RegistryTests.test_missing_public_is_fatal) ... ok
test_new_dependent_missing_independent_review (test_validate_claims.RegistryTests.test_new_dependent_missing_independent_review) ... ok
test_new_dependent_of_unchecked_revised_claim (test_validate_claims.RegistryTests.test_new_dependent_of_unchecked_revised_claim) ... ok
test_new_dependent_stale_revision_pin (test_validate_claims.RegistryTests.test_new_dependent_stale_revision_pin) ... ok
test_new_independently_verified_dependent_of_revised_claim (test_validate_claims.RegistryTests.test_new_independently_verified_dependent_of_revised_claim) ... ok
test_null_reason_required (test_validate_claims.RegistryTests.test_null_reason_required) ... ok
test_output_does_not_overwrite_evidence (test_validate_claims.RegistryTests.test_output_does_not_overwrite_evidence) ... ok
test_positive_fixture (test_validate_claims.RegistryTests.test_positive_fixture) ... ok
test_quarantine_excluded_from_totals (test_validate_claims.RegistryTests.test_quarantine_excluded_from_totals) ... ok
test_refuted_needs_evidence (test_validate_claims.RegistryTests.test_refuted_needs_evidence) ... ok
test_repeated_execution_cannot_promote (test_validate_claims.RegistryTests.test_repeated_execution_cannot_promote) ... ok
test_revision_pin (test_validate_claims.RegistryTests.test_revision_pin) ... ok
test_stale_revision_cannot_promote (test_validate_claims.RegistryTests.test_stale_revision_cannot_promote) ... ok
test_stale_verification_allowed_pending_impact_review (test_validate_claims.RegistryTests.test_stale_verification_allowed_pending_impact_review) ... ok
test_timezone_required (test_validate_claims.RegistryTests.test_timezone_required) ... ok
test_unreviewed_assumption_edit_still_requires_new_claim (test_validate_claims.RegistryTests.test_unreviewed_assumption_edit_still_requires_new_claim) ... ok
test_valid_progress_bookkeeping_flag (test_validate_claims.RegistryTests.test_valid_progress_bookkeeping_flag) ... ok

----------------------------------------------------------------------
Ran 53 tests in 13.725s

OK
