{
  "valid": true,
  "errors": [],
  "skipped": [
    "hash fresh-wave-manifest: hash verification disabled",
    "hash baseline-original-audit: hash verification disabled",
    "hash baseline-independent-matrix: hash verification disabled",
    "hash baseline-fresh-domains: hash verification disabled",
    "hash fresh-selected-manifest: hash verification disabled",
    "hash literature-refresh: hash verification disabled",
    "hash fresh-independent-binding: hash verification disabled",
    "hash fresh-independent-raw: hash verification disabled",
    "hash fresh-mathematical-audit: hash verification disabled",
    "hash fresh-wave-summary: hash verification disabled",
    "hash fresh-wave-receipt: hash verification disabled",
    "hash fresh-candidate-67: hash verification disabled",
    "hash fresh-certificate-67: hash verification disabled",
    "hash fresh-independent_pair_audit-67: hash verification disabled",
    "hash fresh-candidate-1294: hash verification disabled",
    "hash fresh-certificate-1294: hash verification disabled",
    "hash fresh-independent_pair_audit-1294: hash verification disabled",
    "hash fresh-candidate-3113: hash verification disabled",
    "hash fresh-certificate-3113: hash verification disabled",
    "hash fresh-independent_pair_audit-3113: hash verification disabled",
    "hash fresh-candidate-1218: hash verification disabled",
    "hash fresh-certificate-1218: hash verification disabled",
    "hash fresh-independent_pair_audit-1218: hash verification disabled",
    "hash fresh-candidate-2477: hash verification disabled",
    "hash fresh-certificate-2477: hash verification disabled",
    "hash fresh-independent_pair_audit-2477: hash verification disabled",
    "hash fresh-candidate-677: hash verification disabled",
    "hash fresh-certificate-677: hash verification disabled",
    "hash fresh-independent_pair_audit-677: hash verification disabled",
    "hash fresh-candidate-296: hash verification disabled",
    "hash fresh-certificate-296: hash verification disabled",
    "hash fresh-independent_pair_audit-296: hash verification disabled",
    "hash fresh-candidate-845: hash verification disabled",
    "hash fresh-certificate-845: hash verification disabled",
    "hash fresh-independent_pair_audit-845: hash verification disabled",
    "hash fresh-candidate-341: hash verification disabled",
    "hash fresh-certificate-341: hash verification disabled",
    "hash fresh-independent_pair_audit-341: hash verification disabled",
    "hash fresh-candidate-4272: hash verification disabled",
    "hash fresh-certificate-4272: hash verification disabled",
    "hash fresh-independent_pair_audit-4272: hash verification disabled",
    "hash fresh-candidate-6912: hash verification disabled",
    "hash fresh-certificate-6912: hash verification disabled",
    "hash fresh-independent_pair_audit-6912: hash verification disabled",
    "hash fresh-candidate-159: hash verification disabled",
    "hash fresh-certificate-159: hash verification disabled",
    "hash fresh-independent_pair_audit-159: hash verification disabled",
    "hash fresh-candidate-72: hash verification disabled",
    "hash fresh-certificate-72: hash verification disabled",
    "hash fresh-independent_pair_audit-72: hash verification disabled",
    "hash fresh-candidate-104: hash verification disabled",
    "hash fresh-certificate-104: hash verification disabled",
    "hash fresh-independent_pair_audit-104: hash verification disabled",
    "hash fresh-candidate-5137: hash verification disabled",
    "hash fresh-certificate-5137: hash verification disabled",
    "hash fresh-independent_pair_audit-5137: hash verification disabled",
    "hash fresh-candidate-7388: hash verification disabled",
    "hash fresh-certificate-7388: hash verification disabled",
    "hash fresh-independent_pair_audit-7388: hash verification disabled",
    "hash triangle-manifest: hash verification disabled",
    "hash triangle-producer-summary: hash verification disabled",
    "hash triangle-independent-review: hash verification disabled",
    "hash triangle-independent-derivation: hash verification disabled",
    "hash triangle-independent-source: hash verification disabled",
    "hash matching-pair-independent: hash verification disabled",
    "hash matching-pair-proof: hash verification disabled",
    "hash matching-pair-manifest: hash verification disabled",
    "hash matching-pair-native: hash verification disabled",
    "hash matching-pair-original-ids: hash verification disabled",
    "hash same13-scope: hash verification disabled",
    "hash same13-raw: hash verification disabled",
    "hash same13-manifest: hash verification disabled",
    "hash same13-checkpoint: hash verification disabled",
    "hash filtered-star-audit: hash verification disabled",
    "hash filtered-star-proof: hash verification disabled",
    "hash filtered-star-certificate: hash verification disabled",
    "hash filtered-star-manifest: hash verification disabled",
    "hash filtered-star-model: hash verification disabled",
    "hash positive-cuts-audit: hash verification disabled",
    "hash positive-cuts-proof: hash verification disabled",
    "hash positive-cuts-manifest: hash verification disabled",
    "hash positive-cuts-vertex_00_domain_1: hash verification disabled",
    "hash positive-cuts-vertex_01_domain_3: hash verification disabled",
    "hash positive-cuts-vertex_02_domain_1: hash verification disabled",
    "hash positive-cuts-vertex_03_domain_2: hash verification disabled",
    "hash positive-cuts-vertex_04_domain_18: hash verification disabled",
    "hash positive-cuts-vertex_05_domain_13: hash verification disabled",
    "hash positive-cuts-vertex_06_domain_3: hash verification disabled",
    "hash positive-cuts-vertex_07_domain_4: hash verification disabled",
    "hash positive-cuts-vertex_08_domain_4: hash verification disabled",
    "hash positive-cuts-vertex_09_domain_1: hash verification disabled",
    "hash positive-cuts-vertex_10_domain_6: hash verification disabled",
    "hash positive-cuts-vertex_11_domain_0: hash verification disabled",
    "hash positive-cuts-vertex_12_domain_0: hash verification disabled",
    "hash positive-cuts-vertex_13_domain_6: hash verification disabled",
    "hash positive-cuts-vertex_14_domain_10: hash verification disabled",
    "hash positive-cuts-vertex_15_domain_0: hash verification disabled",
    "hash identity-cuts-application-audit: hash verification disabled",
    "hash identity-cuts-application-source: hash verification disabled",
    "hash identity-cuts-application-manifest: hash verification disabled",
    "hash identity-cuts-application-summary: hash verification disabled",
    "hash whole16-scope: hash verification disabled",
    "hash whole16-raw: hash verification disabled",
    "hash whole16-execution-provenance: hash verification disabled",
    "hash whole16-manifest: hash verification disabled",
    "hash whole16-checkpoint: hash verification disabled",
    "hash cyclic-cuts-audit: hash verification disabled",
    "hash cyclic-cuts-manifest: hash verification disabled",
    "hash cyclic-cuts-summary: hash verification disabled",
    "hash root-scaffold-audit: hash verification disabled",
    "hash root-scaffold-derivation: hash verification disabled",
    "hash root-scaffold-manifest: hash verification disabled",
    "hash root-scaffold-calibration: hash verification disabled",
    "hash v3-calibration-independent: hash verification disabled",
    "hash v3-calibration-claim-binding: hash verification disabled",
    "hash v3-calibration-manifest: hash verification disabled",
    "hash v3-calibration-metrics: hash verification disabled",
    "hash v3-calibration-addendum: hash verification disabled",
    "hash partial-coordinate-independent: hash verification disabled",
    "hash partial-coordinate-independent-manifest: hash verification disabled",
    "hash partial-coordinate-manifest: hash verification disabled",
    "hash partial-coordinate-caps: hash verification disabled",
    "hash partial-oddsets-independent: hash verification disabled",
    "hash partial-oddsets-manifest: hash verification disabled",
    "hash partial-oddsets-diagnostic: hash verification disabled",
    "hash partial-oddsets-saved-point: hash verification disabled",
    "hash v3-star16-independent: hash verification disabled",
    "hash v3-star16-raw: hash verification disabled",
    "hash v3-star16-manifest: hash verification disabled",
    "hash v3-star16-summary: hash verification disabled",
    "hash v3-star16-checkpoint: hash verification disabled",
    "hash v3-star16-checkpoint-execution: hash verification disabled",
    "hash partial-moment-independent: hash verification disabled",
    "hash partial-moment-manifest: hash verification disabled",
    "hash partial-moment-model: hash verification disabled",
    "hash partial-moment-integer-csr: hash verification disabled",
    "hash partial-moment-derivation: hash verification disabled",
    "hash partial-moment-numeric-outcome: hash verification disabled",
    "hash partial-filter-audit: hash verification disabled",
    "hash partial-filter-manifest: hash verification disabled",
    "hash partial-filter-summary: hash verification disabled",
    "hash partial-filter-independent-source: hash verification disabled",
    "hash partial-exclusion-audit: hash verification disabled",
    "hash partial-exclusion-binding: hash verification disabled",
    "hash partial-exclusion-manifest: hash verification disabled",
    "hash partial-exclusion-certificate: hash verification disabled",
    "hash partial-exclusion-derivation: hash verification disabled",
    "hash partial-exclusion-independent-source: hash verification disabled",
    "hash coordinate-universe-audit: hash verification disabled",
    "hash coordinate-universe-manifest: hash verification disabled",
    "hash coordinate-universe-list: hash verification disabled",
    "hash coordinate-universe-outcomes: hash verification disabled",
    "hash coordinate-universe-independent-source: hash verification disabled",
    "hash coordinate-coverage-audit: hash verification disabled",
    "hash coordinate-coverage-derivation: hash verification disabled",
    "hash two-domains-audit: hash verification disabled",
    "hash two-domains-manifest: hash verification disabled",
    "hash two-domains-summary: hash verification disabled",
    "hash two-moment-model-audit: hash verification disabled",
    "hash two-moment-build-manifest: hash verification disabled",
    "hash two-moment-model: hash verification disabled",
    "hash two-moment-matrix: hash verification disabled",
    "hash two-moment-derivation: hash verification disabled",
    "hash two-exclusion-binding: hash verification disabled",
    "hash two-exclusion-raw-audit: hash verification disabled",
    "hash two-exclusion-manifest: hash verification disabled",
    "hash two-exclusion-certificate: hash verification disabled",
    "hash two-exclusion-derivation: hash verification disabled",
    "hash binary-membership-binding: hash verification disabled",
    "hash binary-membership-audit: hash verification disabled",
    "hash binary-membership-manifest: hash verification disabled",
    "hash binary-membership-witness: hash verification disabled",
    "hash four-domains-audit: hash verification disabled",
    "hash four-domains-manifest: hash verification disabled",
    "hash four-moment-audit: hash verification disabled",
    "hash four-moment-manifest: hash verification disabled",
    "hash four-moment-model-json: hash verification disabled",
    "hash four-moment-chunk_manifest-json: hash verification disabled",
    "hash four-filter-audit: hash verification disabled",
    "hash four-filter-manifest: hash verification disabled",
    "hash four-filtered-moment-audit: hash verification disabled",
    "hash four-filtered-moment-manifest: hash verification disabled",
    "hash four-filtered-moment-model-json: hash verification disabled",
    "hash four-filtered-moment-chunk_manifest-json: hash verification disabled",
    "hash two-small-audit: hash verification disabled",
    "hash two-small-manifest: hash verification disabled",
    "hash two-small-summary: hash verification disabled",
    "hash two-small-D1: hash verification disabled",
    "hash two-small-D2: hash verification disabled",
    "hash two-small-D4: hash verification disabled",
    "hash two-small-D8: hash verification disabled",
    "hash two-small-D16: hash verification disabled",
    "hash two-small-D32: hash verification disabled",
    "hash two-small-D64: hash verification disabled",
    "hash two-small-D128: hash verification disabled",
    "hash two-small-D256: hash verification disabled",
    "hash six-domains-audit: hash verification disabled",
    "hash six-domains-manifest: hash verification disabled",
    "hash six-domains-summary: hash verification disabled",
    "hash four-exclusion-binding: hash verification disabled",
    "hash four-exclusion-bound-audit: hash verification disabled",
    "hash four-exclusion-manifest: hash verification disabled",
    "hash four-exclusion-certificate: hash verification disabled",
    "hash four-exclusion-derivation: hash verification disabled",
    "hash four-transfer-audit: hash verification disabled",
    "hash four-transfer-manifest: hash verification disabled",
    "hash four-transfer-summary: hash verification disabled",
    "hash six-filter-audit: hash verification disabled",
    "hash six-filter-manifest: hash verification disabled",
    "hash six-filter-summary: hash verification disabled",
    "hash six-filter-recovery-manifest: hash verification disabled",
    "hash six-filtered-model-audit: hash verification disabled",
    "hash six-filtered-model-manifest: hash verification disabled",
    "hash six-filtered-model-chunks: hash verification disabled",
    "hash rook-encoding-recheck: hash verification disabled",
    "hash rook-encoding-manifest: hash verification disabled",
    "hash rook-encoding-matrices: hash verification disabled",
    "hash rook-encoding-derivation: hash verification disabled",
    "hash rook-source-impact: hash verification disabled",
    "hash rook-original-source-unavailable: hash verification disabled",
    "hash moment-gpu-parity-audit: hash verification disabled",
    "hash moment-gpu-pilot-manifest: hash verification disabled",
    "hash moment-gpu-pilot-summary: hash verification disabled",
    "hash six-exclusion-binding: hash verification disabled",
    "hash six-exclusion-bound-audit: hash verification disabled",
    "hash six-exclusion-manifest: hash verification disabled",
    "hash six-exclusion-certificate: hash verification disabled",
    "hash six-exclusion-chunks: hash verification disabled",
    "hash eight-domains-binding: hash verification disabled",
    "hash eight-domains-manifest: hash verification disabled",
    "hash eight-domains-summary: hash verification disabled",
    "hash eight-old17-audit: hash verification disabled",
    "hash eight-new67-audit: hash verification disabled",
    "hash eight-transfer-audit: hash verification disabled",
    "hash eight-transfer-manifest: hash verification disabled",
    "hash eight-transfer-witness: hash verification disabled",
    "hash rook-cell-compat-audit: hash verification disabled",
    "hash rook-cell-compat-manifest: hash verification disabled",
    "hash rook-cell-compat-derivation: hash verification disabled",
    "hash rook-cell-compat-raw: hash verification disabled",
    "hash rook-cell-census-audit: hash verification disabled",
    "hash rook-cell-census-manifest: hash verification disabled",
    "hash rook-cell-census-derivation: hash verification disabled",
    "hash rook-cell-census-raw: hash verification disabled",
    "hash rook-frozen-window-audit: hash verification disabled",
    "hash rook-frozen-window-manifest: hash verification disabled",
    "hash rook-frozen-window-raw: hash verification disabled",
    "hash rook-frozen-window-obstruction: hash verification disabled",
    "hash literature-20260930-audit: hash verification disabled",
    "hash rook-fixed-star-cnf-audit: hash verification disabled",
    "hash rook-fixed-star-cnf-manifest: hash verification disabled",
    "hash rook-fixed-star-cnf-model: hash verification disabled",
    "hash rook-fixed-star-cnf-cnf: hash verification disabled",
    "hash rook-fixed-star-cnf-cnf-gzip: hash verification disabled",
    "hash rook-fixed-star-cnf-cnf-summary: hash verification disabled",
    "hash rook-fixed-star-proof-audit: hash verification disabled",
    "hash rook-fixed-star-proof-manifest: hash verification disabled",
    "hash rook-fixed-star-proof-model: hash verification disabled",
    "hash rook-fixed-star-proof-cnf: hash verification disabled",
    "hash rook-fixed-star-proof-cnf-gzip: hash verification disabled",
    "hash rook-fixed-star-proof-cnf-summary: hash verification disabled",
    "hash rook-fixed-star-proof-raw: hash verification disabled",
    "hash rook-fixed-star-proof-gzip: hash verification disabled",
    "hash rook-fixed-star-proof-recovery: hash verification disabled",
    "hash rook-fixed-star-proof-checker-build: hash verification disabled",
    "hash rook-fixed-star-proof-checker-source: hash verification disabled",
    "hash eight-filter-audit: hash verification disabled",
    "hash eight-filter-manifest: hash verification disabled",
    "hash eight-filter-summary: hash verification disabled",
    "hash eight-filter-fullaudit: hash verification disabled",
    "hash eight-filter-derivation: hash verification disabled",
    "hash eight-moments-audit: hash verification disabled",
    "hash eight-moments-manifest: hash verification disabled",
    "hash eight-moments-summary: hash verification disabled",
    "hash eight-moments-matrix: hash verification disabled",
    "hash eight-moments-model: hash verification disabled",
    "hash eight-moments-chunks: hash verification disabled",
    "hash eight-moments-derivation: hash verification disabled",
    "hash rook-free-cnf-audit: hash verification disabled",
    "hash rook-free-cnf-manifest: hash verification disabled",
    "hash rook-free-cnf-model: hash verification disabled",
    "hash rook-free-cnf-cnf: hash verification disabled",
    "hash rook-free-cnf-gzip: hash verification disabled",
    "hash rook-free-cnf-summary: hash verification disabled",
    "hash rook-local-sat-audit: hash verification disabled",
    "hash rook-local-sat-manifest: hash verification disabled",
    "hash rook-local-sat-graph: hash verification disabled",
    "hash rook-local-sat-assignment: hash verification disabled",
    "hash rook-local-sat-receipt: hash verification disabled",
    "hash rook-original-gram-audit: hash verification disabled",
    "hash rook-original-gram-manifest: hash verification disabled",
    "hash rook-original-gram-graph: hash verification disabled",
    "hash rook-original-gram-certificate: hash verification disabled",
    "hash gram-lemma-audit: hash verification disabled",
    "hash gram-lemma-manifest: hash verification disabled",
    "hash gram-lemma-derivation: hash verification disabled",
    "hash gram-cut45-audit: hash verification disabled",
    "hash gram-cut45-manifest: hash verification disabled",
    "hash gram-cut45-raw-audit: hash verification disabled",
    "hash gram-cut45-certificate: hash verification disabled",
    "hash gram-cut45-clause: hash verification disabled",
    "hash large-gpu-gate-audit: hash verification disabled",
    "hash large-gpu-gate-manifest: hash verification disabled",
    "hash large-gpu-gate-full-audit: hash verification disabled",
    "hash large-gpu-gate-pilot: hash verification disabled",
    "hash large-gpu-gate-source: hash verification disabled",
    "hash large-gpu-gate-build: hash verification disabled",
    "hash large-gpu-gate-build-receipt: hash verification disabled",
    "hash eight-gpu-six-audit: hash verification disabled",
    "hash eight-gpu-six-manifest: hash verification disabled",
    "hash eight-gpu-six-full-audit: hash verification disabled",
    "hash eight-gpu-six-attempts: hash verification disabled",
    "hash eight-gpu-six-execution: hash verification disabled",
    "hash eight-gpu-six-chunks: hash verification disabled",
    "hash eight-gpu-six-1000-last: hash verification disabled",
    "hash eight-gpu-six-1000-average: hash verification disabled",
    "hash eight-gpu-six-5000-last: hash verification disabled",
    "hash eight-gpu-six-5000-average: hash verification disabled",
    "hash eight-gpu-six-10000-last: hash verification disabled",
    "hash eight-gpu-six-10000-average: hash verification disabled",
    "hash rook-lazy01-audit: hash verification disabled",
    "hash rook-lazy01-manifest: hash verification disabled",
    "hash rook-lazy01-summary: hash verification disabled",
    "hash rook-lazy01-checkpoint: hash verification disabled",
    "hash box-rule-audit: hash verification disabled",
    "hash box-rule-manifest: hash verification disabled",
    "hash box-initial-audit: hash verification disabled",
    "hash box-initial-manifest: hash verification disabled",
    "hash box-nine-audit: hash verification disabled",
    "hash box-nine-manifest: hash verification disabled",
    "hash box-ten-audit: hash verification disabled",
    "hash box-ten-manifest: hash verification disabled",
    "hash box-wave2-audit: hash verification disabled",
    "hash box-wave2-manifest: hash verification disabled",
    "hash transport-audit: hash verification disabled",
    "hash transport-manifest: hash verification disabled",
    "hash maps32-audit: hash verification disabled",
    "hash maps32-manifest: hash verification disabled",
    "hash degree-rule-audit: hash verification disabled",
    "hash degree-rule-manifest: hash verification disabled",
    "hash degree-cut12-audit: hash verification disabled",
    "hash degree-cut12-manifest: hash verification disabled",
    "hash orbits352-audit: hash verification disabled",
    "hash orbits352-manifest: hash verification disabled",
    "hash matching-cap-audit: hash verification disabled",
    "hash matching-cap-manifest: hash verification disabled",
    "hash closed-upper-audit: hash verification disabled",
    "hash closed-upper-manifest: hash verification disabled",
    "hash closed-lower-audit: hash verification disabled",
    "hash closed-lower-manifest: hash verification disabled",
    "hash closed29-two-audit: hash verification disabled",
    "hash closed29-two-manifest: hash verification disabled",
    "hash eight-sat-audit: hash verification disabled",
    "hash eight-sat-manifest: hash verification disabled",
    "hash eight-sat-artifact: hash verification disabled",
    "hash eight-cut44-audit: hash verification disabled",
    "hash eight-cut44-manifest: hash verification disabled",
    "hash eight-cut44-artifact: hash verification disabled",
    "hash orbit-witness-audit: hash verification disabled",
    "hash orbit-witness-manifest: hash verification disabled",
    "hash orbit-witness-artifact: hash verification disabled",
    "hash orbit-dual-audit: hash verification disabled",
    "hash orbit-dual-manifest: hash verification disabled",
    "hash orbit-dual-artifact: hash verification disabled",
    "hash orbit-cut43-audit: hash verification disabled",
    "hash orbit-cut43-manifest: hash verification disabled",
    "hash orbit-cut43-artifact: hash verification disabled",
    "hash unrestricted-sat-audit: hash verification disabled",
    "hash unrestricted-sat-manifest: hash verification disabled",
    "hash unrestricted-sat-artifact: hash verification disabled",
    "expensive mathematical replay, SAT/UNSAT proof checking, literature review, and reviewer-independence audit: not performed by registry validation"
  ],
  "hashes_checked": [],
  "progress": {
    "trusted": true,
    "reason": "Registry bookkeeping validation passed; not mathematical verification",
    "population": "current root ledger claim records (not graphs or search branches)",
    "claim_records": 80,
    "status_counts": {
      "CANDIDATE": 2,
      "VERIFIED": 78
    },
    "review_state_counts": {
      "CLEAR": 80
    },
    "current_verified_count": 78,
    "current_verified_claim_ids": [
      "C-STAR-BASELINE-18481",
      "C-FRESH-STAR-16-EXCLUSIONS",
      "C-FRESH-STAR-16-NO-IMPROVEMENT",
      "C-STAR-TRIANGLE-FILTER-18481",
      "C-STAR-MATCHING-PAIR-18481",
      "C-STAR-FILTER-COMPARISON-18481",
      "C-SAME-STAR-13-EXCLUSIONS",
      "C-SAME-STAR-13-NO-IMPROVEMENT",
      "C-FILTERED-STAR-LP-18481",
      "C-MATCHING-POSITIVE-CUTS-16",
      "C-MATCHING-POSITIVE-CUTS-APPLICATION-29",
      "C-WHOLE-FRESH-STAR-16-EXCLUSIONS",
      "C-WHOLE-FRESH-STAR-16-NO-IMPROVEMENT",
      "C-MATCHING-CYCLIC-SIGN-NO-GAIN-29",
      "C-ROOT-SCAFFOLD-NORMALIZATION",
      "C-WHOLE-STAR-RERANK-V3-CALIBRATION",
      "C-PARTIAL-K-ONE-COORDINATE-DOMAINS",
      "C-PARTIAL-K-SAVED-POINT-ODDSETS",
      "C-RERANK-V3-STAR-16-EXCLUSIONS",
      "C-RERANK-V3-STAR-16-NO-IMPROVEMENT",
      "C-PARTIAL-K-FULL-MOMENT-ENCODING",
      "C-PARTIAL-K-NEIGHBORHOOD-MATCHING-FILTER",
      "C-PARTIAL-K-ONE-COORDINATE-EXCLUSION",
      "C-PARTIAL-K-COORDINATE-MATCHING-UNIVERSE",
      "C-PARTIAL-K-MATCHING-SUBFAMILY-COVERAGE",
      "C-PARTIAL-K-TWO-COORDINATE-DOMAINS",
      "C-PARTIAL-K-TWO-COORDINATE-FULL-MOMENT-ENCODING",
      "C-PARTIAL-K-TWO-COORDINATE-EXCLUSION",
      "C-PARTIAL-K-TWO-COORDINATE-BINARY-AFFINE-MEMBERSHIP",
      "C-PARTIAL-K-FOUR-COORDINATE-DOMAINS",
      "C-PARTIAL-K-FOUR-COORDINATE-FULL-MOMENT-ENCODING",
      "C-PARTIAL-K-FOUR-COORDINATE-NEIGHBORHOOD-MATCHING-FILTER",
      "C-PARTIAL-K-FOUR-COORDINATE-MATCHING-FILTERED-MOMENT-ENCODING",
      "C-PARTIAL-K-SIX-COORDINATE-DOMAINS",
      "C-PARTIAL-K-FOUR-COORDINATE-EXCLUSION",
      "C-FOUR-COORDINATE-FIXED-WEIGHT-TRANSFER-SCREEN",
      "C-PARTIAL-K-SIX-COORDINATE-NEIGHBORHOOD-MATCHING-FILTER",
      "C-PARTIAL-K-SIX-COORDINATE-MATCHING-FILTERED-MOMENT-ENCODING",
      "C-ROOK-NINE-REGULAR-SET-ENCODING",
      "C-MOMENT-PDHG-GPU-CPU-PARITY",
      "C-PARTIAL-K-SIX-COORDINATE-EXCLUSION",
      "C-PARTIAL-K-EIGHT-COORDINATE-DOMAINS",
      "C-EIGHT-COORDINATE-FROZEN-WEIGHT-NONPOSITIVITY",
      "C-ROOK-CELL-LOCAL-FACTOR-COMPATIBILITY",
      "C-ROOK-CELL-TWO-FACTOR-CENSUS",
      "C-ROOK-FROZEN-WINDOW-ROW-EXCLUSION",
      "C-ROOK-FIXED-STAR-WINDOW-CNF-ENCODING",
      "C-ROOK-FIXED-STAR-WINDOW-EXCLUSION",
      "C-PARTIAL-K-EIGHT-COORDINATE-NEIGHBORHOOD-MATCHING-FILTER",
      "C-PARTIAL-K-EIGHT-COORDINATE-MATCHING-FILTERED-MOMENT-ENCODING",
      "C-ROOK-FOUR-FACTOR-WINDOW-CNF-ENCODING",
      "C-ROOK-FOUR-FACTOR-WINDOW-LOCAL-CONSTRUCTION",
      "C-ROOK-LOCAL59-NEGATIVE-GRAM-EXCLUSION",
      "C-TARGET-GRAM-PSD-AND-SUPPORT-NOGOODS",
      "C-ROOK-FOUR-FACTOR-MINIMIZED-GRAM-NOGOOD",
      "C-GPU-LARGE-MOMENT-PDHG-CALIBRATION",
      "C-PARTIAL-K-EIGHT-COORDINATE-GPU-FROZEN-SUPPORT-ATTEMPTS",
      "C-ROOK-GRAM-NOGOOD-WAVE01",
      "C-TARGET-GRAM-BOOLEAN-BOX-NOGOODS",
      "C-ROOK-FOUR-FACTOR-INITIAL-GRAM-BOX-NOGOOD",
      "C-ROOK-FOUR-FACTOR-BOX-CUT-COLLECTION01",
      "C-ROOK-FOUR-FACTOR-BOX-CUT-COLLECTION02",
      "C-ROOK-GRAM-BOX-WAVE02",
      "C-FIXED-SCAFFOLD-RELABELING-CUT-TRANSPORT",
      "C-ROOK-FOUR-FACTOR-SCAFFOLD-RELABELINGS32",
      "C-ROOK-DEGREE-BLOCK-GRAM-UPPER-BOUND",
      "C-ROOK-DEGREE-BLOCK-GRAM-CUT-12",
      "C-ROOK-GRAM-CUT-ORBITS-352",
      "C-INDEPENDENT-SET-MATCHING-CAP-COMPOSITION",
      "C-CLOSED-TWO-NEIGHBORHOOD-GRAM-REDUNDANCY",
      "C-CLOSED-TWO-NEIGHBORHOOD-LOWER-GRAM-REDUNDANCY",
      "C-CLOSED29-TWO-SPECIFIC-GRAM-OBSTRUCTIONS",
      "C-PARTIAL-K-EIGHT-COORDINATE-FULL99-SAT-ENCODING",
      "C-PARTIAL-K-EIGHT-FULL99-W81-GRAM-BOX-NOGOOD",
      "C-ROOK-ORBIT-AUGMENTED-LOCAL59-WITNESS",
      "C-ROOK-ORBIT-LOCAL59-DUAL-GRAM-EXCLUSION",
      "C-ROOK-ORBIT-LOCAL59-GRAM-BOX-CUT43",
      "C-UNRESTRICTED-FULL99-PREFIX-CNF-ENCODING"
    ],
    "target_resolution": "UNKNOWN",
    "external_review": "No target-resolution artifact submitted for external review.",
    "coverage": "Overall search coverage: UNKNOWN; no validated denominator.",
    "execution_state": "UNKNOWN; registry inspection is not live process observation"
  },
  "provenance": {
    "timestamp": "2026-09-29T21:33:24.228623+00:00",
    "command_argv": [
      "C:\\Users\\ikuto\\projects\\conway-99-graph\\build\\research-venv\\Scripts\\python.exe",
      "acceleration/validate_claims.py",
      "acceleration/results/20260930_editorial_migration_tooling/run01/CLAIMS.unmodified.yaml",
      "--hashes",
      "none",
      "--out",
      "acceleration/results/20260930_editorial_migration_tooling/run01/unmodified_ledger_validation.json"
    ],
    "working_directory": "C:\\Users\\ikuto\\projects\\conway-99-graph",
    "repository_root": "C:\\Users\\ikuto\\projects\\conway-99-graph",
    "hash_mode": "none",
    "tool_versions": {
      "python": "3.12.10",
      "PyYAML": "6.0.2",
      "jsonschema": "4.23.0"
    },
    "platform": "Windows-11-10.0.26200-SP0",
    "source_commit": "8c0523f90bf652bc36261da51d62778cc96905cd",
    "source_dirty": true,
    "input_hashes": {
      "ledger": {
        "path": "C:\\Users\\ikuto\\projects\\conway-99-graph\\acceleration\\results\\20260930_editorial_migration_tooling\\run01\\CLAIMS.unmodified.yaml",
        "sha256": "20b3ee7d9c13c5142205492832a85ba877f35492ab26c0db1fdd5e3b9ba7e168"
      },
      "schema": {
        "path": "C:\\Users\\ikuto\\projects\\conway-99-graph\\docs\\claims.schema.json",
        "sha256": "0d752f62c7c9a43c7ddc5fbfe8d2c5644eec3d70d1baea236cb290d475aa5dac"
      },
      "checker": {
        "path": "C:\\Users\\ikuto\\projects\\conway-99-graph\\acceleration\\validate_claims.py",
        "sha256": "48c886bed1a60c63d7e7c2ad0decb29811cfa0f1f0b3b6f38bdecddc9b0c3644"
      },
      "previous_ledger": null
    },
    "unknowns": {
      "previous_ledger": "Not supplied"
    }
  }
}
