c --- [ banner ] -------------------------------------------------------------
c 
c CaDiCaL SAT Solver
c Copyright (c) 2016-2023 A. Biere, M. Fleury, N. Froleyks, K. Fazekas, F. Pollitt
c 
c Version 1.9.5 146207318796f094dcded87349a64f0c6927309e
c g++ (Ubuntu 13.3.0-6ubuntu2~24.04.1) 13.3.0 -Wall -Wextra -O3 -DNDEBUG
c Wed Sep 30 06:02:32 JST 2026 Linux ikutoPC 6.6.87.2-microsoft-standard-WSL2 x86_64
c 
c --- [ limit ] --------------------------------------------------------------
c 
c setting conflict limit to 1000000 conflicts (due to '1000000')
c 
c --- [ proof tracing ] ------------------------------------------------------
c 
c opening file to write '/tmp/conway99-six-profile-rank4_03_profile_0040-VxU7te/proof.drat'
c writing non-binary proof trace to '/tmp/conway99-six-profile-rank4_03_profile_0040-VxU7te/proof.drat'
c 
c --- [ parsing input ] ------------------------------------------------------
c 
c reading DIMACS file from '/mnt/c/Users/ikuto/projects/conway-99-graph/acceleration/results/20260930_hadamard_six_remaining_cnfs/run01/rank4_03_profile_0040/instance.cnf'
c opening file to read '/mnt/c/Users/ikuto/projects/conway-99-graph/acceleration/results/20260930_hadamard_six_remaining_cnfs/run01/rank4_03_profile_0040/instance.cnf'
c found 'p cnf 10048 174766' header
c parsed 174766 clauses in 0.08 seconds process time
c 
c --- [ options ] ------------------------------------------------------------
c 
c   --binary=false                 (different from default 'true')
c 
c --- [ solving ] ------------------------------------------------------------
c 
c time measured in process time since initialization
c 
c  seconds  reductions  redundant  irredundant
c         MB    restarts       trail      variables
c          level   conflicts       glue        remaining
c 
c *  0.08 17  0 0   0    0    0  0% 0 125009 7152 71%
c {  0.08 18  0 0   0    0    0  0% 0 125009 7152 71%
c i  0.09 19 19 0  21  204  161 54% 4 125009 7150 71%
c i  0.09 19 19 0  21  205  161 54% 4 125009 7149 71%
c -  0.10 19 20 1  36  301  244 54% 5 124602 7149 71%
c i  0.11 19 18 1  40  346  274 54% 4 124602 7148 71%
c i  0.12 19 22 1  63  685  527 55% 6 124602 7146 71%
c i  0.13 19 21 1  72  838  629 55% 6 124602 7145 71%
c -  0.15 25 21 2  76  959  617 55% 6 124457 7145 71%
c }  0.15 25 21 2  76 1000  653 54% 6 124457 7145 71%
c [  0.15 25  0 2  76 1000  653  0% 0 124457 7145 71%
c O  0.15 25 121 2  76 1014  667 58% 6 124457 7145 71%
c i  0.16 25 35 2  76 1124  745 56% 7 124457 7143 71%
c i  0.18 25 25 2  76 1654 1156 57% 10 124457 7142 71%
c i  0.18 25 25 2  76 1669 1169 57% 10 124457 7135 71%
c -  0.21 25 27 3  76 1944  842 56% 12 124137 7135 71%
c i  0.21 25 25 3  77 2080  917 55% 11 124137 7134 71%
c i  0.23 24 27 3  77 2251  915 30% 12 124092 7133 71%
c i  0.23 24 28 3  77 2285  946 30% 12 124092 7132 71%
c i  0.25 24 31 3  77 2652 1276 30% 13 124092 7131 71%
c 
c  seconds  reductions  redundant   irredundant
c         MB    restarts       trail       variables
c          level   conflicts       glue         remaining
c 
c ]  0.27 24 33 3  77 3000 1568 29% 14 124092 7131 71%
c {  0.27 24 21 3  77 3000 1568 76% 6 124092 7131 71%
c F  0.27 24 21 3  77 3020 1581 76% 6 124092 7131 71%
c i  0.28 24 20 3  77 3060 1601 74% 6 124092 7130 71%
c i  0.28 24 20 3  77 3091 1623 73% 6 124092 7129 71%
c -  0.29 24 20 4  95 3256 1444 68% 6 123859 7129 71%
c i  0.30 24 19 4 100 3286 1459 67% 6 123859 7128 71%
c i  0.30 24 19 4 105 3303 1475 67% 6 123859 7127 71%
c i  0.31 24 20 4 120 3473 1617 63% 6 123859 7126 71%
c i  0.32 24 19 4 134 3845 1894 57% 6 123859 7125 71%
c i  0.33 24 19 4 165 4041 2019 55% 6 123859 7124 71%
c i  0.33 24 19 4 165 4042 2019 55% 6 123859 7119 71%
c i  0.34 24 19 4 174 4132 2064 54% 6 123859 7118 71%
c i  0.34 24 19 4 181 4283 2167 53% 6 123859 7117 71%
c i  0.35 24 19 4 196 4431 2265 52% 6 123859 7116 71%
c i  0.35 24 19 4 196 4462 2289 52% 6 123859 7115 71%
c i  0.35 24 19 4 196 4463 2289 52% 6 123859 7114 71%
c i  0.35 24 19 4 196 4464 2289 52% 6 123859 7084 71%
c i  0.36 24 19 4 199 4669 2451 50% 6 123859 7083 70%
c i  0.36 24 19 4 199 4685 2465 50% 6 123859 7005 70%
c 
c  seconds  reductions  redundant  irredundant
c         MB    restarts       trail      variables
c          level   conflicts       glue        remaining
c 
c i  0.36 24 19 4 199 4691 2470 50% 6 123859 7002 70%
c i  0.36 24 19 4 199 4714 2480 50% 6 123859 6989 70%
c i  0.37 24 19 4 200 4808 2531 50% 6 123859 6988 70%
c i  0.37 24 19 4 200 4877 2586 49% 6 123859 6987 70%
c i  0.37 24 19 4 200 4887 2595 49% 6 123859 6986 70%
c -  0.38 24 19 5 200 4902 1049 49% 6 117959 6986 70%
c i  0.38 24 18 5 200 4945 1077 49% 6 117959 6985 70%
c d  0.39 24 19 5 200 5001 1088 49% 6 117562 6809 68%
c d  0.39 24 19 5 200 5001 1088 49% 6 117560 6808 68%
c p  0.47 25 19 5 200 5001 87554 49% 6 117560 6661 66%
c d  0.47 26 19 5 200 5001 85998 49% 6 111613 6637 66%
c d  0.48 26 19 5 200 5001 85998 49% 6 111366 6517 65%
c i  0.48 26 19 5 200 5006 86000 49% 6 111366 6516 65%
c i  0.48 26 19 5 204 5059 86035 48% 6 111366 6515 65%
c i  0.49 26 19 5 220 5172 86118 48% 6 111366 6514 65%
c i  0.49 26 19 5 226 5244 86166 48% 6 111366 6513 65%
c i  0.49 26 19 5 227 5268 86174 47% 6 111366 6512 65%
c i  0.49 26 19 5 227 5296 86198 47% 6 111366 6511 65%
c i  0.50 26 19 5 230 5376 86244 47% 6 111366 6510 65%
c i  0.50 26 19 5 248 5497 86335 47% 6 111366 6507 65%
c 
c  seconds  reductions   redundant  irredundant
c         MB    restarts        trail      variables
c          level   conflicts        glue        remaining
c 
c i  0.51 26 19 5 251 5588 86387 46% 6 111366 6506 65%
c i  0.51 26 19 5 251 5622 86410 46% 6 111366 6505 65%
c i  0.51 26 19 5 260 5693 86468 46% 6 111366 6504 65%
c i  0.51 26 18 5 260 5700 86469 46% 6 111366 6503 65%
c i  0.52 26 18 5 266 5801 86532 46% 6 111366 6502 65%
c i  0.53 26 18 5 283 5952 86630 45% 6 111366 6501 65%
c i  0.53 26 18 5 287 6008 86654 45% 6 111366 6500 65%
c #  0.53 26 18 5 287 6023 86666 45% 6 111366 6500 65%
c i  0.53 26 18 5 287 6033 86670 45% 6 111366 6499 65%
c i  0.54 26 18 5 308 6188 86768 44% 6 111366 6498 65%
c i  0.56 26 18 5 319 6453 86951 44% 6 111366 6497 65%
c i  0.56 26 18 5 343 6631 87043 44% 6 111366 6496 65%
c i  0.57 26 18 5 370 6807 87177 43% 6 111366 6495 65%
c i  0.58 26 18 5 370 6841 87193 43% 6 111366 6494 65%
c -  0.59 31 18 6 370 6841 9741 43% 6 110392 6494 65%
c i  0.59 31 18 6 370 6874 9766 43% 6 110392 6493 65%
c }  0.60 31 18 6 387 7000 9873 43% 6 110392 6493 65%
c [  0.60 31 33 6 387 7000 9873 29% 14 110392 6493 65%
c i  0.60 31 33 6 387 7005 9877 29% 14 110392 6492 65%
c i  0.61 31 32 6 388 7171 9999 30% 14 110392 6479 64%
c 
c  seconds  reductions   redundant   irredundant
c         MB    restarts        trail       variables
c          level   conflicts        glue         remaining
c 
c i  0.66 31 28 6 388 8190 10802 31% 13 110392 5319 53%
c i  0.68 31 28 6 388 8191 4763 11% 13 71506 5311 53%
c ]  0.68 31 28 6 388 8194 4762 12% 13 71506 4741 47%
c 0  0.68 31 28 6 388 8194 4762 12% 13 71506 4741 47%
c 
c --- [ closing proof ] ------------------------------------------------------
c 
c DRAT proof file '/tmp/conway99-six-profile-rank4_03_profile_0040-VxU7te/proof.drat' closed
c DRAT 110533 added clauses 35.14%
c DRAT 204044 deleted clauses 64.86%
c DRAT 8804810 bytes (8.40 MB)
c 
c --- [ result ] -------------------------------------------------------------
c 
s UNSATISFIABLE
c 
c --- [ run-time profiling ] -------------------------------------------------
c 
c process time taken by individual solving procedures
c (percentage relative to process time for solving)
c 
c         0.50   84.65% search
c         0.30   50.57% unstable
c         0.20   33.87% stable
c         0.09   15.26% simplify
c         0.08   13.75% parse
c         0.07   11.09% probe
c         0.01    1.24% ternary
c         0.00    0.20% lucky
c   =================================
c         0.59   87.78% solve
c 
c last line shows process time for solving
c (percentage relative to total process time)
c 
c --- [ statistics ] ---------------------------------------------------------
c 
c chronological:              3465        42.29 %  of conflicts
c conflicts:                  8194     13786.54    per second
c decisions:                 24780     41692.75    per second
c fixed:                      4986        49.62 %  of all variables
c learned:                    7730        94.34 %  per conflict
c learned_lits:             570808       100.00 %  learned literals
c minimized:                     0         0.00 %  learned literals
c shrunken:                 309336        54.19 %  learned literals
c minishrunken:              61550        10.78 %  learned literals
c otfs:                         31         0.38 %  of conflict
c propagations:            5404243         9.09 M  per second
c reduced:                    1148        14.01 %  per conflict
c rephased:                      3      2731.33    interval
c restarts:                    388        21.12    interval
c stabilizing:                   2        38.98 %  of conflicts
c substituted:                 321         3.19 %  of all variables
c subsumed:                   1643         0.74 %  of all clauses
c strengthened:                 31         0.01 %  of all clauses
c ternary:                       9         0.13 %  of resolved
c trail reuses:                  0         0.00 %  of incremental calls
c weakened:                    642         2.00    average size
c 
c seconds are measured in process time for solving
c 
c --- [ resources ] ----------------------------------------------------------
c 
c total process time since initialization:         0.68    seconds
c total real time since initialization:            1.32    seconds
c maximum resident set size of process:           30.96    MB
c 
c --- [ shutting down ] ------------------------------------------------------
c 
c exit 20
