c --- [ banner ] -------------------------------------------------------------
c 
c CaDiCaL SAT Solver
c Copyright (c) 2016-2023 A. Biere, M. Fleury, N. Froleyks, K. Fazekas, F. Pollitt
c 
c Version 1.9.5 146207318796f094dcded87349a64f0c6927309e
c g++ (Ubuntu 13.3.0-6ubuntu2~24.04.1) 13.3.0 -Wall -Wextra -O3 -DNDEBUG
c Wed Sep 30 06:02:32 JST 2026 Linux ikutoPC 6.6.87.2-microsoft-standard-WSL2 x86_64
c 
c --- [ limit ] --------------------------------------------------------------
c 
c setting conflict limit to 1000000 conflicts (due to '1000000')
c 
c --- [ proof tracing ] ------------------------------------------------------
c 
c opening file to write '/tmp/conway99-profile-036-Z93yed/proof.drat'
c writing non-binary proof trace to '/tmp/conway99-profile-036-Z93yed/proof.drat'
c 
c --- [ parsing input ] ------------------------------------------------------
c 
c reading DIMACS file from '/mnt/c/Users/ikuto/projects/conway-99-graph/acceleration/results/20260930_hadamard_four_profile_cnfs/case_036/instance.cnf'
c opening file to read '/mnt/c/Users/ikuto/projects/conway-99-graph/acceleration/results/20260930_hadamard_four_profile_cnfs/case_036/instance.cnf'
c found 'p cnf 10564 187408' header
c parsed 187408 clauses in 0.07 seconds process time
c 
c --- [ options ] ------------------------------------------------------------
c 
c   --binary=false                 (different from default 'true')
c 
c --- [ solving ] ------------------------------------------------------------
c 
c time measured in process time since initialization
c 
c  seconds  reductions  redundant  irredundant
c         MB    restarts       trail      variables
c          level   conflicts       glue        remaining
c 
c *  0.07 19  0 0   0    0    0  0% 0 138126 7750 73%
c {  0.08 20  0 0   0    0    0  0% 0 138126 7750 73%
c -  0.10 21 32 1  34  300  232 53% 8 138066 7750 73%
c i  0.13 21 27 1  77  786  573 55% 8 138066 7749 73%
c i  0.14 21 27 1  77  828  613 55% 8 138066 7747 73%
c i  0.14 21 26 1  77  844  621 55% 8 138066 7746 73%
c -  0.16 27 25 2  79  984  410 55% 8 137925 7746 73%
c }  0.16 27 25 2  79 1001  426 55% 8 137925 7746 73%
c [  0.16 27  0 2  79 1001  426  0% 0 137925 7746 73%
c O  0.16 27  1 2  79 1002  427 50% 1 137925 7746 73%
c i  0.17 27 16 2  79 1100  502 60% 5 137925 7744 73%
c -  0.24 27 74 3  79 2010 1047 55% 29 137876 7744 73%
c i  0.27 27 60 3  80 2506 1475 55% 23 137876 7743 73%
c i  0.29 27 56 3  80 2840 1757 56% 20 137876 7742 73%
c i  0.29 27 56 3  80 2841 1757 56% 20 137876 7741 73%
c i  0.29 27 56 3  80 2847 1762 56% 20 137876 7740 73%
c i  0.30 27 55 3  80 2941 1836 56% 20 137876 7737 73%
c i  0.30 27 55 3  80 2944 1838 56% 20 137876 7736 73%
c i  0.30 27 55 3  80 2974 1859 56% 20 137876 7735 73%
c i  0.30 27 54 3  80 2977 1861 56% 20 137876 7734 73%
c 
c  seconds  reductions  redundant   irredundant
c         MB    restarts       trail       variables
c          level   conflicts       glue         remaining
c 
c ]  0.30 27 54 3  80 3001 1878 55% 20 137876 7734 73%
c {  0.30 27 25 3  80 3001 1878 55% 8 137876 7734 73%
c F  0.32 27 26 3  80 3004 1880 40% 8 137486 7734 73%
c i  0.32 27 26 3  80 3005 1880 39% 8 137486 7733 73%
c i  0.32 27 25 3  83 3123 1965 35% 7 137486 7732 73%
c i  0.32 27 25 3  83 3154 1982 34% 7 137486 7731 73%
c -  0.34 27 25 4  85 3379 1354 37% 7 137347 7731 73%
c i  0.34 27 25 4  86 3383 1356 37% 7 137347 7730 73%
c i  0.34 27 25 4  86 3384 1356 37% 7 137347 7729 73%
c i  0.34 27 25 4  86 3388 1358 37% 7 137347 7728 73%
c i  0.34 27 25 4  86 3390 1359 37% 7 137347 7727 73%
c i  0.34 27 25 4  86 3391 1359 37% 7 137347 7726 73%
c i  0.34 27 25 4  86 3392 1359 37% 7 137347 7725 73%
c i  0.35 27 24 4  92 3591 1518 39% 7 137347 7724 73%
c i  0.36 27 25 4  96 3622 1545 39% 7 137347 7723 73%
c i  0.38 27 22 4 109 4102 1865 41% 7 137347 7722 73%
c i  0.39 27 22 4 109 4165 1898 41% 7 137347 7721 73%
c i  0.41 27 21 4 114 4669 2242 41% 6 137347 7720 73%
c i  0.41 27 21 4 114 4672 2244 41% 6 137347 7719 73%
c i  0.41 27 21 4 114 4673 2244 41% 6 137347 7718 73%
c 
c  seconds  reductions  redundant  irredundant
c         MB    restarts       trail      variables
c          level   conflicts       glue        remaining
c 
c i  0.41 27 21 4 114 4675 2245 41% 6 137347 7717 73%
c i  0.41 27 21 4 114 4676 2245 41% 6 137347 7716 73%
c i  0.41 27 21 4 114 4690 2252 41% 6 137347 7715 73%
c i  0.41 27 21 4 114 4691 2252 41% 6 137347 7714 73%
c i  0.41 27 21 4 114 4692 2252 41% 6 137347 7713 73%
c i  0.42 27 20 4 114 4793 2309 41% 6 137347 7706 73%
c i  0.42 27 21 4 117 4820 2333 41% 6 137347 7702 73%
c i  0.42 27 21 4 118 4830 2337 40% 6 137347 7701 73%
c i  0.42 27 21 4 118 4831 2337 40% 6 137347 7700 73%
c i  0.42 27 21 4 118 4832 2337 40% 6 137347 7699 73%
c i  0.42 27 21 4 118 4866 2350 40% 6 137347 7698 73%
c i  0.42 27 21 4 118 4901 2376 40% 6 137347 7697 73%
c d  0.44 27 21 4 127 5008 1693 40% 6 135837 7648 72%
c d  0.44 27 21 4 127 5008 1693 40% 6 135777 7618 72%
c p  0.52 28 21 4 127 5008 86280 40% 6 135777 7270 69%
c d  0.53 29 21 4 127 5008 54309 40% 6 121106 7253 69%
c d  0.54 29 21 4 127 5008 54306 40% 6 120526 6963 66%
c i  0.54 29 20 4 127 5028 54317 40% 6 120526 6962 66%
c i  0.54 29 20 4 127 5038 54324 40% 6 120526 6961 66%
c i  0.54 29 20 4 127 5056 54333 40% 6 120526 6952 66%
c 
c  seconds  reductions  redundant  irredundant
c         MB    restarts       trail      variables
c          level   conflicts       glue        remaining
c 
c -  0.56 28 20 5 127 5085 3218 40% 6 120101 6952 66%
c }  0.57 28 20 5 127 5267 3375 40% 6 120101 6427 61%
c 0  0.57 28 20 5 127 5267 3375 40% 6 120101 6427 61%
c 
c --- [ closing proof ] ------------------------------------------------------
c 
c DRAT proof file '/tmp/conway99-profile-036-Z93yed/proof.drat' closed
c DRAT 102657 added clauses 38.67%
c DRAT 162837 deleted clauses 61.33%
c DRAT 7565889 bytes (7.22 MB)
c 
c --- [ result ] -------------------------------------------------------------
c 
s UNSATISFIABLE
c 
c --- [ run-time profiling ] -------------------------------------------------
c 
c process time taken by individual solving procedures
c (percentage relative to process time for solving)
c 
c         0.39   78.27% search
c         0.25   49.72% unstable
c         0.14   28.33% stable
c         0.11   21.56% simplify
c         0.07   14.67% parse
c         0.07   14.64% probe
c         0.01    1.77% ternary
c         0.00    0.21% lucky
c   =================================
c         0.50   87.10% solve
c 
c last line shows process time for solving
c (percentage relative to total process time)
c 
c --- [ statistics ] ---------------------------------------------------------
c 
c chronological:              2218        42.11 %  of conflicts
c conflicts:                  5267     10528.31    per second
c decisions:                 15363     30709.42    per second
c fixed:                      3751        35.51 %  of all variables
c learned:                    4868        92.42 %  per conflict
c learned_lits:             461144       100.00 %  learned literals
c minimized:                     0         0.00 %  learned literals
c shrunken:                 202568        43.93 %  learned literals
c minishrunken:              60453        13.11 %  learned literals
c otfs:                         15         0.28 %  of conflict
c propagations:            4195308         8.39 M  per second
c reduced:                     585        11.11 %  per conflict
c rephased:                      2      2633.50    interval
c restarts:                    127        41.47    interval
c stabilizing:                   1        37.97 %  of conflicts
c substituted:                 386         3.65 %  of all variables
c subsumed:                    864         0.37 %  of all clauses
c strengthened:                 13         0.01 %  of all clauses
c ternary:                      14         0.25 %  of resolved
c trail reuses:                  0         0.00 %  of incremental calls
c weakened:                    772         2.00    average size
c 
c seconds are measured in process time for solving
c 
c --- [ resources ] ----------------------------------------------------------
c 
c total process time since initialization:         0.57    seconds
c total real time since initialization:            1.23    seconds
c maximum resident set size of process:           33.69    MB
c 
c --- [ shutting down ] ------------------------------------------------------
c 
c exit 20
