c --- [ banner ] -------------------------------------------------------------
c 
c CaDiCaL SAT Solver
c Copyright (c) 2016-2023 A. Biere, M. Fleury, N. Froleyks, K. Fazekas, F. Pollitt
c 
c Version 1.9.5 146207318796f094dcded87349a64f0c6927309e
c g++ (Ubuntu 13.3.0-6ubuntu2~24.04.1) 13.3.0 -Wall -Wextra -O3 -DNDEBUG
c Wed Sep 30 06:02:32 JST 2026 Linux ikutoPC 6.6.87.2-microsoft-standard-WSL2 x86_64
c 
c --- [ limit ] --------------------------------------------------------------
c 
c setting conflict limit to 1000000 conflicts (due to '1000000')
c 
c --- [ proof tracing ] ------------------------------------------------------
c 
c opening file to write '/tmp/conway99-seven-profile-rank5_100_profile_0000-GkaxTy/proof.drat'
c writing non-binary proof trace to '/tmp/conway99-seven-profile-rank5_100_profile_0000-GkaxTy/proof.drat'
c 
c --- [ parsing input ] ------------------------------------------------------
c 
c reading DIMACS file from '/mnt/c/Users/ikuto/projects/conway-99-graph/acceleration/results/20260930_hadamard_seven_remaining_cnfs/run01/rank5_100_profile_0000/instance.cnf'
c opening file to read '/mnt/c/Users/ikuto/projects/conway-99-graph/acceleration/results/20260930_hadamard_seven_remaining_cnfs/run01/rank5_100_profile_0000/instance.cnf'
c found 'p cnf 9880 170650' header
c parsed 170650 clauses in 0.07 seconds process time
c 
c --- [ options ] ------------------------------------------------------------
c 
c   --binary=false                 (different from default 'true')
c 
c --- [ solving ] ------------------------------------------------------------
c 
c time measured in process time since initialization
c 
c  seconds  reductions  redundant  irredundant
c         MB    restarts       trail      variables
c          level   conflicts       glue        remaining
c 
c *  0.07 18  0 0   0    0    0  0% 0 120722 6954 70%
c {  0.07 18  0 0   0    0    0  0% 0 120722 6954 70%
c i  0.08 19 19 0   5  192  122 54% 5 120722 6953 70%
c i  0.08 19 18 0   5  220  141 54% 5 120722 6952 70%
c i  0.08 19 19 0   8  253  167 53% 6 120722 6951 70%
c i  0.08 19 18 0  13  272  185 53% 5 120722 6949 70%
c i  0.08 19 18 0  13  274  186 53% 5 120722 6948 70%
c i  0.08 19 18 0  13  275  186 53% 5 120722 6947 70%
c i  0.08 19 18 0  13  286  196 52% 5 120722 6946 70%
c i  0.08 19 18 0  13  287  196 52% 5 120722 6945 70%
c i  0.08 19 17 0  13  292  200 52% 5 120722 6944 70%
c i  0.08 19 17 0  13  295  202 52% 5 120722 6943 70%
c -  0.09 19 17 1  13  300  105 52% 5 120128 6943 70%
c i  0.09 19 17 1  13  311  115 52% 5 120128 6941 70%
c i  0.09 19 24 1  30  478  242 52% 6 120128 6940 70%
c i  0.09 19 24 1  31  479  242 52% 6 120128 6939 70%
c i  0.09 19 23 1  31  480  242 52% 6 120128 6938 70%
c i  0.09 19 23 1  31  481  242 52% 6 120128 6937 70%
c i  0.09 19 23 1  32  482  242 52% 6 120128 6936 70%
c i  0.09 19 23 1  32  483  242 52% 6 120128 6875 70%
c 
c  seconds  reductions  redundant  irredundant
c         MB    restarts       trail      variables
c          level   conflicts       glue        remaining
c 
c i  0.09 19 23 1  32  484  242 52% 6 120128 6874 70%
c i  0.09 19 23 1  33  485  242 52% 6 120128 6873 70%
c i  0.09 19 23 1  33  488  244 52% 6 120128 6872 70%
c i  0.09 19 23 1  33  493  248 52% 6 120128 6871 70%
c i  0.10 19 23 1  33  510  260 52% 6 120128 6870 70%
c i  0.10 19 22 1  33  533  276 52% 6 120128 5724 58%
c i  0.10 19 22 1  33  534  276 52% 6 120128 5723 58%
c i  0.10 19 22 1  33  536  277 52% 6 120128 5721 58%
c i  0.10 19 22 1  33  537  277 52% 6 120128 5715 58%
c i  0.10 19 22 1  33  538  277 52% 6 120128 5712 58%
c i  0.10 19 22 1  33  539  277 52% 6 120128 5709 58%
c i  0.10 19 22 1  33  549  281 52% 6 120128 5706 58%
c i  0.10 19 21 1  33  553  284 52% 6 120128 4580 46%
c }  0.10 19 21 1  33  555  284 52% 6 120128 4536 46%
c 0  0.10 19 21 1  33  555  284 52% 6 120128 4536 46%
c 
c --- [ closing proof ] ------------------------------------------------------
c 
c DRAT proof file '/tmp/conway99-seven-profile-rank5_100_profile_0000-GkaxTy/proof.drat' closed
c DRAT 6918 added clauses 11.78%
c DRAT 51811 deleted clauses 88.22%
c DRAT 1427038 bytes (1.36 MB)
c 
c --- [ result ] -------------------------------------------------------------
c 
s UNSATISFIABLE
c 
c --- [ run-time profiling ] -------------------------------------------------
c 
c process time taken by individual solving procedures
c (percentage relative to process time for solving)
c 
c         0.07  217.77% parse
c         0.03   97.29% search
c         0.03   94.77% unstable
c         0.00    2.44% lucky
c         0.00    0.00% simplify
c   =================================
c         0.03   31.20% solve
c 
c last line shows process time for solving
c (percentage relative to total process time)
c 
c --- [ statistics ] ---------------------------------------------------------
c 
c chronological:               328        59.10 %  of conflicts
c conflicts:                   555     18115.94    per second
c decisions:                  2793     91167.25    per second
c fixed:                      5344        54.09 %  of all variables
c learned:                     497        89.55 %  per conflict
c learned_lits:              21368       100.00 %  learned literals
c minimized:                     0         0.00 %  learned literals
c shrunken:                  11291        52.84 %  learned literals
c minishrunken:               1984         9.28 %  learned literals
c otfs:                          3         0.54 %  of conflict
c propagations:             340064        11.10 M  per second
c restarts:                     33        16.82    interval
c subsumed:                     98         0.08 %  of all clauses
c strengthened:                  3         0.00 %  of all clauses
c trail reuses:                  0         0.00 %  of incremental calls
c 
c seconds are measured in process time for solving
c 
c --- [ resources ] ----------------------------------------------------------
c 
c total process time since initialization:         0.10    seconds
c total real time since initialization:            0.87    seconds
c maximum resident set size of process:           19.97    MB
c 
c --- [ shutting down ] ------------------------------------------------------
c 
c exit 20
