Running HiGHS 1.15.1 (git hash: 04024d7): Copyright (c) 2026 under MIT licence terms
Includes third-party software components, see THIRD_PARTY_NOTICES.md for full details
LP has 5310 rows; 61450 cols; 4425506 nonzeros
Coefficient ranges:
  Matrix  [1e+00, 1e+00]
  Cost    [1e+00, 1e+00]
  Bound   [0e+00, 0e+00]
  RHS     [1e+00, 2e+00]
Presolving model
5028 rows, 61127 cols, 4411191 nonzeros 0s
Dependent equations search running on 5025 equations with time limit of 6.00s
Dependent equations search removed 84 rows and 44376 nonzeros in 0.78s (limit = 6.00s)
4941 rows, 61121 cols, 4115376 nonzeros 3s
Presolve reductions: rows 4941(-369); columns 61121(-329); nonzeros 4115376(-310130) 
Solving the presolved LP
IPX model has 4941 rows, 61121 columns and 4115376 nonzeros
Input
    Number of variables:                                61121
    Number of free variables:                           0
    Number of constraints:                              4941
    Number of equality constraints:                     4941
    Number of matrix entries:                           4115376
    Matrix range:                                       [1e+00, 1e+00]
    RHS range:                                          [1e+00, 2e+00]
    Objective range:                                    [1e+00, 1e+00]
    Bounds range:                                       [0e+00, 0e+00]
Preprocessing
    Dualized model:                                     no
    Number of dense columns:                            0
    Range of scaling factors:                           [1.00e+00, 1.00e+00]
    Scaled cost norm:                                   1
    Scaled bounds norm:                                 2
IPX version 1.0
Interior point solve
 Iter       primal obj         dual obj       pinf       dinf       gap      time
   0    2.23529962e-15   0.00000000e+00   6.43e-01   7.74e-01  2.24e-15       3.7
   1    3.90983359e+03  -1.28238235e+02   1.32e-01   7.74e-07  2.13e+00       3.9
   2    1.38215000e+03  -1.25153521e+02   3.50e-02   7.75e-13  2.39e+00       4.3
   3    4.98984363e+02  -7.64405060e+01   9.19e-03   1.55e-15  2.71e+00       5.3
 Constructing starting basis...
 Iter       primal obj         dual obj       pinf       dinf       gap      time
   4    1.72731234e+02   2.76061518e+01   2.74e-03   2.33e-14  1.43e+00      14.8
   5    1.24599253e+02   1.47163494e+02   1.53e-03   5.71e-14  1.65e-01      27.5
   6    1.31797576e+02   2.63581781e+02   1.07e-03   9.15e-14  6.63e-01      51.9
   7    1.79085840e+02   3.38897960e+02   8.59e-04   1.15e-13  6.15e-01      79.3
   8    2.34758228e+02   3.88833336e+02   7.04e-04   1.58e-13  4.93e-01     105.3
   9    2.87810831e+02   4.26471156e+02   5.75e-04   1.74e-13  3.87e-01     135.1
  10    3.28333610e+02   4.55954333e+02   4.90e-04   2.09e-13  3.25e-01     160.5
  11    3.64748448e+02   4.74417044e+02   4.24e-04   2.64e-13  2.61e-01     177.5
  12    4.03522003e+02   4.90879474e+02   3.46e-04   2.80e-13  1.95e-01     192.4
  13    4.39802306e+02   5.05443646e+02   2.88e-04   3.63e-13  1.39e-01     201.6
  14    4.57936622e+02   5.14734353e+02   2.54e-04   3.25e-13  1.17e-01     211.8
  15    4.85095873e+02   5.24461767e+02   1.94e-04   3.80e-13  7.78e-02     218.9
  16    5.06221638e+02   5.32093545e+02   1.53e-04   4.51e-13  4.97e-02     224.9
  17    5.25339013e+02   5.38348239e+02   1.24e-04   3.41e-13  2.44e-02     229.9
  18    5.40195693e+02   5.42806299e+02   9.96e-05   3.25e-13  4.81e-03     234.5
  19    5.50130054e+02   5.46111910e+02   8.20e-05   4.57e-13  7.32e-03     237.2
  20    5.60421555e+02   5.50522544e+02   5.80e-05   3.85e-13  1.78e-02     239.7
  21    5.65187468e+02   5.53702815e+02   4.37e-05   4.49e-13  2.05e-02     242.0
  22    5.68565062e+02   5.55864399e+02   2.96e-05   6.40e-13  2.26e-02     245.1
  23    5.69401005e+02   5.58180912e+02   1.90e-05   5.89e-13  1.99e-02     247.1
  24    5.69374160e+02   5.59904007e+02   1.33e-05   4.24e-13  1.67e-02     248.9
  25    5.66776780e+02   5.61553298e+02   5.40e-06   4.85e-13  9.24e-03     250.6
  26    5.66609903e+02   5.62406218e+02   4.06e-06   4.78e-13  7.43e-03     252.2
  27    5.65053798e+02   5.62831380e+02   1.80e-06   4.39e-13  3.93e-03     253.7
  28    5.64559309e+02   5.62992379e+02   8.00e-07   5.00e-13  2.77e-03     255.1
  29    5.63873998e+02   5.63091946e+02   2.99e-07   4.23e-13  1.39e-03     256.4
  30    5.63545207e+02   5.63133339e+02   9.61e-08   4.57e-13  7.30e-04     257.8
  31    5.63316888e+02   5.63150641e+02   9.62e-09   3.90e-13  2.95e-04     259.1
  32    5.63257230e+02   5.63161391e+02   2.39e-09   4.61e-13  1.70e-04     260.4
  33    5.63199250e+02   5.63172387e+02   6.09e-10   4.75e-13  4.76e-05     261.6
  34    5.63188740e+02   5.63175285e+02   2.89e-10   5.72e-13  2.38e-05     262.9
  35    5.63178932e+02   5.63176058e+02   3.39e-11   4.48e-13  5.09e-06     264.1
  36    5.63176780e+02   5.63176343e+02   2.93e-12   6.39e-13  7.74e-07     265.3
  37    5.63176491e+02   5.63176394e+02   6.64e-13   4.76e-13  1.72e-07     266.4
  38    5.63176424e+02   5.63176404e+02   1.37e-13   5.81e-13  3.48e-08     267.5
  39*   5.63176406e+02   5.63176406e+02   3.41e-15   6.00e-13  1.32e-11     268.6
Summary
    Runtime:                                            268.60s
    Status interior point solve:                        optimal
    Status crossover:                                   not run
    objective value:                                    5.63176406e+02
    interior solution primal residual (abs/rel):        1.08e-12 / 3.60e-13
    interior solution dual residual (abs/rel):          1.20e-12 / 6.00e-13
    interior solution objective gap (abs/rel):          7.48e-09 / 1.33e-11
Ipx: IPM       optimal

Performed postsolve

Model status        : Optimal
IPM       iterations: 39
Objective value     :  5.6317640563e+02
P-D objective error :  6.6276734968e-12
HiGHS run time      :        268.68
