c --- [ banner ] -------------------------------------------------------------
c 
c CaDiCaL SAT Solver
c Copyright (c) 2016-2023 A. Biere, M. Fleury, N. Froleyks, K. Fazekas, F. Pollitt
c 
c Version 1.9.5 146207318796f094dcded87349a64f0c6927309e
c g++ (Ubuntu 13.3.0-6ubuntu2~24.04.1) 13.3.0 -Wall -Wextra -O3 -DNDEBUG
c Wed Sep 30 06:02:32 JST 2026 Linux ikutoPC 6.6.87.2-microsoft-standard-WSL2 x86_64
c 
c --- [ limit ] --------------------------------------------------------------
c 
c setting conflict limit to 1000000 conflicts (due to '1000000')
c 
c --- [ proof tracing ] ------------------------------------------------------
c 
c opening file to write '/tmp/conway99-seven-profile-rank5_53_profile_0001-bo2xY2/proof.drat'
c writing non-binary proof trace to '/tmp/conway99-seven-profile-rank5_53_profile_0001-bo2xY2/proof.drat'
c 
c --- [ parsing input ] ------------------------------------------------------
c 
c reading DIMACS file from '/mnt/c/Users/ikuto/projects/conway-99-graph/acceleration/results/20260930_hadamard_seven_remaining_cnfs/run02/rank5_53_profile_0001/instance.cnf'
c opening file to read '/mnt/c/Users/ikuto/projects/conway-99-graph/acceleration/results/20260930_hadamard_seven_remaining_cnfs/run02/rank5_53_profile_0001/instance.cnf'
c found 'p cnf 9872 170454' header
c parsed 170454 clauses in 0.06 seconds process time
c 
c --- [ options ] ------------------------------------------------------------
c 
c   --binary=false                 (different from default 'true')
c 
c --- [ solving ] ------------------------------------------------------------
c 
c time measured in process time since initialization
c 
c  seconds  reductions  redundant  irredundant
c         MB    restarts       trail      variables
c          level   conflicts       glue        remaining
c 
c *  0.06 17  0 0   0    0    0  0% 0 120522 6945 70%
c {  0.06 18  0 0   0    0    0  0% 0 120522 6945 70%
c i  0.07 18 20 0   1   89   73 52% 5 120522 6944 70%
c i  0.07 18 20 0   1   90   73 52% 5 120522 6943 70%
c i  0.07 18 16 0   2  145  126 55% 5 120522 6942 70%
c i  0.08 18 16 0   5  262  185 53% 5 120522 6941 70%
c i  0.08 18 15 0   5  273  192 53% 5 120522 6939 70%
c i  0.08 19 14 0   5  299  205 52% 5 120522 6938 70%
c -  0.08 19 14 1   5  300  104 52% 5 120065 6938 70%
c i  0.09 19 13 1  11  406  173 52% 5 120065 6937 70%
c i  0.09 19 13 1  11  407  173 52% 5 120065 6936 70%
c i  0.09 19 15 1  11  417  182 52% 5 120065 6935 70%
c i  0.09 19 16 1  26  507  241 51% 5 120065 6934 70%
c i  0.09 19 17 1  26  549  276 51% 5 120065 6933 70%
c i  0.09 19 17 1  26  553  278 51% 5 120065 6932 70%
c i  0.10 19 16 1  37  720  395 52% 5 120065 6930 70%
c i  0.10 19 17 1  37  741  415 52% 5 120065 6929 70%
c i  0.10 19 17 1  37  758  422 52% 5 120065 6928 70%
c i  0.11 19 17 1  37  787  448 52% 5 120065 6927 70%
c i  0.11 19 17 1  43  866  487 52% 5 120065 6926 70%
c 
c  seconds  reductions  redundant  irredundant
c         MB    restarts       trail      variables
c          level   conflicts       glue        remaining
c 
c i  0.11 19 17 1  43  869  486 52% 5 120065 6919 70%
c i  0.11 19 17 1  43  880  495 52% 5 120065 6918 70%
c i  0.11 19 19 1  49  938  545 52% 6 120065 6914 70%
c -  0.12 24 19 2  51  947  321 52% 6 119180 6914 70%
c }  0.13 24 19 2  64 1000  369 52% 5 119180 6914 70%
c [  0.13 24  0 2  64 1000  369  0% 0 119180 6914 70%
c O  0.13 24 91 2  64 1004  373 54% 13 119180 6914 70%
c i  0.13 24 22 2  64 1048  402 53% 6 119180 5763 58%
c i  0.13 24 21 2  64 1050  403 53% 6 119180 4941 50%
c i  0.13 24 17 2  64 1074  421 56% 5 119180 4940 50%
c i  0.13 24 16 2  64 1075  421 56% 5 119180 4939 50%
c i  0.13 24 16 2  64 1084  426 56% 5 119180 4938 50%
c i  0.13 24 16 2  64 1086  426 56% 5 119180 4937 50%
c i  0.13 24 16 2  64 1087  426 56% 5 119180 4936 50%
c i  0.13 24 15 2  64 1091  428 56% 5 119180 4935 50%
c i  0.13 24 15 2  64 1097  430 56% 5 119180 4934 50%
c i  0.13 24 15 2  64 1100  430 56% 5 119180 4933 50%
c ]  0.13 24 14 2  64 1105  429 56% 5 119180 4323 44%
c 0  0.13 24 14 2  64 1105  429 56% 5 119180 4323 44%
c 
c --- [ closing proof ] ------------------------------------------------------
c 
c DRAT proof file '/tmp/conway99-seven-profile-rank5_53_profile_0001-bo2xY2/proof.drat' closed
c DRAT 8127 added clauses 13.20%
c DRAT 53422 deleted clauses 86.80%
c DRAT 1659791 bytes (1.58 MB)
c 
c --- [ result ] -------------------------------------------------------------
c 
s UNSATISFIABLE
c 
c --- [ run-time profiling ] -------------------------------------------------
c 
c process time taken by individual solving procedures
c (percentage relative to process time for solving)
c 
c         0.07   98.99% search
c         0.06   89.61% parse
c         0.06   89.05% unstable
c         0.01    7.46% stable
c         0.00    2.43% lucky
c         0.00    0.00% simplify
c   =================================
c         0.07   52.46% solve
c 
c last line shows process time for solving
c (percentage relative to total process time)
c 
c --- [ statistics ] ---------------------------------------------------------
c 
c chronological:               577        52.22 %  of conflicts
c conflicts:                  1105     16045.89    per second
c decisions:                  4717     68496.33    per second
c fixed:                      5549        56.21 %  of all variables
c learned:                     985        89.14 %  per conflict
c learned_lits:              51524       100.00 %  learned literals
c minimized:                     0         0.00 %  learned literals
c shrunken:                  31070        60.30 %  learned literals
c minishrunken:               3528         6.85 %  learned literals
c otfs:                         14         1.27 %  of conflict
c propagations:             619274         8.99 M  per second
c reduced:                      14         1.27 %  per conflict
c rephased:                      1      1105.00    interval
c restarts:                     64        17.27    interval
c stabilizing:                   1         9.41 %  of conflicts
c subsumed:                    195         0.16 %  of all clauses
c strengthened:                 13         0.01 %  of all clauses
c trail reuses:                  0         0.00 %  of incremental calls
c 
c seconds are measured in process time for solving
c 
c --- [ resources ] ----------------------------------------------------------
c 
c total process time since initialization:         0.13    seconds
c total real time since initialization:            0.80    seconds
c maximum resident set size of process:           23.68    MB
c 
c --- [ shutting down ] ------------------------------------------------------
c 
c exit 20
