c --- [ banner ] -------------------------------------------------------------
c 
c CaDiCaL SAT Solver
c Copyright (c) 2016-2023 A. Biere, M. Fleury, N. Froleyks, K. Fazekas, F. Pollitt
c 
c Version 1.9.5 146207318796f094dcded87349a64f0c6927309e
c g++ (Ubuntu 13.3.0-6ubuntu2~24.04.1) 13.3.0 -Wall -Wextra -O3 -DNDEBUG
c Wed Sep 30 06:02:32 JST 2026 Linux ikutoPC 6.6.87.2-microsoft-standard-WSL2 x86_64
c 
c --- [ limit ] --------------------------------------------------------------
c 
c setting conflict limit to 1000000 conflicts (due to '1000000')
c 
c --- [ proof tracing ] ------------------------------------------------------
c 
c opening file to write '/tmp/conway99-seven-profile-rank5_189_profile_0002-Spd8r3/proof.drat'
c writing non-binary proof trace to '/tmp/conway99-seven-profile-rank5_189_profile_0002-Spd8r3/proof.drat'
c 
c --- [ parsing input ] ------------------------------------------------------
c 
c reading DIMACS file from '/mnt/c/Users/ikuto/projects/conway-99-graph/acceleration/results/20260930_hadamard_seven_remaining_cnfs/run02/rank5_189_profile_0002/instance.cnf'
c opening file to read '/mnt/c/Users/ikuto/projects/conway-99-graph/acceleration/results/20260930_hadamard_seven_remaining_cnfs/run02/rank5_189_profile_0002/instance.cnf'
c found 'p cnf 9872 170454' header
c parsed 170454 clauses in 0.07 seconds process time
c 
c --- [ options ] ------------------------------------------------------------
c 
c   --binary=false                 (different from default 'true')
c 
c --- [ solving ] ------------------------------------------------------------
c 
c time measured in process time since initialization
c 
c  seconds  reductions  redundant  irredundant
c         MB    restarts       trail      variables
c          level   conflicts       glue        remaining
c 
c *  0.07 18  0 0   0    0    0  0% 0 120522 6945 70%
c {  0.08 18  0 0   0    0    0  0% 0 120522 6945 70%
c i  0.09 19 21 0  12  218  161 53% 7 120522 6944 70%
c -  0.10 19 19 1  26  302  224 53% 7 120355 6944 70%
c i  0.10 19 18 1  26  371  252 53% 7 120355 6943 70%
c i  0.10 19 17 1  29  468  331 53% 7 120355 6941 70%
c i  0.11 19 16 1  31  615  426 53% 6 120355 6940 70%
c i  0.11 19 19 1  34  654  452 52% 6 120355 6939 70%
c i  0.11 19 19 1  34  659  456 52% 6 120355 6938 70%
c i  0.11 19 19 1  34  660  456 52% 6 120355 6937 70%
c -  0.13 24 23 2  41  951  326 50% 6 120076 6937 70%
c }  0.13 24 23 2  41 1003  367 51% 6 120076 6937 70%
c [  0.13 24  0 2  41 1003  367  0% 0 120076 6937 70%
c O  0.13 24  3 2  41 1004  368 76% 3 120076 6937 70%
c i  0.14 24 11 2  41 1189  483 61% 6 120076 6935 70%
c i  0.14 24 14 2  41 1198  490 60% 6 120076 6920 70%
c i  0.14 24 16 2  41 1219  502 58% 7 120076 6919 70%
c i  0.14 24 16 2  41 1222  503 58% 7 120076 6917 70%
c i  0.14 24 16 2  41 1225  505 58% 7 120076 6916 70%
c i  0.14 24 16 2  41 1226  505 58% 7 120076 6915 70%
c 
c  seconds  reductions  redundant  irredundant
c         MB    restarts       trail      variables
c          level   conflicts       glue        remaining
c 
c i  0.14 24 16 2  41 1251  525 57% 7 120076 6914 70%
c i  0.15 24 18 2  41 1340  588 56% 8 120076 6913 70%
c i  0.15 24 23 2  41 1363  603 56% 9 120076 6912 70%
c i  0.15 24 27 2  41 1382  614 55% 9 120076 6911 70%
c i  0.15 24 27 2  41 1392  620 54% 9 120076 6910 70%
c i  0.15 24 26 2  41 1394  621 54% 9 120076 6909 70%
c i  0.15 24 26 2  41 1397  621 54% 9 120076 6897 70%
c i  0.15 24 26 2  41 1398  621 54% 9 120076 6896 70%
c i  0.15 24 26 2  41 1400  622 54% 9 120076 6895 70%
c i  0.15 24 26 2  41 1404  624 54% 9 120076 6894 70%
c i  0.15 24 26 2  41 1406  625 54% 9 120076 6893 70%
c i  0.15 24 26 2  41 1414  631 54% 9 120076 6889 70%
c i  0.15 24 26 2  41 1415  631 54% 9 120076 6831 69%
c -  0.19 25 35 3  41 1924  830 54% 13 115907 6831 69%
c i  0.19 25 34 3  41 1967  861 54% 13 115907 6830 69%
c i  0.22 25 30 3  42 2523 1297 54% 12 115907 5855 59%
c ]  0.23 22 30 3  42 2535  307 22% 12 81738 5544 56%
c 0  0.24 22 30 3  42 2535  307 22% 12 81738 5544 56%
c 
c --- [ closing proof ] ------------------------------------------------------
c 
c DRAT proof file '/tmp/conway99-seven-profile-rank5_189_profile_0002-Spd8r3/proof.drat' closed
c DRAT 11537 added clauses 10.77%
c DRAT 95617 deleted clauses 89.23%
c DRAT 3443127 bytes (3.28 MB)
c 
c --- [ result ] -------------------------------------------------------------
c 
s UNSATISFIABLE
c 
c --- [ run-time profiling ] -------------------------------------------------
c 
c process time taken by individual solving procedures
c (percentage relative to process time for solving)
c 
c         0.16   99.65% search
c         0.10   63.99% stable
c         0.07   46.03% parse
c         0.06   34.48% unstable
c         0.00    1.14% lucky
c         0.00    0.00% simplify
c   =================================
c         0.16   68.25% solve
c 
c last line shows process time for solving
c (percentage relative to total process time)
c 
c --- [ statistics ] ---------------------------------------------------------
c 
c chronological:               984        38.82 %  of conflicts
c conflicts:                  2535     15784.07    per second
c decisions:                  6567     40889.14    per second
c fixed:                      4328        43.84 %  of all variables
c learned:                    2282        90.02 %  per conflict
c learned_lits:             153982       100.00 %  learned literals
c minimized:                     0         0.00 %  learned literals
c shrunken:                  56779        36.87 %  learned literals
c minishrunken:              23718        15.40 %  learned literals
c otfs:                         40         1.58 %  of conflict
c propagations:            1457511         9.08 M  per second
c reduced:                     102         4.02 %  per conflict
c rephased:                      1      2535.00    interval
c restarts:                     42        60.36    interval
c stabilizing:                   1        60.39 %  of conflicts
c subsumed:                    414         0.34 %  of all clauses
c strengthened:                 39         0.03 %  of all clauses
c trail reuses:                  0         0.00 %  of incremental calls
c 
c seconds are measured in process time for solving
c 
c --- [ resources ] ----------------------------------------------------------
c 
c total process time since initialization:         0.24    seconds
c total real time since initialization:            0.90    seconds
c maximum resident set size of process:           28.55    MB
c 
c --- [ shutting down ] ------------------------------------------------------
c 
c exit 20
