c --- [ banner ] -------------------------------------------------------------
c 
c CaDiCaL SAT Solver
c Copyright (c) 2016-2023 A. Biere, M. Fleury, N. Froleyks, K. Fazekas, F. Pollitt
c 
c Version 1.9.5 146207318796f094dcded87349a64f0c6927309e
c g++ (Ubuntu 13.3.0-6ubuntu2~24.04.1) 13.3.0 -Wall -Wextra -O3 -DNDEBUG
c Wed Sep 30 06:02:32 JST 2026 Linux ikutoPC 6.6.87.2-microsoft-standard-WSL2 x86_64
c 
c --- [ limit ] --------------------------------------------------------------
c 
c setting conflict limit to 1000000 conflicts (due to '1000000')
c 
c --- [ proof tracing ] ------------------------------------------------------
c 
c opening file to write '/tmp/conway99-exact-eight-0095-ONo3bT/proof.drat'
c writing non-binary proof trace to '/tmp/conway99-exact-eight-0095-ONo3bT/proof.drat'
c 
c --- [ parsing input ] ------------------------------------------------------
c 
c reading DIMACS file from '/mnt/c/Users/ikuto/projects/conway-99-graph/acceleration/results/20260930_exact_eight_next64_cnfs_part03/case_0095/instance.cnf'
c opening file to read '/mnt/c/Users/ikuto/projects/conway-99-graph/acceleration/results/20260930_exact_eight_next64_cnfs_part03/case_0095/instance.cnf'
c found 'p cnf 9748 167416' header
c parsed 167416 clauses in 0.06 seconds process time
c 
c --- [ options ] ------------------------------------------------------------
c 
c   --binary=false                 (different from default 'true')
c 
c --- [ solving ] ------------------------------------------------------------
c 
c time measured in process time since initialization
c 
c  seconds  reductions  redundant  irredundant
c         MB    restarts       trail      variables
c          level   conflicts       glue        remaining
c 
c *  0.06 17  0 0   0    0    0  0% 0 117488 6820 70%
c {  0.06 18  0 0   0    0    0  0% 0 117488 6820 70%
c i  0.06 18 24 0   0   10    6 40% 4 117488 6819 70%
c -  0.08 19 19 1  18  304  252 56% 6 117311 6819 70%
c i  0.08 19 19 1  18  307  254 56% 6 117311 6818 70%
c i  0.08 19 19 1  18  308  254 56% 6 117311 6817 70%
c i  0.08 19 19 1  18  324  268 57% 6 117311 6816 70%
c i  0.08 19 18 1  18  326  268 57% 6 117311 6815 70%
c i  0.08 19 16 1  18  427  319 58% 5 117311 6810 70%
c i  0.10 19 17 1  33  723  544 58% 5 117311 6809 70%
c i  0.10 19 17 1  33  747  560 58% 5 117311 6808 70%
c i  0.10 19 17 1  38  824  602 57% 5 117311 6805 70%
c i  0.10 19 17 1  38  829  606 57% 5 117311 6804 70%
c i  0.10 19 16 1  38  835  607 57% 5 117311 6803 70%
c i  0.10 19 16 1  38  839  610 57% 5 117311 6802 70%
c i  0.10 19 16 1  38  850  617 57% 5 117311 6801 70%
c i  0.11 19 18 1  42  896  662 57% 5 117311 6800 70%
c i  0.11 19 18 1  45  911  667 57% 5 117311 6799 70%
c i  0.11 19 18 1  45  914  668 57% 5 117311 6798 70%
c i  0.11 19 18 1  45  915  668 57% 5 117311 6795 70%
c 
c  seconds  reductions  redundant  irredundant
c         MB    restarts       trail      variables
c          level   conflicts       glue        remaining
c 
c i  0.11 19 18 1  49  944  683 57% 5 117311 6794 70%
c -  0.12 24 18 2  49  945  445 57% 5 116308 6794 70%
c }  0.12 24 19 2  61 1001  495 57% 5 116308 6794 70%
c [  0.12 24  0 2  61 1001  495  0% 0 116308 6794 70%
c O  0.12 24  2 2  61 1002  496 64% 2 116308 6794 70%
c i  0.13 24 47 2  61 1175  641 54% 19 116308 6791 70%
c i  0.15 24 38 2  61 1629 1011 55% 16 116308 6790 70%
c i  0.16 24 33 2  61 1819 1161 56% 14 116308 6788 70%
c -  0.17 24 38 3  61 1904  525 56% 15 116154 6788 70%
c i  0.21 24 51 3  62 2661 1170 54% 18 116154 6787 70%
c i  0.21 24 51 3  62 2709 1204 55% 19 116154 6786 70%
c ]  0.23 24 51 3  62 3002 1445 54% 19 116154 6786 70%
c {  0.23 24 19 3  62 3002 1445 57% 5 116154 6786 70%
c F  0.24 24 19 3  62 3003 1444 12% 5 116062 6786 70%
c i  0.24 24 19 3  63 3017 1447  5% 5 116062 6722 69%
c i  0.24 24 19 3  78 3089 1501 31% 5 116062 6721 69%
c -  0.25 24 18 4  86 3187 1389 36% 5 113134 6721 69%
c i  0.26 24 18 4  86 3250 1424 36% 5 113134 6720 69%
c i  0.26 24 18 4  86 3334 1500 37% 5 113134 6719 69%
c i  0.26 24 17 4  86 3386 1539 37% 5 113134 6718 69%
c 
c  seconds  reductions  redundant  irredundant
c         MB    restarts       trail      variables
c          level   conflicts       glue        remaining
c 
c i  0.28 24 19 4 130 3714 1792 38% 6 113134 6717 69%
c i  0.29 24 18 4 136 3982 1983 36% 6 113134 6716 69%
c i  0.29 24 18 4 136 3994 1991 36% 6 113134 6715 69%
c i  0.29 24 18 4 136 3995 1991 36% 6 113134 6714 69%
c i  0.30 24 17 4 141 4167 2094 35% 6 113134 6713 69%
c i  0.30 24 17 4 141 4168 2094 35% 6 113134 6712 69%
c i  0.30 24 17 4 141 4169 2094 35% 6 113134 6711 69%
c i  0.30 24 17 4 141 4170 2094 35% 6 113134 6710 69%
c i  0.30 24 17 4 141 4171 2094 35% 6 113134 6709 69%
c i  0.30 24 17 4 141 4172 2094 35% 6 113134 6708 69%
c i  0.31 24 17 4 161 4409 2242 35% 6 113134 6707 69%
c i  0.31 24 17 4 161 4410 2242 35% 6 113134 6647 68%
c i  0.31 24 17 4 161 4463 2281 35% 6 113134 6646 68%
c i  0.31 24 17 4 161 4469 2283 35% 6 113134 6641 68%
c }  0.31 24 17 4 161 4471 2283 35% 6 113134 4782 49%
c 0  0.31 24 17 4 161 4471 2283 35% 6 113134 4782 49%
c 
c --- [ closing proof ] ------------------------------------------------------
c 
c DRAT proof file '/tmp/conway99-exact-eight-0095-ONo3bT/proof.drat' closed
c DRAT 10881 added clauses 15.82%
c DRAT 57913 deleted clauses 84.18%
c DRAT 2460416 bytes (2.35 MB)
c 
c --- [ result ] -------------------------------------------------------------
c 
s UNSATISFIABLE
c 
c --- [ run-time profiling ] -------------------------------------------------
c 
c process time taken by individual solving procedures
c (percentage relative to process time for solving)
c 
c         0.25   99.69% search
c         0.15   57.81% unstable
c         0.10   41.42% stable
c         0.06   22.75% parse
c         0.00    0.45% lucky
c         0.00    0.00% simplify
c   =================================
c         0.25   81.28% solve
c 
c last line shows process time for solving
c (percentage relative to total process time)
c 
c --- [ statistics ] ---------------------------------------------------------
c 
c chronological:              1997        44.67 %  of conflicts
c conflicts:                  4471     17790.56    per second
c decisions:                 14945     59467.68    per second
c fixed:                      4966        50.94 %  of all variables
c learned:                    4192        93.76 %  per conflict
c learned_lits:             310442       100.00 %  learned literals
c minimized:                     0         0.00 %  learned literals
c shrunken:                 147604        47.55 %  learned literals
c minishrunken:              34946        11.26 %  learned literals
c otfs:                         22         0.49 %  of conflict
c propagations:            2412275         9.60 M  per second
c reduced:                     317         7.09 %  per conflict
c rephased:                      2      2235.50    interval
c restarts:                    161        27.77    interval
c stabilizing:                   1        44.76 %  of conflicts
c subsumed:                    717         0.59 %  of all clauses
c strengthened:                 22         0.02 %  of all clauses
c trail reuses:                  0         0.00 %  of incremental calls
c 
c seconds are measured in process time for solving
c 
c --- [ resources ] ----------------------------------------------------------
c 
c total process time since initialization:         0.31    seconds
c total real time since initialization:            1.00    seconds
c maximum resident set size of process:           29.00    MB
c 
c --- [ shutting down ] ------------------------------------------------------
c 
c exit 20
