c --- [ banner ] -------------------------------------------------------------
c 
c CaDiCaL SAT Solver
c Copyright (c) 2016-2023 A. Biere, M. Fleury, N. Froleyks, K. Fazekas, F. Pollitt
c 
c Version 1.9.5 146207318796f094dcded87349a64f0c6927309e
c g++ (Ubuntu 13.3.0-6ubuntu2~24.04.1) 13.3.0 -Wall -Wextra -O3 -DNDEBUG
c Wed Sep 30 06:02:32 JST 2026 Linux ikutoPC 6.6.87.2-microsoft-standard-WSL2 x86_64
c 
c --- [ limit ] --------------------------------------------------------------
c 
c setting conflict limit to 1000000 conflicts (due to '1000000')
c 
c --- [ proof tracing ] ------------------------------------------------------
c 
c opening file to write '/tmp/conway99-seven-profile-rank5_112_profile_0001-FSFfiF/proof.drat'
c writing non-binary proof trace to '/tmp/conway99-seven-profile-rank5_112_profile_0001-FSFfiF/proof.drat'
c 
c --- [ parsing input ] ------------------------------------------------------
c 
c reading DIMACS file from '/mnt/c/Users/ikuto/projects/conway-99-graph/acceleration/results/20260930_hadamard_seven_remaining_cnfs/run01/rank5_112_profile_0001/instance.cnf'
c opening file to read '/mnt/c/Users/ikuto/projects/conway-99-graph/acceleration/results/20260930_hadamard_seven_remaining_cnfs/run01/rank5_112_profile_0001/instance.cnf'
c found 'p cnf 9872 170454' header
c parsed 170454 clauses in 0.06 seconds process time
c 
c --- [ options ] ------------------------------------------------------------
c 
c   --binary=false                 (different from default 'true')
c 
c --- [ solving ] ------------------------------------------------------------
c 
c time measured in process time since initialization
c 
c  seconds  reductions  redundant  irredundant
c         MB    restarts       trail      variables
c          level   conflicts       glue        remaining
c 
c *  0.07 18  0 0   0    0    0  0% 0 120522 6945 70%
c {  0.07 18  0 0   0    0    0  0% 0 120522 6945 70%
c -  0.09 19 25 1  30  309  256 53% 7 120402 6945 70%
c i  0.10 19 24 1  46  544  422 53% 6 120402 6944 70%
c i  0.10 19 24 1  47  597  471 53% 7 120402 6943 70%
c i  0.10 19 23 1  48  644  508 53% 6 120402 6900 70%
c i  0.10 19 23 1  48  655  508 53% 6 120402 6879 70%
c i  0.10 19 23 1  48  695  546 53% 6 120402 6878 70%
c i  0.10 19 24 1  52  722  568 52% 7 120402 6876 70%
c i  0.11 19 24 1  54  726  571 52% 7 120402 6869 70%
c i  0.11 19 24 1  57  737  580 52% 7 120402 6868 70%
c i  0.11 19 24 1  58  739  581 52% 6 120402 6867 70%
c i  0.11 19 24 1  59  742  583 52% 6 120402 6866 70%
c i  0.11 19 24 1  59  744  584 52% 6 120402 6865 70%
c i  0.11 19 25 1  62  771  600 52% 6 120402 6864 70%
c i  0.11 19 24 1  62  772  600 52% 6 120402 6863 70%
c i  0.11 19 24 1  62  773  600 52% 6 120402 6862 70%
c i  0.11 19 24 1  64  790  613 52% 6 120402 6861 69%
c i  0.11 19 24 1  64  802  623 52% 6 120402 6860 69%
c i  0.11 19 24 1  68  838  647 52% 6 120402 6859 69%
c 
c  seconds  reductions  redundant  irredundant
c         MB    restarts       trail      variables
c          level   conflicts       glue        remaining
c 
c i  0.11 19 23 1  68  860  652 52% 6 120402 6856 69%
c i  0.11 19 23 1  68  861  652 52% 6 120402 6855 69%
c i  0.11 19 23 1  68  863  653 52% 6 120402 6853 69%
c i  0.11 19 23 1  71  898  686 52% 7 120402 6852 69%
c i  0.11 19 23 1  72  900  687 52% 7 120402 6851 69%
c i  0.11 19 23 1  72  901  687 52% 7 120402 6850 69%
c i  0.11 19 23 1  72  902  687 52% 7 120402 6849 69%
c i  0.11 19 23 1  73  903  687 52% 7 120402 6848 69%
c i  0.11 19 23 1  73  904  687 52% 7 120402 6847 69%
c i  0.11 19 23 1  73  905  687 52% 7 120402 6846 69%
c i  0.11 19 23 1  74  906  687 52% 7 120402 6845 69%
c i  0.11 19 23 1  74  907  687 52% 7 120402 6844 69%
c i  0.11 19 23 1  74  908  687 52% 7 120402 6843 69%
c i  0.11 19 23 1  74  909  687 52% 7 120402 6842 69%
c i  0.11 19 23 1  74  910  687 52% 7 120402 6841 69%
c i  0.11 19 23 1  74  911  687 52% 6 120402 6840 69%
c i  0.11 19 23 1  74  912  687 52% 6 120402 6839 69%
c i  0.11 19 23 1  74  913  687 52% 6 120402 6838 69%
c i  0.11 19 23 1  74  915  688 52% 6 120402 6769 69%
c i  0.11 19 23 1  75  920  692 52% 7 120402 6768 69%
c 
c  seconds  reductions  redundant  irredundant
c         MB    restarts       trail      variables
c          level   conflicts       glue        remaining
c 
c i  0.11 19 23 1  76  923  694 52% 7 120402 6765 69%
c i  0.11 19 23 1  76  924  694 52% 7 120402 6764 69%
c i  0.11 19 23 1  77  925  694 52% 7 120402 6763 69%
c i  0.11 19 23 1  77  926  694 52% 7 120402 6762 68%
c i  0.11 19 23 1  77  927  694 52% 7 120402 6761 68%
c i  0.11 19 23 1  77  928  694 52% 7 120402 6760 68%
c i  0.11 19 23 1  77  929  694 52% 7 120402 6759 68%
c i  0.11 19 23 1  77  930  694 52% 7 120402 6758 68%
c i  0.11 19 22 1  77  931  694 52% 6 120402 6757 68%
c i  0.11 19 22 1  77  934  696 51% 7 120402 6756 68%
c i  0.11 19 22 1  77  935  696 51% 6 120402 6754 68%
c i  0.11 19 22 1  77  938  697 51% 6 120402 6753 68%
c i  0.11 19 22 1  77  939  697 51% 6 120402 6752 68%
c i  0.11 19 22 1  77  940  697 51% 6 120402 6751 68%
c i  0.11 19 22 1  77  941  697 51% 6 120402 6750 68%
c i  0.11 19 22 1  77  943  697 51% 6 120402 6749 68%
c i  0.11 19 22 1  77  944  697 51% 6 120402 6748 68%
c -  0.13 24 22 2  77  957  398 51% 6 111747 6748 68%
c i  0.13 24 22 2  77  971  410 51% 6 111747 6747 68%
c }  0.13 24 22 2  78 1002  440 52% 7 111747 6747 68%
c 
c  seconds  reductions  redundant  irredundant
c         MB    restarts       trail      variables
c          level   conflicts       glue        remaining
c 
c [  0.13 24  0 2  78 1002  440  0% 0 111747 6747 68%
c O  0.13 24  2 2  78 1003  441 57% 2 111747 6747 68%
c i  0.13 24 16 2  78 1117  514 58% 8 111747 6745 68%
c i  0.14 24 19 2  78 1131  524 57% 9 111747 6742 68%
c i  0.14 24 24 2  78 1187  568 57% 9 111747 6741 68%
c i  0.14 24 24 2  78 1195  573 57% 9 111747 6740 68%
c i  0.17 24 32 2  78 1748  989 53% 13 111747 6739 68%
c i  0.17 24 31 2  78 1789 1016 53% 13 111747 6738 68%
c i  0.17 24 30 2  78 1817 1032 53% 13 111747 6737 68%
c i  0.17 24 29 2  78 1897 1070 54% 12 111747 5514 56%
c -  0.18 23 28 3  78 1900  546 54% 12 74530 5514 56%
c i  0.18 23 28 3  78 1916  548 54% 12 74530 4682 47%
c i  0.18 23 28 3  78 1917  548 54% 12 74530 4681 47%
c ]  0.18 23 28 3  78 1919  548 54% 12 74530 4555 46%
c 0  0.18 23 28 3  78 1919  548 54% 12 74530 4555 46%
c 
c --- [ closing proof ] ------------------------------------------------------
c 
c DRAT proof file '/tmp/conway99-seven-profile-rank5_112_profile_0001-FSFfiF/proof.drat' closed
c DRAT 12387 added clauses 10.79%
c DRAT 102445 deleted clauses 89.21%
c DRAT 3242148 bytes (3.09 MB)
c 
c --- [ result ] -------------------------------------------------------------
c 
s UNSATISFIABLE
c 
c --- [ run-time profiling ] -------------------------------------------------
c 
c process time taken by individual solving procedures
c (percentage relative to process time for solving)
c 
c         0.12   99.52% search
c         0.06   54.39% parse
c         0.06   51.53% unstable
c         0.06   47.07% stable
c         0.00    0.89% lucky
c         0.00    0.00% simplify
c   =================================
c         0.12   64.34% solve
c 
c last line shows process time for solving
c (percentage relative to total process time)
c 
c --- [ statistics ] ---------------------------------------------------------
c 
c chronological:               775        40.39 %  of conflicts
c conflicts:                  1919     16151.98    per second
c decisions:                  7058     59406.27    per second
c fixed:                      5317        53.86 %  of all variables
c learned:                    1781        92.81 %  per conflict
c learned_lits:              95613       100.00 %  learned literals
c minimized:                     0         0.00 %  learned literals
c shrunken:                  45239        47.31 %  learned literals
c minishrunken:              10280        10.75 %  learned literals
c otfs:                         39         2.03 %  of conflict
c propagations:            1130749         9.52 M  per second
c reduced:                     126         6.57 %  per conflict
c rephased:                      1      1919.00    interval
c restarts:                     78        24.60    interval
c stabilizing:                   1        47.79 %  of conflicts
c subsumed:                    330         0.27 %  of all clauses
c strengthened:                 39         0.03 %  of all clauses
c trail reuses:                  0         0.00 %  of incremental calls
c 
c seconds are measured in process time for solving
c 
c --- [ resources ] ----------------------------------------------------------
c 
c total process time since initialization:         0.18    seconds
c total real time since initialization:            0.83    seconds
c maximum resident set size of process:           26.27    MB
c 
c --- [ shutting down ] ------------------------------------------------------
c 
c exit 20
