c --- [ banner ] -------------------------------------------------------------
c 
c CaDiCaL SAT Solver
c Copyright (c) 2016-2023 A. Biere, M. Fleury, N. Froleyks, K. Fazekas, F. Pollitt
c 
c Version 1.9.5 146207318796f094dcded87349a64f0c6927309e
c g++ (Ubuntu 13.3.0-6ubuntu2~24.04.1) 13.3.0 -Wall -Wextra -O3 -DNDEBUG
c Wed Sep 30 06:02:32 JST 2026 Linux ikutoPC 6.6.87.2-microsoft-standard-WSL2 x86_64
c 
c --- [ limit ] --------------------------------------------------------------
c 
c setting conflict limit to 1000000 conflicts (due to '1000000')
c 
c --- [ proof tracing ] ------------------------------------------------------
c 
c opening file to write '/tmp/conway99-seven-profile-rank5_07_profile_0003-7dhPGT/proof.drat'
c writing non-binary proof trace to '/tmp/conway99-seven-profile-rank5_07_profile_0003-7dhPGT/proof.drat'
c 
c --- [ parsing input ] ------------------------------------------------------
c 
c reading DIMACS file from '/mnt/c/Users/ikuto/projects/conway-99-graph/acceleration/results/20260930_hadamard_seven_remaining_cnfs/run01/rank5_07_profile_0003/instance.cnf'
c opening file to read '/mnt/c/Users/ikuto/projects/conway-99-graph/acceleration/results/20260930_hadamard_seven_remaining_cnfs/run01/rank5_07_profile_0003/instance.cnf'
c found 'p cnf 9952 172414' header
c parsed 172414 clauses in 0.07 seconds process time
c 
c --- [ options ] ------------------------------------------------------------
c 
c   --binary=false                 (different from default 'true')
c 
c --- [ solving ] ------------------------------------------------------------
c 
c time measured in process time since initialization
c 
c  seconds  reductions  redundant  irredundant
c         MB    restarts       trail      variables
c          level   conflicts       glue        remaining
c 
c *  0.07 17  0 0   0    0    0  0% 0 122670 7052 71%
c {  0.07 18  0 0   0    0    0  0% 0 122670 7052 71%
c i  0.07 18 36 0   2   66   40 50% 8 122670 7051 71%
c i  0.07 18 37 0   3   68   41 50% 7 122670 7050 71%
c i  0.07 18 36 0   3   69   41 50% 7 122670 7049 71%
c i  0.07 18 35 0   3   70   41 50% 7 122670 7048 71%
c -  0.09 19 34 1  13  300  241 55% 7 122386 7048 71%
c i  0.10 19 30 1  21  530  432 56% 7 122386 7047 71%
c i  0.10 19 29 1  24  551  440 55% 7 122386 7046 71%
c -  0.12 24 30 2  45  956  714 55% 7 122282 7046 71%
c }  0.13 24 31 2  50 1000  752 55% 7 122282 7046 71%
c [  0.13 24  0 2  50 1000  752  0% 0 122282 7046 71%
c O  0.13 24 61 2  50 1003  755 60% 4 122282 7046 71%
c i  0.13 24  9 2  50 1253  903 49% 5 122282 7044 71%
c i  0.14 24 21 2  50 1323  962 48% 9 122282 7043 71%
c -  0.17 24 33 3  50 1943 1101 46% 16 122186 7043 71%
c i  0.17 24 33 3  50 1944 1101 46% 16 122186 7042 71%
c i  0.17 24 32 3  50 2008 1153 47% 15 122186 7041 71%
c i  0.17 24 32 3  50 2009 1153 47% 15 122186 7040 71%
c i  0.17 24 32 3  50 2010 1153 47% 15 122186 7039 71%
c 
c  seconds  reductions  redundant   irredundant
c         MB    restarts       trail       variables
c          level   conflicts       glue         remaining
c 
c i  0.17 24 32 3  50 2029 1167 47% 15 122186 7038 71%
c i  0.17 24 30 3  51 2118 1239 47% 14 122186 7037 71%
c i  0.20 24 37 3  51 2521 1581 47% 17 122186 7034 71%
c ]  0.22 24 40 3  51 3000 1959 47% 18 122186 7034 71%
c {  0.22 24 31 3  51 3000 1959 55% 7 122186 7034 71%
c F  0.23 24 31 3  52 3011 1962 18% 7 121848 7034 71%
c i  0.23 24 31 3  56 3033 1977 26% 7 121848 7033 71%
c i  0.23 24 31 3  71 3101 2031 30% 7 121848 7032 71%
c i  0.23 24 30 3  75 3151 2070 28% 7 121848 7030 71%
c i  0.23 24 29 3  75 3185 2091 28% 7 121848 7029 71%
c -  0.24 24 30 4  88 3249 1525 28% 7 121658 7029 71%
c i  0.27 24 25 4 113 3934 2013 24% 8 121658 7028 71%
c i  0.27 24 25 4 115 3958 2028 24% 7 121658 7027 71%
c i  0.28 24 25 4 120 4133 2155 25% 7 121658 7026 71%
c i  0.28 24 25 4 121 4136 2157 25% 7 121658 7025 71%
c i  0.28 24 24 4 126 4274 2251 26% 7 121658 7023 71%
c i  0.29 24 23 4 140 4575 2426 27% 7 121658 7022 71%
c i  0.30 24 23 4 145 4843 2622 27% 7 121658 7021 71%
c -  0.31 24 23 5 145 4878 1855 27% 7 121327 7021 71%
c d  0.32 24 22 5 150 5004 1942 27% 7 121201 6958 70%
c 
c  seconds  reductions  redundant  irredundant
c         MB    restarts       trail      variables
c          level   conflicts       glue        remaining
c 
c 2  0.33 24 22 5 150 5004 1945 27% 7 121201 6958 70%
c p  0.39 25 22 5 150 5004 82535 27% 7 121201 6942 70%
c d  0.40 26 22 5 150 5004 81704 27% 7 120419 6928 70%
c d  0.40 26 22 5 150 5004 81704 27% 7 120395 6916 69%
c i  0.41 26 22 5 154 5126 81759 27% 7 120395 6915 69%
c i  0.42 26 22 5 173 5262 81849 27% 7 120395 6884 69%
c i  0.42 26 22 5 176 5311 81880 27% 7 120395 6883 69%
c i  0.42 26 21 5 180 5408 81946 27% 7 120395 6882 69%
c i  0.42 26 21 5 180 5441 81975 27% 7 120395 6881 69%
c i  0.42 26 21 5 180 5447 81977 27% 7 120395 6880 69%
c #  0.44 26 20 5 201 6017 82420 26% 7 120395 6880 69%
c i  0.45 26 19 5 213 6357 82633 25% 7 120395 6777 68%
c i  0.45 26 19 5 213 6361 82636 25% 7 120395 6776 68%
c }  0.45 26 19 5 213 6377 82644 25% 7 120395 5562 56%
c 0  0.45 26 19 5 213 6377 82644 25% 7 120395 5562 56%
c 
c --- [ closing proof ] ------------------------------------------------------
c 
c DRAT proof file '/tmp/conway99-seven-profile-rank5_07_profile_0003-7dhPGT/proof.drat' closed
c DRAT 95635 added clauses 62.29%
c DRAT 57908 deleted clauses 37.71%
c DRAT 4778522 bytes (4.56 MB)
c 
c --- [ result ] -------------------------------------------------------------
c 
s UNSATISFIABLE
c 
c --- [ run-time profiling ] -------------------------------------------------
c 
c process time taken by individual solving procedures
c (percentage relative to process time for solving)
c 
c         0.30   76.73% search
c         0.20   53.13% unstable
c         0.09   23.30% stable
c         0.09   22.96% simplify
c         0.07   17.62% parse
c         0.06   16.63% probe
c         0.01    2.12% ternary
c         0.00    0.29% lucky
c   =================================
c         0.39   84.87% solve
c 
c last line shows process time for solving
c (percentage relative to total process time)
c 
c --- [ statistics ] ---------------------------------------------------------
c 
c chronological:              2648        41.52 %  of conflicts
c conflicts:                  6377     16526.89    per second
c decisions:                 18665     48372.97    per second
c fixed:                      4301        43.22 %  of all variables
c learned:                    5819        91.25 %  per conflict
c learned_lits:             381711       100.00 %  learned literals
c minimized:                     0         0.00 %  learned literals
c shrunken:                 180623        47.32 %  learned literals
c minishrunken:              41187        10.79 %  learned literals
c otfs:                         31         0.49 %  of conflict
c propagations:            3925874        10.17 M  per second
c reduced:                    1376        21.58 %  per conflict
c rephased:                      3      2125.67    interval
c restarts:                    213        29.94    interval
c stabilizing:                   1        31.36 %  of conflicts
c substituted:                  89         0.89 %  of all variables
c subsumed:                   1077         0.51 %  of all clauses
c strengthened:                 31         0.01 %  of all clauses
c ternary:                       4         0.06 %  of resolved
c trail reuses:                  0         0.00 %  of incremental calls
c weakened:                    178         2.00    average size
c 
c seconds are measured in process time for solving
c 
c --- [ resources ] ----------------------------------------------------------
c 
c total process time since initialization:         0.45    seconds
c total real time since initialization:            1.21    seconds
c maximum resident set size of process:           28.98    MB
c 
c --- [ shutting down ] ------------------------------------------------------
c 
c exit 20
