c --- [ banner ] -------------------------------------------------------------
c 
c CaDiCaL SAT Solver
c Copyright (c) 2016-2023 A. Biere, M. Fleury, N. Froleyks, K. Fazekas, F. Pollitt
c 
c Version 1.9.5 146207318796f094dcded87349a64f0c6927309e
c g++ (Ubuntu 13.3.0-6ubuntu2~24.04.1) 13.3.0 -Wall -Wextra -O3 -DNDEBUG
c Wed Sep 30 06:02:32 JST 2026 Linux ikutoPC 6.6.87.2-microsoft-standard-WSL2 x86_64
c 
c --- [ limit ] --------------------------------------------------------------
c 
c setting conflict limit to 1000000 conflicts (due to '1000000')
c 
c --- [ proof tracing ] ------------------------------------------------------
c 
c opening file to write '/tmp/conway99-seven-profile-rank5_110_profile_0000-ADIBqF/proof.drat'
c writing non-binary proof trace to '/tmp/conway99-seven-profile-rank5_110_profile_0000-ADIBqF/proof.drat'
c 
c --- [ parsing input ] ------------------------------------------------------
c 
c reading DIMACS file from '/mnt/c/Users/ikuto/projects/conway-99-graph/acceleration/results/20260930_hadamard_seven_remaining_cnfs/run01/rank5_110_profile_0000/instance.cnf'
c opening file to read '/mnt/c/Users/ikuto/projects/conway-99-graph/acceleration/results/20260930_hadamard_seven_remaining_cnfs/run01/rank5_110_profile_0000/instance.cnf'
c found 'p cnf 9952 172414' header
c parsed 172414 clauses in 0.07 seconds process time
c 
c --- [ options ] ------------------------------------------------------------
c 
c   --binary=false                 (different from default 'true')
c 
c --- [ solving ] ------------------------------------------------------------
c 
c time measured in process time since initialization
c 
c  seconds  reductions  redundant  irredundant
c         MB    restarts       trail      variables
c          level   conflicts       glue        remaining
c 
c *  0.07 18  0 0   0    0    0  0% 0 122670 7052 71%
c {  0.08 18  0 0   0    0    0  0% 0 122670 7052 71%
c i  0.09 19 25 0  11  263  210 58% 8 122670 7050 71%
c i  0.09 19 25 0  11  271  217 57% 8 122670 7049 71%
c -  0.10 19 27 1  11  309  238 58% 8 122423 7049 71%
c i  0.10 19 23 1  11  464  343 58% 6 122423 7047 71%
c i  0.12 19 18 1  24  817  576 56% 6 122423 7046 71%
c -  0.14 24 18 2  27  966  306 56% 6 122327 7046 71%
c }  0.14 24 18 2  27 1001  331 56% 6 122327 7046 71%
c [  0.14 24  0 2  27 1001  331  0% 0 122327 7046 71%
c O  0.14 24  1 2  27 1002  332 49% 1 122327 7046 71%
c i  0.18 24 25 2  27 1628  834 60% 9 122327 7044 71%
c -  0.20 25 33 3  27 1952  596 57% 10 122278 7044 71%
c i  0.23 25 31 3  28 2246  827 39% 10 122278 7043 71%
c ]  0.27 25 37 3  28 3001 1484 37% 12 122278 7043 71%
c {  0.27 25 18 3  28 3001 1484 79% 6 122278 7043 71%
c i  0.27 25 18 3  29 3002 1484 79% 6 122278 7042 71%
c F  0.27 25 18 3  29 3003 1485 79% 6 122278 7042 71%
c -  0.29 25 17 4  32 3256 1174 71% 6 122186 7042 71%
c i  0.29 25 17 4  32 3303 1209 70% 6 122186 7041 71%
c 
c  seconds  reductions  redundant  irredundant
c         MB    restarts       trail      variables
c          level   conflicts       glue        remaining
c 
c i  0.30 25 18 4  37 3437 1307 67% 6 122186 7040 71%
c i  0.30 25 18 4  37 3445 1313 67% 6 122186 7039 71%
c i  0.30 25 18 4  48 3532 1371 65% 6 122186 7034 71%
c i  0.32 25 19 4  81 3947 1644 59% 6 122186 7033 71%
c i  0.34 25 19 4  95 4229 1872 56% 6 122186 7032 71%
c i  0.35 25 20 4 123 4517 2067 54% 6 122186 7031 71%
c i  0.35 25 20 4 123 4518 2067 54% 6 122186 7030 71%
c i  0.36 25 20 4 141 4658 2153 52% 6 122186 7029 71%
c -  0.38 25 20 5 149 4887 1297 52% 6 121565 7029 71%
c d  0.39 25 20 5 159 5001 1353 51% 6 121448 6971 70%
c 2  0.40 25 20 5 159 5001 1353 51% 6 121448 6963 70%
c p  0.46 26 20 5 159 5001 86323 51% 6 121448 6928 70%
c d  0.47 27 20 5 159 5001 86012 51% 6 119713 6914 69%
c d  0.47 27 20 5 159 5001 86012 51% 6 119645 6880 69%
c i  0.49 27 20 5 188 5340 86235 49% 6 119645 6879 69%
c i  0.50 27 20 5 198 5482 86322 48% 6 119645 6878 69%
c #  0.53 27 20 5 280 6019 86715 47% 7 119645 6878 69%
c i  0.53 27 20 5 293 6106 86779 46% 7 119645 6877 69%
c i  0.53 27 20 5 293 6110 86782 46% 7 119645 6874 69%
c i  0.53 27 20 5 293 6113 86784 46% 7 119645 6853 69%
c 
c  seconds  reductions   redundant  irredundant
c         MB    restarts        trail      variables
c          level   conflicts        glue        remaining
c 
c i  0.54 27 20 5 297 6231 86864 46% 7 119645 6852 69%
c i  0.56 27 21 5 367 6628 87153 45% 7 119645 6851 69%
c i  0.57 27 21 5 373 6727 87218 45% 7 119645 6850 69%
c i  0.57 27 21 5 373 6728 87218 45% 7 119645 6849 69%
c -  0.59 28 21 6 375 6844 8091 45% 7 118365 6849 69%
c }  0.60 28 21 6 389 7008 8213 44% 7 118365 6849 69%
c [  0.60 28 37 6 389 7008 8213 37% 12 118365 6849 69%
c i  0.62 28 36 6 390 7344 8447 37% 12 118365 6848 69%
c i  0.66 28 35 6 390 7823 8858 36% 12 118365 6812 68%
c s  0.70 32 36 6 390 8247 9158 36% 12 116487 6812 68%
c v  0.71 32 36 6 390 8247 9158 36% 12 116450 6812 68%
c w  0.72 32 36 6 390 8247 9157 36% 12 116450 6790 68%
c t  0.73 32 36 6 390 8247 9157 36% 12 116449 6790 68%
c e  0.76 32 36 6 390 8247 8186 36% 12 113052 5618 56%
c s  0.77 32 36 6 390 8247 8181 36% 12 113052 5618 56%
c ^  0.77 32 36 6 390 8247 8181 36% 12 113052 5618 56%
c -  0.83 32 35 7 390 9103 4668 38% 12 113052 5618 56%
c i  0.86 32 34 7 391 9736 5164 38% 12 113052 5617 56%
c I  0.87 32 35 7 391 10020 5377 37% 13 113052 5617 56%
c -  0.97 35 35 8 393 11630 4424 36% 14 113000 5617 56%
c 
c  seconds  reductions   redundant   irredundant
c         MB    restarts        trail       variables
c          level    conflicts       glue         remaining
c 
c i  1.08 35 38 8 394 13548 5936 36% 16 113000 5612 56%
c i  1.10 35 38 8 394 13848 6201 35% 16 113000 5611 56%
c i  1.10 35 38 8 394 13911 6254 35% 16 113000 5610 56%
c i  1.11 35 37 8 394 14222 6511 35% 16 113000 5609 56%
c -  1.14 35 37 9 394 14474 4573 35% 15 112667 5609 56%
c d  1.17 36 36 9 394 15001 4640 35% 15 112621 5602 56%
c 3  1.17 36 36 9 394 15001 4648 35% 15 112621 5602 56%
c 2  1.18 36 36 9 394 15001 4631 35% 15 112613 5258 53%
c p  1.25 36 36 9 394 15001 98993 35% 15 112613 5209 52%
c d  1.26 36 36 9 394 15001 90739 35% 15 96946 5208 52%
c d  1.26 36 36 9 394 15001 90727 35% 15 96804 5137 52%
c ]  1.26 36 36 9 394 15008 90730 35% 15 96804 5137 52%
c {  1.26 36 21 9 394 15008 90730 55% 7 96804 5137 52%
c B  1.27 36 21 9 398 15021 90743 55% 7 96804 5137 52%
c i  1.27 36 21 9 402 15057 90770 55% 7 96804 5136 52%
c i  1.27 36 21 9 414 15152 90839 55% 7 96804 5135 52%
c i  1.28 36 21 9 423 15279 90934 54% 7 96804 5132 52%
c i  1.28 36 21 9 428 15303 90951 54% 7 96804 5131 52%
c i  1.28 36 21 9 428 15304 90951 54% 7 96804 5130 52%
c i  1.28 36 21 9 428 15308 90954 54% 7 96804 5129 52%
c 
c  seconds  reductions    redundant  irredundant
c         MB    restarts         trail     variables
c          level    conflicts        glue       remaining
c 
c i  1.28 36 21 9 430 15316 90960 54% 7 96804 5128 52%
c i  1.28 36 21 9 440 15357 90984 54% 7 96804 5127 52%
c i  1.28 36 21 9 440 15358 90984 54% 7 96804 4052 41%
c i  1.28 36 21 9 440 15359 90984 54% 7 96804 4047 41%
c }  1.28 36 21 9 440 15362 90984 54% 7 96804 3253 33%
c 0  1.28 36 21 9 440 15362 90984 54% 7 96804 3253 33%
c 
c --- [ closing proof ] ------------------------------------------------------
c 
c DRAT proof file '/tmp/conway99-seven-profile-rank5_110_profile_0000-ADIBqF/proof.drat' closed
c DRAT 216161 added clauses 55.63%
c DRAT 172432 deleted clauses 44.37%
c DRAT 13302009 bytes (12.69 MB)
c 
c --- [ result ] -------------------------------------------------------------
c 
s UNSATISFIABLE
c 
c --- [ run-time profiling ] -------------------------------------------------
c 
c process time taken by individual solving procedures
c (percentage relative to process time for solving)
c 
c         0.94   77.95% search
c         0.62   51.10% stable
c         0.32   26.77% unstable
c         0.27   21.94% simplify
c         0.13   11.15% probe
c         0.07    6.11% parse
c         0.03    2.55% elim
c         0.02    1.88% subsume
c         0.01    1.22% vivify
c         0.01    1.00% ternary
c         0.00    0.07% lucky
c   =================================
c         1.21   94.20% solve
c 
c last line shows process time for solving
c (percentage relative to total process time)
c 
c --- [ statistics ] ---------------------------------------------------------
c 
c chronological:              6044        39.34 %  of conflicts
c conflicts:                 15362     12700.28    per second
c decisions:                 41690     34466.51    per second
c eliminated:                 1172        11.78 %  of all variables
c fixed:                      5342        53.68 %  of all variables
c learned:                   14452        94.08 %  per conflict
c learned_lits:            1258564       100.00 %  learned literals
c minimized:                     0         0.00 %  learned literals
c shrunken:                 544760        43.28 %  learned literals
c minishrunken:             171558        13.63 %  learned literals
c otfs:                         84         0.55 %  of conflict
c propagations:           11399526         9.42 M  per second
c reduced:                    3229        21.02 %  per conflict
c rephased:                      5      3072.40    interval
c restarts:                    440        34.91    interval
c stabilizing:                   2        65.08 %  of conflicts
c substituted:                 185         1.86 %  of all variables
c subsumed:                   4628         1.43 %  of all clauses
c strengthened:                552         0.17 %  of all clauses
c ternary:                      10         0.12 %  of resolved
c trail reuses:                  0         0.00 %  of incremental calls
c vivified:                     43         0.01 %  of all clauses
c weakened:                   3814         2.31    average size
c 
c seconds are measured in process time for solving
c 
c --- [ resources ] ----------------------------------------------------------
c 
c total process time since initialization:         1.28    seconds
c total real time since initialization:            1.89    seconds
c maximum resident set size of process:           35.63    MB
c 
c --- [ shutting down ] ------------------------------------------------------
c 
c exit 20
