c --- [ banner ] -------------------------------------------------------------
c 
c CaDiCaL SAT Solver
c Copyright (c) 2016-2023 A. Biere, M. Fleury, N. Froleyks, K. Fazekas, F. Pollitt
c 
c Version 1.9.5 146207318796f094dcded87349a64f0c6927309e
c g++ (Ubuntu 13.3.0-6ubuntu2~24.04.1) 13.3.0 -Wall -Wextra -O3 -DNDEBUG
c Wed Sep 30 06:02:32 JST 2026 Linux ikutoPC 6.6.87.2-microsoft-standard-WSL2 x86_64
c 
c --- [ limit ] --------------------------------------------------------------
c 
c setting conflict limit to 1000000 conflicts (due to '1000000')
c 
c --- [ proof tracing ] ------------------------------------------------------
c 
c opening file to write '/tmp/conway99-seven-profile-rank5_13_profile_0004-7axHri/proof.drat'
c writing non-binary proof trace to '/tmp/conway99-seven-profile-rank5_13_profile_0004-7axHri/proof.drat'
c 
c --- [ parsing input ] ------------------------------------------------------
c 
c reading DIMACS file from '/mnt/c/Users/ikuto/projects/conway-99-graph/acceleration/results/20260930_hadamard_seven_remaining_cnfs/run01/rank5_13_profile_0004/instance.cnf'
c opening file to read '/mnt/c/Users/ikuto/projects/conway-99-graph/acceleration/results/20260930_hadamard_seven_remaining_cnfs/run01/rank5_13_profile_0004/instance.cnf'
c found 'p cnf 9872 170454' header
c parsed 170454 clauses in 0.07 seconds process time
c 
c --- [ options ] ------------------------------------------------------------
c 
c   --binary=false                 (different from default 'true')
c 
c --- [ solving ] ------------------------------------------------------------
c 
c time measured in process time since initialization
c 
c  seconds  reductions  redundant  irredundant
c         MB    restarts       trail      variables
c          level   conflicts       glue        remaining
c 
c *  0.07 18  0 0   0    0    0  0% 0 120522 6945 70%
c {  0.07 18  0 0   0    0    0  0% 0 120522 6945 70%
c i  0.07 19 22 0   9  106   70 49% 7 120522 6944 70%
c i  0.08 19 19 0  11  206  146 49% 6 120522 6943 70%
c i  0.08 19 17 0  11  262  186 49% 6 120522 6942 70%
c i  0.08 19 17 0  11  266  187 48% 6 120522 6937 70%
c -  0.09 19 16 1  11  302  194 48% 6 120118 6937 70%
c i  0.10 19 18 1  42  641  456 51% 6 120118 6874 70%
c i  0.10 19 18 1  42  642  456 51% 6 120118 6873 70%
c i  0.10 19 18 1  43  646  459 51% 6 120118 6872 70%
c i  0.10 19 18 1  43  647  459 51% 6 120118 6871 70%
c i  0.10 19 18 1  43  652  461 51% 6 120118 6870 70%
c i  0.11 19 20 1  56  755  538 51% 6 120118 6869 70%
c i  0.11 19 20 1  56  784  565 51% 6 120118 6867 70%
c i  0.11 19 20 1  56  786  566 51% 6 120118 6866 70%
c i  0.11 19 19 1  56  788  567 51% 6 120118 6864 70%
c i  0.11 19 20 1  64  870  621 51% 6 120118 6863 70%
c i  0.11 19 20 1  66  877  624 51% 6 120118 6862 70%
c -  0.13 24 19 2  66  949  632 51% 6 116811 6862 70%
c i  0.13 24 19 2  66  951  633 51% 6 116811 6861 69%
c 
c  seconds  reductions  redundant  irredundant
c         MB    restarts       trail      variables
c          level   conflicts       glue        remaining
c 
c i  0.13 24 19 2  66  969  646 51% 6 116811 6860 69%
c }  0.13 24 19 2  66 1000  676 51% 6 116811 6860 69%
c [  0.13 24  0 2  66 1000  676  0% 0 116811 6860 69%
c O  0.13 24 71 2  66 1013  688 47% 19 116811 6860 69%
c i  0.14 24 31 2  66 1350  922 53% 12 116811 6859 69%
c i  0.15 24 28 2  66 1440  986 53% 11 116811 6858 69%
c ]  0.15 24 26 2  66 1497 1017 53% 11 116811 6649 67%
c 0  0.15 24 26 2  66 1497 1017 53% 11 116811 6649 67%
c 
c --- [ closing proof ] ------------------------------------------------------
c 
c DRAT proof file '/tmp/conway99-seven-profile-rank5_13_profile_0004-7axHri/proof.drat' closed
c DRAT 6095 added clauses 9.90%
c DRAT 55497 deleted clauses 90.10%
c DRAT 1702329 bytes (1.62 MB)
c 
c --- [ result ] -------------------------------------------------------------
c 
s UNSATISFIABLE
c 
c --- [ run-time profiling ] -------------------------------------------------
c 
c process time taken by individual solving procedures
c (percentage relative to process time for solving)
c 
c         0.08   99.15% search
c         0.07   78.80% parse
c         0.06   71.28% unstable
c         0.02   27.03% stable
c         0.00    0.79% lucky
c         0.00    0.00% simplify
c   =================================
c         0.08   55.63% solve
c 
c last line shows process time for solving
c (percentage relative to total process time)
c 
c --- [ statistics ] ---------------------------------------------------------
c 
c chronological:               664        44.36 %  of conflicts
c conflicts:                  1497     17744.33    per second
c decisions:                  5073     60131.57    per second
c fixed:                      3223        32.65 %  of all variables
c learned:                    1345        89.85 %  per conflict
c learned_lits:              77367       100.00 %  learned literals
c minimized:                     0         0.00 %  learned literals
c shrunken:                  38046        49.18 %  learned literals
c minishrunken:               6180         7.99 %  learned literals
c otfs:                          9         0.60 %  of conflict
c propagations:             892550        10.58 M  per second
c reduced:                      29         1.94 %  per conflict
c rephased:                      1      1497.00    interval
c restarts:                     66        22.68    interval
c stabilizing:                   1        33.20 %  of conflicts
c subsumed:                    250         0.21 %  of all clauses
c strengthened:                  8         0.01 %  of all clauses
c trail reuses:                  0         0.00 %  of incremental calls
c 
c seconds are measured in process time for solving
c 
c --- [ resources ] ----------------------------------------------------------
c 
c total process time since initialization:         0.15    seconds
c total real time since initialization:            0.91    seconds
c maximum resident set size of process:           23.97    MB
c 
c --- [ shutting down ] ------------------------------------------------------
c 
c exit 20
