c --- [ banner ] -------------------------------------------------------------
c 
c CaDiCaL SAT Solver
c Copyright (c) 2016-2023 A. Biere, M. Fleury, N. Froleyks, K. Fazekas, F. Pollitt
c 
c Version 1.9.5 146207318796f094dcded87349a64f0c6927309e
c g++ (Ubuntu 13.3.0-6ubuntu2~24.04.1) 13.3.0 -Wall -Wextra -O3 -DNDEBUG
c Wed Sep 30 06:02:32 JST 2026 Linux ikutoPC 6.6.87.2-microsoft-standard-WSL2 x86_64
c 
c --- [ limit ] --------------------------------------------------------------
c 
c setting conflict limit to 1000000 conflicts (due to '1000000')
c 
c --- [ proof tracing ] ------------------------------------------------------
c 
c opening file to write '/tmp/conway99-exact-eight-0118-pIM17w/proof.drat'
c writing non-binary proof trace to '/tmp/conway99-exact-eight-0118-pIM17w/proof.drat'
c 
c --- [ parsing input ] ------------------------------------------------------
c 
c reading DIMACS file from '/mnt/c/Users/ikuto/projects/conway-99-graph/acceleration/results/20261001_exact_eight_prefix64_batch02_cnfs_part00/case_0118/instance.cnf'
c opening file to read '/mnt/c/Users/ikuto/projects/conway-99-graph/acceleration/results/20261001_exact_eight_prefix64_batch02_cnfs_part00/case_0118/instance.cnf'
c found 'p cnf 9748 167416' header
c parsed 167416 clauses in 0.06 seconds process time
c 
c --- [ options ] ------------------------------------------------------------
c 
c   --binary=false                 (different from default 'true')
c 
c --- [ solving ] ------------------------------------------------------------
c 
c time measured in process time since initialization
c 
c  seconds  reductions  redundant  irredundant
c         MB    restarts       trail      variables
c          level   conflicts       glue        remaining
c 
c *  0.06 17  0 0   0    0    0  0% 0 117552 6822 70%
c {  0.06 18  0 0   0    0    0  0% 0 117552 6822 70%
c i  0.06 18 35 0   0   38   26 50% 5 117552 6821 70%
c -  0.08 19 40 1  23  300  205 53% 13 117445 6821 70%
c -  0.11 24 29 2  23  941  649 57% 9 117445 6821 70%
c i  0.11 24 29 2  23 1002  684 57% 8 117445 6819 70%
c }  0.11 24 29 2  23 1002  684 57% 8 117445 6819 70%
c [  0.11 24  0 2  23 1002  684  0% 0 117445 6819 70%
c F  0.11 24  3 2  23 1003  685 57% 2 117445 6819 70%
c -  0.16 24 28 3  23 1905  765 53% 13 117398 6819 70%
c i  0.16 24 27 3  23 1917  772 53% 13 117398 6818 70%
c ]  0.22 24 44 3  24 3002 1686 53% 18 117398 6818 70%
c {  0.22 24 29 3  24 3002 1686 57% 8 117398 6818 70%
c #  0.23 23 29 3  24 3004 1144 34% 8 117351 6818 70%
c i  0.23 23 29 3  24 3009 1148 33% 8 117351 6753 69%
c -  0.24 23 29 4  40 3188 1256 36% 8 114980 6714 69%
c i  0.24 23 29 4  40 3249 1304 35% 8 114980 6713 69%
c i  0.26 23 28 4  57 3527 1506 37% 8 114980 6712 69%
c i  0.27 23 27 4  73 3777 1675 35% 8 114980 6711 69%
c -  0.31 24 26 5 130 4779 1785 33% 8 114839 6711 69%
c 
c  seconds  reductions  redundant  irredundant
c         MB    restarts       trail      variables
c          level   conflicts       glue        remaining
c 
c d  0.33 24 27 5 137 5000 1980 33% 8 114743 6663 68%
c p  0.40 26 27 5 137 5000 91564 33% 8 114743 6636 68%
c d  0.41 27 27 5 137 5000 83851 33% 8 113435 6624 68%
c d  0.41 27 27 5 137 5000 83851 33% 8 113389 6601 68%
c i  0.43 27 26 5 178 5488 84193 34% 8 113389 6600 68%
c i  0.44 27 26 5 178 5567 84235 34% 8 113389 6599 68%
c B  0.46 27 27 5 260 6005 84556 34% 9 113389 6599 68%
c i  0.46 27 27 5 266 6124 84653 34% 9 113389 6270 64%
c i  0.48 27 27 5 276 6425 84856 35% 9 113389 6269 64%
c i  0.49 27 27 5 282 6675 85041 35% 8 113389 6268 64%
c -  0.50 31 27 6 282 6692 5675 35% 8 105591 6268 64%
c i  0.51 31 27 6 298 6866 5817 35% 9 105591 6267 64%
c i  0.52 31 27 6 316 6971 5892 35% 9 105591 6266 64%
c i  0.52 31 27 6 316 6984 5900 35% 9 105591 6265 64%
c }  0.52 31 27 6 316 7002 5913 35% 8 105591 6265 64%
c [  0.52 31 44 6 316 7002 5913 76% 18 105591 6265 64%
c s  0.59 32 37 6 317 8214 6832 60% 15 103697 6265 64%
c v  0.60 32 37 6 317 8214 6832 60% 15 103677 6265 64%
c w  0.60 32 37 6 317 8214 6813 60% 15 103677 6264 64%
c e  0.63 33 37 6 317 8214 5582 60% 15 102397 5217 54%
c 
c  seconds  reductions  redundant   irredundant
c         MB    restarts       trail       variables
c          level   conflicts       glue         remaining
c 
c s  0.64 33 37 6 317 8214 5568 60% 15 102397 5217 54%
c i  0.66 33 36 6 317 8271 5457 28% 15 102397 5216 54%
c i  0.66 33 36 6 317 8289 5470 26% 15 102397 4548 47%
c i  0.66 33 36 6 317 8291 5471 26% 15 102397 4547 47%
c i  0.66 33 36 6 317 8292 5471 26% 15 102397 4546 47%
c i  0.66 33 36 6 317 8298 5473 26% 15 102397 4545 47%
c i  0.66 33 36 6 317 8299 5473 26% 15 102397 4543 47%
c i  0.66 33 36 6 317 8300 5473 26% 15 102397 4542 47%
c i  0.66 33 36 6 317 8301 5473 26% 15 102397 4541 47%
c i  0.66 33 36 6 317 8302 5473 26% 15 102397 4540 47%
c i  0.66 33 36 6 317 8303 5473 26% 15 102397 4539 47%
c i  0.66 33 36 6 317 8304 5473 26% 15 102397 4538 47%
c i  0.66 33 36 6 317 8307 5473 26% 15 102397 4537 47%
c i  0.66 33 36 6 317 8309 5474 26% 15 102397 4535 47%
c ]  0.66 33 36 6 317 8313 5473 26% 15 102397 3729 38%
c 0  0.66 33 36 6 317 8313 5473 26% 15 102397 3729 38%
c 
c --- [ closing proof ] ------------------------------------------------------
c 
c DRAT proof file '/tmp/conway99-exact-eight-0118-pIM17w/proof.drat' closed
c DRAT 113844 added clauses 40.32%
c DRAT 168500 deleted clauses 59.68%
c DRAT 7540859 bytes (7.19 MB)
c 
c --- [ result ] -------------------------------------------------------------
c 
s UNSATISFIABLE
c 
c --- [ run-time profiling ] -------------------------------------------------
c 
c process time taken by individual solving procedures
c (percentage relative to process time for solving)
c 
c         0.45   74.96% search
c         0.27   45.18% unstable
c         0.18   29.63% stable
c         0.15   24.92% simplify
c         0.06   10.56% probe
c         0.06    9.71% parse
c         0.03    4.28% elim
c         0.02    3.23% subsume
c         0.01    1.92% vivify
c         0.01    1.16% ternary
c         0.00    0.15% lucky
c   =================================
c         0.60   91.06% solve
c 
c last line shows process time for solving
c (percentage relative to total process time)
c 
c --- [ statistics ] ---------------------------------------------------------
c 
c chronological:              3532        42.49 %  of conflicts
c conflicts:                  8313     13880.98    per second
c decisions:                 29625     49467.59    per second
c eliminated:                 1047        10.74 %  of all variables
c fixed:                      4889        50.15 %  of all variables
c learned:                    7631        91.80 %  per conflict
c learned_lits:             567352       100.00 %  learned literals
c minimized:                     0         0.00 %  learned literals
c shrunken:                 270688        47.71 %  learned literals
c minishrunken:              49591         8.74 %  learned literals
c otfs:                         46         0.55 %  of conflict
c propagations:            6490861        10.84 M  per second
c reduced:                    1107        13.32 %  per conflict
c rephased:                      3      2771.00    interval
c restarts:                    317        26.22    interval
c stabilizing:                   2        39.82 %  of conflicts
c substituted:                  83         0.85 %  of all variables
c subsumed:                   3239         1.46 %  of all clauses
c strengthened:                992         0.45 %  of all clauses
c ternary:                       6         0.09 %  of resolved
c trail reuses:                  0         0.00 %  of incremental calls
c vivified:                     25         0.01 %  of all clauses
c weakened:                   3278         2.31    average size
c 
c seconds are measured in process time for solving
c 
c --- [ resources ] ----------------------------------------------------------
c 
c total process time since initialization:         0.66    seconds
c total real time since initialization:            1.37    seconds
c maximum resident set size of process:           32.54    MB
c 
c --- [ shutting down ] ------------------------------------------------------
c 
c exit 20
