c --- [ banner ] -------------------------------------------------------------
c 
c CaDiCaL SAT Solver
c Copyright (c) 2016-2023 A. Biere, M. Fleury, N. Froleyks, K. Fazekas, F. Pollitt
c 
c Version 1.9.5 146207318796f094dcded87349a64f0c6927309e
c g++ (Ubuntu 13.3.0-6ubuntu2~24.04.1) 13.3.0 -Wall -Wextra -O3 -DNDEBUG
c Wed Sep 30 06:02:32 JST 2026 Linux ikutoPC 6.6.87.2-microsoft-standard-WSL2 x86_64
c 
c --- [ limit ] --------------------------------------------------------------
c 
c setting conflict limit to 1000000 conflicts (due to '1000000')
c 
c --- [ proof tracing ] ------------------------------------------------------
c 
c opening file to write '/tmp/conway99-seven-profile-rank5_120_profile_0003-MEMRfI/proof.drat'
c writing non-binary proof trace to '/tmp/conway99-seven-profile-rank5_120_profile_0003-MEMRfI/proof.drat'
c 
c --- [ parsing input ] ------------------------------------------------------
c 
c reading DIMACS file from '/mnt/c/Users/ikuto/projects/conway-99-graph/acceleration/results/20260930_hadamard_seven_remaining_cnfs/run01/rank5_120_profile_0003/instance.cnf'
c opening file to read '/mnt/c/Users/ikuto/projects/conway-99-graph/acceleration/results/20260930_hadamard_seven_remaining_cnfs/run01/rank5_120_profile_0003/instance.cnf'
c found 'p cnf 9952 172414' header
c parsed 172414 clauses in 0.07 seconds process time
c 
c --- [ options ] ------------------------------------------------------------
c 
c   --binary=false                 (different from default 'true')
c 
c --- [ solving ] ------------------------------------------------------------
c 
c time measured in process time since initialization
c 
c  seconds  reductions  redundant  irredundant
c         MB    restarts       trail      variables
c          level   conflicts       glue        remaining
c 
c *  0.07 18  0 0   0    0    0  0% 0 122670 7052 71%
c {  0.07 18  0 0   0    0    0  0% 0 122670 7052 71%
c -  0.08 19 23 1  11  309  244 56% 7 122574 7052 71%
c -  0.13 25 21 2  64  965  696 55% 7 122574 7052 71%
c }  0.13 25 21 2  65 1003  730 55% 7 122574 7052 71%
c [  0.13 25  0 2  65 1003  730  0% 0 122574 7052 71%
c O  0.13 25  2 2  65 1004  731 60% 2 122574 7052 71%
c i  0.14 25 21 2  65 1264  889 57% 10 122574 7050 71%
c i  0.18 25 58 2  65 1885 1417 54% 17 122574 7049 71%
c i  0.18 25 58 2  65 1889 1418 54% 17 122574 7046 71%
c -  0.19 25 60 3  65 1944 1069 54% 19 122339 7046 71%
c i  0.20 25 59 3  66 2092 1195 54% 19 122339 7045 71%
c i  0.20 25 58 3  66 2148 1238 53% 19 122339 7042 71%
c i  0.21 25 58 3  66 2206 1292 53% 19 122339 7041 71%
c ]  0.26 25 50 3  66 3003 1987 53% 18 122339 7041 71%
c {  0.26 25 21 3  66 3003 1987 55% 7 122339 7041 71%
c F  0.27 24 21 3  66 3005 1988 13% 7 122197 7041 71%
c i  0.27 24 21 3  66 3005 1988 13% 7 122197 7039 71%
c i  0.27 24 21 3  66 3006 1988  7% 7 122197 7026 71%
c i  0.27 24 22 3  68 3110 2077 25% 7 122197 7025 71%
c 
c  seconds  reductions  redundant  irredundant
c         MB    restarts       trail      variables
c          level   conflicts       glue        remaining
c 
c i  0.27 24 22 3  69 3111 2077 25% 7 122197 7024 71%
c i  0.27 24 22 3  69 3143 2098 21% 7 122197 7023 71%
c i  0.27 24 22 3  69 3148 2100 21% 7 122197 7022 71%
c -  0.28 24 23 4  69 3256 1683 29% 7 121376 7022 71%
c i  0.32 24 22 4 128 4082 2278 37% 7 121376 7020 71%
c i  0.33 24 22 4 133 4285 2437 38% 7 121376 7019 71%
c i  0.34 24 22 4 144 4432 2545 37% 7 121376 7018 71%
c i  0.34 24 22 4 144 4442 2552 37% 7 121376 7017 71%
c i  0.34 24 22 4 144 4466 2573 37% 7 121376 7016 70%
c i  0.34 24 22 4 144 4472 2577 37% 7 121376 7015 70%
c i  0.34 24 22 4 144 4495 2598 37% 7 121376 7002 70%
c i  0.35 24 21 4 144 4660 2724 37% 7 121376 6998 70%
c i  0.35 24 21 4 144 4663 2726 37% 7 121376 6997 70%
c i  0.35 24 21 4 144 4780 2824 37% 7 121376 6996 70%
c -  0.37 24 22 5 152 4882 1301 37% 7 120387 6996 70%
c d  0.38 24 21 5 162 5001 1396 36% 7 120225 6915 69%
c 2  0.39 24 21 5 162 5001 1398 36% 7 120225 6912 69%
c p  0.45 25 21 5 162 5001 82840 36% 7 120225 6856 69%
c d  0.46 26 21 5 162 5001 81822 36% 7 118193 6842 69%
c d  0.46 26 21 5 162 5001 81822 36% 7 118135 6813 68%
c 
c  seconds  reductions   redundant  irredundant
c         MB    restarts        trail      variables
c          level   conflicts        glue        remaining
c 
c i  0.47 26 22 5 166 5116 81905 37% 7 118135 6812 68%
c i  0.47 26 22 5 166 5154 81932 37% 7 118135 6811 68%
c i  0.47 26 22 5 166 5162 81933 36% 7 118135 6810 68%
c i  0.50 26 21 5 193 5914 82507 36% 7 118135 6809 68%
c #  0.51 26 21 5 200 6006 82566 36% 7 118135 6809 68%
c i  0.53 26 21 5 213 6329 82792 36% 7 118135 6808 68%
c i  0.54 26 20 5 216 6657 83054 36% 7 118135 6807 68%
c i  0.55 26 20 5 217 6748 83121 35% 7 118135 6806 68%
c -  0.57 31 20 6 217 6829 4454 35% 7 117812 6806 68%
c i  0.57 31 20 6 217 6833 4457 35% 7 117812 6805 68%
c }  0.57 31 20 6 217 7004 4597 35% 7 117812 6805 68%
c [  0.58 31 50 6 217 7004 4597 76% 18 117812 6805 68%
c i  0.58 31 49 6 217 7059 4637 74% 18 117812 6804 68%
c i  0.58 31 49 6 218 7155 4715 73% 18 117812 6803 68%
c i  0.63 31 47 6 218 7820 5267 63% 18 117812 6802 68%
c s  0.67 32 46 6 218 8243 5549 59% 18 115910 6802 68%
c v  0.68 32 46 6 218 8243 5549 59% 18 115888 6800 68%
c w  0.68 32 46 6 218 8243 5545 59% 18 115888 6800 68%
c t  0.69 32 46 6 218 8243 5545 59% 18 115887 6800 68%
c e  0.72 32 46 6 218 8243 5032 59% 18 114470 5675 57%
c 
c  seconds  reductions  redundant   irredundant
c         MB    restarts       trail       variables
c          level   conflicts       glue         remaining
c 
c s  0.72 32 46 6 218 8243 5027 59% 18 114470 5675 57%
c i  0.75 35 46 6 218 8376 4854 30% 18 114470 5674 57%
c -  0.79 39 42 7 218 9079 3421 30% 18 114422 5674 57%
c I  0.84 39 43 7 219 10008 4174 30% 19 114422 5674 57%
c -  0.93 39 42 8 221 11621 4308 31% 19 114422 5674 57%
c -  1.09 39 44 9 222 14478 5071 32% 20 114422 5674 57%
c i  1.11 39 44 9 222 14808 5334 33% 19 114422 5671 57%
c ]  1.12 39 44 9 222 15005 5489 33% 20 114422 5671 57%
c {  1.12 39 20 9 222 15005 5489 44% 7 114422 5671 57%
c 2  1.13 39 20 9 222 15005 5476 44% 7 114422 5671 57%
c p  1.20 39 20 9 222 15005 95652 44% 7 114422 5609 56%
c d  1.21 39 20 9 222 15005 88327 44% 7 111357 5606 56%
c d  1.21 39 20 9 222 15005 88327 44% 7 111325 5590 56%
c B  1.21 39 20 9 222 15009 88331 44% 7 111325 5590 56%
c i  1.23 39 20 9 249 15343 88587 44% 7 111325 5589 56%
c i  1.23 39 20 9 249 15370 88607 44% 7 111325 5588 56%
c i  1.24 39 20 9 275 15548 88737 43% 7 111325 5587 56%
c i  1.25 39 20 9 290 15798 88919 43% 7 111325 5586 56%
c i  1.25 39 20 9 290 15800 88920 43% 7 111325 5585 56%
c i  1.26 39 20 9 293 15896 88995 43% 7 111325 5584 56%
c 
c  seconds  reductions    redundant  irredundant
c         MB    restarts         trail      variables
c          level    conflicts        glue        remaining
c 
c i  1.28 39 21 9 334 16294 89283 43% 7 111325 5583 56%
c i  1.29 39 21 9 352 16397 89346 42% 7 111325 5582 56%
c i  1.29 39 21 9 356 16489 89400 42% 7 111325 5581 56%
c i  1.29 39 21 9 356 16525 89421 42% 7 111325 5580 56%
c i  1.29 39 21 9 357 16582 89470 42% 7 111325 5579 56%
c i  1.30 39 21 9 357 16622 89493 42% 7 111325 5578 56%
c i  1.30 39 20 9 367 16754 89570 42% 7 111325 5577 56%
c i  1.31 39 20 9 371 16824 89621 42% 7 111325 5576 56%
c i  1.31 39 22 9 382 16981 89756 42% 7 111325 5575 56%
c i  1.32 39 22 9 382 17040 89787 42% 7 111325 5574 56%
c i  1.34 39 22 9 434 17355 90028 42% 7 111325 5573 56%
c i  1.34 39 22 9 435 17400 90063 42% 7 111325 5572 56%
c i  1.34 39 22 9 443 17446 90098 42% 8 111325 5571 56%
c i  1.34 39 22 9 444 17447 90098 42% 8 111325 5556 56%
c i  1.35 39 22 9 447 17568 90177 42% 7 111325 5546 56%
c -  1.37 39 22 10 452 17654 9133 41% 8 109486 5546 56%
c i  1.38 39 23 10 473 17993 9381 41% 8 109486 5542 56%
c i  1.39 39 22 10 473 18080 9411 41% 7 109486 5532 56%
c i  1.40 39 22 10 481 18304 9554 41% 7 109486 5531 56%
c i  1.40 39 22 10 481 18365 9608 41% 7 109486 5530 56%
c 
c  seconds  reductions    redundant  irredundant
c         MB     restarts        trail      variables
c          level     conflicts       glue        remaining
c 
c i  1.41 39 22 10 492 18493 9682 41% 7 109486 5529 56%
c i  1.43 39 23 10 563 18972 10072 41% 8 109486 5528 56%
c i  1.44 39 22 10 588 19256 10284 41% 8 109486 5527 56%
c i  1.44 39 22 10 594 19363 10340 40% 8 109486 5526 56%
c i  1.45 39 22 10 603 19622 10545 40% 8 109486 5525 56%
c i  1.46 39 22 10 603 19660 10571 40% 8 109486 5524 56%
c i  1.47 39 22 10 616 20045 10819 40% 8 109486 5523 55%
c i  1.47 39 22 10 616 20068 10836 40% 8 109486 5522 55%
c i  1.48 39 22 10 637 20225 10951 40% 8 109486 5521 55%
c i  1.48 39 22 10 637 20325 11023 40% 8 109486 5520 55%
c i  1.49 39 22 10 660 20538 11162 39% 8 109486 5519 55%
c i  1.49 39 22 10 673 20632 11234 39% 8 109486 5518 55%
c i  1.49 39 22 10 673 20640 11240 39% 8 109486 5517 55%
c i  1.50 39 22 10 673 20699 11280 39% 8 109486 5516 55%
c i  1.50 39 22 10 673 20725 11300 39% 8 109486 5515 55%
c i  1.50 39 22 10 673 20748 11310 39% 8 109486 5514 55%
c i  1.51 39 22 10 674 20918 11424 39% 8 109486 5512 55%
c i  1.51 39 22 10 674 21001 11483 39% 8 109486 5511 55%
c i  1.51 39 22 10 674 21005 11486 39% 8 109486 5510 55%
c W  1.57 39 22 10 674 21010 10288 39% 8 107814 5510 55%
c 
c  seconds  reductions     redundant  irredundant
c         MB     restarts         trail      variables
c          level     conflicts        glue        remaining
c 
c i  1.57 39 22 10 674 21026 10297 39% 8 107814 5509 55%
c i  1.58 39 22 10 674 21047 10304 39% 8 107814 5508 55%
c -  1.58 39 22 11 674 21083 6707 39% 8 107718 5508 55%
c i  1.58 39 22 11 674 21117 6722 39% 8 107718 5506 55%
c i  1.59 39 22 11 694 21343 6919 39% 8 107718 5505 55%
c i  1.60 39 22 11 700 21541 7048 39% 8 107718 5504 55%
c i  1.62 39 22 11 732 21986 7404 39% 8 107718 5503 55%
c i  1.63 39 22 11 735 22230 7557 39% 8 107718 5502 55%
c i  1.64 39 22 11 739 22397 7658 39% 8 107718 5501 55%
c i  1.64 39 22 11 739 22398 7658 39% 8 107718 5500 55%
c i  1.65 39 22 11 742 22549 7774 39% 8 107718 5499 55%
c i  1.65 39 22 11 751 22660 7859 39% 8 107718 5498 55%
c i  1.66 39 22 11 759 22756 7930 39% 8 107718 5497 55%
c i  1.66 39 22 11 765 22890 8019 39% 8 107718 5496 55%
c i  1.66 39 22 11 765 22903 8027 39% 8 107718 5495 55%
c i  1.68 39 21 11 786 23288 8310 39% 8 107718 5494 55%
c i  1.71 39 21 11 844 24012 8841 38% 8 107718 5490 55%
c i  1.71 39 21 11 859 24105 8901 38% 8 107718 5489 55%
c i  1.72 39 21 11 869 24269 9029 38% 8 107718 5488 55%
c i  1.73 39 21 11 882 24563 9227 38% 8 107718 5479 55%
c 
c  seconds  reductions    redundant  irredundant
c         MB     restarts        trail      variables
c          level     conflicts       glue        remaining
c 
c i  1.73 39 21 11 882 24564 9227 38% 8 107718 5477 55%
c i  1.73 39 21 11 886 24687 9301 38% 8 107718 5476 55%
c i  1.74 39 21 11 886 24763 9347 38% 8 107718 5405 54%
c i  1.74 39 21 11 886 24802 9369 38% 8 107718 5363 54%
c -  1.75 39 21 12 886 24802 5001 38% 8 101697 5363 54%
c i  1.77 39 21 12 896 25217 5287 38% 8 101697 5362 54%
c i  1.77 39 21 12 896 25220 5289 38% 8 101697 5361 54%
c i  1.77 39 21 12 900 25303 5346 37% 8 101697 5360 54%
c }  1.77 39 21 12 900 25342 5375 37% 8 101697 4318 43%
c 0  1.78 39 21 12 900 25342 5375 37% 8 101697 4318 43%
c 
c --- [ closing proof ] ------------------------------------------------------
c 
c DRAT proof file '/tmp/conway99-seven-profile-rank5_120_profile_0003-MEMRfI/proof.drat' closed
c DRAT 219885 added clauses 43.91%
c DRAT 280860 deleted clauses 56.09%
c DRAT 18451685 bytes (17.60 MB)
c 
c --- [ result ] -------------------------------------------------------------
c 
s UNSATISFIABLE
c 
c --- [ run-time profiling ] -------------------------------------------------
c 
c process time taken by individual solving procedures
c (percentage relative to process time for solving)
c 
c         1.45   84.95% search
c         0.79   46.27% unstable
c         0.60   34.90% stable
c         0.26   15.00% simplify
c         0.13    7.80% probe
c         0.07    3.83% parse
c         0.06    3.70% walk
c         0.03    1.92% elim
c         0.02    1.12% subsume
c         0.01    0.82% ternary
c         0.01    0.75% vivify
c         0.00    0.07% lucky
c   =================================
c         1.71   96.27% solve
c 
c last line shows process time for solving
c (percentage relative to total process time)
c 
c --- [ statistics ] ---------------------------------------------------------
c 
c chronological:             10442        41.20 %  of conflicts
c conflicts:                 25342     14827.33    per second
c decisions:                 74916     43832.55    per second
c eliminated:                 1125        11.30 %  of all variables
c fixed:                      4366        43.87 %  of all variables
c learned:                   23704        93.54 %  per conflict
c learned_lits:            1965248       100.00 %  learned literals
c minimized:                     0         0.00 %  learned literals
c shrunken:                 948619        48.27 %  learned literals
c minishrunken:             210690        10.72 %  learned literals
c otfs:                        111         0.44 %  of conflict
c propagations:           15564988         9.11 M  per second
c reduced:                    8100        31.96 %  per conflict
c rephased:                      6      4223.67    interval
c restarts:                    900        28.16    interval
c stabilizing:                   2        39.46 %  of conflicts
c substituted:                 143         1.44 %  of all variables
c subsumed:                   6387         1.96 %  of all clauses
c strengthened:                467         0.14 %  of all clauses
c ternary:                      10         0.13 %  of resolved
c trail reuses:                  0         0.00 %  of incremental calls
c vivified:                     26         0.01 %  of all clauses
c walked:                        1     25342.00    interval
c weakened:                   3649         2.31    average size
c 
c seconds are measured in process time for solving
c 
c --- [ resources ] ----------------------------------------------------------
c 
c total process time since initialization:         1.78    seconds
c total real time since initialization:            2.47    seconds
c maximum resident set size of process:           39.23    MB
c 
c --- [ shutting down ] ------------------------------------------------------
c 
c exit 20
