c --- [ banner ] -------------------------------------------------------------
c 
c CaDiCaL SAT Solver
c Copyright (c) 2016-2023 A. Biere, M. Fleury, N. Froleyks, K. Fazekas, F. Pollitt
c 
c Version 1.9.5 146207318796f094dcded87349a64f0c6927309e
c g++ (Ubuntu 13.3.0-6ubuntu2~24.04.1) 13.3.0 -Wall -Wextra -O3 -DNDEBUG
c Wed Sep 30 06:02:32 JST 2026 Linux ikutoPC 6.6.87.2-microsoft-standard-WSL2 x86_64
c 
c --- [ limit ] --------------------------------------------------------------
c 
c setting conflict limit to 1000000 conflicts (due to '1000000')
c 
c --- [ proof tracing ] ------------------------------------------------------
c 
c opening file to write '/tmp/conway99-exact-eight-0114-K8F56c/proof.drat'
c writing non-binary proof trace to '/tmp/conway99-exact-eight-0114-K8F56c/proof.drat'
c 
c --- [ parsing input ] ------------------------------------------------------
c 
c reading DIMACS file from '/mnt/c/Users/ikuto/projects/conway-99-graph/acceleration/results/20261001_exact_eight_prefix64_batch02_cnfs_part00/case_0114/instance.cnf'
c opening file to read '/mnt/c/Users/ikuto/projects/conway-99-graph/acceleration/results/20261001_exact_eight_prefix64_batch02_cnfs_part00/case_0114/instance.cnf'
c found 'p cnf 9748 167416' header
c parsed 167416 clauses in 0.06 seconds process time
c 
c --- [ options ] ------------------------------------------------------------
c 
c   --binary=false                 (different from default 'true')
c 
c --- [ solving ] ------------------------------------------------------------
c 
c time measured in process time since initialization
c 
c  seconds  reductions  redundant  irredundant
c         MB    restarts       trail      variables
c          level   conflicts       glue        remaining
c 
c *  0.06 17  0 0   0    0    0  0% 0 117462 6820 70%
c {  0.07 18  0 0   0    0    0  0% 0 117462 6820 70%
c i  0.07 19 29 0   8  200  139 52% 6 117462 6819 70%
c i  0.07 19 28 0   8  208  133 52% 5 117462 6818 70%
c -  0.08 19 26 1  10  313  156 53% 6 117238 6818 70%
c i  0.09 19 23 1  11  398  210 53% 5 117238 6817 70%
c i  0.09 19 22 1  11  416  225 53% 5 117238 6816 70%
c i  0.09 19 22 1  19  569  302 53% 5 117238 6815 70%
c i  0.09 19 25 1  19  615  337 52% 5 117238 6814 70%
c i  0.09 19 25 1  19  620  337 52% 5 117238 6809 70%
c i  0.09 19 25 1  19  632  341 52% 5 117238 6808 70%
c i  0.09 19 25 1  19  634  341 52% 5 117238 6806 70%
c i  0.10 19 28 1  35  864  490 52% 5 117238 6805 70%
c -  0.11 24 29 2  46  954  393 52% 5 116629 6805 70%
c }  0.12 24 28 2  52 1005  420 52% 5 116629 6805 70%
c [  0.12 24  0 2  52 1005  420  0% 0 116629 6805 70%
c O  0.12 24  0 2  52 1006  420 42% 0 116629 6805 70%
c i  0.12 24  0 2  52 1006  420 42% 0 116629 6803 70%
c i  0.12 24 59 2  52 1068  478 58% 5 116629 6802 70%
c i  0.12 24 59 2  52 1069  478 57% 5 116629 6801 70%
c 
c  seconds  reductions  redundant  irredundant
c         MB    restarts       trail      variables
c          level   conflicts       glue        remaining
c 
c i  0.12 24 58 2  52 1070  478 57% 5 116629 6800 70%
c i  0.12 24 58 2  52 1073  479 56% 5 116629 6798 70%
c i  0.12 24 53 2  52 1106  506 55% 6 116629 6797 70%
c i  0.13 24 42 2  52 1234  618 55% 5 116629 6796 70%
c i  0.13 24 41 2  52 1254  637 56% 5 116629 6795 70%
c i  0.13 24 39 2  52 1281  661 56% 5 116629 6794 70%
c i  0.13 24 38 2  52 1298  675 56% 5 116629 6793 70%
c i  0.14 24 36 2  52 1342  709 56% 5 116629 6792 70%
c i  0.14 24 36 2  52 1347  713 56% 5 116629 6791 70%
c i  0.14 24 33 2  52 1394  750 56% 5 116629 6790 70%
c i  0.14 24 31 2  52 1461  798 56% 5 116629 6789 70%
c ]  0.14 24 29 2  52 1488  818 56% 5 116629 6717 69%
c 0  0.14 24 29 2  52 1488  818 56% 5 116629 6717 69%
c 
c --- [ closing proof ] ------------------------------------------------------
c 
c DRAT proof file '/tmp/conway99-exact-eight-0114-K8F56c/proof.drat' closed
c DRAT 5518 added clauses 9.52%
c DRAT 52455 deleted clauses 90.48%
c DRAT 1527035 bytes (1.46 MB)
c 
c --- [ result ] -------------------------------------------------------------
c 
s UNSATISFIABLE
c 
c --- [ run-time profiling ] -------------------------------------------------
c 
c process time taken by individual solving procedures
c (percentage relative to process time for solving)
c 
c         0.08   99.09% search
c         0.06   79.38% parse
c         0.05   63.02% unstable
c         0.03   34.89% stable
c         0.00    1.13% lucky
c         0.00    0.00% simplify
c   =================================
c         0.08   55.49% solve
c 
c last line shows process time for solving
c (percentage relative to total process time)
c 
c --- [ statistics ] ---------------------------------------------------------
c 
c chronological:               715        48.05 %  of conflicts
c conflicts:                  1488     18595.12    per second
c decisions:                  4972     62133.69    per second
c fixed:                      3031        31.09 %  of all variables
c learned:                    1294        86.96 %  per conflict
c learned_lits:              73823       100.00 %  learned literals
c minimized:                     0         0.00 %  learned literals
c shrunken:                  33387        45.23 %  learned literals
c minishrunken:              13284        17.99 %  learned literals
c otfs:                         14         0.94 %  of conflict
c propagations:             795897         9.95 M  per second
c reduced:                      15         1.01 %  per conflict
c rephased:                      1      1488.00    interval
c restarts:                     52        28.62    interval
c stabilizing:                   1        32.46 %  of conflicts
c subsumed:                    233         0.20 %  of all clauses
c strengthened:                 14         0.01 %  of all clauses
c trail reuses:                  0         0.00 %  of incremental calls
c 
c seconds are measured in process time for solving
c 
c --- [ resources ] ----------------------------------------------------------
c 
c total process time since initialization:         0.14    seconds
c total real time since initialization:            0.73    seconds
c maximum resident set size of process:           23.63    MB
c 
c --- [ shutting down ] ------------------------------------------------------
c 
c exit 20
