c --- [ banner ] -------------------------------------------------------------
c 
c CaDiCaL SAT Solver
c Copyright (c) 2016-2023 A. Biere, M. Fleury, N. Froleyks, K. Fazekas, F. Pollitt
c 
c Version 1.9.5 146207318796f094dcded87349a64f0c6927309e
c g++ (Ubuntu 13.3.0-6ubuntu2~24.04.1) 13.3.0 -Wall -Wextra -O3 -DNDEBUG
c Wed Sep 30 06:02:32 JST 2026 Linux ikutoPC 6.6.87.2-microsoft-standard-WSL2 x86_64
c 
c --- [ limit ] --------------------------------------------------------------
c 
c setting conflict limit to 1000000 conflicts (due to '1000000')
c 
c --- [ proof tracing ] ------------------------------------------------------
c 
c opening file to write '/tmp/conway99-exact-eight-0053-rdCTKX/proof.drat'
c writing non-binary proof trace to '/tmp/conway99-exact-eight-0053-rdCTKX/proof.drat'
c 
c --- [ parsing input ] ------------------------------------------------------
c 
c reading DIMACS file from '/mnt/c/Users/ikuto/projects/conway-99-graph/acceleration/results/20260930_exact_eight_next64_cnfs_part00/case_0053/instance.cnf'
c opening file to read '/mnt/c/Users/ikuto/projects/conway-99-graph/acceleration/results/20260930_exact_eight_next64_cnfs_part00/case_0053/instance.cnf'
c found 'p cnf 9748 167416' header
c parsed 167416 clauses in 0.06 seconds process time
c 
c --- [ options ] ------------------------------------------------------------
c 
c   --binary=false                 (different from default 'true')
c 
c --- [ solving ] ------------------------------------------------------------
c 
c time measured in process time since initialization
c 
c  seconds  reductions  redundant  irredundant
c         MB    restarts       trail      variables
c          level   conflicts       glue        remaining
c 
c *  0.06 17  0 0   0    0    0  0% 0 117490 6820 70%
c {  0.06 18  0 0   0    0    0  0% 0 117490 6820 70%
c i  0.07 18 16 0   5  292  213 50% 6 117490 6819 70%
c -  0.08 19 16 1   5  300  132 50% 6 117323 6819 70%
c i  0.09 19 15 1  14  536  285 50% 6 117323 6818 70%
c i  0.10 19 16 1  23  813  498 51% 6 117323 6817 70%
c i  0.10 19 16 1  23  947  588 51% 5 117323 6816 70%
c -  0.11 23 16 2  23  947  260 51% 5 117184 6816 70%
c }  0.11 23 15 2  23 1002  303 51% 5 117184 6816 70%
c [  0.11 23  0 2  23 1002  303  0% 0 117184 6816 70%
c O  0.11 23  2 2  23 1003  304 58% 2 117184 6816 70%
c i  0.12 23 19 2  23 1221  460 58% 8 117184 6814 70%
c i  0.14 23 33 2  23 1522  695 51% 12 117184 6813 70%
c i  0.14 23 33 2  23 1532  703 51% 12 117184 6812 70%
c ]  0.15 23 27 2  23 1721  830 51% 10 117184 5954 61%
c 0  0.15 23 27 2  23 1721  830 51% 10 117184 5954 61%
c 
c --- [ closing proof ] ------------------------------------------------------
c 
c DRAT proof file '/tmp/conway99-exact-eight-0053-rdCTKX/proof.drat' closed
c DRAT 6453 added clauses 11.03%
c DRAT 52060 deleted clauses 88.97%
c DRAT 1584857 bytes (1.51 MB)
c 
c --- [ result ] -------------------------------------------------------------
c 
s UNSATISFIABLE
c 
c --- [ run-time profiling ] -------------------------------------------------
c 
c process time taken by individual solving procedures
c (percentage relative to process time for solving)
c 
c         0.08   99.12% search
c         0.06   73.34% parse
c         0.05   57.28% unstable
c         0.03   40.05% stable
c         0.00    1.72% lucky
c         0.00    0.00% simplify
c   =================================
c         0.08   57.44% solve
c 
c last line shows process time for solving
c (percentage relative to total process time)
c 
c --- [ statistics ] ---------------------------------------------------------
c 
c chronological:               795        46.19 %  of conflicts
c conflicts:                  1721     20533.81    per second
c decisions:                  4520     53929.58    per second
c fixed:                      3794        38.92 %  of all variables
c learned:                    1546        89.83 %  per conflict
c learned_lits:              81669       100.00 %  learned literals
c minimized:                     0         0.00 %  learned literals
c shrunken:                  40946        50.14 %  learned literals
c minishrunken:               6564         8.04 %  learned literals
c otfs:                         26         1.51 %  of conflict
c propagations:             812823         9.70 M  per second
c reduced:                      21         1.22 %  per conflict
c rephased:                      1      1721.00    interval
c restarts:                     23        74.83    interval
c stabilizing:                   1        41.78 %  of conflicts
c subsumed:                    293         0.25 %  of all clauses
c strengthened:                 26         0.02 %  of all clauses
c trail reuses:                  0         0.00 %  of incremental calls
c 
c seconds are measured in process time for solving
c 
c --- [ resources ] ----------------------------------------------------------
c 
c total process time since initialization:         0.15    seconds
c total real time since initialization:            0.76    seconds
c maximum resident set size of process:           23.42    MB
c 
c --- [ shutting down ] ------------------------------------------------------
c 
c exit 20
