c --- [ banner ] -------------------------------------------------------------
c 
c CaDiCaL SAT Solver
c Copyright (c) 2016-2023 A. Biere, M. Fleury, N. Froleyks, K. Fazekas, F. Pollitt
c 
c Version 1.9.5 146207318796f094dcded87349a64f0c6927309e
c g++ (Ubuntu 13.3.0-6ubuntu2~24.04.1) 13.3.0 -Wall -Wextra -O3 -DNDEBUG
c Wed Sep 30 06:02:32 JST 2026 Linux ikutoPC 6.6.87.2-microsoft-standard-WSL2 x86_64
c 
c --- [ limit ] --------------------------------------------------------------
c 
c setting conflict limit to 1000000 conflicts (due to '1000000')
c 
c --- [ proof tracing ] ------------------------------------------------------
c 
c opening file to write '/tmp/conway99-seven-profile-rank5_126_profile_0000-nZMdwE/proof.drat'
c writing non-binary proof trace to '/tmp/conway99-seven-profile-rank5_126_profile_0000-nZMdwE/proof.drat'
c 
c --- [ parsing input ] ------------------------------------------------------
c 
c reading DIMACS file from '/mnt/c/Users/ikuto/projects/conway-99-graph/acceleration/results/20260930_hadamard_seven_remaining_cnfs/run01/rank5_126_profile_0000/instance.cnf'
c opening file to read '/mnt/c/Users/ikuto/projects/conway-99-graph/acceleration/results/20260930_hadamard_seven_remaining_cnfs/run01/rank5_126_profile_0000/instance.cnf'
c found 'p cnf 9880 170650' header
c parsed 170650 clauses in 0.07 seconds process time
c 
c --- [ options ] ------------------------------------------------------------
c 
c   --binary=false                 (different from default 'true')
c 
c --- [ solving ] ------------------------------------------------------------
c 
c time measured in process time since initialization
c 
c  seconds  reductions  redundant  irredundant
c         MB    restarts       trail      variables
c          level   conflicts       glue        remaining
c 
c *  0.07 18  0 0   0    0    0  0% 0 120722 6954 70%
c {  0.07 18  0 0   0    0    0  0% 0 120722 6954 70%
c i  0.07 19 34 0  17  106   75 51% 11 120722 6953 70%
c i  0.08 19 28 0  17  167  130 53% 9 120722 6952 70%
c i  0.08 19 28 0  17  170  132 53% 9 120722 6951 70%
c i  0.08 19 27 0  17  174  133 53% 8 120722 6950 70%
c i  0.08 19 27 0  17  176  134 53% 8 120722 6949 70%
c i  0.08 19 27 0  17  178  135 53% 8 120722 6914 70%
c i  0.08 19 26 0  17  181  136 53% 8 120722 6913 70%
c i  0.08 19 24 0  17  212  152 53% 7 120722 6912 70%
c i  0.08 19 23 0  17  220  156 53% 7 120722 6871 70%
c i  0.08 19 21 0  17  244  169 54% 7 120722 6832 69%
c i  0.08 19 20 0  17  267  185 54% 6 120722 6831 69%
c -  0.09 19 20 1  17  315  132 55% 6 115932 6831 69%
c i  0.09 19 24 1  17  346  153 55% 6 115932 6829 69%
c i  0.09 19 24 1  17  347  153 54% 6 115932 6823 69%
c i  0.09 19 24 1  17  358  159 54% 6 115932 6822 69%
c i  0.09 19 23 1  17  366  163 54% 6 115932 6807 69%
c i  0.09 19 23 1  17  367  163 54% 6 115932 6798 69%
c i  0.09 19 23 1  17  377  170 54% 6 115932 6797 69%
c 
c  seconds  reductions  redundant  irredundant
c         MB    restarts       trail      variables
c          level   conflicts       glue        remaining
c 
c i  0.09 19 24 1  17  395  186 54% 6 115932 6795 69%
c i  0.09 19 24 1  17  398  187 54% 6 115932 6734 68%
c i  0.09 19 24 1  18  400  187 54% 6 115932 6646 67%
c i  0.09 19 24 1  18  401  187 54% 6 115932 6642 67%
c i  0.09 19 24 1  18  402  187 54% 6 115932 6641 67%
c i  0.09 19 23 1  18  406  189 54% 6 115932 6630 67%
c i  0.09 19 23 1  18  411  192 54% 6 115932 6579 67%
c i  0.10 19 23 1  24  435  210 54% 6 115932 6578 67%
c i  0.10 19 23 1  25  440  211 54% 6 115932 6555 66%
c i  0.10 19 23 1  25  441  211 54% 6 115932 6554 66%
c i  0.10 19 23 1  25  442  211 54% 6 115932 6553 66%
c i  0.10 19 23 1  25  443  211 54% 6 115932 6552 66%
c i  0.10 19 22 1  25  450  214 54% 6 115932 6551 66%
c i  0.10 19 22 1  25  455  217 54% 6 115932 5606 57%
c }  0.10 19 22 1  25  461  219 54% 6 115932 4827 49%
c 0  0.10 19 22 1  25  461  219 54% 6 115932 4827 49%
c 
c --- [ closing proof ] ------------------------------------------------------
c 
c DRAT proof file '/tmp/conway99-seven-profile-rank5_126_profile_0000-nZMdwE/proof.drat' closed
c DRAT 6893 added clauses 10.90%
c DRAT 56338 deleted clauses 89.10%
c DRAT 1596385 bytes (1.52 MB)
c 
c --- [ result ] -------------------------------------------------------------
c 
s UNSATISFIABLE
c 
c --- [ run-time profiling ] -------------------------------------------------
c 
c process time taken by individual solving procedures
c (percentage relative to process time for solving)
c 
c         0.07  219.40% parse
c         0.03   97.42% search
c         0.03   94.39% unstable
c         0.00    2.94% lucky
c         0.00    0.00% simplify
c   =================================
c         0.03   31.06% solve
c 
c last line shows process time for solving
c (percentage relative to total process time)
c 
c --- [ statistics ] ---------------------------------------------------------
c 
c chronological:               219        47.51 %  of conflicts
c conflicts:                   461     15136.59    per second
c decisions:                  1577     51779.62    per second
c fixed:                      5053        51.14 %  of all variables
c learned:                     397        86.12 %  per conflict
c learned_lits:              21432       100.00 %  learned literals
c minimized:                     0         0.00 %  learned literals
c shrunken:                  10584        49.38 %  learned literals
c minishrunken:                614         2.86 %  learned literals
c otfs:                         11         2.39 %  of conflict
c propagations:             309834        10.17 M  per second
c restarts:                     25        18.44    interval
c subsumed:                     47         0.04 %  of all clauses
c strengthened:                 11         0.01 %  of all clauses
c trail reuses:                  0         0.00 %  of incremental calls
c 
c seconds are measured in process time for solving
c 
c --- [ resources ] ----------------------------------------------------------
c 
c total process time since initialization:         0.10    seconds
c total real time since initialization:            0.72    seconds
c maximum resident set size of process:           19.80    MB
c 
c --- [ shutting down ] ------------------------------------------------------
c 
c exit 20
