c --- [ banner ] -------------------------------------------------------------
c 
c CaDiCaL SAT Solver
c Copyright (c) 2016-2023 A. Biere, M. Fleury, N. Froleyks, K. Fazekas, F. Pollitt
c 
c Version 1.9.5 146207318796f094dcded87349a64f0c6927309e
c g++ (Ubuntu 13.3.0-6ubuntu2~24.04.1) 13.3.0 -Wall -Wextra -O3 -DNDEBUG
c Wed Sep 30 06:02:32 JST 2026 Linux ikutoPC 6.6.87.2-microsoft-standard-WSL2 x86_64
c 
c --- [ limit ] --------------------------------------------------------------
c 
c setting conflict limit to 1000000 conflicts (due to '1000000')
c 
c --- [ proof tracing ] ------------------------------------------------------
c 
c opening file to write '/tmp/conway99-seven-profile-rank5_56_profile_0000-hiytZJ/proof.drat'
c writing non-binary proof trace to '/tmp/conway99-seven-profile-rank5_56_profile_0000-hiytZJ/proof.drat'
c 
c --- [ parsing input ] ------------------------------------------------------
c 
c reading DIMACS file from '/mnt/c/Users/ikuto/projects/conway-99-graph/acceleration/results/20260930_hadamard_seven_remaining_cnfs/run02/rank5_56_profile_0000/instance.cnf'
c opening file to read '/mnt/c/Users/ikuto/projects/conway-99-graph/acceleration/results/20260930_hadamard_seven_remaining_cnfs/run02/rank5_56_profile_0000/instance.cnf'
c found 'p cnf 9880 170650' header
c parsed 170650 clauses in 0.06 seconds process time
c 
c --- [ options ] ------------------------------------------------------------
c 
c   --binary=false                 (different from default 'true')
c 
c --- [ solving ] ------------------------------------------------------------
c 
c time measured in process time since initialization
c 
c  seconds  reductions  redundant  irredundant
c         MB    restarts       trail      variables
c          level   conflicts       glue        remaining
c 
c *  0.06 18  0 0   0    0    0  0% 0 120722 6954 70%
c {  0.06 18  0 0   0    0    0  0% 0 120722 6954 70%
c i  0.06 18 11 0   0   10    7 42% 2 120722 6872 70%
c i  0.06 18 10 0   0   11    7 43% 2 120722 6871 70%
c i  0.06 18 12 0   0   14    9 46% 2 120722 6784 69%
c i  0.07 18 10 0   0   21   15 48% 2 120722 6783 69%
c i  0.07 18 10 0   0   22   15 48% 2 120722 6782 69%
c i  0.07 18 12 0   3   53   34 51% 3 120722 6781 69%
c i  0.07 19 12 0   5   91   60 53% 3 120722 6756 68%
c i  0.07 19 12 0  20  189  125 53% 4 120722 6755 68%
c -  0.08 19 17 1  29  304  168 52% 5 111861 6755 68%
c i  0.10 19 18 1  62  552  337 52% 5 111861 6754 68%
c i  0.10 19 19 1  62  558  342 52% 5 111861 6753 68%
c i  0.10 19 19 1  63  563  346 52% 5 111861 6660 67%
c i  0.10 19 18 1  76  653  409 52% 5 111861 6659 67%
c i  0.10 19 18 1  78  684  438 52% 5 111861 6658 67%
c i  0.10 19 18 1  78  686  438 52% 5 111861 6656 67%
c i  0.10 19 18 1  78  687  438 52% 5 111861 6655 67%
c i  0.11 19 18 1  90  763  472 52% 6 111861 6654 67%
c i  0.11 19 18 1  90  780  487 52% 6 111861 6653 67%
c 
c  seconds  reductions  redundant  irredundant
c         MB    restarts       trail      variables
c          level   conflicts       glue        remaining
c 
c i  0.11 19 17 1  91  805  502 52% 6 111861 6652 67%
c i  0.11 19 17 1  91  811  507 52% 6 111861 6651 67%
c i  0.11 19 17 1  91  812  507 52% 6 111861 6650 67%
c i  0.11 19 17 1  91  813  507 52% 6 111861 6649 67%
c i  0.11 19 17 1  91  814  507 52% 5 111861 6648 67%
c i  0.11 19 17 1  91  815  507 52% 5 111861 6647 67%
c i  0.11 19 17 1  91  816  507 52% 5 111861 6646 67%
c i  0.11 19 17 1  91  817  507 52% 5 111861 6645 67%
c i  0.11 19 17 1  91  818  507 52% 5 111861 6644 67%
c i  0.11 19 17 1  91  846  533 52% 5 111861 6643 67%
c i  0.11 19 17 1  91  847  533 52% 5 111861 6642 67%
c i  0.11 19 17 1  91  920  600 51% 5 111861 6641 67%
c i  0.11 19 16 1  91  924  600 51% 5 111861 6638 67%
c -  0.12 24 16 2  91  933  490 51% 5 106845 6638 67%
c i  0.12 24 16 2  91  938  494 51% 5 106845 5606 57%
c i  0.12 24 16 2  91  939  494 51% 5 106845 5605 57%
c i  0.12 24 16 2  91  942  496 51% 5 106845 5504 56%
c }  0.12 24 16 2  91  947  499 51% 5 106845 5503 56%
c 0  0.12 24 16 2  91  947  499 51% 5 106845 5503 56%
c 
c --- [ closing proof ] ------------------------------------------------------
c 
c DRAT proof file '/tmp/conway99-seven-profile-rank5_56_profile_0000-hiytZJ/proof.drat' closed
c DRAT 7538 added clauses 10.19%
c DRAT 66466 deleted clauses 89.81%
c DRAT 1948393 bytes (1.86 MB)
c 
c --- [ result ] -------------------------------------------------------------
c 
s UNSATISFIABLE
c 
c --- [ run-time profiling ] -------------------------------------------------
c 
c process time taken by individual solving procedures
c (percentage relative to process time for solving)
c 
c         0.06   99.31% parse
c         0.06   98.51% search
c         0.06   96.97% unstable
c         0.00    1.48% lucky
c         0.00    0.00% simplify
c   =================================
c         0.06   49.81% solve
c 
c last line shows process time for solving
c (percentage relative to total process time)
c 
c --- [ statistics ] ---------------------------------------------------------
c 
c chronological:               510        53.85 %  of conflicts
c conflicts:                   947     15336.53    per second
c decisions:                  4232     68536.63    per second
c fixed:                      4377        44.30 %  of all variables
c learned:                     853        90.07 %  per conflict
c learned_lits:              41170       100.00 %  learned literals
c minimized:                     0         0.00 %  learned literals
c shrunken:                  25397        61.69 %  learned literals
c minishrunken:               2295         5.57 %  learned literals
c otfs:                          7         0.74 %  of conflict
c propagations:             516298         8.36 M  per second
c reduced:                      21         2.22 %  per conflict
c restarts:                     91        10.41    interval
c subsumed:                    170         0.14 %  of all clauses
c strengthened:                  7         0.01 %  of all clauses
c trail reuses:                  0         0.00 %  of incremental calls
c 
c seconds are measured in process time for solving
c 
c --- [ resources ] ----------------------------------------------------------
c 
c total process time since initialization:         0.12    seconds
c total real time since initialization:            0.80    seconds
c maximum resident set size of process:           23.58    MB
c 
c --- [ shutting down ] ------------------------------------------------------
c 
c exit 20
