c --- [ banner ] -------------------------------------------------------------
c 
c CaDiCaL SAT Solver
c Copyright (c) 2016-2023 A. Biere, M. Fleury, N. Froleyks, K. Fazekas, F. Pollitt
c 
c Version 1.9.5 146207318796f094dcded87349a64f0c6927309e
c g++ (Ubuntu 13.3.0-6ubuntu2~24.04.1) 13.3.0 -Wall -Wextra -O3 -DNDEBUG
c Wed Sep 30 06:02:32 JST 2026 Linux ikutoPC 6.6.87.2-microsoft-standard-WSL2 x86_64
c 
c --- [ limit ] --------------------------------------------------------------
c 
c setting conflict limit to 1000000 conflicts (due to '1000000')
c 
c --- [ proof tracing ] ------------------------------------------------------
c 
c opening file to write '/tmp/conway99-exact-eight-0070-ZqZH7q/proof.drat'
c writing non-binary proof trace to '/tmp/conway99-exact-eight-0070-ZqZH7q/proof.drat'
c 
c --- [ parsing input ] ------------------------------------------------------
c 
c reading DIMACS file from '/mnt/c/Users/ikuto/projects/conway-99-graph/acceleration/results/20260930_exact_eight_next64_cnfs_part01/case_0070/instance.cnf'
c opening file to read '/mnt/c/Users/ikuto/projects/conway-99-graph/acceleration/results/20260930_exact_eight_next64_cnfs_part01/case_0070/instance.cnf'
c found 'p cnf 9748 167416' header
c parsed 167416 clauses in 0.06 seconds process time
c 
c --- [ options ] ------------------------------------------------------------
c 
c   --binary=false                 (different from default 'true')
c 
c --- [ solving ] ------------------------------------------------------------
c 
c time measured in process time since initialization
c 
c  seconds  reductions  redundant  irredundant
c         MB    restarts       trail      variables
c          level   conflicts       glue        remaining
c 
c *  0.06 17  0 0   0    0    0  0% 0 117490 6820 70%
c {  0.06 18  0 0   0    0    0  0% 0 117490 6820 70%
c i  0.07 18 52 0   0   39   37 52% 4 117490 6819 70%
c i  0.07 18 60 0   0   96   82 55% 4 117490 6817 70%
c -  0.08 19 31 1  17  303  242 54% 6 117264 6817 70%
c i  0.08 19 27 1  17  376  289 55% 5 117264 6816 70%
c i  0.09 19 28 1  39  555  433 54% 6 117264 6815 70%
c i  0.10 19 30 1  46  596  466 54% 6 117264 6719 69%
c i  0.10 19 30 1  56  647  502 54% 7 117264 6717 69%
c i  0.11 19 26 1  66  917  682 54% 6 117264 6716 69%
c i  0.11 19 26 1  69  936  700 54% 6 117264 6715 69%
c i  0.11 19 26 1  69  937  700 54% 6 117264 6714 69%
c i  0.11 19 26 1  69  938  700 54% 6 117264 6713 69%
c i  0.11 19 26 1  69  939  700 54% 6 117264 6712 69%
c i  0.11 19 26 1  69  940  700 54% 6 117264 6711 69%
c i  0.11 19 26 1  69  941  700 54% 6 117264 6710 69%
c i  0.11 19 26 1  69  942  700 54% 6 117264 6709 69%
c -  0.12 24 26 2  69  944  331 54% 6 112687 6709 69%
c i  0.12 24 25 2  69  971  352 54% 6 112687 6707 69%
c i  0.12 24 25 2  69  972  352 54% 6 112687 6647 68%
c 
c  seconds  reductions  redundant  irredundant
c         MB    restarts       trail      variables
c          level   conflicts       glue        remaining
c 
c }  0.12 24 26 2  69 1001  376 54% 6 112687 6647 68%
c [  0.12 24  0 2  69 1001  376  0% 0 112687 6647 68%
c O  0.12 24  2 2  69 1002  377 57% 2 112687 6647 68%
c i  0.13 24  8 2  69 1030  396 63% 3 112687 6615 68%
c i  0.13 24 20 2  69 1154  481 60% 11 112687 6588 68%
c i  0.16 24 22 2  69 1763  971 57% 10 112687 5850 60%
c i  0.16 24 22 2  69 1774  974 57% 10 112687 5849 60%
c ]  0.16 24 22 2  69 1777  974 57% 10 112687 5217 54%
c 0  0.16 24 22 2  69 1777  974 57% 10 112687 5217 54%
c 
c --- [ closing proof ] ------------------------------------------------------
c 
c DRAT proof file '/tmp/conway99-exact-eight-0070-ZqZH7q/proof.drat' closed
c DRAT 7797 added clauses 12.03%
c DRAT 57020 deleted clauses 87.97%
c DRAT 1751007 bytes (1.67 MB)
c 
c --- [ result ] -------------------------------------------------------------
c 
s UNSATISFIABLE
c 
c --- [ run-time profiling ] -------------------------------------------------
c 
c process time taken by individual solving procedures
c (percentage relative to process time for solving)
c 
c         0.10   99.27% search
c         0.06   60.82% parse
c         0.06   59.01% unstable
c         0.04   39.26% stable
c         0.00    0.97% lucky
c         0.00    0.00% simplify
c   =================================
c         0.10   61.88% solve
c 
c last line shows process time for solving
c (percentage relative to total process time)
c 
c --- [ statistics ] ---------------------------------------------------------
c 
c chronological:               848        47.72 %  of conflicts
c conflicts:                  1777     17422.59    per second
c decisions:                  6254     61317.33    per second
c fixed:                      4531        46.48 %  of all variables
c learned:                    1664        93.64 %  per conflict
c learned_lits:              89981       100.00 %  learned literals
c minimized:                     0         0.00 %  learned literals
c shrunken:                  47843        53.17 %  learned literals
c minishrunken:               8549         9.50 %  learned literals
c otfs:                         18         1.01 %  of conflict
c propagations:            1020232        10.00 M  per second
c reduced:                      11         0.62 %  per conflict
c rephased:                      1      1777.00    interval
c restarts:                     69        25.75    interval
c stabilizing:                   1        43.67 %  of conflicts
c subsumed:                    297         0.25 %  of all clauses
c strengthened:                 18         0.02 %  of all clauses
c trail reuses:                  0         0.00 %  of incremental calls
c 
c seconds are measured in process time for solving
c 
c --- [ resources ] ----------------------------------------------------------
c 
c total process time since initialization:         0.16    seconds
c total real time since initialization:            0.75    seconds
c maximum resident set size of process:           23.66    MB
c 
c --- [ shutting down ] ------------------------------------------------------
c 
c exit 20
