c --- [ banner ] -------------------------------------------------------------
c 
c CaDiCaL SAT Solver
c Copyright (c) 2016-2023 A. Biere, M. Fleury, N. Froleyks, K. Fazekas, F. Pollitt
c 
c Version 1.9.5 146207318796f094dcded87349a64f0c6927309e
c g++ (Ubuntu 13.3.0-6ubuntu2~24.04.1) 13.3.0 -Wall -Wextra -O3 -DNDEBUG
c Wed Sep 30 06:02:32 JST 2026 Linux ikutoPC 6.6.87.2-microsoft-standard-WSL2 x86_64
c 
c --- [ limit ] --------------------------------------------------------------
c 
c setting conflict limit to 1000000 conflicts (due to '1000000')
c 
c --- [ proof tracing ] ------------------------------------------------------
c 
c opening file to write '/tmp/conway99-exact-eight-0172-dZH5sg/proof.drat'
c writing non-binary proof trace to '/tmp/conway99-exact-eight-0172-dZH5sg/proof.drat'
c 
c --- [ parsing input ] ------------------------------------------------------
c 
c reading DIMACS file from '/mnt/c/Users/ikuto/projects/conway-99-graph/acceleration/results/20261001_exact_eight_prefix64_batch02_cnfs_part03/case_0172/instance.cnf'
c opening file to read '/mnt/c/Users/ikuto/projects/conway-99-graph/acceleration/results/20261001_exact_eight_prefix64_batch02_cnfs_part03/case_0172/instance.cnf'
c found 'p cnf 9748 167416' header
c parsed 167416 clauses in 0.07 seconds process time
c 
c --- [ options ] ------------------------------------------------------------
c 
c   --binary=false                 (different from default 'true')
c 
c --- [ solving ] ------------------------------------------------------------
c 
c time measured in process time since initialization
c 
c  seconds  reductions  redundant  irredundant
c         MB    restarts       trail      variables
c          level   conflicts       glue        remaining
c 
c *  0.07 17  0 0   0    0    0  0% 0 117462 6820 70%
c {  0.07 18  0 0   0    0    0  0% 0 117462 6820 70%
c -  0.09 19 70 1   6  307  267 59% 5 117342 6820 70%
c i  0.09 19 60 1  14  439  371 57% 5 117342 6819 70%
c i  0.11 19 45 1  51  702  589 57% 6 117342 6818 70%
c i  0.11 19 45 1  51  703  589 57% 6 117342 6817 70%
c i  0.11 19 43 1  53  759  636 57% 6 117342 6816 70%
c i  0.12 19 41 1  74  861  702 56% 6 117342 6732 69%
c i  0.12 19 39 1  82  921  749 56% 6 117342 6724 69%
c i  0.12 19 38 1  82  943  758 56% 6 117342 6723 69%
c -  0.13 24 38 2  82  948  610 56% 6 113054 6723 69%
c i  0.14 24 37 2  82  985  639 56% 6 113054 6722 69%
c i  0.14 24 36 2  82 1000  650 56% 6 113054 6721 69%
c }  0.14 24 36 2  82 1000  650 56% 6 113054 6721 69%
c [  0.14 24  0 2  82 1000  650  0% 0 113054 6721 69%
c O  0.14 24 175 2  82 1006  656 60% 8 113054 6721 69%
c i  0.15 24 25 2  82 1263  846 56% 10 113054 6674 68%
c i  0.15 24 20 2  82 1358  889 56% 9 113054 6646 68%
c -  0.19 24 28 3  82 1899  907 54% 11 110065 6646 68%
c i  0.20 24 25 3  83 2143 1074 54% 10 110065 5787 59%
c 
c  seconds  reductions  redundant   irredundant
c         MB    restarts       trail      variables
c          level   conflicts       glue        remaining
c 
c ]  0.21 22 25 3  83 2151  206 23% 10 80595 5119 53%
c 0  0.21 22 25 3  83 2151  206 23% 10 80595 5119 53%
c 
c --- [ closing proof ] ------------------------------------------------------
c 
c DRAT proof file '/tmp/conway99-exact-eight-0172-dZH5sg/proof.drat' closed
c DRAT 11765 added clauses 11.15%
c DRAT 93750 deleted clauses 88.85%
c DRAT 3237869 bytes (3.09 MB)
c 
c --- [ result ] -------------------------------------------------------------
c 
s UNSATISFIABLE
c 
c --- [ run-time profiling ] -------------------------------------------------
c 
c process time taken by individual solving procedures
c (percentage relative to process time for solving)
c 
c         0.14   99.60% search
c         0.07   51.38% stable
c         0.07   47.16% unstable
c         0.07   46.03% parse
c         0.00    1.02% lucky
c         0.00    0.00% simplify
c   =================================
c         0.14   68.21% solve
c 
c last line shows process time for solving
c (percentage relative to total process time)
c 
c --- [ statistics ] ---------------------------------------------------------
c 
c chronological:               979        45.51 %  of conflicts
c conflicts:                  2151     15001.26    per second
c decisions:                  7235     50457.50    per second
c fixed:                      4629        47.49 %  of all variables
c learned:                    2031        94.42 %  per conflict
c learned_lits:             120161       100.00 %  learned literals
c minimized:                     0         0.00 %  learned literals
c shrunken:                  55176        45.92 %  learned literals
c minishrunken:              16681        13.88 %  learned literals
c otfs:                         24         1.12 %  of conflict
c propagations:            1315224         9.17 M  per second
c reduced:                     181         8.41 %  per conflict
c rephased:                      1      2151.00    interval
c restarts:                     83        25.92    interval
c stabilizing:                   1        53.32 %  of conflicts
c subsumed:                    388         0.32 %  of all clauses
c strengthened:                 20         0.02 %  of all clauses
c trail reuses:                  0         0.00 %  of incremental calls
c 
c seconds are measured in process time for solving
c 
c --- [ resources ] ----------------------------------------------------------
c 
c total process time since initialization:         0.21    seconds
c total real time since initialization:            0.79    seconds
c maximum resident set size of process:           27.73    MB
c 
c --- [ shutting down ] ------------------------------------------------------
c 
c exit 20
