c --- [ banner ] -------------------------------------------------------------
c 
c CaDiCaL SAT Solver
c Copyright (c) 2016-2023 A. Biere, M. Fleury, N. Froleyks, K. Fazekas, F. Pollitt
c 
c Version 1.9.5 146207318796f094dcded87349a64f0c6927309e
c g++ (Ubuntu 13.3.0-6ubuntu2~24.04.1) 13.3.0 -Wall -Wextra -O3 -DNDEBUG
c Wed Sep 30 06:02:32 JST 2026 Linux ikutoPC 6.6.87.2-microsoft-standard-WSL2 x86_64
c 
c --- [ limit ] --------------------------------------------------------------
c 
c setting conflict limit to 1000000 conflicts (due to '1000000')
c 
c --- [ proof tracing ] ------------------------------------------------------
c 
c opening file to write '/tmp/conway99-six-profile-rank4_00_profile_0039-P73wJB/proof.drat'
c writing non-binary proof trace to '/tmp/conway99-six-profile-rank4_00_profile_0039-P73wJB/proof.drat'
c 
c --- [ parsing input ] ------------------------------------------------------
c 
c reading DIMACS file from '/mnt/c/Users/ikuto/projects/conway-99-graph/acceleration/results/20260930_hadamard_six_remaining_cnfs/run01/rank4_00_profile_0039/instance.cnf'
c opening file to read '/mnt/c/Users/ikuto/projects/conway-99-graph/acceleration/results/20260930_hadamard_six_remaining_cnfs/run01/rank4_00_profile_0039/instance.cnf'
c found 'p cnf 10048 174766' header
c parsed 174766 clauses in 0.08 seconds process time
c 
c --- [ options ] ------------------------------------------------------------
c 
c   --binary=false                 (different from default 'true')
c 
c --- [ solving ] ------------------------------------------------------------
c 
c time measured in process time since initialization
c 
c  seconds  reductions  redundant  irredundant
c         MB    restarts       trail      variables
c          level   conflicts       glue        remaining
c 
c *  0.08 18  0 0   0    0    0  0% 0 125017 7152 71%
c {  0.08 19  0 0   0    0    0  0% 0 125017 7152 71%
c -  0.10 20 21 1  17  315  219 55% 6 124753 7152 71%
c i  0.10 20 21 1  20  335  230 54% 6 124753 7151 71%
c i  0.10 20 21 1  20  336  230 54% 6 124753 7149 71%
c i  0.11 20 20 1  28  392  265 54% 6 124753 7148 71%
c i  0.11 20 21 1  28  412  282 54% 6 124753 7147 71%
c i  0.11 20 21 1  28  417  286 54% 6 124753 7145 71%
c i  0.11 20 22 1  31  454  319 54% 6 124753 7144 71%
c i  0.11 20 22 1  31  455  319 54% 6 124753 7143 71%
c i  0.11 20 21 1  31  549  395 54% 6 124753 7140 71%
c i  0.12 20 18 1  46  794  560 54% 6 124753 7138 71%
c i  0.12 20 18 1  46  798  563 53% 6 124753 7136 71%
c i  0.12 20 20 1  49  826  590 53% 6 124753 7135 71%
c i  0.13 20 20 1  49  827  590 53% 6 124753 7133 71%
c i  0.13 20 20 1  49  850  610 53% 6 124753 7129 71%
c i  0.13 20 20 1  49  881  636 53% 6 124753 7127 71%
c -  0.14 25 21 2  49  972  653 53% 6 124035 7127 71%
c }  0.14 25 21 2  55 1001  678 53% 6 124035 7127 71%
c [  0.14 25  0 2  55 1001  678  0% 0 124035 7127 71%
c 
c  seconds  reductions  redundant  irredundant
c         MB    restarts       trail      variables
c          level   conflicts       glue        remaining
c 
c O  0.14 25  2 2  55 1002  679 57% 2 124035 7127 71%
c i  0.15 25  5 2  55 1026  691 56% 2 124035 7125 71%
c i  0.15 25 11 2  55 1066  718 55% 5 124035 7124 71%
c i  0.15 25 35 2  55 1208  838 50% 14 124035 7119 71%
c -  0.20 26 41 3  55 1960 1268 53% 16 123877 7119 71%
c i  0.23 26 34 3  56 2426 1629 53% 14 123877 5942 59%
c i  0.25 23 33 3  56 2430  430 26% 14 88307 5940 59%
c i  0.25 23 33 3  56 2432  431 23% 14 88307 5936 59%
c ]  0.25 23 33 3  56 2451  442 25% 14 88307 5018 50%
c 0  0.25 23 33 3  56 2451  442 25% 14 88307 5018 50%
c 
c --- [ closing proof ] ------------------------------------------------------
c 
c DRAT proof file '/tmp/conway99-six-profile-rank4_00_profile_0039-P73wJB/proof.drat' closed
c DRAT 11493 added clauses 11.05%
c DRAT 92479 deleted clauses 88.95%
c DRAT 3284852 bytes (3.13 MB)
c 
c --- [ result ] -------------------------------------------------------------
c 
s UNSATISFIABLE
c 
c --- [ run-time profiling ] -------------------------------------------------
c 
c process time taken by individual solving procedures
c (percentage relative to process time for solving)
c 
c         0.17   99.65% search
c         0.10   61.94% stable
c         0.08   46.83% parse
c         0.06   36.77% unstable
c         0.00    0.92% lucky
c         0.00    0.00% simplify
c   =================================
c         0.17   67.90% solve
c 
c last line shows process time for solving
c (percentage relative to total process time)
c 
c --- [ statistics ] ---------------------------------------------------------
c 
c chronological:              1010        41.21 %  of conflicts
c conflicts:                  2451     14565.18    per second
c decisions:                  6648     39506.06    per second
c fixed:                      5030        50.06 %  of all variables
c learned:                    2209        90.13 %  per conflict
c learned_lits:             159445       100.00 %  learned literals
c minimized:                     0         0.00 %  learned literals
c shrunken:                  55448        34.78 %  learned literals
c minishrunken:              23536        14.76 %  learned literals
c otfs:                         38         1.55 %  of conflict
c propagations:            1504309         8.94 M  per second
c reduced:                     182         7.43 %  per conflict
c rephased:                      1      2451.00    interval
c restarts:                     56        43.77    interval
c stabilizing:                   1        59.12 %  of conflicts
c subsumed:                    303         0.24 %  of all clauses
c strengthened:                 37         0.03 %  of all clauses
c trail reuses:                  0         0.00 %  of incremental calls
c 
c seconds are measured in process time for solving
c 
c --- [ resources ] ----------------------------------------------------------
c 
c total process time since initialization:         0.25    seconds
c total real time since initialization:            0.93    seconds
c maximum resident set size of process:           30.32    MB
c 
c --- [ shutting down ] ------------------------------------------------------
c 
c exit 20
