c --- [ banner ] -------------------------------------------------------------
c 
c CaDiCaL SAT Solver
c Copyright (c) 2016-2023 A. Biere, M. Fleury, N. Froleyks, K. Fazekas, F. Pollitt
c 
c Version 1.9.5 146207318796f094dcded87349a64f0c6927309e
c g++ (Ubuntu 13.3.0-6ubuntu2~24.04.1) 13.3.0 -Wall -Wextra -O3 -DNDEBUG
c Wed Sep 30 06:02:32 JST 2026 Linux ikutoPC 6.6.87.2-microsoft-standard-WSL2 x86_64
c 
c --- [ limit ] --------------------------------------------------------------
c 
c setting conflict limit to 1000000 conflicts (due to '1000000')
c 
c --- [ proof tracing ] ------------------------------------------------------
c 
c opening file to write '/tmp/conway99-seven-profile-rank5_49_profile_0000-LfxZWe/proof.drat'
c writing non-binary proof trace to '/tmp/conway99-seven-profile-rank5_49_profile_0000-LfxZWe/proof.drat'
c 
c --- [ parsing input ] ------------------------------------------------------
c 
c reading DIMACS file from '/mnt/c/Users/ikuto/projects/conway-99-graph/acceleration/results/20260930_hadamard_seven_remaining_cnfs/run02/rank5_49_profile_0000/instance.cnf'
c opening file to read '/mnt/c/Users/ikuto/projects/conway-99-graph/acceleration/results/20260930_hadamard_seven_remaining_cnfs/run02/rank5_49_profile_0000/instance.cnf'
c found 'p cnf 9880 170650' header
c parsed 170650 clauses in 0.06 seconds process time
c 
c --- [ options ] ------------------------------------------------------------
c 
c   --binary=false                 (different from default 'true')
c 
c --- [ solving ] ------------------------------------------------------------
c 
c time measured in process time since initialization
c 
c  seconds  reductions  redundant  irredundant
c         MB    restarts       trail      variables
c          level   conflicts       glue        remaining
c 
c *  0.06 18  0 0   0    0    0  0% 0 120722 6954 70%
c {  0.06 18  0 0   0    0    0  0% 0 120722 6954 70%
c i  0.06 18  0 0   0    1    0 31% 0 120722 6877 70%
c i  0.07 19 15 0   0  129  105 49% 6 120722 6876 70%
c i  0.07 19 19 0   0  174  136 49% 6 120722 6804 69%
c i  0.07 19 19 0   0  186  140 48% 6 120722 6803 69%
c i  0.07 19 19 0   0  188  140 48% 6 120722 6802 69%
c i  0.07 19 19 0   0  191  142 48% 6 120722 6800 69%
c i  0.07 19 18 0   0  206  147 48% 6 120722 6799 69%
c i  0.07 19 17 0   0  262  180 49% 5 120722 6773 69%
c -  0.08 19 17 1   0  301  120 48% 5 113025 6773 69%
c i  0.08 19 19 1   3  366  153 49% 6 113025 6772 69%
c i  0.08 19 19 1   3  369  155 49% 6 113025 6768 69%
c i  0.08 19 19 1   9  395  168 48% 6 113025 6767 68%
c i  0.08 19 19 1   9  396  168 48% 6 113025 6712 68%
c i  0.08 19 19 1   9  406  172 48% 6 113025 6629 67%
c i  0.08 19 19 1  10  411  174 48% 6 113025 6628 67%
c i  0.08 19 19 1  11  413  175 48% 6 113025 6627 67%
c i  0.08 19 19 1  11  416  176 48% 6 113025 6626 67%
c }  0.09 19 18 1  15  443  197 48% 6 113025 5087 51%
c 
c  seconds  reductions  redundant  irredundant
c         MB    restarts       trail      variables
c          level   conflicts       glue        remaining
c 
c 0  0.09 19 18 1  15  443  197 48% 6 113025 5087 51%
c 
c --- [ closing proof ] ------------------------------------------------------
c 
c DRAT proof file '/tmp/conway99-seven-profile-rank5_49_profile_0000-LfxZWe/proof.drat' closed
c DRAT 6947 added clauses 10.44%
c DRAT 59581 deleted clauses 89.56%
c DRAT 1703967 bytes (1.63 MB)
c 
c --- [ result ] -------------------------------------------------------------
c 
s UNSATISFIABLE
c 
c --- [ run-time profiling ] -------------------------------------------------
c 
c process time taken by individual solving procedures
c (percentage relative to process time for solving)
c 
c         0.06  261.60% parse
c         0.02   96.71% search
c         0.02   92.91% unstable
c         0.00    3.68% lucky
c         0.00    0.00% simplify
c   =================================
c         0.02   27.40% solve
c 
c last line shows process time for solving
c (percentage relative to total process time)
c 
c --- [ statistics ] ---------------------------------------------------------
c 
c chronological:               213        48.08 %  of conflicts
c conflicts:                   443     18783.12    per second
c decisions:                  1319     55925.38    per second
c fixed:                      4793        48.51 %  of all variables
c learned:                     346        78.10 %  per conflict
c learned_lits:              15510       100.00 %  learned literals
c minimized:                     0         0.00 %  learned literals
c shrunken:                   5704        36.78 %  learned literals
c minishrunken:                721         4.65 %  learned literals
c otfs:                         11         2.48 %  of conflict
c propagations:             214770         9.11 M  per second
c restarts:                     15        29.53    interval
c subsumed:                     49         0.04 %  of all clauses
c strengthened:                 10         0.01 %  of all clauses
c trail reuses:                  0         0.00 %  of incremental calls
c 
c seconds are measured in process time for solving
c 
c --- [ resources ] ----------------------------------------------------------
c 
c total process time since initialization:         0.09    seconds
c total real time since initialization:            0.76    seconds
c maximum resident set size of process:           19.95    MB
c 
c --- [ shutting down ] ------------------------------------------------------
c 
c exit 20
