c --- [ banner ] -------------------------------------------------------------
c 
c CaDiCaL SAT Solver
c Copyright (c) 2016-2023 A. Biere, M. Fleury, N. Froleyks, K. Fazekas, F. Pollitt
c 
c Version 1.9.5 146207318796f094dcded87349a64f0c6927309e
c g++ (Ubuntu 13.3.0-6ubuntu2~24.04.1) 13.3.0 -Wall -Wextra -O3 -DNDEBUG
c Wed Sep 30 06:02:32 JST 2026 Linux ikutoPC 6.6.87.2-microsoft-standard-WSL2 x86_64
c 
c --- [ limit ] --------------------------------------------------------------
c 
c setting conflict limit to 1000000 conflicts (due to '1000000')
c 
c --- [ proof tracing ] ------------------------------------------------------
c 
c opening file to write '/tmp/conway99-exact-eight-0144-H9fSsX/proof.drat'
c writing non-binary proof trace to '/tmp/conway99-exact-eight-0144-H9fSsX/proof.drat'
c 
c --- [ parsing input ] ------------------------------------------------------
c 
c reading DIMACS file from '/mnt/c/Users/ikuto/projects/conway-99-graph/acceleration/results/20261001_exact_eight_prefix64_batch02_cnfs_part02/case_0144/instance.cnf'
c opening file to read '/mnt/c/Users/ikuto/projects/conway-99-graph/acceleration/results/20261001_exact_eight_prefix64_batch02_cnfs_part02/case_0144/instance.cnf'
c found 'p cnf 9748 167416' header
c parsed 167416 clauses in 0.06 seconds process time
c 
c --- [ options ] ------------------------------------------------------------
c 
c   --binary=false                 (different from default 'true')
c 
c --- [ solving ] ------------------------------------------------------------
c 
c time measured in process time since initialization
c 
c  seconds  reductions  redundant  irredundant
c         MB    restarts       trail      variables
c          level   conflicts       glue        remaining
c 
c *  0.06 17  0 0   0    0    0  0% 0 117462 6820 70%
c {  0.06 17  0 0   0    0    0  0% 0 117462 6820 70%
c i  0.07 18 25 0   2  124   70 46% 6 117462 6819 70%
c i  0.07 18 21 0   2  157   95 47% 6 117462 6818 70%
c i  0.07 18 25 0   8  186  119 48% 7 117462 6817 70%
c i  0.07 18 25 0   8  187  119 48% 7 117462 6816 70%
c i  0.07 18 26 0  10  216  143 48% 6 117462 6815 70%
c i  0.07 18 26 0  10  217  143 48% 6 117462 6813 70%
c i  0.07 18 26 0  11  220  145 48% 6 117462 6812 70%
c i  0.07 18 25 0  12  231  153 48% 6 117462 6811 70%
c i  0.07 18 24 0  12  235  156 48% 6 117462 6810 70%
c i  0.07 18 24 0  12  277  174 49% 6 117462 6809 70%
c -  0.08 18 24 1  15  300  190 49% 6 116850 6809 70%
c i  0.08 18 23 1  16  315  194 49% 6 116850 6808 70%
c i  0.09 18 28 1  35  553  387 51% 6 116850 6807 70%
c i  0.09 18 27 1  36  610  421 51% 6 116850 6806 70%
c i  0.09 18 28 1  39  679  468 51% 6 116850 6751 69%
c i  0.10 18 27 1  51  784  542 51% 6 116850 6718 69%
c i  0.10 18 27 1  51  789  546 51% 6 116850 6674 68%
c i  0.10 18 27 1  58  822  573 51% 7 116850 6605 68%
c 
c  seconds  reductions  redundant  irredundant
c         MB    restarts       trail      variables
c          level   conflicts       glue        remaining
c 
c i  0.10 18 26 1  58  826  576 51% 6 116850 6604 68%
c i  0.10 18 26 1  58  840  587 51% 6 116850 6603 68%
c -  0.11 23 25 2  58  941  412 52% 6 109819 6603 68%
c }  0.11 23 25 2  58 1000  458 52% 6 109819 6603 68%
c [  0.11 23  0 2  58 1000  458  0% 0 109819 6603 68%
c O  0.12 23  6 2  58 1002  460 58% 3 109819 6603 68%
c i  0.12 23  3 2  58 1016  471 50% 2 109819 6601 68%
c i  0.13 23 39 2  58 1337  732 54% 10 109819 6600 68%
c i  0.13 23 38 2  58 1347  737 54% 10 109819 6597 68%
c i  0.13 23 37 2  58 1358  741 54% 10 109819 5769 59%
c i  0.13 23 36 2  58 1370  751 54% 10 109819 5768 59%
c i  0.13 23 36 2  58 1377  756 54% 10 109819 5767 59%
c ]  0.13 23 35 2  58 1382  757 54% 9 109819 4852 50%
c 0  0.13 23 35 2  58 1382  757 54% 9 109819 4852 50%
c 
c --- [ closing proof ] ------------------------------------------------------
c 
c DRAT proof file '/tmp/conway99-exact-eight-0144-H9fSsX/proof.drat' closed
c DRAT 7749 added clauses 11.49%
c DRAT 59692 deleted clauses 88.51%
c DRAT 1751778 bytes (1.67 MB)
c 
c --- [ result ] -------------------------------------------------------------
c 
s UNSATISFIABLE
c 
c --- [ run-time profiling ] -------------------------------------------------
c 
c process time taken by individual solving procedures
c (percentage relative to process time for solving)
c 
c         0.07   99.07% search
c         0.06   84.45% parse
c         0.05   73.44% unstable
c         0.02   23.88% stable
c         0.00    1.71% lucky
c         0.00    0.00% simplify
c   =================================
c         0.07   53.95% solve
c 
c last line shows process time for solving
c (percentage relative to total process time)
c 
c --- [ statistics ] ---------------------------------------------------------
c 
c chronological:               634        45.88 %  of conflicts
c conflicts:                  1382     19339.76    per second
c decisions:                  4734     66247.78    per second
c fixed:                      4896        50.23 %  of all variables
c learned:                    1173        84.88 %  per conflict
c learned_lits:              67253       100.00 %  learned literals
c minimized:                     0         0.00 %  learned literals
c shrunken:                  28588        42.51 %  learned literals
c minishrunken:               8705        12.94 %  learned literals
c otfs:                         20         1.45 %  of conflict
c propagations:             694481         9.72 M  per second
c reduced:                      39         2.82 %  per conflict
c rephased:                      1      1382.00    interval
c restarts:                     58        23.83    interval
c stabilizing:                   1        27.64 %  of conflicts
c subsumed:                    127         0.11 %  of all clauses
c strengthened:                 20         0.02 %  of all clauses
c trail reuses:                  0         0.00 %  of incremental calls
c 
c seconds are measured in process time for solving
c 
c --- [ resources ] ----------------------------------------------------------
c 
c total process time since initialization:         0.13    seconds
c total real time since initialization:            0.78    seconds
c maximum resident set size of process:           22.89    MB
c 
c --- [ shutting down ] ------------------------------------------------------
c 
c exit 20
