c --- [ banner ] -------------------------------------------------------------
c 
c CaDiCaL SAT Solver
c Copyright (c) 2016-2023 A. Biere, M. Fleury, N. Froleyks, K. Fazekas, F. Pollitt
c 
c Version 1.9.5 146207318796f094dcded87349a64f0c6927309e
c g++ (Ubuntu 13.3.0-6ubuntu2~24.04.1) 13.3.0 -Wall -Wextra -O3 -DNDEBUG
c Wed Sep 30 06:02:32 JST 2026 Linux ikutoPC 6.6.87.2-microsoft-standard-WSL2 x86_64
c 
c --- [ limit ] --------------------------------------------------------------
c 
c setting conflict limit to 1000000 conflicts (due to '1000000')
c 
c --- [ proof tracing ] ------------------------------------------------------
c 
c opening file to write '/tmp/conway99-exact-eight-0104-FlPNrT/proof.drat'
c writing non-binary proof trace to '/tmp/conway99-exact-eight-0104-FlPNrT/proof.drat'
c 
c --- [ parsing input ] ------------------------------------------------------
c 
c reading DIMACS file from '/mnt/c/Users/ikuto/projects/conway-99-graph/acceleration/results/20260930_exact_eight_next64_cnfs_part03/case_0104/instance.cnf'
c opening file to read '/mnt/c/Users/ikuto/projects/conway-99-graph/acceleration/results/20260930_exact_eight_next64_cnfs_part03/case_0104/instance.cnf'
c found 'p cnf 9748 167416' header
c parsed 167416 clauses in 0.06 seconds process time
c 
c --- [ options ] ------------------------------------------------------------
c 
c   --binary=false                 (different from default 'true')
c 
c --- [ solving ] ------------------------------------------------------------
c 
c time measured in process time since initialization
c 
c  seconds  reductions  redundant  irredundant
c         MB    restarts       trail      variables
c          level   conflicts       glue        remaining
c 
c *  0.06 17  0 0   0    0    0  0% 0 117462 6820 70%
c {  0.06 18  0 0   0    0    0  0% 0 117462 6820 70%
c i  0.07 19 19 0  17  294  222 53% 6 117462 6819 70%
c -  0.07 19 19 1  17  301  212 53% 6 117295 6819 70%
c i  0.08 19 17 1  17  465  352 53% 5 117295 6811 70%
c -  0.11 24 16 2  83  943  608 52% 6 117101 6811 70%
c }  0.11 24 16 2  95 1003  654 52% 7 117101 6811 70%
c [  0.11 24  0 2  95 1003  654  0% 0 117101 6811 70%
c O  0.11 24  2 2  95 1004  655 57% 2 117101 6811 70%
c i  0.12 24 15 2  95 1129  742 58% 6 117101 6809 70%
c -  0.16 24 33 3  95 1906 1117 52% 14 117052 6809 70%
c ]  0.22 24 34 3  96 3004 2028 52% 15 117052 6809 70%
c {  0.22 24 16 3  96 3004 2028 52% 7 117052 6809 70%
c F  0.23 23 16 3  97 3005 2029 22% 7 117052 6809 70%
c -  0.24 24 16 4 104 3188 1722 31% 6 117052 6809 70%
c i  0.24 24 16 4 104 3259 1763 32% 6 117052 6808 70%
c i  0.25 24 16 4 112 3398 1841 30% 6 117052 6807 70%
c i  0.25 24 18 4 121 3482 1918 30% 6 117052 6769 69%
c i  0.25 24 17 4 124 3514 1939 30% 6 117052 6749 69%
c i  0.25 24 17 4 124 3530 1947 31% 6 117052 6748 69%
c 
c  seconds  reductions  redundant  irredundant
c         MB    restarts       trail      variables
c          level   conflicts       glue        remaining
c 
c i  0.26 24 17 4 124 3602 2007 31% 6 117052 6747 69%
c i  0.26 24 16 4 145 3800 2131 31% 6 117052 6746 69%
c i  0.26 24 16 4 145 3812 2138 31% 6 117052 6745 69%
c i  0.29 24 17 4 211 4320 2470 31% 7 117052 6744 69%
c i  0.29 24 17 4 213 4434 2561 31% 7 117052 6743 69%
c i  0.29 24 17 4 229 4578 2677 31% 7 117052 6742 69%
c i  0.30 24 17 4 238 4625 2710 31% 7 117052 6741 69%
c i  0.30 24 17 4 238 4676 2739 31% 7 117052 6740 69%
c i  0.30 24 16 4 238 4701 2759 31% 7 117052 6739 69%
c -  0.31 24 17 5 238 4793 1357 31% 7 114124 6739 69%
c i  0.32 24 17 5 258 4981 1477 31% 7 114124 6738 69%
c d  0.32 24 17 5 258 5003 1463 31% 7 113873 6636 68%
c d  0.32 24 17 5 258 5003 1463 31% 7 113871 6635 68%
c p  0.39 25 17 5 258 5003 80914 31% 7 113871 6355 65%
c d  0.40 26 17 5 258 5003 75981 31% 7 102475 6346 65%
c d  0.40 26 17 5 258 5003 75979 31% 7 102061 6138 63%
c i  0.40 26 17 5 258 5032 75989 31% 7 102061 6137 63%
c i  0.41 26 17 5 265 5190 76096 30% 7 102061 6136 63%
c i  0.41 26 17 5 272 5233 76120 31% 7 102061 6135 63%
c i  0.41 26 16 5 272 5252 76130 31% 7 102061 6134 63%
c 
c  seconds  reductions   redundant  irredundant
c         MB    restarts        trail      variables
c          level   conflicts        glue        remaining
c 
c i  0.41 26 17 5 287 5350 76208 31% 7 102061 6133 63%
c i  0.42 26 17 5 287 5472 76313 31% 7 102061 6132 63%
c i  0.42 26 17 5 287 5505 76337 31% 7 102061 6131 63%
c i  0.42 26 17 5 287 5509 76339 31% 7 102061 6130 63%
c i  0.42 26 16 5 289 5542 76364 31% 7 102061 6129 63%
c i  0.42 26 16 5 289 5543 76364 31% 7 102061 6128 63%
c i  0.42 26 17 5 292 5600 76394 31% 7 102061 6127 63%
c i  0.43 26 17 5 300 5701 76465 31% 7 102061 6126 63%
c i  0.43 26 17 5 308 5738 76490 31% 7 102061 6125 63%
c i  0.43 26 17 5 309 5753 76491 31% 7 102061 6124 63%
c i  0.43 26 17 5 309 5755 76491 31% 7 102061 6123 63%
c i  0.43 26 17 5 328 5886 76601 30% 7 102061 6122 63%
c i  0.44 26 17 5 328 5942 76643 30% 7 102061 6121 63%
c i  0.44 26 17 5 328 5955 76650 30% 7 102061 6060 62%
c i  0.44 26 17 5 328 5956 76650 30% 7 102061 6059 62%
c #  0.44 26 17 5 328 6006 76688 30% 7 102061 6059 62%
c i  0.44 26 17 5 328 6006 76688 30% 7 102061 6058 62%
c i  0.44 26 17 5 328 6089 76742 30% 7 102061 6057 62%
c }  0.44 26 17 5 328 6093 76744 30% 7 102061 5332 55%
c 0  0.44 26 17 5 328 6093 76744 30% 7 102061 5332 55%
c 
c --- [ closing proof ] ------------------------------------------------------
c 
c DRAT proof file '/tmp/conway99-exact-eight-0104-FlPNrT/proof.drat' closed
c DRAT 96267 added clauses 60.64%
c DRAT 62488 deleted clauses 39.36%
c DRAT 4575272 bytes (4.36 MB)
c 
c --- [ result ] -------------------------------------------------------------
c 
s UNSATISFIABLE
c 
c --- [ run-time profiling ] -------------------------------------------------
c 
c process time taken by individual solving procedures
c (percentage relative to process time for solving)
c 
c         0.31   78.64% search
c         0.20   50.66% unstable
c         0.11   27.65% stable
c         0.08   21.05% simplify
c         0.06   15.21% probe
c         0.06   14.41% parse
c         0.01    1.70% ternary
c         0.00    0.32% lucky
c   =================================
c         0.39   87.29% solve
c 
c last line shows process time for solving
c (percentage relative to total process time)
c 
c --- [ statistics ] ---------------------------------------------------------
c 
c chronological:              2386        39.16 %  of conflicts
c conflicts:                  6093     15697.98    per second
c decisions:                 17343     44682.45    per second
c fixed:                      4096        42.02 %  of all variables
c learned:                    5703        93.60 %  per conflict
c learned_lits:             332892       100.00 %  learned literals
c minimized:                     0         0.00 %  learned literals
c shrunken:                 159908        48.04 %  learned literals
c minishrunken:              42248        12.69 %  learned literals
c otfs:                         44         0.72 %  of conflict
c propagations:            4379194        11.28 M  per second
c reduced:                    1247        20.47 %  per conflict
c rephased:                      3      2031.00    interval
c restarts:                    328        18.58    interval
c stabilizing:                   1        32.84 %  of conflicts
c substituted:                 320         3.28 %  of all variables
c subsumed:                   1141         0.56 %  of all clauses
c strengthened:                 44         0.02 %  of all clauses
c ternary:                       3         0.04 %  of resolved
c trail reuses:                  0         0.00 %  of incremental calls
c weakened:                    640         2.00    average size
c 
c seconds are measured in process time for solving
c 
c --- [ resources ] ----------------------------------------------------------
c 
c total process time since initialization:         0.44    seconds
c total real time since initialization:            1.08    seconds
c maximum resident set size of process:           28.11    MB
c 
c --- [ shutting down ] ------------------------------------------------------
c 
c exit 20
