c --- [ banner ] -------------------------------------------------------------
c 
c CaDiCaL SAT Solver
c Copyright (c) 2016-2023 A. Biere, M. Fleury, N. Froleyks, K. Fazekas, F. Pollitt
c 
c Version 1.9.5 146207318796f094dcded87349a64f0c6927309e
c g++ (Ubuntu 13.3.0-6ubuntu2~24.04.1) 13.3.0 -Wall -Wextra -O3 -DNDEBUG
c Wed Sep 30 06:02:32 JST 2026 Linux ikutoPC 6.6.87.2-microsoft-standard-WSL2 x86_64
c 
c --- [ limit ] --------------------------------------------------------------
c 
c setting conflict limit to 1000000 conflicts (due to '1000000')
c 
c --- [ proof tracing ] ------------------------------------------------------
c 
c opening file to write '/tmp/conway99-exact-eight-0193-vl8IE0/proof.drat'
c writing non-binary proof trace to '/tmp/conway99-exact-eight-0193-vl8IE0/proof.drat'
c 
c --- [ parsing input ] ------------------------------------------------------
c 
c reading DIMACS file from '/mnt/c/Users/ikuto/projects/conway-99-graph/acceleration/results/20260930_exact_eight_sizeclass16_cnfs/case_0193/instance.cnf'
c opening file to read '/mnt/c/Users/ikuto/projects/conway-99-graph/acceleration/results/20260930_exact_eight_sizeclass16_cnfs/case_0193/instance.cnf'
c found 'p cnf 9560 162810' header
c parsed 162810 clauses in 0.06 seconds process time
c 
c --- [ options ] ------------------------------------------------------------
c 
c   --binary=false                 (different from default 'true')
c 
c --- [ solving ] ------------------------------------------------------------
c 
c time measured in process time since initialization
c 
c  seconds  reductions  redundant  irredundant
c         MB    restarts       trail      variables
c          level   conflicts       glue        remaining
c 
c *  0.06 17  0 0   0    0    0  0% 0 112594 6580 69%
c {  0.06 17  0 0   0    0    0  0% 0 112594 6580 69%
c i  0.06 17  1 0   0    3    2 33% 1 112594 6564 69%
c i  0.06 17  3 0   0   16   14 40% 1 112594 6531 68%
c i  0.06 17  3 0   0   17   14 40% 1 112594 6530 68%
c i  0.06 17  3 0   0   18   14 40% 1 112594 6529 68%
c i  0.06 17  3 0   0   19   14 41% 1 112594 6527 68%
c i  0.06 17 11 0   0   26   19 43% 1 112594 6524 68%
c i  0.06 17 12 0   0   28   20 43% 2 112594 6519 68%
c i  0.06 17 10 0   3   45   34 46% 2 112594 6518 68%
c i  0.06 17 13 0   3   61   40 47% 2 112594 6512 68%
c i  0.06 17 12 0   3   66   44 47% 2 112594 6511 68%
c i  0.06 17 12 0   3   67   44 47% 2 112594 6509 68%
c i  0.06 17 12 0   3   68   44 47% 2 112594 6504 68%
c i  0.06 17 12 0   3   70   45 47% 2 112594 6503 68%
c i  0.06 17 12 0   3   71   45 47% 2 112594 6496 68%
c i  0.06 17 14 0   4   88   61 50% 2 112594 6492 68%
c i  0.07 18 18 0  26  183  136 51% 5 112594 6479 68%
c i  0.07 18 18 0  27  184  136 51% 5 112594 6429 67%
c i  0.07 18 18 0  27  185  136 51% 5 112594 6365 67%
c 
c  seconds  reductions  redundant  irredundant
c         MB    restarts       trail      variables
c          level   conflicts       glue        remaining
c 
c i  0.07 18 17 0  28  208  152 51% 5 112594 6360 67%
c i  0.07 18 16 0  28  213  150 51% 5 112594 5729 60%
c i  0.07 18 16 0  28  215  151 51% 5 112594 5728 60%
c i  0.07 18 16 0  28  221  156 51% 5 112594 5726 60%
c }  0.07 18 14 0  28  265  187 53% 4 112594 4390 46%
c 0  0.07 18 14 0  28  265  187 53% 4 112594 4390 46%
c 
c --- [ closing proof ] ------------------------------------------------------
c 
c DRAT proof file '/tmp/conway99-exact-eight-0193-vl8IE0/proof.drat' closed
c DRAT 6182 added clauses 10.80%
c DRAT 51040 deleted clauses 89.20%
c DRAT 1302605 bytes (1.24 MB)
c 
c --- [ result ] -------------------------------------------------------------
c 
s UNSATISFIABLE
c 
c --- [ run-time profiling ] -------------------------------------------------
c 
c process time taken by individual solving procedures
c (percentage relative to process time for solving)
c 
c         0.06  423.01% parse
c         0.01   94.75% search
c         0.01   88.91% unstable
c         0.00    5.62% lucky
c         0.00    0.00% simplify
c   =================================
c         0.01   18.94% solve
c 
c last line shows process time for solving
c (percentage relative to total process time)
c 
c --- [ statistics ] ---------------------------------------------------------
c 
c chronological:               140        52.83 %  of conflicts
c conflicts:                   265     19734.88    per second
c decisions:                  1189     88546.32    per second
c fixed:                      5170        54.08 %  of all variables
c learned:                     244        92.08 %  per conflict
c learned_lits:               9583       100.00 %  learned literals
c minimized:                     0         0.00 %  learned literals
c shrunken:                   6100        63.65 %  learned literals
c minishrunken:                218         2.27 %  learned literals
c otfs:                          4         1.51 %  of conflict
c propagations:             151174        11.26 M  per second
c restarts:                     28         9.46    interval
c subsumed:                     34         0.03 %  of all clauses
c strengthened:                  3         0.00 %  of all clauses
c trail reuses:                  0         0.00 %  of incremental calls
c 
c seconds are measured in process time for solving
c 
c --- [ resources ] ----------------------------------------------------------
c 
c total process time since initialization:         0.07    seconds
c total real time since initialization:            0.75    seconds
c maximum resident set size of process:           17.83    MB
c 
c --- [ shutting down ] ------------------------------------------------------
c 
c exit 20
