c --- [ banner ] -------------------------------------------------------------
c 
c CaDiCaL SAT Solver
c Copyright (c) 2016-2023 A. Biere, M. Fleury, N. Froleyks, K. Fazekas, F. Pollitt
c 
c Version 1.9.5 146207318796f094dcded87349a64f0c6927309e
c g++ (Ubuntu 13.3.0-6ubuntu2~24.04.1) 13.3.0 -Wall -Wextra -O3 -DNDEBUG
c Wed Sep 30 06:02:32 JST 2026 Linux ikutoPC 6.6.87.2-microsoft-standard-WSL2 x86_64
c 
c --- [ limit ] --------------------------------------------------------------
c 
c setting conflict limit to 1000000 conflicts (due to '1000000')
c 
c --- [ proof tracing ] ------------------------------------------------------
c 
c opening file to write '/tmp/conway99-seven-profile-rank5_136_profile_0005-svK4TD/proof.drat'
c writing non-binary proof trace to '/tmp/conway99-seven-profile-rank5_136_profile_0005-svK4TD/proof.drat'
c 
c --- [ parsing input ] ------------------------------------------------------
c 
c reading DIMACS file from '/mnt/c/Users/ikuto/projects/conway-99-graph/acceleration/results/20260930_hadamard_seven_remaining_cnfs/run01/rank5_136_profile_0005/instance.cnf'
c opening file to read '/mnt/c/Users/ikuto/projects/conway-99-graph/acceleration/results/20260930_hadamard_seven_remaining_cnfs/run01/rank5_136_profile_0005/instance.cnf'
c found 'p cnf 9880 170650' header
c parsed 170650 clauses in 0.07 seconds process time
c 
c --- [ options ] ------------------------------------------------------------
c 
c   --binary=false                 (different from default 'true')
c 
c --- [ solving ] ------------------------------------------------------------
c 
c time measured in process time since initialization
c 
c  seconds  reductions  redundant  irredundant
c         MB    restarts       trail      variables
c          level   conflicts       glue        remaining
c 
c *  0.07 18  0 0   0    0    0  0% 0 120722 6954 70%
c {  0.07 18  0 0   0    0    0  0% 0 120722 6954 70%
c i  0.07 18 26 0   0   12    9 44% 3 120722 6953 70%
c i  0.07 18 27 0   0   13    9 44% 3 120722 6952 70%
c i  0.08 18 40 0   0   21   16 48% 4 120722 6951 70%
c i  0.08 18 38 0   5   43   35 53% 8 120722 6950 70%
c i  0.08 19 29 0   9  144  113 54% 7 120722 6949 70%
c i  0.08 19 27 0   9  159  122 54% 7 120722 6948 70%
c i  0.09 19 26 0   9  187  146 55% 7 120722 6947 70%
c i  0.09 19 27 0  14  228  170 55% 7 120722 6945 70%
c i  0.09 19 25 0  14  294  205 55% 6 120722 6944 70%
c -  0.09 19 24 1  14  301   84 55% 6 120150 6944 70%
c i  0.10 19 26 1  14  342  116 55% 6 120150 6942 70%
c i  0.10 19 26 1  23  386  153 55% 7 120150 6941 70%
c i  0.10 19 26 1  23  387  153 55% 7 120150 6940 70%
c i  0.10 19 26 1  23  388  153 55% 7 120150 6939 70%
c i  0.10 19 26 1  24  389  153 55% 7 120150 6938 70%
c i  0.11 19 25 1  41  491  227 54% 7 120150 6937 70%
c i  0.11 19 24 1  44  519  237 54% 7 120150 6936 70%
c i  0.12 19 23 1  46  648  351 55% 6 120150 6935 70%
c 
c  seconds  reductions  redundant  irredundant
c         MB    restarts       trail      variables
c          level   conflicts       glue        remaining
c 
c i  0.12 19 23 1  46  660  349 56% 6 120150 6927 70%
c i  0.12 19 22 1  46  661  349 55% 6 120150 6926 70%
c i  0.12 19 22 1  46  696  379 55% 6 120150 6906 70%
c i  0.12 19 21 1  46  697  379 55% 6 120150 6905 70%
c i  0.12 19 22 1  46  713  391 55% 6 120150 6904 70%
c i  0.12 19 22 1  46  719  396 55% 6 120150 6903 70%
c i  0.12 19 22 1  46  734  402 55% 6 120150 6902 70%
c i  0.12 19 22 1  48  760  424 55% 6 120150 6842 69%
c i  0.12 19 22 1  48  787  440 55% 6 120150 6841 69%
c i  0.12 19 21 1  48  788  440 55% 6 120150 6840 69%
c i  0.12 19 21 1  48  791  442 55% 6 120150 6839 69%
c i  0.12 19 21 1  48  792  442 55% 6 120150 6838 69%
c i  0.12 19 21 1  48  797  446 55% 6 120150 6837 69%
c i  0.12 19 21 1  48  798  446 54% 6 120150 6836 69%
c i  0.12 19 21 1  48  803  450 54% 6 120150 6777 69%
c i  0.12 19 21 1  48  806  452 54% 6 120150 6731 68%
c i  0.12 19 21 1  48  808  453 54% 6 120150 6730 68%
c i  0.12 19 21 1  48  810  454 54% 6 120150 6689 68%
c }  0.12 19 21 1  48  832  472 54% 6 120150 5168 52%
c 0  0.12 19 21 1  48  832  472 54% 6 120150 5168 52%
c 
c --- [ closing proof ] ------------------------------------------------------
c 
c DRAT proof file '/tmp/conway99-seven-profile-rank5_136_profile_0005-svK4TD/proof.drat' closed
c DRAT 6580 added clauses 11.25%
c DRAT 51895 deleted clauses 88.75%
c DRAT 1441780 bytes (1.37 MB)
c 
c --- [ result ] -------------------------------------------------------------
c 
s UNSATISFIABLE
c 
c --- [ run-time profiling ] -------------------------------------------------
c 
c process time taken by individual solving procedures
c (percentage relative to process time for solving)
c 
c         0.07  136.64% parse
c         0.05   98.23% search
c         0.05   95.60% unstable
c         0.00    2.56% lucky
c         0.00    0.00% simplify
c   =================================
c         0.05   41.97% solve
c 
c last line shows process time for solving
c (percentage relative to total process time)
c 
c --- [ statistics ] ---------------------------------------------------------
c 
c chronological:               445        53.49 %  of conflicts
c conflicts:                   832     15907.92    per second
c decisions:                  3574     68335.21    per second
c fixed:                      4712        47.69 %  of all variables
c learned:                     779        93.63 %  per conflict
c learned_lits:              41280       100.00 %  learned literals
c minimized:                     0         0.00 %  learned literals
c shrunken:                  25094        60.79 %  learned literals
c minishrunken:               2576         6.24 %  learned literals
c otfs:                          5         0.60 %  of conflict
c propagations:             494765         9.46 M  per second
c restarts:                     48        17.33    interval
c subsumed:                    143         0.12 %  of all clauses
c strengthened:                  5         0.00 %  of all clauses
c trail reuses:                  0         0.00 %  of incremental calls
c 
c seconds are measured in process time for solving
c 
c --- [ resources ] ----------------------------------------------------------
c 
c total process time since initialization:         0.12    seconds
c total real time since initialization:            0.72    seconds
c maximum resident set size of process:           20.03    MB
c 
c --- [ shutting down ] ------------------------------------------------------
c 
c exit 20
