c --- [ banner ] -------------------------------------------------------------
c 
c CaDiCaL SAT Solver
c Copyright (c) 2016-2023 A. Biere, M. Fleury, N. Froleyks, K. Fazekas, F. Pollitt
c 
c Version 1.9.5 146207318796f094dcded87349a64f0c6927309e
c g++ (Ubuntu 13.3.0-6ubuntu2~24.04.1) 13.3.0 -Wall -Wextra -O3 -DNDEBUG
c Wed Sep 30 06:02:32 JST 2026 Linux ikutoPC 6.6.87.2-microsoft-standard-WSL2 x86_64
c 
c --- [ limit ] --------------------------------------------------------------
c 
c setting conflict limit to 1000000 conflicts (due to '1000000')
c 
c --- [ proof tracing ] ------------------------------------------------------
c 
c opening file to write '/tmp/conway99-exact-eight-0129-8xVaiJ/proof.drat'
c writing non-binary proof trace to '/tmp/conway99-exact-eight-0129-8xVaiJ/proof.drat'
c 
c --- [ parsing input ] ------------------------------------------------------
c 
c reading DIMACS file from '/mnt/c/Users/ikuto/projects/conway-99-graph/acceleration/results/20261001_exact_eight_prefix64_batch02_cnfs_part01/case_0129/instance.cnf'
c opening file to read '/mnt/c/Users/ikuto/projects/conway-99-graph/acceleration/results/20261001_exact_eight_prefix64_batch02_cnfs_part01/case_0129/instance.cnf'
c found 'p cnf 9748 167416' header
c parsed 167416 clauses in 0.06 seconds process time
c 
c --- [ options ] ------------------------------------------------------------
c 
c   --binary=false                 (different from default 'true')
c 
c --- [ solving ] ------------------------------------------------------------
c 
c time measured in process time since initialization
c 
c  seconds  reductions  redundant  irredundant
c         MB    restarts       trail      variables
c          level   conflicts       glue        remaining
c 
c *  0.06 17  0 0   0    0    0  0% 0 117460 6820 70%
c {  0.06 18  0 0   0    0    0  0% 0 117460 6820 70%
c i  0.07 18 21 0   3  263  186 58% 5 117460 6819 70%
c -  0.08 18 20 1   3  300  218 57% 4 117293 6819 70%
c i  0.08 18 19 1   4  344  256 56% 4 117293 6818 70%
c i  0.08 18 17 1   4  393  293 56% 4 117293 6817 70%
c i  0.09 18 17 1  33  545  387 54% 5 117293 6816 70%
c i  0.09 18 16 1  36  688  446 54% 5 117293 6815 70%
c i  0.10 18 17 1  42  784  518 53% 5 117293 6814 70%
c i  0.10 18 17 1  42  785  518 53% 5 117293 6813 70%
c i  0.10 18 17 1  43  786  518 53% 5 117293 6810 70%
c i  0.10 18 18 1  53  841  562 53% 6 117293 6809 70%
c i  0.10 18 18 1  57  854  573 53% 6 117293 6808 70%
c i  0.10 18 18 1  59  859  577 53% 6 117293 6807 70%
c i  0.10 18 18 1  60  896  594 53% 6 117293 6806 70%
c i  0.10 18 18 1  60  898  595 53% 5 117293 6805 70%
c -  0.11 23 18 2  62  943  266 53% 6 116719 6805 70%
c i  0.11 23 18 2  63  948  269 53% 6 116719 6804 70%
c }  0.12 23 18 2  63 1005  309 53% 5 116719 6804 70%
c [  0.12 23  0 2  63 1005  309  0% 0 116719 6804 70%
c 
c  seconds  reductions  redundant  irredundant
c         MB    restarts       trail      variables
c          level   conflicts       glue        remaining
c 
c O  0.12 23  0 2  63 1006  309 38% 0 116719 6804 70%
c i  0.12 23  0 2  63 1006  309 38% 0 116719 6802 70%
c i  0.13 23 33 2  63 1267  535 51% 10 116719 6801 70%
c i  0.13 23 33 2  63 1268  535 51% 10 116719 6800 70%
c i  0.13 23 31 2  63 1289  546 51% 9 116719 6799 70%
c ]  0.13 23 29 2  63 1312  562 52% 9 116719 5968 61%
c 0  0.13 23 29 2  63 1312  562 52% 9 116719 5968 61%
c 
c --- [ closing proof ] ------------------------------------------------------
c 
c DRAT proof file '/tmp/conway99-exact-eight-0129-8xVaiJ/proof.drat' closed
c DRAT 6311 added clauses 10.70%
c DRAT 52665 deleted clauses 89.30%
c DRAT 1568145 bytes (1.50 MB)
c 
c --- [ result ] -------------------------------------------------------------
c 
s UNSATISFIABLE
c 
c --- [ run-time profiling ] -------------------------------------------------
c 
c process time taken by individual solving procedures
c (percentage relative to process time for solving)
c 
c         0.07   99.03% search
c         0.06   85.12% parse
c         0.06   78.56% unstable
c         0.01   18.90% stable
c         0.00    1.51% lucky
c         0.00    0.00% simplify
c   =================================
c         0.07   53.78% solve
c 
c last line shows process time for solving
c (percentage relative to total process time)
c 
c --- [ statistics ] ---------------------------------------------------------
c 
c chronological:               632        48.17 %  of conflicts
c conflicts:                  1312     18543.12    per second
c decisions:                  4751     67148.15    per second
c fixed:                      3780        38.78 %  of all variables
c learned:                    1177        89.71 %  per conflict
c learned_lits:              57259       100.00 %  learned literals
c minimized:                     0         0.00 %  learned literals
c shrunken:                  31899        55.71 %  learned literals
c minishrunken:               5708         9.97 %  learned literals
c otfs:                          8         0.61 %  of conflict
c propagations:             754299        10.66 M  per second
c reduced:                       1         0.08 %  per conflict
c rephased:                      1      1312.00    interval
c restarts:                     63        20.83    interval
c stabilizing:                   1        23.40 %  of conflicts
c subsumed:                    235         0.20 %  of all clauses
c strengthened:                  8         0.01 %  of all clauses
c trail reuses:                  0         0.00 %  of incremental calls
c 
c seconds are measured in process time for solving
c 
c --- [ resources ] ----------------------------------------------------------
c 
c total process time since initialization:         0.13    seconds
c total real time since initialization:            0.85    seconds
c maximum resident set size of process:           23.50    MB
c 
c --- [ shutting down ] ------------------------------------------------------
c 
c exit 20
