c --- [ banner ] -------------------------------------------------------------
c 
c CaDiCaL SAT Solver
c Copyright (c) 2016-2023 A. Biere, M. Fleury, N. Froleyks, K. Fazekas, F. Pollitt
c 
c Version 1.9.5 146207318796f094dcded87349a64f0c6927309e
c g++ (Ubuntu 13.3.0-6ubuntu2~24.04.1) 13.3.0 -Wall -Wextra -O3 -DNDEBUG
c Wed Sep 30 06:02:32 JST 2026 Linux ikutoPC 6.6.87.2-microsoft-standard-WSL2 x86_64
c 
c --- [ limit ] --------------------------------------------------------------
c 
c setting conflict limit to 1000000 conflicts (due to '1000000')
c 
c --- [ proof tracing ] ------------------------------------------------------
c 
c opening file to write '/tmp/conway99-exact-eight-0060-jAM0au/proof.drat'
c writing non-binary proof trace to '/tmp/conway99-exact-eight-0060-jAM0au/proof.drat'
c 
c --- [ parsing input ] ------------------------------------------------------
c 
c reading DIMACS file from '/mnt/c/Users/ikuto/projects/conway-99-graph/acceleration/results/20260930_exact_eight_next64_cnfs_part00/case_0060/instance.cnf'
c opening file to read '/mnt/c/Users/ikuto/projects/conway-99-graph/acceleration/results/20260930_exact_eight_next64_cnfs_part00/case_0060/instance.cnf'
c found 'p cnf 9748 167416' header
c parsed 167416 clauses in 0.06 seconds process time
c 
c --- [ options ] ------------------------------------------------------------
c 
c   --binary=false                 (different from default 'true')
c 
c --- [ solving ] ------------------------------------------------------------
c 
c time measured in process time since initialization
c 
c  seconds  reductions  redundant  irredundant
c         MB    restarts       trail      variables
c          level   conflicts       glue        remaining
c 
c *  0.06 17  0 0   0    0    0  0% 0 117490 6820 70%
c {  0.06 18  0 0   0    0    0  0% 0 117490 6820 70%
c i  0.07 18 19 0   5  111   87 53% 5 117490 6819 70%
c -  0.08 19 19 1  27  303  165 55% 8 117323 6819 70%
c -  0.12 24 20 2  53  947  534 57% 8 117323 6819 70%
c }  0.12 24 19 2  55 1000  576 56% 8 117323 6819 70%
c [  0.12 24  0 2  55 1000  576  0% 0 117323 6819 70%
c O  0.12 24 32 2  55 1003  579 52% 1 117323 6819 70%
c i  0.13 24 38 2  55 1078  638 54% 7 117323 6818 70%
c i  0.13 24 30 2  55 1105  661 54% 7 117323 6817 70%
c i  0.13 24 85 2  55 1236  775 50% 16 117323 6758 69%
c i  0.13 24 85 2  55 1239  775 50% 16 117323 6756 69%
c i  0.13 24 89 2  55 1282  813 49% 15 117323 6755 69%
c i  0.13 24 89 2  55 1288  815 49% 15 117323 6681 69%
c i  0.13 24 88 2  55 1289  815 49% 15 117323 6680 69%
c i  0.13 24 88 2  55 1292  816 49% 16 117323 6679 69%
c i  0.13 24 88 2  55 1293  816 49% 15 117323 6678 69%
c i  0.13 24 88 2  55 1294  816 49% 15 117323 6677 68%
c i  0.13 24 87 2  55 1295  816 49% 15 117323 6676 68%
c i  0.14 24 81 2  55 1371  875 50% 15 117323 6665 68%
c 
c  seconds  reductions  redundant   irredundant
c         MB    restarts       trail       variables
c          level   conflicts       glue         remaining
c 
c i  0.14 24 80 2  55 1385  885 49% 15 117323 6660 68%
c i  0.14 24 79 2  55 1387  885 49% 15 117323 6648 68%
c i  0.15 24 54 2  55 1750 1156 50% 11 117323 6004 62%
c i  0.15 24 53 2  55 1763 1162 50% 11 117323 6003 62%
c i  0.15 24 53 2  55 1764 1162 50% 11 117323 6002 62%
c i  0.15 24 52 2  55 1775 1169 51% 11 117323 6001 62%
c i  0.15 24 52 2  55 1776 1169 51% 11 117323 6000 62%
c i  0.15 24 52 2  55 1777 1169 50% 11 117323 5999 62%
c i  0.15 24 52 2  55 1778 1169 50% 11 117323 5998 62%
c i  0.15 24 52 2  55 1779 1169 50% 11 117323 5997 62%
c i  0.15 24 52 2  55 1786 1175 50% 11 117323 5996 62%
c i  0.15 24 52 2  55 1787 1175 50% 11 117323 5995 61%
c i  0.15 24 52 2  55 1788 1175 50% 11 117323 5994 61%
c i  0.16 24 50 2  55 1836 1215 51% 10 117323 5991 61%
c i  0.16 24 48 2  55 1868 1232 51% 10 117323 5989 61%
c i  0.16 24 48 2  55 1878 1235 51% 10 117323 5110 52%
c ]  0.16 24 48 2  55 1880 1235 51% 10 117323 4613 47%
c 0  0.16 24 48 2  55 1880 1235 51% 10 117323 4613 47%
c 
c --- [ closing proof ] ------------------------------------------------------
c 
c DRAT proof file '/tmp/conway99-exact-eight-0060-jAM0au/proof.drat' closed
c DRAT 7728 added clauses 13.06%
c DRAT 51450 deleted clauses 86.94%
c DRAT 1550420 bytes (1.48 MB)
c 
c --- [ result ] -------------------------------------------------------------
c 
s UNSATISFIABLE
c 
c --- [ run-time profiling ] -------------------------------------------------
c 
c process time taken by individual solving procedures
c (percentage relative to process time for solving)
c 
c         0.09   99.19% search
c         0.06   64.90% parse
c         0.06   61.27% unstable
c         0.03   36.47% stable
c         0.00    1.41% lucky
c         0.00    0.00% simplify
c   =================================
c         0.10   60.40% solve
c 
c last line shows process time for solving
c (percentage relative to total process time)
c 
c --- [ statistics ] ---------------------------------------------------------
c 
c chronological:               845        44.95 %  of conflicts
c conflicts:                  1880     19708.98    per second
c decisions:                  5313     55698.83    per second
c fixed:                      5135        52.68 %  of all variables
c learned:                    1705        90.69 %  per conflict
c learned_lits:             103765       100.00 %  learned literals
c minimized:                     0         0.00 %  learned literals
c shrunken:                  49205        47.42 %  learned literals
c minishrunken:              10112         9.75 %  learned literals
c otfs:                         17         0.90 %  of conflict
c propagations:             964031        10.11 M  per second
c reduced:                      38         2.02 %  per conflict
c rephased:                      1      1880.00    interval
c restarts:                     55        34.18    interval
c stabilizing:                   1        46.81 %  of conflicts
c subsumed:                    347         0.29 %  of all clauses
c strengthened:                 17         0.01 %  of all clauses
c trail reuses:                  0         0.00 %  of incremental calls
c 
c seconds are measured in process time for solving
c 
c --- [ resources ] ----------------------------------------------------------
c 
c total process time since initialization:         0.16    seconds
c total real time since initialization:            0.83    seconds
c maximum resident set size of process:           23.63    MB
c 
c --- [ shutting down ] ------------------------------------------------------
c 
c exit 20
