c --- [ banner ] -------------------------------------------------------------
c 
c CaDiCaL SAT Solver
c Copyright (c) 2016-2023 A. Biere, M. Fleury, N. Froleyks, K. Fazekas, F. Pollitt
c 
c Version 1.9.5 146207318796f094dcded87349a64f0c6927309e
c g++ (Ubuntu 13.3.0-6ubuntu2~24.04.1) 13.3.0 -Wall -Wextra -O3 -DNDEBUG
c Wed Sep 30 06:02:32 JST 2026 Linux ikutoPC 6.6.87.2-microsoft-standard-WSL2 x86_64
c 
c --- [ limit ] --------------------------------------------------------------
c 
c setting conflict limit to 1000000 conflicts (due to '1000000')
c 
c --- [ proof tracing ] ------------------------------------------------------
c 
c opening file to write '/tmp/conway99-seven-profile-rank5_111_profile_0003-0bB2Gv/proof.drat'
c writing non-binary proof trace to '/tmp/conway99-seven-profile-rank5_111_profile_0003-0bB2Gv/proof.drat'
c 
c --- [ parsing input ] ------------------------------------------------------
c 
c reading DIMACS file from '/mnt/c/Users/ikuto/projects/conway-99-graph/acceleration/results/20260930_hadamard_seven_remaining_cnfs/run01/rank5_111_profile_0003/instance.cnf'
c opening file to read '/mnt/c/Users/ikuto/projects/conway-99-graph/acceleration/results/20260930_hadamard_seven_remaining_cnfs/run01/rank5_111_profile_0003/instance.cnf'
c found 'p cnf 9872 170454' header
c parsed 170454 clauses in 0.06 seconds process time
c 
c --- [ options ] ------------------------------------------------------------
c 
c   --binary=false                 (different from default 'true')
c 
c --- [ solving ] ------------------------------------------------------------
c 
c time measured in process time since initialization
c 
c  seconds  reductions  redundant  irredundant
c         MB    restarts       trail      variables
c          level   conflicts       glue        remaining
c 
c *  0.06 17  0 0   0    0    0  0% 0 120522 6945 70%
c {  0.07 18  0 0   0    0    0  0% 0 120522 6945 70%
c i  0.07 18 24 0   6   62   51 53% 7 120522 6944 70%
c i  0.08 19 16 0  13  257  193 57% 5 120522 6943 70%
c -  0.09 19 19 1  13  301  123 57% 6 120340 6943 70%
c i  0.09 19 22 1  32  474  248 56% 6 120340 6942 70%
c i  0.10 19 20 1  34  546  298 56% 6 120340 6940 70%
c i  0.10 19 20 1  36  618  351 56% 6 120340 6939 70%
c i  0.10 19 20 1  36  622  354 56% 6 120340 6848 69%
c i  0.10 19 20 1  36  630  358 55% 6 120340 6845 69%
c i  0.10 19 20 1  36  631  358 55% 6 120340 6843 69%
c i  0.10 19 20 1  36  632  358 55% 6 120340 6842 69%
c i  0.11 19 19 1  42  717  420 56% 6 120340 6840 69%
c i  0.11 19 19 1  42  718  420 56% 6 120340 6839 69%
c i  0.11 19 19 1  42  719  420 56% 6 120340 6838 69%
c i  0.11 19 19 1  43  720  420 56% 6 120340 6837 69%
c i  0.11 19 19 1  43  721  420 55% 6 120340 6836 69%
c i  0.11 19 19 1  43  722  420 55% 6 120340 6835 69%
c i  0.11 19 19 1  43  723  420 55% 6 120340 6834 69%
c i  0.11 19 19 1  43  724  420 55% 6 120340 6833 69%
c 
c  seconds  reductions  redundant  irredundant
c         MB    restarts       trail      variables
c          level   conflicts       glue        remaining
c 
c i  0.11 19 19 1  43  725  420 55% 6 120340 6832 69%
c i  0.11 19 20 1  54  896  563 55% 6 120340 6831 69%
c i  0.12 19 19 1  55  929  579 56% 6 120340 4842 49%
c i  0.12 19 19 1  55  930  579 56% 6 120340 4840 49%
c i  0.12 19 19 1  55  931  579 56% 6 120340 4837 49%
c i  0.12 19 19 1  55  936  583 56% 6 120340 4836 49%
c i  0.12 19 19 1  55  939  585 56% 6 120340 4835 49%
c }  0.12 19 19 1  55  946  588 56% 6 120340 4826 49%
c 0  0.12 19 19 1  55  946  588 56% 6 120340 4826 49%
c 
c --- [ closing proof ] ------------------------------------------------------
c 
c DRAT proof file '/tmp/conway99-seven-profile-rank5_111_profile_0003-0bB2Gv/proof.drat' closed
c DRAT 6772 added clauses 11.67%
c DRAT 51251 deleted clauses 88.33%
c DRAT 1425404 bytes (1.36 MB)
c 
c --- [ result ] -------------------------------------------------------------
c 
s UNSATISFIABLE
c 
c --- [ run-time profiling ] -------------------------------------------------
c 
c process time taken by individual solving procedures
c (percentage relative to process time for solving)
c 
c         0.06  119.85% parse
c         0.05   98.55% search
c         0.05   96.88% unstable
c         0.00    1.62% lucky
c         0.00    0.00% simplify
c   =================================
c         0.05   45.20% solve
c 
c last line shows process time for solving
c (percentage relative to total process time)
c 
c --- [ statistics ] ---------------------------------------------------------
c 
c chronological:               479        50.63 %  of conflicts
c conflicts:                   946     17693.82    per second
c decisions:                  3322     62134.11    per second
c fixed:                      5046        51.11 %  of all variables
c learned:                     835        88.27 %  per conflict
c learned_lits:              56969       100.00 %  learned literals
c minimized:                     0         0.00 %  learned literals
c shrunken:                  30610        53.73 %  learned literals
c minishrunken:               5510         9.67 %  learned literals
c otfs:                          6         0.63 %  of conflict
c propagations:             545438        10.20 M  per second
c restarts:                     55        17.20    interval
c subsumed:                    112         0.09 %  of all clauses
c strengthened:                  6         0.00 %  of all clauses
c trail reuses:                  0         0.00 %  of incremental calls
c 
c seconds are measured in process time for solving
c 
c --- [ resources ] ----------------------------------------------------------
c 
c total process time since initialization:         0.12    seconds
c total real time since initialization:            0.78    seconds
c maximum resident set size of process:           19.70    MB
c 
c --- [ shutting down ] ------------------------------------------------------
c 
c exit 20
