c --- [ banner ] -------------------------------------------------------------
c 
c CaDiCaL SAT Solver
c Copyright (c) 2016-2023 A. Biere, M. Fleury, N. Froleyks, K. Fazekas, F. Pollitt
c 
c Version 1.9.5 146207318796f094dcded87349a64f0c6927309e
c g++ (Ubuntu 13.3.0-6ubuntu2~24.04.1) 13.3.0 -Wall -Wextra -O3 -DNDEBUG
c Wed Sep 30 06:02:32 JST 2026 Linux ikutoPC 6.6.87.2-microsoft-standard-WSL2 x86_64
c 
c --- [ proof tracing ] ------------------------------------------------------
c 
c opening file to write '/tmp/conway99-single-v2-ujbjlf_d/proof.drat'
c writing non-binary proof trace to '/tmp/conway99-single-v2-ujbjlf_d/proof.drat'
c 
c --- [ parsing input ] ------------------------------------------------------
c 
c reading DIMACS file from '/mnt/c/Users/ikuto/projects/conway-99-graph/acceleration/results/20261002_drat_restart_prepare01/candidate/restart.cnf'
c opening file to read '/mnt/c/Users/ikuto/projects/conway-99-graph/acceleration/results/20261002_drat_restart_prepare01/candidate/restart.cnf'
c found 'p cnf 1186500 3069024' header
c parsed 3069024 clauses in 1.38 seconds process time
c 
c --- [ options ] ------------------------------------------------------------
c 
c   --binary=false                 (different from default 'true')
c 
c --- [ solving ] ------------------------------------------------------------
c 
c time measured in process time since initialization
c 
c  seconds   reductions  redundant   irredundant
c          MB    restarts       trail        variables
c           level   conflicts       glue           remaining
c 
c *  1.38 486  0 0   0    0    0  0% 0 2763568 404365 34%
c {  1.45 511  0 0   0    0    0  0% 0 2763568 404365 34%
c -  1.77 515 1336 1  62  300  285 28% 8 2761844 404365 34%
c }  2.01 528 444 1 142 1003  949 27% 9 2761844 404365 34%
c [  2.01 528  0 1 142 1003  949  0% 0 2761844 404365 34%
c O  2.01 528  8 1 142 1004  950 27% 3 2761844 404365 34%
c -  2.62 633 62 2 142 1765 1578 35% 12 2761844 404365 34%
c ]  3.78 511 109 2 143 3004 2749 26% 17 2761844 404365 34%
c {  3.78 511 444 2 143 3004 2749 80% 9 2761844 404365 34%
c F  3.78 511 444 2 144 3005 2750 80% 9 2761844 404365 34%
c -  4.14 511 241 3 179 3963 2821 42% 9 2761844 404365 34%
c d  4.55 544 174 3 261 5000 3786 29% 9 2761805 404353 34%
c 3  4.88 544 174 3 261 5000 24684 29% 9 2761805 404353 34%
c 2  5.25 544 174 3 261 5000 24703 29% 9 2761791 404352 34%
c p  5.41 544 174 3 261 5000 42081 29% 9 2761791 404260 34%
c s  6.13 544 153 3 312 5546 42493 25% 9 2761666 404260 34%
c v  7.25 553 153 3 312 5546 42493 25% 9 2761655 404260 34%
c w  7.36 553 153 3 312 5546 42493 25% 9 2761655 404260 34%
c t  7.40 553 153 3 312 5546 42493 25% 9 2761643 404260 34%
c e  8.26 554 153 3 312 5546 41609 25% 9 2759989 403670 34%
c 
c  seconds    reductions   redundant   irredundant
c          MB     restarts        trail        variables
c            level   conflicts        glue           remaining
c 
c s  8.69 554 153 3 312 5546 41606 25% 9 2759984 403670 34%
c #  9.27 554 141 3 359 6008 42045 23% 9 2759984 403670 34%
c -  9.84 554 125 4 472 6892 3944 20% 9 2759984 403670 34%
c }  9.89 554 124 4 492 7005 4051 20% 9 2759984 403670 34%
c [  9.89 554 109 4 492 7005 4051 26% 17 2759984 403670 34%
c I 10.66 554 162 4 494 10009 6941 29% 21 2759984 403670 34%
c - 10.99 554 162 5 495 10554 5357 27% 21 2759984 403670 34%
c - 11.62 554 114 6 497 14950 5824 15% 22 2759984 403670 34%
c d 11.77 554 114 6 497 15000 5866 15% 22 2759974 403668 34%
c 2 12.27 554 114 6 497 15000 6077 15% 22 2759973 403668 34%
c p 12.42 554 114 6 497 15000 8363 15% 22 2759973 403667 34%
c ] 12.57 554 114 6 497 15005 8366 15% 22 2759973 403667 34%
c { 12.57 554 124 6 497 15005 8366 20% 9 2759973 403667 34%
c B 12.57 554 123 6 497 15010 8371 20% 9 2759973 403667 34%
c i 12.81 554 108 6 572 16194 9468 17% 9 2759973 403662 34%
c s 13.44 554 103 6 596 16642 9842 16% 9 2759376 403656 34%
c v 14.63 554 103 6 596 16642 9842 16% 9 2759357 403656 34%
c w 14.75 554 103 6 596 16642 9842 16% 9 2759357 403656 34%
c t 14.80 554 103 6 596 16642 9841 16% 9 2759339 403656 34%
c e 15.07 554 103 6 596 16642 9827 16% 9 2759248 403640 34%
c 
c  seconds    reductions   redundant   irredundant
c          MB     restarts        trail        variables
c            level    conflicts       glue           remaining
c 
c s 15.26 554 103 6 596 16642 9809 16% 9 2759092 403640 34%
c i 15.90 554 88 6 697 18533 11501 13% 9 2759092 403623 34%
c - 16.53 554 83 7 842 20075 6428 12% 9 2759023 403623 34%
c W 16.86 554 80 7 919 21011 7311 11% 9 2759023 403623 34%
c - 17.63 554 64 8 1090 25932 8670  8% 9 2759023 403623 34%
c F 17.88 554 60 8 1193 28012 10656  8% 9 2759023 403623 34%
c d 18.30 554 57 8 1304 30001 12490  7% 9 2758972 403606 34%
c p 18.92 554 57 8 1304 30001 15105  7% 9 2758972 403606 34%
c i 19.13 554 57 8 1329 30103 15201  7% 9 2758972 403518 34%
c } 19.41 554 56 8 1453 31005 16055  7% 9 2758972 403517 34%
c [ 19.41 554 114 8 1453 31005 16055 15% 22 2758972 403517 34%
c - 19.85 554 117 9 1453 32522 11000 15% 21 2758572 403517 34%
c v 21.13 554 118 9 1453 33281 11731 15% 21 2758551 403517 34%
c w 21.24 554 118 9 1453 33281 11731 15% 21 2758551 403517 34%
c t 21.31 554 118 9 1453 33281 11731 15% 21 2758550 403517 34%
c e 21.53 554 118 9 1453 33281 11565 15% 21 2758486 403492 34%
c s 21.56 554 118 9 1453 33281 11558 15% 21 2758482 403492 34%
c i 21.88 554 116 9 1453 33456 11719 15% 21 2758482 403491 34%
c B 22.59 554 131 9 1456 36015 14172 18% 21 2758482 403491 34%
c - 23.71 555 150 10 1459 39845 12491 22% 21 2758476 403491 34%
c 
c  seconds    reductions      redundant    irredundant
c          MB      restarts          trail         variables
c            level      conflicts        glue            remaining
c 
c W 24.95 555 174 10 1460 45017 17481 27% 23 2758476 403491 34%
c - 25.87 555 171 11 1461 47899 13004 27% 24 2758476 403491 34%
c d 26.56 555 169 11 1461 50002 14979 27% 26 2758466 403489 34%
c p 27.10 555 169 11 1461 50002 17242 27% 26 2758466 403489 34%
c i 27.59 555 168 11 1461 51087 18288 27% 26 2758466 403476 34%
c O 28.23 555 173 11 1462 55018 21997 29% 26 2758466 403469 34%
c s 28.51 555 173 11 1463 55470 22395 29% 26 2758439 403469 34%
c v 29.71 555 173 11 1463 55470 22395 29% 26 2758380 403469 34%
c w 29.82 555 173 11 1463 55470 22393 29% 26 2758380 403469 34%
c e 30.13 555 173 11 1463 55470 22349 29% 26 2758235 403451 34%
c s 30.28 555 173 11 1463 55470 22305 29% 26 2758172 403451 34%
c - 31.29 555 172 12 1464 56685 14035 29% 26 2758172 403451 34%
c ] 33.18 555 172 12 1468 63005 20111 30% 26 2758172 403451 34%
c { 33.18 555 56 12 1468 63005 20111  7% 9 2758172 403451 34%
c B 33.78 555 54 12 1800 66019 22954  7% 9 2758172 403451 34%
c - 34.09 555 54 13 1810 66203 15207  7% 9 2758172 403451 34%
c d 35.85 555 50 13 2619 75002 23479  6% 9 2758166 403449 34%
c p 36.44 555 50 13 2619 75002 26393  6% 9 2758166 403449 34%
c - 37.07 554 50 14 2768 76453 17019  6% 9 2758166 403449 34%
c W 37.60 554 49 14 2874 78020 18489  6% 9 2758166 403449 34%
c 
c  seconds   reductions      redundant   irredundant
c          MB     restarts          trail        variables
c           level      conflicts        glue           remaining
c 
c s 38.90 554 48 14 3317 83203 23200  6% 9 2758078 403449 34%
c v 40.12 554 48 14 3317 83203 23200  6% 9 2758059 403449 34%
c w 40.23 554 48 14 3317 83203 23193  6% 9 2758059 403449 34%
c e 40.59 554 48 14 3317 83203 23187  6% 9 2758046 403442 34%
c s 40.77 554 48 14 3317 83203 23128  6% 9 2758027 403442 34%
c - 42.08 555 48 15 3691 87435 19553  5% 9 2758027 403442 34%
c # 42.78 555 47 15 3986 91021 22934  5% 9 2758027 403442 34%
c - 43.94 555 44 16 4329 99149 21978  5% 9 2758027 403442 34%
c p 45.58 555 42 16 4730 105002 30586  5% 9 2758027 403442 34%
c B 45.75 555 42 16 4730 105022 30605  5% 9 2758027 403442 34%
c - 47.16 555 41 17 5302 111597 24724  5% 9 2758027 403442 34%
c s 48.29 555 41 17 5756 116482 29158  4% 9 2758010 403442 34%
c v 49.56 555 41 17 5756 116482 29158  4% 9 2757923 403442 34%
c w 49.69 555 41 17 5756 116482 29157  4% 9 2757923 403442 34%
c e 50.07 555 41 17 5756 116482 29128  4% 9 2757901 403419 34%
c s 50.20 555 41 17 5756 116482 29079  4% 9 2757849 403419 34%
c e 50.39 555 41 17 5756 116482 29079  4% 9 2757847 403418 34%
c W 51.89 555 41 17 6179 120023 32433  5% 9 2757847 403418 34%
c - 52.94 555 41 18 6561 124779 26934  4% 9 2757847 403418 34%
c } 53.32 555 41 18 6770 127005 29034  4% 9 2757847 403418 34%
c 
c  seconds    reductions       redundant    irredundant
c          MB      restarts           trail         variables
c            level      conflicts         glue            remaining
c 
c [ 53.32 555 172 18 6770 127005 29034 30% 26 2757847 403418 34%
c B 53.83 555 143 18 6775 136026 36911 24% 23 2757847 403418 34%
c - 54.28 555 138 19 6776 138692 27643 23% 23 2757847 403418 34%
c d 54.69 555 140 19 6777 140002 28899 23% 23 2757843 403417 34%
c 3 54.95 555 140 19 6777 140002 28963 23% 23 2757843 403417 34%
c p 55.43 555 140 19 6777 140002 32241 23% 23 2757843 403416 34%
c W 59.03 559 165 19 6779 153027 44746 28% 25 2757838 403416 34%
c - 59.40 557 165 20 6779 153337 27862 28% 25 2757838 403416 34%
c s 60.08 557 166 20 6779 155308 29672 28% 25 2757819 403416 34%
c v 61.27 557 166 20 6779 155308 29672 28% 25 2757792 403416 34%
c w 61.40 557 166 20 6779 155308 29671 28% 25 2757792 403416 34%
c e 61.78 557 166 20 6779 155308 29671 28% 25 2757784 403409 34%
c s 61.87 557 166 20 6779 155308 29652 28% 25 2757780 403409 34%
c - 65.71 558 177 21 6780 168713 28107 30% 25 2757780 403409 34%
c I 66.28 558 177 21 6782 171028 30333 31% 25 2757780 403409 34%
c i 66.34 558 175 21 6782 171954 31191 30% 25 2757780 403408 34%
c p 67.43 558 156 21 6786 180006 41168 26% 25 2757780 403408 34%
c - 68.16 556 147 22 6790 184822 27000 25% 24 2757774 403408 34%
c B 68.44 556 137 22 6793 190029 30951 23% 24 2757774 403408 34%
c s 70.48 556 152 22 6794 199681 40195 24% 25 2757754 403408 34%
c 
c  seconds    reductions       redundant    irredundant
c          MB      restarts           trail         variables
c            level      conflicts         glue            remaining
c 
c v 71.60 556 152 22 6794 199681 40195 24% 25 2757668 403408 34%
c w 71.73 556 152 22 6794 199681 40192 24% 25 2757668 403408 34%
c e 72.11 556 152 22 6794 199681 40047 24% 25 2757656 403391 34%
c s 72.17 556 152 22 6794 199681 40033 24% 25 2757615 403391 34%
c - 73.60 557 153 23 6795 201663 28997 24% 25 2757615 403391 34%
c W 76.47 557 157 23 6801 210031 36855 25% 25 2757615 403391 34%
c - 80.70 559 160 24 6806 219240 31152 26% 26 2757615 403391 34%
c d 82.06 559 162 24 6808 225006 36725 27% 26 2757603 403388 34%
c p 82.70 559 162 24 6808 225006 40866 27% 26 2757603 403388 34%
c O 84.20 559 164 24 6809 231036 46618 27% 27 2757603 403388 34%
c - 86.40 559 162 25 6810 237545 33073 28% 27 2757603 403388 34%
c s 90.59 559 163 25 6810 249600 44601 29% 28 2757565 403388 34%
c v 91.80 559 163 25 6810 249600 44601 29% 28 2757421 403388 34%
c w 91.93 559 163 25 6810 249600 44596 29% 28 2757421 403359 34%
c e 92.43 559 163 25 6810 249600 44573 29% 28 2757207 403342 34%
c s 92.52 559 163 25 6810 249600 44529 29% 28 2757184 403342 34%
c e 92.72 559 163 25 6810 249600 44529 29% 28 2757177 403339 34%
c B 93.51 559 165 25 6811 253037 47851 30% 27 2757177 403339 34%
c ] 93.76 559 166 25 6811 255005 49720 29% 27 2757177 403339 34%
c { 93.76 559 41 25 6811 255005 49720  4% 9 2757177 403339 34%
c 
c  seconds   reductions       redundant   irredundant
c          MB     restarts           trail        variables
c           level      conflicts         glue           remaining
c 
c - 94.20 559 40 26 6854 256582 34621  4% 9 2757177 403339 34%
c p 97.79 559 40 26 8388 275006 57009  4% 9 2757171 403338 34%
c F 98.25 559 40 26 8491 276039 57971  4% 9 2757171 403338 34%
c - 98.61 557 40 27 8517 276350 36452  4% 9 2757171 403338 34%
c - 102.53 557 39 28 10365 296849 41291  4% 9 2757171 403338 34%
c i 102.67 557 39 28 10430 297784 42165  4% 9 2757171 403336 34%
c B 103.27 557 39 28 10722 300042 44327  4% 9 2757171 403336 34%
c s 104.37 557 39 28 11193 305063 48791  4% 9 2757142 403336 34%
c v 105.64 557 39 28 11193 305063 48791  4% 9 2756997 403336 34%
c w 105.77 557 39 28 11193 305063 48784  4% 9 2756997 403336 34%
c t 105.99 557 39 28 11193 305063 48784  4% 9 2756996 403336 34%
c e 106.22 557 39 28 11193 305063 48784  4% 9 2756957 403315 34%
c s 106.29 557 39 28 11193 305063 48710  4% 9 2756946 403315 34%
c e 106.48 557 39 28 11193 305063 48710  4% 9 2756938 403312 34%
c - 109.36 557 38 29 12403 318082 45129  4% 9 2756938 403312 34%
c W 111.12 557 38 29 12910 325043 51570  4% 9 2756938 403312 34%
c 3 112.11 557 38 29 13314 330007 56321  4% 9 2756938 403312 34%
c p 112.72 557 38 29 13314 330007 62071  4% 9 2756938 403312 34%
c d 112.87 557 38 29 13314 330007 62070  4% 9 2756936 403311 34%
c - 114.89 557 38 30 14130 340048 48725  4% 9 2756936 403311 34%
c 
c  seconds    reductions        redundant   irredundant
c           MB      restarts           trail        variables
c            level       conflicts         glue           remaining
c 
c # 116.63 557 38 30 14957 351044 59088  4% 9 2756936 403311 34%
c - 118.91 558 37 31 15962 362745 52409  4% 9 2756936 403311 34%
c s 119.83 558 37 31 16286 366073 55236  4% 9 2756914 403311 34%
c v 121.11 558 37 31 16286 366073 55236  4% 9 2756741 403311 34%
c w 121.25 558 37 31 16286 366073 55228  4% 9 2756741 403311 34%
c e 121.71 558 37 31 16286 366073 55109  4% 9 2756689 403282 34%
c s 121.78 558 37 31 16286 366073 55026  4% 9 2756671 403282 34%
c B 124.14 558 38 31 17357 378045 66482  4% 9 2756671 403282 34%
c - 125.81 558 38 32 18013 386176 55981  4% 9 2756671 403282 34%
c d 126.53 558 38 32 18228 390007 59568  4% 9 2756663 403280 34%
c p 127.16 558 38 32 18228 390007 65565  4% 9 2756663 403280 34%
c W 131.25 558 38 32 19799 406046 80736  4% 9 2756663 403280 34%
c - 132.27 558 38 33 20204 410335 58700  4% 9 2756663 403280 34%
c s 136.14 558 37 33 21880 432627 79378  4% 9 2756623 403280 34%
c v 137.36 558 37 33 21880 432627 79378  4% 9 2756479 403280 34%
c w 137.50 558 37 33 21880 432627 79369  4% 9 2756479 403280 34%
c e 138.03 558 37 33 21880 432627 79238  4% 9 2756462 403258 34%
c s 138.15 558 37 33 21880 432627 79153  4% 9 2756425 403258 34%
c F 139.00 558 37 33 22083 435047 81441  4% 9 2756425 403258 34%
c - 139.34 558 37 34 22102 435230 61189  4% 9 2756425 403258 34%
c 
c  seconds    reductions        redundant   irredundant
c           MB      restarts           trail        variables
c            level       conflicts         glue           remaining
c 
c p 143.19 558 37 34 23607 455007 87388  4% 9 2756425 403258 34%
c - 144.58 559 37 35 24104 460853 64689  4% 9 2756425 403258 34%
c B 145.31 559 37 35 24503 465049 68704  4% 9 2756425 403258 34%
c - 149.08 559 36 36 26388 487208 68216  4% 9 2756425 403258 34%
c W 150.96 559 35 36 26873 496051 76406  4% 9 2756425 403258 34%
c s 152.50 559 35 36 27566 504727 84320  4% 9 2756385 403258 34%
c v 153.72 559 35 36 27566 504727 84320  4% 9 2756189 403258 34%
c w 153.86 559 35 36 27566 504727 84311  4% 9 2756189 403258 34%
c e 154.36 559 35 36 27566 504727 84276  4% 9 2756173 403245 34%
c s 154.43 559 35 36 27566 504727 84232  4% 9 2756148 403245 34%
c e 154.62 559 35 36 27566 504727 84232  4% 9 2756129 403238 34%
c } 156.07 559 36 36 28251 511006 90159  4% 9 2756129 403238 34%
c [ 156.07 559 166 36 28251 511006 90159 29% 27 2756129 403238 34%
c - 156.70 559 169 37 28251 514296 70891 29% 27 2756129 403238 34%
c p 159.50 559 181 37 28251 525007 87901 28% 27 2756129 403238 34%
c W 160.64 559 178 37 28251 528054 90796 28% 27 2756129 403238 34%
c - 164.43 562 182 38 28253 542116 71589 28% 27 2756129 403238 34%
c I 170.28 562 183 38 28264 561058 89691 29% 27 2756128 403238 34%
c - 171.83 562 182 39 28266 570669 66924 27% 28 2756127 403238 34%
c s 174.56 562 181 39 28273 582374 77968 28% 28 2756041 403238 34%
c 
c  seconds     reductions        redundant    irredundant
c           MB       restarts           trail         variables
c             level       conflicts         glue            remaining
c 
c v 175.93 562 181 39 28273 582374 77968 28% 28 2755792 403238 34%
c w 176.07 562 181 39 28273 582374 77965 28% 28 2755792 403238 34%
c t 176.36 562 181 39 28273 582374 77965 28% 28 2755792 403237 34%
c e 176.59 562 181 39 28273 582374 77963 28% 28 2755780 403234 34%
c s 176.64 562 181 39 28273 582374 77918 28% 28 2755776 403234 34%
c B 180.58 562 184 39 28280 595060 90134 29% 28 2755776 403234 34%
c - 182.15 563 185 40 28281 599955 67268 30% 28 2755776 403234 34%
c d 182.30 563 185 40 28281 600007 67320 30% 28 2755773 403233 34%
c p 183.10 563 185 40 28281 600007 78876 30% 28 2755773 403233 34%
c - 196.46 564 180 41 28288 629970 67921 31% 30 2755773 403233 34%
c W 197.11 564 180 41 28288 630062 68011 31% 30 2755773 403233 34%
c i 203.96 564 180 41 28300 659099 95954 32% 31 2755773 403232 34%
c - 204.64 564 180 42 28300 660718 69323 33% 31 2755767 403232 34%
c s 206.07 564 180 42 28304 665559 73872 33% 31 2755693 403232 34%
c v 207.36 564 180 42 28304 665559 73872 33% 31 2755588 403232 34%
c w 207.51 564 180 42 28304 665559 73866 33% 31 2755588 403232 34%
c t 207.92 564 180 42 28304 665559 73866 33% 31 2755588 403231 34%
c e 208.15 564 180 42 28304 665559 71739 33% 31 2755559 403221 34%
c s 208.22 564 180 42 28304 665559 71652 33% 31 2755530 403221 34%
c e 208.43 564 180 42 28304 665559 71642 33% 31 2755527 403217 34%
c 
c  seconds     reductions        redundant    irredundant
c           MB       restarts           trail         variables
c             level       conflicts         glue            remaining
c 
c O 208.73 564 180 42 28304 666064 72134 33% 31 2755527 403217 34%
c d 213.08 564 180 42 28311 680008 85568 33% 31 2755516 403214 34%
c p 213.92 564 180 42 28311 680008 109357 33% 31 2755516 403214 34%
c - 217.17 564 181 43 28313 692197 70034 33% 31 2755516 403214 34%
c B 219.43 564 186 43 28313 703067 80598 34% 31 2755516 403214 34%
c - 225.87 565 179 44 28314 724409 72705 34% 32 2755516 403214 34%
c W 232.00 565 175 44 28315 741071 88584 35% 34 2755516 403214 34%
c i 233.16 565 174 44 28315 745351 92657 34% 34 2755516 403213 34%
c s 235.60 565 176 44 28315 754286 101163 35% 33 2755464 403213 34%
c v 236.89 565 176 44 28315 754286 101163 35% 33 2755251 403213 34%
c w 237.04 565 176 44 28315 754286 101152 35% 33 2755251 403213 34%
c t 237.43 565 176 44 28315 754286 101152 35% 33 2755251 403211 34%
c e 237.67 565 176 44 28315 754286 101116 35% 33 2755221 403205 34%
c s 237.72 565 176 44 28315 754286 101022 35% 33 2755198 403205 34%
c e 237.92 565 176 44 28315 754286 101022 35% 33 2755192 403203 34%
c - 239.00 566 177 45 28315 757353 75174 35% 34 2755192 403203 34%
c p 241.81 566 180 45 28315 765010 105006 35% 35 2755192 403202 34%
c i 242.65 566 180 45 28315 767666 107599 35% 34 2755192 403201 34%
c I 245.97 566 181 45 28315 780074 119642 36% 34 2755192 403201 34%
c - 246.85 564 167 46 28315 791029 74990 32% 32 2755180 403201 34%
c 
c  seconds     reductions        redundant    irredundant
c           MB       restarts           trail         variables
c             level       conflicts         glue            remaining
c 
c B 249.04 564 143 46 28324 820075 98908 25% 29 2755180 403201 34%
c - 250.92 561 145 47 28328 825435 73544 25% 29 2755180 403201 34%
c s 259.27 561 155 47 28337 848554 95447 28% 29 2755130 403201 34%
c v 260.60 561 155 47 28337 848554 95447 28% 29 2754911 403201 34%
c w 260.74 561 155 47 28337 848554 95441 28% 29 2754911 403201 34%
c t 261.08 561 155 47 28337 848554 95441 28% 29 2754911 403200 34%
c e 261.33 561 155 47 28337 848554 95307 28% 29 2754897 403194 34%
c s 261.43 561 155 47 28337 848554 95246 28% 29 2754884 403194 34%
c p 264.75 561 159 47 28340 855015 127344 28% 30 2754884 403194 34%
c - 266.72 565 160 48 28344 860575 78139 29% 30 2754884 403194 34%
c W 267.38 565 160 48 28344 861076 78629 29% 30 2754884 403194 34%
c - 281.57 568 154 49 28352 896447 79419 31% 34 2754884 403194 34%
c O 283.38 568 156 49 28355 903077 85753 31% 35 2754884 403194 34%
c i 284.62 568 157 49 28359 907860 90378 31% 34 2754884 403193 34%
c i 287.06 568 159 49 28361 915281 97471 32% 34 2754884 403192 34%
c - 292.33 566 162 50 28368 933049 81595 33% 34 2754873 403192 34%
c B 295.45 566 164 50 28375 946078 94080 33% 33 2754873 403192 34%
c s 296.19 566 164 50 28376 948364 96040 32% 33 2754823 403192 34%
c v 297.61 566 164 50 28376 948364 96040 32% 33 2754309 403192 34%
c w 297.77 566 164 50 28376 948364 96032 32% 33 2754309 403192 34%
c 
c  seconds     reductions        redundant    irredundant
c           MB       restarts           trail         variables
c             level       conflicts         glue            remaining
c 
c t 298.26 566 164 50 28376 948364 96032 32% 33 2754267 403146 34%
c e 298.51 566 164 50 28376 948364 95943 32% 33 2753876 403064 34%
c s 298.63 566 164 50 28376 948364 95824 32% 33 2753716 403064 34%
c e 298.85 566 164 50 28376 948364 95823 32% 33 2753714 403062 34%
c p 300.41 566 166 50 28376 950015 130261 33% 33 2753714 403059 34%
c - 306.49 567 170 51 28377 970383 83184 34% 34 2753698 403059 34%
c W 313.27 567 172 51 28378 990081 102256 35% 35 2753698 403059 34%
c i 314.29 567 172 51 28378 993200 105219 35% 34 2753698 403058 34%
c - 320.17 569 171 52 28381 1008448 85531 35% 35 2753695 403058 34%
c ] 323.76 569 176 52 28390 1023008 99632 35% 34 2753695 403058 34%
c { 323.76 569 36 52 28390 1023008 99632  4% 9 2753695 403058 34%
c # 325.38 569 36 52 29053 1035083 111032  4% 9 2753695 403058 34%
c - 327.25 563 35 53 29870 1047242 87575  4% 9 2753695 403058 34%
c d 327.71 563 35 53 30021 1050015 90173  4% 9 2753691 403057 34%
c p 328.56 563 35 53 30021 1050015 141448  4% 9 2753691 403057 34%
c s 329.89 563 35 53 30304 1053714 144514  4% 9 2753625 403057 34%
c v 331.52 563 35 53 30304 1053714 144514  4% 9 2753363 403057 34%
c w 331.72 563 35 53 30304 1053714 144497  4% 9 2753363 403057 34%
c t 332.19 563 35 53 30304 1053714 144497  4% 9 2753330 403056 34%
c e 332.44 563 35 53 30304 1053714 144486  4% 9 2753310 403039 34%
c 
c  seconds    reductions         redundant    irredundant
c           MB      restarts             trail        variables
c            level        conflicts          glue           remaining
c 
c s 332.71 563 35 53 30304 1053714 144330  4% 9 2753285 403039 34%
c i 333.53 563 35 53 30508 1055581 146044  4% 9 2753285 402999 34%
c i 335.92 563 35 53 31601 1068545 158328  4% 9 2753285 402888 34%
c i 335.92 563 35 53 31601 1068547 158329  4% 9 2753285 402887 34%
c i 335.95 563 35 53 31613 1068693 158445  4% 9 2753285 402831 34%
c B 337.98 563 35 53 32619 1081084 170049  4% 9 2753285 402831 34%
c - 339.09 561 35 54 32961 1086770 93313  4% 9 2752374 402831 34%
c i 339.82 561 35 54 33234 1089825 96234  4% 9 2752374 402826 34%
c i 342.77 561 35 54 34409 1106718 111999  4% 9 2752374 402800 34%
c i 343.72 561 35 54 34737 1112649 117581  4% 9 2752374 402755 34%
c - 347.01 561 35 55 36139 1127026 100049  4% 9 2751975 402755 34%
c W 347.86 561 35 55 36234 1128086 101036  4% 9 2751975 402755 34%
c d 351.53 561 33 55 37754 1155017 125387  3% 9 2751899 402733 34%
c 2 352.01 561 33 55 37754 1155017 125530  3% 9 2751890 402729 34%
c p 352.37 561 33 55 37754 1155017 169653  3% 9 2751890 402729 34%
c s 354.38 561 32 55 38402 1164601 177033  3% 9 2751829 402729 34%
c v 355.84 561 32 55 38402 1164601 177033  3% 9 2751562 402729 34%
c w 356.03 561 32 55 38402 1164601 177001  3% 9 2751562 402729 34%
c t 356.51 561 32 55 38402 1164601 177001  3% 9 2751555 402727 34%
c e 356.78 561 32 55 38402 1164601 175877  3% 9 2751413 402668 34%
c 
c  seconds    reductions         redundant    irredundant
c           MB      restarts             trail        variables
c            level        conflicts          glue           remaining
c 
c s 356.91 561 32 55 38402 1164601 175650  3% 9 2751386 402668 34%
c - 358.41 561 32 56 38778 1168012 102186  3% 9 2751386 402668 34%
c F 359.96 561 32 56 39588 1176090 109664  3% 9 2751386 402668 34%
c - 367.70 562 34 57 42872 1209728 110472  4% 9 2751386 402668 34%
c i 368.47 562 35 57 43149 1211448 112110  4% 9 2751386 402667 34%
c i 368.95 562 35 57 43330 1212928 113502  4% 9 2751386 402666 34%
c B 373.83 562 36 57 44652 1225091 124842  4% 9 2751386 402666 34%
c i 375.40 562 37 57 45093 1228012 127586  4% 9 2751386 402665 34%
c i 383.82 562 39 57 47011 1244119 142605  5% 9 2751386 402606 34%
c i 386.54 562 40 57 47633 1252006 149959  5% 9 2751386 402603 34%
c i 386.54 562 40 57 47633 1252015 149963  5% 9 2751386 402457 34%
c - 386.96 562 41 58 47646 1252176 113778  5% 9 2750473 402457 34%
c i 388.37 562 40 58 47981 1257335 118453  5% 9 2750473 402456 34%
c i 388.37 562 40 58 47981 1257339 118455  5% 9 2750473 402450 34%
c i 388.38 562 40 58 47981 1257529 118613  5% 9 2750473 402397 34%
c i 388.38 562 40 58 47981 1257530 118613  5% 9 2750473 402393 34%
c i 389.11 562 40 58 48145 1258783 119771  5% 9 2750473 402390 34%
c i 389.11 562 40 58 48145 1258787 119771  5% 9 2750473 402255 34%
c i 389.12 562 40 58 48145 1258810 119791  5% 9 2750473 402254 34%
c i 389.59 562 41 58 48235 1259354 120308  5% 9 2750473 402251 34%
c 
c  seconds    reductions         redundant    irredundant
c           MB      restarts             trail        variables
c            level        conflicts          glue           remaining
c 
c i 389.60 562 41 58 48235 1259357 120309  5% 9 2750473 402249 34%
c i 391.36 562 41 58 48531 1262850 123620  5% 9 2750473 402248 34%
c i 392.00 562 41 58 48669 1264021 124728  5% 9 2750473 402247 34%
c i 392.13 562 41 58 48688 1264189 124886  5% 9 2750473 402245 34%
c i 392.47 562 41 58 48763 1264839 125431  5% 9 2750473 402239 34%
c d 392.70 562 41 58 48779 1265017 124972  5% 9 2749317 402222 34%
c d 392.85 562 41 58 48779 1265017 124972  5% 9 2749309 402220 34%
c 3 393.00 562 41 58 48779 1265017 125155  5% 9 2749309 402220 34%
c 2 393.40 562 41 58 48779 1265017 125185  5% 9 2749306 402220 34%
c p 394.13 562 41 58 48779 1265017 181243  5% 9 2749306 402219 34%
c W 401.52 566 43 58 50139 1275093 190691  5% 9 2749300 402219 34%
c i 401.94 566 43 58 50247 1275757 191284  5% 9 2749300 402147 34%
c i 403.14 566 44 58 50502 1277665 193100  5% 9 2749300 402146 34%
c i 403.21 566 44 58 50531 1277810 193238  5% 9 2749300 402145 34%
c i 404.22 566 44 58 50712 1279619 194935  5% 9 2749300 402144 34%
c s 405.46 566 44 58 50925 1281047 195118  6% 9 2748876 402144 34%
c v 407.16 566 44 58 50925 1281047 195118  6% 9 2748301 402144 34%
c w 407.36 566 44 58 50925 1281047 195098  6% 9 2748301 402144 34%
c t 408.23 566 44 58 50925 1281047 195098  6% 9 2748299 402144 34%
c e 408.51 566 44 58 50925 1281047 193367  6% 9 2747719 402003 34%
c 
c  seconds    reductions         redundant    irredundant
c           MB      restarts             trail        variables
c            level        conflicts          glue           remaining
c 
c s 408.75 566 44 58 50925 1281047 193074  6% 9 2747592 402003 34%
c e 408.95 566 44 58 50925 1281047 193074  6% 9 2747592 402002 34%
c i 410.80 566 45 58 51222 1283221 195151  6% 9 2747592 402001 34%
c i 417.92 566 46 58 52796 1294913 206152  6% 9 2747592 402000 34%
c i 417.93 566 46 58 52798 1294964 206196  6% 9 2747592 401999 34%
c i 417.93 566 46 58 52798 1294971 206197  6% 9 2747592 401995 34%
c - 418.41 562 46 59 52841 1295353 111946  6% 9 2747557 401995 34%
c i 418.48 562 46 59 52851 1295497 112082  6% 9 2747557 401994 34%
c i 421.90 562 46 59 53543 1302214 118321  6% 9 2747557 401993 34%
c i 427.28 562 48 59 54853 1311549 127090  6% 9 2747557 401992 34%
c i 427.77 562 48 59 54974 1312202 127712  6% 9 2747557 401991 34%
c i 432.59 562 48 59 55996 1320692 135640  6% 9 2747557 401990 34%
c i 434.90 562 49 59 56496 1324638 139305  6% 9 2747557 401989 34%
c i 435.02 562 49 59 56518 1324741 139396  6% 9 2747557 401988 34%
c # 435.96 562 49 59 56666 1326096 140675  6% 10 2747557 401988 34%
c i 440.27 562 50 59 57528 1332564 146724  7% 10 2747557 401987 34%
c i 442.60 562 50 59 58016 1336573 150536  7% 10 2747557 401986 34%
c i 444.10 562 50 59 58362 1338514 152381  7% 10 2747557 401985 34%
c - 444.95 563 51 60 58476 1339254 117213  7% 10 2747495 401985 34%
c i 444.99 563 51 60 58478 1339395 117335  7% 10 2747495 401984 34%
c 
c  seconds    reductions         redundant     irredundant
c           MB      restarts             trail         variables
c            level        conflicts          glue            remaining
c 
c i 448.59 563 51 60 59261 1345020 122646  7% 10 2747495 401982 34%
c i 452.15 563 52 60 60036 1350363 127575  7% 10 2747495 401981 34%
c i 452.28 563 52 60 60061 1350557 127764  7% 10 2747495 401980 34%
c i 452.98 563 52 60 60211 1351739 128887  7% 10 2747495 401979 34%
c i 460.66 563 53 60 61767 1364079 140494  7% 10 2747495 401978 34%
c i 461.85 563 53 60 61993 1365735 142083  7% 10 2747495 401973 34%
c i 466.69 563 53 60 63051 1374311 150189  7% 10 2747495 401972 34%
c i 467.25 563 53 60 63158 1375363 151125  7% 10 2747495 401971 34%
c B 469.57 563 54 60 63623 1378097 153698  7% 10 2747495 401971 34%
c i 470.26 563 54 60 63759 1379010 154549  8% 10 2747495 401970 34%
c d 471.14 563 54 60 63901 1380017 155384  8% 10 2747157 401923 34%
c p 472.62 563 54 60 63901 1380017 255129  8% 10 2747157 401921 34%
c - 475.58 564 55 61 64349 1383886 124300  8% 10 2747143 401921 34%
c i 477.28 564 55 61 64691 1387862 128026  8% 10 2747143 401920 34%
c i 482.53 564 55 61 65749 1395644 135392  8% 10 2747143 401919 34%
c i 484.18 564 56 61 66052 1397247 136922  8% 10 2747143 401918 34%
c i 484.75 564 56 61 66171 1398270 137894  8% 10 2747143 401917 34%
c i 485.10 564 56 61 66255 1398749 138354  8% 10 2747143 401916 34%
c i 487.37 564 56 61 66712 1402503 141908  8% 10 2747143 401915 34%
c s 488.05 564 56 61 66791 1403055 141452  8% 10 2746600 401915 34%
c 
c  seconds    reductions         redundant     irredundant
c           MB      restarts             trail         variables
c            level        conflicts          glue            remaining
c 
c v 489.98 564 56 61 66791 1403055 141452  8% 10 2745645 401915 34%
c w 490.24 564 56 61 66791 1403055 141421  8% 10 2745645 401915 34%
c t 490.41 564 56 61 66791 1403055 141394  8% 10 2745190 401898 34%
c e 490.70 564 56 61 66791 1403055 141346  8% 10 2744964 401836 34%
c s 490.91 564 56 61 66791 1403055 141028  8% 10 2744868 401836 34%
c e 491.13 564 56 61 66791 1403055 141028  8% 10 2744846 401831 34%
c i 495.28 564 57 61 67488 1407643 145363  8% 10 2744846 401826 34%
c i 497.57 564 57 61 67863 1411357 148853  8% 10 2744846 401811 34%
c i 507.13 564 59 61 69633 1424717 161360  8% 10 2744846 401801 34%
c i 508.34 564 58 61 69879 1427250 163648  8% 10 2744846 401720 34%
c i 508.36 564 58 61 69879 1427271 163664  8% 10 2744846 401719 34%
c - 509.47 564 58 62 70035 1429249 128741  8% 10 2744209 401719 34%
c W 511.31 564 58 62 70216 1431098 130489  8% 10 2744209 401719 34%
c i 511.61 564 58 62 70281 1431821 131147  8% 10 2744209 401717 34%
c i 511.96 564 58 62 70349 1432312 131602  8% 10 2744209 401716 34%
c i 521.02 564 59 62 72175 1447432 145922  9% 10 2744209 401715 34%
c i 521.67 564 60 62 72292 1448195 146643  9% 10 2744209 401714 34%
c i 525.56 564 60 62 73008 1454033 152223  9% 10 2744209 401713 34%
c i 525.56 564 60 62 73008 1454035 152224  9% 10 2744209 401711 34%
c i 525.56 564 60 62 73008 1454037 152224  9% 10 2744209 401708 34%
c 
c  seconds    reductions         redundant     irredundant
c           MB      restarts             trail         variables
c            level        conflicts          glue            remaining
c 
c i 526.25 564 60 62 73111 1454971 153105  9% 10 2744209 401707 34%
c i 531.80 564 61 62 74124 1463236 160924  9% 10 2744209 401705 34%
c i 531.88 564 61 62 74128 1463354 161038  9% 10 2744209 401686 34%
c i 532.13 564 61 62 74160 1463573 161237  9% 10 2744209 401673 34%
c i 532.13 564 61 62 74160 1463580 161242  9% 10 2744209 401671 34%
c i 533.94 564 61 62 74508 1465760 163326  9% 10 2744209 401670 34%
c i 537.61 564 61 62 75175 1472314 169461  9% 10 2744209 401669 34%
c - 539.90 564 61 63 75568 1475336 134916  9% 10 2743833 401669 34%
c F 546.85 564 61 63 76686 1485099 144193  9% 10 2743833 401669 34%
c i 551.63 564 60 63 77436 1493437 151990  9% 10 2743833 401668 34%
c i 555.28 564 61 63 78023 1498191 156503  9% 11 2743833 401667 34%
c d 556.81 564 61 63 78244 1500017 158190  9% 11 2743585 401610 34%
c 2 557.32 564 61 63 78244 1500017 158472  9% 11 2743578 401609 34%
c p 558.39 565 61 63 78244 1500017 328366  9% 11 2743578 401609 34%
c i 560.53 565 61 63 78567 1502783 330913  9% 11 2743578 401519 34%
c i 562.47 565 61 63 78890 1504986 332954  9% 11 2743578 401488 34%
c i 564.27 565 62 63 79189 1507806 335579  9% 11 2743578 401487 34%
c i 564.43 565 62 63 79224 1508026 335790  9% 11 2743578 401486 34%
c - 570.94 565 61 64 80298 1522155 138282  9% 11 2742868 401486 34%
c i 573.34 565 61 64 80665 1526184 141913  9% 11 2742868 401357 34%
c 
c  seconds    reductions         redundant     irredundant
c           MB      restarts             trail         variables
c            level        conflicts          glue            remaining
c 
c s 576.33 565 61 64 81143 1530570 145167  9% 11 2742452 401357 34%
c v 578.29 565 61 64 81143 1530570 145167  9% 11 2741507 401357 34%
c w 578.53 565 61 64 81143 1530570 145121  9% 11 2741507 401357 34%
c t 578.57 565 61 64 81143 1530570 145099  9% 11 2741362 401343 34%
c e 578.82 565 61 64 81143 1530570 142139  9% 11 2740499 401187 34%
c s 579.02 565 61 64 81143 1530570 141879  9% 11 2740356 401187 34%
c e 579.21 565 61 64 81143 1530570 141876  9% 11 2740342 401180 34%
c B 581.49 565 59 64 81401 1540100 150705  9% 10 2740342 401180 34%
c i 581.50 565 59 64 81404 1540315 150873  9% 10 2740342 401179 34%
c i 591.69 565 59 64 83320 1563075 171964  8% 10 2740342 401175 34%
c i 593.84 565 58 64 83699 1567087 175616  8% 10 2740342 401174 34%
c - 594.67 564 58 65 83794 1569699 137295  8% 10 2740212 401153 34%
c i 599.21 564 57 65 84621 1581394 148239  8% 10 2740212 401150 34%
c i 599.48 564 57 65 84674 1581953 148775  8% 10 2740212 401147 34%
c W 607.72 567 57 65 86107 1596103 162087  8% 10 2740186 401147 34%
c i 607.81 567 57 65 86127 1596311 162256  8% 10 2740186 400984 34%
c i 608.03 567 57 65 86185 1596759 162681  8% 10 2740186 400983 34%
c i 608.03 567 57 65 86186 1596774 162685  8% 10 2740186 400977 34%
c i 609.63 567 55 65 86485 1604483 169626  8% 10 2740186 400951 34%
c i 612.82 567 55 65 87082 1608937 173863  8% 10 2740186 400950 34%
c 
c  seconds    reductions         redundant     irredundant
c           MB      restarts             trail         variables
c            level        conflicts          glue            remaining
c 
c - 620.46 565 56 66 88461 1617967 145320  8% 10 2739321 400950 34%
c i 623.07 565 57 66 88937 1621055 148256  8% 10 2739321 400949 34%
c d 626.73 565 57 66 89565 1625018 151957  8% 10 2739221 400926 34%
c 2 627.31 565 57 66 89565 1625018 152320  8% 10 2739221 400926 34%
c p 628.20 565 57 66 89565 1625018 349495  8% 10 2739221 400924 34%
c i 635.81 565 58 66 90739 1634128 358077  8% 10 2739221 400923 34%
c i 638.96 565 58 66 91192 1638007 361684  8% 10 2739221 400922 34%
c i 638.96 565 58 66 91193 1638008 361684  8% 10 2739221 400921 34%
c i 639.11 565 58 66 91227 1638160 361824  8% 10 2739221 400920 34%
c i 644.78 565 59 66 92170 1644815 368146  9% 10 2739221 400919 34%
c # 651.55 565 59 66 93189 1653104 375995  9% 10 2739221 400919 34%
c s 659.04 565 59 66 94295 1663629 384728  9% 10 2738863 400919 34%
c v 661.28 565 59 66 94295 1663629 384728  9% 10 2738009 400919 34%
c w 661.56 565 59 66 94295 1663629 384708  9% 10 2738009 400919 34%
c t 661.61 565 59 66 94295 1663629 384698  9% 10 2737922 400821 34%
c e 661.96 565 59 66 94295 1663629 379754  9% 10 2736905 400468 34%
c s 662.24 565 59 66 94295 1663629 379479  9% 10 2736570 400468 34%
c e 662.47 565 59 66 94295 1663629 379103  9% 10 2736530 400442 34%
c - 666.41 566 60 67 94867 1666965 148848  9% 11 2736530 400442 34%
c i 666.64 566 60 67 94915 1667163 149036  9% 11 2736530 400441 34%
c 
c  seconds    reductions         redundant     irredundant
c           MB      restarts             trail         variables
c            level        conflicts          glue            remaining
c 
c i 666.64 566 60 67 94915 1667170 149039  9% 11 2736530 400438 34%
c i 672.85 566 60 67 95967 1678337 159467  9% 11 2736530 400437 34%
c i 678.52 566 60 67 96954 1687123 167757  9% 11 2736530 400436 34%
c i 683.75 566 60 67 97917 1694274 174549  9% 11 2736530 400435 34%
c i 683.99 566 61 67 97953 1694451 174719  9% 11 2736530 400434 34%
c i 686.79 566 61 67 98438 1699072 179119  9% 11 2736530 400433 34%
c i 689.51 566 61 67 98990 1703616 183459  9% 11 2736530 400431 34%
c B 695.92 566 62 67 100012 1711107 190546  9% 11 2736530 400431 34%
c i 698.35 566 62 67 100394 1714004 193265  9% 11 2736530 400430 34%
c i 698.35 566 62 67 100394 1714005 193265  9% 11 2736530 400429 34%
c i 699.06 566 62 67 100504 1714817 194047  9% 11 2736530 400427 34%
c - 701.22 566 62 68 100786 1716683 153220  9% 11 2736447 400427 34%
c i 707.73 566 63 68 101851 1724971 161127 10% 11 2736447 400426 34%
c i 720.32 566 63 68 103802 1746133 180997  9% 11 2736447 400425 34%
c d 727.58 566 64 68 104923 1755020 189466 10% 11 2736376 400409 34%
c 2 728.13 566 64 68 104923 1755020 189837 10% 11 2736374 400409 34%
c p 729.39 566 64 68 104923 1755020 434560 10% 11 2736374 400407 34%
c i 735.35 566 63 68 105770 1764508 443233 10% 11 2736374 400406 34%
c - 736.35 567 62 69 105847 1767132 158033  9% 11 2736352 400406 34%
c W 738.90 567 62 69 106172 1770110 160857  9% 11 2736352 400406 34%
c 
c  seconds    reductions          redundant     irredundant
c           MB      restarts              trail         variables
c            level         conflicts          glue            remaining
c 
c i 739.56 567 62 69 106269 1770909 161601  9% 11 2736352 400405 34%
c i 747.28 567 62 69 107499 1783157 173089  9% 11 2736352 400404 34%
c i 751.61 567 63 69 108239 1789821 179327 10% 11 2736352 400402 34%
c i 756.61 567 60 69 108977 1801932 190414  9% 11 2736351 400401 34%
c s 757.35 567 60 69 109032 1802266 189847  9% 11 2736125 400401 34%
c v 759.43 567 60 69 109032 1802266 189847  9% 11 2735256 400401 34%
c w 759.70 567 60 69 109032 1802266 189814  9% 11 2735256 400401 34%
c t 759.74 567 60 69 109032 1802266 189813  9% 11 2735137 400381 34%
c e 760.00 567 60 69 109032 1802266 189460  9% 11 2734825 400300 34%
c s 760.25 567 60 69 109032 1802266 189150  9% 11 2734710 400300 34%
c e 760.49 567 60 69 109032 1802266 189150  9% 11 2734669 400289 34%
c i 766.36 567 60 69 109911 1811350 197680  9% 11 2734669 400274 34%
c i 768.29 567 61 69 110221 1814647 200802  9% 11 2734669 400264 34%
c - 770.72 567 61 70 110576 1818314 160962  9% 11 2734546 400264 34%
c F 777.58 567 60 70 111612 1830111 172047  9% 11 2734546 400264 34%
c i 785.86 567 62 70 112935 1840220 181615  9% 11 2734546 400263 34%
c i 786.20 567 62 70 112984 1840683 182057  9% 11 2734546 400262 34%
c i 788.04 567 62 70 113307 1843446 184658  9% 11 2734546 400261 34%
c i 793.23 567 62 70 114162 1851410 192199 10% 11 2734546 400255 34%
c i 793.92 567 62 70 114279 1852496 193229 10% 11 2734546 400254 34%
c 
c  seconds    reductions          redundant     irredundant
c           MB      restarts              trail         variables
c            level         conflicts          glue            remaining
c 
c i 794.78 567 61 70 114384 1856639 197065  9% 11 2734546 400252 34%
c i 794.79 567 61 70 114387 1856650 197075  9% 11 2734546 400251 34%
c i 797.18 567 61 70 114734 1859962 200209  9% 11 2734546 400250 34%
c - 802.27 567 60 71 115551 1870219 165984  9% 11 2734467 400250 34%
c i 803.64 567 60 71 115718 1872736 168369  9% 11 2734467 400247 34%
c i 810.13 567 61 71 116752 1884811 179731  9% 11 2734467 400243 34%
c i 812.20 567 61 71 117046 1887597 182355  9% 11 2734467 400200 34%
c d 813.68 567 61 71 117237 1890020 184568  9% 11 2734095 400185 34%
c d 813.84 567 61 71 117237 1890020 184567  9% 11 2734092 400184 34%
c 2 814.27 567 61 71 117237 1890020 184940  9% 11 2734091 400184 34%
c p 815.72 567 61 71 117237 1890020 459371  9% 11 2734091 400181 34%
c B 816.65 567 61 71 117340 1891113 460402  9% 11 2734091 400181 34%
c i 817.64 567 61 71 117460 1891899 461161  9% 11 2734091 400179 34%
c i 824.70 567 59 71 118441 1907684 475904  9% 11 2734091 400154 34%
c - 832.93 567 58 72 119698 1922855 169849  9% 11 2733938 400150 34%
c i 845.87 567 59 72 121842 1944260 189756  9% 11 2733938 400149 34%
c i 846.38 567 59 72 121956 1945885 191294  9% 11 2733938 400148 34%
c s 847.01 567 59 72 122025 1946425 190940  9% 11 2733728 400148 34%
c v 848.90 567 59 72 122025 1946425 190940  9% 11 2733236 400148 34%
c w 849.15 567 59 72 122025 1946425 190917  9% 11 2733236 400148 34%
c 
c  seconds    reductions          redundant     irredundant
c           MB      restarts              trail         variables
c            level         conflicts          glue            remaining
c 
c t 849.19 567 59 72 122025 1946425 190908  9% 11 2733152 400147 34%
c e 849.44 567 59 72 122025 1946425 189519  9% 11 2733020 400050 34%
c s 849.67 567 59 72 122025 1946425 189282  9% 11 2732937 400050 34%
c i 855.37 567 59 72 122792 1953094 195597  9% 11 2732937 400049 34%
c W 856.27 570 59 72 122796 1953114 195615  9% 11 2732932 400049 34%
c i 858.82 570 60 72 123186 1956650 198948  9% 11 2732932 400047 34%
c i 865.44 570 61 72 124172 1964123 206099  9% 11 2732932 400046 34%
c i 869.95 570 61 72 124866 1970727 212264  9% 11 2732932 400038 34%
c - 872.37 568 60 73 125126 1976220 173207  9% 11 2732869 400037 34%
c i 873.91 568 61 73 125343 1979302 176116  9% 11 2732869 400036 34%
c i 874.81 568 61 73 125466 1981129 177746  9% 11 2732869 400035 34%
c i 879.13 568 61 73 126100 1987013 183296  9% 11 2732869 400033 34%
c # 894.15 568 57 73 128343 2016117 210646  9% 11 2732869 400033 34%
c i 904.74 568 59 73 129914 2026840 220768  9% 11 2732869 399971 34%
c d 907.14 568 60 73 130239 2030023 223440  9% 11 2732478 399951 34%
c d 907.28 568 60 73 130239 2030023 223440  9% 11 2732442 399939 34%
c 3 907.45 568 60 73 130239 2030023 223761  9% 11 2732442 399939 34%
c 2 907.93 568 60 73 130239 2030023 223898  9% 11 2732442 399938 34%
c p 909.31 574 60 73 130239 2030023 1275555  9% 11 2732442 399293 34%
c d 909.57 574 60 73 130239 2030023 1262204  9% 11 2729110 399290 34%
c 
c  seconds    reductions           redundant     irredundant
c           MB      restarts               trail         variables
c            level         conflicts           glue            remaining
c 
c d 909.77 574 60 73 130239 2030023 1262072  9% 11 2729077 399279 34%
c - 910.40 574 60 74 130251 2030312 175432  9% 11 2729077 399279 34%
c } 922.11 574 60 74 132053 2047009 191156  9% 11 2729075 399279 34%
c [ 922.11 574 176 74 132053 2047009 191156 35% 34 2729075 399279 34%
c i 927.73 574 181 74 132062 2070119 213527 35% 33 2729075 399278 34%
c I 931.81 574 181 74 132067 2080124 223055 35% 33 2729075 399278 34%
c - 933.13 579 182 75 132070 2085123 179806 34% 33 2729069 399278 34%
c s 935.86 579 183 75 132072 2096124 189121 35% 32 2727830 399278 34%
c v 937.79 579 183 75 132072 2096124 189121 35% 32 2727165 399278 34%
c w 938.03 579 183 75 132072 2096124 189087 35% 32 2727165 399278 34%
c t 938.11 579 183 75 132072 2096124 189072 35% 32 2726801 399252 34%
c e 938.41 579 183 75 132072 2096124 184827 35% 32 2725992 398486 34%
c s 938.74 579 183 75 132072 2096124 184457 35% 32 2725517 398486 34%
c e 938.95 579 183 75 132072 2096124 184450 35% 32 2725489 398460 34%
c - 950.87 581 180 76 132087 2140665 171363 35% 31 2725489 398460 34%
c B 952.01 581 178 76 132087 2145125 175714 35% 31 2725489 398460 34%
c d 964.67 581 171 76 132102 2175024 204174 34% 34 2725482 398458 34%
c 2 965.28 581 171 76 132102 2175024 204600 34% 34 2725481 398457 34%
c p 965.98 581 171 76 132102 2175024 234023 34% 34 2725481 398421 34%
c - 971.39 583 168 77 132104 2196923 169290 35% 34 2725196 398421 34%
c 
c  seconds     reductions          redundant     irredundant
c           MB       restarts              trail         variables
c             level         conflicts          glue            remaining
c 
c W 975.71 583 168 77 132104 2211126 183124 36% 35 2725196 398421 34%
c i 975.94 583 168 77 132104 2211690 183666 36% 35 2725196 398420 34%
c s 992.98 583 168 77 132105 2251469 221723 37% 38 2724987 398420 34%
c v 994.75 583 168 77 132105 2251469 221723 37% 38 2724668 398420 34%
c w 994.96 583 168 77 132105 2251469 221719 37% 38 2724668 398420 34%
c t 995.00 583 168 77 132105 2251469 221719 37% 38 2724481 398418 34%
c e 995.29 583 168 77 132105 2251469 221590 37% 38 2724379 398350 34%
c s 995.45 583 168 77 132105 2251469 221541 37% 38 2724354 398350 34%
c e 995.69 583 168 77 132105 2251469 221541 37% 38 2724351 398348 34%
c - 996.93 585 168 78 132105 2253914 168494 37% 38 2724351 398348 34%
c O 1004.40 585 167 78 132105 2278128 191870 37% 39 2724351 398348 34%
c - 1015.24 585 160 79 132106 2311632 169225 37% 38 2724351 398348 34%
c p 1019.82 585 159 79 132106 2325024 194172 37% 39 2724351 398348 34%
c B 1028.09 585 157 79 132106 2346129 214401 36% 38 2724351 398348 34%
c - 1034.94 585 191 80 132106 2370078 171504 37% 37 2724351 398348 34%
c s 1047.98 585 229 80 132106 2412352 212056 38% 42 2724293 398348 34%
c v 1049.57 585 229 80 132106 2412352 212056 38% 42 2723840 398348 34%
c w 1049.79 585 229 80 132106 2412352 212045 38% 42 2723840 398348 34%
c t 1049.84 585 229 80 132106 2412352 212045 38% 42 2723834 398346 34%
c e 1050.14 585 229 80 132106 2412352 212044 38% 42 2723817 398333 34%
c 
c   seconds     reductions          redundant     irredundant
c            MB       restarts              trail         variables
c              level         conflicts          glue            remaining
c 
c s 1050.21 585 229 80 132106 2412352 211995 38% 42 2723786 398333 34%
c e 1050.45 585 229 80 132106 2412352 211990 38% 42 2723782 398332 34%
c W 1052.39 600 228 80 132106 2415132 214663 38% 43 2723782 398332 34%
c - 1056.26 587 226 81 132108 2429255 172350 38% 41 2723782 398332 34%
c d 1070.45 587 209 81 132134 2480026 221210 37% 37 2723777 398331 34%
c p 1071.59 587 209 81 132134 2480026 233005 37% 37 2723777 398331 34%
c I 1073.88 587 210 81 132135 2485133 237919 37% 37 2723777 398331 34%
c - 1074.83 582 214 82 132136 2489163 173054 36% 37 2723777 398331 34%
c - 1090.26 582 201 83 132157 2549798 175866 35% 34 2723777 398331 34%
c B 1091.69 582 200 83 132159 2556136 181956 34% 34 2723777 398331 34%
c s 1099.33 582 199 83 132168 2578769 203401 35% 34 2723741 398331 34%
c v 1100.96 582 199 83 132168 2578769 203401 35% 34 2723375 398331 34%
c w 1101.18 582 199 83 132168 2578769 203384 35% 34 2723375 398331 34%
c t 1101.21 582 199 83 132168 2578769 203384 35% 34 2723370 398331 34%
c e 1101.50 582 199 83 132168 2578769 203379 35% 34 2723342 398307 34%
c s 1101.67 582 199 83 132168 2578769 203250 35% 34 2723294 398307 34%
c i 1105.05 582 196 83 132168 2587343 211536 35% 34 2723294 398306 34%
c - 1111.56 585 190 84 132169 2611166 177309 37% 36 2723288 398306 34%
c W 1118.95 585 182 84 132171 2628137 193486 37% 37 2723288 398306 34%
c d 1122.59 585 181 84 132177 2640028 204933 37% 37 2723274 398302 34%
c 
c   seconds     reductions          redundant     irredundant
c            MB       restarts              trail         variables
c              level         conflicts          glue            remaining
c 
c p 1123.64 585 181 84 132177 2640028 217587 37% 37 2723274 398302 34%
c i 1133.59 585 180 84 132191 2672219 248487 37% 35 2723274 398300 34%
c - 1134.25 584 180 85 132192 2673260 179767 37% 35 2723261 398300 34%
c O 1141.59 584 177 85 132200 2701138 206822 37% 35 2723261 398300 34%
c - 1154.85 585 169 86 132215 2736086 182738 38% 34 2723261 398300 34%
c s 1160.01 585 167 86 132221 2750720 196661 37% 34 2723216 398300 34%
c v 1161.62 585 167 86 132221 2750720 196661 37% 34 2722410 398300 34%
c w 1161.87 585 167 86 132221 2750720 196643 37% 34 2722410 398294 34%
c t 1161.91 585 167 86 132221 2750720 196643 37% 34 2722397 398294 34%
c e 1162.15 585 167 86 132221 2750720 195524 37% 34 2722311 398270 34%
c s 1162.28 585 167 86 132221 2750720 195352 37% 34 2722279 398270 34%
c B 1169.18 585 169 86 132230 2775140 219030 38% 34 2722279 398270 34%
c - 1171.09 580 140 87 132232 2799641 181704 30% 29 2722279 398270 34%
c d 1171.56 580 134 87 132232 2805028 186320 29% 28 2722275 398269 34%
c p 1172.72 580 134 87 132232 2805028 204235 29% 28 2722275 398269 34%
c W 1188.26 580 211 87 132233 2850143 247281 31% 34 2722275 398269 34%
c - 1191.30 588 203 88 132233 2863925 184957 31% 35 2722275 398269 34%
c i 1204.73 588 183 88 132247 2917788 236293 32% 38 2722275 398268 34%
c I 1206.38 588 180 88 132248 2926147 244044 32% 38 2722275 398268 34%
c s 1206.72 588 176 88 132250 2928193 245688 31% 38 2722237 398268 34%
c 
c   seconds     reductions          redundant     irredundant
c            MB       restarts              trail         variables
c              level         conflicts          glue            remaining
c 
c v 1208.26 588 176 88 132250 2928193 245688 31% 38 2721926 398268 34%
c w 1208.47 588 176 88 132250 2928193 245671 31% 38 2721926 398268 34%
c t 1208.51 588 176 88 132250 2928193 245670 31% 38 2721921 398268 34%
c e 1208.77 588 176 88 132250 2928193 245650 31% 38 2721904 398261 34%
c s 1208.85 588 176 88 132250 2928193 245470 31% 38 2721890 398261 34%
c e 1209.09 588 176 88 132250 2928193 245462 31% 38 2721886 398258 34%
c - 1209.72 588 176 89 132251 2928938 187648 31% 38 2721886 398258 34%
c d 1226.17 588 163 89 132264 2975029 231222 30% 39 2721881 398257 34%
c p 1227.34 588 163 89 132264 2975029 272640 30% 39 2721881 398257 34%
c - 1234.15 586 156 90 132276 2994682 185696 29% 40 2721881 398257 34%
c B 1237.78 586 152 90 132279 3003148 192817 28% 42 2721881 398257 34%
c i 1247.93 586 172 90 132295 3043019 231319 30% 38 2721881 398256 34%
c - 1254.11 585 171 91 132296 3061153 188277 30% 37 2721876 398256 34%
c W 1261.15 585 180 91 132296 3081152 207637 33% 38 2721876 398256 34%
c s 1270.20 585 179 91 132309 3111200 236372 34% 36 2721819 398256 34%
c v 1271.84 585 179 91 132309 3111200 236372 34% 36 2721059 398256 34%
c w 1272.08 585 179 91 132309 3111200 236359 34% 36 2721059 398250 34%
c t 1272.12 585 179 91 132309 3111200 236359 34% 36 2721053 398250 34%
c e 1272.42 585 179 91 132309 3111200 234239 34% 36 2720969 398215 34%
c s 1272.59 585 179 91 132309 3111200 234008 34% 36 2720908 398215 34%
c 
c   seconds     reductions          redundant     irredundant
c            MB       restarts              trail         variables
c              level         conflicts          glue            remaining
c 
c - 1278.88 585 180 92 132314 3128356 189215 33% 36 2720908 398215 34%
c i 1282.79 585 183 92 132322 3142497 203027 34% 35 2720908 398214 34%
c p 1286.99 585 184 92 132325 3150031 263422 34% 35 2720908 398214 34%
c O 1289.39 585 184 92 132327 3160153 273136 34% 35 2720908 398214 34%
c - 1302.57 587 171 93 132341 3196284 194099 36% 35 2720902 398214 34%
c B 1316.80 587 172 93 132357 3240156 236716 36% 34 2720902 398214 34%
c - 1322.05 587 190 94 132359 3264943 197849 37% 34 2720902 398214 34%
c s 1332.58 587 187 94 132360 3299728 231078 38% 34 2720857 398214 34%
c v 1334.35 587 187 94 132360 3299728 231078 38% 34 2720192 398214 34%
c w 1334.59 587 187 94 132360 3299728 231068 38% 34 2720192 398214 34%
c t 1334.62 587 187 94 132360 3299728 231068 38% 34 2720179 398214 34%
c e 1334.89 587 187 94 132360 3299728 230617 38% 34 2720125 398182 34%
c s 1335.06 587 187 94 132360 3299728 230446 38% 34 2720097 398182 34%
c W 1343.04 587 182 94 132360 3321157 250940 38% 33 2720097 398182 34%
c p 1346.98 587 177 94 132360 3330037 329594 37% 34 2720097 398181 34%
c - 1348.97 589 176 95 132360 3334333 198078 37% 34 2720092 398181 34%
c I 1368.16 589 173 95 132361 3403158 264541 38% 36 2720092 398181 34%
c - 1368.69 590 176 96 132361 3404449 199126 38% 36 2720092 398181 34%
c i 1369.23 590 178 96 132361 3408555 203019 37% 36 2720092 398180 34%
c i 1371.63 590 180 96 132361 3422480 216517 34% 36 2720092 398179 34%
c 
c   seconds     reductions          redundant     irredundant
c            MB       restarts              trail         variables
c              level         conflicts          glue            remaining
c 
c i 1372.43 590 180 96 132361 3426027 219972 33% 36 2720092 398178 34%
c - 1385.89 588 259 97 132361 3475300 199312 33% 38 2720075 398178 34%
c B 1388.44 588 255 97 132361 3486162 209840 34% 37 2720075 398178 34%
c s 1391.22 588 262 97 132362 3493782 217027 34% 38 2720048 398178 34%
c v 1392.89 588 262 97 132362 3493782 217027 34% 38 2719633 398178 34%
c w 1393.14 588 262 97 132362 3493782 217016 34% 38 2719633 398178 34%
c t 1393.17 588 262 97 132362 3493782 217016 34% 38 2719610 398178 34%
c e 1393.46 588 262 97 132362 3493782 214090 34% 38 2719596 398164 34%
c s 1393.62 588 262 97 132362 3493782 213899 34% 38 2719550 398164 34%
c e 1393.84 588 262 97 132362 3493782 213857 34% 38 2719548 398163 34%
c p 1400.29 588 255 97 132362 3515037 300914 37% 39 2719548 398163 34%
c - 1414.13 591 229 98 132362 3546876 199470 36% 41 2719548 398163 34%
c W 1426.84 591 213 98 132362 3570164 221895 37% 42 2719548 398163 34%
c - 1447.99 599 186 99 132362 3619180 202704 40% 49 2719548 398163 34%
c O 1465.35 599 170 99 132362 3655166 237022 41% 53 2719548 398163 34%
c - 1474.12 596 160 100 132362 3692215 209261 41% 47 2719548 398163 34%
c s 1474.73 596 159 100 132362 3693362 210259 41% 47 2719525 398163 34%
c v 1476.42 596 159 100 132362 3693362 210259 41% 47 2718686 398163 34%
c w 1476.67 596 159 100 132362 3693362 210255 41% 47 2718686 398163 34%
c t 1476.70 596 159 100 132362 3693362 210255 41% 47 2718683 398163 34%
c 
c   seconds      reductions          redundant     irredundant
c            MB        restarts              trail         variables
c              level          conflicts          glue            remaining
c 
c e 1476.95 596 159 100 132362 3693362 209428 41% 47 2718658 398137 34%
c s 1477.02 596 159 100 132362 3693362 209243 41% 47 2718630 398137 34%
c d 1480.42 596 160 100 132362 3705037 220243 40% 47 2718623 398135 34%
c p 1481.63 596 160 100 132362 3705037 269830 40% 47 2718623 398134 34%
c B 1493.21 596 164 100 132362 3741168 304265 41% 45 2718623 398134 34%
c - 1499.84 590 163 101 132369 3765980 206429 40% 43 2718611 398134 34%
c W 1522.79 590 165 101 132393 3828169 265813 39% 43 2718611 398134 34%
c - 1529.42 592 160 102 132395 3840471 208242 39% 44 2718611 398134 34%
c s 1548.55 592 161 102 132423 3898457 264162 39% 40 2718581 398134 34%
c v 1550.29 592 161 102 132423 3898457 264162 39% 40 2718159 398134 34%
c w 1550.56 592 161 102 132423 3898457 264141 39% 40 2718159 398134 34%
c t 1550.60 592 161 102 132423 3898457 264141 39% 40 2718155 398134 34%
c e 1550.89 592 161 102 132423 3898457 264118 39% 40 2718115 398110 34%
c s 1551.12 592 161 102 132423 3898457 263949 39% 40 2718077 398110 34%
c p 1553.29 592 161 102 132423 3900037 361449 39% 40 2718077 398110 34%
c - 1557.77 590 162 103 132424 3915697 212282 39% 39 2718077 398110 34%
c I 1557.88 590 162 103 132424 3916170 212749 39% 39 2718077 398110 34%
c - 1564.86 579 122 104 132443 3991647 204399 22% 30 2718077 398110 34%
c B 1569.61 579 130 104 132451 4005171 217442 23% 30 2718077 398110 34%
c - 1589.04 588 152 105 132471 4068327 213238 29% 31 2718077 398110 34%
c 
c   seconds      reductions          redundant     irredundant
c            MB        restarts              trail         variables
c              level          conflicts          glue            remaining
c 
c ] 1597.51 588 157 105 132485 4095011 239052 31% 31 2718077 398110 34%
c { 1597.51 588 60 105 132485 4095011 239052  9% 11 2718077 398110 34%
c B 1597.58 588 60 105 132497 4095173 239191  9% 11 2718077 398110 34%
c d 1598.65 588 60 105 132563 4100039 243581  9% 11 2718051 398103 34%
c p 1599.79 588 60 105 132563 4100039 360297  9% 11 2718051 398103 34%
c s 1604.20 588 59 105 133166 4109082 368067  9% 11 2717988 398103 34%
c v 1605.94 588 59 105 133166 4109082 368067  9% 11 2717417 398103 34%
c w 1606.20 588 59 105 133166 4109082 368047  9% 11 2717417 398103 34%
c t 1606.25 588 59 105 133166 4109082 368047  9% 11 2717395 398103 34%
c e 1606.60 588 59 105 133166 4109082 367755  9% 11 2717345 398063 34%
c s 1606.87 588 59 105 133166 4109082 367616  9% 11 2717309 398063 34%
c e 1607.13 588 59 105 133166 4109082 367591  9% 11 2717304 398060 34%
c i 1614.47 588 59 105 134374 4124575 381887  9% 11 2717304 398057 34%
c i 1617.88 588 58 105 134997 4132983 389737  9% 11 2717304 398056 34%
c - 1622.26 581 56 106 135773 4145736 216560  8% 11 2717282 398056 34%
c i 1628.06 581 55 106 136694 4156748 226897  8% 11 2717282 397997 34%
c i 1641.90 581 57 106 138921 4175306 244457  8% 11 2717282 397996 34%
c W 1649.32 585 56 106 140017 4186175 254282  8% 11 2717002 397996 34%
c - 1672.80 577 57 107 144044 4223871 226811  9% 11 2717002 397996 34%
c F 1708.19 577 58 107 150072 4278177 277073  9% 11 2717002 397996 34%
c 
c   seconds     reductions          redundant     irredundant
c            MB       restarts              trail         variables
c             level          conflicts          glue            remaining
c 
c - 1728.15 578 59 108 153213 4302737 235806  9% 11 2717002 397996 34%
c d 1728.40 578 58 108 153213 4305039 237962  9% 11 2716883 397966 34%
c 2 1728.85 578 58 108 153213 4305039 238389  9% 11 2716881 397966 34%
c p 1730.43 578 58 108 153213 4305039 525427  9% 11 2716881 397965 34%
c s 1739.27 578 54 108 154476 4325232 541160  8% 11 2716618 397965 34%
c v 1741.50 578 54 108 154476 4325232 541160  8% 11 2715768 397965 34%
c w 1741.85 578 54 108 154476 4325232 541137  8% 11 2715768 397965 34%
c t 1741.90 578 54 108 154476 4325232 541128  8% 11 2715720 397958 34%
c e 1742.20 578 54 108 154476 4325232 540434  8% 11 2715537 397876 34%
c s 1742.48 578 54 108 154476 4325232 540035  8% 11 2715431 397876 34%
c e 1742.72 578 54 108 154476 4325232 539988  8% 11 2715417 397867 34%
c i 1755.24 578 52 108 156491 4348074 559914  8% 11 2715417 397866 34%
c B 1770.96 578 52 108 158927 4371180 581381  8% 11 2715417 397866 34%
c - 1778.19 577 52 109 160004 4382332 238438  8% 11 2715412 397866 34%
c 
c caught signal 15 (SIGTERM)
c 
c --- [ result ] -------------------------------------------------------------
c 
c UNKNOWN
c 
c --- [ run-time profiling ] -------------------------------------------------
c 
c process time taken by individual solving procedures
c (percentage relative to process time for solving)
c 
c      1627.91   91.23% search
c       814.67   45.65% stable
c       795.73   44.59% unstable
c       156.57    8.77% simplify
c        61.49    3.45% vivify
c        22.48    1.26% probe
c        17.44    0.98% walk
c        17.36    0.97% elim
c        15.15    0.85% subsume
c        13.68    0.77% ternary
c         1.38    0.08% parse
c         0.07    0.00% lucky
c   =================================
c      1784.47   99.92% solve
c 
c last line shows process time for solving
c (percentage relative to total process time)
c 
c --- [ statistics ] ---------------------------------------------------------
c 
c chronological:            854365        19.45 %  of conflicts
c conflicts:               4392661      2461.60    per second
c decisions:              16310816      9140.40    per second
c eliminated:                 3106         0.26 %  of all variables
c fixed:                    308511        26.00 %  of all variables
c learned:                 4319944        98.34 %  per conflict
c learned_lits:          279817083       100.00 %  learned literals
c minimized:                     0         0.00 %  learned literals
c shrunken:               27184925         9.72 %  learned literals
c minishrunken:           36539095        13.06 %  learned literals
c otfs:                      12149         0.28 %  of conflict
c propagations:        15527051544         8.70 M  per second
c reduced:                 3853496        87.73 %  per conflict
c rephased:                     93     47232.91    interval
c restarts:                 161143        27.26    interval
c stabilizing:                   6        62.15 %  of conflicts
c substituted:                 341         0.03 %  of all variables
c subsumed:                 208239         2.00 %  of all clauses
c strengthened:             187405         1.80 %  of all clauses
c ternary:                   27248         1.30 %  of resolved
c trail reuses:                  0         0.00 %  of incremental calls
c vivified:                  22291         0.21 %  of all clauses
c walked:                       29    151471.07    interval
c weakened:                  15669         2.87    average size
c 
c seconds are measured in process time for solving
c 
c --- [ resources ] ----------------------------------------------------------
c 
c total process time since initialization:      1785.85    seconds
c total real time since initialization:         1800.02    seconds
c maximum resident set size of process:          741.68    MB
c 
c raising signal 15 (SIGTERM)
