c --- [ banner ] -------------------------------------------------------------
c 
c CaDiCaL SAT Solver
c Copyright (c) 2016-2023 A. Biere, M. Fleury, N. Froleyks, K. Fazekas, F. Pollitt
c 
c Version 1.9.5 146207318796f094dcded87349a64f0c6927309e
c g++ (Ubuntu 13.3.0-6ubuntu2~24.04.1) 13.3.0 -Wall -Wextra -O3 -DNDEBUG
c Wed Sep 30 06:02:32 JST 2026 Linux ikutoPC 6.6.87.2-microsoft-standard-WSL2 x86_64
c 
c --- [ limit ] --------------------------------------------------------------
c 
c setting conflict limit to 1000000 conflicts (due to '1000000')
c 
c --- [ proof tracing ] ------------------------------------------------------
c 
c opening file to write '/tmp/conway99-seven-profile-rank5_08_profile_0004-cKtIIp/proof.drat'
c writing non-binary proof trace to '/tmp/conway99-seven-profile-rank5_08_profile_0004-cKtIIp/proof.drat'
c 
c --- [ parsing input ] ------------------------------------------------------
c 
c reading DIMACS file from '/mnt/c/Users/ikuto/projects/conway-99-graph/acceleration/results/20260930_hadamard_seven_remaining_cnfs/run01/rank5_08_profile_0004/instance.cnf'
c opening file to read '/mnt/c/Users/ikuto/projects/conway-99-graph/acceleration/results/20260930_hadamard_seven_remaining_cnfs/run01/rank5_08_profile_0004/instance.cnf'
c found 'p cnf 9872 170454' header
c parsed 170454 clauses in 0.07 seconds process time
c 
c --- [ options ] ------------------------------------------------------------
c 
c   --binary=false                 (different from default 'true')
c 
c --- [ solving ] ------------------------------------------------------------
c 
c time measured in process time since initialization
c 
c  seconds  reductions  redundant  irredundant
c         MB    restarts       trail      variables
c          level   conflicts       glue        remaining
c 
c *  0.07 17  0 0   0    0    0  0% 0 120522 6945 70%
c {  0.07 18  0 0   0    0    0  0% 0 120522 6945 70%
c i  0.07 18  1 0   0    3    2 34% 1 120522 6944 70%
c i  0.07 18  7 0   0   19   10 35% 5 120522 6943 70%
c i  0.07 18  5 0   0   27   16 36% 3 120522 6893 70%
c i  0.07 18  5 0   0   28   16 36% 3 120522 6892 70%
c i  0.07 18  6 0   0   30   17 37% 3 120522 6891 70%
c i  0.07 18  6 0   0   32   18 37% 3 120522 6890 70%
c i  0.07 18  6 0   0   33   18 37% 3 120522 6889 70%
c i  0.08 19 31 0  24  196  128 53% 7 120522 6888 70%
c i  0.08 19 37 0  31  298  202 52% 7 120522 6871 70%
c -  0.09 19 37 1  31  301  184 52% 7 115539 6826 69%
c i  0.09 19 34 1  31  326  196 53% 6 115539 6825 69%
c i  0.09 19 33 1  35  363  230 52% 7 115539 6823 69%
c i  0.10 19 25 1  43  574  364 53% 6 115539 6192 63%
c i  0.10 19 25 1  43  583  368 53% 6 115539 6191 63%
c i  0.10 19 25 1  43  590  373 53% 6 115539 6190 63%
c i  0.10 19 25 1  43  591  373 53% 6 115539 6189 63%
c i  0.10 19 26 1  49  636  412 53% 7 115539 6188 63%
c i  0.10 19 26 1  49  637  412 53% 7 115539 6187 63%
c 
c  seconds  reductions  redundant  irredundant
c         MB    restarts       trail      variables
c          level   conflicts       glue        remaining
c 
c i  0.10 19 26 1  49  638  412 53% 7 115539 6186 63%
c i  0.10 19 26 1  50  639  412 53% 7 115539 6185 63%
c i  0.11 19 26 1  51  648  419 54% 7 115539 6180 63%
c i  0.11 19 25 1  57  716  437 54% 7 115539 6179 63%
c i  0.11 19 25 1  60  738  452 54% 7 115539 6178 63%
c i  0.11 19 24 1  60  756  462 54% 7 115539 6174 63%
c i  0.11 19 24 1  66  848  530 54% 6 115539 6173 63%
c i  0.11 19 24 1  66  849  530 54% 6 115539 6172 63%
c i  0.11 19 24 1  66  850  530 54% 6 115539 6155 62%
c i  0.11 19 23 1  66  857  536 54% 6 115539 6154 62%
c i  0.11 19 23 1  66  861  537 54% 6 115539 6099 62%
c -  0.13 23 23 2  67  938  209 54% 6 95223 6099 62%
c i  0.13 23 23 2  72  973  231 54% 6 95223 6055 61%
c i  0.13 23 23 2  72  974  231 54% 6 95223 6054 61%
c }  0.13 23 22 2  72 1001  252 54% 6 95223 6054 61%
c [  0.13 23  0 2  72 1001  252  0% 0 95223 6054 61%
c O  0.13 23  1 2  72 1002  252 66% 0 95223 6054 61%
c i  0.13 23  1 2  72 1002  252 66% 0 95223 6053 61%
c i  0.13 23  1 2  72 1004  253 63% 0 95223 6052 61%
c i  0.13 23  1 2  72 1005  253 63% 0 95223 6051 61%
c 
c  seconds  reductions  redundant  irredundant
c         MB    restarts       trail     variables
c          level   conflicts       glue       remaining
c 
c i  0.13 23  1 2  72 1006  253 62% 0 95223 6024 61%
c i  0.13 23 20 2  72 1040  282 59% 3 95223 6005 61%
c ]  0.15 23 24 2  72 1485  610 58% 10 95223 3889 39%
c 0  0.15 23 24 2  72 1485  610 58% 10 95223 3889 39%
c 
c --- [ closing proof ] ------------------------------------------------------
c 
c DRAT proof file '/tmp/conway99-seven-profile-rank5_08_profile_0004-cKtIIp/proof.drat' closed
c DRAT 10607 added clauses 11.81%
c DRAT 79244 deleted clauses 88.19%
c DRAT 2235226 bytes (2.13 MB)
c 
c --- [ result ] -------------------------------------------------------------
c 
s UNSATISFIABLE
c 
c --- [ run-time profiling ] -------------------------------------------------
c 
c process time taken by individual solving procedures
c (percentage relative to process time for solving)
c 
c         0.08   99.20% search
c         0.07   85.60% parse
c         0.06   74.23% unstable
c         0.02   23.19% stable
c         0.00    1.69% lucky
c         0.00    0.00% simplify
c   =================================
c         0.08   53.59% solve
c 
c last line shows process time for solving
c (percentage relative to total process time)
c 
c --- [ statistics ] ---------------------------------------------------------
c 
c chronological:               628        42.29 %  of conflicts
c conflicts:                  1485     18618.12    per second
c decisions:                  5034     63113.55    per second
c fixed:                      5983        60.61 %  of all variables
c learned:                    1320        88.89 %  per conflict
c learned_lits:              65785       100.00 %  learned literals
c minimized:                     0         0.00 %  learned literals
c shrunken:                  34066        51.78 %  learned literals
c minishrunken:               7150        10.87 %  learned literals
c otfs:                         19         1.28 %  of conflict
c propagations:             720281         9.03 M  per second
c reduced:                       4         0.27 %  per conflict
c rephased:                      1      1485.00    interval
c restarts:                     72        20.62    interval
c stabilizing:                   1        32.59 %  of conflicts
c subsumed:                    272         0.22 %  of all clauses
c strengthened:                 19         0.02 %  of all clauses
c trail reuses:                  0         0.00 %  of incremental calls
c 
c seconds are measured in process time for solving
c 
c --- [ resources ] ----------------------------------------------------------
c 
c total process time since initialization:         0.15    seconds
c total real time since initialization:            0.91    seconds
c maximum resident set size of process:           23.05    MB
c 
c --- [ shutting down ] ------------------------------------------------------
c 
c exit 20
