validators	Check root Python syntax without running experiments	﻿2026-09-30T10:25:36.5841925Z ##[group]Run python - <<'PY'
validators	Check root Python syntax without running experiments	2026-09-30T10:25:36.5842283Z ^[[36;1mpython - <<'PY'^[[0m
validators	Check root Python syntax without running experiments	2026-09-30T10:25:36.5842541Z ^[[36;1mfrom pathlib import Path^[[0m
validators	Check root Python syntax without running experiments	2026-09-30T10:25:36.5842993Z ^[[36;1mfiles = sorted(Path('.').glob('*.py')) + sorted(Path('acceleration').glob('*.py'))^[[0m
validators	Check root Python syntax without running experiments	2026-09-30T10:25:36.5843430Z ^[[36;1mfor path in files:^[[0m
validators	Check root Python syntax without running experiments	2026-09-30T10:25:36.5843739Z ^[[36;1m    compile(path.read_bytes(), str(path), 'exec')^[[0m
validators	Check root Python syntax without running experiments	2026-09-30T10:25:36.5844135Z ^[[36;1mprint(f'Compiled {len(files)} Python source files')^[[0m
validators	Check root Python syntax without running experiments	2026-09-30T10:25:36.5844465Z ^[[36;1mPY^[[0m
validators	Check root Python syntax without running experiments	2026-09-30T10:25:36.5916358Z shell: /usr/bin/bash -e {0}
validators	Check root Python syntax without running experiments	2026-09-30T10:25:36.5916633Z env:
validators	Check root Python syntax without running experiments	2026-09-30T10:25:36.5916915Z   pythonLocation: /opt/hostedtoolcache/Python/3.12.14/x64
validators	Check root Python syntax without running experiments	2026-09-30T10:25:36.5917367Z   PKG_CONFIG_PATH: /opt/hostedtoolcache/Python/3.12.14/x64/lib/pkgconfig
validators	Check root Python syntax without running experiments	2026-09-30T10:25:36.5917798Z   Python_ROOT_DIR: /opt/hostedtoolcache/Python/3.12.14/x64
validators	Check root Python syntax without running experiments	2026-09-30T10:25:36.5918182Z   Python2_ROOT_DIR: /opt/hostedtoolcache/Python/3.12.14/x64
validators	Check root Python syntax without running experiments	2026-09-30T10:25:36.5918616Z   Python3_ROOT_DIR: /opt/hostedtoolcache/Python/3.12.14/x64
validators	Check root Python syntax without running experiments	2026-09-30T10:25:36.5919012Z   LD_LIBRARY_PATH: /opt/hostedtoolcache/Python/3.12.14/x64/lib
validators	Check root Python syntax without running experiments	2026-09-30T10:25:36.5919341Z ##[endgroup]
validators	Check root Python syntax without running experiments	2026-09-30T10:25:40.6401119Z Traceback (most recent call last):
validators	Check root Python syntax without running experiments	2026-09-30T10:25:40.6409277Z   File "<stdin>", line 4, in <module>
validators	Check root Python syntax without running experiments	2026-09-30T10:25:40.6410010Z   File "acceleration/theory_20260930_count_interval_frechet.py", line 21
validators	Check root Python syntax without running experiments	2026-09-30T10:25:40.6410793Z     n,m=sig['counts'][3*x+f],sig['counts'][3*y+g];lo=max(0,n+m-3);hi=min(n,m,1 if f==g else2);checked+=1
validators	Check root Python syntax without running experiments	2026-09-30T10:25:40.6411464Z                                                                              ^^^^^^^^^
validators	Check root Python syntax without running experiments	2026-09-30T10:25:40.6411982Z SyntaxError: expected 'else' after 'if' expression
validators	Check root Python syntax without running experiments	2026-09-30T10:25:40.6499912Z ##[error]Process completed with exit code 1.
