c --- [ banner ] -------------------------------------------------------------
c 
c CaDiCaL SAT Solver
c Copyright (c) 2016-2023 A. Biere, M. Fleury, N. Froleyks, K. Fazekas, F. Pollitt
c 
c Version 1.9.5 146207318796f094dcded87349a64f0c6927309e
c g++ (Ubuntu 13.3.0-6ubuntu2~24.04.1) 13.3.0 -Wall -Wextra -O3 -DNDEBUG
c Wed Sep 30 06:02:32 JST 2026 Linux ikutoPC 6.6.87.2-microsoft-standard-WSL2 x86_64
c 
c --- [ limit ] --------------------------------------------------------------
c 
c setting conflict limit to 1000000 conflicts (due to '1000000')
c 
c --- [ proof tracing ] ------------------------------------------------------
c 
c opening file to write '/tmp/conway99-seven-profile-rank5_52_profile_0002-RuhU2G/proof.drat'
c writing non-binary proof trace to '/tmp/conway99-seven-profile-rank5_52_profile_0002-RuhU2G/proof.drat'
c 
c --- [ parsing input ] ------------------------------------------------------
c 
c reading DIMACS file from '/mnt/c/Users/ikuto/projects/conway-99-graph/acceleration/results/20260930_hadamard_seven_remaining_cnfs/run02/rank5_52_profile_0002/instance.cnf'
c opening file to read '/mnt/c/Users/ikuto/projects/conway-99-graph/acceleration/results/20260930_hadamard_seven_remaining_cnfs/run02/rank5_52_profile_0002/instance.cnf'
c found 'p cnf 9872 170454' header
c parsed 170454 clauses in 0.06 seconds process time
c 
c --- [ options ] ------------------------------------------------------------
c 
c   --binary=false                 (different from default 'true')
c 
c --- [ solving ] ------------------------------------------------------------
c 
c time measured in process time since initialization
c 
c  seconds  reductions  redundant  irredundant
c         MB    restarts       trail      variables
c          level   conflicts       glue        remaining
c 
c *  0.06 17  0 0   0    0    0  0% 0 120522 6945 70%
c {  0.06 18  0 0   0    0    0  0% 0 120522 6945 70%
c i  0.07 18 34 0   1   41   31 46% 6 120522 6944 70%
c i  0.07 18 34 0   2   60   42 48% 8 120522 6891 70%
c i  0.07 18 33 0   3   64   45 48% 7 120522 6793 69%
c i  0.08 19 22 0   8  234  192 51% 6 120522 6777 69%
c i  0.08 19 21 0  10  249  204 51% 6 120522 6776 69%
c i  0.08 19 20 0  10  269  223 51% 6 120522 6775 69%
c -  0.08 19 21 1  10  302  243 52% 6 112788 6775 69%
c i  0.09 19 21 1  11  370  301 53% 6 112788 6774 69%
c i  0.09 19 21 1  11  371  301 53% 6 112788 6773 69%
c i  0.09 19 21 1  11  373  302 53% 6 112788 6772 69%
c i  0.09 19 21 1  11  374  302 53% 6 112788 6771 69%
c i  0.09 19 21 1  11  376  303 53% 6 112788 6770 69%
c i  0.09 19 20 1  16  465  365 53% 6 112788 6769 69%
c i  0.10 19 20 1  31  571  451 54% 6 112788 6766 69%
c i  0.10 19 19 1  31  578  457 54% 6 112788 6765 69%
c i  0.10 19 19 1  31  606  484 54% 5 112788 5988 61%
c }  0.10 19 18 1  31  621  494 54% 5 112788 5063 51%
c 0  0.10 19 18 1  31  621  494 54% 5 112788 5063 51%
c 
c --- [ closing proof ] ------------------------------------------------------
c 
c DRAT proof file '/tmp/conway99-seven-profile-rank5_52_profile_0002-RuhU2G/proof.drat' closed
c DRAT 6969 added clauses 10.51%
c DRAT 59331 deleted clauses 89.49%
c DRAT 1657790 bytes (1.58 MB)
c 
c --- [ result ] -------------------------------------------------------------
c 
s UNSATISFIABLE
c 
c --- [ run-time profiling ] -------------------------------------------------
c 
c process time taken by individual solving procedures
c (percentage relative to process time for solving)
c 
c         0.06  168.58% parse
c         0.04   97.98% search
c         0.03   94.13% unstable
c         0.00    3.77% lucky
c         0.00    0.00% simplify
c   =================================
c         0.04   36.89% solve
c 
c last line shows process time for solving
c (percentage relative to total process time)
c 
c --- [ statistics ] ---------------------------------------------------------
c 
c chronological:               296        47.67 %  of conflicts
c conflicts:                   621     16798.31    per second
c decisions:                  2169     58672.37    per second
c fixed:                      4809        48.71 %  of all variables
c learned:                     577        92.91 %  per conflict
c learned_lits:              32331       100.00 %  learned literals
c minimized:                     0         0.00 %  learned literals
c shrunken:                  15286        47.28 %  learned literals
c minishrunken:               2820         8.72 %  learned literals
c otfs:                          3         0.48 %  of conflict
c propagations:             347847         9.41 M  per second
c restarts:                     31        20.03    interval
c subsumed:                     54         0.04 %  of all clauses
c strengthened:                  3         0.00 %  of all clauses
c trail reuses:                  0         0.00 %  of incremental calls
c 
c seconds are measured in process time for solving
c 
c --- [ resources ] ----------------------------------------------------------
c 
c total process time since initialization:         0.10    seconds
c total real time since initialization:            0.76    seconds
c maximum resident set size of process:           19.64    MB
c 
c --- [ shutting down ] ------------------------------------------------------
c 
c exit 20
