c --- [ banner ] -------------------------------------------------------------
c 
c CaDiCaL SAT Solver
c Copyright (c) 2016-2023 A. Biere, M. Fleury, N. Froleyks, K. Fazekas, F. Pollitt
c 
c Version 1.9.5 146207318796f094dcded87349a64f0c6927309e
c g++ (Ubuntu 13.3.0-6ubuntu2~24.04.1) 13.3.0 -Wall -Wextra -O3 -DNDEBUG
c Wed Sep 30 06:02:32 JST 2026 Linux ikutoPC 6.6.87.2-microsoft-standard-WSL2 x86_64
c 
c --- [ limit ] --------------------------------------------------------------
c 
c setting conflict limit to 10000 conflicts (due to '10000')
c 
c --- [ proof tracing ] ------------------------------------------------------
c 
c opening file to write '/mnt/c/Users/ikuto/projects/conway-99-graph/acceleration/results/20260930_native_cli_calibration/sat/proof.drat'
c writing non-binary proof trace to '/mnt/c/Users/ikuto/projects/conway-99-graph/acceleration/results/20260930_native_cli_calibration/sat/proof.drat'
c 
c --- [ parsing input ] ------------------------------------------------------
c 
c reading DIMACS file from '/mnt/c/Users/ikuto/projects/conway-99-graph/acceleration/results/20260930_native_cli_calibration/sat/instance.cnf'
c opening file to read '/mnt/c/Users/ikuto/projects/conway-99-graph/acceleration/results/20260930_native_cli_calibration/sat/instance.cnf'
c found 'p cnf 2 2' header
c parsed 2 clauses in 0.00 seconds process time
c 
c --- [ options ] ------------------------------------------------------------
c 
c   --binary=false                 (different from default 'true')
c 
c --- [ solving ] ------------------------------------------------------------
c 
c time measured in process time since initialization
c 
c  seconds  reductions  redundant irredundant
c         MB    restarts       trail    variables
c          level   conflicts       glue     remaining
c 
c *  0.00  4  0 0   0    0    0  0% 0    2   2 100%
c l  0.00  4  0 0   0    0    0  0% 0    2   2 100%
c 1  0.00  4  0 0   0    0    0  0% 0    2   2 100%
c 
c --- [ closing proof ] ------------------------------------------------------
c 
c DRAT proof file '/mnt/c/Users/ikuto/projects/conway-99-graph/acceleration/results/20260930_native_cli_calibration/sat/proof.drat' closed
c DRAT 0 added clauses 0.00%
c DRAT 0 deleted clauses 0.00%
c DRAT 0 bytes (0.00 MB)
c 
c --- [ result ] -------------------------------------------------------------
c 
s SATISFIABLE
v 1 2 0
c 
c --- [ run-time profiling ] -------------------------------------------------
c 
c process time taken by individual solving procedures
c (percentage relative to process time for solving)
c 
c         0.00  124.36% parse
c         0.00   10.90% lucky
c         0.00   10.90% search
c         0.00    0.00% simplify
c   =================================
c         0.00    8.69% solve
c 
c last line shows process time for solving
c (percentage relative to total process time)
c 
c --- [ statistics ] ---------------------------------------------------------
c 
c lucky:                         1       100.00 %  of tried
c minimized:                     0         0.00 %  learned literals
c shrunken:                      0         0.00 %  learned literals
c minishrunken:                  0         0.00 %  learned literals
c propagations:                  0         0.00 M  per second
c trail reuses:                  0         0.00 %  of incremental calls
c 
c seconds are measured in process time for solving
c 
c --- [ resources ] ----------------------------------------------------------
c 
c total process time since initialization:         0.00    seconds
c total real time since initialization:            0.02    seconds
c maximum resident set size of process:            3.75    MB
c 
c --- [ shutting down ] ------------------------------------------------------
c 
c exit 10
