c --- [ banner ] -------------------------------------------------------------
c 
c CaDiCaL SAT Solver
c Copyright (c) 2016-2023 A. Biere, M. Fleury, N. Froleyks, K. Fazekas, F. Pollitt
c 
c Version 1.9.5 146207318796f094dcded87349a64f0c6927309e
c g++ (Ubuntu 13.3.0-6ubuntu2~24.04.1) 13.3.0 -Wall -Wextra -O3 -DNDEBUG
c Wed Sep 30 06:02:32 JST 2026 Linux ikutoPC 6.6.87.2-microsoft-standard-WSL2 x86_64
c 
c --- [ limit ] --------------------------------------------------------------
c 
c setting conflict limit to 2000000 conflicts (due to '2000000')
c 
c --- [ proof tracing ] ------------------------------------------------------
c 
c opening file to write '/tmp/conway99-hadamard-ordered-sIE5pp/proof.drat'
c writing non-binary proof trace to '/tmp/conway99-hadamard-ordered-sIE5pp/proof.drat'
c 
c --- [ parsing input ] ------------------------------------------------------
c 
c reading DIMACS file from '/mnt/c/Users/ikuto/projects/conway-99-graph/acceleration/results/20260930_hadamard_prism_ordered_cnf/instance.cnf'
c opening file to read '/mnt/c/Users/ikuto/projects/conway-99-graph/acceleration/results/20260930_hadamard_prism_ordered_cnf/instance.cnf'
c found 'p cnf 595464 3336642' header
c parsed 3336642 clauses in 1.40 seconds process time
c 
c --- [ options ] ------------------------------------------------------------
c 
c   --binary=false                 (different from default 'true')
c 
c --- [ solving ] ------------------------------------------------------------
c 
c time measured in process time since initialization
c 
c  seconds   reductions  redundant   irredundant
c          MB    restarts       trail        variables
c           level   conflicts       glue           remaining
c 
c *  1.40 425  0 0   0    0    0  0% 0 3335370 477348 80%
c {  1.51 456  0 0   0    0    0  0% 0 3335370 477348 80%
c i  1.52 457 796 0   0   12    6 22% 1 3335370 477346 80%
c -  1.97 469 215 1  37  302  276 27% 5 2982286 477346 80%
c }  2.37 469 84 1  82 1000  880 28% 5 2982286 477346 80%
c [  2.37 469  0 1  82 1000  880  0% 0 2982286 477346 80%
c i  2.37 469  4 1  82 1001  880 21% 0 2982286 477344 80%
c O  2.39 469  8 1  82 1002  881 36% 5 2982286 477344 80%
c -  3.27 569 35 2  82 1786 1497 53% 15 2981738 477344 80%
c ]  3.94 569 34 2  83 3000 2473 51% 15 2981738 477344 80%
c {  3.94 569 84 2  83 3000 2473 28% 5 2981738 477344 80%
c F  4.55 546 84 2  84 3004 2477  3% 5 2981738 477344 80%
c -  5.22 569 52 3 178 4013 2792 12% 5 2981738 477344 80%
c i  5.26 569 51 3 189 4106 2872 12% 5 2981738 477342 80%
c i  5.26 569 51 3 189 4107 2872 12% 5 2981738 477341 80%
c d  6.00 590 44 3 294 5000 3676 11% 5 2979105 476619 80%
c d  6.12 590 44 3 294 5000 3676 11% 5 2978621 476443 80%
c 2  6.53 590 44 3 294 5000 3693 11% 5 2924701 476443 80%
c p  6.72 591 44 3 294 5000 117392 11% 5 2924701 476403 80%
c d  6.87 591 44 3 294 5000 91721 11% 5 2904796 476400 80%
c 
c  seconds   reductions   redundant   irredundant
c          MB    restarts        trail        variables
c           level   conflicts        glue           remaining
c 
c d  6.99 591 44 3 294 5000 91719 11% 5 2895604 473058 79%
c i  7.21 591 43 3 338 5191 91889 12% 5 2895604 473057 79%
c i  7.21 591 43 3 338 5192 91889 12% 5 2895604 473055 79%
c s  7.90 591 43 3 376 5613 92073 12% 5 2895352 473055 79%
c v  8.58 592 43 3 376 5613 92073 12% 5 2895352 473055 79%
c w  8.71 592 43 3 376 5613 92064 12% 5 2895352 473055 79%
c t  8.84 592 43 3 376 5613 92064 12% 5 2895352 473054 79%
c e  9.76 597 43 3 376 5613 52601 12% 5 2777836 364007 61%
c s 10.34 553 43 3 376 5613 52578 12% 5 2739582 364007 61%
c e 10.71 575 43 3 376 5613 50822 12% 5 2738684 363248 61%
c # 11.20 575 44 3 409 6010 51197 11% 5 2738684 363248 61%
c i 11.40 575 42 3 443 6695 51800 10% 5 2738684 363244 61%
c - 12.13 579 41 4 493 6984 2521 10% 6 2737039 363244 61%
c } 12.18 600 41 4 497 7001 2538 10% 6 2737039 363244 61%
c [ 12.18 600 34 4 497 7001 2538 64% 15 2737039 363244 61%
c I 13.98 537 38 4 499 10011 5155  5% 14 2737039 363244 61%
c - 14.28 537 57 5 500 10640 5155  7% 15 2737039 363244 61%
c d 16.19 538 55 5 502 15000 8974 17% 16 2736550 363077 61%
c 2 16.69 538 55 5 502 15000 8936 17% 16 2735475 363077 61%
c p 16.89 539 55 5 502 15000 158193 17% 16 2735475 363005 61%
c 
c  seconds   reductions    redundant     irredundant
c          MB    restarts          trail         variables
c           level    conflicts         glue            remaining
c 
c ] 17.02 539 55 5 502 15001 158194 17% 16 2735475 363005 61%
c { 17.02 539 41 5 502 15001 158194 13% 6 2735475 363005 61%
c B 17.03 539 41 5 504 15012 158204 13% 6 2735475 363005 61%
c - 17.29 535 41 6 509 15028 6543 13% 6 2696020 363005 61%
c i 17.57 555 40 6 576 15373 6796 13% 6 2696020 363004 61%
c i 17.57 555 40 6 576 15374 6796 13% 6 2696020 363003 61%
c i 17.57 555 40 6 576 15375 6796 13% 6 2696020 363002 61%
c i 17.96 555 40 6 688 16023 7355 13% 6 2696020 363001 61%
c i 18.01 555 40 6 699 16117 7445 13% 6 2696020 363000 61%
c s 18.56 555 39 6 777 17281 8425 12% 6 2691153 363000 61%
c w 19.29 555 39 6 777 17281 8409 12% 6 2691153 362999 61%
c t 19.46 555 39 6 777 17281 8409 12% 6 2690998 362985 61%
c e 19.70 556 39 6 777 17281 7403 12% 6 2678810 356785 60%
c s 19.83 556 39 6 777 17281 7375 12% 6 2677109 356785 60%
c e 20.01 556 39 6 777 17281 7373 12% 6 2677005 356656 60%
c i 20.14 556 39 6 777 17290 7379 12% 6 2677005 356650 60%
c - 21.52 534 39 7 1068 20132 6967 11% 6 2674316 356650 60%
c i 21.63 554 38 7 1102 20409 7206 11% 6 2674316 356649 60%
c i 21.63 554 38 7 1102 20411 7207 11% 6 2674316 356646 60%
c W 22.54 554 38 7 1215 21013 7716 11% 6 2672685 356646 60%
c 
c  seconds   reductions    redundant   irredundant
c          MB    restarts         trail        variables
c           level     conflicts       glue           remaining
c 
c i 22.68 554 37 7 1253 21186 7862 11% 6 2672685 356645 60%
c i 22.68 554 37 7 1257 21203 7870 11% 6 2672685 356644 60%
c i 22.83 554 37 7 1316 21604 8206 11% 6 2672685 356643 60%
c i 22.83 554 37 7 1316 21605 8206 11% 6 2672685 356642 60%
c i 22.83 554 37 7 1316 21606 8206 11% 6 2672685 356641 60%
c i 23.51 554 36 7 1536 23913 10100 11% 6 2672685 356640 60%
c - 24.59 534 35 8 1736 25957 9704 11% 6 2669456 356640 60%
c F 25.57 554 34 8 2009 28015 11404 11% 6 2669456 356640 60%
c i 26.21 554 34 8 2179 29224 12353 11% 6 2669456 356639 60%
c d 26.61 554 33 8 2249 30000 12955 11% 6 2666769 355917 60%
c d 26.71 554 33 8 2249 30000 12955 11% 6 2666625 355869 60%
c 2 27.07 554 33 8 2249 30000 13078 11% 6 2666396 355864 60%
c p 27.33 556 33 8 2249 30000 214417 11% 6 2666396 355840 60%
c d 27.46 556 33 8 2249 30000 193815 11% 6 2651145 355839 60%
c d 27.57 556 33 8 2249 30000 193773 11% 6 2646975 354439 60%
c i 27.64 556 33 8 2264 30141 193892 11% 6 2646975 354438 60%
c i 27.64 556 33 8 2264 30142 193892 11% 6 2646975 354437 60%
c } 27.87 556 33 8 2304 31002 194596 11% 6 2646975 354437 60%
c [ 27.87 556 55 8 2304 31002 194596 17% 16 2646975 354437 60%
c - 28.57 541 56 9 2304 32509 12021 16% 18 2645904 354437 60%
c 
c  seconds   reductions     redundant    irredundant
c          MB    restarts          trail         variables
c           level     conflicts        glue            remaining
c 
c s 29.35 561 55 9 2306 34730 13415 15% 20 2645472 354437 60%
c v 30.02 561 55 9 2306 34730 13415 15% 20 2645463 354437 60%
c w 30.13 561 55 9 2306 34730 13410 15% 20 2645463 354437 60%
c t 30.40 561 55 9 2306 34730 13410 15% 20 2645154 354425 60%
c e 30.63 562 55 9 2306 34730 13107 15% 20 2644607 353206 59%
c s 30.71 562 55 9 2306 34730 13080 15% 20 2643610 353206 59%
c e 30.87 562 55 9 2306 34730 13079 15% 20 2643594 353166 59%
c B 31.61 562 63 9 2307 36016 14227 16% 21 2643594 353166 59%
c - 33.50 542 74 10 2309 39776 13428 16% 22 2643594 353166 59%
c W 36.34 542 64 10 2311 45017 17737 17% 20 2643594 353166 59%
c - 37.61 542 60 11 2312 47772 13798 17% 20 2643594 353166 59%
c i 38.22 542 59 11 2312 49154 15022 17% 19 2643594 353165 59%
c 2 38.97 542 58 11 2312 50002 15789 17% 19 2643505 353161 59%
c p 39.27 542 58 11 2312 50002 218020 17% 19 2643505 353121 59%
c d 39.41 542 58 11 2312 50002 183651 17% 19 2619444 353118 59%
c d 39.52 542 58 11 2312 50002 183648 17% 19 2612582 350804 59%
c O 41.51 542 55 11 2313 55018 187168 17% 20 2612582 350804 59%
c - 42.23 541 54 12 2314 56493 16228 17% 20 2612582 350804 59%
c s 42.76 541 54 12 2315 57969 17207 16% 21 2612284 350804 59%
c v 43.47 541 54 12 2315 57969 17207 16% 21 2612266 350804 59%
c 
c  seconds   reductions      redundant    irredundant
c          MB     restarts          trail         variables
c           level      conflicts        glue            remaining
c 
c w 43.59 541 54 12 2315 57969 17186 16% 21 2612266 350804 59%
c t 43.89 541 54 12 2315 57969 17186 16% 21 2611996 350769 59%
c e 44.11 541 54 12 2315 57969 16652 16% 21 2611389 349734 59%
c s 44.17 541 54 12 2315 57969 16642 16% 21 2610596 349734 59%
c e 44.34 541 54 12 2315 57969 16638 16% 21 2610578 349701 59%
c ] 45.96 541 51 12 2318 63002 20434 16% 20 2610578 349701 59%
c { 45.96 541 33 12 2318 63002 20434 11% 6 2610578 349701 59%
c i 46.58 541 33 12 2458 64615 21722 11% 7 2610578 349698 59%
c - 47.49 560 32 13 2619 65929 16109 11% 7 2609510 349698 59%
c B 47.52 560 32 13 2619 66021 16171 11% 7 2609510 349698 59%
c i 49.58 560 33 13 3101 70910 20314 11% 7 2609510 349691 59%
c i 49.60 560 34 13 3101 71292 20583 11% 7 2609510 349690 59%
c i 50.37 560 35 13 3274 74392 22764 11% 7 2609510 349689 59%
c d 50.68 560 35 13 3312 75016 23075 10% 7 2605537 349587 59%
c d 50.79 560 35 13 3312 75016 23074 10% 7 2604414 349205 59%
c 2 51.17 560 35 13 3312 75016 22882 10% 7 2604315 349191 59%
c p 51.50 560 35 13 3312 75016 183788 10% 7 2604315 349102 59%
c d 51.64 560 35 13 3312 75016 152495 10% 7 2553886 349098 59%
c d 51.76 560 35 13 3312 75016 152425 10% 7 2538953 344065 58%
c i 51.98 560 35 13 3368 75370 152713 10% 7 2538953 344064 58%
c 
c  seconds   reductions      redundant   irredundant
c          MB     restarts          trail        variables
c           level      conflicts        glue           remaining
c 
c - 52.66 576 35 14 3469 76078 18191 10% 7 2538947 344064 58%
c i 53.04 576 35 14 3556 76742 18761 11% 7 2538947 344063 58%
c i 53.04 576 35 14 3556 76744 18761 11% 7 2538947 344061 58%
c i 53.04 576 35 14 3557 76773 18765 11% 7 2538947 344042 58%
c W 54.31 536 34 14 3715 78023 19348 11% 7 2532388 344042 58%
c - 57.75 536 33 15 4526 86898 21248 10% 7 2532388 344042 58%
c s 57.96 536 33 15 4527 86972 21109 10% 7 2530974 344042 58%
c v 58.68 536 33 15 4527 86972 21109 10% 7 2530936 344042 58%
c w 58.79 536 33 15 4527 86972 21098 10% 7 2530936 344042 58%
c t 59.19 536 33 15 4527 86972 21098 10% 7 2530936 344013 58%
c e 59.43 536 33 15 4527 86972 19767 10% 7 2528427 340965 57%
c s 59.53 536 33 15 4527 86972 19745 10% 7 2526851 340965 57%
c e 59.71 536 33 15 4527 86972 19730 10% 7 2526827 340900 57%
c i 60.01 536 33 15 4559 87155 19898 10% 7 2526827 340899 57%
c i 60.11 536 33 15 4582 87316 20047 10% 7 2526827 340898 57%
c i 60.59 536 33 15 4696 88753 21267 10% 7 2526827 340897 57%
c # 61.40 536 33 15 4902 91024 23189 10% 7 2526827 340897 57%
c i 61.63 536 33 15 5005 91632 23655 10% 7 2526827 340896 57%
c i 62.03 536 32 15 5108 92546 24346 10% 7 2526827 340895 57%
c i 62.03 536 32 15 5108 92548 24347 10% 7 2526827 340894 57%
c 
c  seconds   reductions      redundant   irredundant
c          MB     restarts          trail        variables
c           level      conflicts        glue           remaining
c 
c - 64.49 516 32 16 5629 98435 23260 10% 7 2523750 340894 57%
c i 64.50 536 32 16 5629 98487 23302 10% 7 2523750 340893 57%
c d 67.22 536 31 16 6250 105016 28277 10% 7 2522322 340594 57%
c d 67.32 536 31 16 6250 105016 28277 10% 7 2522184 340548 57%
c 2 67.70 536 31 16 6250 105016 28254 10% 7 2521953 340537 57%
c p 68.13 538 31 16 6250 105016 261151 10% 7 2521953 340484 57%
c d 68.27 538 31 16 6250 105016 243480 10% 7 2491276 340481 57%
c d 68.39 538 31 16 6250 105016 243466 10% 7 2482123 337396 57%
c B 68.39 538 31 16 6250 105026 243473 10% 7 2482123 337396 57%
c i 68.90 538 31 16 6367 105729 244090 11% 7 2482123 337395 57%
c i 69.40 538 31 16 6483 107202 245234 11% 7 2482123 337394 57%
c i 69.49 538 31 16 6501 107474 245452 11% 7 2482123 337393 57%
c i 69.78 538 31 16 6568 108049 245934 11% 7 2482123 337389 57%
c - 71.32 515 30 17 6843 110685 27218 11% 7 2479137 337389 57%
c i 73.16 534 30 17 7230 115574 31036 11% 7 2479137 337388 57%
c W 75.53 535 30 17 7559 120030 34567 11% 7 2478649 337388 57%
c s 76.30 535 30 17 7695 121657 35695 11% 7 2476947 337388 57%
c v 77.03 535 30 17 7695 121657 35695 11% 7 2476932 337388 57%
c w 77.16 535 30 17 7695 121657 35671 11% 7 2476932 337385 57%
c t 77.63 535 30 17 7695 121657 35671 11% 7 2476932 337363 57%
c 
c  seconds   reductions       redundant   irredundant
c          MB     restarts           trail        variables
c           level      conflicts         glue           remaining
c 
c e 77.88 535 30 17 7695 121657 33840 11% 7 2473008 334664 56%
c s 78.00 535 30 17 7695 121657 33792 11% 7 2471109 334664 56%
c e 78.17 535 30 17 7695 121657 33754 11% 7 2471072 334609 56%
c - 79.21 515 30 18 7856 123617 27123 11% 7 2471072 334609 56%
c } 80.46 534 30 18 8171 127002 29832 11% 7 2471072 334609 56%
c [ 80.46 534 51 18 8171 127002 29832 16% 20 2471072 334609 56%
c i 81.07 534 53 18 8172 128632 31279 16% 20 2471072 334606 56%
c B 84.62 534 52 18 8176 136031 37827 16% 20 2471072 334606 56%
c - 85.36 535 53 19 8177 137256 30789 16% 20 2469539 334606 56%
c d 86.67 535 52 19 8179 140017 33150 17% 20 2469080 334451 56%
c 2 87.12 535 52 19 8179 140017 32967 17% 20 2468830 334450 56%
c p 87.58 537 52 19 8179 140017 223115 17% 20 2468830 334251 56%
c - 93.02 514 48 20 8180 151611 30996 17% 19 2395810 334251 56%
c W 94.36 532 48 20 8181 153033 32201 17% 19 2395810 334251 56%
c s 98.15 532 45 20 8181 162042 39358 17% 19 2386707 334251 56%
c v 98.89 532 45 20 8181 162042 39358 17% 19 2386705 334251 56%
c w 99.01 532 45 20 8181 162042 39338 17% 19 2386705 334238 56%
c t 99.55 532 45 20 8181 162042 39338 17% 19 2386705 334225 56%
c e 99.82 533 45 20 8181 162042 36982 17% 19 2368469 323060 54%
c s 99.98 533 45 20 8181 162042 36903 17% 19 2365980 323060 54%
c 
c  seconds    reductions       redundant    irredundant
c           MB     restarts           trail         variables
c            level      conflicts         glue            remaining
c 
c e 100.16 533 45 20 8181 162042 36871 17% 19 2365942 323003 54%
c - 103.14 512 43 21 8181 166601 28528 18% 19 2365942 323003 54%
c I 105.15 531 42 21 8183 171038 32056 18% 19 2365942 323003 54%
c 2 108.96 531 45 21 8188 180020 39652 21% 19 2365618 323003 54%
c p 109.40 532 45 21 8188 180020 195381 21% 19 2365618 322992 54%
c - 110.77 513 45 22 8189 182272 31304 21% 19 2361893 322992 54%
c B 114.07 532 44 22 8194 190043 37544 22% 19 2361893 322992 54%
c - 117.40 531 44 23 8196 198648 31359 22% 19 2361893 322992 54%
c s 121.54 531 43 23 8200 208007 38916 22% 19 2359722 322992 54%
c v 122.27 531 43 23 8200 208007 38916 22% 19 2359651 322992 54%
c w 122.39 531 43 23 8200 208007 38895 22% 19 2359651 322992 54%
c t 122.93 531 43 23 8200 208007 38895 22% 19 2359646 322969 54%
c e 123.13 531 43 23 8200 208007 38575 22% 19 2356497 321425 54%
c s 123.23 531 43 23 8200 208007 38509 22% 19 2355052 321425 54%
c e 123.39 531 43 23 8200 208007 38473 22% 19 2354725 321278 54%
c W 125.31 533 42 23 8202 210044 40079 22% 19 2354725 321278 54%
c - 127.61 513 42 24 8204 215736 31654 22% 19 2354725 321278 54%
c d 131.45 513 42 24 8210 225024 39539 22% 19 2354725 321277 54%
c 2 131.86 513 42 24 8210 225024 39649 22% 19 2354640 321276 54%
c p 132.36 513 42 24 8210 225024 425317 22% 19 2354640 321202 54%
c 
c  seconds    reductions       redundant     irredundant
c           MB     restarts            trail         variables
c            level      conflicts          glue            remaining
c 
c d 132.50 513 42 24 8210 225024 390111 22% 19 2320508 321199 54%
c d 132.62 513 42 24 8210 225024 390101 22% 19 2310440 317795 53%
c O 135.09 513 41 24 8211 231047 395046 21% 18 2310440 317795 53%
c - 136.42 512 41 25 8211 233525 38267 21% 18 2310440 317795 53%
c - 144.99 531 42 26 8212 251963 40132 22% 18 2310440 317795 53%
c B 145.45 531 42 26 8212 253048 41081 22% 18 2310440 317795 53%
c ] 146.39 531 43 26 8213 255002 42819 22% 18 2310440 317795 53%
c { 146.39 531 30 26 8213 255002 42819 12% 7 2310440 317795 53%
c s 148.91 531 30 26 8737 259735 46724 12% 7 2309716 317795 53%
c v 149.67 531 30 26 8737 259735 46724 12% 7 2309545 317795 53%
c w 149.79 531 30 26 8737 259735 46702 12% 7 2309545 317794 53%
c t 150.41 531 30 26 8737 259735 46702 12% 7 2308052 317782 53%
c e 150.62 531 30 26 8737 259735 43186 12% 7 2306459 316164 53%
c s 150.71 531 30 26 8737 259735 43150 12% 7 2304779 316164 53%
c e 150.87 531 30 26 8737 259735 42861 12% 7 2304612 316027 53%
c - 154.83 510 29 27 9595 271131 37487 12% 7 2304612 316027 53%
c 2 156.59 510 29 27 9890 275025 39341 12% 7 2304424 316027 53%
c p 157.16 510 29 27 9890 275025 326924 12% 7 2304424 315974 53%
c d 157.29 510 29 27 9890 275025 315963 12% 7 2279529 315973 53%
c d 157.40 510 29 27 9890 275025 315905 12% 7 2271929 313411 53%
c 
c  seconds    reductions        redundant    irredundant
c           MB      restarts            trail        variables
c            level       conflicts          glue           remaining
c 
c F 157.92 510 29 27 10001 276050 316727 12% 7 2271929 313411 53%
c i 159.43 510 28 27 10323 279684 319606 12% 7 2271929 313409 53%
c - 163.85 509 27 28 11189 290976 45148 12% 7 2271908 313409 53%
c B 167.82 527 27 28 12072 300053 52493 12% 7 2271908 313409 53%
c - 172.84 527 27 29 13166 311479 46280 12% 8 2271908 313409 53%
c s 175.33 527 27 29 13666 317066 50678 11% 8 2271444 313409 53%
c v 176.14 527 27 29 13666 317066 50678 11% 8 2271282 313409 53%
c w 176.26 527 27 29 13666 317066 50656 11% 8 2271282 313409 53%
c t 176.86 527 27 29 13666 317066 50656 11% 8 2266975 313409 53%
c e 177.09 527 27 29 13666 317066 49458 11% 8 2266426 312224 52%
c s 177.20 527 27 29 13666 317066 49380 11% 8 2265186 312224 52%
c e 177.35 527 27 29 13666 317066 49364 11% 8 2265110 312155 52%
c W 181.19 527 26 29 14386 325055 55654 11% 8 2265110 312155 52%
c 2 183.22 527 26 29 14728 330031 59591 11% 8 2264967 312155 52%
c p 183.89 530 26 29 14728 330031 377362 11% 8 2264967 312129 52%
c d 184.04 530 26 29 14728 330031 373072 11% 8 2253852 312128 52%
c d 184.16 530 26 29 14728 330031 373071 11% 8 2250386 310961 52%
c - 185.74 509 26 30 15012 332686 47987 11% 8 2250386 310961 52%
c # 193.81 526 25 30 16801 351056 62710 11% 8 2250386 310961 52%
c i 195.01 526 25 30 17045 353785 64944 12% 8 2250386 310960 52%
c 
c  seconds    reductions        redundant   irredundant
c           MB      restarts           trail        variables
c            level       conflicts         glue           remaining
c 
c - 195.62 527 25 31 17110 354562 50429 12% 8 2250380 310960 52%
c - 204.97 527 24 32 19260 377143 52096 11% 8 2250380 310960 52%
c i 205.06 527 24 32 19274 377321 52257 11% 8 2250380 310959 52%
c B 205.33 527 24 32 19317 378057 52795 11% 8 2250380 310959 52%
c s 206.24 527 24 32 19469 379971 54044 11% 8 2250015 310959 52%
c v 207.06 527 24 32 19469 379971 54044 11% 8 2250003 310959 52%
c w 207.20 527 24 32 19469 379971 54014 11% 8 2250003 310959 52%
c t 207.84 527 24 32 19469 379971 54014 11% 8 2245340 310959 52%
c e 208.03 527 24 32 19469 379971 53401 11% 8 2244403 310189 52%
c s 208.13 527 24 32 19469 379971 53348 11% 8 2243604 310189 52%
c e 208.27 527 24 32 19469 379971 53346 11% 8 2243591 310172 52%
c d 213.45 527 24 32 20530 390031 61532 12% 8 2243587 310171 52%
c 2 213.88 527 24 32 20530 390031 61695 12% 8 2243494 310171 52%
c p 214.68 530 24 32 20530 390031 473737 12% 8 2243494 309158 52%
c d 214.82 530 24 32 20530 390031 456290 12% 8 2237126 309093 52%
c d 214.93 530 24 32 20530 390031 456290 12% 8 2237015 309056 52%
c - 219.99 509 24 33 21440 400433 58296 12% 8 2237015 309056 52%
c W 222.60 509 24 33 21864 406059 62614 12% 8 2237015 309056 52%
c i 226.49 509 23 33 22713 415279 69878 12% 8 2237015 309055 52%
c - 230.13 509 23 34 23356 424404 58299 12% 8 2237007 309055 52%
c 
c  seconds    reductions        redundant   irredundant
c           MB      restarts           trail        variables
c            level       conflicts         glue           remaining
c 
c F 234.71 509 23 34 24172 435060 66953 12% 8 2237007 309055 52%
c s 240.55 509 23 34 25195 448484 77506 12% 8 2235990 309055 52%
c v 241.45 509 23 34 25195 448484 77506 12% 8 2235769 309055 52%
c w 241.61 509 23 34 25195 448484 77472 12% 8 2235769 309055 52%
c t 242.47 509 23 34 25195 448484 77472 12% 8 2230245 309050 52%
c e 242.68 509 23 34 25195 448484 77045 12% 8 2228468 307580 52%
c s 242.79 509 23 34 25195 448484 77004 12% 8 2227137 307580 52%
c e 242.96 509 23 34 25195 448484 77001 12% 8 2226976 307541 52%
c - 243.58 509 23 35 25233 449075 60112 12% 8 2226976 307541 52%
c d 246.05 509 23 35 25579 455031 64863 12% 8 2226972 307540 52%
c 2 246.45 509 23 35 25579 455031 65156 12% 8 2226892 307540 52%
c p 247.21 509 23 35 25579 455031 397432 12% 8 2226892 307539 52%
c d 247.34 509 23 35 25579 455031 396506 12% 8 2226424 307538 52%
c d 247.45 509 23 35 25579 455031 396506 12% 8 2226285 307490 52%
c B 252.39 509 23 35 26426 465063 404453 12% 8 2226285 307490 52%
c - 256.86 509 22 36 27135 474431 66913 12% 8 2226285 307490 52%
c W 267.28 509 22 36 28834 496064 84066 12% 9 2226285 307490 52%
c - 269.49 510 22 37 29177 500490 66136 12% 9 2226285 307490 52%
c i 270.90 510 22 37 29418 504784 69495 12% 9 2226285 307489 52%
c } 272.79 510 21 37 29761 511003 74062 12% 9 2226285 307489 52%
c 
c  seconds    reductions        redundant    irredundant
c           MB      restarts           trail         variables
c            level       conflicts         glue            remaining
c 
c [ 272.79 510 43 37 29761 511003 74062 22% 18 2226285 307489 52%
c s 278.36 510 50 37 29761 522747 84069 22% 19 2226117 307489 52%
c v 279.36 510 50 37 29761 522747 84069 22% 19 2226099 307489 52%
c w 279.52 510 50 37 29761 522747 84040 22% 19 2226099 307489 52%
c t 280.35 510 50 37 29761 522747 84040 22% 19 2220115 307486 52%
c e 280.54 510 50 37 29761 522747 83954 22% 19 2219871 307247 52%
c s 280.63 510 50 37 29761 522747 83908 22% 19 2219650 307247 52%
c e 280.78 510 50 37 29761 522747 83902 22% 19 2219644 307243 52%
c 2 282.66 510 50 37 29761 525037 86069 22% 19 2219629 307242 52%
c p 283.64 510 50 37 29761 525037 701227 22% 19 2219629 305464 51%
c 
c caught signal 15 (SIGTERM)
c 
c --- [ result ] -------------------------------------------------------------
c 
c UNKNOWN
c 
c --- [ run-time profiling ] -------------------------------------------------
c 
c process time taken by individual solving procedures
c (percentage relative to process time for solving)
c 
c       238.84   84.62% search
c       149.60   53.00% unstable
c        83.22   29.48% stable
c        43.43   15.38% simplify
c         9.90    3.51% vivify
c         6.91    2.45% probe
c         5.90    2.09% walk
c         5.50    1.95% elim
c         4.49    1.59% ternary
c         4.23    1.50% subsume
c         1.40    0.50% parse
c         0.11    0.04% lucky
c   =================================
c       282.26   99.51% solve
c 
c last line shows process time for solving
c (percentage relative to total process time)
c 
c --- [ statistics ] ---------------------------------------------------------
c 
c chronological:            206573        39.34 %  of conflicts
c conflicts:                525037      1860.10    per second
c decisions:               1432321      5074.42    per second
c eliminated:               142750        23.97 %  of all variables
c fixed:                    121951        20.48 %  of all variables
c learned:                  501592        95.53 %  per conflict
c learned_lits:           42372174       100.00 %  learned literals
c minimized:                     0         0.00 %  learned literals
c shrunken:               25102013        59.24 %  learned literals
c minishrunken:            3432794         8.10 %  learned literals
c otfs:                       2672         0.51 %  of conflict
c propagations:         3139010677        11.12 M  per second
c reduced:                  322396        61.40 %  per conflict
c rephased:                     31     16936.68    interval
c restarts:                  29761        17.64    interval
c stabilizing:                   5        35.05 %  of conflicts
c substituted:               25299         4.25 %  of all variables
c subsumed:                 219480         2.54 %  of all clauses
c strengthened:              96903         1.12 %  of all clauses
c ternary:                    1976         0.04 %  of resolved
c trail reuses:                  0         0.00 %  of incremental calls
c vivified:                   1354         0.02 %  of all clauses
c walked:                        9     58337.44    interval
c weakened:                 482666         2.33    average size
c 
c seconds are measured in process time for solving
c 
c --- [ resources ] ----------------------------------------------------------
c 
c total process time since initialization:       283.66    seconds
c total real time since initialization:          299.99    seconds
c maximum resident set size of process:          692.70    MB
c 
c raising signal 15 (SIGTERM)
