c --- [ banner ] -------------------------------------------------------------
c 
c CaDiCaL SAT Solver
c Copyright (c) 2016-2023 A. Biere, M. Fleury, N. Froleyks, K. Fazekas, F. Pollitt
c 
c Version 1.9.5 146207318796f094dcded87349a64f0c6927309e
c g++ (Ubuntu 13.3.0-6ubuntu2~24.04.1) 13.3.0 -Wall -Wextra -O3 -DNDEBUG
c Wed Sep 30 06:02:32 JST 2026 Linux ikutoPC 6.6.87.2-microsoft-standard-WSL2 x86_64
c 
c --- [ limit ] --------------------------------------------------------------
c 
c setting conflict limit to 1000000 conflicts (due to '1000000')
c 
c --- [ proof tracing ] ------------------------------------------------------
c 
c opening file to write '/tmp/conway99-six-profile-rank4_00_profile_0002-2oB6yW/proof.drat'
c writing non-binary proof trace to '/tmp/conway99-six-profile-rank4_00_profile_0002-2oB6yW/proof.drat'
c 
c --- [ parsing input ] ------------------------------------------------------
c 
c reading DIMACS file from '/mnt/c/Users/ikuto/projects/conway-99-graph/acceleration/results/20260930_hadamard_six_remaining_cnfs/run01/rank4_00_profile_0002/instance.cnf'
c opening file to read '/mnt/c/Users/ikuto/projects/conway-99-graph/acceleration/results/20260930_hadamard_six_remaining_cnfs/run01/rank4_00_profile_0002/instance.cnf'
c found 'p cnf 10048 174766' header
c parsed 174766 clauses in 0.09 seconds process time
c 
c --- [ options ] ------------------------------------------------------------
c 
c   --binary=false                 (different from default 'true')
c 
c --- [ solving ] ------------------------------------------------------------
c 
c time measured in process time since initialization
c 
c  seconds  reductions  redundant  irredundant
c         MB    restarts       trail      variables
c          level   conflicts       glue        remaining
c 
c *  0.09 18  0 0   0    0    0  0% 0 125011 7152 71%
c {  0.10 19  0 0   0    0    0  0% 0 125011 7152 71%
c -  0.12 20 18 1  21  300  210 55% 7 124753 7152 71%
c i  0.12 20 18 1  21  302  211 55% 7 124753 7151 71%
c i  0.12 20 18 1  21  303  211 55% 7 124753 7150 71%
c i  0.12 20 17 1  21  336  234 55% 7 124753 7148 71%
c i  0.12 20 16 1  21  379  252 55% 6 124753 7147 71%
c i  0.13 20 19 1  31  491  355 54% 7 124753 7146 71%
c i  0.13 20 19 1  32  493  356 54% 7 124753 7145 71%
c i  0.13 20 18 1  32  498  360 54% 7 124753 7143 71%
c i  0.13 20 18 1  33  499  360 54% 7 124753 7139 71%
c i  0.13 20 18 1  33  500  360 54% 7 124753 7108 71%
c i  0.13 20 18 1  35  505  364 54% 7 124753 7106 71%
c -  0.16 25 21 2  46  957  540 55% 6 122897 7106 71%
c }  0.17 25 21 2  51 1006  559 55% 6 122897 7106 71%
c [  0.17 25  0 2  51 1006  559  0% 0 122897 7106 71%
c F  0.17 25  4 2  51 1007  560 56% 2 122897 7106 71%
c i  0.18 25 59 2  51 1177  704 54% 16 122897 7105 71%
c i  0.18 25 58 2  51 1187  711 54% 16 122897 7104 71%
c i  0.18 25 57 2  51 1223  740 54% 17 122897 7102 71%
c 
c  seconds  reductions  redundant   irredundant
c         MB    restarts       trail       variables
c          level   conflicts       glue         remaining
c 
c i  0.18 25 57 2  51 1233  749 54% 16 122897 7101 71%
c i  0.19 25 52 2  51 1347  842 53% 16 122897 7099 71%
c i  0.20 25 49 2  51 1462  920 52% 17 122897 7098 71%
c i  0.20 25 48 2  51 1478  935 53% 16 122897 7094 71%
c -  0.24 26 36 3  51 1941 1191 53% 13 122535 7094 71%
c i  0.25 26 33 3  52 2178 1379 54% 12 122535 7093 71%
c i  0.26 26 31 3  52 2350 1507 53% 11 122535 6138 61%
c i  0.28 23 30 3  52 2389  610 27% 11 89627 6137 61%
c ]  0.28 23 30 3  52 2391  610 26% 11 89627 5961 59%
c 0  0.28 23 30 3  52 2391  610 26% 11 89627 5961 59%
c 
c --- [ closing proof ] ------------------------------------------------------
c 
c DRAT proof file '/tmp/conway99-six-profile-rank4_00_profile_0002-2oB6yW/proof.drat' closed
c DRAT 10485 added clauses 10.34%
c DRAT 90926 deleted clauses 89.66%
c DRAT 3139314 bytes (2.99 MB)
c 
c --- [ result ] -------------------------------------------------------------
c 
s UNSATISFIABLE
c 
c --- [ run-time profiling ] -------------------------------------------------
c 
c process time taken by individual solving procedures
c (percentage relative to process time for solving)
c 
c         0.18   99.65% search
c         0.11   60.08% stable
c         0.09   49.87% parse
c         0.07   38.68% unstable
c         0.00    0.88% lucky
c         0.00    0.00% simplify
c   =================================
c         0.19   66.46% solve
c 
c last line shows process time for solving
c (percentage relative to total process time)
c 
c --- [ statistics ] ---------------------------------------------------------
c 
c chronological:               950        39.73 %  of conflicts
c conflicts:                  2391     12922.58    per second
c decisions:                  6044     32665.86    per second
c fixed:                      4087        40.67 %  of all variables
c learned:                    2226        93.10 %  per conflict
c learned_lits:             153804       100.00 %  learned literals
c minimized:                     0         0.00 %  learned literals
c shrunken:                  61125        39.74 %  learned literals
c minishrunken:              23596        15.34 %  learned literals
c otfs:                         27         1.13 %  of conflict
c propagations:            1304784         7.05 M  per second
c reduced:                     150         6.27 %  per conflict
c rephased:                      1      2391.00    interval
c restarts:                     52        45.98    interval
c stabilizing:                   1        57.84 %  of conflicts
c subsumed:                    372         0.29 %  of all clauses
c strengthened:                 25         0.02 %  of all clauses
c trail reuses:                  0         0.00 %  of incremental calls
c 
c seconds are measured in process time for solving
c 
c --- [ resources ] ----------------------------------------------------------
c 
c total process time since initialization:         0.28    seconds
c total real time since initialization:            0.99    seconds
c maximum resident set size of process:           30.28    MB
c 
c --- [ shutting down ] ------------------------------------------------------
c 
c exit 20
