c --- [ banner ] -------------------------------------------------------------
c 
c CaDiCaL SAT Solver
c Copyright (c) 2016-2023 A. Biere, M. Fleury, N. Froleyks, K. Fazekas, F. Pollitt
c 
c Version 1.9.5 146207318796f094dcded87349a64f0c6927309e
c g++ (Ubuntu 13.3.0-6ubuntu2~24.04.1) 13.3.0 -Wall -Wextra -O3 -DNDEBUG
c Wed Sep 30 06:02:32 JST 2026 Linux ikutoPC 6.6.87.2-microsoft-standard-WSL2 x86_64
c 
c --- [ limit ] --------------------------------------------------------------
c 
c setting conflict limit to 1000000 conflicts (due to '1000000')
c 
c --- [ proof tracing ] ------------------------------------------------------
c 
c opening file to write '/tmp/conway99-exact-eight-0204-l1Mtu5/proof.drat'
c writing non-binary proof trace to '/tmp/conway99-exact-eight-0204-l1Mtu5/proof.drat'
c 
c --- [ parsing input ] ------------------------------------------------------
c 
c reading DIMACS file from '/mnt/c/Users/ikuto/projects/conway-99-graph/acceleration/results/20260930_exact_eight_sizeclass16_cnfs/case_0204/instance.cnf'
c opening file to read '/mnt/c/Users/ikuto/projects/conway-99-graph/acceleration/results/20260930_exact_eight_sizeclass16_cnfs/case_0204/instance.cnf'
c found 'p cnf 9522 161879' header
c parsed 161879 clauses in 0.06 seconds process time
c 
c --- [ options ] ------------------------------------------------------------
c 
c   --binary=false                 (different from default 'true')
c 
c --- [ solving ] ------------------------------------------------------------
c 
c time measured in process time since initialization
c 
c  seconds  reductions  redundant  irredundant
c         MB    restarts       trail      variables
c          level   conflicts       glue        remaining
c 
c *  0.06 17  0 0   0    0    0  0% 0 111432 6492 68%
c {  0.06 17  0 0   0    0    0  0% 0 111432 6492 68%
c i  0.06 17  1 0   0    3    2 34% 1 111432 6443 68%
c i  0.06 17  1 0   0    4    2 34% 0 111432 6442 68%
c i  0.06 17  1 0   0    5    2 35% 0 111432 6441 68%
c i  0.06 17  1 0   0    6    2 35% 0 111432 6439 68%
c i  0.06 17  1 0   0    7    2 35% 0 111432 6437 68%
c i  0.06 17  5 0   0   12    4 38% 1 111432 6435 68%
c i  0.06 17  5 0   0   13    4 38% 1 111432 6434 68%
c }  0.06 17  4 0   0   17    6 38% 1 111432 6381 67%
c 0  0.06 17  4 0   0   17    6 38% 1 111432 6381 67%
c 
c --- [ closing proof ] ------------------------------------------------------
c 
c DRAT proof file '/tmp/conway99-exact-eight-0204-l1Mtu5/proof.drat' closed
c DRAT 3871 added clauses 7.03%
c DRAT 51170 deleted clauses 92.97%
c DRAT 1272580 bytes (1.21 MB)
c 
c --- [ result ] -------------------------------------------------------------
c 
s UNSATISFIABLE
c 
c --- [ run-time profiling ] -------------------------------------------------
c 
c process time taken by individual solving procedures
c (percentage relative to process time for solving)
c 
c         0.06 2826.69% parse
c         0.00   60.79% search
c         0.00   36.56% lucky
c         0.00   23.55% unstable
c         0.00    0.00% simplify
c   =================================
c         0.00    3.38% solve
c 
c last line shows process time for solving
c (percentage relative to total process time)
c 
c --- [ statistics ] ---------------------------------------------------------
c 
c chronological:                 8        47.06 %  of conflicts
c conflicts:                    17      8341.51    per second
c decisions:                    64     31403.34    per second
c fixed:                      3141        32.99 %  of all variables
c learned:                      16        94.12 %  per conflict
c learned_lits:                170       100.00 %  learned literals
c minimized:                     0         0.00 %  learned literals
c shrunken:                    143        84.12 %  learned literals
c minishrunken:                  0         0.00 %  learned literals
c otfs:                          0         0.00 %  of conflict
c propagations:               5817         2.85 M  per second
c subsumed:                      2         0.00 %  of all clauses
c trail reuses:                  0         0.00 %  of incremental calls
c 
c seconds are measured in process time for solving
c 
c --- [ resources ] ----------------------------------------------------------
c 
c total process time since initialization:         0.06    seconds
c total real time since initialization:            0.74    seconds
c maximum resident set size of process:           17.29    MB
c 
c --- [ shutting down ] ------------------------------------------------------
c 
c exit 20
