c --- [ banner ] -------------------------------------------------------------
c 
c CaDiCaL SAT Solver
c Copyright (c) 2016-2023 A. Biere, M. Fleury, N. Froleyks, K. Fazekas, F. Pollitt
c 
c Version 1.9.5 146207318796f094dcded87349a64f0c6927309e
c g++ (Ubuntu 13.3.0-6ubuntu2~24.04.1) 13.3.0 -Wall -Wextra -O3 -DNDEBUG
c Wed Sep 30 06:02:32 JST 2026 Linux ikutoPC 6.6.87.2-microsoft-standard-WSL2 x86_64
c 
c --- [ limit ] --------------------------------------------------------------
c 
c setting conflict limit to 1000000 conflicts (due to '1000000')
c 
c --- [ proof tracing ] ------------------------------------------------------
c 
c opening file to write '/tmp/conway99-seven-profile-rank5_178_profile_0003-fmDXV8/proof.drat'
c writing non-binary proof trace to '/tmp/conway99-seven-profile-rank5_178_profile_0003-fmDXV8/proof.drat'
c 
c --- [ parsing input ] ------------------------------------------------------
c 
c reading DIMACS file from '/mnt/c/Users/ikuto/projects/conway-99-graph/acceleration/results/20260930_hadamard_seven_remaining_cnfs/run01/rank5_178_profile_0003/instance.cnf'
c opening file to read '/mnt/c/Users/ikuto/projects/conway-99-graph/acceleration/results/20260930_hadamard_seven_remaining_cnfs/run01/rank5_178_profile_0003/instance.cnf'
c found 'p cnf 9872 170454' header
c parsed 170454 clauses in 0.06 seconds process time
c 
c --- [ options ] ------------------------------------------------------------
c 
c   --binary=false                 (different from default 'true')
c 
c --- [ solving ] ------------------------------------------------------------
c 
c time measured in process time since initialization
c 
c  seconds  reductions  redundant  irredundant
c         MB    restarts       trail      variables
c          level   conflicts       glue        remaining
c 
c *  0.06 17  0 0   0    0    0  0% 0 120522 6945 70%
c {  0.07 18  0 0   0    0    0  0% 0 120522 6945 70%
c i  0.07 18 38 0   1   22   18 51% 5 120522 6944 70%
c i  0.07 18 37 0   1   23   18 50% 5 120522 6943 70%
c i  0.07 18 35 0   1   25   19 50% 5 120522 6940 70%
c i  0.07 18 29 0   1   39   32 52% 4 120522 6939 70%
c i  0.08 19 20 0  13  232  189 58% 6 120522 6937 70%
c i  0.08 19 19 0  13  254  204 58% 6 120522 6933 70%
c -  0.08 19 17 1  13  303  175 56% 6 120164 6933 70%
c i  0.09 19 16 1  13  328  181 56% 6 120164 6932 70%
c i  0.09 19 19 1  15  363  197 56% 6 120164 6931 70%
c i  0.09 19 20 1  27  415  227 55% 6 120164 6930 70%
c i  0.10 19 18 1  33  684  412 55% 6 120164 6927 70%
c i  0.10 19 18 1  33  685  412 55% 6 120164 6926 70%
c i  0.11 19 18 1  37  739  447 55% 6 120164 6919 70%
c i  0.11 19 18 1  37  752  454 55% 6 120164 6918 70%
c i  0.11 19 18 1  37  757  458 54% 6 120164 6916 70%
c i  0.11 19 18 1  37  758  458 54% 6 120164 6915 70%
c i  0.11 19 18 1  37  762  460 54% 6 120164 6913 70%
c i  0.11 19 18 1  37  763  460 54% 6 120164 6912 70%
c 
c  seconds  reductions  redundant  irredundant
c         MB    restarts       trail      variables
c          level   conflicts       glue        remaining
c 
c i  0.11 19 19 1  37  794  482 54% 6 120164 6911 70%
c }  0.11 19 18 1  37  817  494 54% 6 120164 6838 69%
c 0  0.11 19 18 1  37  817  494 54% 6 120164 6838 69%
c 
c --- [ closing proof ] ------------------------------------------------------
c 
c DRAT proof file '/tmp/conway99-seven-profile-rank5_178_profile_0003-fmDXV8/proof.drat' closed
c DRAT 4713 added clauses 8.39%
c DRAT 51474 deleted clauses 91.61%
c DRAT 1376923 bytes (1.31 MB)
c 
c --- [ result ] -------------------------------------------------------------
c 
s UNSATISFIABLE
c 
c --- [ run-time profiling ] -------------------------------------------------
c 
c process time taken by individual solving procedures
c (percentage relative to process time for solving)
c 
c         0.06  143.68% parse
c         0.04   98.05% search
c         0.04   95.61% unstable
c         0.00    2.34% lucky
c         0.00    0.00% simplify
c   =================================
c         0.04   40.71% solve
c 
c last line shows process time for solving
c (percentage relative to total process time)
c 
c --- [ statistics ] ---------------------------------------------------------
c 
c chronological:               406        49.69 %  of conflicts
c conflicts:                   817     18340.18    per second
c decisions:                  3170     71160.80    per second
c fixed:                      3034        30.73 %  of all variables
c learned:                     720        88.13 %  per conflict
c learned_lits:              44191       100.00 %  learned literals
c minimized:                     0         0.00 %  learned literals
c shrunken:                  24518        55.48 %  learned literals
c minishrunken:               3783         8.56 %  learned literals
c otfs:                          1         0.12 %  of conflict
c propagations:             482255        10.83 M  per second
c restarts:                     37        22.08    interval
c subsumed:                    145         0.12 %  of all clauses
c strengthened:                  1         0.00 %  of all clauses
c trail reuses:                  0         0.00 %  of incremental calls
c 
c seconds are measured in process time for solving
c 
c --- [ resources ] ----------------------------------------------------------
c 
c total process time since initialization:         0.11    seconds
c total real time since initialization:            0.79    seconds
c maximum resident set size of process:           19.79    MB
c 
c --- [ shutting down ] ------------------------------------------------------
c 
c exit 20
