c --- [ banner ] -------------------------------------------------------------
c 
c CaDiCaL SAT Solver
c Copyright (c) 2016-2023 A. Biere, M. Fleury, N. Froleyks, K. Fazekas, F. Pollitt
c 
c Version 1.9.5 146207318796f094dcded87349a64f0c6927309e
c g++ (Ubuntu 13.3.0-6ubuntu2~24.04.1) 13.3.0 -Wall -Wextra -O3 -DNDEBUG
c Wed Sep 30 06:02:32 JST 2026 Linux ikutoPC 6.6.87.2-microsoft-standard-WSL2 x86_64
c 
c --- [ limit ] --------------------------------------------------------------
c 
c setting conflict limit to 1000000 conflicts (due to '1000000')
c 
c --- [ proof tracing ] ------------------------------------------------------
c 
c opening file to write '/tmp/conway99-seven-profile-rank5_159_profile_0000-3Aj4qR/proof.drat'
c writing non-binary proof trace to '/tmp/conway99-seven-profile-rank5_159_profile_0000-3Aj4qR/proof.drat'
c 
c --- [ parsing input ] ------------------------------------------------------
c 
c reading DIMACS file from '/mnt/c/Users/ikuto/projects/conway-99-graph/acceleration/results/20260930_hadamard_seven_remaining_cnfs/run01/rank5_159_profile_0000/instance.cnf'
c opening file to read '/mnt/c/Users/ikuto/projects/conway-99-graph/acceleration/results/20260930_hadamard_seven_remaining_cnfs/run01/rank5_159_profile_0000/instance.cnf'
c found 'p cnf 9880 170650' header
c parsed 170650 clauses in 0.07 seconds process time
c 
c --- [ options ] ------------------------------------------------------------
c 
c   --binary=false                 (different from default 'true')
c 
c --- [ solving ] ------------------------------------------------------------
c 
c time measured in process time since initialization
c 
c  seconds  reductions  redundant  irredundant
c         MB    restarts       trail      variables
c          level   conflicts       glue        remaining
c 
c *  0.07 18  0 0   0    0    0  0% 0 120722 6954 70%
c {  0.07 18  0 0   0    0    0  0% 0 120722 6954 70%
c i  0.08 19 17 0  24  298  227 54% 5 120722 6953 70%
c -  0.09 19 17 1  24  300  179 53% 5 120555 6953 70%
c i  0.09 20 16 1  24  307  183 53% 5 120555 6952 70%
c i  0.09 20 16 1  24  308  183 53% 5 120555 6951 70%
c i  0.09 20 20 1  31  466  269 53% 5 120555 6949 70%
c i  0.09 20 20 1  31  472  274 53% 5 120555 6947 70%
c i  0.10 20 22 1  34  569  313 53% 5 120555 6946 70%
c i  0.10 20 23 1  58  716  419 52% 6 120555 6944 70%
c i  0.10 20 23 1  58  736  430 53% 6 120555 6921 70%
c i  0.10 20 23 1  58  741  432 53% 5 120555 6831 69%
c i  0.10 20 23 1  58  742  432 53% 5 120555 6830 69%
c i  0.11 20 22 1  63  790  475 53% 6 120555 6829 69%
c i  0.11 20 22 1  63  811  490 53% 5 120555 6828 69%
c i  0.11 20 22 1  63  812  490 53% 5 120555 6748 68%
c i  0.11 20 22 1  63  824  500 53% 5 120555 6747 68%
c i  0.11 20 22 1  63  825  500 53% 5 120555 6746 68%
c i  0.11 20 22 1  63  827  501 53% 5 120555 6744 68%
c i  0.11 20 21 1  63  852  520 53% 5 120555 6742 68%
c 
c  seconds  reductions  redundant  irredundant
c         MB    restarts       trail      variables
c          level   conflicts       glue        remaining
c 
c i  0.11 20 21 1  63  871  536 53% 5 120555 6740 68%
c i  0.11 20 21 1  63  873  537 53% 5 120555 6739 68%
c i  0.11 20 21 1  63  874  537 53% 5 120555 6738 68%
c i  0.11 20 21 1  63  876  538 53% 5 120555 6737 68%
c i  0.11 20 20 1  63  899  554 52% 5 120555 6728 68%
c i  0.11 20 20 1  63  902  556 52% 5 120555 6727 68%
c i  0.11 20 20 1  63  903  556 52% 5 120555 6667 67%
c i  0.11 20 20 1  63  910  559 52% 5 120555 5985 61%
c i  0.11 20 21 1  63  936  562 52% 5 120555 5972 60%
c i  0.11 20 21 1  63  939  562 52% 5 120555 5958 60%
c i  0.11 20 20 1  63  940  562 52% 5 120555 5957 60%
c i  0.11 20 20 1  63  941  562 52% 5 120555 5956 60%
c i  0.11 20 20 1  63  942  562 52% 5 120555 5955 60%
c i  0.11 20 20 1  63  943  562 52% 5 120555 5954 60%
c i  0.11 20 20 1  63  944  562 52% 5 120555 5953 60%
c i  0.11 20 20 1  63  945  562 52% 5 120555 5952 60%
c i  0.11 20 20 1  63  946  562 52% 5 120555 5951 60%
c i  0.11 20 20 1  63  947  562 52% 5 120555 5950 60%
c i  0.11 20 20 1  63  948  562 52% 5 120555 5949 60%
c -  0.12 22 20 2  63  948  204 52% 5 83676 5949 60%
c 
c  seconds  reductions  redundant  irredundant
c         MB    restarts       trail     variables
c          level   conflicts       glue       remaining
c 
c i  0.12 22 20 2  63  949  204 52% 5 83676 5948 60%
c i  0.12 22 20 2  63  950  204 52% 5 83676 5947 60%
c i  0.12 22 20 2  63  951  204 52% 5 83676 5946 60%
c i  0.12 22 20 2  63  952  204 52% 5 83676 5945 60%
c i  0.12 22 20 2  63  953  204 52% 5 83676 5944 60%
c i  0.13 22 19 2  63 1001  245 52% 5 83676 4776 48%
c F  0.13 22 19 2  63 1002  245 52% 5 83676 4776 48%
c i  0.13 22 19 2  63 1002  245 52% 5 83676 4761 48%
c i  0.13 22 19 2  63 1003  245 52% 5 83676 4760 48%
c }  0.13 22 19 2  63 1003  245 52% 5 83676 4760 48%
c [  0.13 22  0 2  63 1003  245  0% 0 83676 4760 48%
c ]  0.13 22 12 2  63 1032  250 56% 6 83676 4077 41%
c 0  0.13 22 12 2  63 1032  250 56% 6 83676 4077 41%
c 
c --- [ closing proof ] ------------------------------------------------------
c 
c DRAT proof file '/tmp/conway99-seven-profile-rank5_159_profile_0000-3Aj4qR/proof.drat' closed
c DRAT 10310 added clauses 10.15%
c DRAT 91230 deleted clauses 89.85%
c DRAT 2530951 bytes (2.41 MB)
c 
c --- [ result ] -------------------------------------------------------------
c 
s UNSATISFIABLE
c 
c --- [ run-time profiling ] -------------------------------------------------
c 
c process time taken by individual solving procedures
c (percentage relative to process time for solving)
c 
c         0.07  110.45% parse
c         0.06   98.94% search
c         0.06   94.93% unstable
c         0.00    2.95% lucky
c         0.00    0.97% stable
c         0.00    0.00% simplify
c   =================================
c         0.06   47.19% solve
c 
c last line shows process time for solving
c (percentage relative to total process time)
c 
c --- [ statistics ] ---------------------------------------------------------
c 
c chronological:               496        48.06 %  of conflicts
c conflicts:                  1032     17262.14    per second
c decisions:                  4696     78549.44    per second
c fixed:                      5803        58.73 %  of all variables
c learned:                     857        83.04 %  per conflict
c learned_lits:              40851       100.00 %  learned literals
c minimized:                     0         0.00 %  learned literals
c shrunken:                  26307        64.40 %  learned literals
c minishrunken:               1655         4.05 %  learned literals
c otfs:                         10         0.97 %  of conflict
c propagations:             506377         8.47 M  per second
c reduced:                      17         1.65 %  per conflict
c rephased:                      1      1032.00    interval
c restarts:                     63        16.38    interval
c stabilizing:                   1         2.81 %  of conflicts
c subsumed:                    128         0.11 %  of all clauses
c strengthened:                 10         0.01 %  of all clauses
c trail reuses:                  0         0.00 %  of incremental calls
c 
c seconds are measured in process time for solving
c 
c --- [ resources ] ----------------------------------------------------------
c 
c total process time since initialization:         0.13    seconds
c total real time since initialization:            0.87    seconds
c maximum resident set size of process:           22.79    MB
c 
c --- [ shutting down ] ------------------------------------------------------
c 
c exit 20
