The following paths are ignored by one of your .gitignore files:
acceleration/results/20261004_fixed17_per_copy_local_sat_binary_controls_supervision01/bad_hash/stderr.log
acceleration/results/20261004_fixed17_per_copy_local_sat_binary_controls_supervision01/bad_hash/stdout.log
acceleration/results/20261004_fixed17_per_copy_local_sat_binary_controls_supervision01/existing_output/stderr.log
acceleration/results/20261004_fixed17_per_copy_local_sat_binary_controls_supervision01/existing_output/stdout.log
acceleration/results/20261004_fixed17_per_copy_local_sat_binary_controls_supervision01/sat/stderr.log
acceleration/results/20261004_fixed17_per_copy_local_sat_binary_controls_supervision01/sat/stdout.log
acceleration/results/20261004_fixed17_per_copy_local_sat_binary_controls_supervision01/unsat/stderr.log
acceleration/results/20261004_fixed17_per_copy_local_sat_binary_controls_supervision01/unsat/stdout.log
acceleration/results/20261004_fixed17_per_copy_local_sat_binary_controls_supervision01/unsupported_seconds/stderr.log
acceleration/results/20261004_fixed17_per_copy_local_sat_binary_controls_supervision01/unsupported_seconds/stdout.log
acceleration/results/20261004_fixed17_per_copy_local_sat_native02/stderr.log
acceleration/results/20261004_fixed17_per_copy_local_sat_native02/stdout.log
acceleration/results/20261004_independent_review/fixed17_per_copy_local_sat_assignment_calibration_supervision04/stderr.log
acceleration/results/20261004_independent_review/fixed17_per_copy_local_sat_assignment_calibration_supervision04/stdout.log
acceleration/results/20261004_independent_review/local_sat_binary_drat_controls02/crlf_missing_lemma_negative/stderr.log
acceleration/results/20261004_independent_review/local_sat_binary_drat_controls02/crlf_missing_lemma_negative/stdout.log
acceleration/results/20261004_independent_review/local_sat_binary_drat_controls02/crlf_translated_negative/stderr.log
acceleration/results/20261004_independent_review/local_sat_binary_drat_controls02/crlf_translated_negative/stdout.log
acceleration/results/20261004_independent_review/local_sat_binary_drat_controls02/ctrl_z_truncated_negative/stderr.log
acceleration/results/20261004_independent_review/local_sat_binary_drat_controls02/ctrl_z_truncated_negative/stdout.log
acceleration/results/20261004_independent_review/local_sat_binary_drat_controls02/empty_only_negative/stderr.log
acceleration/results/20261004_independent_review/local_sat_binary_drat_controls02/empty_only_negative/stdout.log
acceleration/results/20261004_independent_review/local_sat_binary_drat_controls02/genuine_native/stderr.log
acceleration/results/20261004_independent_review/local_sat_binary_drat_controls02/genuine_native/stdout.log
acceleration/results/20261004_independent_review/local_sat_binary_drat_controls02/hand_crlf_sensitive/stderr.log
acceleration/results/20261004_independent_review/local_sat_binary_drat_controls02/hand_crlf_sensitive/stdout.log
acceleration/results/20261004_independent_review/local_sat_binary_drat_controls02/hand_ctrl_z/stderr.log
acceleration/results/20261004_independent_review/local_sat_binary_drat_controls02/hand_ctrl_z/stdout.log
acceleration/results/20261004_independent_review/local_sat_binary_drat_controls02/incomplete_hand_negative/stderr.log
acceleration/results/20261004_independent_review/local_sat_binary_drat_controls02/incomplete_hand_negative/stdout.log
acceleration/results/20261004_independent_review/local_sat_binary_drat_controls02/native_on_sat_negative/stderr.log
acceleration/results/20261004_independent_review/local_sat_binary_drat_controls02/native_on_sat_negative/stdout.log
acceleration/results/20261004_local_sat_binary_drat_linux_build_supervision01/stderr.log
acceleration/results/20261004_local_sat_binary_drat_linux_build_supervision01/stdout.log
acceleration/results/20261004_prime5_analytic_delsarte_family_supervision01/stderr.log
acceleration/results/20261004_prime5_analytic_delsarte_family_supervision01/stdout.log
acceleration/results/20261004_prime5_code_delsarte_supervision01/stderr.log
acceleration/results/20261004_prime5_code_delsarte_supervision01/stdout.log
acceleration/results/20261004_prime5_code_delsarte_supervision02/stderr.log
acceleration/results/20261004_prime5_code_delsarte_supervision02/stdout.log
hint: Use -f if you really want to add them.
hint: Disable this message with "git config set advice.addIgnoredFile false"
