c --- [ banner ] -------------------------------------------------------------
c 
c CaDiCaL SAT Solver
c Copyright (c) 2016-2023 A. Biere, M. Fleury, N. Froleyks, K. Fazekas, F. Pollitt
c 
c Version 1.9.5 146207318796f094dcded87349a64f0c6927309e
c g++ (Ubuntu 13.3.0-6ubuntu2~24.04.1) 13.3.0 -Wall -Wextra -O3 -DNDEBUG
c Wed Sep 30 06:02:32 JST 2026 Linux ikutoPC 6.6.87.2-microsoft-standard-WSL2 x86_64
c 
c --- [ limit ] --------------------------------------------------------------
c 
c setting conflict limit to 1000000 conflicts (due to '1000000')
c 
c --- [ proof tracing ] ------------------------------------------------------
c 
c opening file to write '/tmp/conway99-triangle-9oq7it/proof.drat'
c writing non-binary proof trace to '/tmp/conway99-triangle-9oq7it/proof.drat'
c 
c --- [ parsing input ] ------------------------------------------------------
c 
c reading DIMACS file from '/mnt/c/Users/ikuto/projects/conway-99-graph/acceleration/results/20260930_triangle_full99_cnf/instance.cnf'
c opening file to read '/mnt/c/Users/ikuto/projects/conway-99-graph/acceleration/results/20260930_triangle_full99_cnf/instance.cnf'
c found 'p cnf 429476 1486729' header
c parsed 1486729 clauses in 0.68 seconds process time
c 
c --- [ options ] ------------------------------------------------------------
c 
c   --binary=false                 (different from default 'true')
c 
c --- [ solving ] ------------------------------------------------------------
c 
c time measured in process time since initialization
c 
c  seconds   reductions  redundant   irredundant
c          MB    restarts       trail        variables
c           level   conflicts       glue           remaining
c 
c *  0.68 224  0 0   0    0    0  0% 0 1478119 301474 70%
c {  0.70 227  0 0   0    0    0  0% 0 1478119 301474 70%
c i  0.71 228 109 0   0   13   10 32% 2 1478119 301473 70%
c i  0.71 228 95 0   0   17   13 32% 2 1478119 301472 70%
c i  0.71 229 81 0   0   25   18 32% 2 1478119 301300 70%
c i  0.71 229 70 0   0   40   27 32% 2 1478119 300702 70%
c i  0.72 230 66 0   0   54   37 32% 2 1478119 298415 69%
c }  0.72 230 65 0   0   59   40 32% 2 1478119 296367 69%
c 0  0.73 230 65 0   0   59   40 32% 2 1478119 296367 69%
c 
c --- [ closing proof ] ------------------------------------------------------
c 
c DRAT proof file '/tmp/conway99-triangle-9oq7it/proof.drat' closed
c DRAT 124551 added clauses 99.99%
c DRAT 11 deleted clauses 0.01%
c DRAT 1221832 bytes (1.17 MB)
c 
c --- [ result ] -------------------------------------------------------------
c 
s UNSATISFIABLE
c 
c --- [ run-time profiling ] -------------------------------------------------
c 
c process time taken by individual solving procedures
c (percentage relative to process time for solving)
c 
c         0.68 1428.74% parse
c         0.04   76.47% search
c         0.02   46.19% unstable
c         0.01   30.20% lucky
c         0.00    0.00% simplify
c   =================================
c         0.05    6.54% solve
c 
c last line shows process time for solving
c (percentage relative to total process time)
c 
c --- [ statistics ] ---------------------------------------------------------
c 
c chronological:                24        40.68 %  of conflicts
c conflicts:                    59      1234.21    per second
c decisions:                   189      3953.64    per second
c fixed:                    133109        30.99 %  of all variables
c learned:                      57        96.61 %  per conflict
c learned_lits:                306       100.00 %  learned literals
c minimized:                     0         0.00 %  learned literals
c shrunken:                    129        42.16 %  learned literals
c minishrunken:                  4         1.31 %  learned literals
c otfs:                          0         0.00 %  of conflict
c propagations:             263897         5.52 M  per second
c subsumed:                     11         0.00 %  of all clauses
c trail reuses:                  0         0.00 %  of incremental calls
c 
c seconds are measured in process time for solving
c 
c --- [ resources ] ----------------------------------------------------------
c 
c total process time since initialization:         0.73    seconds
c total real time since initialization:            6.33    seconds
c maximum resident set size of process:          229.84    MB
c 
c --- [ shutting down ] ------------------------------------------------------
c 
c exit 20
