c --- [ banner ] -------------------------------------------------------------
c 
c CaDiCaL SAT Solver
c Copyright (c) 2016-2023 A. Biere, M. Fleury, N. Froleyks, K. Fazekas, F. Pollitt
c 
c Version 1.9.5 146207318796f094dcded87349a64f0c6927309e
c g++ (Ubuntu 13.3.0-6ubuntu2~24.04.1) 13.3.0 -Wall -Wextra -O3 -DNDEBUG
c Wed Sep 30 06:02:32 JST 2026 Linux ikutoPC 6.6.87.2-microsoft-standard-WSL2 x86_64
c 
c --- [ limit ] --------------------------------------------------------------
c 
c setting conflict limit to 1000000 conflicts (due to '1000000')
c 
c --- [ proof tracing ] ------------------------------------------------------
c 
c opening file to write '/tmp/conway99-six-profile-rank4_05_profile_0009-Uustzp/proof.drat'
c writing non-binary proof trace to '/tmp/conway99-six-profile-rank4_05_profile_0009-Uustzp/proof.drat'
c 
c --- [ parsing input ] ------------------------------------------------------
c 
c reading DIMACS file from '/mnt/c/Users/ikuto/projects/conway-99-graph/acceleration/results/20260930_hadamard_six_remaining_cnfs/run01/rank4_05_profile_0009/instance.cnf'
c opening file to read '/mnt/c/Users/ikuto/projects/conway-99-graph/acceleration/results/20260930_hadamard_six_remaining_cnfs/run01/rank4_05_profile_0009/instance.cnf'
c found 'p cnf 10156 177412' header
c parsed 177412 clauses in 0.07 seconds process time
c 
c --- [ options ] ------------------------------------------------------------
c 
c   --binary=false                 (different from default 'true')
c 
c --- [ solving ] ------------------------------------------------------------
c 
c time measured in process time since initialization
c 
c  seconds  reductions  redundant  irredundant
c         MB    restarts       trail      variables
c          level   conflicts       glue        remaining
c 
c *  0.07 18  0 0   0    0    0  0% 0 127776 7288 72%
c {  0.08 19  0 0   0    0    0  0% 0 127776 7288 72%
c i  0.08 19  2 0   0    6    5 33% 1 127776 7287 72%
c -  0.09 20 25 1  13  300  228 53% 6 127719 7287 72%
c i  0.12 20 22 1  49  722  533 53% 6 127719 7286 72%
c -  0.14 25 23 2  68  963  516 54% 6 127672 7286 72%
c }  0.14 25 23 2  75 1000  540 54% 6 127672 7286 72%
c [  0.14 25  0 2  75 1000  540  0% 0 127672 7286 72%
c O  0.14 25 122 2  75 1007  546 60% 6 127672 7286 72%
c i  0.17 25 34 2  75 1580  943 51% 18 127672 7285 72%
c -  0.20 25 93 3  75 1971  714 48% 37 127626 7285 72%
c ]  0.25 25 115 3  76 3001 1509 47% 49 127626 7285 72%
c {  0.25 25 23 3  76 3001 1509 54% 6 127626 7285 72%
c F  0.26 25 24 3  77 3010 1518 35% 6 127626 7285 72%
c i  0.26 25 22 3  79 3140 1609 36% 6 127626 7284 72%
c -  0.28 25 22 4  94 3298 1347 33% 6 127579 7284 72%
c i  0.28 25 21 4  94 3418 1434 32% 6 127579 7283 72%
c i  0.29 25 20 4  97 3671 1616 32% 6 127579 7282 72%
c i  0.30 25 19 4 107 3850 1733 32% 6 127579 7281 72%
c i  0.30 25 19 4 107 3855 1737 32% 6 127579 7280 72%
c 
c  seconds  reductions  redundant  irredundant
c         MB    restarts       trail      variables
c          level   conflicts       glue        remaining
c 
c i  0.31 25 20 4 128 4075 1878 32% 6 127579 7279 72%
c i  0.34 25 19 4 216 4740 2276 29% 6 127579 7278 72%
c i  0.34 25 19 4 220 4866 2356 29% 6 127579 7277 72%
c i  0.35 25 19 4 220 4961 2433 29% 6 127579 7276 72%
c -  0.35 25 19 5 220 4961  910 29% 6 127196 7276 72%
c d  0.36 25 19 5 220 5000  939 29% 6 127096 7226 71%
c p  0.45 27 19 5 220 5000 96155 29% 6 127096 7218 71%
c d  0.45 27 19 5 220 5000 94398 29% 6 126680 7205 71%
c d  0.46 27 19 5 220 5000 94398 29% 6 126672 7201 71%
c i  0.47 27 19 5 220 5230 94568 30% 6 126672 7200 71%
c i  0.48 27 19 5 257 5456 94709 30% 6 126672 7199 71%
c i  0.49 27 19 5 275 5622 94828 30% 6 126672 7198 71%
c i  0.51 27 20 5 304 5858 94990 31% 7 126672 7197 71%
c #  0.52 27 20 5 332 6020 95101 31% 7 126672 7197 71%
c i  0.52 27 20 5 332 6024 95100 31% 7 126672 7196 71%
c i  0.54 27 20 5 360 6372 95352 31% 7 126672 7195 71%
c i  0.56 27 20 5 399 6715 95545 31% 7 126672 7194 71%
c i  0.56 27 20 5 417 6822 95617 31% 7 126672 7193 71%
c -  0.59 33 20 6 445 6950 8229 31% 7 126296 7193 71%
c }  0.59 33 20 6 451 7002 8269 31% 7 126296 7193 71%
c 
c  seconds   reductions  redundant   irredundant
c         MB     restarts       trail       variables
c           level   conflicts       glue         remaining
c 
c [  0.59 33 115 6 451 7002 8269 66% 49 126296 7193 71%
c i  0.60 33 111 6 451 7067 8308 65% 47 126296 7192 71%
c s  0.67 34 89 6 452 8265 9238 50% 37 124389 7192 71%
c v  0.68 34 89 6 452 8265 9238 50% 37 124377 7192 71%
c w  0.68 34 89 6 452 8265 9237 50% 37 124377 7192 71%
c t  0.69 34 89 6 452 8265 9237 50% 37 124366 7192 71%
c e  0.72 34 89 6 452 8265 8397 50% 37 123076 6009 59%
c s  0.73 34 89 6 452 8265 8394 50% 37 123076 6009 59%
c ^  0.73 34 89 6 452 8265 8394 50% 37 123076 6009 59%
c i  0.78 34 83 6 452 9133 8911 30% 34 123076 6008 59%
c -  0.80 34 83 7 452 9263 5244 30% 34 123028 6008 59%
c I  0.84 34 77 7 453 10023 5813 30% 32 123028 6008 59%
c i  0.85 34 78 7 453 10320 6039 30% 33 123028 6007 59%
c -  0.96 34 81 8 455 11881 5640 30% 33 122980 6007 59%
c -  1.15 34 81 9 456 14823 6271 30% 35 122980 6007 59%
c ]  1.16 34 81 9 456 15002 6424 30% 35 122980 6007 59%
c {  1.16 34 20 9 456 15002 6424 38% 7 122980 6007 59%
c 2  1.17 34 20 9 456 15002 6417 38% 7 122980 6007 59%
c p  1.24 34 20 9 456 15002 91756 38% 7 122980 6007 59%
c d  1.25 34 20 9 456 15002 91752 38% 7 122980 6005 59%
c 
c  seconds  reductions    redundant  irredundant
c         MB    restarts         trail      variables
c          level    conflicts        glue        remaining
c 
c B  1.25 34 20 9 457 15025 91769 38% 7 122980 6005 59%
c i  1.28 34 20 9 539 15561 92142 37% 8 122980 6004 59%
c i  1.32 34 20 9 582 16182 92605 36% 8 122980 6003 59%
c i  1.32 34 20 9 582 16183 92605 36% 8 122980 6002 59%
c i  1.32 34 20 9 582 16368 92692 36% 8 122980 6001 59%
c i  1.32 34 20 9 582 16369 92692 36% 8 122980 6000 59%
c i  1.32 34 20 9 582 16409 92703 36% 8 122980 5999 59%
c i  1.33 34 20 9 591 16594 92841 36% 8 122980 5998 59%
c i  1.34 34 20 9 596 16694 92901 36% 8 122980 5997 59%
c i  1.35 34 20 9 600 17010 93097 36% 7 122980 5996 59%
c i  1.35 34 20 9 600 17015 93100 36% 7 122980 5995 59%
c i  1.36 34 20 9 600 17057 93139 36% 7 122980 5994 59%
c i  1.36 34 20 9 614 17175 93203 36% 7 122980 5993 59%
c i  1.37 34 20 9 614 17219 93227 36% 7 122980 5992 59%
c i  1.38 34 20 9 631 17374 93354 36% 8 122980 5991 59%
c i  1.39 34 20 9 641 17465 93405 36% 8 122980 5990 59%
c i  1.39 34 20 9 641 17466 93405 36% 8 122980 5989 59%
c i  1.39 34 20 9 661 17561 93474 36% 8 122980 5988 59%
c i  1.41 34 20 9 709 17965 93805 36% 8 122980 5987 59%
c i  1.41 34 20 9 709 17966 93805 36% 8 122980 5986 59%
c 
c  seconds  reductions    redundant  irredundant
c         MB    restarts         trail      variables
c          level    conflicts        glue        remaining
c 
c i  1.42 34 20 9 717 18075 93880 36% 8 122980 5985 59%
c -  1.45 39 20 10 717 18094 9049 36% 8 122024 5985 59%
c i  1.45 39 20 10 717 18211 9138 35% 8 122024 5984 59%
c i  1.47 39 19 10 726 18560 9427 35% 8 122024 5983 59%
c i  1.47 39 19 10 726 18590 9445 35% 8 122024 5982 59%
c i  1.47 39 20 10 733 18662 9503 35% 8 122024 5981 59%
c i  1.48 39 20 10 736 18848 9651 35% 8 122024 5980 59%
c i  1.49 39 20 10 771 19075 9797 35% 8 122024 5979 59%
c i  1.50 39 20 10 783 19255 9925 35% 8 122024 5978 59%
c i  1.50 39 20 10 783 19332 9969 35% 8 122024 5977 59%
c i  1.51 39 20 10 799 19474 10081 35% 8 122024 5976 59%
c i  1.53 39 20 10 821 19977 10386 35% 8 122024 5975 59%
c i  1.53 39 20 10 830 20041 10433 35% 8 122024 5974 59%
c i  1.56 39 20 10 903 20697 10887 34% 8 122024 5973 59%
c i  1.56 39 20 10 903 20707 10895 34% 8 122024 5972 59%
c i  1.57 39 19 10 904 20924 11055 34% 8 122024 5971 59%
c W  1.65 35 19 10 911 21026 10075 34% 8 121353 5971 59%
c i  1.67 35 19 10 989 21539 10406 34% 8 121353 5970 59%
c -  1.69 37 19 11 1016 21679 7831 34% 8 121306 5970 59%
c i  1.69 37 19 11 1016 21699 7836 34% 8 121306 5969 59%
c 
c  seconds  reductions     redundant  irredundant
c         MB     restarts         trail      variables
c          level      conflicts       glue        remaining
c 
c i  1.69 37 19 11 1016 21715 7846 34% 8 121306 5968 59%
c i  1.69 37 19 11 1016 21736 7859 34% 8 121306 5967 59%
c i  1.69 37 19 11 1016 21737 7859 34% 8 121306 5966 59%
c i  1.70 37 19 11 1036 21873 7964 34% 8 121306 5965 59%
c i  1.70 37 19 11 1037 21874 7964 34% 8 121306 5964 59%
c i  1.71 37 20 11 1075 22235 8227 33% 8 121306 5963 59%
c i  1.72 37 20 11 1089 22486 8345 33% 8 121306 5931 58%
c i  1.73 37 20 11 1124 22672 8471 33% 8 121306 5930 58%
c i  1.75 37 20 11 1135 22933 8655 33% 8 121306 5912 58%
c i  1.75 37 20 11 1162 23096 8759 33% 8 121306 5911 58%
c i  1.75 37 20 11 1162 23097 8759 33% 8 121306 5910 58%
c i  1.76 37 20 11 1170 23145 8798 33% 8 121306 5909 58%
c i  1.76 37 20 11 1179 23206 8838 33% 8 121306 5908 58%
c i  1.76 37 20 11 1189 23303 8893 33% 8 121306 5907 58%
c i  1.76 37 20 11 1189 23304 8893 33% 8 121306 5906 58%
c i  1.78 37 20 11 1200 23724 9166 33% 8 121306 5905 58%
c i  1.78 37 20 11 1200 23802 9230 33% 8 121306 5904 58%
c i  1.79 37 20 11 1220 24029 9404 33% 8 121306 5903 58%
c i  1.80 37 20 11 1220 24140 9486 33% 8 121306 5902 58%
c i  1.81 37 20 11 1268 24436 9714 32% 8 121306 5901 58%
c 
c  seconds  reductions     redundant  irredundant
c         MB     restarts         trail      variables
c          level      conflicts       glue        remaining
c 
c i  1.82 37 20 11 1269 24490 9753 32% 8 121306 5900 58%
c i  1.82 37 20 11 1269 24636 9875 32% 8 121306 5875 58%
c i  1.83 37 20 11 1281 24741 9954 32% 8 121306 5874 58%
c i  1.83 37 20 11 1294 24812 10011 32% 8 121306 5871 58%
c i  1.84 37 20 11 1297 25014 10129 32% 8 121306 5847 58%
c i  1.84 37 20 11 1297 25017 10131 32% 8 121306 5845 58%
c i  1.84 37 20 11 1297 25056 10162 32% 8 121306 5844 58%
c i  1.85 37 20 11 1297 25095 10197 32% 8 121306 5843 58%
c i  1.85 37 20 11 1303 25121 10216 32% 8 121306 5842 58%
c i  1.85 37 20 11 1307 25150 10227 32% 8 121306 5841 58%
c i  1.85 37 20 11 1307 25151 10227 32% 8 121306 5840 58%
c i  1.85 37 20 11 1307 25223 10270 32% 8 121306 4703 46%
c i  1.87 26 20 11 1307 25224 1753 10% 8 77289 4702 46%
c i  1.87 26 20 11 1307 25231 1756 20% 8 77289 4656 46%
c i  1.87 26 20 11 1307 25232 1756 19% 8 77289 4655 46%
c i  1.87 26 20 11 1307 25239 1761 18% 8 77289 4654 46%
c i  1.87 26 20 11 1307 25240 1761 18% 8 77289 4653 46%
c i  1.87 26 20 11 1307 25243 1763 18% 8 77289 4648 46%
c i  1.87 26 20 11 1307 25244 1763 17% 8 77289 4647 46%
c i  1.87 26 20 11 1307 25246 1764 17% 8 77289 4646 46%
c 
c  seconds  reductions     redundant  irredundant
c         MB     restarts         trail     variables
c          level      conflicts       glue       remaining
c 
c i  1.87 26 20 11 1307 25247 1764 17% 8 77289 4645 46%
c i  1.87 26 20 11 1307 25249 1765 17% 8 77289 4644 46%
c i  1.87 26 20 11 1307 25253 1767 17% 8 77289 4506 44%
c i  1.87 26 20 11 1307 25254 1767 17% 8 77289 4505 44%
c i  1.87 26 20 11 1307 25255 1767 17% 8 77289 4473 44%
c }  1.87 26 20 11 1307 25257 1767 17% 8 77289 4433 44%
c 0  1.87 26 20 11 1307 25257 1767 17% 8 77289 4433 44%
c 
c --- [ closing proof ] ------------------------------------------------------
c 
c DRAT proof file '/tmp/conway99-six-profile-rank4_05_profile_0009-Uustzp/proof.drat' closed
c DRAT 227865 added clauses 41.46%
c DRAT 321749 deleted clauses 58.54%
c DRAT 21312137 bytes (20.32 MB)
c 
c --- [ result ] -------------------------------------------------------------
c 
s UNSATISFIABLE
c 
c --- [ run-time profiling ] -------------------------------------------------
c 
c process time taken by individual solving procedures
c (percentage relative to process time for solving)
c 
c         1.53   85.19% search
c         0.86   47.88% unstable
c         0.60   33.37% stable
c         0.27   14.78% simplify
c         0.14    7.80% probe
c         0.07    4.04% parse
c         0.07    3.80% walk
c         0.03    1.57% elim
c         0.02    1.09% subsume
c         0.02    0.97% ternary
c         0.01    0.69% vivify
c         0.00    0.13% lucky
c   =================================
c         1.80   96.07% solve
c 
c last line shows process time for solving
c (percentage relative to total process time)
c 
c --- [ statistics ] ---------------------------------------------------------
c 
c chronological:             10256        40.61 %  of conflicts
c conflicts:                 25257     14050.52    per second
c decisions:                 76683     42658.90    per second
c eliminated:                 1183        11.65 %  of all variables
c fixed:                      4471        44.02 %  of all variables
c learned:                   23548        93.23 %  per conflict
c learned_lits:            1991164       100.00 %  learned literals
c minimized:                     0         0.00 %  learned literals
c shrunken:                 928298        46.62 %  learned literals
c minishrunken:             203134        10.20 %  learned literals
c otfs:                        139         0.55 %  of conflict
c propagations:           15147908         8.43 M  per second
c reduced:                    6742        26.69 %  per conflict
c rephased:                      6      4209.50    interval
c restarts:                   1307        19.32    interval
c stabilizing:                   2        39.59 %  of conflicts
c substituted:                  69         0.68 %  of all variables
c subsumed:                   7135         2.10 %  of all clauses
c strengthened:                422         0.12 %  of all clauses
c ternary:                       4         0.05 %  of resolved
c trail reuses:                  0         0.00 %  of incremental calls
c vivified:                     14         0.00 %  of all clauses
c walked:                        1     25257.00    interval
c weakened:                   3678         2.32    average size
c 
c seconds are measured in process time for solving
c 
c --- [ resources ] ----------------------------------------------------------
c 
c total process time since initialization:         1.87    seconds
c total real time since initialization:            2.48    seconds
c maximum resident set size of process:           39.31    MB
c 
c --- [ shutting down ] ------------------------------------------------------
c 
c exit 20
