c --- [ banner ] -------------------------------------------------------------
c 
c CaDiCaL SAT Solver
c Copyright (c) 2016-2023 A. Biere, M. Fleury, N. Froleyks, K. Fazekas, F. Pollitt
c 
c Version 1.9.5 146207318796f094dcded87349a64f0c6927309e
c g++ (Ubuntu 13.3.0-6ubuntu2~24.04.1) 13.3.0 -Wall -Wextra -O3 -DNDEBUG
c Wed Sep 30 06:02:32 JST 2026 Linux ikutoPC 6.6.87.2-microsoft-standard-WSL2 x86_64
c 
c --- [ limit ] --------------------------------------------------------------
c 
c setting conflict limit to 1000000 conflicts (due to '1000000')
c 
c --- [ proof tracing ] ------------------------------------------------------
c 
c opening file to write '/tmp/conway99-six-profile-rank4_08_profile_0278-DEjeXP/proof.drat'
c writing non-binary proof trace to '/tmp/conway99-six-profile-rank4_08_profile_0278-DEjeXP/proof.drat'
c 
c --- [ parsing input ] ------------------------------------------------------
c 
c reading DIMACS file from '/mnt/c/Users/ikuto/projects/conway-99-graph/acceleration/results/20260930_hadamard_six_remaining_cnfs/run01/rank4_08_profile_0278/instance.cnf'
c opening file to read '/mnt/c/Users/ikuto/projects/conway-99-graph/acceleration/results/20260930_hadamard_six_remaining_cnfs/run01/rank4_08_profile_0278/instance.cnf'
c found 'p cnf 10156 177412' header
c parsed 177412 clauses in 0.08 seconds process time
c 
c --- [ options ] ------------------------------------------------------------
c 
c   --binary=false                 (different from default 'true')
c 
c --- [ solving ] ------------------------------------------------------------
c 
c time measured in process time since initialization
c 
c  seconds  reductions  redundant  irredundant
c         MB    restarts       trail      variables
c          level   conflicts       glue        remaining
c 
c *  0.08 18  0 0   0    0    0  0% 0 127810 7288 72%
c {  0.08 18  0 0   0    0    0  0% 0 127810 7288 72%
c -  0.11 20 24 1  22  300  232 55% 10 127810 7288 72%
c -  0.16 25 22 2  54  963  645 58% 8 127810 7288 72%
c }  0.16 25 22 2  54 1001  680 58% 8 127810 7288 72%
c [  0.16 25  0 2  54 1001  680  0% 0 127810 7288 72%
c O  0.16 25  3 2  54 1002  681 68% 2 127810 7288 72%
c i  0.20 25 24 2  54 1546 1087 60% 10 127810 7286 72%
c -  0.23 26 74 3  54 1962  850 57% 23 127761 7286 72%
c ]  0.31 26 107 3  55 3001 1692 55% 43 127761 7286 72%
c {  0.31 26 22 3  55 3001 1692 58% 8 127761 7286 72%
c F  0.32 25 22 3  55 3003 1694 42% 8 127761 7286 72%
c -  0.34 25 22 4  56 3290 1529 43% 8 127761 7286 72%
c i  0.38 25 21 4  84 3883 1919 39% 8 127761 7285 72%
c i  0.40 25 21 4 111 4372 2290 38% 8 127761 7284 72%
c -  0.44 25 24 5 135 4952 1783 38% 8 127667 7284 72%
c d  0.45 25 24 5 135 5000 1815 38% 8 127575 7238 71%
c p  0.53 26 24 5 135 5000 83298 38% 8 127575 7232 71%
c d  0.54 27 24 5 135 5000 82587 38% 8 127235 7214 71%
c i  0.57 27 23 5 150 5397 82834 38% 8 127235 7213 71%
c 
c  seconds  reductions   redundant  irredundant
c         MB    restarts        trail      variables
c          level   conflicts        glue        remaining
c 
c i  0.57 27 23 5 152 5472 82871 38% 8 127235 7212 71%
c i  0.59 27 23 5 157 5706 83044 38% 7 127235 7211 71%
c #  0.61 27 22 5 165 6005 83276 38% 7 127235 7211 71%
c i  0.66 27 22 5 232 6898 83884 38% 8 127235 7210 71%
c -  0.68 33 22 6 232 6944 8157 38% 8 127050 7210 71%
c }  0.68 33 22 6 232 7008 8207 38% 7 127050 7210 71%
c [  0.68 33 107 6 232 7008 8207 76% 43 127050 7210 71%
c s  0.77 34 90 6 233 8265 9043 59% 35 125164 7210 71%
c v  0.79 34 90 6 233 8265 9043 59% 35 125142 7210 71%
c w  0.79 34 90 6 233 8265 9040 59% 35 125142 7210 71%
c e  0.83 34 90 6 233 8265 8318 59% 35 123902 6008 59%
c s  0.83 34 90 6 233 8265 8317 59% 35 123902 6008 59%
c i  0.85 34 89 6 233 8310 8344 33% 35 123902 6007 59%
c -  0.91 34 77 7 233 9263 4609 35% 30 123855 6007 59%
c I  0.95 34 70 7 234 10011 5223 35% 28 123855 6007 59%
c -  1.08 34 66 8 236 11885 5207 35% 27 123855 6007 59%
c -  1.25 34 56 9 237 14836 5747 35% 23 123855 6007 59%
c i  1.26 34 55 9 237 14941 5807 35% 23 123855 5931 58%
c 2  1.27 34 55 9 237 15003 5850 35% 23 123855 5931 58%
c p  1.34 34 55 9 237 15003 89792 35% 23 123855 5931 58%
c 
c  seconds  reductions    redundant   irredundant
c         MB    restarts         trail       variables
c          level    conflicts        glue         remaining
c 
c d  1.35 34 55 9 237 15003 87835 35% 23 120389 5928 58%
c d  1.36 34 55 9 237 15003 87835 35% 23 120343 5905 58%
c ]  1.36 34 55 9 237 15009 87841 35% 23 120343 5905 58%
c {  1.36 34 22 9 237 15009 87841 46% 7 120343 5905 58%
c B  1.36 34 22 9 237 15012 87844 46% 7 120343 5905 58%
c i  1.40 34 22 9 324 15756 88365 45% 8 120343 5904 58%
c i  1.41 34 22 9 335 15860 88448 44% 8 120343 5903 58%
c i  1.42 34 22 9 335 16066 88586 44% 8 120343 5902 58%
c i  1.45 34 24 9 390 16590 88955 43% 8 120343 5901 58%
c i  1.45 34 24 9 396 16620 88980 43% 8 120343 5900 58%
c i  1.46 34 23 9 397 16747 89058 43% 8 120343 5899 58%
c i  1.46 34 23 9 397 16791 89084 43% 8 120343 5898 58%
c i  1.52 34 23 9 453 17716 89788 43% 8 120343 5897 58%
c i  1.53 34 23 9 471 17897 89919 43% 8 120343 5896 58%
c i  1.53 34 23 9 471 17980 89957 43% 8 120343 5895 58%
c i  1.54 34 23 9 471 17991 89963 43% 8 120343 5894 58%
c -  1.56 37 23 10 486 18115 10240 43% 8 119821 5894 58%
c i  1.57 37 23 10 486 18183 10285 43% 8 119821 5893 58%
c i  1.57 37 23 10 486 18244 10314 43% 8 119821 5892 58%
c i  1.57 37 23 10 486 18284 10332 43% 8 119821 5891 58%
c 
c  seconds  reductions     redundant  irredundant
c         MB     restarts         trail      variables
c          level     conflicts        glue        remaining
c 
c i  1.59 37 23 10 493 18530 10495 42% 8 119821 5890 58%
c i  1.59 37 23 10 493 18675 10574 42% 8 119821 5889 58%
c i  1.60 37 23 10 493 18753 10642 42% 8 119821 5888 58%
c i  1.60 37 22 10 494 18883 10731 42% 8 119821 5887 58%
c i  1.61 37 22 10 494 19050 10874 42% 8 119821 5886 58%
c i  1.67 37 22 10 546 20004 11589 42% 8 119821 5884 58%
c i  1.68 37 22 10 546 20216 11754 42% 8 119821 5883 58%
c i  1.70 37 22 10 549 20518 11984 42% 8 119821 5882 58%
c i  1.70 37 22 10 549 20533 11998 42% 8 119821 5881 58%
c i  1.70 37 22 10 549 20534 11998 42% 8 119821 5880 58%
c i  1.71 37 21 10 549 20736 12156 42% 8 119821 5879 58%
c W  1.81 37 21 10 549 21014 11310 42% 8 119115 5879 58%
c i  1.82 37 21 10 550 21243 11467 42% 8 119115 5878 58%
c i  1.82 37 21 10 550 21247 11470 42% 8 119115 5877 58%
c i  1.83 37 21 10 582 21520 11641 41% 8 119115 5876 58%
c -  1.85 35 21 11 583 21675 5725 41% 8 118974 5876 58%
c i  1.86 35 21 11 585 21834 5813 41% 8 118974 5875 58%
c i  1.87 35 21 11 609 21971 5881 41% 8 118974 5873 58%
c i  1.87 35 21 11 611 22059 5937 41% 8 118974 5872 58%
c i  1.88 35 21 11 639 22279 6099 41% 8 118974 5871 58%
c 
c  seconds  reductions    redundant  irredundant
c         MB     restarts        trail      variables
c          level     conflicts       glue        remaining
c 
c i  1.89 35 21 11 646 22352 6146 41% 8 118974 5869 58%
c i  1.89 35 21 11 646 22365 6150 41% 8 118974 5868 58%
c i  1.91 35 21 11 654 22632 6333 41% 8 118974 5867 58%
c i  1.91 35 21 11 654 22723 6388 41% 8 118974 5866 58%
c i  1.92 35 21 11 658 22795 6420 41% 8 118974 5865 58%
c i  1.92 35 21 11 660 22872 6466 41% 8 118974 5864 58%
c i  1.94 35 21 11 671 23150 6685 41% 8 118974 5863 58%
c i  1.94 35 21 11 676 23174 6693 41% 8 118974 5862 58%
c i  1.95 35 21 11 685 23391 6838 41% 8 118974 5861 58%
c i  1.95 35 21 11 685 23399 6841 41% 8 118974 5860 58%
c i  1.96 35 21 11 695 23518 6928 41% 8 118974 5859 58%
c i  1.96 35 21 11 695 23530 6937 41% 8 118974 5858 58%
c i  1.96 35 21 11 695 23580 6976 41% 8 118974 5857 58%
c i  1.97 35 21 11 712 23725 7085 41% 8 118974 5856 58%
c i  1.99 35 21 11 719 24050 7330 41% 8 118974 5855 58%
c i  2.00 35 21 11 724 24231 7481 41% 8 118974 5854 58%
c i  2.01 35 21 11 731 24472 7676 40% 8 118974 5853 58%
c i  2.04 35 21 11 757 24952 8037 40% 8 118974 5852 58%
c i  2.04 35 21 11 759 25016 8063 40% 8 118974 5851 58%
c i  2.05 35 21 11 762 25234 8217 40% 8 118974 5840 58%
c 
c  seconds  reductions    redundant  irredundant
c         MB     restarts        trail      variables
c          level     conflicts       glue        remaining
c 
c i  2.06 35 21 11 770 25420 8305 40% 8 118974 5838 57%
c -  2.08 35 21 12 770 25546 4744 40% 8 117367 5838 57%
c i  2.08 35 21 12 770 25580 4770 40% 8 117367 5809 57%
c i  2.08 35 21 12 770 25581 4770 40% 8 117367 5808 57%
c i  2.09 35 21 12 778 25723 4853 40% 8 117367 5807 57%
c i  2.09 35 21 12 778 25727 4855 40% 8 117367 5806 57%
c i  2.09 35 21 12 778 25731 4857 40% 8 117367 5803 57%
c s  2.10 35 21 12 778 25731 4752 40% 8 117350 5803 57%
c v  2.11 35 21 12 778 25731 4752 40% 8 117349 5803 57%
c w  2.12 35 21 12 778 25731 4746 40% 8 117349 5803 57%
c e  2.14 35 21 12 778 25731 4499 40% 8 115665 5729 56%
c s  2.14 35 21 12 778 25731 4487 40% 8 115665 5729 56%
c i  2.17 35 20 12 795 26196 4815 40% 8 115665 5705 56%
c i  2.17 35 20 12 795 26217 4824 40% 8 115665 5704 56%
c i  2.18 35 20 12 795 26337 4921 40% 8 115665 5703 56%
c i  2.19 35 20 12 811 26609 5119 40% 8 115665 5702 56%
c i  2.21 35 21 12 840 26844 5303 40% 8 115665 5700 56%
c i  2.21 35 21 12 847 26884 5328 40% 8 115665 5699 56%
c i  2.22 35 21 12 868 27001 5396 39% 8 115665 5698 56%
c i  2.22 35 21 12 869 27041 5426 39% 8 115665 5697 56%
c 
c  seconds  reductions    redundant  irredundant
c         MB     restarts        trail      variables
c          level     conflicts       glue        remaining
c 
c i  2.22 35 21 12 869 27063 5434 39% 8 115665 5045 50%
c i  2.23 35 21 12 869 27077 2328 25% 8 88834 5044 50%
c i  2.24 35 21 12 869 27090 2336 28% 8 88834 5042 50%
c }  2.24 35 20 12 869 27095 2338 26% 8 88834 4345 43%
c 0  2.24 35 20 12 869 27095 2338 26% 8 88834 4345 43%
c 
c --- [ closing proof ] ------------------------------------------------------
c 
c DRAT proof file '/tmp/conway99-six-profile-rank4_08_profile_0278-DEjeXP/proof.drat' closed
c DRAT 215428 added clauses 42.02%
c DRAT 297222 deleted clauses 57.98%
c DRAT 19109793 bytes (18.22 MB)
c 
c --- [ result ] -------------------------------------------------------------
c 
s UNSATISFIABLE
c 
c --- [ run-time profiling ] -------------------------------------------------
c 
c process time taken by individual solving procedures
c (percentage relative to process time for solving)
c 
c         1.83   84.90% search
c         1.09   50.70% unstable
c         0.65   30.24% stable
c         0.32   15.08% simplify
c         0.14    6.30% probe
c         0.08    3.88% walk
c         0.08    3.79% parse
c         0.05    2.17% elim
c         0.04    1.92% subsume
c         0.03    1.40% vivify
c         0.02    0.71% ternary
c         0.00    0.07% lucky
c   =================================
c         2.15   96.31% solve
c 
c last line shows process time for solving
c (percentage relative to total process time)
c 
c --- [ statistics ] ---------------------------------------------------------
c 
c chronological:             10359        38.23 %  of conflicts
c conflicts:                 27095     12578.37    per second
c decisions:                 72291     33559.80    per second
c eliminated:                 1276        12.56 %  of all variables
c fixed:                      4445        43.77 %  of all variables
c learned:                   25323        93.46 %  per conflict
c learned_lits:            2232984       100.00 %  learned literals
c minimized:                     0         0.00 %  learned literals
c shrunken:                1086420        48.65 %  learned literals
c minishrunken:             261490        11.71 %  learned literals
c otfs:                        169         0.62 %  of conflict
c propagations:           18986511         8.81 M  per second
c reduced:                    6629        24.47 %  per conflict
c rephased:                      6      4515.83    interval
c restarts:                    869        31.18    interval
c stabilizing:                   2        36.91 %  of conflicts
c substituted:                  90         0.89 %  of all variables
c subsumed:                   7294         2.23 %  of all clauses
c strengthened:               1208         0.37 %  of all clauses
c ternary:                       6         0.09 %  of resolved
c trail reuses:                  0         0.00 %  of incremental calls
c vivified:                     40         0.01 %  of all clauses
c walked:                        1     27095.00    interval
c weakened:                   3976         2.32    average size
c 
c seconds are measured in process time for solving
c 
c --- [ resources ] ----------------------------------------------------------
c 
c total process time since initialization:         2.24    seconds
c total real time since initialization:            2.89    seconds
c maximum resident set size of process:           36.82    MB
c 
c --- [ shutting down ] ------------------------------------------------------
c 
c exit 20
