c --- [ banner ] -------------------------------------------------------------
c 
c CaDiCaL SAT Solver
c Copyright (c) 2016-2023 A. Biere, M. Fleury, N. Froleyks, K. Fazekas, F. Pollitt
c 
c Version 1.9.5 146207318796f094dcded87349a64f0c6927309e
c g++ (Ubuntu 13.3.0-6ubuntu2~24.04.1) 13.3.0 -Wall -Wextra -O3 -DNDEBUG
c Wed Sep 30 06:02:32 JST 2026 Linux ikutoPC 6.6.87.2-microsoft-standard-WSL2 x86_64
c 
c --- [ limit ] --------------------------------------------------------------
c 
c setting conflict limit to 1000000 conflicts (due to '1000000')
c 
c --- [ proof tracing ] ------------------------------------------------------
c 
c opening file to write '/mnt/c/Users/ikuto/projects/conway-99-graph/acceleration/results/20260930_unrestricted_native_pilot/main/proof.drat'
c writing non-binary proof trace to '/mnt/c/Users/ikuto/projects/conway-99-graph/acceleration/results/20260930_unrestricted_native_pilot/main/proof.drat'
c 
c --- [ parsing input ] ------------------------------------------------------
c 
c reading DIMACS file from '/mnt/c/Users/ikuto/projects/conway-99-graph/acceleration/results/20260930_unrestricted_full99_cnf/instance.cnf'
c opening file to read '/mnt/c/Users/ikuto/projects/conway-99-graph/acceleration/results/20260930_unrestricted_full99_cnf/instance.cnf'
c found 'p cnf 1186500 4136454' header
c parsed 4136454 clauses in 2.55 seconds process time
c 
c --- [ options ] ------------------------------------------------------------
c 
c   --binary=false                 (different from default 'true')
c 
c --- [ solving ] ------------------------------------------------------------
c 
c time measured in process time since initialization
c 
c  seconds   reductions  redundant   irredundant
c          MB    restarts       trail        variables
c           level   conflicts       glue           remaining
c 
c *  2.55 611  0 0   0    0    0  0% 0 4131624 885234 75%
c {  2.71 645  0 0   0    0    0  0% 0 4131624 885234 75%
c i  2.96 655 241 0  30  200  191 30% 6 4131624 885233 75%
c i  2.96 655 241 0  30  201  191 30% 6 4131624 885232 75%
c i  2.97 655 241 0  30  202  191 30% 6 4131624 885231 75%
c -  3.83 650 184 1  53  300  283 30% 6 3232644 885231 75%
c i  4.10 650 99 1  95  756  698 29% 6 3232644 885215 75%
c }  4.14 650 83 1  98 1000  910 29% 6 3232644 885215 75%
c [  4.14 650  0 1  98 1000  910  0% 0 3232644 885215 75%
c O  4.16 650 79 1  98 1005  915 34% 3 3232644 885215 75%
c -  4.86 759 20 2  98 1805 1513 27% 6 3232580 885215 75%
c ]  5.10 759 46 2  99 3000 2615 30% 8 3232580 885215 75%
c {  5.10 759 83 2  99 3000 2615 29% 6 3232580 885215 75%
c F  6.01 737 83 2  99 3006 2621  3% 6 3232580 885215 75%
c -  6.82 738 61 3 210 4063 3208  4% 6 3232580 885215 75%
c i  6.92 738 59 3 238 4286 3412  4% 6 3232580 885191 75%
c i  6.92 738 58 3 238 4292 3415  4% 6 3232580 885183 75%
c s  7.44 717 59 3 243 4446 3488  4% 6 3232221 885183 75%
c v  8.27 768 59 3 243 4446 3488  4% 6 3232191 885183 75%
c w  8.40 768 59 3 243 4446 3488  4% 6 3232191 885183 75%
c 
c  seconds   reductions  redundant   irredundant
c          MB    restarts       trail        variables
c           level   conflicts       glue           remaining
c 
c t  8.44 768 59 3 243 4446 3487  4% 6 3232191 885183 75%
c e 15.54 789 59 3 243 4446  507  4% 6 2741504 410947 35%
c s 16.22 789 59 3 243 4446  499  4% 6 2721513 410947 35%
c e 16.79 789 59 3 243 4446  499  4% 6 2720318 410535 35%
c i 17.21 789 59 3 256 4732  767  4% 6 2720318 410533 35%
c 2 18.68 790 56 3 259 5001 21511  3% 6 2720315 410532 35%
c p 18.94 790 56 3 259 5001 24009  3% 6 2720315 410532 35%
c # 19.60 815 51 3 416 6007 24932  3% 6 2720315 410532 35%
c } 20.00 815 49 3 589 7000 25843  2% 7 2720315 410532 35%
c [ 20.00 815 46 3 589 7000 25843 41% 8 2720315 410532 35%
c - 20.72 801 46 4 589 7076 2877 39% 8 2720295 410532 35%
c I 21.99 647 57 4 591 10008 5627 12% 8 2720295 410532 35%
c - 22.28 647 52 5 592 10727 5231  7% 8 2720295 410532 35%
c i 22.33 647 45 5 593 11882 6084  4% 7 2720295 410502 35%
c ] 22.86 647 83 5 594 15000 9005 13% 10 2720295 410502 35%
c { 22.86 647 49 5 594 15000 9005  5% 7 2720295 410502 35%
c p 23.57 666 49 5 595 15007 11409  5% 7 2720295 410502 35%
c B 23.73 666 49 5 596 15014 11416  5% 7 2720295 410502 35%
c - 24.03 666 49 6 602 15109 6545  5% 7 2720135 410502 35%
c s 24.65 666 49 6 662 15359 6775  5% 7 2707272 410502 35%
c 
c  seconds   reductions   redundant   irredundant
c          MB    restarts        trail        variables
c           level    conflicts       glue           remaining
c 
c v 25.71 666 49 6 662 15359 6775  5% 7 2707204 410502 35%
c w 25.83 666 49 6 662 15359 6774  5% 7 2707204 410502 35%
c e 26.15 666 49 6 662 15359 6738  5% 7 2706754 409740 35%
c s 26.20 666 49 6 662 15359 6730  5% 7 2704124 409740 35%
c e 26.41 666 49 6 662 15359 6730  5% 7 2703544 409426 35%
c i 26.53 666 49 6 663 15364 6734  5% 7 2703544 409420 35%
c i 26.82 666 46 6 802 16549 7839  5% 7 2703544 409414 35%
c i 27.03 666 45 6 910 17418 8620  4% 7 2703544 409409 35%
c - 27.82 648 41 7 1193 20221 8356  4% 7 2703420 409404 35%
c W 28.07 668 40 7 1220 21015 9057  4% 7 2703420 409404 35%
c i 28.67 668 40 7 1552 23402 11227  4% 7 2703420 409296 34%
c i 28.72 668 40 7 1580 23573 11388  4% 7 2703420 409258 34%
c i 28.86 668 38 7 1603 25060 12648  4% 7 2703420 409244 34%
c - 29.30 668 38 8 1716 26057 9734  4% 7 2702745 409244 34%
c i 29.34 668 37 8 1741 26158 9832  4% 7 2702745 409186 34%
c i 29.36 668 38 8 1749 26241 9904  4% 7 2702745 409184 34%
c i 29.52 668 37 8 1847 27054 10666  4% 7 2702745 409160 34%
c i 29.52 668 37 8 1847 27055 10666  4% 7 2702745 409158 34%
c i 29.52 668 37 8 1847 27063 10672  4% 7 2702745 409157 34%
c F 29.69 668 37 8 1946 28017 11555  4% 7 2702745 409157 34%
c 
c  seconds   reductions     redundant   irredundant
c          MB    restarts          trail        variables
c           level     conflicts        glue           remaining
c 
c 2 30.42 668 36 8 2087 30009 13471  3% 7 2702745 409155 34%
c p 30.57 668 36 8 2087 30009 16009  3% 7 2702745 409152 34%
c } 30.87 668 35 8 2215 31000 16921  3% 7 2702745 409152 34%
c [ 30.87 668 83 8 2215 31000 16921 13% 10 2702745 409152 34%
c i 30.91 668 83 8 2215 31211 17124 13% 10 2702745 409149 34%
c s 31.05 668 81 8 2215 31700 17326 12% 10 2702321 409138 34%
c v 32.07 668 81 8 2215 31700 17326 12% 10 2702215 409138 34%
c w 32.19 668 81 8 2215 31700 17318 12% 10 2702215 409138 34%
c t 32.27 668 81 8 2215 31700 17317 12% 10 2702215 409138 34%
c e 32.52 669 81 8 2215 31700 16267 12% 10 2701559 409014 34%
c s 32.56 669 81 8 2215 31700 16209 12% 10 2701445 409014 34%
c e 32.76 669 81 8 2215 31700 16201 12% 10 2701361 408970 34%
c - 33.35 669 84 9 2215 32624 11451 12% 10 2701361 408970 34%
c B 34.15 669 107 9 2218 36018 14665 18% 13 2701361 408970 34%
c i 34.45 669 96 9 2220 38765 17182 15% 14 2701361 408966 34%
c - 34.77 670 90 10 2221 39920 14239 14% 14 2701337 408966 34%
c i 34.77 670 90 10 2221 39926 14243 14% 14 2701337 408965 34%
c i 34.77 670 90 10 2221 39928 14244 14% 14 2701337 408960 34%
c W 36.25 670 107 10 2222 45019 19082 18% 16 2701288 408956 34%
c - 37.30 670 119 11 2223 47945 14892 20% 17 2701288 408956 34%
c 
c  seconds    reductions      redundant    irredundant
c          MB      restarts          trail         variables
c            level      conflicts        glue            remaining
c 
c d 38.00 670 124 11 2223 50014 16811 22% 18 2701284 408955 34%
c p 38.54 670 124 11 2223 50014 19572 22% 18 2701284 408955 34%
c i 38.72 670 124 11 2223 50071 19623 22% 18 2701284 408954 34%
c s 39.79 670 129 11 2223 53489 22766 23% 20 2701159 408954 34%
c v 40.82 670 129 11 2223 53489 22766 23% 20 2701076 408954 34%
c w 40.94 670 129 11 2223 53489 22765 23% 20 2701076 408954 34%
c e 41.27 670 129 11 2223 53489 22729 23% 20 2701042 408929 34%
c s 41.30 670 129 11 2223 53489 22705 23% 20 2701014 408929 34%
c e 41.50 670 129 11 2223 53489 22703 23% 20 2700981 408913 34%
c O 42.07 670 132 11 2224 55021 24170 24% 20 2700981 408913 34%
c - 42.85 671 133 12 2226 56700 16214 24% 20 2700981 408913 34%
c ] 44.39 671 137 12 2230 63000 21964 25% 21 2700981 408913 34%
c { 44.39 671 35 12 2230 63000 21964  3% 7 2700981 408913 34%
c i 44.41 671 35 12 2237 63082 22036  3% 7 2700981 408910 34%
c B 45.15 671 35 12 2651 66030 24724  3% 7 2700981 408893 34%
c - 45.49 670 35 13 2671 66183 17392  3% 7 2700886 408893 34%
c i 45.50 670 35 13 2671 66440 17587  3% 7 2700886 408789 34%
c i 45.97 670 35 13 2994 68568 19537  3% 7 2700886 408768 34%
c i 45.97 670 35 13 2994 68629 19568  3% 7 2700886 408668 34%
c i 46.04 670 35 13 3040 68952 19858  3% 7 2700886 408661 34%
c 
c  seconds   reductions      redundant   irredundant
c          MB     restarts          trail        variables
c           level      conflicts        glue           remaining
c 
c i 46.73 670 35 13 3495 71592 22352  4% 7 2700885 408660 34%
c i 46.73 670 35 13 3495 71593 22352  4% 7 2700885 408659 34%
c i 46.73 670 35 13 3495 71594 22352  4% 7 2700885 408658 34%
c i 46.73 670 35 13 3495 71595 22352  3% 7 2700885 408657 34%
c i 46.73 670 35 13 3495 71596 22352  3% 7 2700885 408656 34%
c i 46.73 670 35 13 3495 71597 22352  3% 7 2700885 408655 34%
c i 46.73 670 35 13 3495 71598 22352  3% 7 2700885 408654 34%
c i 46.73 670 35 13 3495 71599 22352  3% 7 2700885 408653 34%
c i 46.73 670 35 13 3495 71600 22352  3% 7 2700885 408652 34%
c i 47.12 670 36 13 3735 73408 24025  4% 7 2700885 408627 34%
c d 47.68 670 36 13 3995 75014 24987  4% 7 2699714 408624 34%
c 2 48.11 670 36 13 3995 75014 25110  4% 7 2699714 408624 34%
c p 48.28 670 36 13 3995 75014 28314  4% 7 2699714 408624 34%
c - 49.08 669 36 14 4215 76395 19136  4% 7 2699714 408624 34%
c i 49.11 669 36 14 4234 76474 19210  4% 7 2699713 408623 34%
c i 49.54 669 36 14 4469 77745 20333  4% 7 2699713 408590 34%
c W 50.19 669 36 14 4521 78034 20311  4% 7 2699554 408590 34%
c i 50.23 669 36 14 4552 78189 20457  4% 7 2699554 408502 34%
c i 50.23 669 36 14 4552 78258 20489  4% 7 2699554 408488 34%
c i 50.23 669 36 14 4552 78265 20494  4% 7 2699554 408481 34%
c 
c  seconds   reductions      redundant   irredundant
c          MB     restarts          trail        variables
c           level      conflicts        glue           remaining
c 
c i 50.38 669 36 14 4641 78849 21023  4% 7 2699554 408475 34%
c s 51.00 669 36 14 4941 80726 22507  4% 7 2699534 408475 34%
c v 52.09 669 36 14 4941 80726 22507  4% 7 2699417 408475 34%
c w 52.22 669 36 14 4941 80726 22497  4% 7 2699417 408475 34%
c e 52.60 669 36 14 4941 80726 21065  4% 7 2698778 408373 34%
c s 52.64 669 36 14 4941 80726 20975  4% 7 2698736 408373 34%
c e 52.83 670 36 14 4941 80726 20975  4% 7 2698698 408357 34%
c i 53.48 670 36 14 5231 82200 22352  4% 8 2698698 408348 34%
c i 53.96 670 36 14 5516 84901 24703  4% 7 2698698 408299 34%
c i 54.16 670 36 14 5660 85699 25459  4% 8 2698698 408294 34%
c i 54.28 670 36 14 5739 86215 25938  4% 8 2698698 408292 34%
c - 54.70 670 36 15 5836 87335 20738  4% 8 2698392 408291 34%
c # 55.69 670 36 15 6402 91036 24241  4% 8 2698392 408291 34%
c i 57.16 670 37 15 7236 96630 29486  4% 8 2698392 408281 34%
c - 58.03 670 37 16 7670 99005 25112  4% 8 2698089 408220 34%
c d 59.52 670 37 16 8401 105016 30762  4% 8 2698056 408209 34%
c 3 59.74 670 37 16 8401 105016 30908  4% 8 2698056 408209 34%
c 2 60.07 670 37 16 8401 105016 30956  4% 8 2698054 408209 34%
c p 60.30 670 37 16 8401 105016 35425  4% 8 2698054 408209 34%
c B 60.43 670 37 16 8406 105038 35445  4% 8 2698054 408209 34%
c 
c  seconds   reductions       redundant   irredundant
c          MB     restarts           trail        variables
c           level      conflicts         glue           remaining
c 
c i 60.61 670 37 16 8487 105759 36069  4% 8 2698054 408083 34%
c - 61.65 670 36 17 8835 111403 27922  4% 8 2697537 408083 34%
c s 62.30 670 36 17 9145 113419 29440  4% 8 2697517 408083 34%
c v 63.45 670 36 17 9145 113419 29440  4% 8 2697459 408083 34%
c w 63.58 670 36 17 9145 113419 29428  4% 8 2697459 408083 34%
c e 64.01 670 36 17 9145 113419 28561  4% 8 2697314 407996 34%
c s 64.05 670 36 17 9145 113419 28513  4% 8 2697287 407996 34%
c e 64.25 670 36 17 9145 113419 28513  4% 8 2697273 407990 34%
c i 65.81 670 37 17 9892 119831 34537  4% 8 2697272 407989 34%
c W 66.44 671 37 17 9892 120039 34716  4% 8 2697266 407989 34%
c i 67.07 671 37 17 10275 122580 37127  4% 8 2697266 407988 34%
c - 67.69 670 37 18 10554 124530 30749  4% 8 2697240 407985 34%
c } 68.24 670 37 18 10868 127000 33095  4% 8 2697240 407985 34%
c [ 68.24 670 137 18 10868 127000 33095 25% 21 2697240 407985 34%
c i 68.48 670 131 18 10869 130857 36706 22% 21 2697240 407982 34%
c i 68.49 670 131 18 10869 130868 36715 22% 21 2697240 407981 34%
c i 68.49 670 131 18 10869 130876 36720 22% 21 2697240 407971 34%
c i 68.49 670 131 18 10869 130883 36726 22% 21 2697240 407968 34%
c i 68.66 670 134 18 10870 131900 37688 22% 21 2697240 407961 34%
c i 68.74 670 132 18 10870 132716 38346 22% 21 2697240 407960 34%
c 
c  seconds    reductions        redundant    irredundant
c          MB       restarts           trail         variables
c            level       conflicts         glue            remaining
c 
c i 68.74 670 132 18 10870 132725 38353 22% 21 2697240 407952 34%
c i 68.75 670 131 18 10870 132782 38399 22% 21 2697240 407951 34%
c i 68.80 670 131 18 10871 133075 38633 22% 21 2697240 407948 34%
c i 68.80 670 131 18 10871 133076 38633 22% 21 2697240 407947 34%
c i 68.90 670 130 18 10871 133755 39223 21% 21 2697240 407946 34%
c B 69.22 670 134 18 10872 136041 41300 21% 21 2697240 407929 34%
c - 70.06 671 139 19 10874 138387 33253 21% 21 2696989 407929 34%
c d 70.45 671 138 19 10875 140016 34732 21% 21 2696986 407928 34%
c 2 70.87 671 138 19 10875 140016 34861 21% 21 2696986 407928 34%
c p 71.05 671 138 19 10875 140016 38734 21% 21 2696986 407928 34%
c s 73.84 671 165 19 10876 151568 49672 26% 23 2696943 407928 34%
c v 75.05 671 165 19 10876 151568 49672 26% 23 2696913 407928 34%
c w 75.21 671 165 19 10876 151568 49665 26% 23 2696913 407916 34%
c e 75.70 671 165 19 10876 151568 49546 26% 23 2696770 407857 34%
c s 75.74 671 165 19 10876 151568 49483 26% 23 2696726 407857 34%
c e 75.96 671 165 19 10876 151568 49432 26% 23 2696688 407839 34%
c - 76.90 673 166 20 10877 152973 33184 27% 23 2696688 407839 34%
c W 77.46 673 166 20 10877 153043 33247 27% 23 2696688 407839 34%
c - 82.92 674 163 21 10878 168289 33409 29% 27 2696688 407839 34%
c I 84.03 674 163 21 10880 171044 36077 30% 28 2696688 407839 34%
c 
c  seconds    reductions        redundant    irredundant
c          MB       restarts           trail         variables
c            level       conflicts         glue            remaining
c 
c p 86.29 674 161 21 10884 180016 48510 27% 27 2696688 407839 34%
c - 87.97 673 163 22 10887 184333 34453 28% 27 2696688 407839 34%
c B 89.66 673 167 22 10891 190045 39845 28% 27 2696688 407839 34%
c s 90.72 673 172 22 10892 195170 44398 27% 28 2696651 407839 34%
c v 91.92 673 172 22 10892 195170 44398 27% 28 2696633 407839 34%
c w 92.05 673 172 22 10892 195170 44398 27% 28 2696633 407839 34%
c e 92.48 673 172 22 10892 195170 44398 27% 28 2696613 407823 34%
c s 92.50 673 172 22 10892 195170 44346 27% 28 2696596 407823 34%
c i 93.22 673 171 22 10892 196629 45739 27% 28 2696596 407822 34%
c i 93.60 673 172 22 10892 197952 46985 27% 28 2696596 407821 34%
c - 94.76 673 173 23 10892 201105 35661 28% 28 2696583 407821 34%
c i 95.71 673 174 23 10895 205511 39872 28% 28 2696583 407820 34%
c W 97.64 675 176 23 10899 210047 44148 28% 28 2696580 407820 34%
c - 100.07 673 177 24 10903 218606 37305 29% 28 2696580 407820 34%
c d 102.11 673 175 24 10906 225017 43361 29% 28 2696575 407819 34%
c p 102.75 673 175 24 10906 225017 48341 29% 28 2696575 407819 34%
c O 104.13 673 176 24 10907 231050 54232 30% 28 2696575 407819 34%
c - 106.69 674 173 25 10908 236840 39346 30% 28 2696575 407819 34%
c s 108.73 674 172 25 10908 244223 46364 31% 28 2696536 407819 34%
c v 109.93 674 172 25 10908 244223 46364 31% 28 2696513 407819 34%
c 
c  seconds     reductions        redundant    irredundant
c           MB       restarts           trail         variables
c             level       conflicts         glue            remaining
c 
c w 110.06 674 172 25 10908 244223 46361 31% 28 2696513 407819 34%
c e 110.53 674 172 25 10908 244223 46360 31% 28 2696455 407795 34%
c s 110.56 674 172 25 10908 244223 46310 31% 28 2696446 407795 34%
c B 113.95 674 174 25 10909 253054 54720 32% 29 2696446 407795 34%
c ] 114.41 674 175 25 10909 255001 56561 32% 29 2696446 407795 34%
c { 114.41 674 37 25 10909 255001 56561  4% 8 2696446 407795 34%
c - 114.90 674 37 26 10959 255800 40849  4% 8 2696446 407795 34%
c i 115.13 674 37 26 11039 257404 42282  4% 8 2696446 407790 34%
c i 115.17 674 36 26 11060 257615 42479  4% 8 2696446 407788 34%
c i 115.52 674 36 26 11171 260441 45061  4% 8 2696446 407751 34%
c d 119.03 674 36 26 12750 275021 58745  4% 8 2696242 407750 34%
c 2 119.52 674 36 26 12750 275021 58862  4% 8 2696242 407750 34%
c p 119.78 674 36 26 12750 275021 64467  4% 8 2696242 407750 34%
c - 120.49 671 36 27 12833 275489 42334  4% 8 2696242 407750 34%
c F 120.61 671 36 27 12904 276057 42868  4% 8 2696242 407750 34%
c i 120.83 671 36 27 13006 276890 43622  4% 8 2696242 407598 34%
c i 121.46 671 37 27 13302 279244 45827  4% 8 2696242 407524 34%
c i 122.40 671 37 27 13794 283446 49695  4% 8 2696242 407522 34%
c i 122.41 671 36 27 13798 283626 49851  4% 8 2696242 407513 34%
c i 122.52 671 37 27 13835 283866 50066  4% 8 2696242 407507 34%
c 
c  seconds    reductions        redundant   irredundant
c           MB      restarts           trail        variables
c            level       conflicts         glue           remaining
c 
c i 122.79 671 37 27 13964 284763 50870  4% 8 2696242 407367 34%
c - 125.95 671 37 28 15213 295908 47117  4% 8 2694631 407367 34%
c i 126.09 671 37 28 15258 296869 47922  4% 8 2694631 407296 34%
c s 126.78 671 37 28 15501 298727 49307  4% 8 2694608 407296 34%
c v 128.01 671 37 28 15501 298727 49307  4% 8 2694557 407296 34%
c w 128.16 671 37 28 15501 298727 49298  4% 8 2694557 407296 34%
c e 128.69 671 37 28 15501 298727 47492  4% 8 2694068 407195 34%
c s 128.75 671 37 28 15501 298727 47387  4% 8 2694025 407195 34%
c e 128.96 671 37 28 15501 298727 47384  4% 8 2694002 407185 34%
c B 129.49 671 37 28 15716 300058 48644  4% 8 2694002 407185 34%
c i 130.65 671 37 28 16324 303800 52202  4% 8 2694002 407183 34%
c i 131.37 671 38 28 16649 306253 54510  4% 8 2694002 407177 34%
c i 131.91 671 38 28 16901 307890 56044  4% 8 2694002 407131 34%
c i 131.91 671 38 28 16901 307892 56045  4% 8 2694002 407130 34%
c i 132.47 671 38 28 17153 309237 57339  4% 8 2694002 407128 34%
c i 132.57 671 38 28 17175 309812 57871  4% 8 2694002 407127 34%
c i 132.71 671 38 28 17217 310792 58737  4% 8 2694002 407124 34%
c i 132.71 671 38 28 17217 310803 58747  4% 8 2694002 407123 34%
c i 132.94 671 38 28 17291 311434 59349  4% 8 2694002 407121 34%
c i 133.25 671 38 28 17392 312587 60441  4% 8 2694002 407118 34%
c 
c  seconds    reductions        redundant   irredundant
c           MB      restarts           trail        variables
c            level       conflicts         glue           remaining
c 
c i 133.50 671 39 28 17466 313782 61522  4% 8 2694002 407114 34%
c - 134.91 672 39 29 17732 317055 50279  4% 8 2693638 407109 34%
c i 134.95 672 39 29 17735 317237 50436  4% 8 2693638 407072 34%
c i 134.95 672 39 29 17735 317360 50526  4% 8 2693638 406948 34%
c i 135.20 672 39 29 17773 318662 51671  4% 8 2693638 406927 34%
c i 135.20 672 39 29 17773 318705 51698  4% 8 2693638 406655 34%
c i 135.20 672 39 29 17773 318710 51699  4% 8 2693638 406648 34%
c i 135.39 672 39 29 17814 319750 52657  4% 8 2693638 406631 34%
c W 137.37 672 39 29 18156 325059 57306  4% 8 2691698 406631 34%
c i 137.46 672 39 29 18176 326041 58196  4% 8 2691698 406628 34%
c i 137.49 672 39 29 18186 326161 58294  4% 8 2691698 406510 34%
c i 138.56 672 40 29 18413 329622 61501  4% 8 2691698 406481 34%
c d 138.82 672 40 29 18436 330023 61761  4% 8 2690989 406456 34%
c d 138.95 672 40 29 18436 330023 61759  4% 8 2690983 406454 34%
c 2 139.29 672 40 29 18436 330023 61981  4% 8 2690967 406452 34%
c p 139.64 672 40 29 18436 330023 69879  4% 8 2690967 406451 34%
c i 140.56 672 40 29 18595 332253 71957  5% 8 2690967 406277 34%
c i 141.38 672 40 29 18784 334148 73697  5% 8 2690967 406274 34%
c i 141.80 672 40 29 18876 335625 74970  5% 8 2690967 406143 34%
c - 143.76 672 41 30 19267 338929 53981  5% 8 2689689 406143 34%
c 
c  seconds    reductions        redundant   irredundant
c           MB      restarts           trail        variables
c            level       conflicts         glue           remaining
c 
c i 144.43 672 41 30 19428 340386 55351  5% 8 2689689 406106 34%
c i 145.49 672 41 30 19688 342805 57622  5% 8 2689689 406049 34%
c i 145.55 672 41 30 19695 343000 57793  5% 8 2689689 405909 34%
c i 147.00 672 42 30 20064 347497 61923  5% 8 2689689 405908 34%
c i 148.66 672 42 30 20434 350469 64681  5% 8 2689689 405905 34%
c # 148.97 672 42 30 20501 351060 65237  5% 8 2689689 405903 34%
c i 149.87 672 42 30 20721 352441 66547  5% 8 2689689 405780 34%
c i 149.90 672 42 30 20729 352488 66588  5% 8 2689689 405779 34%
c i 150.22 672 42 30 20790 352786 66868  5% 8 2689689 405778 34%
c i 150.91 672 42 30 20942 354369 68359  5% 8 2689689 405736 34%
c i 151.59 672 43 30 21099 355656 69505  5% 8 2689689 405574 34%
c s 152.74 672 43 30 21323 358699 71906  5% 8 2689547 405574 34%
c v 154.17 672 43 30 21323 358699 71906  5% 8 2689535 405574 34%
c w 154.34 672 43 30 21323 358699 71881  5% 8 2689535 405551 34%
c t 154.82 672 43 30 21323 358699 71881  5% 8 2689535 405531 34%
c e 155.13 672 43 30 21323 358699 66497  5% 8 2686375 405245 34%
c s 155.19 672 43 30 21323 358699 66371  5% 8 2686122 405245 34%
c e 155.43 672 43 30 21323 358699 66316  5% 8 2686102 405235 34%
c i 157.07 672 43 30 21642 361247 68703  5% 8 2686102 405233 34%
c i 157.10 672 43 30 21653 361350 68798  5% 8 2686102 405232 34%
c 
c  seconds    reductions        redundant   irredundant
c           MB      restarts           trail        variables
c            level       conflicts         glue           remaining
c 
c i 157.10 672 43 30 21653 361355 68802  5% 8 2686102 405231 34%
c - 157.48 672 43 31 21653 361525 53312  5% 8 2686064 405229 34%
c i 159.02 672 44 31 22057 363997 55636  5% 8 2686057 405228 34%
c i 159.53 672 44 31 22172 364801 56397  5% 8 2686057 405227 34%
c i 160.06 672 44 31 22294 365791 57322  5% 8 2686057 405224 34%
c i 160.26 672 44 31 22379 366293 57793  5% 8 2686057 405223 34%
c i 160.31 672 44 31 22385 366611 58079  5% 8 2686057 405170 34%
c i 160.32 672 44 31 22385 366884 58306  5% 8 2686057 405144 34%
c i 160.40 672 44 31 22398 367577 58959  5% 8 2686057 405115 34%
c i 161.98 672 44 31 22866 370876 62089  5% 8 2686057 405095 34%
c B 166.26 672 45 31 23800 378063 68869  6% 8 2686057 405095 34%
c i 168.53 672 45 31 24292 382121 72655  6% 8 2686057 405094 34%
c i 168.72 672 46 31 24340 382419 72928  6% 9 2686057 405089 34%
c i 168.72 672 46 31 24342 382426 72934  6% 9 2686057 405088 34%
c i 168.72 672 46 31 24342 382428 72934  6% 9 2686057 405086 34%
c i 168.72 672 46 31 24342 382434 72937  6% 9 2686057 405049 34%
c i 168.72 672 46 31 24342 382447 72942  6% 9 2686057 405035 34%
c i 169.93 672 46 31 24594 384145 74515  6% 9 2686057 405033 34%
c i 169.93 672 46 31 24594 384147 74515  6% 9 2686057 405031 34%
c i 169.93 672 46 31 24594 384151 74516  6% 9 2686057 405026 34%
c 
c  seconds    reductions        redundant   irredundant
c           MB      restarts           trail        variables
c            level       conflicts         glue           remaining
c 
c - 170.66 672 46 32 24679 384844 59984  6% 9 2685178 405026 34%
c i 171.08 672 46 32 24769 386069 61109  6% 9 2685178 405025 34%
c i 171.15 672 46 32 24781 386262 61269  6% 9 2685178 405001 34%
c i 173.19 672 47 32 25121 389038 63847  6% 9 2685178 404941 34%
c i 173.23 672 47 32 25123 389117 63919  6% 9 2685178 404940 34%
c d 174.40 672 47 32 25300 390025 64352  6% 9 2684725 404915 34%
c d 174.56 672 47 32 25300 390025 64346  6% 9 2684707 404909 34%
c 3 174.70 672 47 32 25300 390025 64561  6% 9 2684707 404909 34%
c 2 175.13 672 47 32 25300 390025 64578  6% 9 2684696 404908 34%
c p 175.81 672 47 32 25300 390025 78518  6% 9 2684696 404908 34%
c i 176.09 672 47 32 25320 390494 78956  6% 9 2684696 404907 34%
c i 176.09 672 47 32 25320 390498 78959  6% 9 2684696 404903 34%
c i 176.09 672 47 32 25320 390501 78961  6% 9 2684696 404902 34%
c i 177.22 672 47 32 25536 392278 80633  6% 9 2684696 404872 34%
c i 178.70 672 47 32 25845 394953 83145  6% 9 2684696 404830 34%
c i 181.47 672 48 32 26470 399564 87497  6% 9 2684695 404829 34%
c i 182.12 672 48 32 26605 400554 88406  6% 9 2684695 404828 34%
c i 182.54 672 48 32 26673 401059 88889  6% 9 2684695 404827 34%
c i 182.89 672 48 32 26756 401482 89287  6% 9 2684695 404800 34%
c W 186.21 674 48 32 27265 406064 92241  7% 9 2684229 404800 34%
c 
c  seconds    reductions        redundant   irredundant
c           MB      restarts           trail        variables
c            level       conflicts         glue           remaining
c 
c - 188.45 672 49 33 27697 408890 64940  7% 9 2684229 404800 34%
c i 189.49 672 49 33 27901 410694 66624  7% 9 2684229 404799 34%
c i 190.21 672 49 33 28035 412505 68243  7% 9 2684229 404709 34%
c i 190.21 672 49 33 28035 412517 68251  7% 9 2684229 404680 34%
c i 190.24 672 49 33 28049 412592 68308  7% 9 2684229 404678 34%
c i 190.24 672 49 33 28049 412595 68309  7% 9 2684229 404677 34%
c i 190.24 672 49 33 28049 412598 68310  7% 9 2684229 404670 34%
c i 193.05 672 49 33 28663 419255 74589  7% 9 2684229 404669 34%
c i 193.11 672 49 33 28675 419345 74661  7% 9 2684218 404668 34%
c i 193.11 672 49 33 28676 419346 74661  7% 9 2684218 404667 34%
c i 193.11 672 49 33 28676 419347 74661  7% 9 2684218 404666 34%
c i 193.11 672 49 33 28676 419348 74661  7% 9 2684218 404665 34%
c i 193.11 672 49 33 28676 419349 74661  7% 9 2684218 404664 34%
c i 193.11 672 49 33 28676 419350 74661  7% 9 2684218 404661 34%
c i 193.11 672 49 33 28676 419351 74661  7% 9 2684218 404656 34%
c i 194.79 672 50 33 29017 422119 77259  7% 9 2684218 404655 34%
c i 194.79 672 50 33 29017 422120 77259  7% 9 2684218 404651 34%
c i 195.60 672 50 33 29203 423917 78939  7% 9 2684218 404618 34%
c s 195.78 672 50 33 29208 424189 78619  7% 9 2684057 404618 34%
c v 197.39 672 50 33 29208 424189 78619  7% 9 2684008 404618 34%
c 
c  seconds    reductions        redundant   irredundant
c           MB      restarts           trail        variables
c            level       conflicts         glue           remaining
c 
c w 197.58 672 50 33 29208 424189 78592  7% 9 2684008 404618 34%
c t 198.27 672 50 33 29208 424189 78592  7% 9 2684002 404380 34%
c e 198.58 672 50 33 29208 424189 73492  7% 9 2681200 403983 34%
c s 198.65 672 50 33 29208 424189 73359  7% 9 2680838 403983 34%
c e 198.88 672 50 33 29208 424189 73358  7% 9 2680814 403968 34%
c i 202.26 672 50 33 29866 428885 77787  7% 9 2680814 403967 34%
c i 202.26 672 50 33 29866 428886 77787  7% 9 2680814 403964 34%
c 
c caught signal 15 (SIGTERM)
c 
c --- [ result ] -------------------------------------------------------------
c 
c UNKNOWN
c 
c --- [ run-time profiling ] -------------------------------------------------
c 
c process time taken by individual solving procedures
c (percentage relative to process time for solving)
c 
c       156.53   77.82% search
c       102.27   50.84% unstable
c        49.35   24.53% stable
c        44.63   22.18% simplify
c        14.06    6.99% vivify
c        12.28    6.10% elim
c         4.74    2.36% walk
c         4.38    2.18% ternary
c         3.03    1.51% probe
c         2.64    1.31% subsume
c         2.55    1.27% parse
c         0.16    0.08% lucky
c   =================================
c       201.15   98.75% solve
c 
c last line shows process time for solving
c (percentage relative to total process time)
c 
c --- [ statistics ] ---------------------------------------------------------
c 
c chronological:             99357        23.01 %  of conflicts
c conflicts:                431889      2147.06    per second
c decisions:               2111004     10494.47    per second
c eliminated:               477016        40.20 %  of all variables
c fixed:                    305456        25.74 %  of all variables
c learned:                  422575        97.84 %  per conflict
c learned_lits:           16266197       100.00 %  learned literals
c minimized:                     0         0.00 %  learned literals
c shrunken:                1800814        11.07 %  learned literals
c minishrunken:            1744544        10.72 %  learned literals
c otfs:                       3002         0.70 %  of conflict
c propagations:         1622464041         8.07 M  per second
c reduced:                  290460        67.25 %  per conflict
c rephased:                     28     15424.61    interval
c restarts:                  30207        14.30    interval
c stabilizing:                   4        39.36 %  of conflicts
c substituted:                  68         0.01 %  of all variables
c subsumed:                  62209         0.79 %  of all clauses
c strengthened:              20420         0.26 %  of all clauses
c ternary:                   22154         1.44 %  of resolved
c trail reuses:                  0         0.00 %  of incremental calls
c vivified:                   1467         0.02 %  of all clauses
c walked:                        8     53986.12    interval
c weakened:                1684079         2.45    average size
c 
c seconds are measured in process time for solving
c 
c --- [ resources ] ----------------------------------------------------------
c 
c total process time since initialization:       203.70    seconds
c total real time since initialization:          299.99    seconds
c maximum resident set size of process:          920.82    MB
c 
c raising signal 15 (SIGTERM)
