c --- [ banner ] -------------------------------------------------------------
c 
c CaDiCaL SAT Solver
c Copyright (c) 2016-2023 A. Biere, M. Fleury, N. Froleyks, K. Fazekas, F. Pollitt
c 
c Version 1.9.5 146207318796f094dcded87349a64f0c6927309e
c g++ (Ubuntu 13.3.0-6ubuntu2~24.04.1) 13.3.0 -Wall -Wextra -O3 -DNDEBUG
c Wed Sep 30 06:02:32 JST 2026 Linux ikutoPC 6.6.87.2-microsoft-standard-WSL2 x86_64
c 
c --- [ limit ] --------------------------------------------------------------
c 
c setting conflict limit to 1000000 conflicts (due to '1000000')
c 
c --- [ proof tracing ] ------------------------------------------------------
c 
c opening file to write '/tmp/conway99-seven-profile-rank5_122_profile_0002-nWJ6Bs/proof.drat'
c writing non-binary proof trace to '/tmp/conway99-seven-profile-rank5_122_profile_0002-nWJ6Bs/proof.drat'
c 
c --- [ parsing input ] ------------------------------------------------------
c 
c reading DIMACS file from '/mnt/c/Users/ikuto/projects/conway-99-graph/acceleration/results/20260930_hadamard_seven_remaining_cnfs/run01/rank5_122_profile_0002/instance.cnf'
c opening file to read '/mnt/c/Users/ikuto/projects/conway-99-graph/acceleration/results/20260930_hadamard_seven_remaining_cnfs/run01/rank5_122_profile_0002/instance.cnf'
c found 'p cnf 9872 170454' header
c parsed 170454 clauses in 0.07 seconds process time
c 
c --- [ options ] ------------------------------------------------------------
c 
c   --binary=false                 (different from default 'true')
c 
c --- [ solving ] ------------------------------------------------------------
c 
c time measured in process time since initialization
c 
c  seconds  reductions  redundant  irredundant
c         MB    restarts       trail      variables
c          level   conflicts       glue        remaining
c 
c *  0.07 17  0 0   0    0    0  0% 0 120522 6945 70%
c {  0.07 18  0 0   0    0    0  0% 0 120522 6945 70%
c i  0.07 18  0 0   0    2    0 31% 0 120522 6930 70%
c i  0.07 18  0 0   0    3    0 31% 0 120522 6867 70%
c i  0.07 18  0 0   0    4    0 31% 0 120522 6866 70%
c i  0.07 18  0 0   0    5    0 31% 0 120522 6791 69%
c i  0.07 18  0 0   0    7    0 31% 0 120522 6776 69%
c i  0.07 18  0 0   0    8    0 32% 0 120522 6760 68%
c i  0.07 18  0 0   0    9    0 32% 0 120522 6759 68%
c i  0.07 18  0 0   0   10    0 32% 0 120522 6684 68%
c i  0.07 19 10 0  15   82   48 51% 3 120522 6683 68%
c i  0.07 19 13 0  15   94   59 50% 3 120522 6682 68%
c i  0.08 19 14 0  43  228  152 52% 4 120522 6681 68%
c i  0.08 19 14 0  43  229  152 52% 4 120522 6679 68%
c i  0.08 19 14 0  47  258  165 52% 4 120522 6678 68%
c i  0.08 19 14 0  47  262  160 52% 4 120522 6677 68%
c i  0.08 19 14 0  47  264  160 52% 4 120522 6676 68%
c i  0.08 19 14 0  47  270  164 52% 4 120522 6675 68%
c i  0.08 19 14 0  47  275  167 52% 4 120522 6674 68%
c i  0.08 19 14 0  47  276  167 52% 4 120522 6673 68%
c 
c  seconds  reductions  redundant  irredundant
c         MB    restarts       trail      variables
c          level   conflicts       glue        remaining
c 
c -  0.09 19 14 1  49  303  163 53% 4 110892 6673 68%
c i  0.09 19 13 1  49  342  194 53% 4 110892 6672 68%
c i  0.09 19 13 1  49  346  196 53% 4 110892 6671 68%
c i  0.10 19 12 1  64  530  323 54% 5 110892 6670 68%
c i  0.10 19 12 1  66  583  358 54% 5 110892 6669 68%
c i  0.11 19 14 1  85  760  477 53% 5 110892 6668 68%
c i  0.11 19 14 1  85  773  486 53% 5 110892 6667 68%
c i  0.11 19 14 1  87  808  509 53% 5 110892 6666 68%
c i  0.11 19 14 1  87  809  509 53% 5 110892 6665 68%
c i  0.11 19 14 1  98  898  562 54% 5 110892 6664 68%
c i  0.11 19 14 1  98  906  568 54% 5 110892 6663 67%
c i  0.11 19 14 1  98  909  570 54% 5 110892 6662 67%
c -  0.12 24 14 2 101  930  284 54% 5 110390 6662 67%
c i  0.12 24 14 2 103  938  290 54% 5 110390 6659 67%
c }  0.13 24 14 2 117 1000  335 54% 5 110390 6659 67%
c [  0.13 24  0 2 117 1000  335  0% 0 110390 6659 67%
c O  0.13 24  8 2 117 1002  337 58% 2 110390 6659 67%
c i  0.13 24  3 2 117 1011  344 59% 1 110390 6658 67%
c i  0.14 24 16 2 117 1247  548 55% 8 110390 5916 60%
c i  0.14 24 16 2 117 1249  549 55% 8 110390 5915 60%
c 
c  seconds  reductions  redundant  irredundant
c         MB    restarts       trail      variables
c          level   conflicts       glue        remaining
c 
c i  0.14 24 16 2 117 1251  550 55% 8 110390 5887 60%
c i  0.14 24 16 2 117 1252  550 55% 8 110390 5839 59%
c ]  0.14 24 16 2 117 1256  550 55% 8 110390 5080 51%
c 0  0.14 24 16 2 117 1256  550 55% 8 110390 5080 51%
c 
c --- [ closing proof ] ------------------------------------------------------
c 
c DRAT proof file '/tmp/conway99-seven-profile-rank5_122_profile_0002-nWJ6Bs/proof.drat' closed
c DRAT 7969 added clauses 11.28%
c DRAT 62690 deleted clauses 88.72%
c DRAT 1820428 bytes (1.74 MB)
c 
c --- [ result ] -------------------------------------------------------------
c 
s UNSATISFIABLE
c 
c --- [ run-time profiling ] -------------------------------------------------
c 
c process time taken by individual solving procedures
c (percentage relative to process time for solving)
c 
c         0.07   99.06% search
c         0.07   89.37% parse
c         0.06   80.48% unstable
c         0.01   17.06% stable
c         0.00    1.47% lucky
c         0.00    0.00% simplify
c   =================================
c         0.07   52.51% solve
c 
c last line shows process time for solving
c (percentage relative to total process time)
c 
c --- [ statistics ] ---------------------------------------------------------
c 
c chronological:               609        48.49 %  of conflicts
c conflicts:                  1256     17084.02    per second
c decisions:                  4766     64826.78    per second
c fixed:                      4792        48.54 %  of all variables
c learned:                    1123        89.41 %  per conflict
c learned_lits:              47971       100.00 %  learned literals
c minimized:                     0         0.00 %  learned literals
c shrunken:                  27402        57.12 %  learned literals
c minishrunken:               1854         3.86 %  learned literals
c otfs:                         10         0.80 %  of conflict
c propagations:             766429        10.42 M  per second
c reduced:                       8         0.64 %  per conflict
c rephased:                      1      1256.00    interval
c restarts:                    117        10.74    interval
c stabilizing:                   1        20.38 %  of conflicts
c subsumed:                    207         0.17 %  of all clauses
c strengthened:                 10         0.01 %  of all clauses
c trail reuses:                  0         0.00 %  of incremental calls
c 
c seconds are measured in process time for solving
c 
c --- [ resources ] ----------------------------------------------------------
c 
c total process time since initialization:         0.14    seconds
c total real time since initialization:            0.83    seconds
c maximum resident set size of process:           23.55    MB
c 
c --- [ shutting down ] ------------------------------------------------------
c 
c exit 20
