c --- [ banner ] -------------------------------------------------------------
c 
c CaDiCaL SAT Solver
c Copyright (c) 2016-2023 A. Biere, M. Fleury, N. Froleyks, K. Fazekas, F. Pollitt
c 
c Version 1.9.5 146207318796f094dcded87349a64f0c6927309e
c g++ (Ubuntu 13.3.0-6ubuntu2~24.04.1) 13.3.0 -Wall -Wextra -O3 -DNDEBUG
c Wed Sep 30 06:02:32 JST 2026 Linux ikutoPC 6.6.87.2-microsoft-standard-WSL2 x86_64
c 
c --- [ limit ] --------------------------------------------------------------
c 
c setting conflict limit to 2000000 conflicts (due to '2000000')
c 
c --- [ proof tracing ] ------------------------------------------------------
c 
c opening file to write '/tmp/conway99-connected-core-00-akgKLA/proof.drat'
c writing non-binary proof trace to '/tmp/conway99-connected-core-00-akgKLA/proof.drat'
c 
c --- [ parsing input ] ------------------------------------------------------
c 
c reading DIMACS file from '/mnt/c/Users/ikuto/projects/conway-99-graph/acceleration/results/20260930_connected_fixed_core_cnf/core_00/instance.cnf'
c opening file to read '/mnt/c/Users/ikuto/projects/conway-99-graph/acceleration/results/20260930_connected_fixed_core_cnf/core_00/instance.cnf'
c found 'p cnf 110904 518184' header
c parsed 518184 clauses in 0.25 seconds process time
c 
c --- [ options ] ------------------------------------------------------------
c 
c   --binary=false                 (different from default 'true')
c 
c --- [ solving ] ------------------------------------------------------------
c 
c time measured in process time since initialization
c 
c  seconds  reductions  redundant  irredundant
c         MB    restarts       trail       variables
c          level   conflicts       glue         remaining
c 
c *  0.25 77  0 0   0    0    0  0% 0 514968 57606 52%
c {  0.25 78  0 0   0    0    0  0% 0 514968 57606 52%
c i  0.25 78  7 0   0    3    2 50% 1 514968 57605 52%
c i  0.25 78  7 0   0    4    2 50% 0 514968 57604 52%
c i  0.26 79 18 0   2   49   43 53% 4 514968 57602 52%
c -  0.34 77 44 1  66  300  284 57% 9 216174 57602 52%
c }  0.42 79 46 1 176 1004  965 57% 10 216174 57602 52%
c [  0.42 79  0 1 176 1004  965  0% 0 216174 57602 52%
c O  0.42 79  6 1 176 1005  966 50% 1 216174 57602 52%
c -  0.45 88 37 2 176 1100  945 59% 10 216174 57602 52%
c -  0.63 76 52 3 177 2301 1595 28% 20 216174 57602 52%
c i  0.64 76 53 3 177 2364 1654 27% 21 216174 57601 52%
c i  0.65 76 53 3 177 2449 1737 27% 21 216174 57600 52%
c i  0.65 76 53 3 177 2452 1739 27% 21 216174 57599 52%
c ]  0.72 76 57 3 177 3006 2260 26% 24 216174 57599 52%
c {  0.72 76 46 3 177 3006 2260 110% 10 216174 57599 52%
c F  0.72 76 46 3 177 3007 2261 110% 10 216174 57599 52%
c i  0.75 76 45 3 204 3286 2523 90% 10 216174 57590 52%
c -  0.81 76 47 4 277 3904 2194 66% 10 216129 57590 52%
c d  0.92 81 48 4 396 5000 3243 49% 11 174218 39348 35%
c 
c  seconds  reductions  redundant   irredundant
c         MB    restarts       trail        variables
c          level   conflicts       glue          remaining
c 
c 2  0.96 83 48 4 396 5000 3245 49% 11 174212 39348 35%
c p  1.00 83 48 4 396 5000 15323 49% 11 174212 38415 35%
c -  1.09 84 53 5 505 5906 2815 41% 11 170480 38415 35%
c #  1.10 84 53 5 515 6010 2915 41% 11 170480 38415 35%
c s  1.16 85 53 5 543 6321 3205 21% 11 165917 38415 35%
c v  1.19 85 53 5 543 6321 3205 21% 11 165738 38415 35%
c w  1.20 85 53 5 543 6321 3205 21% 11 165738 38415 35%
c t  1.21 85 53 5 543 6321 3205 21% 11 165517 38415 35%
c e  1.28 86 53 5 543 6321  288 21% 11 130074 17072 15%
c s  1.31 86 53 5 543 6321  280 21% 11 127297 17072 15%
c e  1.32 86 53 5 543 6321  280 21% 11 127215 16937 15%
c }  1.35 86 56 5 608 7006  933 12% 11 127215 16937 15%
c [  1.35 86 57 5 608 7006  933 39% 24 127215 16937 15%
c -  1.41 86 63 6 609 8124 1902 24% 24 127212 16937 15%
c I  1.51 86 67 6 610 10011 3725 19% 26 127211 16937 15%
c -  1.52 86 69 7 611 10446 3166 18% 26 127210 16937 15%
c -  1.64 86 71 8 612 13096 3702 17% 26 127210 16937 15%
c 3  1.75 86 68 8 613 15000 8709 16% 26 127210 16937 15%
c 2  1.75 86 68 8 613 15000 8709 16% 26 126448 16937 15%
c p  1.83 86 68 8 613 15000 30990 16% 26 126448 16119 15%
c 
c  seconds  reductions    redundant   irredundant
c         MB    restarts         trail        variables
c          level    conflicts        glue          remaining
c 
c d  1.84 86 68 8 613 15000 21755 16% 26 121656 16092 15%
c d  1.85 86 68 8 613 15000 21755 16% 26 121596 16072 14%
c ]  1.87 86 68 8 613 15006 21761 37% 26 121596 16072 14%
c {  1.87 86 56 8 613 15006 21761 28% 11 121596 16072 14%
c B  1.87 86 56 8 613 15012 21767 28% 11 121596 16072 14%
c -  1.91 86 56 9 741 16079 5237 23% 11 121595 16072 14%
c s  2.01 86 57 9 978 17958 6971 21% 12 121047 16072 14%
c v  2.03 86 57 9 978 17958 6971 21% 12 121042 16072 14%
c w  2.04 86 57 9 978 17958 6971 21% 12 121042 16072 14%
c t  2.05 86 57 9 978 17958 6797 21% 12 120936 16061 14%
c e  2.06 86 57 9 978 17958 6634 21% 12 120190 15287 14%
c s  2.08 86 57 9 978 17958 6623 21% 12 119979 15287 14%
c e  2.09 86 57 9 978 17958 6621 21% 12 119972 15264 14%
c -  2.16 87 58 10 1179 19335 5213 21% 12 119972 15264 14%
c W  2.25 87 59 10 1373 21017 6819 21% 12 119972 15264 14%
c -  2.32 87 60 11 1579 22895 5943 20% 12 119972 15264 14%
c -  2.48 87 61 12 2040 26779 6770 20% 12 119972 15264 14%
c F  2.53 87 62 12 2187 28021 7952 20% 13 119972 15264 14%
c 3  2.63 87 62 12 2431 30001 12675 20% 13 119965 15264 14%
c 3  2.64 87 62 12 2431 30001 14215 20% 13 119965 15264 14%
c 
c  seconds  reductions      redundant   irredundant
c         MB     restarts          trail        variables
c          level      conflicts        glue          remaining
c 
c p  2.73 87 62 12 2431 30001 32264 20% 13 119965 14609 13%
c d  2.74 87 62 12 2431 30001 25921 20% 13 115938 14589 13%
c d  2.74 87 62 12 2431 30001 25921 20% 13 115936 14588 13%
c -  2.80 87 63 13 2553 30987 8122 20% 13 115936 14588 13%
c }  2.80 87 63 13 2553 31007 8142 20% 13 115936 14588 13%
c [  2.80 87 68 13 2553 31007 8142 37% 26 115936 14588 13%
c -  3.00 87 68 14 2555 35458 8647 29% 26 115936 14588 13%
c s  3.04 87 68 14 2556 35806 8910 28% 27 115478 14588 13%
c v  3.07 87 68 14 2556 35806 8910 28% 27 115450 14588 13%
c w  3.07 87 68 14 2556 35806 8910 28% 27 115450 14588 13%
c t  3.08 87 68 14 2556 35806 8830 28% 27 115274 14584 13%
c e  3.09 87 68 14 2556 35806 8742 28% 27 114572 13942 13%
c s  3.10 87 68 14 2556 35806 8716 28% 27 114469 13942 13%
c e  3.11 87 68 14 2556 35806 8716 28% 27 114465 13939 13%
c B  3.13 87 69 14 2556 36022 8900 22% 27 114465 13939 13%
c -  3.36 87 69 15 2559 40246 8694 25% 28 114465 13939 13%
c W  3.61 87 69 15 2560 45023 13245 28% 29 114465 13939 13%
c -  3.64 87 69 16 2560 45330 9473 28% 29 114465 13939 13%
c 3  3.86 87 71 16 2561 50001 15105 29% 29 114465 13939 13%
c 3  3.86 87 71 16 2561 50001 18016 29% 29 114465 13939 13%
c 
c  seconds  reductions      redundant   irredundant
c         MB     restarts          trail        variables
c          level      conflicts        glue          remaining
c 
c 2  3.87 87 71 16 2561 50001 18016 29% 29 114461 13939 13%
c p  3.95 87 71 16 2561 50001 32661 29% 29 114461 13841 12%
c -  4.01 87 71 17 2561 50730 10260 29% 29 113813 13841 12%
c O  4.21 87 71 17 2562 55024 14369 29% 30 113813 13841 12%
c -  4.29 87 70 18 2564 56433 10710 29% 30 113813 13841 12%
c s  4.52 87 70 18 2566 60109 14165 28% 30 113715 13841 12%
c v  4.55 87 70 18 2566 60109 14165 28% 30 113703 13841 12%
c w  4.56 87 70 18 2566 60109 14164 28% 30 113703 13841 12%
c t  4.56 87 70 18 2566 60109 14164 28% 30 113698 13841 12%
c e  4.57 87 70 18 2566 60109 14163 28% 30 113613 13748 12%
c s  4.58 87 70 18 2566 60109 14159 28% 30 113596 13748 12%
c -  4.71 87 69 19 2567 62453 11055 28% 30 113596 13748 12%
c ]  4.74 87 69 19 2568 63009 11598 28% 30 113596 13748 12%
c {  4.74 87 63 19 2568 63009 11598 23% 13 113596 13748 12%
c B  4.87 87 63 19 2934 66027 14516 23% 13 113596 13748 12%
c -  4.99 87 64 20 3194 68785 11539 23% 13 113596 13748 12%
c 3  5.26 87 64 20 3876 75001 21063 23% 13 113596 13748 12%
c p  5.30 87 64 20 3876 75001 30775 23% 13 113596 13747 12%
c -  5.34 87 64 21 3928 75433 12858 23% 13 113590 13747 12%
c W  5.50 87 64 21 4177 78028 15363 23% 13 113590 13747 12%
c 
c  seconds  reductions      redundant   irredundant
c         MB     restarts          trail        variables
c          level      conflicts        glue          remaining
c 
c -  5.69 87 65 22 4592 82398 13878 23% 14 113590 13747 12%
c -  6.01 87 65 23 5379 89682 14892 23% 14 113590 13747 12%
c s  6.07 87 65 23 5495 90577 15712 23% 14 113582 13747 12%
c v  6.10 87 65 23 5495 90577 15712 23% 14 113535 13747 12%
c w  6.11 87 65 23 5495 90577 15711 23% 14 113535 13747 12%
c t  6.11 87 65 23 5495 90577 15711 23% 14 113529 13747 12%
c e  6.12 87 65 23 5495 90577 15711 23% 14 113528 13744 12%
c s  6.12 87 65 23 5495 90577 15633 23% 14 113500 13744 12%
c #  6.15 87 65 23 5537 91030 16067 23% 14 113500 13744 12%
c -  6.44 87 65 24 6145 97280 15728 23% 14 113500 13744 12%
c 3  6.80 87 66 24 6920 105001 26566 23% 14 113500 13744 12%
c p  6.91 87 66 24 6920 105001 36546 23% 14 113500 13726 12%
c B  6.91 87 66 24 6923 105031 36576 23% 14 113500 13726 12%
c -  6.94 87 66 25 6955 105192 16744 23% 14 113411 13726 12%
c -  7.31 87 66 26 7619 113418 17572 23% 14 113411 13726 12%
c W  7.67 87 66 26 8171 120033 23919 23% 14 113411 13726 12%
c -  7.78 87 66 27 8369 121960 18605 23% 14 113411 13726 12%
c }  8.01 87 66 27 8841 127010 23470 23% 15 113411 13726 12%
c [  8.01 87 69 27 8841 127010 23470 28% 30 113411 13726 12%
c s  8.03 87 69 27 8841 127127 23525 28% 30 113407 13726 12%
c 
c  seconds  reductions       redundant   irredundant
c         MB     restarts           trail        variables
c          level      conflicts         glue          remaining
c 
c v  8.07 87 69 27 8841 127127 23525 28% 30 112310 13726 12%
c w  8.08 87 69 27 8841 127127 23525 28% 30 112310 13726 12%
c t  8.08 87 69 27 8841 127127 23525 28% 30 112309 13726 12%
c e  8.09 87 69 27 8841 127127 23524 28% 30 112286 13713 12%
c s  8.10 87 69 27 8841 127127 23473 28% 30 112278 13713 12%
c -  8.30 87 71 28 8842 130819 19314 28% 30 112278 13713 12%
c B  8.55 87 73 28 8846 136035 24370 28% 30 112278 13713 12%
c -  8.73 87 71 29 8848 139957 19888 28% 29 112278 13713 12%
c p  8.77 87 71 29 8848 140002 31901 28% 29 112278 13713 12%
c -  9.26 87 68 30 8849 149409 19857 28% 29 112278 13713 12%
c W  9.55 87 67 30 8850 153038 23315 28% 29 112278 13713 12%
c -  9.89 87 65 31 8850 159176 20781 28% 28 112278 13713 12%
c - 10.44 87 62 32 8852 169258 21549 28% 28 112278 13713 12%
c s 10.48 87 62 32 8852 169597 21842 28% 28 112271 13713 12%
c v 10.52 87 62 32 8852 169597 21842 28% 28 111349 13713 12%
c w 10.53 87 62 32 8852 169597 21841 28% 28 111349 13713 12%
c e 10.53 87 62 32 8852 169597 21776 28% 28 111349 13710 12%
c s 10.54 87 62 32 8852 169597 21769 28% 28 111349 13710 12%
c I 10.63 87 62 32 8853 171039 23125 27% 28 111349 13710 12%
c - 11.03 87 65 33 8857 179655 22080 27% 29 111349 13710 12%
c 
c  seconds  reductions       redundant   irredundant
c         MB     restarts           trail        variables
c          level      conflicts         glue          remaining
c 
c p 11.08 87 65 33 8857 180006 33348 27% 29 111349 13710 12%
c B 11.58 87 65 33 8864 190041 42930 27% 29 111349 13710 12%
c - 11.61 87 65 34 8864 190333 22743 27% 29 111349 13710 12%
c - 12.27 87 70 35 8865 201327 22366 27% 32 111349 13710 12%
c W 12.95 87 72 35 8872 210042 30425 26% 33 111349 13710 12%
c - 13.12 87 72 36 8872 212631 23478 26% 33 111349 13710 12%
c s 13.43 87 71 36 8875 217948 28423 26% 33 111345 13710 12%
c v 13.48 87 71 36 8875 217948 28423 26% 33 110019 13710 12%
c w 13.49 87 71 36 8875 217948 28422 26% 33 110019 13710 12%
c e 13.50 87 71 36 8875 217948 28398 26% 33 110019 13709 12%
c s 13.50 87 71 36 8875 217948 28388 26% 33 110019 13709 12%
c - 13.86 87 70 37 8879 224251 23959 26% 33 110019 13709 12%
c p 13.93 87 69 37 8879 225009 35417 26% 33 110019 13709 12%
c O 14.26 87 68 37 8880 231044 41051 26% 32 110019 13709 12%
c - 14.52 87 66 38 8881 236123 25080 26% 32 110019 13709 12%
c - 15.16 87 63 39 8881 248309 25862 27% 31 110019 13709 12%
c B 15.40 87 62 39 8882 253045 30356 27% 30 110019 13709 12%
c ] 15.50 87 62 39 8882 255011 32249 27% 30 110019 13709 12%
c { 15.50 87 66 39 8882 255011 32249 23% 15 110019 13709 12%
c - 15.81 87 66 40 9386 260807 27273 23% 15 110019 13709 12%
c 
c  seconds  reductions        redundant   irredundant
c         MB      restarts           trail        variables
c          level       conflicts         glue          remaining
c 
c s 16.39 87 66 40 10370 272031 37997 23% 15 110014 13709 12%
c v 16.44 87 66 40 10370 272031 37997 23% 15 108709 13709 12%
c w 16.45 87 66 40 10370 272031 37993 23% 15 108709 13709 12%
c s 16.48 87 66 40 10370 272031 37974 23% 15 108708 13709 12%
c - 16.60 87 66 41 10537 273617 28327 23% 15 108708 13709 12%
c p 16.70 87 66 41 10648 275009 40963 23% 15 108708 13709 12%
c F 16.76 87 66 41 10736 276047 41963 23% 15 108708 13709 12%
c - 17.36 87 66 42 11748 286673 29936 23% 15 108708 13709 12%
c - 18.01 87 67 43 12772 300044 31311 23% 15 108708 13709 12%
c B 18.01 87 67 43 12773 300051 31318 23% 15 108708 13709 12%
c - 18.79 87 66 44 13945 313722 32744 23% 15 108708 13709 12%
c W 19.55 87 67 44 14866 325052 43630 23% 15 108708 13709 12%
c - 19.71 87 67 45 15053 327711 34139 23% 16 108708 13709 12%
c p 19.87 87 67 45 15236 330009 48633 23% 16 108708 13709 12%
c - 20.57 87 66 46 16230 342013 35690 23% 16 108708 13709 12%
c # 21.05 87 67 46 17012 351053 44349 23% 16 108708 13709 12%
c - 21.38 87 67 47 17433 356628 36928 23% 16 108708 13709 12%
c - 22.25 87 67 48 18743 371551 38246 23% 16 108708 13709 12%
c s 22.59 87 67 48 19129 377773 44076 23% 16 108698 13709 12%
c v 22.67 87 67 48 19129 377773 44076 23% 16 105817 13709 12%
c 
c  seconds  reductions        redundant   irredundant
c         MB      restarts           trail        variables
c          level       conflicts         glue          remaining
c 
c w 22.70 87 67 48 19129 377773 44073 23% 16 105817 13709 12%
c s 22.72 87 67 48 19129 377773 44029 23% 16 105816 13709 12%
c B 22.75 87 67 48 19164 378055 44298 23% 16 105816 13709 12%
c - 23.28 87 67 49 19867 386787 39346 23% 16 105816 13709 12%
c p 23.49 87 67 49 20097 390009 54813 23% 16 105816 13709 12%
c - 24.20 87 67 50 20946 402155 40707 23% 16 105816 13709 12%
c W 24.61 87 67 50 21220 406061 44469 23% 16 105816 13709 12%
c - 25.28 87 67 51 22031 417833 41783 23% 16 105816 13709 12%
c - 26.27 87 67 52 23257 433817 43154 23% 16 105816 13709 12%
c F 26.35 87 67 52 23340 435062 44347 23% 16 105816 13709 12%
c s 26.77 87 67 52 23784 442638 51561 24% 17 105814 13709 12%
c v 26.83 87 67 52 23784 442638 51561 24% 17 104399 13709 12%
c w 26.85 87 67 52 23784 442638 51558 24% 17 104399 13709 12%
c s 26.87 87 67 52 23784 442638 51525 24% 17 104395 13709 12%
c - 27.36 87 67 53 24381 450107 44385 24% 17 104395 13709 12%
c 3 27.64 87 67 53 24669 455014 51701 24% 17 104395 13709 12%
c p 27.67 87 67 53 24669 455014 61525 24% 17 104395 13709 12%
c B 28.28 87 67 53 25327 465064 71227 24% 17 104395 13709 12%
c - 28.40 87 67 54 25428 466609 45757 24% 17 104395 13709 12%
c - 29.46 87 67 55 26655 483419 46879 24% 17 104395 13709 12%
c 
c  seconds  reductions        redundant   irredundant
c         MB      restarts           trail        variables
c          level       conflicts         glue          remaining
c 
c W 30.44 87 67 55 27544 496069 59050 24% 17 104395 13709 12%
c - 30.74 87 67 56 27852 500533 48205 24% 17 104395 13709 12%
c } 31.35 87 67 56 28523 511012 58312 24% 17 104395 13709 12%
c [ 31.35 87 62 56 28523 511012 58312 27% 30 104395 13709 12%
c s 31.47 87 63 56 28523 512931 60115 27% 30 104391 13709 12%
c v 31.53 87 63 56 28523 512931 60115 27% 30 104206 13709 12%
c w 31.55 87 63 56 28523 512931 60113 27% 30 104206 13709 12%
c e 31.56 87 63 56 28523 512931 60113 27% 30 104196 13704 12%
c s 31.57 87 63 56 28523 512931 60096 27% 30 104193 13704 12%
c - 31.86 87 64 57 28523 517953 49195 27% 30 104193 13704 12%
c p 32.30 87 66 57 28523 525015 68080 27% 30 104193 13704 12%
c W 32.74 87 66 57 28523 528071 71018 27% 30 104193 13704 12%
c - 33.17 97 65 58 28523 535663 49478 27% 30 104193 13704 12%
c - 34.26 87 62 59 28531 553678 48449 27% 29 104193 13704 12%
c I 34.69 87 62 59 28536 561072 55630 27% 29 104193 13704 12%
c - 35.33 97 66 60 28538 571999 49606 27% 29 104193 13704 12%
c s 36.30 97 68 60 28548 589023 65904 27% 29 104193 13704 12%
c v 36.35 97 68 60 28548 589023 65904 27% 29 103990 13704 12%
c w 36.37 97 68 60 28548 589023 65902 27% 29 103990 13704 12%
c e 36.38 97 68 60 28548 589023 65902 27% 29 103972 13694 12%
c 
c  seconds  reductions        redundant   irredundant
c         MB      restarts           trail        variables
c          level       conflicts         glue          remaining
c 
c s 36.39 97 68 60 28548 589023 65896 27% 29 103969 13694 12%
c - 36.53 87 67 61 28549 590625 49990 27% 29 103969 13694 12%
c B 36.80 87 66 61 28552 595074 54204 27% 29 103969 13694 12%
c p 37.17 87 66 61 28553 600015 70027 27% 29 103969 13694 12%
c - 37.76 88 64 62 28554 609539 50342 27% 28 103969 13694 12%
c - 39.14 88 62 63 28558 628758 51071 27% 28 103969 13694 12%
c W 39.51 88 61 63 28560 630075 52319 27% 28 103969 13694 12%
c - 40.65 98 62 64 28568 648284 52038 27% 28 103969 13694 12%
c O 41.68 98 62 64 28576 666076 69185 27% 28 103969 13694 12%
c - 41.82 88 62 65 28576 668115 53370 27% 28 103969 13694 12%
c s 41.99 88 61 65 28578 670911 55999 28% 28 103964 13694 12%
c v 42.04 88 61 65 28578 670911 55999 28% 28 103642 13694 12%
c w 42.06 88 61 65 28578 670911 55993 28% 28 103642 13694 12%
c e 42.07 88 61 65 28578 670911 55591 28% 28 103593 13671 12%
c s 42.09 88 61 65 28578 670911 55580 28% 28 103583 13671 12%
c p 42.64 88 61 65 28583 680015 74702 28% 27 103583 13667 12%
c - 43.15 88 60 66 28584 688249 53699 28% 27 103557 13667 12%
c B 44.13 88 58 66 28585 703078 67651 28% 27 103557 13667 12%
c - 44.56 88 57 67 28586 708654 54618 28% 27 103557 13667 12%
c - 45.97 99 55 68 28586 729363 56166 29% 26 103557 13667 12%
c 
c  seconds  reductions        redundant   irredundant
c         MB      restarts           trail        variables
c          level       conflicts         glue          remaining
c 
c W 47.02 99 53 68 28587 741081 67109 29% 26 103557 13667 12%
c - 47.65 88 54 69 28587 750380 57327 29% 26 103557 13667 12%
c s 48.17 88 54 69 28587 758560 65180 29% 26 103536 13667 12%
c v 48.22 88 54 69 28587 758560 65180 29% 26 103265 13667 12%
c w 48.24 88 54 69 28587 758560 65172 29% 26 103265 13667 12%
c e 48.26 88 54 69 28587 758560 63010 29% 26 103235 13560 12%
c s 48.28 88 54 69 28587 758560 62996 29% 26 103215 13560 12%
c p 48.83 88 54 69 28587 765015 80790 29% 26 103215 13511 12%
c - 49.32 99 54 70 28587 771698 57704 29% 26 102896 13511 12%
c I 49.83 99 54 70 28587 780084 65816 29% 26 102896 13511 12%
c - 50.71 88 60 71 28587 793262 58645 28% 29 102896 13511 12%
c - 52.16 100 67 72 28594 815129 59921 28% 30 102896 13511 12%
c B 52.45 100 67 72 28596 820086 64728 28% 30 102896 13511 12%
c - 53.51 88 65 73 28602 837300 59967 28% 30 102896 13511 12%
c s 54.61 88 63 73 28610 852267 73844 28% 30 102882 13511 12%
c v 54.67 88 63 73 28610 852267 73844 28% 30 102382 13511 12%
c w 54.70 88 63 73 28610 852267 73840 28% 30 102382 13511 12%
c t 54.70 88 63 73 28610 852267 73840 28% 30 102378 13511 12%
c e 54.71 88 63 73 28610 852267 73356 28% 30 102315 13439 12%
c s 54.74 88 63 73 28610 852267 73339 28% 30 102249 13439 12%
c 
c  seconds  reductions        redundant   irredundant
c         MB      restarts           trail        variables
c          level       conflicts         glue          remaining
c 
c p 55.05 88 63 73 28612 855015 86409 28% 30 102249 13427 12%
c - 55.34 89 62 74 28615 859777 61138 28% 29 102182 13427 12%
c W 55.78 89 62 74 28616 861087 62383 28% 29 102182 13427 12%
c - 57.05 89 59 75 28618 882487 61641 28% 28 102182 13427 12%
c O 58.41 89 57 75 28627 903091 81455 28% 28 102182 13427 12%
c - 58.61 90 56 76 28628 905503 63410 28% 27 102182 13427 12%
c - 60.03 90 54 77 28638 928819 63926 28% 27 102182 13427 12%
c B 61.09 90 53 77 28647 946094 80113 29% 26 102182 13427 12%
c p 61.37 90 52 77 28648 950015 93900 29% 26 102182 13427 12%
c s 61.53 90 52 77 28648 951807 95396 29% 26 102162 13427 12%
c v 61.60 90 52 77 28648 951807 95396 29% 26 101899 13427 12%
c w 61.63 90 52 77 28648 951807 95365 29% 26 101899 13427 12%
c t 61.63 90 52 77 28648 951807 95365 29% 26 101889 13427 12%
c e 61.65 90 52 77 28648 951807 94274 29% 26 101863 13408 12%
c s 61.70 90 52 77 28648 951807 94182 29% 26 100647 13408 12%
c e 61.71 90 52 77 28648 951807 94178 29% 26 100645 13407 12%
c - 61.80 90 52 78 28648 952439 63267 29% 26 100645 13407 12%
c - 63.34 90 52 79 28650 976205 64619 29% 26 100645 13407 12%
c W 64.87 90 51 79 28650 990100 77656 29% 26 100645 13407 12%
c - 65.70 102 51 80 28650 1000273 66668 29% 26 100645 13407 12%
c 
c  seconds   reductions         redundant   irredundant
c          MB      restarts            trail        variables
c           level        conflicts         glue          remaining
c 
c ] 67.18 102 51 80 28661 1023014 88308 29% 26 100645 13407 12%
c { 67.18 102 67 80 28661 1023014 88308 24% 17 100645 13407 12%
c - 67.35 90 67 81 28782 1024642 68053 24% 17 100645 13407 12%
c # 68.02 90 67 81 29438 1035103 78137 24% 17 100645 13407 12%
c - 69.11 90 67 82 30469 1049310 69196 24% 17 100645 13407 12%
c p 69.19 90 67 82 30487 1050015 82196 24% 17 100645 13407 12%
c s 69.72 90 67 82 30927 1056503 87873 24% 17 100615 13407 12%
c v 69.80 90 67 82 30927 1056503 87873 24% 17 100066 13407 12%
c w 69.83 90 67 82 30927 1056503 87869 24% 17 100066 13407 12%
c t 69.83 90 67 82 30927 1056503 87869 24% 17 100065 13407 12%
c e 69.84 90 67 82 30927 1056503 87865 24% 17 100063 13405 12%
c s 69.90 90 67 82 30927 1056503 87786 24% 17 100026 13405 12%
c e 69.91 90 67 82 30927 1056503 87782 24% 17 100024 13403 12%
c - 71.30 90 67 83 32150 1074279 71015 24% 17 100024 13403 12%
c B 71.77 90 67 83 32608 1081104 77602 24% 17 100024 13403 12%
c - 73.13 90 67 84 33721 1099482 72955 24% 17 100024 13403 12%
c - 74.98 90 67 85 35343 1124984 74750 24% 18 100024 13403 12%
c W 75.64 90 67 85 35555 1128107 77765 24% 18 100024 13403 12%
c - 77.32 90 67 86 37065 1150787 76810 24% 18 100024 13403 12%
c p 77.64 90 67 86 37280 1155015 91553 24% 18 100024 13402 12%
c 
c  seconds  reductions         redundant    irredundant
c         MB      restarts             trail        variables
c          level        conflicts          glue          remaining
c 
c s 78.62 90 67 86 38130 1166693 102383 24% 18 100012 13402 12%
c v 78.71 90 67 86 38130 1166693 102383 24% 18 99260 13402 12%
c w 78.75 90 67 86 38130 1166693 102380 24% 18 99260 13402 12%
c e 78.76 90 67 86 38130 1166693 102342 24% 18 99253 13393 12%
c s 78.80 90 67 86 38130 1166693 102318 24% 18 99239 13393 12%
c e 78.81 90 67 86 38130 1166693 102310 24% 18 99239 13392 12%
c F 79.58 90 67 86 38784 1176108 111352 24% 18 99239 13392 12%
c - 79.69 90 67 87 38838 1176889 78612 24% 18 99239 13392 12%
c - 81.71 90 67 88 40536 1203289 80224 24% 18 99239 13392 12%
c B 83.34 90 67 88 41939 1225111 101270 24% 18 99239 13392 12%
c - 83.76 90 67 89 42235 1229989 81913 24% 18 99239 13392 12%
c - 85.83 90 67 90 43801 1256989 83633 24% 18 99239 13392 12%
c p 86.46 90 67 90 44272 1265015 101654 24% 18 99239 13391 12%
c W 87.76 90 67 90 44914 1275113 111408 24% 18 99233 13391 12%
c s 88.42 90 67 90 45359 1282276 117985 24% 18 99233 13391 12%
c v 88.50 90 67 90 45359 1282276 117985 24% 18 98648 13391 12%
c w 88.54 90 67 90 45359 1282276 117983 24% 18 98648 13391 12%
c t 88.55 90 67 90 45359 1282276 117983 24% 18 98647 13391 12%
c e 88.56 90 67 90 45359 1282276 117974 24% 18 98645 13382 12%
c s 88.61 90 67 90 45359 1282276 117957 24% 18 98631 13382 12%
c 
c  seconds  reductions         redundant   irredundant
c         MB      restarts            trail       variables
c          level        conflicts         glue         remaining
c 
c - 88.82 90 67 91 45448 1284289 85382 24% 18 98631 13382 12%
c - 90.94 90 67 92 46988 1311889 86949 24% 18 98631 13382 12%
c # 92.06 90 67 92 47958 1326116 100721 24% 19 98631 13382 12%
c - 93.14 90 67 93 48634 1339789 88659 24% 19 98631 13382 12%
c - 95.40 90 67 94 50199 1367992 90169 24% 19 98631 13382 12%
c B 96.16 90 67 94 50762 1378119 99924 24% 19 98631 13382 12%
c 3 96.32 90 67 94 50895 1380015 103120 24% 19 98631 13382 12%
c 3 96.33 90 67 94 50895 1380015 104466 24% 19 98631 13382 12%
c p 96.37 90 67 94 50895 1380015 112536 24% 19 98631 13382 12%
c - 97.81 102 67 95 51883 1396492 91756 24% 19 98631 13382 12%
c s 98.39 102 67 95 52279 1403311 98228 24% 19 98629 13382 12%
c v 98.47 102 67 95 52279 1403311 98228 24% 19 98245 13382 12%
c w 98.52 102 67 95 52279 1403311 98223 24% 19 98245 13382 12%
c e 98.53 102 67 95 52279 1403311 98190 24% 19 98245 13379 12%
c s 98.59 102 67 95 52279 1403311 98173 24% 19 98243 13379 12%
c - 100.43 90 67 96 53383 1425293 92959 24% 19 98243 13379 12%
c W 101.32 90 67 96 53672 1431122 98616 24% 19 98243 13379 12%
c - 103.30 103 67 97 54941 1454393 94702 24% 19 98243 13379 12%
c - 105.75 90 66 98 56591 1483794 96342 24% 19 98243 13379 12%
c F 105.86 90 66 98 56667 1485123 97631 24% 19 98243 13379 12%
c 
c  seconds   reductions         redundant    irredundant
c          MB      restarts             trail       variables
c           level        conflicts          glue         remaining
c 
c 3 107.06 90 66 98 57571 1500015 114517 24% 19 98243 13379 12%
c p 107.11 90 66 98 57571 1500015 122307 24% 19 98243 13378 12%
c - 108.36 103 66 99 58373 1513494 98180 24% 19 98237 13378 12%
c s 109.73 103 66 99 59245 1529874 113904 24% 19 98237 13378 12%
c v 109.81 103 66 99 59245 1529874 113904 24% 19 97994 13378 12%
c w 109.86 103 66 99 59245 1529874 113901 24% 19 97994 13378 12%
c t 109.86 103 66 99 59245 1529874 113901 24% 19 97993 13378 12%
c e 109.88 103 66 99 59245 1529874 113698 24% 19 97975 13301 12%
c s 109.93 103 66 99 59245 1529874 113657 24% 19 97559 13301 12%
c B 110.90 103 66 99 59826 1540124 123577 24% 19 97559 13301 12%
c - 111.28 90 66 100 60002 1543495 99444 24% 19 97559 13301 12%
c - 114.08 103 67 101 61689 1573795 100926 24% 19 97559 13301 12%
c W 116.42 103 67 101 62869 1596126 122520 24% 19 97559 13301 12%
c - 117.20 90 66 102 63242 1604397 102522 24% 19 97559 13301 12%
c 3 119.01 90 67 102 64415 1625016 124929 24% 19 97559 13301 12%
c p 119.06 90 67 102 64415 1625016 132558 24% 19 97559 13301 12%
c - 120.06 103 66 103 64907 1635300 104232 24% 19 97559 13301 12%
c # 121.49 103 66 103 65715 1653130 121483 24% 19 97559 13301 12%
c - 122.70 90 67 104 66383 1666501 105564 24% 19 97559 13301 12%
c - 125.48 104 67 105 68102 1698002 107122 24% 20 97559 13301 12%
c 
c  seconds     reductions         redundant    irredundant
c           MB       restarts             trail       variables
c            level         conflicts          glue         remaining
c 
c s 125.97 104 67 105 68356 1702994 111818 24% 20 97557 13301 12%
c v 126.07 104 67 105 68356 1702994 111818 24% 20 97507 13301 12%
c w 126.14 104 67 105 68356 1702994 111816 24% 20 97507 13301 12%
c t 126.14 104 67 105 68356 1702994 111816 24% 20 97506 13301 12%
c s 126.21 104 67 105 68356 1702994 111803 24% 20 97506 13301 12%
c ^ 126.22 104 67 105 68356 1702994 111803 24% 20 97506 13301 12%
c B 126.93 104 67 105 68750 1711131 119678 25% 20 97506 13301 12%
c - 128.70 90 67 106 69673 1729804 108483 25% 20 97506 13301 12%
c p 131.26 90 67 106 71089 1755016 142681 25% 20 97506 13301 12%
c - 132.05 104 67 107 71474 1761905 110147 25% 20 97506 13301 12%
c W 133.30 104 67 107 71888 1770135 118125 24% 20 97506 13301 12%
c - 135.66 90 67 108 73089 1794306 111818 25% 20 97506 13301 12%
c - 138.85 104 66 109 74762 1827010 113370 25% 20 97506 13301 12%
c F 139.14 104 66 109 74962 1830136 116386 25% 20 97506 13301 12%
c s 140.14 104 66 109 75399 1840946 126727 25% 20 97505 13301 12%
c v 140.23 104 66 109 75399 1840946 126727 25% 20 97462 13301 12%
c w 140.29 104 66 109 75399 1840946 126726 25% 20 97462 13301 12%
c e 140.32 104 66 109 75399 1840946 124733 25% 20 98544 12184 11%
c s 140.42 104 66 109 75399 1840946 124713 25% 20 98499 12184 11%
c e 140.43 104 66 109 75399 1840946 124713 25% 20 98498 12182 11%
c 
c  seconds    reductions         redundant    irredundant
c          MB       restarts             trail       variables
c           level         conflicts          glue         remaining
c 
c - 142.33 92 66 110 76244 1860010 113490 22% 20 98498 12182 11%
c p 145.18 92 66 110 77786 1890016 153498 22% 20 98498 12182 11%
c B 145.32 92 66 110 77866 1891139 154576 22% 20 98498 12182 11%
c - 145.58 92 66 111 77982 1893312 115618 22% 20 98498 12182 11%
c - 148.74 107 67 112 79771 1926913 117342 22% 20 98498 12182 11%
c W 151.66 107 66 112 81020 1953141 142705 22% 20 98498 12182 11%
c - 152.51 92 66 113 81404 1960813 119043 22% 20 98498 12182 11%
c s 155.47 92 66 113 82987 1991714 148736 22% 20 98498 12182 11%
c v 155.56 92 66 113 82987 1991714 148736 22% 20 98480 12182 11%
c w 155.64 92 66 113 82987 1991714 148733 22% 20 98480 12182 11%
c t 155.65 92 66 113 82987 1991714 148733 22% 20 98459 12182 11%
c s 155.75 92 66 113 82987 1991714 148708 22% 20 98459 12182 11%
c ^ 155.76 92 66 113 82987 1991714 148708 22% 20 98459 12182 11%
c - 156.18 107 66 114 83178 1995014 120476 22% 20 98459 12182 11%
c } 156.61 107 67 114 83423 2000002 125300 22% 20 98459 12182 11%
c ? 156.61 107 67 114 83423 2000002 125300 22% 20 98459 12182 11%
c 
c --- [ closing proof ] ------------------------------------------------------
c 
c DRAT proof file '/tmp/conway99-connected-core-00-akgKLA/proof.drat' closed
c DRAT 2610791 added clauses 47.82%
c DRAT 2849293 deleted clauses 52.18%
c DRAT 941047064 bytes (897.45 MB)
c 
c --- [ result ] -------------------------------------------------------------
c 
c UNKNOWN
c 
c --- [ run-time profiling ] -------------------------------------------------
c 
c process time taken by individual solving procedures
c (percentage relative to process time for solving)
c 
c       150.02   95.94% search
c       102.43   65.51% unstable
c        42.05   26.89% stable
c         6.34    4.06% simplify
c         5.54    3.54% walk
c         2.03    1.30% vivify
c         1.83    1.17% subsume
c         1.16    0.74% probe
c         0.49    0.31% elim
c         0.39    0.25% ternary
c         0.25    0.16% parse
c         0.00    0.00% lucky
c   =================================
c       156.36   99.84% solve
c 
c last line shows process time for solving
c (percentage relative to total process time)
c 
c --- [ statistics ] ---------------------------------------------------------
c 
c chronological:            468811        23.44 %  of conflicts
c conflicts:               2000002     12790.62    per second
c decisions:               7966446     50947.85    per second
c eliminated:                24489        22.08 %  of all variables
c fixed:                     55923        50.42 %  of all variables
c learned:                 1951847        97.59 %  per conflict
c learned_lits:          121052424       100.00 %  learned literals
c minimized:                     0         0.00 %  learned literals
c shrunken:               13964851        11.54 %  learned literals
c minishrunken:           12379994        10.23 %  learned literals
c otfs:                       2406         0.12 %  of conflict
c propagations:          977432191         6.25 M  per second
c reduced:                 1784575        89.23 %  per conflict
c rephased:                     62     32258.10    interval
c restarts:                  83423        23.97    interval
c stabilizing:                   5        34.10 %  of conflicts
c substituted:               18310        16.51 %  of all variables
c subsumed:                  60202         2.03 %  of all clauses
c strengthened:              30542         1.03 %  of all clauses
c ternary:                   63778         0.80 %  of resolved
c trail reuses:                  0         0.00 %  of incremental calls
c vivified:                  16792         0.57 %  of all clauses
c walked:                       20    100000.10    interval
c weakened:                 123232         2.34    average size
c 
c seconds are measured in process time for solving
c 
c --- [ resources ] ----------------------------------------------------------
c 
c total process time since initialization:       156.61    seconds
c total real time since initialization:          158.60    seconds
c maximum resident set size of process:          107.24    MB
c 
c --- [ shutting down ] ------------------------------------------------------
c 
c exit 0
