c --- [ banner ] -------------------------------------------------------------
c 
c CaDiCaL SAT Solver
c Copyright (c) 2016-2023 A. Biere, M. Fleury, N. Froleyks, K. Fazekas, F. Pollitt
c 
c Version 1.9.5 146207318796f094dcded87349a64f0c6927309e
c g++ (Ubuntu 13.3.0-6ubuntu2~24.04.1) 13.3.0 -Wall -Wextra -O3 -DNDEBUG
c Wed Sep 30 06:02:32 JST 2026 Linux ikutoPC 6.6.87.2-microsoft-standard-WSL2 x86_64
c 
c --- [ limit ] --------------------------------------------------------------
c 
c setting conflict limit to 1000000 conflicts (due to '1000000')
c 
c --- [ proof tracing ] ------------------------------------------------------
c 
c opening file to write '/tmp/conway99-six-profile-rank4_03_profile_0000-260l0A/proof.drat'
c writing non-binary proof trace to '/tmp/conway99-six-profile-rank4_03_profile_0000-260l0A/proof.drat'
c 
c --- [ parsing input ] ------------------------------------------------------
c 
c reading DIMACS file from '/mnt/c/Users/ikuto/projects/conway-99-graph/acceleration/results/20260930_hadamard_six_remaining_cnfs/run01/rank4_03_profile_0000/instance.cnf'
c opening file to read '/mnt/c/Users/ikuto/projects/conway-99-graph/acceleration/results/20260930_hadamard_six_remaining_cnfs/run01/rank4_03_profile_0000/instance.cnf'
c found 'p cnf 10156 177412' header
c parsed 177412 clauses in 0.08 seconds process time
c 
c --- [ options ] ------------------------------------------------------------
c 
c   --binary=false                 (different from default 'true')
c 
c --- [ solving ] ------------------------------------------------------------
c 
c time measured in process time since initialization
c 
c  seconds  reductions  redundant  irredundant
c         MB    restarts       trail      variables
c          level   conflicts       glue        remaining
c 
c *  0.08 18  0 0   0    0    0  0% 0 127796 7288 72%
c {  0.08 19  0 0   0    0    0  0% 0 127796 7288 72%
c -  0.10 20 29 1   3  304  233 51% 7 127796 7288 72%
c i  0.12 20 24 1  34  848  595 52% 8 127796 7287 72%
c -  0.14 25 24 2  35  968  498 52% 8 127749 7287 72%
c }  0.14 25 25 2  35 1000  515 52% 8 127749 7287 72%
c [  0.14 25  0 2  35 1000  515  0% 0 127749 7287 72%
c O  0.14 25 70 2  35 1002  517 63% 23 127749 7287 72%
c i  0.15 25 25 2  35 1248  723 53% 11 127749 7286 72%
c -  0.20 25 92 3  35 1965  967 49% 36 127702 7286 72%
c i  0.21 25 96 3  36 2222 1175 48% 38 127702 7285 72%
c ]  0.25 25 101 3  36 3000 1822 48% 41 127702 7285 72%
c {  0.25 25 25 3  36 3000 1822 52% 8 127702 7285 72%
c F  0.26 25 26 3  38 3008 1825 15% 8 127645 7285 72%
c i  0.27 25 24 3  41 3128 1882 34% 8 127645 7284 72%
c i  0.28 25 24 3  50 3289 2014 34% 8 127645 7283 72%
c -  0.29 25 24 4  50 3294 1500 34% 8 127541 7283 72%
c i  0.30 25 24 4  84 3641 1736 32% 7 127541 7282 72%
c i  0.32 25 24 4 129 4137 2129 32% 7 127541 7281 72%
c i  0.35 25 24 4 173 4800 2628 31% 7 127541 7280 72%
c 
c  seconds  reductions  redundant  irredundant
c         MB    restarts       trail      variables
c          level   conflicts       glue        remaining
c 
c -  0.36 25 24 5 173 4958 1716 31% 7 127400 7280 72%
c d  0.37 25 24 5 173 5003 1749 31% 7 127300 7230 71%
c 2  0.38 25 24 5 173 5003 1751 31% 7 127300 7229 71%
c p  0.44 27 24 5 173 5003 89316 31% 7 127300 7223 71%
c d  0.45 27 24 5 173 5003 88575 31% 7 126931 7214 71%
c d  0.46 27 24 5 173 5003 88575 31% 7 126925 7211 71%
c i  0.46 27 23 5 175 5096 88630 31% 7 126925 7210 71%
c i  0.47 27 23 5 194 5292 88773 31% 8 126925 7209 71%
c #  0.50 27 23 5 198 6009 89311 31% 7 126925 7209 71%
c i  0.50 27 23 5 198 6083 89367 31% 7 126925 7208 71%
c i  0.52 27 23 5 230 6491 89675 31% 7 126925 7207 71%
c -  0.56 33 22 6 275 6947 4336 30% 7 126737 7207 71%
c }  0.56 33 22 6 286 7000 4367 30% 7 126737 7207 71%
c [  0.56 33 101 6 286 7000 4367 67% 41 126737 7207 71%
c i  0.58 33 88 6 287 7404 4650 60% 37 126737 7198 71%
c s  0.64 34 77 6 287 8267 5289 51% 33 124848 7198 71%
c v  0.65 34 77 6 287 8267 5289 51% 33 124840 7198 71%
c t  0.67 34 77 6 287 8267 5289 51% 33 124839 7198 71%
c e  0.69 34 77 6 287 8267 4927 51% 33 123217 6007 59%
c s  0.70 34 77 6 287 8267 4921 51% 33 123217 6007 59%
c 
c  seconds  reductions  redundant   irredundant
c         MB    restarts       trail       variables
c          level   conflicts       glue         remaining
c 
c ^  0.70 34 77 6 287 8267 4921 51% 33 123217 6007 59%
c -  0.77 33 75 7 287 9263 3747 30% 32 123217 6007 59%
c I  0.82 33 71 7 288 10017 4364 30% 31 123217 6007 59%
c i  0.84 33 68 7 289 10387 4642 29% 30 123217 6006 59%
c -  0.92 33 66 8 290 11880 4481 29% 29 123169 6006 59%
c i  0.97 33 62 8 290 12694 5118 29% 28 123169 4944 49%
c i  0.97 33 62 8 290 12699 5122 29% 28 123169 4943 49%
c i  0.97 33 62 8 290 12700 5122 29% 28 123169 4942 49%
c ]  0.97 33 62 8 290 12703 5122 29% 28 123169 4062 40%
c 0  0.97 33 62 8 290 12703 5122 29% 28 123169 4062 40%
c 
c --- [ closing proof ] ------------------------------------------------------
c 
c DRAT proof file '/tmp/conway99-six-profile-rank4_03_profile_0000-260l0A/proof.drat' closed
c DRAT 114724 added clauses 41.91%
c DRAT 159003 deleted clauses 58.09%
c DRAT 9595299 bytes (9.15 MB)
c 
c --- [ result ] -------------------------------------------------------------
c 
s UNSATISFIABLE
c 
c --- [ run-time profiling ] -------------------------------------------------
c 
c process time taken by individual solving procedures
c (percentage relative to process time for solving)
c 
c         0.73   82.16% search
c         0.45   50.93% stable
c         0.28   31.06% unstable
c         0.16   17.73% simplify
c         0.08    8.79% parse
c         0.06    7.18% probe
c         0.03    3.09% elim
c         0.02    2.19% subsume
c         0.01    1.31% vivify
c         0.01    0.92% ternary
c         0.00    0.17% lucky
c   =================================
c         0.89   91.82% solve
c 
c last line shows process time for solving
c (percentage relative to total process time)
c 
c --- [ statistics ] ---------------------------------------------------------
c 
c chronological:              5353        42.14 %  of conflicts
c conflicts:                 12703     14220.80    per second
c decisions:                 34112     38187.82    per second
c eliminated:                 1191        11.73 %  of all variables
c fixed:                      4841        47.67 %  of all variables
c learned:                   11819        93.04 %  per conflict
c learned_lits:            1080402       100.00 %  learned literals
c minimized:                     0         0.00 %  learned literals
c shrunken:                 459616        42.54 %  learned literals
c minishrunken:             117740        10.90 %  learned literals
c otfs:                         80         0.63 %  of conflict
c propagations:            8191893         9.17 M  per second
c reduced:                    3275        25.78 %  per conflict
c rephased:                      4      3175.75    interval
c restarts:                    290        43.80    interval
c stabilizing:                   2        60.63 %  of conflicts
c substituted:                  62         0.61 %  of all variables
c subsumed:                   3946         1.69 %  of all clauses
c strengthened:                531         0.23 %  of all clauses
c ternary:                       2         0.03 %  of resolved
c trail reuses:                  0         0.00 %  of incremental calls
c vivified:                      8         0.00 %  of all clauses
c weakened:                   3685         2.32    average size
c 
c seconds are measured in process time for solving
c 
c --- [ resources ] ----------------------------------------------------------
c 
c total process time since initialization:         0.97    seconds
c total real time since initialization:            1.60    seconds
c maximum resident set size of process:           34.21    MB
c 
c --- [ shutting down ] ------------------------------------------------------
c 
c exit 20
