Running HiGHS 1.15.1 (git hash: 04024d7): Copyright (c) 2026 under MIT licence terms
Includes third-party software components, see THIRD_PARTY_NOTICES.md for full details
LP has 5610 rows; 719693 cols; 59380799 nonzeros
Coefficient ranges:
  Matrix  [1e+00, 1e+00]
  Cost    [1e+00, 1e+00]
  Bound   [0e+00, 0e+00]
  RHS     [1e+00, 2e+00]
Presolving model
5458 rows, 719597 cols, 59380703 nonzeros 23s
Dependent equations search running on 5458 equations with time limit of 54.00s
Dependent equations search removed 84 rows and 578173 nonzeros in 16.81s (limit = 54.00s)
5374 rows, 719597 cols, 57309792 nonzeros 69s
Presolve reductions: rows 5374(-236); columns 719597(-96); nonzeros 57309792(-2071007) 
Solving the presolved LP
IPX model has 5374 rows, 719597 columns and 57309792 nonzeros
Input
    Number of variables:                                719597
    Number of free variables:                           0
    Number of constraints:                              5374
    Number of equality constraints:                     5374
    Number of matrix entries:                           57309792
    Matrix range:                                       [1e+00, 1e+00]
    RHS range:                                          [1e+00, 2e+00]
    Objective range:                                    [1e+00, 1e+00]
    Bounds range:                                       [0e+00, 0e+00]
Preprocessing
    Dualized model:                                     no
    Number of dense columns:                            0
    Range of scaling factors:                           [1.00e+00, 1.00e+00]
    Scaled cost norm:                                   1
    Scaled bounds norm:                                 2
IPX version 1.0
Interior point solve
 Iter       primal obj         dual obj       pinf       dinf       gap      time
   0    1.34341120e-16   0.00000000e+00   6.49e-01   7.52e-01  1.34e-16      72.4
   1    3.75066364e+03  -1.27026907e+02   1.51e-01   7.52e-07  2.14e+00      79.9
   2    1.34037622e+03  -1.30053583e+02   5.02e-02   7.54e-13  2.43e+00      83.9
   3    5.62602710e+02  -1.60919943e+02   8.12e-03   1.44e-15  3.58e+00      92.4
   4    1.96764319e+02  -1.50151645e+02   2.72e-03   1.55e-15  1.43e+01     103.4
 Constructing starting basis...
 Iter       primal obj         dual obj       pinf       dinf       gap      time
   5    2.41110511e+01  -1.08215933e+02   3.27e-04   2.22e-15  3.07e+00     382.4
Summary
    Runtime:                                            666.31s
    Status interior point solve:                        failed
    Status crossover:                                   not run
WARNING: Ipx: Stopped
ERROR:   Ipx: IPM       failed
Model status        : Solve error
HiGHS run time      :        666.36
