c --- [ banner ] -------------------------------------------------------------
c 
c CaDiCaL SAT Solver
c Copyright (c) 2016-2023 A. Biere, M. Fleury, N. Froleyks, K. Fazekas, F. Pollitt
c 
c Version 1.9.5 146207318796f094dcded87349a64f0c6927309e
c g++ (Ubuntu 13.3.0-6ubuntu2~24.04.1) 13.3.0 -Wall -Wextra -O3 -DNDEBUG
c Wed Sep 30 06:02:32 JST 2026 Linux ikutoPC 6.6.87.2-microsoft-standard-WSL2 x86_64
c 
c --- [ limit ] --------------------------------------------------------------
c 
c setting conflict limit to 1000000 conflicts (due to '1000000')
c 
c --- [ proof tracing ] ------------------------------------------------------
c 
c opening file to write '/tmp/conway99-seven-profile-rank5_119_profile_0004-YnYShH/proof.drat'
c writing non-binary proof trace to '/tmp/conway99-seven-profile-rank5_119_profile_0004-YnYShH/proof.drat'
c 
c --- [ parsing input ] ------------------------------------------------------
c 
c reading DIMACS file from '/mnt/c/Users/ikuto/projects/conway-99-graph/acceleration/results/20260930_hadamard_seven_remaining_cnfs/run01/rank5_119_profile_0004/instance.cnf'
c opening file to read '/mnt/c/Users/ikuto/projects/conway-99-graph/acceleration/results/20260930_hadamard_seven_remaining_cnfs/run01/rank5_119_profile_0004/instance.cnf'
c found 'p cnf 9872 170454' header
c parsed 170454 clauses in 0.07 seconds process time
c 
c --- [ options ] ------------------------------------------------------------
c 
c   --binary=false                 (different from default 'true')
c 
c --- [ solving ] ------------------------------------------------------------
c 
c time measured in process time since initialization
c 
c  seconds  reductions  redundant  irredundant
c         MB    restarts       trail      variables
c          level   conflicts       glue        remaining
c 
c *  0.07 18  0 0   0    0    0  0% 0 120522 6945 70%
c {  0.07 18  0 0   0    0    0  0% 0 120522 6945 70%
c i  0.07 18  1 0   0    3    2 32% 1 120522 6944 70%
c i  0.07 18  1 0   0    4    2 31% 0 120522 6928 70%
c i  0.07 18  7 0   0   28   21 39% 1 120522 6832 69%
c i  0.08 19 20 0  25  158  120 51% 4 120522 6831 69%
c -  0.09 19 20 1  35  303  188 52% 5 115732 6831 69%
c i  0.09 19 21 1  38  328  202 53% 5 115732 6830 69%
c i  0.09 19 21 1  50  370  237 53% 6 115732 6829 69%
c i  0.10 19 20 1  60  425  273 53% 6 115732 6828 69%
c i  0.10 19 20 1  63  443  286 53% 6 115732 6827 69%
c i  0.10 19 20 1  63  444  286 53% 6 115732 6826 69%
c i  0.10 19 20 1  70  480  310 53% 6 115732 6825 69%
c i  0.10 19 19 1  71  506  333 53% 6 115732 6824 69%
c i  0.11 19 18 1  82  639  401 54% 6 115732 6821 69%
c i  0.11 19 18 1  82  641  402 54% 6 115732 6820 69%
c i  0.11 19 18 1  84  758  488 54% 6 115732 6818 69%
c i  0.11 19 18 1  84  759  488 54% 6 115732 6817 69%
c i  0.11 19 17 1  84  760  488 54% 6 115732 6816 69%
c i  0.12 19 19 1  95  820  535 54% 6 115732 6815 69%
c 
c  seconds  reductions  redundant  irredundant
c         MB    restarts       trail      variables
c          level   conflicts       glue        remaining
c 
c i  0.12 19 19 1 110  895  592 54% 6 115732 6811 69%
c i  0.12 19 19 1 111  902  597 54% 6 115732 6810 69%
c -  0.13 24 19 2 114  943  371 54% 6 115030 6810 69%
c i  0.13 24 19 2 114  946  373 54% 6 115030 6809 69%
c i  0.13 24 19 2 116  950  375 54% 6 115030 6808 69%
c i  0.13 24 19 2 117  960  379 54% 6 115030 6807 69%
c }  0.14 24 19 2 128 1005  422 54% 6 115030 6807 69%
c [  0.14 24  0 2 128 1005  422  0% 0 115030 6807 69%
c O  0.14 24  2 2 128 1006  423 68% 2 115030 6807 69%
c i  0.14 24  2 2 128 1016  427 62% 2 115030 6805 69%
c i  0.14 24 32 2 128 1105  490 56% 13 115030 6804 69%
c i  0.18 24 32 2 128 1855 1075 57% 10 115030 5549 56%
c i  0.18 24 32 2 128 1858 1076 57% 10 115030 5548 56%
c i  0.18 24 32 2 128 1860 1076 57% 10 115030 5542 56%
c i  0.18 24 31 2 128 1865 1080 57% 10 115030 4720 48%
c i  0.18 24 31 2 128 1870 1083 57% 10 115030 4719 48%
c i  0.18 24 31 2 128 1871 1083 57% 10 115030 4718 48%
c i  0.18 24 31 2 128 1872 1083 57% 10 115030 4712 48%
c i  0.18 24 31 2 128 1873 1083 57% 10 115030 4711 48%
c i  0.18 24 31 2 128 1874 1083 57% 10 115030 4710 48%
c 
c  seconds  reductions  redundant   irredundant
c         MB    restarts       trail       variables
c          level   conflicts       glue         remaining
c 
c i  0.18 24 31 2 128 1875 1083 57% 10 115030 4708 48%
c i  0.18 24 31 2 128 1878 1082 57% 10 115030 4707 48%
c i  0.18 24 31 2 128 1879 1082 57% 10 115030 4706 48%
c i  0.18 24 31 2 128 1880 1082 57% 10 115030 4705 48%
c i  0.18 24 31 2 128 1882 1082 57% 10 115030 3987 40%
c ]  0.18 24 31 2 128 1886 1083 57% 10 115030 3305 33%
c 0  0.18 24 31 2 128 1886 1083 57% 10 115030 3305 33%
c 
c --- [ closing proof ] ------------------------------------------------------
c 
c DRAT proof file '/tmp/conway99-seven-profile-rank5_119_profile_0004-YnYShH/proof.drat' closed
c DRAT 10069 added clauses 14.83%
c DRAT 57842 deleted clauses 85.17%
c DRAT 1887612 bytes (1.80 MB)
c 
c --- [ result ] -------------------------------------------------------------
c 
s UNSATISFIABLE
c 
c --- [ run-time profiling ] -------------------------------------------------
c 
c process time taken by individual solving procedures
c (percentage relative to process time for solving)
c 
c         0.11   99.28% search
c         0.07   62.01% parse
c         0.06   55.51% unstable
c         0.05   42.47% stable
c         0.00    1.27% lucky
c         0.00    0.00% simplify
c   =================================
c         0.11   61.47% solve
c 
c last line shows process time for solving
c (percentage relative to total process time)
c 
c --- [ statistics ] ---------------------------------------------------------
c 
c chronological:               843        44.70 %  of conflicts
c conflicts:                  1886     16633.89    per second
c decisions:                  7667     67620.37    per second
c fixed:                      6567        66.52 %  of all variables
c learned:                    1700        90.14 %  per conflict
c learned_lits:             125518       100.00 %  learned literals
c minimized:                     0         0.00 %  learned literals
c shrunken:                  58511        46.62 %  learned literals
c minishrunken:              16380        13.05 %  learned literals
c otfs:                         12         0.64 %  of conflict
c propagations:            1119677         9.88 M  per second
c reduced:                      26         1.38 %  per conflict
c rephased:                      1      1886.00    interval
c restarts:                    128        14.73    interval
c stabilizing:                   1        46.66 %  of conflicts
c subsumed:                    293         0.24 %  of all clauses
c strengthened:                 11         0.01 %  of all clauses
c trail reuses:                  0         0.00 %  of incremental calls
c 
c seconds are measured in process time for solving
c 
c --- [ resources ] ----------------------------------------------------------
c 
c total process time since initialization:         0.18    seconds
c total real time since initialization:            0.94    seconds
c maximum resident set size of process:           24.02    MB
c 
c --- [ shutting down ] ------------------------------------------------------
c 
c exit 20
