c --- [ banner ] -------------------------------------------------------------
c 
c CaDiCaL SAT Solver
c Copyright (c) 2016-2023 A. Biere, M. Fleury, N. Froleyks, K. Fazekas, F. Pollitt
c 
c Version 1.9.5 146207318796f094dcded87349a64f0c6927309e
c g++ (Ubuntu 13.3.0-6ubuntu2~24.04.1) 13.3.0 -Wall -Wextra -O3 -DNDEBUG
c Wed Sep 30 06:02:32 JST 2026 Linux ikutoPC 6.6.87.2-microsoft-standard-WSL2 x86_64
c 
c --- [ limit ] --------------------------------------------------------------
c 
c setting conflict limit to 1000000 conflicts (due to '1000000')
c 
c --- [ proof tracing ] ------------------------------------------------------
c 
c opening file to write '/tmp/conway99-seven-profile-rank5_144_profile_0073-rL8gde/proof.drat'
c writing non-binary proof trace to '/tmp/conway99-seven-profile-rank5_144_profile_0073-rL8gde/proof.drat'
c 
c --- [ parsing input ] ------------------------------------------------------
c 
c reading DIMACS file from '/mnt/c/Users/ikuto/projects/conway-99-graph/acceleration/results/20260930_hadamard_seven_remaining_cnfs/run01/rank5_144_profile_0073/instance.cnf'
c opening file to read '/mnt/c/Users/ikuto/projects/conway-99-graph/acceleration/results/20260930_hadamard_seven_remaining_cnfs/run01/rank5_144_profile_0073/instance.cnf'
c found 'p cnf 9872 170454' header
c parsed 170454 clauses in 0.07 seconds process time
c 
c --- [ options ] ------------------------------------------------------------
c 
c   --binary=false                 (different from default 'true')
c 
c --- [ solving ] ------------------------------------------------------------
c 
c time measured in process time since initialization
c 
c  seconds  reductions  redundant  irredundant
c         MB    restarts       trail      variables
c          level   conflicts       glue        remaining
c 
c *  0.07 18  0 0   0    0    0  0% 0 120550 6945 70%
c {  0.07 18  0 0   0    0    0  0% 0 120550 6945 70%
c i  0.08 19 35 0   7  196  160 53% 6 120550 6943 70%
c i  0.08 19 31 0   7  217  169 53% 6 120550 6942 70%
c i  0.08 19 30 0   7  228  176 53% 6 120550 6941 70%
c -  0.09 19 26 1   9  300  120 52% 6 120287 6941 70%
c i  0.10 19 21 1  13  475  217 54% 6 120287 6940 70%
c i  0.11 19 20 1  16  804  493 53% 5 120287 6939 70%
c i  0.12 19 20 1  23  874  554 53% 5 120287 6938 70%
c -  0.13 25 21 2  34  948  455 53% 5 120148 6938 70%
c i  0.13 25 20 2  35  982  478 54% 5 120148 6937 70%
c }  0.13 25 20 2  36 1001  497 53% 5 120148 6937 70%
c [  0.13 25  0 2  36 1001  497  0% 0 120148 6937 70%
c O  0.13 25  4 2  36 1002  498 73% 1 120148 6937 70%
c i  0.15 25 16 2  36 1268  677 62% 8 120148 6935 70%
c i  0.16 25 22 2  36 1568  939 59% 10 120148 6910 70%
c i  0.18 25 19 2  36 1861 1186 57% 9 120148 6007 61%
c i  0.18 25 19 2  36 1862 1186 57% 9 120148 6006 61%
c i  0.18 25 19 2  36 1863 1186 57% 9 120148 6005 61%
c i  0.18 25 19 2  36 1864 1186 57% 9 120148 5994 61%
c 
c  seconds  reductions  redundant  irredundant
c         MB    restarts       trail      variables
c          level   conflicts       glue        remaining
c 
c ]  0.18 25 19 2  36 1869 1187 57% 9 120148 5175 52%
c 0  0.18 25 19 2  36 1869 1187 57% 9 120148 5175 52%
c 
c --- [ closing proof ] ------------------------------------------------------
c 
c DRAT proof file '/tmp/conway99-seven-profile-rank5_144_profile_0073-rL8gde/proof.drat' closed
c DRAT 7635 added clauses 12.79%
c DRAT 52056 deleted clauses 87.21%
c DRAT 1623926 bytes (1.55 MB)
c 
c --- [ result ] -------------------------------------------------------------
c 
s UNSATISFIABLE
c 
c --- [ run-time profiling ] -------------------------------------------------
c 
c process time taken by individual solving procedures
c (percentage relative to process time for solving)
c 
c         0.11   99.27% search
c         0.07   63.25% parse
c         0.06   54.58% unstable
c         0.05   43.13% stable
c         0.00    1.53% lucky
c         0.00    0.00% simplify
c   =================================
c         0.11   60.98% solve
c 
c last line shows process time for solving
c (percentage relative to total process time)
c 
c --- [ statistics ] ---------------------------------------------------------
c 
c chronological:               859        45.96 %  of conflicts
c conflicts:                  1869     17166.00    per second
c decisions:                  6207     57008.76    per second
c fixed:                      4697        47.58 %  of all variables
c learned:                    1757        94.01 %  per conflict
c learned_lits:             110359       100.00 %  learned literals
c minimized:                     0         0.00 %  learned literals
c shrunken:                  47811        43.32 %  learned literals
c minishrunken:              18582        16.84 %  learned literals
c otfs:                         23         1.23 %  of conflict
c propagations:            1100897        10.11 M  per second
c reduced:                      10         0.54 %  per conflict
c rephased:                      1      1869.00    interval
c restarts:                     36        51.92    interval
c stabilizing:                   1        46.44 %  of conflicts
c subsumed:                    305         0.25 %  of all clauses
c strengthened:                 21         0.02 %  of all clauses
c trail reuses:                  0         0.00 %  of incremental calls
c 
c seconds are measured in process time for solving
c 
c --- [ resources ] ----------------------------------------------------------
c 
c total process time since initialization:         0.18    seconds
c total real time since initialization:            0.87    seconds
c maximum resident set size of process:           24.52    MB
c 
c --- [ shutting down ] ------------------------------------------------------
c 
c exit 20
