c --- [ banner ] -------------------------------------------------------------
c 
c CaDiCaL SAT Solver
c Copyright (c) 2016-2023 A. Biere, M. Fleury, N. Froleyks, K. Fazekas, F. Pollitt
c 
c Version 1.9.5 146207318796f094dcded87349a64f0c6927309e
c g++ (Ubuntu 13.3.0-6ubuntu2~24.04.1) 13.3.0 -Wall -Wextra -O3 -DNDEBUG
c Wed Sep 30 06:02:32 JST 2026 Linux ikutoPC 6.6.87.2-microsoft-standard-WSL2 x86_64
c 
c --- [ limit ] --------------------------------------------------------------
c 
c setting conflict limit to 1000000 conflicts (due to '1000000')
c 
c --- [ proof tracing ] ------------------------------------------------------
c 
c opening file to write '/tmp/conway99-seven-profile-rank5_13_profile_0005-OKRR1p/proof.drat'
c writing non-binary proof trace to '/tmp/conway99-seven-profile-rank5_13_profile_0005-OKRR1p/proof.drat'
c 
c --- [ parsing input ] ------------------------------------------------------
c 
c reading DIMACS file from '/mnt/c/Users/ikuto/projects/conway-99-graph/acceleration/results/20260930_hadamard_seven_remaining_cnfs/run01/rank5_13_profile_0005/instance.cnf'
c opening file to read '/mnt/c/Users/ikuto/projects/conway-99-graph/acceleration/results/20260930_hadamard_seven_remaining_cnfs/run01/rank5_13_profile_0005/instance.cnf'
c found 'p cnf 9880 170650' header
c parsed 170650 clauses in 0.06 seconds process time
c 
c --- [ options ] ------------------------------------------------------------
c 
c   --binary=false                 (different from default 'true')
c 
c --- [ solving ] ------------------------------------------------------------
c 
c time measured in process time since initialization
c 
c  seconds  reductions  redundant  irredundant
c         MB    restarts       trail      variables
c          level   conflicts       glue        remaining
c 
c *  0.06 17  0 0   0    0    0  0% 0 120722 6954 70%
c {  0.07 18  0 0   0    0    0  0% 0 120722 6954 70%
c i  0.07 18 27 0   1   31   24 48% 3 120722 6901 70%
c i  0.07 18 18 0   6   84   54 47% 4 120722 6889 70%
c i  0.08 19 15 0  10  217  136 51% 4 120722 6888 70%
c i  0.08 19 14 0  17  286  179 51% 5 120722 6887 70%
c i  0.08 19 14 0  17  299  182 50% 5 120722 6886 70%
c -  0.08 19 14 1  17  302   96 50% 5 117588 6886 70%
c i  0.08 19 14 1  24  357  125 50% 5 117588 6884 70%
c i  0.08 19 14 1  24  358  125 50% 5 117588 6883 70%
c i  0.08 19 14 1  25  359  125 50% 5 117588 6882 70%
c i  0.08 19 14 1  25  360  125 50% 5 117588 6879 70%
c i  0.09 19 15 1  36  487  216 52% 5 117588 6877 70%
c i  0.09 19 15 1  39  502  227 52% 5 117588 6875 70%
c i  0.10 19 15 1  47  638  326 52% 5 117588 6874 70%
c i  0.10 19 15 1  47  645  332 52% 5 117588 6873 70%
c i  0.10 19 15 1  47  647  333 52% 5 117588 6872 70%
c i  0.10 19 15 1  47  648  333 52% 5 117588 6869 70%
c i  0.10 19 15 1  47  696  368 52% 5 117588 6868 70%
c i  0.10 19 16 1  53  769  422 51% 5 117588 6867 70%
c 
c  seconds  reductions  redundant  irredundant
c         MB    restarts       trail      variables
c          level   conflicts       glue        remaining
c 
c i  0.10 19 16 1  56  786  429 51% 5 117588 6866 69%
c i  0.10 19 16 1  56  788  430 51% 5 117588 6865 69%
c i  0.10 19 16 1  56  797  434 51% 5 117588 6864 69%
c i  0.10 19 16 1  56  803  438 51% 5 117588 6863 69%
c i  0.10 19 16 1  56  808  442 51% 5 117588 6858 69%
c i  0.10 19 16 1  56  846  464 51% 5 117588 6854 69%
c i  0.10 19 16 1  56  853  467 51% 5 117588 5704 58%
c i  0.10 19 16 1  56  858  470 51% 5 117588 5188 53%
c i  0.10 19 16 1  56  859  470 51% 5 117588 5169 52%
c }  0.10 19 16 1  56  862  471 51% 5 117588 4564 46%
c 0  0.10 19 16 1  56  862  471 51% 5 117588 4564 46%
c 
c --- [ closing proof ] ------------------------------------------------------
c 
c DRAT proof file '/tmp/conway99-seven-profile-rank5_13_profile_0005-OKRR1p/proof.drat' closed
c DRAT 7371 added clauses 11.89%
c DRAT 54645 deleted clauses 88.11%
c DRAT 1556330 bytes (1.48 MB)
c 
c --- [ result ] -------------------------------------------------------------
c 
s UNSATISFIABLE
c 
c --- [ run-time profiling ] -------------------------------------------------
c 
c process time taken by individual solving procedures
c (percentage relative to process time for solving)
c 
c         0.06  157.08% parse
c         0.04   98.05% search
c         0.04   95.87% unstable
c         0.00    2.13% lucky
c         0.00    0.00% simplify
c   =================================
c         0.04   38.63% solve
c 
c last line shows process time for solving
c (percentage relative to total process time)
c 
c --- [ statistics ] ---------------------------------------------------------
c 
c chronological:               436        50.58 %  of conflicts
c conflicts:                   862     21306.05    per second
c decisions:                  3116     77018.14    per second
c fixed:                      5316        53.81 %  of all variables
c learned:                     756        87.70 %  per conflict
c learned_lits:              34020       100.00 %  learned literals
c minimized:                     0         0.00 %  learned literals
c shrunken:                  20145        59.22 %  learned literals
c minishrunken:               2361         6.94 %  learned literals
c otfs:                          8         0.93 %  of conflict
c propagations:             426799        10.55 M  per second
c restarts:                     56        15.39    interval
c subsumed:                    169         0.14 %  of all clauses
c strengthened:                  8         0.01 %  of all clauses
c trail reuses:                  0         0.00 %  of incremental calls
c 
c seconds are measured in process time for solving
c 
c --- [ resources ] ----------------------------------------------------------
c 
c total process time since initialization:         0.10    seconds
c total real time since initialization:            0.78    seconds
c maximum resident set size of process:           19.50    MB
c 
c --- [ shutting down ] ------------------------------------------------------
c 
c exit 20
