c --- [ banner ] -------------------------------------------------------------
c 
c CaDiCaL SAT Solver
c Copyright (c) 2016-2023 A. Biere, M. Fleury, N. Froleyks, K. Fazekas, F. Pollitt
c 
c Version 1.9.5 146207318796f094dcded87349a64f0c6927309e
c g++ (Ubuntu 13.3.0-6ubuntu2~24.04.1) 13.3.0 -Wall -Wextra -O3 -DNDEBUG
c Wed Sep 30 06:02:32 JST 2026 Linux ikutoPC 6.6.87.2-microsoft-standard-WSL2 x86_64
c 
c --- [ limit ] --------------------------------------------------------------
c 
c setting conflict limit to 1000000 conflicts (due to '1000000')
c 
c --- [ proof tracing ] ------------------------------------------------------
c 
c opening file to write '/tmp/conway99-strengthened-four-irVyuy/a1_cross.drat'
c writing non-binary proof trace to '/tmp/conway99-strengthened-four-irVyuy/a1_cross.drat'
c 
c --- [ parsing input ] ------------------------------------------------------
c 
c reading DIMACS file from '/mnt/c/Users/ikuto/projects/conway-99-graph/acceleration/results/20260930_four_branch_strengthened_preparation/a1_cross/instance.cnf'
c opening file to read '/mnt/c/Users/ikuto/projects/conway-99-graph/acceleration/results/20260930_four_branch_strengthened_preparation/a1_cross/instance.cnf'
c found 'p cnf 1186500 4141120' header
c parsed 4141120 clauses in 2.15 seconds process time
c 
c --- [ options ] ------------------------------------------------------------
c 
c   --binary=false                 (different from default 'true')
c 
c --- [ solving ] ------------------------------------------------------------
c 
c time measured in process time since initialization
c 
c  seconds   reductions  redundant   irredundant
c          MB    restarts       trail        variables
c           level   conflicts       glue           remaining
c 
c *  2.16 611  0 0   0    0    0  0% 0 4131624 868526 73%
c {  2.20 619  0 0   0    0    0  0% 0 4131624 868526 73%
c i  3.01 654 208 0  28  294  272 35% 8 4131624 868525 73%
c i  3.01 654 207 0  28  295  272 35% 8 4131624 868524 73%
c i  3.01 654 206 0  28  296  272 35% 8 4131624 868523 73%
c i  3.01 654 206 0  29  297  272 35% 8 4131624 868522 73%
c -  3.45 647 205 1  30  300  275 35% 9 3167566 868522 73%
c i  3.94 647 185 1  56  393  365 36% 11 3167566 868521 73%
c i  3.94 647 184 1  56  394  365 36% 11 3167566 868520 73%
c i  4.23 647 172 1  77  463  431 36% 11 3167566 868519 73%
c i  4.34 647 167 1  85  494  461 36% 11 3167566 868518 73%
c i  4.85 647 156 1 117  650  612 36% 12 3167566 868517 73%
c i  4.85 647 156 1 117  651  612 36% 12 3167566 868516 73%
c i  4.93 647 155 1 123  670  629 36% 12 3167566 868515 73%
c i  4.93 647 155 1 123  671  629 36% 12 3167566 868514 73%
c i  4.93 647 155 1 123  672  629 36% 12 3167566 868513 73%
c i  4.93 647 155 1 124  673  629 37% 12 3167566 868512 73%
c i  4.93 647 155 1 124  674  629 37% 12 3167566 868511 73%
c i  5.01 647 151 1 125  733  685 37% 12 3167566 868509 73%
c i  5.21 647 148 1 137  786  733 37% 12 3167566 868507 73%
c 
c  seconds    reductions  redundant    irredundant
c          MB     restarts       trail         variables
c            level   conflicts       glue            remaining
c 
c }  5.93 647 140 1 184 1000  941 37% 13 3167566 868507 73%
c [  5.93 647  0 1 184 1000  941  0% 0 3167566 868507 73%
c O  5.94 647 117 1 184 1004  944 36% 14 3167566 868507 73%
c -  7.40 755 69 2 184 1802 1629 46% 21 3167508 868507 73%
c ]  9.51 755 78 2 185 3000 2779 48% 29 3167508 868507 73%
c {  9.51 755 140 2 185 3000 2779 37% 13 3167508 868507 73%
c F 10.67 732 139 2 186 3008 2787  2% 13 3167508 868507 73%
c i 10.81 732 139 2 192 3035 2813 16% 13 3167508 868506 73%
c i 12.08 732 135 2 267 3366 3123 15% 14 3167508 868504 73%
c i 12.39 732 135 2 280 3454 3209 15% 14 3167508 868503 73%
c i 12.39 732 135 2 281 3456 3210 15% 14 3167508 868502 73%
c i 12.39 732 135 2 281 3457 3210 15% 14 3167508 868501 73%
c i 12.39 732 135 2 281 3458 3210 15% 14 3167508 868500 73%
c i 12.39 732 135 2 281 3459 3210 15% 14 3167508 868499 73%
c i 12.39 732 135 2 281 3460 3210 15% 14 3167508 868493 73%
c i 12.39 732 135 2 281 3461 3210 15% 14 3167508 868492 73%
c i 12.39 732 135 2 281 3462 3210 15% 14 3167508 868491 73%
c i 12.40 732 135 2 281 3463 3210 15% 14 3167508 868490 73%
c i 13.51 732 131 2 350 3857 3591 15% 15 3167508 868489 73%
c i 13.62 732 132 2 352 3924 3655 15% 15 3167508 868488 73%
c 
c  seconds    reductions  redundant    irredundant
c          MB     restarts       trail         variables
c            level   conflicts       glue            remaining
c 
c i 13.62 732 132 2 352 3925 3655 15% 15 3167508 868487 73%
c i 13.62 732 132 2 352 3926 3655 15% 15 3167508 868486 73%
c i 13.62 732 132 2 352 3927 3655 15% 15 3167508 868485 73%
c i 13.62 732 132 2 352 3928 3655 15% 15 3167508 868484 73%
c i 13.68 732 132 2 354 3969 3692 15% 15 3167508 868482 73%
c - 14.35 757 131 3 373 4053 2870 15% 15 3167418 868482 73%
c i 15.48 757 131 3 441 4340 3145 15% 15 3167418 868480 73%
c i 15.51 757 131 3 443 4345 3149 15% 15 3167418 868479 73%
c s 16.61 718 131 3 472 4502 3295 15% 16 3164447 868479 73%
c v 17.61 758 131 3 472 4502 3295 15% 16 3164075 868479 73%
c w 17.76 758 131 3 472 4502 3295 15% 16 3164075 868479 73%
c t 17.86 758 131 3 472 4502 3295 15% 16 3164002 868465 73%
c e 21.61 779 131 3 472 4502   94 15% 16 2717915 413648 35%
c s 22.43 780 131 3 472 4502   89 15% 16 2698849 413648 35%
c e 23.02 780 131 3 472 4502   89 15% 16 2698385 413377 35%
c 2 25.83 780 140 3 550 5001 20713 13% 16 2698360 413377 35%
c p 26.17 780 140 3 550 5001 42066 13% 16 2698360 413377 35%
c # 27.91 805 134 3 684 6009 43015 11% 16 2698360 413377 35%
c } 29.12 805 130 3 798 7000 43965 10% 17 2698360 413377 35%
c [ 29.12 805 78 3 798 7000 43965 66% 29 2698360 413377 35%
c 
c  seconds   reductions  redundant    irredundant
c          MB    restarts       trail         variables
c           level   conflicts       glue            remaining
c 
c - 29.77 792 81 4 798 7055 3330 64% 30 2698360 413377 35%
c I 33.84 733 121 4 800 10011 6173  3% 48 2698360 413377 35%
c - 34.56 733 139 5 801 10701 4732 22% 51 2698360 413377 35%
c ] 38.36 733 160 5 803 15000 8798 23% 65 2698360 413377 35%
c { 38.36 733 130 5 803 15000 8798 21% 17 2698360 413377 35%
c p 39.17 733 130 5 804 15001 23032 21% 17 2698360 413377 35%
c B 39.37 733 130 5 806 15012 23042 21% 17 2698360 413377 35%
c - 39.66 734 130 6 806 15077 5692 21% 17 2698360 413377 35%
c s 40.14 734 130 6 838 15329 5918 20% 17 2697805 413377 35%
c v 41.47 734 130 6 838 15329 5918 20% 17 2697718 413377 35%
c w 41.62 734 130 6 838 15329 5917 20% 17 2697718 413377 35%
c t 41.76 734 130 6 838 15329 5917 20% 17 2697709 413377 35%
c e 42.04 734 130 6 838 15329 5912 20% 17 2697108 412994 35%
c s 42.10 734 130 6 838 15329 5908 20% 17 2696787 412994 35%
c e 42.33 734 130 6 838 15329 5908 20% 17 2696701 412945 35%
c - 47.66 732 124 7 1354 20187 6642 17% 18 2696701 412945 35%
c W 49.00 732 123 7 1435 21014 7422 17% 18 2696701 412945 35%
c - 54.76 732 123 8 1982 26023 8316 17% 18 2696701 412945 35%
c F 56.84 732 123 8 2177 28017 10207 17% 18 2696701 412945 35%
c d 59.15 732 123 8 2378 30001 12068 17% 18 2696678 412940 35%
c 
c  seconds    reductions     redundant    irredundant
c          MB     restarts          trail         variables
c            level     conflicts        glue            remaining
c 
c 3 59.49 732 123 8 2378 30001 12271 17% 18 2696678 412940 35%
c p 60.27 732 123 8 2378 30001 24675 17% 18 2696678 412938 35%
c } 61.41 732 122 8 2462 31000 25628 16% 19 2696678 412938 35%
c [ 61.41 732 160 8 2462 31000 25628 23% 65 2696678 412938 35%
c s 62.00 732 161 8 2462 31574 26081 23% 64 2696362 412938 35%
c v 63.46 732 161 8 2462 31574 26081 23% 64 2696271 412938 35%
c w 63.63 732 161 8 2462 31574 26078 23% 64 2696271 412938 35%
c e 64.28 732 161 8 2462 31574 25305 23% 64 2695922 412706 35%
c s 64.35 732 161 8 2462 31574 25227 23% 64 2695656 412706 35%
c e 64.64 732 161 8 2462 31574 24833 23% 64 2695592 412672 35%
c - 65.72 733 163 9 2462 32588 9795 22% 63 2695592 412672 35%
c B 68.54 733 160 9 2465 36018 13073 23% 60 2695592 412672 35%
c - 72.58 735 168 10 2468 39879 11152 22% 61 2695592 412672 35%
c W 79.16 735 162 10 2469 45020 16005 23% 63 2695592 412672 35%
c - 82.00 736 157 11 2470 47904 12097 24% 61 2695592 412672 35%
c d 83.75 736 154 11 2470 50001 14086 24% 60 2695589 412671 35%
c 2 84.34 736 154 11 2470 50001 14137 24% 60 2695579 412671 35%
c p 84.65 736 154 11 2470 50001 30365 24% 60 2695579 412662 35%
c s 86.98 736 156 11 2470 53238 33449 23% 59 2695467 412662 35%
c v 88.41 736 156 11 2470 53238 33449 23% 59 2695421 412662 35%
c 
c  seconds    reductions      redundant    irredundant
c          MB      restarts          trail         variables
c            level      conflicts        glue            remaining
c 
c w 88.57 736 156 11 2470 53238 33449 23% 59 2695421 412662 35%
c t 88.85 736 156 11 2470 53238 33449 23% 59 2695416 412251 35%
c e 89.15 736 156 11 2470 53238 33257 23% 59 2692143 411652 35%
c s 89.21 736 156 11 2470 53238 33211 23% 59 2691716 411652 35%
c e 89.45 736 156 11 2470 53238 33209 23% 59 2691712 411641 35%
c O 91.11 736 156 11 2471 55023 34939 23% 58 2691712 411641 35%
c - 92.82 735 151 12 2473 56656 13069 23% 57 2691712 411641 35%
c ] 97.87 735 140 12 2477 63002 19135 24% 55 2691712 411641 35%
c { 97.87 735 122 12 2477 63002 19135 16% 19 2691712 411641 35%
c B 100.87 735 122 12 2767 66024 21989 16% 19 2691712 411641 35%
c - 101.28 735 122 13 2777 66134 14122 16% 19 2691712 411641 35%
c d 109.79 735 122 13 3636 75006 22476 16% 19 2691672 411633 35%
c p 110.82 735 122 13 3636 75006 45489 16% 19 2691672 411626 35%
c - 112.38 733 121 14 3735 76341 15323 16% 19 2691601 411626 35%
c W 113.55 733 120 14 3764 78025 16848 16% 19 2691601 411626 35%
c s 115.63 733 120 14 3976 80329 18960 16% 19 2691356 411626 35%
c v 117.17 733 120 14 3976 80329 18960 16% 19 2691310 411626 35%
c w 117.35 733 120 14 3976 80329 18959 16% 19 2691310 411626 35%
c t 117.68 733 120 14 3976 80329 18959 16% 19 2691299 411626 35%
c e 117.97 733 120 14 3976 80329 18950 16% 19 2691109 411456 35%
c 
c  seconds     reductions      redundant    irredundant
c           MB      restarts          trail         variables
c             level      conflicts        glue            remaining
c 
c s 118.01 733 120 14 3976 80329 18897 16% 19 2691048 411456 35%
c e 118.25 733 120 14 3976 80329 18897 16% 19 2691044 411454 35%
c - 125.44 733 120 15 4690 87276 17222 16% 19 2691044 411454 35%
c # 129.03 733 121 15 5061 91027 20787 16% 19 2691044 411454 35%
c i 134.92 733 119 15 5621 98038 27303 15% 19 2691044 411453 35%
c - 136.20 734 119 16 5705 98939 19006 15% 19 2691037 411453 35%
c d 142.14 734 120 16 6278 105006 24746 15% 19 2691024 411450 35%
c 3 142.49 734 120 16 6278 105006 24935 15% 19 2691024 411450 35%
c p 143.43 734 120 16 6278 105006 45415 15% 19 2691024 411437 35%
c B 143.61 734 120 16 6278 105028 45435 15% 19 2691024 411437 35%
c - 148.35 734 117 17 6674 111334 20769 15% 19 2690904 411437 35%
c i 148.81 734 117 17 6718 111737 21139 15% 19 2690904 411436 35%
c i 148.81 734 117 17 6718 111738 21139 15% 19 2690904 411434 35%
c i 148.81 734 117 17 6718 111741 21140 15% 19 2690904 411433 35%
c s 150.12 734 117 17 6812 112842 22132 15% 19 2690668 411433 35%
c v 151.83 734 117 17 6812 112842 22132 15% 19 2690638 411433 35%
c w 152.05 734 117 17 6812 112842 22132 15% 19 2690638 411433 35%
c e 152.93 734 117 17 6812 112842 22111 15% 19 2690397 411244 35%
c s 152.96 734 117 17 6812 112842 22071 15% 19 2690347 411244 35%
c e 153.19 734 117 17 6812 112842 22046 15% 19 2690337 411238 35%
c 
c  seconds     reductions       redundant    irredundant
c           MB      restarts           trail         variables
c             level      conflicts         glue            remaining
c 
c i 158.89 734 117 17 7361 119282 28116 15% 20 2690337 411237 35%
c W 160.38 735 117 17 7427 120030 28819 15% 20 2690331 411237 35%
c i 162.36 735 118 17 7634 122137 30797 15% 20 2690331 411236 35%
c - 164.43 734 117 18 7796 124458 22191 15% 20 2690324 411236 35%
c } 166.73 734 117 18 8015 127003 24600 15% 20 2690324 411236 35%
c [ 166.73 734 140 18 8015 127003 24600 24% 55 2690324 411236 35%
c B 173.73 734 139 18 8019 136032 33231 24% 55 2690324 411236 35%
c - 175.88 738 136 19 8021 138307 23908 24% 54 2690324 411236 35%
c d 177.26 738 134 19 8022 140010 25539 24% 54 2690295 411230 35%
c p 178.29 738 134 19 8022 140010 40853 24% 54 2690295 411224 35%
c s 186.82 738 124 19 8023 150779 50564 24% 54 2690168 411224 35%
c v 188.53 738 124 19 8023 150779 50564 24% 54 2690111 411224 35%
c w 188.72 738 124 19 8023 150779 50564 24% 54 2690111 411224 35%
c e 189.63 738 124 19 8023 150779 50337 24% 54 2689891 411100 35%
c s 189.67 738 124 19 8023 150779 50225 24% 54 2689814 411100 35%
c e 189.93 738 124 19 8023 150779 50225 24% 54 2689813 411096 35%
c - 192.27 738 123 20 8024 152885 24241 24% 53 2689813 411096 35%
c W 193.00 738 123 20 8024 153034 24388 24% 53 2689813 411096 35%
c - 204.89 738 117 21 8024 168194 25207 23% 50 2689813 411096 35%
c I 207.09 738 116 21 8027 171036 27868 23% 50 2689813 411096 35%
c 
c  seconds     reductions       redundant    irredundant
c           MB      restarts           trail         variables
c             level      conflicts         glue            remaining
c 
c d 213.29 738 129 21 8031 180012 36310 24% 55 2689806 411094 35%
c 2 213.87 738 129 21 8031 180012 36386 24% 55 2689804 411094 35%
c p 214.34 738 129 21 8031 180012 56436 24% 55 2689804 411088 35%
c - 217.99 741 129 22 8034 184233 27005 23% 56 2689751 411088 35%
c B 222.34 741 129 22 8038 190037 32538 24% 56 2689751 411088 35%
c i 224.02 741 134 22 8038 192476 34898 24% 57 2689751 411087 35%
c s 225.25 741 137 22 8039 194139 36479 24% 57 2689623 411087 35%
c v 226.97 741 137 22 8039 194139 36479 24% 57 2689576 411087 35%
c w 227.16 741 137 22 8039 194139 36479 24% 57 2689576 411087 35%
c e 228.04 741 137 22 8039 194139 36446 24% 57 2689400 410937 35%
c s 228.07 741 137 22 8039 194139 36421 24% 57 2689365 410937 35%
c e 228.32 741 137 22 8039 194139 36147 24% 57 2689365 410936 35%
c - 234.27 741 139 23 8039 200998 27675 24% 59 2689365 410936 35%
c W 241.02 741 138 23 8045 210039 36256 24% 58 2689365 410936 35%
c - 246.70 740 137 24 8049 218493 28691 24% 58 2689365 410936 35%
c p 252.53 740 136 24 8053 225012 69803 24% 58 2689365 410934 35%
c O 257.83 740 134 24 8054 231040 75573 24% 57 2689365 410934 35%
c - 263.07 741 129 25 8055 236716 30566 24% 56 2689348 410934 35%
c s 267.91 741 126 25 8055 242925 36431 24% 55 2689274 410934 35%
c v 269.59 741 126 25 8055 242925 36431 24% 55 2689225 410934 35%
c 
c  seconds     reductions       redundant    irredundant
c           MB      restarts           trail         variables
c             level      conflicts         glue            remaining
c 
c w 269.77 741 126 25 8055 242925 36431 24% 55 2689225 410934 35%
c e 270.66 741 126 25 8055 242925 36431 24% 55 2689080 410802 35%
c s 270.69 741 126 25 8055 242925 36419 24% 55 2689069 410802 35%
c e 270.92 741 126 25 8055 242925 36417 24% 55 2689064 410800 35%
c B 277.90 741 125 25 8056 253042 46082 24% 54 2689064 410800 35%
c ] 279.10 741 127 25 8056 255003 47983 24% 54 2689064 410800 35%
c { 279.10 741 117 25 8056 255003 47983 15% 20 2689064 410800 35%
c - 280.14 741 117 26 8125 255668 31429 15% 20 2689064 410800 35%
c 
c caught signal 15 (SIGTERM)
c 
c --- [ result ] -------------------------------------------------------------
c 
c UNKNOWN
c 
c --- [ run-time profiling ] -------------------------------------------------
c 
c process time taken by individual solving procedures
c (percentage relative to process time for solving)
c 
c       237.83   85.19% search
c       140.72   50.41% stable
c        93.58   33.52% unstable
c        41.35   14.81% simplify
c        13.59    4.87% vivify
c         8.22    2.95% elim
c         4.32    1.55% ternary
c         3.52    1.26% probe
c         3.49    1.25% walk
c         2.78    1.00% subsume
c         2.15    0.77% parse
c         0.04    0.02% lucky
c   =================================
c       279.18   99.23% solve
c 
c last line shows process time for solving
c (percentage relative to total process time)
c 
c --- [ statistics ] ---------------------------------------------------------
c 
c chronological:             80639        31.37 %  of conflicts
c conflicts:                257038       920.69    per second
c decisions:               1383034      4953.94    per second
c eliminated:               457176        38.53 %  of all variables
c fixed:                    318499        26.84 %  of all variables
c learned:                  249914        97.23 %  per conflict
c learned_lits:           34243989       100.00 %  learned literals
c minimized:                     0         0.00 %  learned literals
c shrunken:                6500928        18.98 %  learned literals
c minishrunken:            3967266        11.59 %  learned literals
c otfs:                        909         0.35 %  of conflict
c propagations:         2128200930         7.62 M  per second
c reduced:                  206597        80.38 %  per conflict
c rephased:                     22     11683.55    interval
c restarts:                   8229        31.24    interval
c stabilizing:                   4        66.14 %  of conflicts
c substituted:                  25         0.00 %  of all variables
c subsumed:                  33948         0.44 %  of all clauses
c strengthened:               8305         0.11 %  of all clauses
c ternary:                   21193         1.45 %  of resolved
c trail reuses:                  0         0.00 %  of incremental calls
c vivified:                   1709         0.02 %  of all clauses
c walked:                        6     42839.67    interval
c weakened:                1549161         2.42    average size
c 
c seconds are measured in process time for solving
c 
c --- [ resources ] ----------------------------------------------------------
c 
c total process time since initialization:       281.33    seconds
c total real time since initialization:          299.99    seconds
c maximum resident set size of process:          911.45    MB
c 
c raising signal 15 (SIGTERM)
