c --- [ banner ] -------------------------------------------------------------
c 
c CaDiCaL SAT Solver
c Copyright (c) 2016-2023 A. Biere, M. Fleury, N. Froleyks, K. Fazekas, F. Pollitt
c 
c Version 1.9.5 146207318796f094dcded87349a64f0c6927309e
c g++ (Ubuntu 13.3.0-6ubuntu2~24.04.1) 13.3.0 -Wall -Wextra -O3 -DNDEBUG
c Wed Sep 30 06:02:32 JST 2026 Linux ikutoPC 6.6.87.2-microsoft-standard-WSL2 x86_64
c 
c --- [ limit ] --------------------------------------------------------------
c 
c setting conflict limit to 1000000 conflicts (due to '1000000')
c 
c --- [ proof tracing ] ------------------------------------------------------
c 
c opening file to write '/tmp/conway99-exact-eight-0380-USe16X/proof.drat'
c writing non-binary proof trace to '/tmp/conway99-exact-eight-0380-USe16X/proof.drat'
c 
c --- [ parsing input ] ------------------------------------------------------
c 
c reading DIMACS file from '/mnt/c/Users/ikuto/projects/conway-99-graph/acceleration/results/20260930_exact_eight_sizeclass16_cnfs/case_0380/instance.cnf'
c opening file to read '/mnt/c/Users/ikuto/projects/conway-99-graph/acceleration/results/20260930_exact_eight_sizeclass16_cnfs/case_0380/instance.cnf'
c found 'p cnf 9336 157322' header
c parsed 157322 clauses in 0.07 seconds process time
c 
c --- [ options ] ------------------------------------------------------------
c 
c   --binary=false                 (different from default 'true')
c 
c --- [ solving ] ------------------------------------------------------------
c 
c time measured in process time since initialization
c 
c  seconds  reductions  redundant  irredundant
c         MB    restarts       trail      variables
c          level   conflicts       glue        remaining
c 
c *  0.07 16  0 0   0    0    0  0% 0 106659 6273 67%
c {  0.07 17  0 0   0    0    0  0% 0 106659 6273 67%
c i  0.07 17  1 0   0    3    1 39% 0 106659 6270 67%
c i  0.07 17  1 0   0    4    1 37% 0 106659 6237 67%
c i  0.07 17  3 0   0   14    7 47% 2 106659 6193 66%
c i  0.07 17  3 0   0   15    7 47% 1 106659 6192 66%
c i  0.07 17  4 0   0   19   10 49% 1 106659 6191 66%
c i  0.07 17  7 0   7   77   45 55% 3 106659 6137 66%
c i  0.07 17  7 0   7   79   46 55% 3 106659 6091 65%
c i  0.08 17  7 0   7   80   46 55% 3 106659 6090 65%
c i  0.08 17  7 0   7   81   46 55% 3 106659 6084 65%
c i  0.08 17  7 0   7   92   52 55% 2 106659 5977 64%
c i  0.08 17  8 0   7   99   57 55% 3 106659 5917 63%
c i  0.08 17  8 0  14  127   80 55% 3 106659 5916 63%
c i  0.08 17  9 0  14  140   87 55% 3 106659 5915 63%
c i  0.08 17 12 0  17  173  114 54% 4 106659 5914 63%
c i  0.08 17 11 0  20  187  122 54% 4 106659 5913 63%
c i  0.08 17 11 0  22  195  125 54% 4 106659 5912 63%
c i  0.08 17 11 0  24  205  129 53% 4 106659 5911 63%
c i  0.08 17 11 0  26  212  135 53% 4 106659 5910 63%
c 
c  seconds  reductions  redundant  irredundant
c         MB    restarts       trail      variables
c          level   conflicts       glue        remaining
c 
c i  0.08 17 11 0  27  215  137 53% 4 106659 5909 63%
c }  0.08 17 11 0  27  222  140 53% 3 106659 5261 56%
c 0  0.08 17 11 0  27  222  140 53% 3 106659 5261 56%
c 
c --- [ closing proof ] ------------------------------------------------------
c 
c DRAT proof file '/tmp/conway99-exact-eight-0380-USe16X/proof.drat' closed
c DRAT 4956 added clauses 8.79%
c DRAT 51403 deleted clauses 91.21%
c DRAT 1295169 bytes (1.24 MB)
c 
c --- [ result ] -------------------------------------------------------------
c 
s UNSATISFIABLE
c 
c --- [ run-time profiling ] -------------------------------------------------
c 
c process time taken by individual solving procedures
c (percentage relative to process time for solving)
c 
c         0.07  548.49% parse
c         0.01   93.70% search
c         0.01   87.79% unstable
c         0.00    5.75% lucky
c         0.00    0.00% simplify
c   =================================
c         0.01   15.29% solve
c 
c last line shows process time for solving
c (percentage relative to total process time)
c 
c --- [ statistics ] ---------------------------------------------------------
c 
c chronological:               105        47.30 %  of conflicts
c conflicts:                   222     17539.70    per second
c decisions:                   716     56569.49    per second
c fixed:                      4075        43.65 %  of all variables
c learned:                     200        90.09 %  per conflict
c learned_lits:               6823       100.00 %  learned literals
c minimized:                     0         0.00 %  learned literals
c shrunken:                   4481        65.67 %  learned literals
c minishrunken:                 91         1.33 %  learned literals
c otfs:                         10         4.50 %  of conflict
c propagations:             146885        11.61 M  per second
c restarts:                     27         8.22    interval
c subsumed:                     37         0.03 %  of all clauses
c strengthened:                 10         0.01 %  of all clauses
c trail reuses:                  0         0.00 %  of incremental calls
c 
c seconds are measured in process time for solving
c 
c --- [ resources ] ----------------------------------------------------------
c 
c total process time since initialization:         0.08    seconds
c total real time since initialization:            0.69    seconds
c maximum resident set size of process:           17.48    MB
c 
c --- [ shutting down ] ------------------------------------------------------
c 
c exit 20
