c --- [ banner ] -------------------------------------------------------------
c 
c CaDiCaL SAT Solver
c Copyright (c) 2016-2023 A. Biere, M. Fleury, N. Froleyks, K. Fazekas, F. Pollitt
c 
c Version 1.9.5 146207318796f094dcded87349a64f0c6927309e
c g++ (Ubuntu 13.3.0-6ubuntu2~24.04.1) 13.3.0 -Wall -Wextra -O3 -DNDEBUG
c Wed Sep 30 06:02:32 JST 2026 Linux ikutoPC 6.6.87.2-microsoft-standard-WSL2 x86_64
c 
c --- [ limit ] --------------------------------------------------------------
c 
c setting conflict limit to 1000000 conflicts (due to '1000000')
c 
c --- [ proof tracing ] ------------------------------------------------------
c 
c opening file to write '/tmp/conway99-seven-profile-rank5_126_profile_0003-hUZzSF/proof.drat'
c writing non-binary proof trace to '/tmp/conway99-seven-profile-rank5_126_profile_0003-hUZzSF/proof.drat'
c 
c --- [ parsing input ] ------------------------------------------------------
c 
c reading DIMACS file from '/mnt/c/Users/ikuto/projects/conway-99-graph/acceleration/results/20260930_hadamard_seven_remaining_cnfs/run01/rank5_126_profile_0003/instance.cnf'
c opening file to read '/mnt/c/Users/ikuto/projects/conway-99-graph/acceleration/results/20260930_hadamard_seven_remaining_cnfs/run01/rank5_126_profile_0003/instance.cnf'
c found 'p cnf 9872 170454' header
c parsed 170454 clauses in 0.06 seconds process time
c 
c --- [ options ] ------------------------------------------------------------
c 
c   --binary=false                 (different from default 'true')
c 
c --- [ solving ] ------------------------------------------------------------
c 
c time measured in process time since initialization
c 
c  seconds  reductions  redundant  irredundant
c         MB    restarts       trail      variables
c          level   conflicts       glue        remaining
c 
c *  0.06 17  0 0   0    0    0  0% 0 120522 6945 70%
c {  0.07 18  0 0   0    0    0  0% 0 120522 6945 70%
c i  0.07 18 28 0   4  153  132 51% 4 120522 6944 70%
c i  0.07 18 28 0   4  154  132 51% 4 120522 6943 70%
c i  0.07 19 26 0   5  184  153 52% 4 120522 6942 70%
c i  0.08 19 31 0  11  216  182 52% 5 120522 6893 70%
c i  0.08 19 31 0  12  218  183 52% 5 120522 6836 69%
c i  0.08 19 30 0  13  222  186 52% 5 120522 6822 69%
c i  0.08 19 30 0  13  225  188 52% 5 120522 6821 69%
c i  0.08 19 30 0  14  227  189 52% 5 120522 6820 69%
c i  0.08 19 29 0  16  238  190 52% 5 120522 6090 62%
c i  0.08 19 29 0  17  239  190 52% 5 120522 6089 62%
c }  0.08 19 28 0  17  244  192 52% 5 120522 6086 62%
c 0  0.08 19 28 0  17  244  192 52% 5 120522 6086 62%
c 
c --- [ closing proof ] ------------------------------------------------------
c 
c DRAT proof file '/tmp/conway99-seven-profile-rank5_126_profile_0003-hUZzSF/proof.drat' closed
c DRAT 4855 added clauses 8.72%
c DRAT 50808 deleted clauses 91.28%
c DRAT 1300292 bytes (1.24 MB)
c 
c --- [ result ] -------------------------------------------------------------
c 
s UNSATISFIABLE
c 
c --- [ run-time profiling ] -------------------------------------------------
c 
c process time taken by individual solving procedures
c (percentage relative to process time for solving)
c 
c         0.06  436.08% parse
c         0.01   94.82% search
c         0.01   88.79% unstable
c         0.00    5.86% lucky
c         0.00    0.00% simplify
c   =================================
c         0.01   18.48% solve
c 
c last line shows process time for solving
c (percentage relative to total process time)
c 
c --- [ statistics ] ---------------------------------------------------------
c 
c chronological:               125        51.23 %  of conflicts
c conflicts:                   244     16665.53    per second
c decisions:                  1403     95826.79    per second
c fixed:                      3786        38.35 %  of all variables
c learned:                     225        92.21 %  per conflict
c learned_lits:              11643       100.00 %  learned literals
c minimized:                     0         0.00 %  learned literals
c shrunken:                   4987        42.83 %  learned literals
c minishrunken:               1211        10.40 %  learned literals
c otfs:                          3         1.23 %  of conflict
c propagations:             167006        11.41 M  per second
c restarts:                     17        14.35    interval
c subsumed:                     20         0.02 %  of all clauses
c strengthened:                  3         0.00 %  of all clauses
c trail reuses:                  0         0.00 %  of incremental calls
c 
c seconds are measured in process time for solving
c 
c --- [ resources ] ----------------------------------------------------------
c 
c total process time since initialization:         0.08    seconds
c total real time since initialization:            0.72    seconds
c maximum resident set size of process:           18.74    MB
c 
c --- [ shutting down ] ------------------------------------------------------
c 
c exit 20
