c --- [ banner ] -------------------------------------------------------------
c 
c CaDiCaL SAT Solver
c Copyright (c) 2016-2023 A. Biere, M. Fleury, N. Froleyks, K. Fazekas, F. Pollitt
c 
c Version 1.9.5 146207318796f094dcded87349a64f0c6927309e
c g++ (Ubuntu 13.3.0-6ubuntu2~24.04.1) 13.3.0 -Wall -Wextra -O3 -DNDEBUG
c Wed Sep 30 06:02:32 JST 2026 Linux ikutoPC 6.6.87.2-microsoft-standard-WSL2 x86_64
c 
c --- [ limit ] --------------------------------------------------------------
c 
c setting conflict limit to 1000000 conflicts (due to '1000000')
c 
c --- [ proof tracing ] ------------------------------------------------------
c 
c opening file to write '/tmp/conway99-seven-profile-rank5_121_profile_0004-WnSI5i/proof.drat'
c writing non-binary proof trace to '/tmp/conway99-seven-profile-rank5_121_profile_0004-WnSI5i/proof.drat'
c 
c --- [ parsing input ] ------------------------------------------------------
c 
c reading DIMACS file from '/mnt/c/Users/ikuto/projects/conway-99-graph/acceleration/results/20260930_hadamard_seven_remaining_cnfs/run01/rank5_121_profile_0004/instance.cnf'
c opening file to read '/mnt/c/Users/ikuto/projects/conway-99-graph/acceleration/results/20260930_hadamard_seven_remaining_cnfs/run01/rank5_121_profile_0004/instance.cnf'
c found 'p cnf 9872 170454' header
c parsed 170454 clauses in 0.06 seconds process time
c 
c --- [ options ] ------------------------------------------------------------
c 
c   --binary=false                 (different from default 'true')
c 
c --- [ solving ] ------------------------------------------------------------
c 
c time measured in process time since initialization
c 
c  seconds  reductions  redundant  irredundant
c         MB    restarts       trail      variables
c          level   conflicts       glue        remaining
c 
c *  0.06 18  0 0   0    0    0  0% 0 120522 6945 70%
c {  0.06 18  0 0   0    0    0  0% 0 120522 6945 70%
c i  0.06 18  5 0   0   26   20 39% 1 120522 6929 70%
c i  0.06 18  5 0   0   28   21 40% 1 120522 6928 70%
c i  0.06 18  6 0   2   35   27 40% 2 120522 6927 70%
c i  0.06 18  6 0   3   36   27 40% 2 120522 6926 70%
c i  0.06 18  6 0   4   39   29 40% 2 120522 6925 70%
c i  0.06 18  5 0   4   40   29 40% 2 120522 6924 70%
c i  0.07 18  5 0   4   41   29 40% 2 120522 6923 70%
c i  0.07 18  5 0   5   42   29 40% 2 120522 6922 70%
c i  0.07 18  5 0   6   45   31 40% 2 120522 6921 70%
c i  0.07 18  5 0   6   46   31 40% 2 120522 6920 70%
c i  0.07 18  5 0   9   54   38 40% 3 120522 6919 70%
c i  0.07 19 11 0  32  192  144 51% 4 120522 6883 70%
c -  0.08 19 13 1  47  302  189 53% 5 118044 6883 70%
c i  0.09 19 14 1  56  431  290 54% 5 118044 6882 70%
c i  0.09 19 14 1  61  468  314 54% 5 118044 6881 70%
c i  0.09 19 13 1  61  485  326 54% 5 118044 6880 70%
c i  0.10 19 15 1  80  692  479 55% 5 118044 6879 70%
c i  0.11 19 14 1  86  794  556 54% 5 118044 6876 70%
c 
c  seconds  reductions  redundant  irredundant
c         MB    restarts       trail      variables
c          level   conflicts       glue        remaining
c 
c i  0.11 19 14 1  86  796  557 54% 5 118044 6875 70%
c i  0.11 19 14 1  86  856  605 54% 5 118044 5975 61%
c i  0.11 19 13 1  86  934  656 54% 5 118044 4467 45%
c }  0.11 19 13 1  86  936  656 54% 5 118044 4130 42%
c 0  0.11 19 13 1  86  936  656 54% 5 118044 4130 42%
c 
c --- [ closing proof ] ------------------------------------------------------
c 
c DRAT proof file '/tmp/conway99-seven-profile-rank5_121_profile_0004-WnSI5i/proof.drat' closed
c DRAT 7934 added clauses 12.82%
c DRAT 53945 deleted clauses 87.18%
c DRAT 1537209 bytes (1.47 MB)
c 
c --- [ result ] -------------------------------------------------------------
c 
s UNSATISFIABLE
c 
c --- [ run-time profiling ] -------------------------------------------------
c 
c process time taken by individual solving procedures
c (percentage relative to process time for solving)
c 
c         0.06  116.46% parse
c         0.05   98.56% search
c         0.05   96.21% unstable
c         0.00    2.31% lucky
c         0.00    0.00% simplify
c   =================================
c         0.05   45.88% solve
c 
c last line shows process time for solving
c (percentage relative to total process time)
c 
c --- [ statistics ] ---------------------------------------------------------
c 
c chronological:               398        42.52 %  of conflicts
c conflicts:                   936     17856.46    per second
c decisions:                  2961     56488.23    per second
c fixed:                      5742        58.16 %  of all variables
c learned:                     846        90.38 %  per conflict
c learned_lits:              45872       100.00 %  learned literals
c minimized:                     0         0.00 %  learned literals
c shrunken:                  27416        59.77 %  learned literals
c minishrunken:               3135         6.83 %  learned literals
c otfs:                          4         0.43 %  of conflict
c propagations:             583474        11.13 M  per second
c restarts:                     86        10.88    interval
c subsumed:                    144         0.12 %  of all clauses
c strengthened:                  4         0.00 %  of all clauses
c trail reuses:                  0         0.00 %  of incremental calls
c 
c seconds are measured in process time for solving
c 
c --- [ resources ] ----------------------------------------------------------
c 
c total process time since initialization:         0.11    seconds
c total real time since initialization:            0.76    seconds
c maximum resident set size of process:           19.99    MB
c 
c --- [ shutting down ] ------------------------------------------------------
c 
c exit 20
